06-28 18:56:26.908  1114  1114 D SecurityProfileDB:             "apk_digest": {
06-28 18:56:26.908  1114  1114 D SecurityProfileDB:                 "digest_algorithm": "SHA-256",
06-28 18:56:26.908  1114  1114 D SecurityProfileDB:                 "digest": "AyxPO+T8EMGK\/g8wVSPiiO2znTSj\/u2HjrUHL94IaQI=",
06-28 18:56:26.908  1114  1114 D SecurityProfileDB:                 "signature_scheme": "v2"
06-28 18:56:26.908  1114  1114 D SecurityProfileDB:             },
06-28 18:56:26.908  1114  1114 D SecurityProfileDB:             "rules": [],
06-28 18:56:26.908  1114  1114 D SecurityProfileDB:             "labels": [
06-28 18:56:26.908  1114  1114 D SecurityProfileDB:                 "NORMAL"
06-28 18:56:26.908  1114  1114 D SecurityProfileDB:             ]
06-28 18:56:26.908  1114  1114 D SecurityProfileDB:         },
06-28 18:56:26.908  1114  1114 D SecurityProfileDB:         "com.taobao.taobao": {
06-28 18:56:26.908  1114  1114 D SecurityProfileDB:             "policy_version": 3,
06-28 18:56:26.908  1114  1114 D SecurityProfileDB:             "apk_digest": {
06-28 18:56:26.908  1114  1114 D SecurityProfileDB:                 "digest_algorithm": "SHA-256",
06-28 18:56:26.908  1114  1114 D SecurityProfileDB:                 "digest": "Yc7yPxAixudfqvGFqS0oj7SvZRpuvuvMlU44navCvW8=",
06-28 18:56:26.908  1114  1114 D SecurityProfileDB:                 "signature_scheme": "v2"
06-28 18:56:26.908  1114  1114 D SecurityProfileDB:             },
06-28 18:56:26.908  1114  1114 D SecurityProfileDB:             "rules": [],
06-28 18:56:26.908  1114  1114 D SecurityProfileDB:             "labels": [
06-28 18:56:26.908  1114  1114 D SecurityProfileDB:                 "NORMAL"
06-28 18:56:26.908  1114  1114 D SecurityProfileDB:             ]
06-28 18:56:26.908  1114  1114 D SecurityProfileDB:         },
06-28 18:56:26.908  1114  1114 D SecurityProfileDB:         "com.microsoft.translator": {
06-28 18:56:26.908  1114  1114 D SecurityProfileDB:             "policy_version": 3,
06-28 18:56:26.908  1114  1114 D SecurityProfileDB:             "apk_digest": {
06-28 18:56:26.908  1114  1114 D SecurityProfileDB:                 "digest_algorithm": "SHA-256",
06-28 18:56:26.908  1114  1114 D SecurityProfileDB:                 "digest": "h7kdJ8VdY8vQT9aOfNo\/9PNwLECu4pmbofPgVoqUMM0=",
06-28 18:56:26.908  1114  1114 D SecurityProfileDB:                 "signature_scheme": "v1_manifest"
06-28 18:56:26.908  1114  1114 D SecurityProfileDB:             },
06-28 18:56:26.908  1114  1114 D SecurityProfileDB:             "rules": [],
06-28 18:56:26.908  1114  1114 D SecurityProfileDB:             "labels": [
06-28 18:56:26.908  1114  1114 D SecurityProfileDB:                 "NORMAL"
06-28 18:56:26.908  1114  1114 D SecurityProfileDB:             ]
06-28 18:56:26.908  1114  1114 D SecurityProfileDB:         },
06-28 18:56:26.908  1114  1114 D SecurityProfileDB:         "com.ss.android.article.news": {
06-28 18:56:26.908  1114  1114 D SecurityProfileDB:             "policy_version": 5,
06-28 18:56:26.908  1114  1114 D SecurityProfileDB:             "apk_digest": {
06-28 18:56:26.908  1114  1114 D SecurityProfileDB:                 "digest_algorithm": "SHA-256",
06-28 18:56:26.908  1114  1114 D SecurityProfileDB:                 "digest": "lUcykKsy6QxUGySDftJZyPcPXJR90W3wbtmKuHFjPGI=",
06-28 18:56:26.908  1114  1114 D SecurityProfileDB:                 "signature_scheme
06-28 18:56:26.941  1114  1817 E PowerManagerService: Exception when search wack lock :java.lang.IllegalArgumentException: Wake lock not active: android.os.BinderProxy@f28773c from uid 10021
06-28 18:56:26.957  1114  1817 E PowerManagerService: Exception when search wack lock :java.lang.IllegalArgumentException: Wake lock not active: android.os.BinderProxy@f28773c from uid 10021
06-28 18:56:26.978  1114  1114 D SecurityProfileUtils: getInstalledApkPath name not found,packageName:com.mixgo.PropertySEO,userId:0
06-28 18:56:26.978  1114  1114 I SecurityProfileService: update PackageSigned Info Action:remove, packageName:com.mixgo.PropertySEO
06-28 18:56:26.979  1114  1114 D SecurityProfileDB: writing: {
06-28 18:56:26.979  1114  1114 D SecurityProfileDB:     "overlay_labels": {},
06-28 18:56:26.979  1114  1114 D SecurityProfileDB:     "domains": {
06-28 18:56:26.979  1114  1114 D SecurityProfileDB:         "com.huawei.smarthome": {
06-28 18:56:26.979  1114  1114 D SecurityProfileDB:             "policy_version": 6,
06-28 18:56:26.979  1114  1114 D SecurityProfileDB:             "apk_digest": {
06-28 18:56:26.979  1114  1114 D SecurityProfileDB:                 "digest_algorithm": "SHA-256",
06-28 18:56:26.979  1114  1114 D SecurityProfileDB:                 "digest": "8kAADpcRny0My5sa9TarBImvXnGs4epGshhmrbOt2Js=",
06-28 18:56:26.979  1114  1114 D SecurityProfileDB:                 "signature_scheme": "v2"
06-28 18:56:26.979  1114  1114 D SecurityProfileDB:             },
06-28 18:56:26.979  1114  1114 D SecurityProfileDB:             "rules": [],
06-28 18:56:26.979  1114  1114 D SecurityProfileDB:             "labels": [
06-28 18:56:26.979  1114  1114 D SecurityProfileDB:                 "NORMAL"
06-28 18:56:26.979  1114  1114 D SecurityProfileDB:             ]
06-28 18:56:26.979  1114  1114 D SecurityProfileDB:         },
06-28 18:56:26.979  1114  1114 D SecurityProfileDB:         "com.ximalaya.ting.android": {
06-28 18:56:26.979  1114  1114 D SecurityProfileDB:             "policy_version": 2,
06-28 18:56:26.979  1114  1114 D SecurityProfileDB:             "apk_digest": {
06-28 18:56:26.979  1114  1114 D SecurityProfileDB:                 "digest_algorithm": "SHA-256",
06-28 18:56:26.979  1114  1114 D SecurityProfileDB:                 "digest": "ltEwA2NUWdvMg5xpCVbO2OYvn5VUqmcGgsUQtvGID08=",
06-28 18:56:26.979  1114  1114 D SecurityProfileDB:                 "signature_scheme": "v2"
06-28 18:56:26.979  1114  1114 D SecurityProfileDB:             },
06-28 18:56:26.979  1114  1114 D SecurityProfileDB:             "rules": [],
06-28 18:56:26.979  1114  1114 D SecurityProfileDB:             "labels": [
06-28 18:56:26.979  1114  1114 D SecurityProfileDB:                 "NORMAL"
06-28 18:56:26.979  1114  1114 D SecurityProfileDB:             ]
06-28 18:56:26.979  1114  1114 D SecurityProfileDB:         },
06-28 18:56:26.979  1114  1114 D SecurityProfileDB:         "com.vmall.client": {
06-28 18:56:26.979  1114  1114 D SecurityProfileDB:             "policy_version": 3,
06-28 18:56:26.979  1114  1114 D SecurityProfileDB:             "apk_digest": {
06-28 18:56:26.979  1114  1114 D SecurityProfileDB:                 "digest_algorithm": "SHA-256",
06-28 18:56:26.979  1114  1114 D SecurityProfileDB:                 "digest": "MjshbEeBIuhNyAmxiJ8bUyQbdfOiMe4LVrdpyfyBLck=",
06-28 18:56:26.979  1114  1114 D SecurityProfileDB:                 "signature_scheme": "v2"
06-28 18:56:26.979  1114  1114 D SecurityProfileDB:             },
06-28 18:56:26.979  1114  1114 D SecurityProfileDB:             "rules": [],
06-28 18:56:26.979  1114  1114 D SecurityProfileDB:             "labels": [
06-28 18:56:26.979  1114  1114 D SecurityProfileDB:                 "NORMAL"
06-28 18:56:26.979  1114  1114 D SecurityProfileDB:             ]
06-28 18:56:26.979  1114  1114 D SecurityProfileDB:         },
06-28 18:56:26.979  1114  1114 D SecurityProfileDB:         "com.sankuai.meituan": {
06-28 18:56:26.979  1114  1114 D SecurityProfileDB:             "policy_version": 3,
06-28 18:56:26.979  1114  1114 D SecurityProfileDB:             "apk_digest": {
06-28 18:56:26.979  1114  1114 D SecurityProfileDB:                 "digest_algorithm": "SHA-256",
06-28 18:56:26.979  1114  1114 D SecurityProfileDB:                 "digest": "DKU1i0LxsGMELL1XP+nvBf2tmfscYNMyOD1Wcn81I\/g=",
06-28 18:56:26.979  1114  1114 D SecurityProfileDB:                 "signature_scheme": "v2"
06-28 18:56:26.979  1114  1114 D SecurityProfileDB:             },
06-28 18:56:26.979  1114  1114 D SecurityProfileDB:             "rules": [],
06-28 18:56:26.979  1114  1114 D SecurityProfileDB:             "labels": [
06-28 18:56:26.979  1114  1114 D SecurityProfileDB:                 "NORMAL"
06-28 18:56:26.979  1114  1114 D SecurityProfileDB:             ]
06-28 18:56:26.979  1114  1114 D SecurityProfileDB:         },
06-28 18:56:26.979  1114  1114 D SecurityProfileDB:         "com.sina.weibo": {
06-28 18:56:26.979  1114  1114 D SecurityProfileDB:             "policy_version": 2,
06-28 18:56:26.979  1114  1114 D SecurityProfileDB:             "apk_digest": {
06-28 18:56:26.979  1114  1114 D SecurityProfileDB:                 "digest_algorithm": "SHA-256",
06-28 18:56:26.979  1114  1114 D SecurityProfileDB:                 "digest": "l944bQfPHpM2fV55AYaYSJEECMdSHqTgLq9mpTzbsdM=",
06-28 18:56:26.979  1114  1114 D SecurityProfileDB:                 "signature_scheme": "v1_manifest"
06-28 18:56:26.979  1114  1114 D SecurityProfileDB:             },
06-28 18:56:26.979  1114  1114 D SecurityProfileDB:             "rules": [],
06-28 18:56:26.979  1114  1114 D SecurityProfileDB:             "labels": [
06-28 18:56:26.979  1114  1114 D SecurityProfileDB:                 "NORMAL"
06-28 18:56:26.979  1114  1114 D SecurityProfileDB:             ]
06-28 18:56:26.979  1114  1114 D SecurityProfileDB:         },
06-28 18:56:26.979  1114  1114 D SecurityProfileDB:         "com.jingdong.app.mall": {
06-28 18:56:26.979  1114  1114 D SecurityProfileDB:             "policy_version": 5,
06-28 18:56:26.979  1114  1114 D SecurityProfileDB:             "apk_digest": {
06-28 18:56:26.979  1114  1114 D SecurityProfileDB:                 "digest_algorithm": "SHA-256",
06-28 18:56:26.979  1114  1114 D SecurityProfileDB:                 "digest": "99vPRWT72SI4wpJtYTyp73R7n8DsnfCYKdJeFo\/XwQ4=",
06-28 18:56:26.979  1114  1114 D SecurityProfileDB:                 "signature_scheme": "v2"
06-28 18:56:26.979  1114  1114 D SecurityProfileDB:             },
06-28 18:56:26.979  1114  1114 D SecurityProfileDB:             "rules": [],
06-28 18:56:26.979  1114  1114 D SecurityProfileDB:             "labels": [
06-28 18:56:26.979  1114  1114 D SecurityProfileDB:                 "NORMAL"
06-28 18:56:26.979  1114  1114 D SecurityProfileDB:             ]
06-28 18:56:26.979  1114  1114 D SecurityProfileDB:         },
06-28 18:56:26.979  1114  1114 D SecurityProfileDB:         "com.huawei.skytone": {
06-28 18:56:26.979  1114  1114 D SecurityProfileDB:             "policy_version": 5,
06-28 18:56:26.979  1114  1114 D SecurityProfileDB:             "apk_digest": {
06-28 18:56:26.979  1114  1114 D SecurityProfileDB:                 "digest_algorithm": "SHA-256",
06-28 18:56:26.979  1114  1114 D SecurityProfileDB:                 "digest": "bQkvtDA621g+R22lmNBqKIBF1uTK9VrNkTR2wBkOVlo=",
06-28 18:56:26.979  1114  1114 D SecurityProfileDB:                 "signature_scheme": "v1_manifest"
06-28 18:56:26.979  1114  1114 D SecurityProfileDB:             },
06-28 18:56:26.979  1114  1114 D SecurityProfileDB:             "rules": [],
06-28 18:56:26.979  1114  1114 D SecurityProfileDB:             "labels": [
06-28 18:56:26.979  1114  1114 D SecurityProfileDB:                 "NORMAL"
06-28 18:56:26.979  1114  1114 D SecurityProfileDB:             ]
06-28 18:56:26.979  1114  1114 D SecurityProfileDB:         },
06-28 18:56:26.979  1114  1114 D SecurityProfileDB:         "com.netease.cloudmusic": {
06-28 18:56:26.979  1114  1114 D SecurityProfileDB:             "policy_version": 2,
06-28 18:56:26.979  1114  1114 D SecurityProfileDB:             "apk_digest": {
06-28 18:56:26.979  1114  1114 D SecurityProfileDB:                 "digest_algorithm": "SHA-256",
06-28 18:56:26.979  1114  1114 D SecurityProfileDB:                 "digest": "AyxPO+T8EMGK\/g8wVSPiiO2znTSj\/u2HjrUHL94IaQI=",
06-28 18:56:26.979  1114  1114 D SecurityProfileDB:                 "signature_scheme": "v2"
06-28 18:56:26.979  1114  1114 D SecurityProfileDB:             },
06-28 18:56:26.979  1114  1114 D SecurityProfileDB:             "rules": [],
06-28 18:56:26.979  1114  1114 D SecurityProfileDB:             "labels": [
06-28 18:56:26.979  1114  1114 D SecurityProfileDB:                 "NORMAL"
06-28 18:56:26.979  1114  1114 D SecurityProfileDB:             ]
06-28 18:56:26.979  1114  1114 D SecurityProfileDB:         },
06-28 18:56:26.979  1114  1114 D SecurityProfileDB:         "com.taobao.taobao": {
06-28 18:56:26.979  1114  1114 D SecurityProfileDB:             "policy_version": 3,
06-28 18:56:26.979  1114  1114 D SecurityProfileDB:             "apk_digest": {
06-28 18:56:26.979  1114  1114 D SecurityProfileDB:                 "digest_algorithm": "SHA-256",
06-28 18:56:26.979  1114  1114 D SecurityProfileDB:                 "digest": "Yc7yPxAixudfqvGFqS0oj7SvZRpuvuvMlU44navCvW8=",
06-28 18:56:26.979  1114  1114 D SecurityProfileDB:                 "signature_scheme": "v2"
06-28 18:56:26.979  1114  1114 D SecurityProfileDB:             },
06-28 18:56:26.979  1114  1114 D SecurityProfileDB:             "rules": [],
06-28 18:56:26.979  1114  1114 D SecurityProfileDB:             "labels": [
06-28 18:56:26.979  1114  1114 D SecurityProfileDB:                 "NORMAL"
06-28 18:56:26.979  1114  1114 D SecurityProfileDB:             ]
06-28 18:56:26.979  1114  1114 D SecurityProfileDB:         },
06-28 18:56:26.979  1114  1114 D SecurityProfileDB:         "com.microsoft.translator": {
06-28 18:56:26.979  1114  1114 D SecurityProfileDB:             "policy_version": 3,
06-28 18:56:26.979  1114  1114 D SecurityProfileDB:             "apk_digest": {
06-28 18:56:26.979  1114  1114 D SecurityProfileDB:                 "digest_algorithm": "SHA-256",
06-28 18:56:26.979  1114  1114 D SecurityProfileDB:                 "digest": "h7kdJ8VdY8vQT9aOfNo\/9PNwLECu4pmbofPgVoqUMM0=",
06-28 18:56:26.979  1114  1114 D SecurityProfileDB:                 "signature_scheme": "v1_manifest"
06-28 18:56:26.979  1114  1114 D SecurityProfileDB:             },
06-28 18:56:26.979  1114  1114 D SecurityProfileDB:             "rules": [],
06-28 18:56:26.979  1114  1114 D SecurityProfileDB:             "labels": [
06-28 18:56:26.979  1114  1114 D SecurityProfileDB:                 "NORMAL"
06-28 18:56:26.979  1114  1114 D SecurityProfileDB:             ]
06-28 18:56:26.979  1114  1114 D SecurityProfileDB:         },
06-28 18:56:26.979  1114  1114 D SecurityProfileDB:         "com.ss.android.article.news": {
06-28 18:56:26.979  1114  1114 D SecurityProfileDB:             "policy_version": 5,
06-28 18:56:26.979  1114  1114 D SecurityProfileDB:             "apk_digest": {
06-28 18:56:26.979  1114  1114 D SecurityProfileDB:                 "digest_algorithm": "SHA-256",
06-28 18:56:26.979  1114  1114 D SecurityProfileDB:                 "digest": "lUcykKsy6QxUGySDftJZyPcPXJR90W3wbtmKuHFjPGI=",
06-28 18:56:26.979  1114  1114 D SecurityProfileDB:                 "signature_scheme
06-28 18:56:26.980  1114  1222 W BroadcastQueue: Background execution not allowed: receiving Intent { act=android.intent.action.PACKAGE_REMOVED dat=package:com.mixgo.PropertySEO flg=0x4000010 (has extras) } to com.huawei.gameassistant/com.gameassistant.gamedata.receiver.RemovePackageIntentReceiver
06-28 18:56:27.044  1114  1114 W Looper  : Slow dispatch took 137ms main h=android.app.ActivityThread$H c=android.app.-$$Lambda$LoadedApk$ReceiverDispatcher$Args$_BumDX2UKsnxLVrE6UJsJZkotuA@1a8439c m=0
06-28 18:56:27.048  1114  1817 V HwNotificationManagerService: Notification db cfg changed
06-28 18:56:27.053  1114  2469 E PowerManagerService: Exception when search wack lock :java.lang.IllegalArgumentException: Wake lock not active: android.os.BinderProxy@f28773c from uid 10021
06-28 18:56:27.063  1114  6299 D PackageManager: resolve intent for uid:10021, matchs:3, res:ResolveInfo{5458691 com.huawei.android.launcher/.unihome.UniHomeLauncher m=0x108000}
06-28 18:56:27.090  1114  1114 D NetdConnector: SND -> {2681 network permission user clear 10405}
06-28 18:56:27.091  1114  1555 D NetdConnector: RCV <- {200 2681 success}
06-28 18:56:27.092  1114  1555 D NetdConnector: RCV <- {200 2681 success}
06-28 18:56:27.095  1114  1114 D WifiService: onReceive, action:android.intent.action.PACKAGE_FULLY_REMOVED
06-28 18:56:27.095  1114  1114 D WifiService: onReceive, action:android.intent.action.PACKAGE_FULLY_REMOVED no handle
06-28 18:56:27.099  1114  1114 V AlarmManager: UninstallReceiver onReceive action:android.intent.action.UID_REMOVED
06-28 18:56:27.106 31253 31253 W ContextImpl: Calling a method in the system process without a qualified user: android.app.ContextImpl.startService:1796 android.content.ContextWrapper.startService:664 android.content.ContextWrapper.startService:664 com.huawei.systemmanager.antivirus.utils.AntiVirusTools.deleteVirusApk:723 com.huawei.systemmanager.antivirus.AntiVirusReceiver.handlerPackageRemoved:55 
06-28 18:56:27.107  1114  1114 I [SPMN]  : insert GLOBAL -- name = zen_mode, package = android, user = 0, value = 0
06-28 18:56:27.130 31253 31311 W ContextImpl: Calling a method in the system process without a qualified user: android.app.ContextImpl.startService:1796 android.content.ContextWrapper.startService:664 com.huawei.systemmanager.spacecleanner.receiver.SpaceCleanReceiver.checkRarelyUsedApp:100 com.huawei.systemmanager.spacecleanner.receiver.SpaceCleanReceiver.doInBackground:46 java.lang.reflect.Method.invoke:-2 
06-28 18:56:27.134  1114  8961 V HwNotificationManagerService: HwCfgLoadingRunnable: Starts 
06-28 18:56:27.146  1114  2129 D HwSecurityService: find this Resident Plugin
06-28 18:56:27.147  1114  6299 W BroadcastQueue: Background execution not allowed: receiving Intent { act=android.intent.action.PACKAGE_REMOVED dat=package:com.mixgo.PropertySEO flg=0x4000010 (has extras) } to com.ss.android.article.video/com.taobao.agoo.AgooCommondReceiver
06-28 18:56:27.147  1114  2200 D HwAddViewManager: handleMessage msg=1
06-28 18:56:27.147  1114  2200 D HwAddViewManager: index:0 remove package:com.mixgo.PropertySEO
06-28 18:56:27.147  1114  2200 I HwAddViewManager: remove done, size 1
06-28 18:56:27.149  1114  1222 W BroadcastQueue: Background execution not allowed: receiving Intent { act=android.intent.action.PACKAGE_REMOVED dat=package:com.mixgo.PropertySEO flg=0x4000010 (has extras) } to com.ss.android.article.video/com.aliyun.AliyunMessageReceiver
06-28 18:56:27.150  1114  1222 W BroadcastQueue: Background execution not allowed: receiving Intent { act=android.intent.action.PACKAGE_REMOVED dat=package:com.mixgo.PropertySEO flg=0x4000010 (has extras) } to com.ss.android.article.video/com.huawei.android.pushagent.PushEventReceiver
06-28 18:56:27.153  1114  1222 W BroadcastQueue: Background execution not allowed: receiving Intent { act=android.intent.action.PACKAGE_REMOVED dat=package:com.mixgo.PropertySEO flg=0x4000010 (has extras) } to com.ss.android.article.video/com.taobao.accs.EventReceiver
06-28 18:56:27.153  1114  1222 W BroadcastQueue: Background execution not allowed: receiving Intent { act=android.intent.action.PACKAGE_REMOVED dat=package:com.mixgo.PropertySEO flg=0x4000010 (has extras) } to com.ss.android.article.video/com.ss.android.message.MessageReceiver
06-28 18:56:27.153  1114  1222 W BroadcastQueue: Background execution not allowed: receiving Intent { act=android.intent.action.PACKAGE_REMOVED dat=package:com.mixgo.PropertySEO flg=0x4000010 (has extras) } to com.ss.android.article.video/com.baidu.android.pushservice.RegistrationReceiver
06-28 18:56:27.160  1114  8961 D RankingHelper: RankingHelper: setSysMgrCfgMap: get default channel cfg size:113
06-28 18:56:27.161  1114  8961 V HwNotificationManagerService: HwCfgLoadingRunnable: get cfg size:180
06-28 18:56:27.177  1114  1222 V BroadcastQueue: Finished with ordered broadcast BroadcastRecord{119c8b9 u0 android.intent.action.PACKAGE_REMOVED}
06-28 18:56:27.178  1114  1222 I ActivityManager: App 10014/com.android.documentsui targets O+, restricted
06-28 18:56:27.184  1114  8961 V HwNotificationManagerService: HwCfgLoadingRunnable: Ends. 
06-28 18:56:27.186  1114  1114 W Looper  : Drained
06-28 18:56:27.186  1114  1217 W ContextImpl: Calling a method in the system process without a qualified user: android.app.ContextImpl.startService:1796 com.android.server.security.trustspace.TrustSpaceManagerService.handlePackageDisappeared:294 com.android.server.security.trustspace.TrustSpaceManagerService.access$800:57 com.android.server.security.trustspace.TrustSpaceManagerService$MyPackageMonitor.onPackageRemoved:169 com.android.internal.content.PackageMonitor.onReceive:370 
06-28 18:56:27.201  1114  2564 D PackageManager: resolve intent for uid:10021, matchs:3, res:ResolveInfo{c462d30 com.huawei.android.launcher/.unihome.UniHomeLauncher m=0x108000}
06-28 18:56:27.206  1114  6779 E PowerManagerService: Exception when search wack lock :java.lang.IllegalArgumentException: Wake lock not active: android.os.BinderProxy@f28773c from uid 10021
06-28 18:56:27.231  1114  6299 V BroadcastQueue: Finished with ordered broadcast BroadcastRecord{c3ad6e2 u0 android.intent.action.PACKAGE_FULLY_REMOVED}
06-28 18:56:27.255  1114  1684 W HwAlarmManagerService: isContainsAppUidInWorksource-->happend NameNotFoundException
06-28 18:56:27.255  1114  1684 W HwAlarmManagerService: isContainsAppUidInWorksource-->happend NameNotFoundException
06-28 18:56:27.301  1114  6779 V BroadcastQueue: Finished with ordered broadcast BroadcastRecord{698ec5c u0 android.intent.action.UID_REMOVED}
06-28 18:56:27.302  1114 13295 D PackageManager: resolve intent for uid:10021, matchs:3, res:ResolveInfo{8404606 com.huawei.android.launcher/.unihome.UniHomeLauncher m=0x108000}
06-28 18:56:27.316  1114  6779 V BroadcastQueue: Finished with ordered broadcast BroadcastRecord{757d4c7 u0 com.google.android.gms.gcm.ACTION_SCHEDULE}
06-28 18:56:27.366  1114 11658 D PackageManager: resolve intent for uid:10021, matchs:3, res:ResolveInfo{c246af4 com.huawei.android.launcher/.unihome.UniHomeLauncher m=0x108000}
06-28 18:56:27.718  1114  2129 W HwAlarmManagerService: isContainsAppUidInWorksource-->happend NameNotFoundException
06-28 18:56:27.719  1114  2129 W HwAlarmManagerService: isContainsAppUidInWorksource-->happend NameNotFoundException
06-28 18:56:27.723  1114  2129 I HwAlarmManagerService: hwSetAlarm listenerTag: *job.delay*
06-28 18:56:27.725  1114  2129 I JobScheduler.Time: mNextDelayExpiredElapsedMillis: 120601543
06-28 18:56:33.295   574   598 W SocketListener: sending broadcast to Pid = 1114, Uid = 1000 
06-28 18:56:33.297  1114  1555 D NetdConnector: RCV <- {660 sourceAddress -1}
06-28 18:56:33.298  1114  1555 D NetdConnector: RCV <- {660 sourceAddress -1}
06-28 18:56:33.299  1114  1240 D NetdConnector: RCV unsolicited event from native daemon, event = 660
06-28 18:56:33.299  1114  1240 D HwNetworkManagementService: onEvent receive DataSpeedSlowDetected
06-28 18:56:42.525  1114  1231 E BatteryExternalStatsWorker: Total Active time +30m8s94ms is longer than sample period +29m59s974ms.
06-28 18:56:42.525  1114  1231 E BatteryExternalStatsWorker: Previous WiFi snapshot: idle=+18d19h52m4s524ms rx=+8s360ms tx=+2h18m8s795ms e=0
06-28 18:56:42.525  1114  1231 E BatteryExternalStatsWorker: Current WiFi snapshot: idle=+18d19h21m56s430ms rx=+24s700ms tx=+2h48m0s549ms e=0
06-28 18:56:42.528  1114  1231 W BatteryExternalStatsWorker: modem info is invalid: ModemActivityInfo{ mTimestamp=0 mSleepTimeMs=0 mIdleTimeMs=0 mTxTimeMs[]=[0, 0, 0, 0, 0] mRxTimeMs=0 mEnergyUsed=0}
06-28 18:56:42.636  1114  2452 V BroadcastQueue: Finished with ordered broadcast BroadcastRecord{f997db7 u0 android.intent.action.DROPBOX_ENTRY_ADDED}
06-28 18:56:44.089  1114  1114 D JobScheduler.Time: Delay-expired alarm fired
06-28 18:56:44.089  1114  1114 I JobScheduler.Time: onControllerStateChanged
06-28 18:56:44.091  1114  1114 W HwAlarmManagerService: isContainsAppUidInWorksource-->happend NameNotFoundException
06-28 18:56:44.091  1114  1114 W HwAlarmManagerService: isContainsAppUidInWorksource-->happend NameNotFoundException
06-28 18:56:44.105  1114  1114 I HwAlarmManagerService: hwSetAlarm listenerTag: *job.delay*
06-28 18:56:44.105  1114  1114 I JobScheduler.Time: mNextDelayExpiredElapsedMillis: 121004694
06-28 18:56:44.106  1114  1114 D JobScheduler: Maybe queuing ready jobs...
06-28 18:56:44.108  1114  2129 V BroadcastQueue: Finished with ordered broadcast BroadcastRecord{ccf42a7 u0 com.google.android.gms.gcm.ACTION_CHECK_QUEUE}
06-28 18:56:44.109  1114  2129 I ActivityManager: App 10007/com.android.providers.contacts targets O+, restricted
06-28 18:56:44.141  1114 13295 V BroadcastQueue: Finished with ordered broadcast BroadcastRecord{60bebf2 u0 com.huawei.intent.action.REPORT_DELETE_CONTACTS_ACTION}
06-28 18:56:44.148  1114  5851 I JobScheduler.Time: onControllerStateChanged
06-28 18:56:44.150  1114  1114 D JobScheduler: queuing all ready jobs for execution:
06-28 18:56:44.176  1114  2129 V BroadcastQueue: Finished with ordered broadcast BroadcastRecord{ae8d53e u0 com.huawei.hwsystemmanager.power.SCHEDULE_RECORD_REMAING_TIME_SCENE}
06-28 18:56:44.185  1114 11658 I AlarmManager: remove alarm:Alarm{519074a type 2 when 184529983 PendingIntent{c2a8b78: PendingIntentRecord{ca83d5c com.android.vending broadcastIntent}}com.android.vending} according to operation:98274b5
06-28 18:56:44.205  1114  5851 W HwAlarmManagerService: isContainsAppUidInWorksource-->happend NameNotFoundException
06-28 18:56:44.205  1114  5851 W HwAlarmManagerService: isContainsAppUidInWorksource-->happend NameNotFoundException
06-28 18:56:44.303  1114  1114 D JobScheduler: queuing all ready jobs for execution:
06-28 18:56:46.526  1114  5851 V BroadcastQueue: Finished with ordered broadcast BroadcastRecord{e0489f0 u0 com.google.android.gms.gcm.ACTION_SCHEDULE}
06-28 18:56:46.564  1114  6779 W HwAlarmManagerService: isContainsAppUidInWorksource-->happend NameNotFoundException
06-28 18:56:46.565  1114  6779 W HwAlarmManagerService: isContainsAppUidInWorksource-->happend NameNotFoundException
06-28 18:56:47.248  1114  1790 W Watchdog: hungtask: writing kick
06-28 18:56:48.206  1114  1114 D JobScheduler: Maybe queuing ready jobs...
06-28 18:56:48.222  1114  1273 D SecurityProfileService: [SEAPP_TimeUsage]verifyPackage begin:1561719408222
06-28 18:56:48.222  1114  1273 D SecurityProfileService: verifyPackage apkPath:/data/app/vmdl2059889695.tmp/base.apk
06-28 18:56:48.223  1114  1273 E SecurityProfileService: Not found Exception No APK Signature Scheme v2 block in APK Signing Block
06-28 18:56:48.223  1114  1273 D SecurityProfileService: [SEAPP_TimeUsage]verifyPackage end:1561719408223, Total usage:1ms
06-28 18:56:48.241  1114  1273 W PackageParser: Ignoring duplicate uses-permissions/uses-permissions-sdk-m: android.permission.ACCESS_FINE_LOCATION in package: com.mixgo.PropertySEO at: Binary XML file line #42
06-28 18:56:48.241  1114  1273 W PackageParser: Ignoring duplicate uses-permissions/uses-permissions-sdk-m: android.permission.RECEIVE_USER_PRESENT in package: com.mixgo.PropertySEO at: Binary XML file line #45
06-28 18:56:48.241  1114  1273 W PackageParser: Ignoring duplicate uses-permissions/uses-permissions-sdk-m: android.permission.INTERNET in package: com.mixgo.PropertySEO at: Binary XML file line #46
06-28 18:56:48.241  1114  1273 W PackageParser: Ignoring duplicate uses-permissions/uses-permissions-sdk-m: android.permission.WAKE_LOCK in package: com.mixgo.PropertySEO at: Binary XML file line #47
06-28 18:56:48.241  1114  1273 W PackageParser: Ignoring duplicate uses-permissions/uses-permissions-sdk-m: android.permission.READ_PHONE_STATE in package: com.mixgo.PropertySEO at: Binary XML file line #48
06-28 18:56:48.241  1114  1273 W PackageParser: Ignoring duplicate uses-permissions/uses-permissions-sdk-m: android.permission.WRITE_EXTERNAL_STORAGE in package: com.mixgo.PropertySEO at: Binary XML file line #49
06-28 18:56:48.241  1114  1273 W PackageParser: Ignoring duplicate uses-permissions/uses-permissions-sdk-m: android.permission.READ_EXTERNAL_STORAGE in package: com.mixgo.PropertySEO at: Binary XML file line #50
06-28 18:56:48.241  1114  1273 W PackageParser: Ignoring duplicate uses-permissions/uses-permissions-sdk-m: android.permission.WRITE_SETTINGS in package: com.mixgo.PropertySEO at: Binary XML file line #51
06-28 18:56:48.241  1114  1273 W PackageParser: Ignoring duplicate uses-permissions/uses-permissions-sdk-m: android.permission.VIBRATE in package: com.mixgo.PropertySEO at: Binary XML file line #52
06-28 18:56:48.241  1114  1273 W PackageParser: Ignoring duplicate uses-permissions/uses-permissions-sdk-m: android.permission.MOUNT_UNMOUNT_FILESYSTEMS in package: com.mixgo.PropertySEO at: Binary XML file line #53
06-28 18:56:48.241  1114  1273 W PackageParser: Ignoring duplicate uses-permissions/uses-permissions-sdk-m: android.permission.ACCESS_NETWORK_STATE in package: com.mixgo.PropertySEO at: Binary XML file line #54
06-28 18:56:48.241  1114  1273 W PackageParser: Ignoring duplicate uses-permissions/uses-permissions-sdk-m: android.permission.SYSTEM_ALERT_WINDOW in package: com.mixgo.PropertySEO at: Binary XML file line #55
06-28 18:56:48.243  1114  1273 W PackageParser: No actions in intent filter at /data/app/vmdl2059889695.tmp/base.apk Binary XML file line #173
06-28 18:56:48.345  1114  1273 D PackageManager: installPackageLI-> install derivePackageAbi case, pkg=Package{22e68c6 com.mixgo.PropertySEO}, primaryCpuAbi=armeabi-v7a
06-28 18:56:48.349  1114  1273 D PackageManager: mFrozenPackages add package:com.mixgo.PropertySEO
06-28 18:56:48.512  1114  1273 D PackageManager: mFrozenPackages remove package:com.mixgo.PropertySEO
06-28 18:56:48.705  1114  1273 I HwPackageManagerService: AntiMalware is closed
06-28 18:56:48.706  1114  1273 V BackupManagerService: restoreAtInstall pkg=com.mixgo.PropertySEO token=1d restoreSet=0
06-28 18:56:48.708  1114  1273 V BackupManagerService: Finishing install immediately
06-28 18:56:48.724  1114  1273 W ContextImpl: Calling a method in the system process without a qualified user: android.app.ContextImpl.sendBroadcast:1208 com.android.server.pm.HwPackageManagerService.parseInstalledPkgInfo:2926 com.android.server.pm.PackageManagerService.parseInstalledPkgInfo:26786 com.android.server.pm.PackageManagerService.access$1000:504 com.android.server.pm.PackageManagerService$PackageHandler.doHandleMessage:1921 
06-28 18:56:48.726  1114  1273 V HwPackageManagerService: POST_INSTALL:  pkgName = com.mixgo.PropertySEO, pkgUri = /data/app/vmdl2059889695.tmp;, pkgInstalledPath = /data/app/vmdl2059889695.tmp, pkgInstallerPackageName = , pkgVerName = 1.05, pkgVerCode = 105, resultCode = 1, pkgUpdate = false, pkgMetaHash = f9a0cf8c266a0cd465c479e29e48ab460267ba132d22d340317738a47fff0888
06-28 18:56:48.791  1114  1217 I PackageManager: writePermissionsSync -> user:0, put true:, Build.FINGERPRINT:HUAWEI/EML-AL00/HWEML:9/HUAWEIEML-AL00/187C00R1:user/release-keys, fingerprint:HUAWEI/EML-AL00/HWEML:9/HUAWEIEML-AL00/187C00R1:user/release-keys
06-28 18:56:48.795  1114  1217 I [SPMN]  : insert SECURE -- name = accessibility_enabled, package = android, user = 0, value = 1
06-28 18:56:48.797  1869  1869 I PreDnsQuery: onReceive: intent = android.intent.action.PACKAGE_ADDED
06-28 18:56:48.803  1114  1559 D NetdConnector: SND -> {2682 firewall set_uid_rule standby 10406 deny}
06-28 18:56:48.821  1114  1555 D NetdConnector: RCV <- {200 2682 Firewall command succeeded}
06-28 18:56:48.822  1114  1555 D NetdConnector: RCV <- {200 2682 Firewall command succeeded}
06-28 18:56:48.829  1114  1114 V NotificationListeners: enabling notification listener for 0: ComponentInfo{com.baidu.searchbox/com.baidu.searchbox.lockscreen.notification.NotificationMonitorService}
06-28 18:56:48.872  1114  2452 I HwNetworkPolicy: onTransact, code = 202
06-28 18:56:48.873  2017  2017 I HwNetworkPolicyManager: removeHwUidPolicy uid = 10406 policy = -1 opPackageName = com.huawei.systemmanager
06-28 18:56:48.876  2017  5151 W ContextImpl: Calling a method in the system process without a qualified user: android.app.ContextImpl.startService:1796 android.content.ContextWrapper.startService:664 com.huawei.systemmanager.spacecleanner.receiver.SpaceCleanReceiver.checkRarelyUsedApp:100 com.huawei.systemmanager.spacecleanner.receiver.SpaceCleanReceiver.doInBackground:46 java.lang.reflect.Method.invoke:-2 
06-28 18:56:48.878  1114  2129 D SecurityProfileService: removeLabel:com.mixgo.PropertySEO
06-28 18:56:48.881  1114  2129 D SecurityProfileDB: writing: {
06-28 18:56:48.881  1114  2129 D SecurityProfileDB:     "overlay_labels": {},
06-28 18:56:48.881  1114  2129 D SecurityProfileDB:     "domains": {
06-28 18:56:48.881  1114  2129 D SecurityProfileDB:         "com.huawei.smarthome": [
06-28 18:56:48.881  1114  2129 D SecurityProfileDB:             {
06-28 18:56:48.881  1114  2129 D SecurityProfileDB:                 "policy_version": 6,
06-28 18:56:48.881  1114  2129 D SecurityProfileDB:                 "apk_digest": {
06-28 18:56:48.881  1114  2129 D SecurityProfileDB:                     "digest_algorithm": "SHA-256",
06-28 18:56:48.881  1114  2129 D SecurityProfileDB:                     "digest": "8kAADpcRny0My5sa9TarBImvXnGs4epGshhmrbOt2Js=",
06-28 18:56:48.881  1114  2129 D SecurityProfileDB:                     "signature_scheme": "v2"
06-28 18:56:48.881  1114  2129 D SecurityProfileDB:                 },
06-28 18:56:48.881  1114  2129 D SecurityProfileDB:                 "rules": [],
06-28 18:56:48.881  1114  2129 D SecurityProfileDB:                 "labels": [
06-28 18:56:48.881  1114  2129 D SecurityProfileDB:                     "NORMAL"
06-28 18:56:48.881  1114  2129 D SecurityProfileDB:                 ]
06-28 18:56:48.881  1114  2129 D SecurityProfileDB:             }
06-28 18:56:48.881  1114  2129 D SecurityProfileDB:         ],
06-28 18:56:48.881  1114  2129 D SecurityProfileDB:         "com.ximalaya.ting.android": [
06-28 18:56:48.881  1114  2129 D SecurityProfileDB:             {
06-28 18:56:48.881  1114  2129 D SecurityProfileDB:                 "policy_version": 2,
06-28 18:56:48.881  1114  2129 D SecurityProfileDB:                 "apk_digest": {
06-28 18:56:48.881  1114  2129 D SecurityProfileDB:                     "digest_algorithm": "SHA-256",
06-28 18:56:48.881  1114  2129 D SecurityProfileDB:                     "digest": "ltEwA2NUWdvMg5xpCVbO2OYvn5VUqmcGgsUQtvGID08=",
06-28 18:56:48.881  1114  2129 D SecurityProfileDB:                     "signature_scheme": "v2"
06-28 18:56:48.881  1114  2129 D SecurityProfileDB:                 },
06-28 18:56:48.881  1114  2129 D SecurityProfileDB:                 "rules": [],
06-28 18:56:48.881  1114  2129 D SecurityProfileDB:                 "labels": [
06-28 18:56:48.881  1114  2129 D SecurityProfileDB:                     "NORMAL"
06-28 18:56:48.881  1114  2129 D SecurityProfileDB:                 ]
06-28 18:56:48.881  1114  2129 D SecurityProfileDB:             }
06-28 18:56:48.881  1114  2129 D SecurityProfileDB:         ],
06-28 18:56:48.881  1114  2129 D SecurityProfileDB:         "com.vmall.client": [
06-28 18:56:48.881  1114  2129 D SecurityProfileDB:             {
06-28 18:56:48.881  1114  2129 D SecurityProfileDB:                 "policy_version": 3,
06-28 18:56:48.881  1114  2129 D SecurityProfileDB:                 "apk_digest": {
06-28 18:56:48.881  1114  2129 D SecurityProfileDB:                     "digest_algorithm": "SHA-256",
06-28 18:56:48.881  1114  2129 D SecurityProfileDB:                     "digest": "MjshbEeBIuhNyAmxiJ8bUyQbdfOiMe4LVrdpyfyBLck=",
06-28 18:56:48.881  1114  2129 D SecurityProfileDB:                     "signature_scheme": "v2"
06-28 18:56:48.881  1114  2129 D SecurityProfileDB:                 },
06-28 18:56:48.881  1114  2129 D SecurityProfileDB:                 "rules": [],
06-28 18:56:48.881  1114  2129 D SecurityProfileDB:                 "labels": [
06-28 18:56:48.881  1114  2129 D SecurityProfileDB:                     "NORMAL"
06-28 18:56:48.881  1114  2129 D SecurityProfileDB:                 ]
06-28 18:56:48.881  1114  2129 D SecurityProfileDB:             }
06-28 18:56:48.881  1114  2129 D SecurityProfileDB:         ],
06-28 18:56:48.881  1114  2129 D SecurityProfileDB:         "com.sankuai.meituan": [
06-28 18:56:48.881  1114  2129 D SecurityProfileDB:             {
06-28 18:56:48.881  1114  2129 D SecurityProfileDB:                 "policy_version": 3,
06-28 18:56:48.881  1114  2129 D SecurityProfileDB:                 "apk_digest": {
06-28 18:56:48.881  1114  2129 D SecurityProfileDB:                     "digest_algorithm": "SHA-256",
06-28 18:56:48.881  1114  2129 D SecurityProfileDB:                     "digest": "DKU1i0LxsGMELL1XP+nvBf2tmfscYNMyOD1Wcn81I\/g=",
06-28 18:56:48.881  1114  2129 D SecurityProfileDB:                     "signature_scheme": "v2"
06-28 18:56:48.881  1114  2129 D SecurityProfileDB:                 },
06-28 18:56:48.881  1114  2129 D SecurityProfileDB:                 "rules": [],
06-28 18:56:48.881  1114  2129 D SecurityProfileDB:                 "labels": [
06-28 18:56:48.881  1114  2129 D SecurityProfileDB:                     "NORMAL"
06-28 18:56:48.881  1114  2129 D SecurityProfileDB:                 ]
06-28 18:56:48.881  1114  2129 D SecurityProfileDB:             }
06-28 18:56:48.881  1114  2129 D SecurityProfileDB:         ],
06-28 18:56:48.881  1114  2129 D SecurityProfileDB:         "com.sina.weibo": [
06-28 18:56:48.881  1114  2129 D SecurityProfileDB:             {
06-28 18:56:48.881  1114  2129 D SecurityProfileDB:                 "policy_version": 2,
06-28 18:56:48.881  1114  2129 D SecurityProfileDB:                 "apk_digest": {
06-28 18:56:48.881  1114  2129 D SecurityProfileDB:                     "digest_algorithm": "SHA-256",
06-28 18:56:48.881  1114  2129 D SecurityProfileDB:                     "digest": "l944bQfPHpM2fV55AYaYSJEECMdSHqTgLq9mpTzbsdM=",
06-28 18:56:48.881  1114  2129 D SecurityProfileDB:                     "signature_scheme": "v1_manifest"
06-28 18:56:48.881  1114  2129 D SecurityProfileDB:                 },
06-28 18:56:48.881  1114  2129 D SecurityProfileDB:                 "rules": [],
06-28 18:56:48.881  1114  2129 D SecurityProfileDB:                 "labels": [
06-28 18:56:48.881  1114  2129 D SecurityProfileDB:                     "NORMAL"
06-28 18:56:48.881  1114  2129 D SecurityProfileDB:                 ]
06-28 18:56:48.881  1114  2129 D SecurityProfileDB:             }
06-28 18:56:48.881  1114  2129 D SecurityProfileDB:         ],
06-28 18:56:48.881  1114  2129 D SecurityProfileDB:         "com.sina.news": [
06-28 18:56:48.881  1114  2129 D SecurityProfileDB:             {
06-28 18:56:48.881  1114  2129 D SecurityProfileDB:                 "policy_version": 8,
06-28 18:56:48.881  1114  2129 D SecurityProfileDB:                 "apk_digest": {
06-28 18:56:48.881  1114  2129 D SecurityProfileDB:                     "digest_algorithm": "SHA-256",
06-28 18:56:48.881  1114  2129 D SecurityProfileDB:                     "digest": "My0BqwfTH8wQzAIOWP3e6su6qpLBI6BtdtIK38yBBxA=",
06-28 18:56:48.881  1114  2129 D SecurityProfileDB:                     "signature_scheme": "v2"
06-28 18:56:48.881  1114  2129 D SecurityProfileDB:                 },
06-28 18:56:48.881  1114  2129 D SecurityProfileDB:                 "rules": [],
06-28 18:56:48.881  1114  2129 D SecurityProfileDB:                 "labels": [
06-28 18:56:48.881  1114  2129 D SecurityProfileDB:                     "NORMAL"
06-28 18:56:48.881  1114  2129 D SecurityProfileDB:                 ]
06-28 18:56:48.881  1114  2129 D SecurityProfileDB:             }
06-28 18:56:48.881  1114  2129 D SecurityProfileDB:         ],
06-28 18:56:48.881  1114  2129 D SecurityProfileDB:         "com.jingdong.app.mall": [
06-28 18:56:48.881  1114  2129 D SecurityProfileDB:             {
06-28 18:56:48.881  1114  2129 D SecurityProfileDB:                 "policy_version": 5,
06-28 18:56:48.881  1114  2129 D SecurityProfileDB:                 "apk_digest": {
06-28 18:56:48.881  1114  2129 D SecurityProfileDB:                     "digest_algorithm": "SHA-256",
06-28 18:56:48.881  1114  2129 D SecurityProfileDB:                     "digest": "99vPRWT72SI4wpJtYTyp73R7n8DsnfCYKdJeFo\/XwQ4=",
06-28 18:56:48.881  1114  2129 D SecurityProfileDB:                     "signature_scheme": "v2"
06-28 18:56:48.881  1114  2129 D SecurityProfileDB:                 },
06-28 18:56:48.881  1114  2129 D SecurityProfileDB:                 "rules": [],
06-28 18:56:48.881  1114  2129 D SecurityProfileDB:                 "labels": [
06-28 18:56:48.881  1114  2129 D SecurityProfileDB:                     "NORMAL"
06-28 18:56:48.881  1114  2129 D SecurityProfileDB:                 ]
06-28 18:56:48.881  1114  2129 D SecurityProfileDB:             }
06-28 18:56:48.881  1114  2129 D SecurityProfileDB:         ],
06-28 18:56:48.881  1114  2129 D SecurityProfileDB:         "com.huawei.skytone": [
06-28 18:56:48.881  1114  2129 D SecurityProfileDB:             {
06-28 18:56:48.881  1114  2129 D SecurityProfileDB:                 "policy_version": 5,
06-28 18:56:48.881  1114  2129 D SecurityProfileDB:                 "apk_digest": {
06-28 18:56:48.881  1114  2129 D SecurityProfileDB:                     "digest_algorithm": "SHA-256",
06-28 18:56:48.881  1114  2129 D SecurityProfileDB:                     "digest": "bQkvtDA621g+R22lmNBqKIBF1uTK9VrNkTR2wBkOVlo=",
06-28 18:56:48.881  1114  2129 D SecurityProfileDB:                     "signature_scheme": "v1_manifest"
06-28 18:56:48.881  1114  2129 D SecurityProfileDB:                 },
06-28 18:56:48.881  1114  2129 D SecurityProfileDB:                 "rules": [],
06-28 18:56:48.881  1114  2129 D SecurityProfileDB:                 "labels": [
06-28 18:56:48.881  1114  2129 D SecurityProfileDB:                     "NORMAL"
06-28 18:56:48.881  1114  2129 D SecurityProfileDB:                 ]
06-28 18:56:48.881  1114  2129 D SecurityProfileDB:             }
06-28 18:56:48.881  1114  2129 D SecurityProfileDB:         ],
06-28 18:56:48.881  1114  2129 D SecurityProfileDB:         "com.netease.cloudmusic": [
06-28 18:56:48.881  1114  2129 D SecurityProfileDB:             {
06-28 18:56:48.881  1114  2129 D SecurityProfileDB:                 "policy_version": 2,
06-28 18:56:48.881  1114  2129 D SecurityProfileDB:                 "apk_digest": {
06-28 18:56:48.881  1114  2129 D SecurityProfileDB:                     "digest_algorithm": "SHA-256",
06-28 18:56:48.881  1114  2129 D SecurityProfileDB:                     "digest": "AyxPO+T8EMGK\/g8wVSPiiO2znTSj\/u2HjrUHL94IaQI=",
06-28 18:56:48.881  1114  2129 D SecurityProfileDB:                     "signature_scheme": "v2"
06-28 18:56:48.881  1114  2129 D SecurityProfileDB:                 },
06-28 18:56:48.881  1114  2129 D SecurityProfileDB:                 "rules": [],
06-28 18:56:48.881  1114  2129 D SecurityProfileDB:                 "labels": [
06-28 18:56:48.881  1114  2129 D SecurityProfileDB:                     "NORMAL"
06-28 18:56:48.881  1114  2129 D SecurityProfileDB:                 ]
06-28 18:56:48.881  1114  2129 D SecurityProfileDB:             }
06-28 18:56:48.881  1114  2129 D SecurityProfileDB:         ],
06-28 18:56:48.881  1114  2129 D SecurityProfileDB:         "com.taobao.taobao": [
06-28 18:56:48.881  1114  2129 D SecurityProfileDB:   
06-28 18:56:48.902  1114  1114 V NotificationListeners: binding: Intent { act=android.service.notification.NotificationListenerService cmp=com.baidu.searchbox/.lockscreen.notification.NotificationMonitorService (has extras) }
06-28 18:56:48.906 13352 13352 W ContextImpl: Calling a method in the system process without a qualified user: android.app.ContextImpl.startService:1796 android.content.ContextWrapper.startService:664 android.content.ContextWrapper.startService:664 com.android.settings.applications.BlackListReceiver.onReceive:41 android.app.ActivityThread.handleReceiver:3856 
06-28 18:56:48.909  1114  1114 W NotificationListeners: Unable to bind notification listener service: Intent { act=android.service.notification.NotificationListenerService cmp=com.baidu.searchbox/.lockscreen.notification.NotificationMonitorService (has extras) }
06-28 18:56:48.910  1114  1114 W NotificationListeners: Not binding notification listener service ComponentInfo{android/com.android.server.emcom.grabservice.NotificationListener}: service not found
06-28 18:56:48.910  1114  1114 W NotificationAssistants: rebindServices() ignore for NotificationAssistantService
06-28 18:56:48.919  1114  1217 W ContextImpl: Calling a method in the system process without a qualified user: android.app.ContextImpl.startService:1796 com.android.server.security.trustspace.TrustSpaceManagerService.handlePackageAppeared:251 com.android.server.security.trustspace.TrustSpaceManagerService.access$700:57 com.android.server.security.trustspace.TrustSpaceManagerService$MyPackageMonitor.onPackageAdded:165 com.android.internal.content.PackageMonitor.onReceive:342 
06-28 18:56:48.919  1114  1114 W Looper  : Slow dispatch took 102ms main h=android.app.ActivityThread$H c=android.app.-$$Lambda$LoadedApk$ReceiverDispatcher$Args$_BumDX2UKsnxLVrE6UJsJZkotuA@1897249 m=0
06-28 18:56:48.939  1114  1217 I UKeyManagerService: app is added. The packageName is : com.mixgo.PropertySEOuid = 10406
06-28 18:56:48.940  1114  1217 D UKeyManagerService: calling in false android.uid.system:1000
06-28 18:56:48.940  1114  1217 I UKeyManagerService: The app is not ukey application, packageName : com.mixgo.PropertySEO
06-28 18:56:48.947  1114 11658 D HwNetworkManagementService: code == CODE_SET_APK_DL_STRATEGY
06-28 18:56:48.947  1114 11658 D HwNetworkManagementService: CODE_SET_APK_DL_STRATEGY, pkgName=[com.baidu.searchbox, com.android.browser], needReset=false
06-28 18:56:48.947  1114 11658 D HwNetworkManagementService: convertPkgNameToUid, pkgName=[com.baidu.searchbox, com.android.browser]
06-28 18:56:48.948  1114 11658 D HwNetworkManagementService: convertPkgNameToUid, pkg=com.baidu.searchbox, uid=10125, under user.id=0
06-28 18:56:48.948  1114 11658 D HwNetworkManagementService: convertPkgNameToUid, pkg=com.android.browser, uid=10104, under user.id=0
06-28 18:56:48.948  1114 11658 D HwNetworkManagementService: CODE_SET_APK_DL_STRATEGY, appUidList=[10125;10104;]
06-28 18:56:48.948  1114 11658 D HwNetworkManagementService: setApkDlFilterRules, appUidList=[10125;10104;], needReset=false
06-28 18:56:48.948  1114 11658 D NetdConnector: SND -> {2683 hwfilter set_apkdl_strategy_rule 10125;10104; not_reset}
06-28 18:56:48.949  1114  1555 D NetdConnector: RCV <- {200 2683 success}
06-28 18:56:48.950  1114  1555 D NetdConnector: RCV <- {200 2683 success}
06-28 18:56:48.974  1114  2129 D SecurityProfileService: updateDomainPolicies,packageList:[com.mixgo.PropertySEO]
06-28 18:56:48.974  1114  2129 D SecurityProfileService: resolveActiveDomainPolicies packageName com.mixgo.PropertySEO
06-28 18:56:48.975  1114  2129 D SecurityProfileUtils: getInstalledApkPath name success,packageName:com.mixgo.PropertySEO,userId:0,ApkPath:/data/app/com.mixgo.PropertySEO-qE0mMOCAcM4aXRrO0NS0tQ==/base.apk
06-28 18:56:48.975  1114  2129 D SecurityProfileService: selected1 policy:{"labels":[]}
06-28 18:56:48.975  1114  2129 D SecurityProfileService: selected2 policy:{"labels":[]}
06-28 18:56:48.976  1114  2129 D SecurityProfileDB: writing: {
06-28 18:56:48.976  1114  2129 D SecurityProfileDB:     "overlay_labels": {},
06-28 18:56:48.976  1114  2129 D SecurityProfileDB:     "domains": {
06-28 18:56:48.976  1114  2129 D SecurityProfileDB:         "com.huawei.smarthome": {
06-28 18:56:48.976  1114  2129 D SecurityProfileDB:             "policy_version": 6,
06-28 18:56:48.976  1114  2129 D SecurityProfileDB:             "apk_digest": {
06-28 18:56:48.976  1114  2129 D SecurityProfileDB:                 "digest_algorithm": "SHA-256",
06-28 18:56:48.976  1114  2129 D SecurityProfileDB:                 "digest": "8kAADpcRny0My5sa9TarBImvXnGs4epGshhmrbOt2Js=",
06-28 18:56:48.976  1114  2129 D SecurityProfileDB:                 "signature_scheme": "v2"
06-28 18:56:48.976  1114  2129 D SecurityProfileDB:             },
06-28 18:56:48.976  1114  2129 D SecurityProfileDB:             "rules": [],
06-28 18:56:48.976  1114  2129 D SecurityProfileDB:             "labels": [
06-28 18:56:48.976  1114  2129 D SecurityProfileDB:                 "NORMAL"
06-28 18:56:48.976  1114  2129 D SecurityProfileDB:             ]
06-28 18:56:48.976  1114  2129 D SecurityProfileDB:         },
06-28 18:56:48.976  1114  2129 D SecurityProfileDB:         "com.ximalaya.ting.android": {
06-28 18:56:48.976  1114  2129 D SecurityProfileDB:             "policy_version": 2,
06-28 18:56:48.976  1114  2129 D SecurityProfileDB:             "apk_digest": {
06-28 18:56:48.976  1114  2129 D SecurityProfileDB:                 "digest_algorithm": "SHA-256",
06-28 18:56:48.976  1114  2129 D SecurityProfileDB:                 "digest": "ltEwA2NUWdvMg5xpCVbO2OYvn5VUqmcGgsUQtvGID08=",
06-28 18:56:48.976  1114  2129 D SecurityProfileDB:                 "signature_scheme": "v2"
06-28 18:56:48.976  1114  2129 D SecurityProfileDB:             },
06-28 18:56:48.976  1114  2129 D SecurityProfileDB:             "rules": [],
06-28 18:56:48.976  1114  2129 D SecurityProfileDB:             "labels": [
06-28 18:56:48.976  1114  2129 D SecurityProfileDB:                 "NORMAL"
06-28 18:56:48.976  1114  2129 D SecurityProfileDB:             ]
06-28 18:56:48.976  1114  2129 D SecurityProfileDB:         },
06-28 18:56:48.976  1114  2129 D SecurityProfileDB:         "com.vmall.client": {
06-28 18:56:48.976  1114  2129 D SecurityProfileDB:             "policy_version": 3,
06-28 18:56:48.976  1114  2129 D SecurityProfileDB:             "apk_digest": {
06-28 18:56:48.976  1114  2129 D SecurityProfileDB:                 "digest_algorithm": "SHA-256",
06-28 18:56:48.976  1114  2129 D SecurityProfileDB:                 "digest": "MjshbEeBIuhNyAmxiJ8bUyQbdfOiMe4LVrdpyfyBLck=",
06-28 18:56:48.976  1114  2129 D SecurityProfileDB:                 "signature_scheme": "v2"
06-28 18:56:48.976  1114  2129 D SecurityProfileDB:             },
