06-28 18:57:04.602  1969  1969 D Telephony-TelecomAccountRegistry: onServiceStateChanged0 newState : 1, mServiceState : 1
06-28 18:57:04.603  1849  1849 E HwLBSService.HwNLPWifiScanManager: updateCurrentcellMcc  cellInfoList is null   
06-28 18:57:04.603  1849  1849 D HwLBSService.HwNLPWifiScanManager: recordingCellChanged nowRTC: 26028657, size :  16
06-28 18:57:04.604  1849  1849 D TelephonyManager: getAllCellInfo calling app is com.huawei.lbs
06-28 18:57:04.606  1969  2813 W PhoneInterfaceManager: shouldBlockLocation running ...
06-28 18:57:04.606  1969  2813 I PhoneInterfaceManager: shouldBlockLocation  ret:false
06-28 18:57:04.607  1849  1906 D HwLBSService.HwNLPWifiScanManager: handlerScanCellChanged 
06-28 18:57:04.607  1849  1906 D HwLBSService.HwNLPSettingsManager:  mSDKMaskOffline :  16
06-28 18:57:04.616  1969  1969 I PhoneGlobals: onReceive,action = android.intent.action.SERVICE_STATE
06-28 18:57:04.616  1969  1969 V PhoneGlobals: handleServiceStateChanged
06-28 18:57:04.617  1969  1969 D PhoneGlobals: handleServiceStateChanged isCsInservice=false
06-28 18:57:04.618  1969  1969 D HwCustPhoneGlobalsImpl: Airplane is false checkCdmaSlaveCardMode roaming mode is false
06-28 18:57:04.619  1969  1969 D HwCustPhoneGlobalsImpl: isNeedToResetNetworkMode  isResetOrNot=4,subId=0
06-28 18:57:04.619  1969  1969 V PhoneGlobals: subId=0,mDefaultDataSubId=0,ss roaming=false
06-28 18:57:04.619  1969  1969 V PhoneGlobals: updateDataRoamingStatus
06-28 18:57:04.624  1969  1969 D HuaweiTelephonyConfigs: fddn EVENT_GET_AD_DONE FDN_PS_CHECK:false ,FDN_PRELOAD_CACHE:true
06-28 18:57:04.625  1969  1969 V PhoneGlobals: dataAllowed=false, reasons=Data disallowed, reasons: RECORD_NOT_LOADED NOT_ATTACHED
06-28 18:57:04.660   650  1522 I chatty  : uid=1000(system) Binder:650_5 expire 5 lines
06-28 18:57:05.273  8833  9302 W QueryController: Could not detect idle state.
06-28 18:57:05.275  8833  9302 W AccessibilityInteractionClient: old interaction Id is: -1,current interaction Id is:18
06-28 18:57:05.282  8833  9302 W AccessibilityInteractionClient: old interaction Id is: -1,current interaction Id is:19
06-28 18:57:05.552   635   635 I GameScheduler: Period: 18181, Loss Average: -1690, Idle Average: 14372
06-28 18:57:05.552   635   635 I GameScheduler: Prefered margin = 1500
06-28 18:57:05.632  1114  1617 I chatty  : uid=1000(system) wifipro_uid_tcp expire 14 lines
06-28 18:57:05.932  1166  1166 I aptouch_daemon: check_afe_status, afe[95 1 X1] [ctrl:X40020 ftr:X100] dif[17 -23] raw[32910 32542] [exp:X0 aN:0 lo:0]
06-28 18:57:06.213   635   635 I AISched FPS: currentfps 60,detected fps 60,flag 0,high 26,low 0,sleepPercent 0.903552,old 8,new 8
06-28 18:57:06.292  8833  9302 W QueryController: Could not detect idle state.
06-28 18:57:06.296  8833  9302 W AccessibilityInteractionClient: old interaction Id is: -1,current interaction Id is:20
06-28 18:57:06.302  8833  9302 W AccessibilityInteractionClient: old interaction Id is: -1,current interaction Id is:21
06-28 18:57:06.403  1900  2108 D HwWifiStatStore: handleMessage : 200
06-28 18:57:06.985   646   646 E WifiHAL : enter wifi_get_link_stats
06-28 18:57:07.039   635   635 I GameScheduler: Period: 18181, Loss Average: -1663, Idle Average: 14666
06-28 18:57:07.039   635   635 I GameScheduler: Prefered margin = 1000
06-28 18:57:07.312  8833  9302 W QueryController: Could not detect idle state.
06-28 18:57:07.316  8833  9302 W AccessibilityInteractionClient: old interaction Id is: -1,current interaction Id is:22
06-28 18:57:07.325  8833  9302 W AccessibilityInteractionClient: old interaction Id is: -1,current interaction Id is:23
06-28 18:57:07.866   635   635 I AISched FPS: currentfps 60,detected fps 60,flag 0,high 28,low 8,sleepPercent 0.909212,old 8,new 8
06-28 18:57:08.229  3116  3178 D LogUtil_LogConfig: getLogFile(): logFilePath = /data/data/com.huawei.health/files/com.huawei.health/com.huawei.health_DaemonService/
06-28 18:57:08.229  3116  3178 D LogUtil_LogConfig: obtainSavePath(): path = 1
06-28 18:57:08.229  3116  3178 D LogUtil_LogConfig: acquireMaxLogFileLengthContainsOffset describe: com.huawei.health:DaemonService result:5242880
06-28 18:57:08.230  3116  3178 D LogUtil_LogConfig: getLogFileRoot(): logFilePath = /data/data/com.huawei.health/files/com.huawei.health/com.huawei.health_DaemonService/
06-28 18:57:08.337  8833  9302 W QueryController: Could not detect idle state.
06-28 18:57:08.341  8833  9302 W AccessibilityInteractionClient: old interaction Id is: -1,current interaction Id is:24
06-28 18:57:08.346  9054  9127 I chatty  : uid=10406(com.mixgo.PropertySEO) expire 611 lines
06-28 18:57:08.346  8833  9302 W AccessibilityInteractionClient: old interaction Id is: -1,current interaction Id is:25
06-28 18:57:08.526   635   635 I GameScheduler: Period: 18181, Loss Average: -1653, Idle Average: 14696
06-28 18:57:08.526   635   635 I GameScheduler: Prefered margin = 500
06-28 18:57:08.692   635   635 I GameScheduler: FPS stat: target-55; actual-60.52
06-28 18:57:08.692   635   635 I GameScheduler: cluster 1 cpu freq stat: 1018-550;
06-28 18:57:08.692   635   635 I GameScheduler: ddr freq stat: 415-550;
06-28 18:57:08.692   635   635 I GameScheduler: boost count stat: 0-549;1-1;
06-28 18:57:09.354  8833  9302 W QueryController: Could not detect idle state.
06-28 18:57:09.356  8833  9302 W AccessibilityInteractionClient: old interaction Id is: -1,current interaction Id is:26
06-28 18:57:09.365  8833  9302 W AccessibilityInteractionClient: old interaction Id is: -1,current interaction Id is:27
06-28 18:57:09.408  1900  2108 D HwWifiStatStore: handleMessage : 200
06-28 18:57:09.519   635   635 I AISched FPS: currentfps 60,detected fps 60,flag 0,high 22,low 8,sleepPercent 0.909388,old 8,new 8
06-28 18:57:09.557  3083  3115 I HiBoard_IntelligentProvider: Provider.call: getIntelligentSwitch
06-28 18:57:09.557  3083  3115 I HiBoard_a: Provider.call isFirst: false
06-28 18:57:09.557  3083  3115 I HiBoard_IntelligentProvider: Provider.call: getPrefBoolean
06-28 18:57:09.557  3083  3115 I HiBoard_a: Provider.call get: true
06-28 18:57:09.562  3083  3115 I HiBoard_IntelligentProvider: Provider.call: getPrefBoolean
06-28 18:57:09.581  1920  2873 D TelephonyManager: getAllCellInfo calling app is com.huawei.msdp
06-28 18:57:09.583  1969  2813 W PhoneInterfaceManager: shouldBlockLocation running ...
06-28 18:57:09.584  1969  2813 I PhoneInterfaceManager: shouldBlockLocation  ret:false
06-28 18:57:09.787   776   776 E Thermal-daemon: [battery] temp_new :39  temp_old :38
06-28 18:57:09.791   776   776 E Thermal-daemon: Report temperature: [battery] temp :39  report_threshold:1
06-28 18:57:09.913   635   635 I AISched Core: set time out 10 second
06-28 18:57:10.013   635   635 I GameScheduler: Period: 18181, Loss Average: -1656, Idle Average: 14673
06-28 18:57:10.014   635   635 I GameScheduler: Prefered margin = 0
06-28 18:57:10.014   646   646 E WifiHAL : enter wifi_get_link_stats
06-28 18:57:10.244  1114  5061 I chatty  : uid=1000(system) mss_handler_thr expire 6 lines
06-28 18:57:10.342  1114  1644 I chatty  : uid=1000(system) StatisticsCHRMs expire 3 lines
06-28 18:57:10.376  8833  9302 W QueryController: Could not detect idle state.
06-28 18:57:10.378  8833  9302 W AccessibilityInteractionClient: old interaction Id is: -1,current interaction Id is:28
06-28 18:57:10.383  8833  9302 W AccessibilityInteractionClient: old interaction Id is: -1,current interaction Id is:29
06-28 18:57:11.172   635   635 I AISched FPS: currentfps 60,detected fps 60,flag 0,high 22,low 4,sleepPercent 0.890005,old 8,new 8
06-28 18:57:11.390  8833  9302 W QueryController: Could not detect idle state.
06-28 18:57:11.392  8833  9302 W AccessibilityInteractionClient: old interaction Id is: -1,current interaction Id is:30
06-28 18:57:11.399  8833  9302 W AccessibilityInteractionClient: old interaction Id is: -1,current interaction Id is:31
06-28 18:57:11.503   635   635 I GameScheduler: Period: 18181, Loss Average: -1635, Idle Average: 14125
06-28 18:57:11.503   635   635 I GameScheduler: Prefered margin = -500
06-28 18:57:12.408  8833  9302 W QueryController: Could not detect idle state.
06-28 18:57:12.410  8833  9302 W AccessibilityInteractionClient: old interaction Id is: -1,current interaction Id is:32
06-28 18:57:12.415  8833  9302 W AccessibilityInteractionClient: old interaction Id is: -1,current interaction Id is:33
06-28 18:57:12.415  1900  2108 D HwWifiStatStore: handleMessage : 200
06-28 18:57:12.714  3093  5482 W Conscrypt: Could not set socket write timeout: java.net.SocketException: Socket closed
06-28 18:57:12.714  3093  5482 W Conscrypt: 	at com.google.android.gms.org.conscrypt.Platform.setSocketWriteTimeout(:com.google.android.gms@14799037@14.7.99 (100400-223214910):2)
06-28 18:57:12.715  3093  5482 W Conscrypt: 	at com.google.android.gms.org.conscrypt.ConscryptFileDescriptorSocket.setSoWriteTimeout(:com.google.android.gms@14799037@14.7.99 (100400-223214910):2)
06-28 18:57:12.725  3093  5482 V NativeCrypto: SSL handshake aborted: ssl=0x729944d188: I/O error during system call, Connection reset by peer
06-28 18:57:12.742  1114  1561 I chatty  : uid=1000(system) WifiService expire 33 lines
06-28 18:57:12.824   635   635 I AISched FPS: currentfps 60,detected fps 60,flag 0,high 28,low 6,sleepPercent 0.873616,old 8,new 8
06-28 18:57:12.989   635   635 I GameScheduler: Period: 18181, Loss Average: -1665, Idle Average: 14031
06-28 18:57:12.989   635   635 I GameScheduler: Prefered margin = -1000
06-28 18:57:13.035   646   646 E WifiHAL : enter wifi_get_link_stats
06-28 18:57:13.046  1114  1562 I chatty  : uid=1000(system) WifiStateMachin expire 22 lines
06-28 18:57:13.422  8833  9302 W QueryController: Could not detect idle state.
06-28 18:57:13.425  8833  9302 W AccessibilityInteractionClient: old interaction Id is: -1,current interaction Id is:34
06-28 18:57:13.432  8833  9302 W AccessibilityInteractionClient: old interaction Id is: -1,current interaction Id is:35
06-28 18:57:13.644  1114  4002 I chatty  : uid=1000(system) MobileQosDetect expire 2 lines
06-28 18:57:14.439  8833  9302 W QueryController: Could not detect idle state.
06-28 18:57:14.442  8833  9302 W AccessibilityInteractionClient: old interaction Id is: -1,current interaction Id is:36
06-28 18:57:14.448  8833  9302 W AccessibilityInteractionClient: old interaction Id is: -1,current interaction Id is:37
06-28 18:57:14.475   635   635 I GameScheduler: Period: 18181, Loss Average: -1669, Idle Average: 14215
06-28 18:57:14.475   635   635 I GameScheduler: Prefered margin = -1500
06-28 18:57:14.476   635   635 I AISched FPS: currentfps 60,detected fps 60,flag 0,high 18,low 4,sleepPercent 0.886944,old 8,new 8
06-28 18:57:14.673   650   929 I chatty  : uid=1000(system) Binder:650_1 expire 4 lines
06-28 18:57:15.421  1900  2108 D HwWifiStatStore: handleMessage : 200
06-28 18:57:15.457  8833  9302 W QueryController: Could not detect idle state.
06-28 18:57:15.459  8833  9302 W AccessibilityInteractionClient: old interaction Id is: -1,current interaction Id is:38
06-28 18:57:15.465  8833  9302 W AccessibilityInteractionClient: old interaction Id is: -1,current interaction Id is:39
06-28 18:57:15.964   635   635 I GameScheduler: Period: 18181, Loss Average: -1641, Idle Average: 13990
06-28 18:57:15.964   635   635 I GameScheduler: Prefered margin = -2000
06-28 18:57:16.056   646   646 E WifiHAL : enter wifi_get_link_stats
06-28 18:57:16.128   635   635 I AISched FPS: currentfps 60,detected fps 60,flag 0,high 20,low 2,sleepPercent 0.874743,old 8,new 8
06-28 18:57:16.471  8833  9302 W QueryController: Could not detect idle state.
06-28 18:57:16.473  8833  9302 W AccessibilityInteractionClient: old interaction Id is: -1,current interaction Id is:40
06-28 18:57:16.480  8833  9302 W AccessibilityInteractionClient: old interaction Id is: -1,current interaction Id is:41
06-28 18:57:16.825   626  1582 I chatty  : uid=1041(audioserver) effect expire 5 lines
06-28 18:57:16.920   648  1284 I chatty  : uid=1041(audioserver) AudioOut_D expire 362 lines
06-28 18:57:17.250  1114  1790 W Watchdog: hungtask: writing kick
06-28 18:57:17.252  1114  1240 I chatty  : uid=1000(system) android.fg expire 1 line
06-28 18:57:17.451   635   635 I GameScheduler: Period: 18181, Loss Average: -1662, Idle Average: 14071
06-28 18:57:17.451   635   635 I GameScheduler: Prefered margin = -2500
06-28 18:57:17.489  8833  9302 W QueryController: Could not detect idle state.
06-28 18:57:17.491  8833  9302 W AccessibilityInteractionClient: old interaction Id is: -1,current interaction Id is:42
06-28 18:57:17.501  8833  9302 W AccessibilityInteractionClient: old interaction Id is: -1,current interaction Id is:43
06-28 18:57:17.781   635   635 I GameScheduler: FPS stat: target-55; actual-60.51
06-28 18:57:17.782   635   635 I GameScheduler: cluster 1 cpu freq stat: 1018-550;
06-28 18:57:17.782   635   635 I GameScheduler: ddr freq stat: 415-550;
06-28 18:57:17.782   635   635 I GameScheduler: boost count stat: 0-550;
06-28 18:57:17.782   635   635 I AISched FPS: currentfps 60,detected fps 60,flag 0,high 30,low 2,sleepPercent 0.878894,old 8,new 8
06-28 18:57:18.427  1900  2108 D HwWifiStatStore: handleMessage : 200
06-28 18:57:18.439  9054  9127 I chatty  : uid=10406(com.mixgo.PropertySEO) expire 247 lines
06-28 18:57:18.507  8833  9302 W QueryController: Could not detect idle state.
06-28 18:57:18.509  8833  9302 W AccessibilityInteractionClient: old interaction Id is: -1,current interaction Id is:44
06-28 18:57:18.515  8833  9302 W AccessibilityInteractionClient: old interaction Id is: -1,current interaction Id is:45
06-28 18:57:18.937   635   635 I GameScheduler: Period: 18181, Loss Average: -1671, Idle Average: 13981
06-28 18:57:18.937   635   635 I GameScheduler: Prefered margin = -3000
06-28 18:57:19.072   646   646 E WifiHAL : enter wifi_get_link_stats
06-28 18:57:19.137  1114  1530 I chatty  : uid=1000(system) AlarmManager expire 2 lines
06-28 18:57:19.143  1114  1114 D JobScheduler.Time: Delay-expired alarm fired
06-28 18:57:19.143  1114  1114 I JobScheduler.Time: onControllerStateChanged
06-28 18:57:19.144  1114  1558 I NetworkStats: Alarm manager triggered
06-28 18:57:19.144  1114  1114 W HwAlarmManagerService: isContainsAppUidInWorksource-->happend NameNotFoundException
06-28 18:57:19.144  1114  1114 W HwAlarmManagerService: isContainsAppUidInWorksource-->happend NameNotFoundException
06-28 18:57:19.147  1114  1558 I NetworkStats: performPollLocked, pid = 1114
06-28 18:57:19.148  3015  3015 I HiAction_XChannel.HeartbeatService: onStartCommand(): 
06-28 18:57:19.151  3015  7892 I HiAction_XChannel.HeartbeatService: onStartCommand: acquireWakeLock
06-28 18:57:19.152  3015  7892 I HiAction_XChannel.HeartbeatService: acquireWakeLock(): 
06-28 18:57:19.155  1114  1114 I HwAlarmManagerService: hwSetAlarm listenerTag: *job.delay*
06-28 18:57:19.155  1114  1114 I JobScheduler.Time: mNextDelayExpiredElapsedMillis: 121004694
06-28 18:57:19.156  1114  1114 D JobScheduler: Maybe queuing ready jobs...
06-28 18:57:19.161  3015  7892 I HiAction_XChannel.HeartbeatService: acquireWakeLock(): succeed
06-28 18:57:19.161  3015  7892 I HiAction_XChannel.XChannelClient: willSendHeartbeat: 
06-28 18:57:19.161  3015  7892 I HiAction_XChannel.XChannelClient-335: setIntoMsgQueue(): 
06-28 18:57:19.163  3015  8569 I HiAction_XChannel.h-335: run(): received heartbeat request message
06-28 18:57:19.163  3015  8569 I HiAction_XChannel.e: sendHeartbeat(): 
06-28 18:57:19.164  3015  8569 I HiAction_XChannel.h-335: handleHeartbeatReq(): to get heartbeat response
06-28 18:57:19.164  3015  8569 I HiAction_XChannel.XChannelClient-335: getFromHeartbeatRspQueue(): 
06-28 18:57:19.170  1114  1558 W NetworkStatsFactory: mStatsXtProcUid: /proc/net/comm/stats does not exist!
06-28 18:57:19.170  1114  1558 D HwNetworkStatsService: hwRecordUidAndProcSnapshotLocked currentTime = 1561719439146
06-28 18:57:19.182  1114  1558 I NetworkStatsFactory: javaReadNetworkStatsUidAndProcDetail. cost time = 12
06-28 18:57:19.203 31128 31128 I Finsky  : [1] com.google.android.finsky.scheduler.JobSchedulerEngine$PhoneskyJobSchedulerJobService.onStartJob(3): onJobSchedulerWakeup with jobId 9000
06-28 18:57:19.204  1114  2469 I JobScheduler.Time: onControllerStateChanged
06-28 18:57:19.205  1114  1114 D JobScheduler: queuing all ready jobs for execution:
06-28 18:57:19.205 31128 31128 I Finsky  : [1] nvu.a(21): Scheduling fallback job with id: 9034, and delay: 43200000 ms
06-28 18:57:19.208  1114  2469 I AlarmManager: remove alarm:Alarm{5af99f8 type 2 when 185403760 PendingIntent{98274b5: PendingIntentRecord{ca83d5c com.android.vending broadcastIntent}}com.android.vending} according to operation:14e0d5b
06-28 18:57:19.213 31128 31128 I Finsky  : [1] nvu.a(5): Scheduling fallback in 64799994 (absolute: 185438791)
06-28 18:57:19.213  1114  1558 D HwNetworkStatsService: hwMaybeUidAndProcPersistLocked currentTime = 1561719439146
06-28 18:57:19.244  1114  1558 D NetdConnector: SND -> {2691 bandwidth setglobalalert 2097152}
06-28 18:57:19.246  1114  1555 D NetdConnector: RCV <- {200 2691 Bandwidth command succeeeded}
06-28 18:57:19.246  1114  1555 D NetdConnector: RCV <- {200 2691 Bandwidth command succeeeded}
06-28 18:57:19.248  1114  1558 V BroadcastQueue: Finished with ordered broadcast BroadcastRecord{27ae4e3 u0 com.android.server.action.NETWORK_STATS_POLL}
06-28 18:57:19.251  2017  2247 E HSM_BG  : NatTrafficNotifyService:imsi is null, so return
06-28 18:57:19.253  1114  2469 V BroadcastQueue: Finished with ordered broadcast BroadcastRecord{a7e4ed1 u0 com.google.android.gms.gcm.ACTION_CHECK_QUEUE}
06-28 18:57:19.256  1114  2129 I chatty  : uid=1000(system) Binder:1114_A expire 10 lines
06-28 18:57:19.285  3093  4349 D WorkSource: Insert in WorkSource{} @ 0 uid 10021 name com.google.android.gms
06-28 18:57:19.285  3093  4349 D WorkSource: Insert in WorkSource{} @ 0 uid 10021 name com.google.android.gms
06-28 18:57:19.299  3093  4349 D WorkSource: Insert in WorkSource{} @ 0 uid 10021 name com.google.android.gms
06-28 18:57:19.300  1114  2129 W HwAlarmManagerService: isContainsAppUidInWorksource-->happend NameNotFoundException
06-28 18:57:19.300  1114  2129 W HwAlarmManagerService: isContainsAppUidInWorksource-->happend NameNotFoundException
06-28 18:57:19.337 31128 31128 I Finsky  : [1] nwc.handleMessage(10): DeviceState: DeviceState{currentTime=1561719439332, isCharging=true, isIdle=false, netAny=true, netNotRoaming=true, netUnmetered=true}
06-28 18:57:19.340  3093  9326 I NetRec  : [5790] ahtr.a: Refreshing scores for 52 networks.
06-28 18:57:19.344 31128  9327 I Finsky  : [806] nxi.b(7): Jobs in database: 1-1337 12-1 26-1414141414 
06-28 18:57:19.347 31128 31128 I Finsky  : [1] nvv.a(45): Running job: 12-1
06-28 18:57:19.350 31128 31128 I Finsky  : [1] com.google.android.finsky.contentsync.ContentSyncJob.a(23): ContentSyncJob started
06-28 18:57:19.351 31128 31128 I Finsky  : [1] nwc.handleMessage(81): RunningQueue size: 1, PendingQueue size: 0
06-28 18:57:19.351 31128 31128 I Finsky  : [1] nwc.handleMessage(90): Running queue: 12-1 
06-28 18:57:19.353 31128 31168 I Finsky  : [647] dbo.a(5): Completed 0 account content syncs with 0 successful.
06-28 18:57:19.354 31128 31128 I Finsky  : [1] com.google.android.finsky.contentsync.ContentSyncJob.a(21): Installation state replication succeeded.
06-28 18:57:19.354 31128 31128 I Finsky  : [1] nxb.a(11): jobFinished: 12-1. TimeElapsed: 7ms
06-28 18:57:19.360 31128 31128 I Finsky  : [1] nvv.a(10): Job 12-1 finished
06-28 18:57:19.361 31128 31128 I Finsky  : [1] nwc.handleMessage(81): RunningQueue size: 0, PendingQueue size: 0
06-28 18:57:19.361 31128 31128 I Finsky  : [1] nwc.handleMessage(27): Executor finished
06-28 18:57:19.372 31128 31128 I Finsky  : [1] nxi.b(7): Jobs in database: 1-1337 26-1414141414 
06-28 18:57:19.372  1114  1114 D JobScheduler: queuing all ready jobs for execution:
06-28 18:57:19.373 31128 31128 I Finsky  : [1] nva.a(66): ConstraintMapping: 1-1337,  -> L: 3198360ms, D: 46398360ms, C: false, I: false, N: NET_ANY
06-28 18:57:19.373 31128 31128 I Finsky  : [1] nva.a(66): ConstraintMapping: 26-1414141414,  -> L: 9020628ms, D: 9920628ms, C: false, I: false, N: NET_NONE
06-28 18:57:19.374 31128 31128 I Finsky  : [1] com.google.android.finsky.scheduler.JobSchedulerEngine.a(42): Cancelling existing job with id: 9003
06-28 18:57:19.375 31128 31128 I Finsky  : [1] com.google.android.finsky.scheduler.JobSchedulerEngine.a(4): Scheduling job Id: 9001, L: 3198360, D: 46398360, C: false, I: false, N: 1
06-28 18:57:19.378 31128 31128 I Finsky  : [1] com.google.android.finsky.scheduler.JobSchedulerEngine.a(4): Scheduling job Id: 9002, L: 9020628, D: 9920628, C: false, I: false, N: 0
06-28 18:57:19.432   635   635 I AISched FPS: currentfps 60,detected fps 60,flag 0,high 30,low 4,sleepPercent 0.865107,old 8,new 8
06-28 18:57:19.475  1114  1611 I chatty  : uid=1000(system) WiFiArpStateMac expire 20 lines
06-28 18:57:19.523  8833  9302 W QueryController: Could not detect idle state.
06-28 18:57:19.525  8833  9302 W AccessibilityInteractionClient: old interaction Id is: -1,current interaction Id is:46
06-28 18:57:19.529  8833  9302 W AccessibilityInteractionClient: old interaction Id is: -1,current interaction Id is:47
06-28 18:57:19.914   635   635 I AISched Core: set time out 10 second
06-28 18:57:19.938   650   650 I chatty  : uid=1000(system) /system/bin/surfaceflinger expire 2024 lines
06-28 18:57:19.950  9334  9336 D vndksupport: Loading /vendor/lib64/hw/android.hardware.graphics.mapper@2.0-impl.so from current namespace instead of sphal namespace.
06-28 18:57:19.951  9334  9336 D vndksupport: Loading /vendor/lib64/hw/gralloc.kirin970.so from current namespace instead of sphal namespace.
06-28 18:57:19.959   613  1029 I chatty  : uid=1000(system) HwBinder:613_1 expire 16 lines
06-28 18:57:20.089  9334  9336 W IPCThreadState: Calling IPCThreadState::self() during shutdown is dangerous, expect a crash.
06-28 18:57:20.089  9334  9337 W IPCThreadState: Calling IPCThreadState::self() during shutdown is dangerous, expect a crash.
06-28 18:57:20.164  3015  8569 E HiAction_XChannel.h-335: handleHeartbeatReq(): receive heartbeat response timeout
06-28 18:57:20.164  3015  8569 I HiAction_XChannel.HeartbeatService: releaseWakeLock(): 
06-28 18:57:20.168  3015  8569 I HiAction_XChannel.HeartbeatService: releaseWakeLock(): succeed
06-28 18:57:20.168  3015  8569 I HiAction_XChannel.XChannelService: sdkStatusChange(): 
06-28 18:57:20.169  3015  8569 I HiAction_XChannel.XChannelClient-335: setIntoMsgQueue(): 
06-28 18:57:20.170  3015  8569 I HiAction_XChannel.XChannelService: sdkStatusChange(): 
06-28 18:57:20.170  3015  8569 I HiAction_XChannel.XChannelClient-335: setIntoMsgQueue(): 
06-28 18:57:20.170  3015  9338 I HiAction_XChannel.XChannelSDK: sdkStatusChange(): 
06-28 18:57:20.171  3015  9338 I HiAction_XChannel.a: onSdkStatusChange(): isAvaliable[false] status[PUSH_MSG_UNAVAILABLE]
06-28 18:57:20.171  3015  9339 I HiAction_XChannel.XChannelSDK: sdkStatusChange(): 
06-28 18:57:20.171  3015  9339 I HiAction_XChannel.a: onSdkStatusChange(): isAvaliable[false] status[PUSH_MSG_UNAVAILABLE]
06-28 18:57:20.452   635   635 I chatty  : uid=1000(system) hwsched@1.0-ser expire 44 lines
06-28 18:57:20.494  1114  1563 I chatty  : uid=1000(system) HwNcChrServiceI expire 2 lines
06-28 18:57:20.494  1900 15673 D NcDft_ServiceImpl: notifyNcDftEvent domain is : 1 ;eventID is: 1101 ;bundle is Bundle[mParcelledData.dataSize=28]
06-28 18:57:20.495  1900  2082 D HwWifiCHRStateManager: handleMessage : 1101
06-28 18:57:20.495  1900 15673 D NcDft_ServiceImpl: notifyNcDftEvent domain is : 1 ;eventID is: 1121 ;bundle is Bundle[mParcelledData.dataSize=84]
06-28 18:57:20.495  1900  2082 D HwWifiCHRStateManager: handleMessage : 1121
06-28 18:57:20.495  1900  2082 E HwCHRWifiRSSIGroupSummery: updatArpSummery mRSSI:0  HwCHRWifiRSSIGroup [rssi_index=4, rtt_tcp_packets=0, rtt_tcp_duration=0, rtt_lan_duration=100366, rtt_lan_failures=0, rtt_lan_succ=1972, rtt_lan_max=995, rtt_lan_min=0,same_area_frequency=0,adjacent_area_frequency=0]
06-28 18:57:20.577  9345  9347 D vndksupport: Loading /vendor/lib64/hw/android.hardware.graphics.mapper@2.0-impl.so from current namespace instead of sphal namespace.
06-28 18:57:20.578  9345  9347 D vndksupport: Loading /vendor/lib64/hw/gralloc.kirin970.so from current namespace instead of sphal namespace.
06-28 18:57:20.782  8833  9302 D UIAutomatorStub: URI: /jsonrpc/0, Method: POST, params, {NanoHttpd.QUERY_STRING=null}, files: {postData={"jsonrpc": "2.0", "id": "10b98d96fc309ba5dd1efd4b7f9f61e1", "method": "makeToast", "params": ["HELLO ATX", 2000]}}
06-28 18:57:20.822   632   632 I HW_DISPLAY_EFFECT: hw_get_display_panel_type: panel info is blmax:8820,blmin:15,blmax_nit_actual:798,blmax_nit_standard:750,lcdtype:LCD,
06-28 18:57:20.822   632   632 I HW_DISPLAY_EFFECT: 
06-28 18:57:20.822   632   632 I HW_DISPLAY_EFFECT: hw_get_display_panel_type: lcd type is LCD
06-28 18:57:20.823  8833  8833 D TextView: get Display Panel Type is : 0
06-28 18:57:20.833  1952  2241 I chatty  : uid=1000(system) actions handler expire 11 lines
06-28 18:57:20.844  8833  8833 D HwAppInnerBoostImpl: set config for com.github.uiautomator BOOST_FLAG=true REPORT_DURATION_CLICK=1000 REPORT_TIMES_CLICK=3 REPORT_DURATION_SLIDE=5000 REPORT_TIMES_SLIDE=16
06-28 18:57:20.848  8833  8833 D OpenGLRenderer:   HWUI Binary is  enabled
06-28 18:57:20.848  8833  8833 D OpenGLRenderer: disableOutlineDraw is true
06-28 18:57:20.899  1114  2129 V WindowManager: addWindow: Window{855cd7d u0 Toast}
06-28 18:57:20.954  8833  9350 I ConfigStore: android::hardware::configstore::V1_0::ISurfaceFlingerConfigs::hasWideColorDisplay retrieved: 0
06-28 18:57:20.954  8833  9350 I ConfigStore: android::hardware::configstore::V1_0::ISurfaceFlingerConfigs::hasHDRDisplay retrieved: 0
06-28 18:57:20.958  8833  9350 I iGraphics: [0020080c] pn: com.github.uiautomator, p: 8833
06-28 18:57:20.960  8833  9350 I iGraphics: [0030080c] no spt app: com.github.uiautomator
06-28 18:57:20.960  8833  9350 I OpenGLRenderer: Initialized EGL, version 1.4
06-28 18:57:20.960  8833  9350 D OpenGLRenderer: Swap behavior 2
06-28 18:57:20.981  8833  9350 D mali_winsys: EGLint new_window_surface(egl_winsys_display *, void *, EGLSurface, EGLConfig, egl_winsys_surface **, EGLBoolean) returns 0x3000
06-28 18:57:20.981  8833  9350 D OpenGLRenderer:   HWUI Binary is  enabled
06-28 18:57:20.981  8833  9350 D OpenGLRenderer: disableOutlineDraw is true
06-28 18:57:21.046   650   933 I chatty  : uid=1000(system) unnamed expire 10 lines
06-28 18:57:21.356   574   594 W SocketListener: sending broadcast to Pid = 1114, Uid = 1000 
06-28 18:57:21.357  1114  1555 D NetdConnector: RCV <- {601 limit alert globalAlert wlan0}
06-28 18:57:21.358  1114  1555 D NetdConnector: RCV <- {601 limit alert globalAlert wlan0}
06-28 18:57:21.360  1114  1240 D NetdConnector: RCV unsolicited event from native daemon, event = 601
06-28 18:57:21.361  1114  1240 I NetworkStats: limitReached
06-28 18:57:21.362  1114  1558 I NetworkStats: performPollLocked, pid = 1114
06-28 18:57:21.382  1114  1558 W NetworkStatsFactory: mStatsXtProcUid: /proc/net/comm/stats does not exist!
06-28 18:57:21.382  1114  1558 D HwNetworkStatsService: hwRecordUidAndProcSnapshotLocked currentTime = 1561719441361
06-28 18:57:21.393  1114  1558 I NetworkStatsFactory: javaReadNetworkStatsUidAndProcDetail. cost time = 11
06-28 18:57:21.413  1114  1558 D NetdConnector: SND -> {2692 bandwidth setglobalalert 2097152}
06-28 18:57:21.414  1114  1555 D NetdConnector: RCV <- {200 2692 Bandwidth command succeeeded}
06-28 18:57:21.415  1114  1555 D NetdConnector: RCV <- {200 2692 Bandwidth command succeeeded}
06-28 18:57:21.418  2017  2247 E HSM_BG  : NatTrafficNotifyService:imsi is null, so return
06-28 18:57:21.431  1900  2108 D HwWifiStatStore: handleMessage : 200
06-28 18:57:21.587  3093  9326 W NetRec  : [5790] ahtr.a: Timeout after 2240 ms while waiting for score updates. Returning 1.
06-28 18:57:21.602  3093  9326 I NetRec  : [5790] ahtr.a: Still entries pending update, scheduling new rapid_refresh_scores_task refresh.
06-28 18:57:21.613  3093  9326 I NetRec  : [5790] ahtr.a: Completed rapid_refresh_scores_task score refresh task in 2297 ms, returning 1
06-28 18:57:21.617  1114  2129 V BroadcastQueue: Finished with ordered broadcast BroadcastRecord{3daed6c u0 com.google.android.gms.gcm.ACTION_SCHEDULE}
06-28 18:57:21.648  1114  1647 I chatty  : uid=1000(system) HuaweiWifiWatch expire 11 lines
06-28 18:57:21.665  3093  5984 D WorkSource: Insert in WorkSource{} @ 0 uid 10021 name com.google.android.gms
06-28 18:57:21.666  1114  2129 W HwAlarmManagerService: isContainsAppUidInWorksource-->happend NameNotFoundException
06-28 18:57:21.666  1114  2129 W HwAlarmManagerService: isContainsAppUidInWorksource-->happend NameNotFoundException
06-28 18:57:21.700  9371  9373 D vndksupport: Loading /vendor/lib64/hw/android.hardware.graphics.mapper@2.0-impl.so from current namespace instead of sphal namespace.
06-28 18:57:21.701  9371  9373 D vndksupport: Loading /vendor/lib64/hw/gralloc.kirin970.so from current namespace instead of sphal namespace.
06-28 18:57:22.028  3662  4478 W Conscrypt: Could not set socket write timeout: java.net.SocketException: Socket closed
06-28 18:57:22.028  3662  4478 W Conscrypt: 	at com.google.android.gms.org.conscrypt.Platform.setSocketWriteTimeout(:com.google.android.gms@14799037@14.7.99 (100400-223214910):2)
06-28 18:57:22.028  3662  4478 W Conscrypt: 	at com.google.android.gms.org.conscrypt.ConscryptFileDescriptorSocket.setSoWriteTimeout(:com.google.android.gms@14799037@14.7.99 (100400-223214910):2)
06-28 18:57:22.039  3662  4478 V NativeCrypto: SSL handshake aborted: ssl=0x7297b60908: I/O error during system call, Connection reset by peer
06-28 18:57:22.042  3662  3454 E ChromeSync: [Sync,SyncIntentOperation] Error handling the intent: Intent { act=android.intent.action.PACKAGE_ADDED dat=package:com.mixgo.PropertySEO flg=0x4000010 cmp=com.google.android.gms/.chimera.GmsIntentOperationService (has extras) }.
06-28 18:57:22.062  3662  9381 I Auth    : [SupervisedAccountIntentOperation] onHandleIntent(): android.intent.action.PACKAGE_ADDED
06-28 18:57:22.062  3662  9381 I Auth    : [SupervisedAccountIntentOperation] This operation is disabled
06-28 18:57:22.062  3662  9380 I ChromeSync: [Sync,SyncIntentOperation] Handling the intent: Intent { act=android.intent.action.PACKAGE_ADDED dat=package:com.mixgo.PropertySEO flg=0x4000010 cmp=com.google.android.gms/.chimera.GmsIntentOperationService (has extras) }.
06-28 18:57:22.064  3662  9380 I ChromeSync: [Persistence,AffiliationManager] Fetching affiliations from the server.
06-28 18:57:22.087  1114  1817 I chatty  : uid=1000(system) Binder:1114_6 expire 3 lines
06-28 18:57:22.088   646   646 E WifiHAL : enter wifi_get_link_stats
06-28 18:57:22.113  3662  3662 D WorkSource: i1=0 i2=0 N1=0: insert 10021 com.google.android.gms
06-28 18:57:22.113  3662  3662 D WorkSource: Insert in WorkSource{} @ 0 uid 10021 name com.google.android.gms
06-28 18:57:22.114  1114  6779 I chatty  : uid=1000(system) Binder:1114_16 expire 1 line
06-28 18:57:22.122  3662  3991 D WorkSource: i1=1 i2=0 N1=1: insert 10356 com.mixgo.PropertySEO
06-28 18:57:22.122  3662  3991 D WorkSource: Insert in WorkSource{10021 com.google.android.gms} @ 1 uid 10356 name com.mixgo.PropertySEO
06-28 18:57:22.123  1114  2452 E PowerManagerService: Exception when search wack lock :java.lang.IllegalArgumentException: Wake lock not active: android.os.BinderProxy@58fbe96 from uid 10021
06-28 18:57:22.143  1114  2452 E PowerManagerService: Exception when search wack lock :java.lang.IllegalArgumentException: Wake lock not active: android.os.BinderProxy@58fbe96 from uid 10021
06-28 18:57:22.159  1114  5851 I chatty  : uid=1000(system) Binder:1114_12 expire 5 lines
06-28 18:57:22.166  3662  9379 I PeopleContactsSync: triggerPendingContactsCleanup: no accounts
06-28 18:57:22.171  3015  8569 I HiAction_XChannel.h-335: run(): schedule to restart XChannelClient
06-28 18:57:22.171  3015  8569 I HiAction_XChannel.XChannelClient: startWork(): 
06-28 18:57:22.173  3015  8569 I HiAction_XChannel.XChannelClient: getDelay(): current time is 2019628 6:57:22, last connect time is 2019628 6:51:52
06-28 18:57:22.173  3015  8569 I HiAction_XChannel.XChannelClient: getDelay(): more than one minute between tow connections, delay is set to be :0
06-28 18:57:22.176  3015  8569 I HiAction_XChannel.XChannelClient: run(): startWork is scheduled
06-28 18:57:22.176  3015  8569 I HiAction_XChannel.h-335: run(): SendThread exit
06-28 18:57:22.176  3015  9388 I HiAction_XChannel.XChannelClient-336: run(): 
06-28 18:57:22.176  3015  9388 I HiAction_XChannel.XChannelClient-336: reset(): 
06-28 18:57:22.176  3015  9388 I HiAction_XChannel.XChannelClient-336: reset(): stop expired alarm
06-28 18:57:22.176  3015  9388 I HiAction_XChannel.XChannelClient-336: stopAlarm(): 
06-28 18:57:22.177  3015  9388 I HiAction_XChannel.XChannelClient-336: reset(): interrupt recvThread
06-28 18:57:22.177  3015  9388 I HiAction_XChannel.XChannelClient-336: reset(): interrupt sendThread
06-28 18:57:22.177  3015  9388 I HiAction_XChannel.XChannelClient-336: reset(): close expired socket
06-28 18:57:22.177  3015  9388 I HiAction_XChannel.XChannelClient-336: reset(): ensure expired threads exit
06-28 18:57:22.178  3015  8568 E HiAction_XChannel.RecvThread-335: run(): inputStream.read SocketException: java.net.SocketException: Socket closed
06-28 18:57:22.178  3015  8568 I HiAction_XChannel.RecvThread-335: run(): not ETIMEDOUT exception, should refresh pusher address
06-28 18:57:22.179  3015  8568 I HiAction_XChannel.XChannelClient-336: stopAlarm(): 
06-28 18:57:22.179  3015  8568 I HiAction_XChannel.XChannelService: sdkStatusChange(): 
06-28 18:57:22.179  3015  8568 I HiAction_XChannel.XChannelClient-336: setIntoMsgQueue(): 
06-28 18:57:22.179  3015  8568 W HiAction_XChannel.XChannelClient-336: connectAndLogin(): sendq.offer exception: java.lang.InterruptedException
06-28 18:57:22.179  3015  8568 I HiAction_XChannel.RecvThread-335: run(): RecvThread exit
06-28 18:57:22.179  3015  9339 I HiAction_XChannel.XChannelSDK: sdkStatusChange(): 
06-28 18:57:22.179  3015  9388 I HiAction_XChannel.XChannelClient-336: reset(): receive thread exit
06-28 18:57:22.179  3015  9339 I HiAction_XChannel.a: onSdkStatusChange(): isAvaliable[false] status[PUSH_MSG_UNAVAILABLE]
06-28 18:57:22.179  3015  9388 I HiAction_XChannel.XChannelClient-336: reset(): send thread exit
06-28 18:57:22.179  3015  9388 I HiAction_XChannel.XChannelClient-336: reset(): clear expired data
06-28 18:57:22.179  3015  9388 I HiAction_XChannel.d: clear(): 
06-28 18:57:22.179  3015  9388 I HiAction_XChannel.a: clear(): 
06-28 18:57:22.179  3015  9388 I HiAction_XChannel.XChannelClient-336: reset(): success
06-28 18:57:22.180  3015  9388 I HiAction_XChannel.XChannelClient-336: getPusher(): 
06-28 18:57:22.214  3662  3961 D WorkSource: i1=0 i2=0 N1=0: insert 10021 com.google.android.gms
06-28 18:57:22.214  3662  3961 D WorkSource: Insert in WorkSource{} @ 0 uid 10021 name com.google.android.gms
06-28 18:57:22.220  3662  3991 I Icing   : IndexChimeraService.getServiceInterface callingPackage=com.google.android.gms componentName=AppsCorpus serviceId=32
06-28 18:57:22.223  3662  3993 I Icing   : IndexChimeraService.getServiceInterface callingPackage=com.google.android.gms componentName=AppsCorpus serviceId=36
06-28 18:57:22.227  3015  9388 I HiAction_ThreadStateSync: get threadAllReady
06-28 18:57:22.227  3015  9388 I HiAction_ThreadStateSync: get isSendThreadReady
06-28 18:57:22.227  3015  9391 I HiAction_XChannel.RecvThread-336: run():
06-28 18:57:22.227  3015  9391 I HiAction_ThreadStateSync: receiveThreadRun
06-28 18:57:22.227  3015  9392 I HiAction_XChannel.h-336: run 
06-28 18:57:22.227  3015  9392 I HiAction_ThreadStateSync: sendThreadRun
06-28 18:57:22.227  3015  9392 I HiAction_XChannel.XChannelClient-336: getFromMsgReqQueue(): 
06-28 18:57:22.227  3015  9388 I HiAction_ThreadStateSync: SendThreadBlockQueue get  :java.lang.Object@186276d
06-28 18:57:22.227  3015  9388 I HiAction_ThreadStateSync: get isReceiveThreadReady
06-28 18:57:22.227  3015  9388 I HiAction_ThreadStateSync: ReceiveThreadBlockQueue  get  :java.lang.Object@1702fa2
06-28 18:57:22.227  3015  9388 I HiAction_b: handshake(): 
06-28 18:57:22.227  3015  9388 I HiAction_b: already have aeskey, login
06-28 18:57:22.227  3015  9388 I HiAction_b: secondStep(): 
06-28 18:57:22.228  3015  9388 W HiAction_b: TraceFlow.PushMessageFlow: syncSend type:5 requestid:917022720
06-28 18:57:22.228  3015  9388 I HiAction_XChannel.d: setQueue(): 
06-28 18:57:22.228  3015  9388 I HiAction_b: syncSend(): send message to server
06-28 18:57:22.228  3015  9388 I HiAction_b: syncSend(): to get response
06-28 18:57:22.228  3015  9388 I HiAction_XChannel.d: getMessage(): 
06-28 18:57:22.269  9385  9394 D vndksupport: Loading /vendor/lib64/hw/android.hardware.graphics.mapper@2.0-impl.so from current namespace instead of sphal namespace.
06-28 18:57:22.270  9385  9394 D vndksupport: Loading /vendor/lib64/hw/gralloc.kirin970.so from current namespace instead of sphal namespace.
06-28 18:57:22.296  1114  6779 D PackageManager: resolve intent for uid:10021, matchs:3, res:ResolveInfo{c52032b com.huawei.android.launcher/.unihome.UniHomeLauncher m=0x108000}
06-28 18:57:22.456  3662  9389 I Icing   : Usage reports ok 2, Failed Usage reports 0, indexed 0, rejected 0, imm upload false
06-28 18:57:22.474  1114  5851 D PackageManager: resolve intent for uid:10021, matchs:3, res:ResolveInfo{46ba707 com.huawei.android.launcher/.unihome.UniHomeLauncher m=0x108000}
06-28 18:57:22.474  3662  9389 I Icing   : Usage reports ok 0, Failed Usage reports 0, indexed 0, rejected 0, imm upload false
06-28 18:57:22.571  1114  5851 I ActivityManager: Force stopping com.mixgo.PropertySEO appid=10406 user=0: from pid 9398by app
06-28 18:57:22.572  1114  5851 I ActivityManager: Killing 9054:com.mixgo.PropertySEO/u0a406 (adj 0): stop com.mixgo.PropertySEOfrom pid 9398by app
06-28 18:57:22.574  1114  5851 D ActivityManager: cleanUpApplicationRecord app: ProcessRecord{92b160c 9054:com.mixgo.PropertySEO/u0a406}, app.bad: false, restarting: false, allowRestart: true
06-28 18:57:22.575  1114  1226 I chatty  : uid=1000(system) ActivityManager expire 5 lines
06-28 18:57:22.575  1114  5851 W ActivityManager: Scheduling restart of crashed service com.mixgo.PropertySEO/cn.jpush.android.service.PushService in 1000ms
06-28 18:57:22.576  1114  5851 W ActivityManager: Force removing ActivityRecord{2b01be0 u0 com.mixgo.PropertySEO/cn.jiguang.unity.push.UnityPluginActivity t229}: app died, no saved state
06-28 18:57:22.586  1114  5851 W WindowManager: Failed to take screenshot. No visible windows for {taskId=229 appTokens=[AppWindowToken{29c455e token=Token{cba4e99 ActivityRecord{2b01be0 u0 com.mixgo.PropertySEO/cn.jiguang.unity.push.UnityPluginActivity t229}}}] mdr=false}
06-28 18:57:22.587  1114  5851 V WindowManager: removeAppToken: AppWindowToken{29c455e token=Token{cba4e99 ActivityRecord{2b01be0 u0 com.mixgo.PropertySEO/cn.jiguang.unity.push.UnityPluginActivity t229}}} delayed=false Callers=com.android.server.wm.DisplayContent.removeAppToken:1059 com.android.server.wm.AppWindowContainerController.removeContainer:301 com.android.server.am.ActivityRecord.removeWindowContainer:1152 com.android.server.am.ActivityStack.removeActivityFromHistoryLocked:4507 
06-28 18:57:22.587  1114  5851 V WindowManager: removeIfPossible: Window{262442b u0 com.mixgo.PropertySEO/cn.jiguang.unity.push.UnityPluginActivity}
06-28 18:57:22.588  1114  5851 V WindowManager: postWindowRemoveCleanupLocked: Window{262442b u0 com.mixgo.PropertySEO/cn.jiguang.unity.push.UnityPluginActivity}
06-28 18:57:22.589  1114  5851 V WindowManager: Removing Window{262442b u0 com.mixgo.PropertySEO/cn.jiguang.unity.push.UnityPluginActivity} from AppWindowToken{29c455e token=Token{cba4e99 ActivityRecord{2b01be0 u0 com.mixgo.PropertySEO/cn.jiguang.unity.push.UnityPluginActivity t229}}}
06-28 18:57:22.610  1114  5851 W HwActivityManagerServiceEx: setResumedActivityUncheckLocked start call, from: ActivityRecord{2b01be0 u0 com.mixgo.PropertySEO/cn.jiguang.unity.push.UnityPluginActivity t-1 f}, to: ActivityRecord{bca02ee u0 com.huawei.android.launcher/.unihome.UniHomeLauncher t1}
06-28 18:57:22.610  1114  5851 W HwActivityManagerServiceEx: appSwitch from: com.mixgo.PropertySEO to: com.huawei.android.launcher
06-28 18:57:22.610  1114  1219 W HwActivityManagerServiceEx: HwActivityNotifier end call android.app.IHwActivityNotifier$Stub$Proxy@b0369a4 for returnToHome under user 0 cost 0
06-28 18:57:22.610  1114  1219 W HwActivityManagerServiceEx: HwActivityNotifier end call android.app.IHwActivityNotifier$Stub$Proxy@b3922e9 for appSwitch under user 0 cost 0
06-28 18:57:22.611  1114  1219 W HwActivityManagerServiceEx: HwActivityNotifier end call android.app.IHwActivityNotifier$Stub$Proxy@92d0b6e for appSwitch under user 0 cost 1
06-28 18:57:22.612  1952  2110 I chatty  : uid=1000(system) core expire 49 lines
06-28 18:57:22.613  1993 26137 D Activity: pivotX = 117.0, pivotY = 1653.0, iconWidth = 170, iconHeight = 170, iconWidth = 170, flag = 0
06-28 18:57:22.616  1952  2594 I chatty  : uid=1000(system) iAwareNRT expire 8 lines
06-28 18:57:22.616   648  8584 I chatty  : uid=1041(audioserver) Binder:648_6 expire 34 lines
06-28 18:57:22.619  1114  5851 D HwPhoneWindowManager: sensorRotation = -1 lastRotation:0
06-28 18:57:22.620  1952  2259 I chatty  : uid=1000(system) sdk thread expire 22 lines
06-28 18:57:22.620  1114  5851 V WindowManager: notifyAppResumed: wasStopped=true AppWindowToken{616761c token=Token{3fbf38f ActivityRecord{bca02ee u0 com.huawei.android.launcher/.unihome.UniHomeLauncher t1}}}
06-28 18:57:22.620  2434  4069 E nearby  : CloseRangeAdapter:no such business type
06-28 18:57:22.628  1114  5851 V WindowManager: Checking 1 opening apps (frozen=false timeout=false), Track: relayout performsurface
06-28 18:57:22.628  1114  5851 V WindowManager: Check opening app=AppWindowToken{616761c token=Token{3fbf38f ActivityRecord{bca02ee u0 com.huawei.android.launcher/.unihome.UniHomeLauncher t1}}}: allDrawn=false startingDisplayed=false startingMoved=false isRelaunching()=false startingWindow=null
06-28 18:57:22.628   626  6841 I chatty  : uid=1041(audioserver) HwBinder:626_5 expire 33 lines
06-28 18:57:22.628   626   979 I chatty  : uid=1041(audioserver) HwBinder:626_1 expire 56 lines
06-28 18:57:22.629  1114  5851 I ActivityManager:   Force stopping service ServiceRecord{11430a2 u0 com.mixgo.PropertySEO/cn.jpush.android.service.PushService}
06-28 18:57:22.630  1114  1456 V WindowManager: Checking 1 opening apps (frozen=false timeout=false), Track:  performsurface
06-28 18:57:22.630  1114  1456 V WindowManager: Check opening app=AppWindowToken{616761c token=Token{3fbf38f ActivityRecord{bca02ee u0 com.huawei.android.launcher/.unihome.UniHomeLauncher t1}}}: allDrawn=false startingDisplayed=false startingMoved=false isRelaunching()=false startingWindow=null
06-28 18:57:22.632  1993  2109 E HwLauncher: SettingsEx , no such field.
06-28 18:57:22.632  1993  2109 W HwLauncher: Clock getDataFormat the getSystemString failed.
06-28 18:57:22.632  1869  1882 I BoosterSwitchP: notifyUidState do nothing
06-28 18:57:22.633  1869  1882 I DeepNoDisturbP: notifyUidState
06-28 18:57:22.633  1869  1882 I HidataAppQoeP: notifyUidState
06-28 18:57:22.633  1869  1882 I BrowserChrP: notifyUidState
06-28 18:57:22.633  1869 14011 I chatty  : uid=1000(system) Binder:1869_9 expire 8 lines
06-28 18:57:22.633  1114  5851 D HwLocationManagerService: on transact REMOVE_LOCATION_MODE uid is 10406 , packagename is com.mixgo.PropertySEO
06-28 18:57:22.633  1114  5851 D HwLocationManagerService: remove SupervisoryControlProc packagename=com.mixgo.PropertySEO
06-28 18:57:22.633  1114  5851 D HwLocationManagerService:  package has no request send yet
06-28 18:57:22.633   626  1520 I chatty  : uid=1041(audioserver) writer expire 38 lines
06-28 18:57:22.640  1993  1993 D ZrHung.AppEyeUiProbe: notify runnable to start.
06-28 18:57:22.641 25009 25020 I HiSearch9.0.2.303: [LauncherOverlayService]: LAUNCHER_INTERACTION from launcher and invoke id = -111
06-28 18:57:22.641 25009 25020 I HiSearch9.0.2.303: [LauncherOverlayService]: isOverlayClosed = true
06-28 18:57:22.641 25009 25020 I HiSearch9.0.2.303: [LauncherOverlayService]: LAUNCHER_INTERACTION from launcher and invoke, overlay closed, return. 
06-28 18:57:22.641  2461  2612 D WorkSource: i1=0 i2=0 N1=0: insert 2434 com.huawei.iconnect
06-28 18:57:22.641  2461  2612 D WorkSource: Insert in WorkSource{} @ 0 uid 2434 name com.huawei.iconnect
06-28 18:57:22.642  1993  2135 D ZrHung.AppEyeUiProbe: restart watching
06-28 18:57:22.643  2461  2661 D BluetoothAdapter: isLeEnabled(): ON
06-28 18:57:22.644  1114  1223 I chatty  : uid=1000(system) android.ui expire 17 lines
06-28 18:57:22.645  1114  5851 D HwGameAssistantController: pid=1993, uid=10070, component=ComponentInfo{com.huawei.android.launcher/com.huawei.android.launcher.unihome.UniHomeLauncher}
06-28 18:57:22.645  1993  2164 D HwRecentsTaskUtils: refreshToCache
06-28 18:57:22.645  1993  2164 D HwRecentsTaskUtils: searchFromDate
06-28 18:57:22.646  1969  1969 D CarrierSvcBindHelper: No carrier app for: 0
06-28 18:57:22.646  1952  2773 I chatty  : uid=1000(system) GameSdkManagerT expire 5 lines
06-28 18:57:22.646  1900 15673 I OPCollectLog: AppChangeImpl:pid: 1993 uid: 10070 pkg: com.huawei.android.launcher class: com.huawei.android.launcher.unihome.UniHomeLauncher
06-28 18:57:22.646  1900  2185 I OPCollectLog: HwForegroundAppAction:handleMessage 
06-28 18:57:22.646  1869  1869 I HwCoreAppHelperService: LocalReceiver receives:android.intent.action.PACKAGE_RESTARTED,pkg:com.mixgo.PropertySEO,uid:10406
06-28 18:57:22.646  1114  1219 W HwActivityManagerServiceEx: HwActivityNotifier end call android.app.IHwActivityNotifier$Stub$Proxy@88cf16b for activityLifeState under user 0 cost 0
06-28 18:57:22.647  1900  2185 I OPCollectLog: Action:HwForegroundAppAction executed successfully
06-28 18:57:22.647  1869  1882 I BoosterSwitchP: notifyUidState do nothing
06-28 18:57:22.647  1869  1882 I DeepNoDisturbP: notifyUidState
06-28 18:57:22.647  1869  1882 I HidataAppQoeP: notifyUidState
06-28 18:57:22.647  1869  1882 I BrowserChrP: notifyUidState
06-28 18:57:22.647  1114  4001 I chatty  : uid=1000(system) HwAPPQoEActivit expire 28 lines
06-28 18:57:22.648  3045  3045 E NfcNci  : NfcUtils error: APP do not have nfc permission
06-28 18:57:22.648  3045  3045 E NfcNci  : NfcUtils error: APP do not have nfc permission
06-28 18:57:22.648  1114  1621 I chatty  : uid=1000(system) HwAPPQoEStateMa expire 46 lines
06-28 18:57:22.648  1969  1969 D CarrierSvcBindHelper: No carrier app for: 1
06-28 18:57:22.649  1114  1817 V WindowManager: Checking 1 opening apps (frozen=false timeout=false), Track: relayout performsurface
06-28 18:57:22.649  1114  1817 V WindowManager: Check opening app=AppWindowToken{616761c token=Token{3fbf38f ActivityRecord{bca02ee u0 com.huawei.android.launcher/.unihome.UniHomeLauncher t1}}}: allDrawn=false startingDisplayed=false startingMoved=false isRelaunching()=false startingWindow=null
06-28 18:57:22.649  1114  1243 D HwGameAssistantController: UPDATE: mCurFgPkg=com.huawei.android.launcher, mCurFgPid=1993, mCurIsGame=false
06-28 18:57:22.650  1993  2164 I RecentsTaskLoadPlan: to show tasks size is 7
06-28 18:57:22.650  1114  1114 V AlarmManager: UninstallReceiver onReceive action:android.intent.action.PACKAGE_RESTARTED
06-28 18:57:22.650  1114  1114 I AlarmManager: remove com.android.server.-$$Lambda$AlarmManagerService$qehVSjTLWvtJYPGgKh2mkJ6ePnk@d61eb1e according to uid:10406
06-28 18:57:22.651  1114  1817 V HwPhoneWindowManager: updateSystemUiColorLw window=Window{12f7b0d u0 com.huawei.android.launcher/com.huawei.android.launcher.unihome.UniHomeLauncher},EmuiStyle=-1,StatusBarColor=0xfff2f2f2,NavigationBarColor=0x0, mLastIsEmuiLightStyle=-1, mForceNotchStatusBar=false
06-28 18:57:22.652  1114  1114 V NotificationListeners: enabling notification listener for 0: ComponentInfo{com.baidu.searchbox/com.baidu.searchbox.lockscreen.notification.NotificationMonitorService}
06-28 18:57:22.652  1114  1114 V NotificationListeners: binding: Intent { act=android.service.notification.NotificationListenerService cmp=com.baidu.searchbox/.lockscreen.notification.NotificationMonitorService (has extras) }
06-28 18:57:22.653  1114  1114 W NotificationListeners: Unable to bind notification listener service: Intent { act=android.service.notification.NotificationListenerService cmp=com.baidu.searchbox/.lockscreen.notification.NotificationMonitorService (has extras) }
06-28 18:57:22.653  1114  1114 W NotificationListeners: Not binding notification listener service ComponentInfo{android/com.android.server.emcom.grabservice.NotificationListener}: service not found
06-28 18:57:22.653  1114  1114 W NotificationAssistants: rebindServices() ignore for NotificationAssistantService
06-28 18:57:22.653  1114  9129 I HwNetworkPolicy: onTransact, code = 203
06-28 18:57:22.653  2017  2506 I HwNetworkPolicyManager: getHwUidPolicy uid = 10070 policy = 0
06-28 18:57:22.654  1667  2234 I bt_stack: [INFO:gatt_api.cc(950)] GATT_Register 6460c6c1-a926-e4bd-5ca8-4e727c991d42
06-28 18:57:22.654  1114  1114 I chatty  : uid=1000 system_server expire 11 lines
06-28 18:57:22.654  1667  2234 I bt_stack: [INFO:gatt_api.cc(970)] allocated gatt_if=6
06-28 18:57:22.654  2461  2482 D BluetoothLeScanner: onScannerRegistered() - status=0 scannerId=6 mScannerId=0
06-28 18:57:22.655  1667  1680 W Bth-btfreeze: BluetoothFreeze:tag: 181  uid: 1000  pid: 2461
06-28 18:57:22.655  6701  6759 I [HwRecSys]OdmfCollectScheduler: handleMessage msg: 6
06-28 18:57:22.655  6701  6759 E [HwRecSys]HwRecSysService: Rec sys service not started.
