06-28 18:57:22.655  1114  1217 E ProcessInfoCollector: setAwareProcessState: fail to set state! pid: 9054, uid:10406, state:-1
06-28 18:57:22.655  1114  1217 E ProcessInfoCollector: getProcessInfo: failed to find this proc 
06-28 18:57:22.656  1900  2190 I OPCollectLog: OdmfHelper:insert dsCollectEncrypt success 
06-28 18:57:22.657  1114  6779 I HwAudioService: now type = 255,reportForegroundAppType = 255,pkg = null,systemload = 255mVoipOptimizeInGameModetrue
06-28 18:57:22.657   648  1353 I chatty  : uid=1041(audioserver) Binder:648_3 expire 15 lines
06-28 18:57:22.657  1993  2177 D mali_winsys: EGLint new_window_surface(egl_winsys_display *, void *, EGLSurface, EGLConfig, egl_winsys_surface **, EGLBoolean) returns 0x3000
06-28 18:57:22.658  1114  1114 I WindowManager: notifyAccessibilityButtonVisibilityChanged visible:true
06-28 18:57:22.659  1114  1456 V WindowManager: Checking 1 opening apps (frozen=false timeout=false), Track:  performsurface
06-28 18:57:22.660  1114  1456 V WindowManager: Check opening app=AppWindowToken{616761c token=Token{3fbf38f ActivityRecord{bca02ee u0 com.huawei.android.launcher/.unihome.UniHomeLauncher t1}}}: allDrawn=false startingDisplayed=false startingMoved=false isRelaunching()=false startingWindow=null
06-28 18:57:22.679  1993  4986 D HwRecentsTaskUtils: refreshToCache
06-28 18:57:22.679  1993  4986 D HwRecentsTaskUtils: searchFromDate
06-28 18:57:22.683  1114  3628 I chatty  : uid=1000(system) Binder:1114_F expire 5 lines
06-28 18:57:22.684   789   909 I chatty  : uid=1000(system) HwBinder:789_1 expire 5 lines
06-28 18:57:22.684  1114  1114 D MediaRouterService: onAudioPlayerActiveStateChanged: uid=10406, active=false, delaying
06-28 18:57:22.684  1667  1680 V AudioManager: mPlaybackCallbackList.size:1
06-28 18:57:22.684   576   576 I Zygote  : Process 9054 exited due to signal (9)
06-28 18:57:22.684  1667  2475 D AudioManager: dispatching onPlaybackConfigChanged()
06-28 18:57:22.684  1114 11860 D MediaRouterService: Client com.mixgo.PropertySEO (pid 9054): Died!
06-28 18:57:22.685  1114  1242 W ActivityManager: setHasOverlayUi called on unknown pid: 9054
06-28 18:57:22.691  1993  4986 I RecentsTaskLoadPlan: to show tasks size is 7
06-28 18:57:22.693  1993  1993 W HwLauncher: FolderIcon drawSelectedLabel bitmap null
06-28 18:57:22.694  1993  1993 I chatty  : uid=10070(com.huawei.android.launcher) identical 3 lines
06-28 18:57:22.695  1993  1993 W HwLauncher: FolderIcon drawSelectedLabel bitmap null
06-28 18:57:22.698  1993  1993 W HwLauncher: FolderIcon drawSelectedLabel bitmap null
06-28 18:57:22.701  1114  1737 I chatty  : uid=1000(system) Binder:1114_5 expire 1 line
06-28 18:57:22.702  1724  2056 I CommandQueue: updateBarBgColor
06-28 18:57:22.702  1724  2056 D CommandQueue: CommandQueue, setBarBackgroundColor
06-28 18:57:22.703  1724  1724 D TintManager: statusBarIconTint=99000000,navigationBarIconTint=99ffffff
06-28 18:57:22.718  1724  1724 D StatusBarIconController: setIconVisibility icon is null or visibility not change visibility=true
06-28 18:57:22.722  1993  1993 I ViewRootImpl: jank_removeInvalidNode all the node in jank list is out of time
06-28 18:57:22.724  1993  1993 W InputMethodManager: startInputReason = 1
06-28 18:57:22.724  1724  1724 D ImageWallpaper: onVisibilityChanged: mVisible, visible=false, true
06-28 18:57:22.724  1724  1724 D ImageWallpaper: Visibility changed to visible=true
06-28 18:57:22.724  1114  1456 V WindowManager_visibility: updateAllDrawn Add AppWindowToken{616761c token=Token{3fbf38f ActivityRecord{bca02ee u0 com.huawei.android.launcher/.unihome.UniHomeLauncher t1}}}
06-28 18:57:22.724  1724  1724 D ImageWallpaper: Suppressed drawFrame since redraw is not needed and offsets have not changed.sf=Rect(0, 0 - 2244, 2244)
06-28 18:57:22.725  1114  1456 V WindowManager_visibility: updateAllDrawn allDrawn=false interesting=1 drawn=1 relaunchCount=0 for AppWindowToken{616761c token=Token{3fbf38f ActivityRecord{bca02ee u0 com.huawei.android.launcher/.unihome.UniHomeLauncher t1}}}
06-28 18:57:22.725  1114  1456 V WindowManager: Checking 1 opening apps (frozen=false timeout=false), Track:  performsurface
06-28 18:57:22.725  1114  1456 V WindowManager: Check opening app=AppWindowToken{616761c token=Token{3fbf38f ActivityRecord{bca02ee u0 com.huawei.android.launcher/.unihome.UniHomeLauncher t1}}}: allDrawn=true startingDisplayed=false startingMoved=false isRelaunching()=false startingWindow=null
06-28 18:57:22.725  1114  1456 I WindowManager: closing apps count = 0
06-28 18:57:22.729  1114  1456 I WindowManager: exit info has been reset.
06-28 18:57:22.752  1724  1724 D ImageWallpaper: onOffsetsChanged: xOffset=0.0, yOffset=0.0, xOffsetStep=0.0, yOffsetStep=0.0, xPixels=0, yPixels=0
06-28 18:57:22.752  1724  1724 D ImageWallpaper: Suppressed drawFrame since redraw is not needed and offsets have not changed.sf=Rect(0, 0 - 2244, 2244)
06-28 18:57:22.752  1724  1724 D BarTransitions.HwPhoneStatusBarView: MODE_TRANSPARENT -> MODE_TRANSLUCENT animate=false
06-28 18:57:22.753  1724  1724 D BarTransitions.HwPhoneStatusBarView: applyModeBackground oldMode=MODE_TRANSPARENT newMode=MODE_TRANSLUCENT animate=false
06-28 18:57:22.753  1724  1724 D BarTransitions.HwNavigationBarView: MODE_TRANSPARENT -> MODE_TRANSLUCENT animate=false
06-28 18:57:22.753  1724  1724 D BarTransitions.HwNavigationBarView: applyModeBackground oldMode=MODE_TRANSPARENT newMode=MODE_TRANSLUCENT animate=false
06-28 18:57:22.755  1114  1561 I chatty  : uid=1000(system) WifiService expire 49 lines
06-28 18:57:22.762  1724  1724 D ImageWallpaper: onOffsetsChanged: xOffset=0.0, yOffset=0.0, xOffsetStep=0.0, yOffsetStep=0.0, xPixels=0, yPixels=0
06-28 18:57:22.763  1724  1724 D ImageWallpaper: Suppressed drawFrame since redraw is not needed and offsets have not changed.sf=Rect(0, 0 - 2244, 2244)
06-28 18:57:22.765   648   997 I chatty  : uid=1041(audioserver) ApmAudio expire 16 lines
06-28 18:57:22.767   648   998 I chatty  : uid=1041(audioserver) ApmOutput expire 11 lines
06-28 18:57:22.767   755   815 I dubaid  : [AudioHandler.cpp] stopSession# Failed to find audio session: 2089
06-28 18:57:22.769  1993  1993 W HwLauncher: FolderIcon drawSelectedLabel bitmap null
06-28 18:57:22.771  1114  1823 I ActivityManager: Force stopping com.mixgo.PropertySEO appid=10406 user=0: from pid 9408by app
06-28 18:57:22.773  1993  1993 W HwLauncher: FolderIcon drawSelectedLabel bitmap null
06-28 18:57:22.776   631  1072 I libRGBW37_ALGO: [RGBW_proc.575 ] [RGBW_MODE] input_mode:0,RGBW_output_mode:2
06-28 18:57:22.777  1114  1114 V AlarmManager: UninstallReceiver onReceive action:android.intent.action.PACKAGE_RESTARTED
06-28 18:57:22.777  1114  1114 I AlarmManager: remove com.android.server.-$$Lambda$AlarmManagerService$qehVSjTLWvtJYPGgKh2mkJ6ePnk@363ecd0 according to uid:10406
06-28 18:57:22.778  1114  1114 V NotificationListeners: enabling notification listener for 0: ComponentInfo{com.baidu.searchbox/com.baidu.searchbox.lockscreen.notification.NotificationMonitorService}
06-28 18:57:22.779  1869  1869 I HwCoreAppHelperService: LocalReceiver receives:android.intent.action.PACKAGE_RESTARTED,pkg:com.mixgo.PropertySEO,uid:10406
06-28 18:57:22.780  3045  3045 E NfcNci  : NfcUtils error: APP do not have nfc permission
06-28 18:57:22.780  3045  3045 E NfcNci  : NfcUtils error: APP do not have nfc permission
06-28 18:57:22.780  1969  1969 D CarrierSvcBindHelper: No carrier app for: 0
06-28 18:57:22.781  1114  1114 V NotificationListeners: binding: Intent { act=android.service.notification.NotificationListenerService cmp=com.baidu.searchbox/.lockscreen.notification.NotificationMonitorService (has extras) }
06-28 18:57:22.781  1969  1969 D CarrierSvcBindHelper: No carrier app for: 1
06-28 18:57:22.781  1114  1114 W NotificationListeners: Unable to bind notification listener service: Intent { act=android.service.notification.NotificationListenerService cmp=com.baidu.searchbox/.lockscreen.notification.NotificationMonitorService (has extras) }
06-28 18:57:22.781  1114  1114 W NotificationListeners: Not binding notification listener service ComponentInfo{android/com.android.server.emcom.grabservice.NotificationListener}: service not found
06-28 18:57:22.781  1114  1114 W NotificationAssistants: rebindServices() ignore for NotificationAssistantService
06-28 18:57:22.807  1900  3750 D Nc_Chr_BT: NcBtDftManager: checkIfNeedUploadBtKPIEvent time left(mins):1019, intervalTime:1440, ExceptionEventCount:30
06-28 18:57:22.808  1900  3750 D Nc_Chr_BT: NcBtDftManager: checkIfNeedUploadBLEAppInfo time left(mins):1019, intervalTime:1440
06-28 18:57:22.808  1900  3750 D Nc_Chr_BT: NcBtDftManager: checkIfNeedUploadDevInfo time left(mins):1019, intervalTime:1440
06-28 18:57:22.831   626  1275 I chatty  : uid=1041(audioserver) HwBinder:626_1 expire 7 lines
06-28 18:57:22.842   796 27279 I subscribe: onTransact: received NATIVE_HIVIEW_UPLOADREADY, content = [uploadReadyParam=1561719452841;10000;2]
06-28 18:57:22.842   796 27279 I subscribe: handle_client_upload_ready, into
06-28 18:57:22.842   796 27279 E subscribe: deadline_time is 1561719452841
06-28 18:57:22.842   796 27279 E subscribe: wait_time_len is 0
06-28 18:57:22.842   796 27279 E subscribe: special_tag is 2
06-28 18:57:22.884   755  1268 E dubaid  : [WifiHandler.cpp] getTrafficData# Can not find name for uid=10405
06-28 18:57:22.906  8833  9350 W libEGL  : EGLNativeWindowType 0x7297af0010 disconnect failed
06-28 18:57:22.907  1114  1737 V WindowManager: removeIfPossible: Window{855cd7d u0 Toast}
06-28 18:57:22.910  1114  1737 V WindowManager: Not removing Window{855cd7d u0 Toast EXITING} due to exit animation 
06-28 18:57:23.027  1114  1456 V WindowManager: Exit animation finished in Window{855cd7d u0 Toast EXITING}: remove=true
06-28 18:57:23.030  1114  1823 I chatty  : uid=1000(system) Binder:1114_7 expire 4 lines
06-28 18:57:23.030  1114  1823 I ActivityManager: START u0 {flg=0x10000000 cmp=com.mixgo.PropertySEO/cn.jiguang.unity.push.UnityPluginActivity} from uid 2000
06-28 18:57:23.030   780   805 D AwareLog: iawared: workingset_process_command subCmd = 354, uid=10406, pid=0, com.mixgo.PropertySEO
06-28 18:57:23.030   780   805 D AwareLog: iawared: workingset_send_preread_msg com.mixgo.PropertySEO
06-28 18:57:23.030   780   805 D AwareLog: iawared: workingsetStart com.mixgo.PropertySEO in monitor0
06-28 18:57:23.031  1114  1456 V WindowManager: postWindowRemoveCleanupLocked: Window{855cd7d u0 Toast}
06-28 18:57:23.031  1114  1823 I ActivityManager: ActivityRecord info: ActivityInfo{90892a6 cn.jiguang.unity.push.UnityPluginActivity}
06-28 18:57:23.031  1114  1456 V WindowManager: Removing Window{855cd7d u0 Toast} from WindowToken{f4877d4 android.os.BinderProxy@a428927}
06-28 18:57:23.033  1952  1966 I chatty  : uid=1000(system) Binder:1952_1 expire 5 lines
06-28 18:57:23.033   780  9105 I Pged-IPgedBinderService: ****action is 1, pid num is 2***
06-28 18:57:23.033   780  9105 I Pged-Freezer: freezePids
06-28 18:57:23.033   780  9105 I Pged-Freezer: Freeze process: 30304
06-28 18:57:23.038  1114  1823 V WindowManager: addAppToken: AppWindowToken{49b3332 token=Token{d3bf3d ActivityRecord{9a41894 u0 com.mixgo.PropertySEO/cn.jiguang.unity.push.UnityPluginActivity t230}}} controller={TaskWindowContainerController taskId=230} at 2147483647
06-28 18:57:23.040  1114  1219 W HwActivityManagerServiceEx: HwActivityNotifier end call android.app.IHwActivityNotifier$Stub$Proxy@88cf16b for activityLifeState under user 0 cost 1
06-28 18:57:23.040 25009 25020 I HiSearch9.0.2.303: [LauncherOverlayService]: LAUNCHER_INTERACTION from launcher and invoke id = -222
06-28 18:57:23.040 25009 25020 I HiSearch9.0.2.303: [LauncherOverlayService]: isOverlayClosed = true
06-28 18:57:23.040 25009 25020 I HiSearch9.0.2.303: [LauncherOverlayService]: LAUNCHER_INTERACTION from launcher and invoke, overlay closed, return. 
06-28 18:57:23.040  1993  1993 D ZrHung.AppEyeUiProbe: stop checker.
06-28 18:57:23.041  1993  9412 D MotionDetectionManager: stopMotionAppsReco motionApps: 403
06-28 18:57:23.041  1993  9412 D MotionDetectionManager: stopMotionAppsReco not recognition motionApps 403
06-28 18:57:23.041  1993  9412 W HwLauncher: Launcher.MotionManager stopMotionAppsReco service flg 403 is unavailable
06-28 18:57:23.041  1114  1456 I chatty  : uid=1000(system) android.anim expire 15 lines
06-28 18:57:23.043  1114  1737 V ActivityManager: startProcess: name=com.mixgo.PropertySEO app=null knownToBeDead=true thread=null pid=-1
06-28 18:57:23.044   780   805 D AwareLog: iawared: workingset_process_command subCmd = 354, uid=10406, pid=0, com.mixgo.PropertySEO
06-28 18:57:23.044   780   805 D AwareLog: iawared: workingsetStart com.mixgo.PropertySEO in monitor0
06-28 18:57:23.049  1114  1456 V WindowManager: addWindow: Window{f0a4873 u0 Splash Screen com.mixgo.PropertySEO}
06-28 18:57:23.050  1114  1737 V ActivityManager: startProcess: name=com.mixgo.PropertySEO app=ProcessRecord{9a325d7 0:com.mixgo.PropertySEO/u0a406} knownToBeDead=true thread=null pid=0
06-28 18:57:23.053  1993  9413 W HwLauncher: getDownloadInfo return null!
06-28 18:57:23.053  1114  1219 W HwActivityManagerServiceEx: HwActivityNotifier end call android.app.IHwActivityNotifier$Stub$Proxy@88cf16b for activityLifeState under user 0 cost 0
06-28 18:57:23.060   780   780 W iaware  : type=1400 audit(0.0:37665): avc: denied { dac_override } for capability=1 scontext=u:r:hwpged:s0 tcontext=u:r:hwpged:s0 tclass=capability permissive=0
06-28 18:57:23.060   780   780 W iaware  : type=1400 audit(0.0:37666): avc: denied { dac_read_search } for capability=2 scontext=u:r:hwpged:s0 tcontext=u:r:hwpged:s0 tclass=capability permissive=0
06-28 18:57:23.060  9414  9414 I         : power log dlsym ok
06-28 18:57:23.061  1114  9420 D PackageManager: resolve intent for uid:1000, matchs:3, res:ResolveInfo{6a4d52e com.huawei.android.launcher/.unihome.UniHomeLauncher m=0x108000}
06-28 18:57:23.061  1114  9420 I chatty  : uid=1000 system_server expire 1 line
06-28 18:57:23.061  1114  1225 I ActivityManager: Start proc 9414:com.mixgo.PropertySEO/u0a406 for activity com.mixgo.PropertySEO/cn.jiguang.unity.push.UnityPluginActivity
06-28 18:57:23.063   780   805 D AwareLog: iawared: workingset_process_command subCmd = 350, uid=10406, pid=9414, com.mixgo.PropertySEO
06-28 18:57:23.063   780   805 E AwareLog: iawared: workingset_path_check Failed to lstat(/data/system/iaware/workingset/): Permission denied
06-28 18:57:23.063   780   805 E AwareLog: iawared: workingset_path_check Failed to create directory(/data/system/iaware/workingset/): Permission denied
06-28 18:57:23.063   780   805 D AwareLog: iawared: workingsetStart com.mixgo.PropertySEO in monitor0
06-28 18:57:23.063  1114  1837 E ProcessInfoCollector: getProcessInfo: failed to find this proc 
06-28 18:57:23.064  9414  9414 I chatty  : uid=10406(com.mixgo.PropertySEO) expire 15 lines
06-28 18:57:23.073  9414  9414 D ActivityThread: Attach thread to application
06-28 18:57:23.074  1114  1581 I HwAudioServiceEx: check HiRes Icon false
06-28 18:57:23.075  1114  1737 D HwPhoneWindowManager: sensorRotation = -1 lastRotation:0
06-28 18:57:23.081  1114  2570 D HwLocationManagerService: on transact ADD_LOCATION_MODE  uid is 10406 , expectedmode is 3 , packagename is com.mixgo.PropertySEO
06-28 18:57:23.081  1114  2570 D HwLocationManagerService: uid is 10406 , isWifiConn is true , isMobileConn is false
06-28 18:57:23.081  1114  2570 I HwNetworkPolicy: onTransact, code = 203
06-28 18:57:23.081  1114  2570 I HwNetworkPolicyManager: getHwUidPolicy uid = 10406 policy = 0
06-28 18:57:23.081  1114  2570 D HwLocationManagerService: policy is 0 , wifiAccess is true, mobileAccess is true
06-28 18:57:23.081  1114  2570 D HwLocationManagerService: wifiAvaiable is true , mobileAvailable is false
06-28 18:57:23.081  1114  2570 D HwLocationManagerService: addSupervisoryControlProc, mExpectedMode is network,packagename=com.mixgo.PropertySEO, mSupervisoryPkgList is {com.mixgo.PropertySEO=network}
06-28 18:57:23.081  1114  2570 D HwLocationManagerService:  package has no request send yet
06-28 18:57:23.082  2461  2661 D BluetoothAdapter: isLeEnabled(): ON
06-28 18:57:23.082  1667  2401 W Bth-btfreeze: BluetoothFreeze:tag: 182  uid: 1000  pid: 2461
06-28 18:57:23.084  1667  2401 W Bth-btfreeze: BluetoothFreeze:tag: 182  uid: 1000
06-28 18:57:23.085  1667  2401 W Bth-btfreeze: BluetoothFreeze:tag: 182  uid: 1000  pid: 2461
06-28 18:57:23.085  1114  1737 W HwActivityManagerServiceEx: appSwitch from: com.huawei.android.launcher to: com.mixgo.PropertySEO
06-28 18:57:23.085  1114  1219 W HwActivityManagerServiceEx: HwActivityNotifier end call android.app.IHwActivityNotifier$Stub$Proxy@b3922e9 for appSwitch under user 0 cost 0
06-28 18:57:23.085  1114  1219 W HwActivityManagerServiceEx: HwActivityNotifier end call android.app.IHwActivityNotifier$Stub$Proxy@92d0b6e for appSwitch under user 0 cost 0
06-28 18:57:23.088  1114  1581 I chatty  : uid=1000(system) Thread-17 expire 2 lines
06-28 18:57:23.089  1724  1724 D StatusBarIconController: setIconVisibility icon is null or visibility not change visibility=false
06-28 18:57:23.093  1869  1882 I BoosterSwitchP: notifyUidState do nothing
06-28 18:57:23.093  1869  1882 I DeepNoDisturbP: notifyUidState
06-28 18:57:23.093  1869  1882 I HidataAppQoeP: notifyUidState
06-28 18:57:23.093  1869  1882 I BrowserChrP: notifyUidState
06-28 18:57:23.096  1114  1817 I HwNetworkPolicy: onTransact, code = 203
06-28 18:57:23.096  2017  2506 I HwNetworkPolicyManager: getHwUidPolicy uid = 10406 policy = 0
06-28 18:57:23.096  1114  2570 I HwAudioService: now type = 255,reportForegroundAppType = 9,pkg = null,systemload = 255mVoipOptimizeInGameModetrue
06-28 18:57:23.096  1114  1817 I HwApsManagerConfig: APSLog -> getFps:[from:unkown source,pkgName:com.mixgo.PropertySEO,fps:-1]
06-28 18:57:23.096  1114  2570 D HwAudioService: support voip optinization during game mode.
06-28 18:57:23.100   635  9430 I chatty  : uid=1000(system) hwsched@1.0-ser expire 1 line
06-28 18:57:23.100   750 29088 D iTouchService: itouch currentPackageName=com.mixgo.PropertySEO
06-28 18:57:23.100   750 29088 D iTouchService: itouch appType=-5 appState=1 gameMode=2
06-28 18:57:23.100   750 29088 D iTouchService: itouch getCurrentParmID tempPkg=com.mixgo.xxx
06-28 18:57:23.100   750 29088 D iTouchService: itouch:game_switch is disable
06-28 18:57:23.100   750 29088 D iTouchService: itouch:styluspen_switch is disable
06-28 18:57:23.100   750 29088 D iTouchService: itouch:currentAppTypeName =|ITOUCHGAME|
06-28 18:57:23.101  1114  1456 V WindowManager: Checking 1 opening apps (frozen=false timeout=false), Track: updateconfig performsurface
06-28 18:57:23.101  1114  1456 V WindowManager: Check opening app=AppWindowToken{49b3332 token=Token{d3bf3d ActivityRecord{9a41894 u0 com.mixgo.PropertySEO/cn.jiguang.unity.push.UnityPluginActivity t230}}}: allDrawn=false startingDisplayed=true startingMoved=false isRelaunching()=false startingWindow=Window{f0a4873 u0 Splash Screen com.mixgo.PropertySEO}
06-28 18:57:23.101  1114  1456 I WindowManager: closing apps count = 1
06-28 18:57:23.106  9414  9429 I chatty  : uid=10406(com.mixgo.PropertySEO) expire 3 lines
06-28 18:57:23.108  1724  1724 D BarTransitions.HwPhoneStatusBarView: MODE_TRANSLUCENT -> MODE_TRANSPARENT animate=false
06-28 18:57:23.108  1724  1724 D BarTransitions.HwPhoneStatusBarView: applyModeBackground oldMode=MODE_TRANSLUCENT newMode=MODE_TRANSPARENT animate=false
06-28 18:57:23.108  1724  1724 D BarTransitions.HwNavigationBarView: MODE_TRANSLUCENT -> MODE_TRANSPARENT animate=false
06-28 18:57:23.108  1724  1724 D BarTransitions.HwNavigationBarView: applyModeBackground oldMode=MODE_TRANSLUCENT newMode=MODE_TRANSPARENT animate=false
06-28 18:57:23.123  9414  9433 I chatty  : uid=10406(com.mixgo.PropertySEO) expire 1 line
06-28 18:57:23.125  9414  9435 D ZrHung.AppEyeUiProbe: Runnable thread started.
06-28 18:57:23.125  9414  9435 D IMonitor: Load library imonitor_jni
06-28 18:57:23.131  9414  9414 V ActivityThread: Skipping new config:{1.0 ?mcc?mnc [zh_CN_#Hans,en_US] ldltr sw360dp w360dp h719dp 480dpi nrml long hdr port finger -keyb/v/h -nav/h winConfig={ mBounds=Rect(0, 0 - 0, 0) mAppBounds=Rect(0, 85 - 1080, 2244) mWindowingMode=fullscreen mActivityType=undefined} nonFullScreen=0 suim:1 s.9}, config:{1.0 ?mcc?mnc [zh_CN_#Hans,en_US] ldltr sw360dp w360dp h719dp 480dpi nrml long hdr port finger -keyb/v/h -nav/h winConfig={ mBounds=Rect(0, 0 - 0, 0) mAppBounds=Rect(0, 85 - 1080, 2244) mWindowingMode=fullscreen mActivityType=undefined} nonFullScreen=0 suim:1 s.9} for app:com.mixgo.PropertySEO
06-28 18:57:23.137  9414  9414 V HwPolicyFactory: : success to get AllImpl object and return....
06-28 18:57:23.140  9414  9414 V ActivityThread: callActivityOnCreate
06-28 18:57:23.143  9414  9414 I HwApsImpl: APS: new HwApsImpl created
06-28 18:57:23.144  9414  9414 I hwaps   : HwAps: JNI_OnLoad
06-28 18:57:23.147  9414  9414 W Unity   : Failed to get permission info for android.permission.RECEIVE_USER_PRESENT, manifest likely missing custom permission declaration
06-28 18:57:23.147  9414  9414 W Unity   : Permission android.permission.RECEIVE_USER_PRESENT ignored
06-28 18:57:23.150  1993 26431 D HwRecentsTaskUtils: refreshToCache
06-28 18:57:23.150  1993 26431 D HwRecentsTaskUtils: searchFromDate
06-28 18:57:23.155  1993 26431 I RecentsTaskLoadPlan: to show tasks size is 7
06-28 18:57:23.157  9414  9414 D OpenGLRenderer: Skia GL Pipeline
06-28 18:57:23.159  9414  9414 D HiTouch_PressGestureDetector: HiTouch on notch display, height corret:85
06-28 18:57:23.159  9414  9414 V HwWidgetFactory: : successes to get AllImpl object and return....
06-28 18:57:23.161  9414  9414 D ActivityThread: add activity client record, r= ActivityRecord{cce73a6 token=android.os.BinderProxy@9746193 {com.mixgo.PropertySEO/cn.jiguang.unity.push.UnityPluginActivity}} token= android.os.BinderProxy@9746193
06-28 18:57:23.162  9414  9414 D ZrHung.AppEyeUiProbe: notify runnable to start.
06-28 18:57:23.167  9414  9414 D HwAppInnerBoostImpl: set config for com.mixgo.PropertySEO BOOST_FLAG=true REPORT_DURATION_CLICK=1000 REPORT_TIMES_CLICK=3 REPORT_DURATION_SLIDE=5000 REPORT_TIMES_SLIDE=16
06-28 18:57:23.170  1114 12415 V WindowManager: addWindow: Window{8adb3bf u0 com.mixgo.PropertySEO/cn.jiguang.unity.push.UnityPluginActivity}
06-28 18:57:23.171  1114 12415 D HwGameAssistantController: pid=9414, uid=10406, component=ComponentInfo{com.mixgo.PropertySEO/cn.jiguang.unity.push.UnityPluginActivity}
06-28 18:57:23.171  1900 15673 I OPCollectLog: AppChangeImpl:pid: 9414 uid: 10406 pkg: com.mixgo.PropertySEO class: cn.jiguang.unity.push.UnityPluginActivity
06-28 18:57:23.171  1114 12415 I chatty  : uid=1000(system) Binder:1114_1E expire 8 lines
06-28 18:57:23.171  1114  1243 D HwGameAssistantController: UPDATE: mCurFgPkg=com.mixgo.PropertySEO, mCurFgPid=9414, mCurIsGame=false
06-28 18:57:23.171  1900  2185 I OPCollectLog: HwForegroundAppAction:handleMessage 
06-28 18:57:23.172  1114  1219 W HwActivityManagerServiceEx: HwActivityNotifier end call android.app.IHwActivityNotifier$Stub$Proxy@88cf16b for activityLifeState under user 0 cost 1
06-28 18:57:23.172  1900  2185 I OPCollectLog: Action:HwForegroundAppAction executed successfully
06-28 18:57:23.172   646   646 D WifiHW  : chip is bcm bcm43xx
06-28 18:57:23.172   646   646 D         : Enter bcm_game_kog_adjust_speed: freq= 2437 mode= 6
06-28 18:57:23.172   646   646 D         : Enter wl_set_pmlock: pmlock= 0
06-28 18:57:23.173   646   646 D         : wl_set_pmlock: ret: 0
06-28 18:57:23.175  6701  6759 I [HwRecSys]OdmfCollectScheduler: handleMessage msg: 6
06-28 18:57:23.175  6701  6759 E [HwRecSys]HwRecSysService: Rec sys service not started.
06-28 18:57:23.176  1900  2190 I OPCollectLog: OdmfHelper:insert dsCollectEncrypt success 
06-28 18:57:23.177  1114 11860 D PackageManager: resolve intent for uid:10406, matchs:3, res:ResolveInfo{373ea8c com.huawei.android.launcher/.unihome.UniHomeLauncher m=0x108000}
06-28 18:57:23.179  1114 12415 I WindowManager: relayoutVisibleWindow: set isFormatChanged
06-28 18:57:23.180  9414  9440 I HiTouch_HiTouchSensor: enabledInPad = false,isPcCastMode = false
06-28 18:57:23.181  1114 12415 V HwPhoneWindowManager: updateSystemUiColorLw window=Window{8adb3bf u0 com.mixgo.PropertySEO/cn.jiguang.unity.push.UnityPluginActivity},EmuiStyle=0,StatusBarColor=0xff000000,NavigationBarColor=0xff000000, mLastIsEmuiLightStyle=-1, mForceNotchStatusBar=false
06-28 18:57:23.182  1724  2056 I CommandQueue: updateBarBgColor
06-28 18:57:23.182  1724  2056 D CommandQueue: CommandQueue, setBarBackgroundColor
06-28 18:57:23.183  1724  1724 D TintManager: statusBarIconTint=99ffffff,navigationBarIconTint=99ffffff
06-28 18:57:23.184  9414  9414 D HwGalleryCacheManagerImpl: mIsEffect:false
06-28 18:57:23.196  1724  1724 D StatusBarIconController: setIconVisibility icon is null or visibility not change visibility=true
06-28 18:57:23.222   753  1599 E DE N ABT: mergeProcessorOperating:1225: COMPONENT_RGBW already has data, can't add new data with mode(0x1000000), mode:0x16->0x1000016
06-28 18:57:23.230   631  1072 I libRGBW37_ALGO: [RGBW_proc.575 ] [RGBW_MODE] input_mode:3,RGBW_output_mode:3
06-28 18:57:23.231  9414  9414 D skia    : external skia thread pool create.
06-28 18:57:23.265   613  1029 I GRALLOC : getCallingPid=650, shrFd=31,fmt=0x1,intFmt=0x1,btStrd=4352,size=9768960,pid=613 
06-28 18:57:23.265   613  1029 I GRALLOC : 	 yuv=2,w=1080,h=2244,Stride u=0 v=0,offset u=0 v=0 
06-28 18:57:23.265   613  1029 I GRALLOC : 	 iova_size=9768960,conUsg=0x906,proUsg=0x966,	 strd=1088,[afbc]HdrStrd=0 PyldStrd=0 Scrmbl=0,ionhnd = 1 
06-28 18:57:23.277  9414  9414 E ion     : ioctl c0044901 failed with code -1: Invalid argument
06-28 18:57:23.278  9414  9414 I ViewRootImpl: jank_removeInvalidNode jank list is null
06-28 18:57:23.278  9414  9414 W InputMethodManager: startInputReason = 1
06-28 18:57:23.279  1114  1456 V WindowManager_visibility: updateAllDrawn Add AppWindowToken{49b3332 token=Token{d3bf3d ActivityRecord{9a41894 u0 com.mixgo.PropertySEO/cn.jiguang.unity.push.UnityPluginActivity t230}}}
06-28 18:57:23.279  1114  1456 V WindowManager_visibility: updateAllDrawn allDrawn=false interesting=1 drawn=1 relaunchCount=0 for AppWindowToken{49b3332 token=Token{d3bf3d ActivityRecord{9a41894 u0 com.mixgo.PropertySEO/cn.jiguang.unity.push.UnityPluginActivity t230}}}
06-28 18:57:23.286  1114  1242 D ActivityManager: EVENT_APP_ACTIVITY_DISPLAYED_FINISH reportData: com.mixgo.PropertySEO/cn.jiguang.unity.push.UnityPluginActivity 9414 238
06-28 18:57:23.286  1114  1456 V WindowManager: removeIfPossible: Window{f0a4873 u0 Splash Screen com.mixgo.PropertySEO}
06-28 18:57:23.289  9414  9414 W InputMethodManager: startInputReason = 5
06-28 18:57:23.289  1114  1456 V WindowManager: Not removing Window{f0a4873 u0 Splash Screen com.mixgo.PropertySEO EXITING} due to exit animation 
06-28 18:57:23.294   613  1029 I GRALLOC : getCallingPid=650, shrFd=31,fmt=0x1,intFmt=0x1,btStrd=4352,size=9768960,pid=613 
06-28 18:57:23.294   613  1029 I GRALLOC : 	 yuv=2,w=1080,h=2244,Stride u=0 v=0,offset u=0 v=0 
06-28 18:57:23.294   613  1029 I GRALLOC : 	 iova_size=9768960,conUsg=0x906,proUsg=0x966,	 strd=1088,[afbc]HdrStrd=0 PyldStrd=0 Scrmbl=0,ionhnd = 1 
06-28 18:57:23.297  9414  9437 I Unity   : SystemInfo CPU = ARMv7 VFPv3 NEON, Cores = 8, Memory = 5700mb
06-28 18:57:23.297  9414  9437 I Unity   : SystemInfo ARM big.LITTLE configuration: 4 big (mask: 240), 4 little (mask: 15)
06-28 18:57:23.297  9414  9437 I Unity   : ApplicationInfo com.mixgo.PropertySEO version 1.05 build c4597d3e-8bdb-429c-b192-e4a0633f36e0
06-28 18:57:23.297  9414  9437 I Unity   : Built from '2017.4/staging' branch, Version '2017.4.15f1 (5d485b4897a7)', Build type 'Release', Scripting Backend 'mono'
06-28 18:57:23.307  8833  9302 D UIAutomatorStub: URI: /jsonrpc/0, Method: POST, params, {NanoHttpd.QUERY_STRING=null}, files: {postData={"jsonrpc": "2.0", "id": "46a259827d9c868c322af4f46ed34930", "method": "waitForExists", "params": [{"mask": 1, "childOrSibling": [], "childOrSiblingSelector": [], "text": "ECOPROP"}, 2000]}}
06-28 18:57:23.312  8833  9302 W QueryController: Could not detect idle state.
06-28 18:57:23.314  1114  1114 I WindowManager: notifyAccessibilityButtonVisibilityChanged visible:false
06-28 18:57:23.320  1724  1724 W HwKeyguardDragHelper: AnimationBlocked 
06-28 18:57:23.320  8833  9302 W AccessibilityInteractionClient: old interaction Id is: -1,current interaction Id is:48
06-28 18:57:23.321  1724  1724 I PhoneStatusBarView: setAlpha with value : 1.0
06-28 18:57:23.321  1724  1724 I PhoneStatusBarView: setAlpha with value : 1.0
06-28 18:57:23.326   650   650 D Layer   : Skip in Layer::computeScreenBounds 1
06-28 18:57:23.328   614  1023 W hwcomposer: setGpuFreqBoost:148: boostGpuFreq succ !
06-28 18:57:23.329   650   650 D Layer   : Skip in Layer::computeScreenBounds 1
06-28 18:57:23.331   650   650 D Layer   : Skip in Layer::computeScreenBounds 1
06-28 18:57:23.334  8833  9302 W AccessibilityInteractionClient: old interaction Id is: -1,current interaction Id is:49
06-28 18:57:23.339  8833  9302 W AccessibilityInteractionClient: old interaction Id is: -1,current interaction Id is:50
06-28 18:57:23.341   650   650 D Layer   : Skip in Layer::computeScreenBounds 1
06-28 18:57:23.346  8833  9302 W AccessibilityInteractionClient: old interaction Id is: -1,current interaction Id is:53
06-28 18:57:23.346   650   650 D Layer   : Skip in Layer::computeScreenBounds 1
06-28 18:57:23.346   650   650 D Layer   : Skip in Layer::computeScreenBounds 1
06-28 18:57:23.346   650   650 D Layer   : Skip in Layer::computeScreenBounds 1
06-28 18:57:23.356  9414  9437 I ConfigStore: android::hardware::configstore::V1_0::ISurfaceFlingerConfigs::hasWideColorDisplay retrieved: 0
06-28 18:57:23.356  9414  9437 I ConfigStore: android::hardware::configstore::V1_0::ISurfaceFlingerConfigs::hasHDRDisplay retrieved: 0
06-28 18:57:23.357   650   650 D Layer   : Skip in Layer::computeScreenBounds 1
06-28 18:57:23.357   650   650 D Layer   : Skip in Layer::computeScreenBounds 1
06-28 18:57:23.357  8833  9302 W AccessibilityInteractionClient: old interaction Id is: -1,current interaction Id is:54
06-28 18:57:23.357   650   650 D Layer   : Skip in Layer::computeScreenBounds 1
06-28 18:57:23.358   650   650 D Layer   : Skip in Layer::computeScreenBounds 1
06-28 18:57:23.358  9414  9437 D AwareLog: Game opt is enable
06-28 18:57:23.358  9414  9437 D         : initLayerData
06-28 18:57:23.358   650   650 D Layer   : Skip in Layer::computeScreenBounds 1
06-28 18:57:23.358  9414  9437 I iGraphics: [0020080c] pn: com.mixgo.PropertySEO, p: 9414
06-28 18:57:23.358   650   650 D Layer   : Skip in Layer::computeScreenBounds 1
06-28 18:57:23.358   650   650 D Layer   : Skip in Layer::computeScreenBounds 1
06-28 18:57:23.358  9414  9437 I iGraphics: [0030050a] lv: 1.0, cv: 9, Version:B343
06-28 18:57:23.358  9414  9437 W iGraphics: [0030050c] com.mixgo.PropertySEO not in
06-28 18:57:23.358  9414  9437 I iGraphics: [0030080c] opt app: 0
06-28 18:57:23.360   650   650 D Layer   : Skip in Layer::computeScreenBounds 1
06-28 18:57:23.361   650   650 D Layer   : Skip in Layer::computeScreenBounds 1
06-28 18:57:23.361  9414  9437 I iGraphics: [0030080c] opt app: 0
06-28 18:57:23.361   650   650 D Layer   : Skip in Layer::computeScreenBounds 1
06-28 18:57:23.361   650   650 D Layer   : Skip in Layer::computeScreenBounds 1
06-28 18:57:23.361  9414  9437 I iGraphics: [0030080c] opt app: 0
06-28 18:57:23.361   650   650 D Layer   : Skip in Layer::computeScreenBounds 1
06-28 18:57:23.362   650   650 D Layer   : Skip in Layer::computeScreenBounds 1
06-28 18:57:23.363  9414  9437 D mali_winsys: EGLint new_window_surface(egl_winsys_display *, void *, EGLSurface, EGLConfig, egl_winsys_surface **, EGLBoolean) returns 0x3000
06-28 18:57:23.364  9414  9414 W UnityMain: type=1400 audit(0.0:37667): avc: granted { create } for name="1e65f0debf23542e9876871fdae6a906" scontext=u:r:untrusted_app:s0:c150,c257,c512,c768 tcontext=u:object_r:sdcardfs:s0:c150,c257,c512,c768 tclass=file
06-28 18:57:23.369  9414  9437 D Unity   :  GL_EXT_debug_marker GL_ARM_rgba8 GL_ARM_mali_shader_binary GL_OES_depth24 GL_OES_depth_texture GL_OES_depth_texture_cube_map GL_OES_packed_depth_stencil GL_OES_rgb8_rgba8 GL_EXT_read_format_bgra GL_OES_compressed_paletted_texture GL_OES_compressed_ETC1_RGB8_texture GL_OES_standard_derivatives GL_OES_EGL_image GL_OES_EGL_image_external GL_OES_EGL_image_external_essl3 GL_OES_EGL_sync GL_OES_texture_npot GL_OES_vertex_half_float GL_OES_required_internalformat GL_OES_vertex_array_object GL_OES_mapbuffer GL_EXT_texture_format_BGRA8888 GL_EXT_texture_rg GL_EXT_texture_type_2_10_10_10_REV GL_OES_fbo_render_mipmap GL_OES_element_index_uint GL_EXT_shadow_samplers GL_OES_texture_compression_astc GL_KHR_texture_compression_astc_ldr GL_KHR_texture_compression_astc_hdr GL_KHR_texture_compression_astc_sliced_3d GL_KHR_debug GL_EXT_occlusion_query_boolean GL_EXT_disjoint_timer_query GL_EXT_blend_minmax GL_EXT_discard_framebuffer GL_OES_get_program_binary GL_OES_texture_3D GL_EXT_texture_storage GL_EXT_multisampled_render_
06-28 18:57:23.369  9414  9437 D Unity   : to_texture GL_OES_surfaceless_context GL_OES_texture_stencil8 GL_EXT_shader_pixel_local_storage GL_ARM_shader_framebuffer_fetch GL_ARM_shader_framebuffer_fetch_depth_stencil GL_ARM_mali_program_binary GL_EXT_sRGB GL_EXT_sRGB_write_control GL_EXT_texture_sRGB_decode GL_EXT_texture_sRGB_R8 GL_EXT_texture_sRGB_RG8 GL_KHR_blend_equation_advanced GL_KHR_blend_equation_advanced_coherent GL_OES_texture_storage_multisample_2d_array GL_OES_shader_image_atomic GL_EXT_robustness GL_EXT_draw_buffers_indexed GL_OES_draw_buffers_indexed GL_EXT_texture_border_clamp GL_OES_texture_border_clamp GL_EXT_texture_cube_map_array GL_OES_texture_cube_map_array GL_OES_sample_variables GL_OES_sample_shading GL_OES_shader_multisample_interpolation GL_EXT_shader_io_blocks GL_OES_shader_io_blocks GL_EXT_tessellation_shader GL_OES_tessellation_shader GL_EXT_primitive_bounding_box GL_OES_primitive_bounding_box GL_EXT_geometry_shader GL_OES_geometry_shader GL_ANDROID_extension_pack_es31a GL_EXT_gpu_shader5 GL_OES_gpu_shader5 GL_EXT_texture
06-28 18:57:23.369  9414  9437 D Unity   : _buffer GL_OES_texture_buffer GL_EXT_copy_image GL_OES_copy_image GL_EXT_shader_non_constant_global_initializers GL_EXT_color_buffer_half_float GL_EXT_color_buffer_float GL_EXT_YUV_target GL_OVR_multiview GL_OVR_multiview2 GL_OVR_multiview_multisampled_render_to_texture GL_KHR_robustness GL_KHR_robust_buffer_access_behavior GL_EXT_draw_elements_base_vertex GL_OES_draw_elements_base_vertex GL_EXT_protected_textures GL_EXT_buffer_storage
06-28 18:57:23.371  9414  9437 D         : setLayerData
06-28 18:57:23.374   650   650 D Layer   : Skip in Layer::computeScreenBounds 1
06-28 18:57:23.378   650   650 D Layer   : Skip in Layer::computeScreenBounds 1
06-28 18:57:23.379  9414  9465 D         : setLayerData
06-28 18:57:23.388  8833  8842 W System  : A resource failed to call end. 
06-28 18:57:23.390  8833  8842 I chatty  : uid=10380(com.github.uiautomator) FinalizerDaemon identical 22 lines
06-28 18:57:23.390  8833  8842 W System  : A resource failed to call end. 
06-28 18:57:23.390   650   650 D Layer   : Skip in Layer::computeScreenBounds 1
06-28 18:57:23.390  8833  8842 W System  : A resource failed to call end. 
06-28 18:57:23.390   650   650 D Layer   : Skip in Layer::computeScreenBounds 1
06-28 18:57:23.390  8833  8842 W System  : A resource failed to call end. 
06-28 18:57:23.390  8833  8842 W System  : A resource failed to call end. 
06-28 18:57:23.390   650   650 D Layer   : Skip in Layer::computeScreenBounds 1
06-28 18:57:23.390   650   650 D Layer   : Skip in Layer::computeScreenBounds 1
06-28 18:57:23.391  8833  8842 W System  : A resource failed to call end. 
06-28 18:57:23.391   650   650 D Layer   : Skip in Layer::computeScreenBounds 1
06-28 18:57:23.391  8833  8842 W System  : A resource failed to call end. 
06-28 18:57:23.391   650   650 D Layer   : Skip in Layer::computeScreenBounds 1
06-28 18:57:23.391  8833  8842 W System  : A resource failed to call end. 
06-28 18:57:23.391  8833  8842 W System  : A resource failed to call end. 
06-28 18:57:23.391   650   650 D Layer   : Skip in Layer::computeScreenBounds 1
06-28 18:57:23.391  8833  8842 W System  : A resource failed to call end. 
06-28 18:57:23.391  1114  1456 V WindowManager: Exit animation finished in Window{f0a4873 u0 Splash Screen com.mixgo.PropertySEO EXITING}: remove=true
06-28 18:57:23.391  1114  1456 E WindowManager: win=Window{f0a4873 u0 Splash Screen com.mixgo.PropertySEO EXITING} destroySurfaces: appStopped=false win.mWindowRemovalAllowed=true win.mRemoveOnExit=true
06-28 18:57:23.391  8833  8842 W System  : A resource failed to call end. 
06-28 18:57:23.391   650   650 D Layer   : Skip in Layer::computeScreenBounds 1
06-28 18:57:23.391  8833  8842 W System  : A resource failed to call end. 
06-28 18:57:23.391  1993  2177 W libEGL  : EGLNativeWindowType 0x7268797010 disconnect failed
06-28 18:57:23.391  1114  1456 V WindowManager: postWindowRemoveCleanupLocked: Window{f0a4873 u0 Splash Screen com.mixgo.PropertySEO}
06-28 18:57:23.391  1114  1456 V WindowManager: Removing Window{f0a4873 u0 Splash Screen com.mixgo.PropertySEO} from AppWindowToken{49b3332 token=Token{d3bf3d ActivityRecord{9a41894 u0 com.mixgo.PropertySEO/cn.jiguang.unity.push.UnityPluginActivity t230}}}
06-28 18:57:23.392  8833  8842 W System  : A resource failed to call end. 
06-28 18:57:23.392  8833  8842 W System  : A resource failed to call end. 
06-28 18:57:23.392   650   650 D Layer   : Skip in Layer::computeScreenBounds 1
06-28 18:57:23.392  8833  8842 W System  : A resource failed to call end. 
06-28 18:57:23.392   650   650 D Layer   : Skip in Layer::computeScreenBounds 1
06-28 18:57:23.392   650   650 D Layer   : Skip in Layer::computeScreenBounds 1
06-28 18:57:23.392  8833  8842 W System  : A resource failed to call end. 
06-28 18:57:23.392   650   650 D Layer   : Skip in Layer::computeScreenBounds 1
06-28 18:57:23.392   650   650 D Layer   : Skip in Layer::computeScreenBounds 1
06-28 18:57:23.393  8833  8842 W System  : A resource failed to call end. 
06-28 18:57:23.394  8833  8842 W System  : A resource failed to call end. 
06-28 18:57:23.394   614  1023 W hwcomposer: setGpuFreqBoost:153: boostGpuFreq release !
06-28 18:57:23.397  1724  1724 D ImageWallpaper: onVisibilityChanged: mVisible, visible=true, false
06-28 18:57:23.397  1724  1724 D ImageWallpaper: Visibility changed to visible=false
06-28 18:57:23.398  1114 11860 I chatty  : uid=1000(system) Binder:1114_1D expire 44 lines
06-28 18:57:23.399  9414  9494 V PlayerBase: baseStart() piid=2343
06-28 18:57:23.399  1114  1114 D MediaRouterService: onAudioPlayerActiveStateChanged: uid=10406, active=true, restoreUid=10406
06-28 18:57:23.399  1667  2401 V AudioManager: mPlaybackCallbackList.size:1
06-28 18:57:23.399  1667  2475 D AudioManager: dispatching onPlaybackConfigChanged()
06-28 18:57:23.402  1993  1993 D ViewRootImpl[UniHomeLauncher]: surface should not be released
06-28 18:57:23.403  1114  2129 D NotificationListeners: Removing active service ComponentInfo{com.huawei.android.launcher/com.android.launcher.notification.NotificationListener}
06-28 18:57:23.403  9414  9494 D android.media.AudioTrack: [HSM] AudioTrace play() uid: 10406, pid: 9414
06-28 18:57:23.407   650   650 D Layer   : Skip in Layer::computeScreenBounds 1
06-28 18:57:23.407  1114  1560 D NetdConnector: SND -> {2693 firewall set_uid_rule standby 10152 deny}
06-28 18:57:23.409  1114  2129 V WindowManager: notifyAppStopped: AppWindowToken{616761c token=Token{3fbf38f ActivityRecord{bca02ee u0 com.huawei.android.launcher/.unihome.UniHomeLauncher t1}}}
06-28 18:57:23.409  1114  2129 E WindowManager: win=Window{12f7b0d u0 com.huawei.android.launcher/com.huawei.android.launcher.unihome.UniHomeLauncher} destroySurfaces: appStopped=true win.mWindowRemovalAllowed=false win.mRemoveOnExit=false
06-28 18:57:23.410  1114  1555 D NetdConnector: RCV <- {200 2693 Firewall command succeeded}
06-28 18:57:23.410  1114  1555 D NetdConnector: RCV <- {200 2693 Firewall command succeeded}
06-28 18:57:23.412  1869  1882 I BoosterSwitchP: notifyUidState do nothing
06-28 18:57:23.412  1869  1882 I DeepNoDisturbP: notifyUidState
06-28 18:57:23.412  1869  1882 I HidataAppQoeP: notifyUidState
06-28 18:57:23.412  1869  1882 I BrowserChrP: notifyUidState
06-28 18:57:23.413  1114  1560 D NetdConnector: SND -> {2694 firewall set_uid_rule standby 10033 deny}
06-28 18:57:23.416  1114  1555 D NetdConnector: RCV <- {200 2694 Firewall command succeeded}
06-28 18:57:23.416  1114  1555 D NetdConnector: RCV <- {200 2694 Firewall command succeeded}
06-28 18:57:23.486   780   805 D AwareLog: iawared: workingset_process_command subCmd = 351, uid=10406, pid=9414, com.mixgo.PropertySEO
06-28 18:57:23.487   780   805 D AwareLog: iawared: workingsetPause com.mixgo.PropertySEO
06-28 18:57:23.494  3662  9389 I Icing   : Indexing com.google.android.gms-apps from com.google.android.gms
06-28 18:57:23.540  3662  9389 I Icing   : Indexing done com.google.android.gms-apps
06-28 18:57:23.541  3662  9389 I Icing   : Indexing com.google.android.gms-internal.3p:MobileApplication from com.google.android.gms
06-28 18:57:23.550  3662  9389 I Icing   : Indexing com.google.android.gms-internal.3p:MusicGroup from com.google.android.gms
06-28 18:57:23.556  3662  9389 I Icing   : Indexing com.google.android.gms-internal.3p:DigitalDocument from com.google.android.gms
06-28 18:57:23.564  3662  9389 I Icing   : Indexing com.google.android.gms-internal.3p:Event from com.google.android.gms
06-28 18:57:23.570  3662  9389 I Icing   : Indexing com.google.android.gms-internal.3p:Photograph from com.google.android.gms
06-28 18:57:23.577  3662  9389 I Icing   : Indexing com.google.android.gms-internal.3p:MusicRecording from com.google.android.gms
06-28 18:57:23.588  3662  9389 I Icing   : Indexing done com.google.android.gms-internal.3p:MobileApplication
06-28 18:57:23.591  1114  1114 I HwNormalizedSpline: mOminLevelMode:Day getBrightnessLevel lux =448.0,mDefaultBrightness=44.008705,mOCount=11
06-28 18:57:23.592  3662  9389 I Icing   : Indexing done com.google.android.gms-internal.3p:MusicGroup
06-28 18:57:23.595  3662  9389 I Icing   : Indexing done com.google.android.gms-internal.3p:DigitalDocument
06-28 18:57:23.598  3662  9389 I Icing   : Indexing done com.google.android.gms-internal.3p:Event
06-28 18:57:23.600  3662  9389 I Icing   : Indexing done com.google.android.gms-internal.3p:Photograph
06-28 18:57:23.603  3662  9389 I Icing   : Indexing done com.google.android.gms-internal.3p:MusicRecording
06-28 18:57:23.639   789   789 I chatty  : uid=1000(system) sensors@1.0-ser expire 1 line
06-28 18:57:23.640   789   789 E SensorHub: in batch, handle = 0, flags = 0, period_ns = 200000000, timeout = 0
06-28 18:57:23.641   789   789 I Sensors@1.0-impl: activate-0 enabled-1 fwkOals-1 camOals-0 fwkOcolor-1 camOcolor-0 fwkOtof-0 camOtof-0
06-28 18:57:23.641   789   789 D SensorHub: enableSensor-> handle: 0 enable : 1
06-28 18:57:23.641   789   789 D SensorHub: Channel activate-> handle: 0, enabled:1, err: 0
06-28 18:57:23.642  1993  2135 D ZrHung.AppEyeUiProbe: Current Activity:false
06-28 18:57:23.642  1993  2135 D ZrHung.AppEyeUiProbe: not watching, wait.
06-28 18:57:23.642   789   789 D SensorHub: batch called handle:0 sample_ns:20000000 latency_ns:0
06-28 18:57:23.642   789   789 E SensorHub: in batch, handle = 0, flags = 0, period_ns = 20000000, timeout = 0
06-28 18:57:23.646  9414  9437 V MediaRouter: Adding route: RouteInfo{ name=, description=null, status=null, category=RouteCategory{ name= types=ROUTE_TYPE_LIVE_AUDIO ROUTE_TYPE_LIVE_VIDEO  groupable=false }, supportedTypes=ROUTE_TYPE_LIVE_AUDIO ROUTE_TYPE_LIVE_VIDEO , presentationDisplay=null }
06-28 18:57:23.648  1114 11860 D HwAudioService: startWatchingRoutes
06-28 18:57:23.648  1114 11860 D HwAudioService: linkVAtoDeathRe for vassistant
06-28 18:57:23.648  1114 11860 D HwAudioService: packageName:com.mixgo.PropertySEO
06-28 18:57:23.648  1114 11860 D MediaRouterService: Client com.mixgo.PropertySEO (pid 9414): Registered
06-28 18:57:23.649  9414  9437 V MediaRouter: Selecting route: RouteInfo{ name=, description=null, status=null, category=RouteCategory{ name= types=ROUTE_TYPE_LIVE_AUDIO ROUTE_TYPE_LIVE_VIDEO  groupable=false }, supportedTypes=ROUTE_TYPE_LIVE_AUDIO ROUTE_TYPE_LIVE_VIDEO , presentationDisplay=null }
06-28 18:57:23.661   796   897 I iMonitor: create: 902010006
06-28 18:57:23.666   613  1029 I GRALLOC : getCallingPid=650, shrFd=31,fmt=0x1,intFmt=0x200000001,btStrd=4352,size=9547776,pid=613 
06-28 18:57:23.666   613  1029 I GRALLOC : 	 yuv=2,w=1080,h=2159,Stride u=0 v=0,offset u=0 v=0 
06-28 18:57:23.666   613  1029 I GRALLOC : 	 iova_size=9547776,conUsg=0xb00,proUsg=0xb00,	 strd=1088,[afbc]HdrStrd=1088 PyldStrd=69632 Scrmbl=2,ionhnd = 1 
06-28 18:57:23.666   796   897 I iMonitor: send: 902010006
06-28 18:57:23.667   796 27279 I iMonitor: create: 902500004
06-28 18:57:23.667   796 27279 I iMonitor: send: 902500004
06-28 18:57:23.667   796 27279 I iMonitor: create: 902500004
06-28 18:57:23.667   796 27279 I chatty  : uid=0(root) Binder:796_2 identical 359 lines
06-28 18:57:23.667   796 27279 I iMonitor: create: 902500004
06-28 18:57:23.668   796 27279 I iMonitor: send: 902500004
06-28 18:57:23.668   796 27279 I iMonitor: create: 902500004
06-28 18:57:23.669   796 27279 I iMonitor: send: 902500004
06-28 18:57:23.669   796 27279 I iMonitor: create: 902500004
06-28 18:57:23.669   796 27279 I iMonitor: create: 902500004
06-28 18:57:23.669  9414  9465 D         : addLayerName, tid:9465
06-28 18:57:23.669   796  1102 I         : DPTEST  EventId is not need Hash
06-28 18:57:23.670  1114  1125 I chatty  : uid=1000(system) HeapTaskDaemon expire 1 line
06-28 18:57:23.670   796 27279 I iMonitor: send: 902500004
06-28 18:57:23.670   796 27279 I iMonitor: create: 902500004
06-28 18:57:23.670   796 27279 I iMonitor: create: 902500004
06-28 18:57:23.670   796 27279 I iMonitor: send: 902500004
06-28 18:57:23.670   796 27279 I iMonitor: create: 902500004
06-28 18:57:23.671   796  1102 I         : DPTEST  EventId is not need Hash
06-28 18:57:23.673   796 27279 I iMonitor: send: 902500004
06-28 18:57:23.673   796 27279 I iMonitor: create: 902500004
06-28 18:57:23.674   796  1102 I         : DPTEST  EventId is not need Hash
06-28 18:57:23.674   796 27279 I iMonitor: create: 902500004
06-28 18:57:23.675   796 27279 I iMonitor: send: 902500004
06-28 18:57:23.675   796  1102 I         : DPTEST  EventId is not need Hash
06-28 18:57:23.675   796 27279 I iMonitor: create: 902500004
06-28 18:57:23.677   796 27279 I iMonitor: create: 902500004
06-28 18:57:23.677   796  1102 I         : DPTEST  EventId is not need Hash
06-28 18:57:23.678   796 27279 I iMonitor: create: 902500004
06-28 18:57:23.678   796  1102 I         : DPTEST  EventId is not need Hash
06-28 18:57:23.679   796 27279 I iMonitor: send: 902500004
06-28 18:57:23.679   796 27279 I iMonitor: create: 902500004
06-28 18:57:23.679   796 27279 I iMonitor: create: 902500004
06-28 18:57:23.679   796  1102 I         : DPTEST  EventId is not need Hash
06-28 18:57:23.680   796 27279 I iMonitor: send: 902500004
06-28 18:57:23.680   796 27279 I iMonitor: create: 902500004
06-28 18:57:23.680   796  1102 I         : DPTEST  EventId is not need Hash
06-28 18:57:23.681  1114  1123 I chatty  : uid=1000(system) FinalizerDaemon expire 2 lines
06-28 18:57:23.681   796  1102 I         : DPTEST  EventId is not need Hash
06-28 18:57:23.682   796 27279 I iMonitor: send: 902500004
06-28 18:57:23.682   796 27279 I iMonitor: create: 902500004
06-28 18:57:23.683   796  1102 I         : DPTEST  EventId is not need Hash
06-28 18:57:23.683   796 27279 I iMonitor: send: 902500004
06-28 18:57:23.683   796 27279 I iMonitor: create: 902500004
06-28 18:57:23.684   796  1102 I         : DPTEST  EventId is not need Hash
06-28 18:57:23.684   796 27279 I iMonitor: send: 902500004
06-28 18:57:23.684   796 27279 I iMonitor: create: 902500004
06-28 18:57:23.684   796 27279 I iMonitor: send: 902500004
06-28 18:57:23.684   796 27279 I iMonitor: create: 902500004
06-28 18:57:23.685   796  1102 I         : DPTEST  EventId is not need Hash
06-28 18:57:23.685   796 27279 I iMonitor: send: 902500004
06-28 18:57:23.685   796 27279 I iMonitor: create: 902500004
06-28 18:57:23.685   796 27279 I iMonitor: create: 902500004
06-28 18:57:23.685   796 27279 I iMonitor: create: 902500008
06-28 18:57:23.686   796 27279 I iMonitor: send: 902500008
06-28 18:57:23.686   796 27279 I iMonitor: create: 902010006
06-28 18:57:23.687   796  1102 I         : DPTEST  EventId is not need Hash
06-28 18:57:23.687   796 27279 I iMonitor: send: 902010006
06-28 18:57:23.687   796 27279 I iMonitor: create: 902500004
06-28 18:57:23.687   796 27279 I iMonitor: create: 902500004
06-28 18:57:23.687   796 27279 E         : get_cfg_dir_list_type: cust_policy_dirs:/system/emui/base:/system/emui/china:/vendor/etc:/odm/etc:/product/etc:/odm/hw_odm/EML-AL00:/product/region_comm/china:/product/hw_oem/EML-AL00:/preload/EML-AL00/all/cn:/cust/global:/cust/hw/cn:/version/cust/all/cn:/version/special_cust/EML-AL00/all/cn 
06-28 18:57:23.687   796 27279 E         : get_cfg_dir_list_type: cust_policy_dirs:/system/emui/base:/system/emui/china:/vendor/etc:/odm/etc:/product/etc:/odm/hw_odm/EML-AL00:/product/region_comm/china:/product/hw_oem/EML-AL00:/preload/EML-AL00/all/cn:/cust/global:/cust/hw/cn:/version/cust/all/cn:/version/special_cust/EML-AL00/all/cn 
06-28 18:57:23.690   796  1102 I         : DPTEST  EventId is not need Hash
06-28 18:57:23.693   796  1102 I         : DPTEST  EventId is not need Hash
06-28 18:57:23.694   796  1102 I chatty  : uid=0(root) E_L identical 1 line
06-28 18:57:23.695   796  1102 I         : DPTEST  EventId is not need Hash
