06-28 18:57:23.696  9414  9414 W UnityMain: type=1400 audit(0.0:37668): avc: granted { create } for name="f77da7e2a480e4ef28b87e7429c9faf8" scontext=u:r:untrusted_app:s0:c150,c257,c512,c768 tcontext=u:object_r:sdcardfs:s0:c150,c257,c512,c768 tclass=file
06-28 18:57:23.702   796   897 E JankService: specialActionEntryHandler: should reset and not report
06-28 18:57:23.702   796   897 E JankService: specialActionEntryHandler: should reset and not report
06-28 18:57:23.706  1724  1724 W HwKeyguardDragHelper: AnimationBlocked 
06-28 18:57:23.706  1724  1724 I PhoneStatusBarView: setAlpha with value : 1.0
06-28 18:57:23.706  1724  1724 I PhoneStatusBarView: setAlpha with value : 1.0
06-28 18:57:23.711  9414  9494 I AudioTrack: audioTrack continuously zero data counter >= 20, send pause/stop state to pg, counter: 20
06-28 18:57:23.712   796   897 W JankService: processEntry, not beta version or commercial log off
06-28 18:57:23.730   613  1029 I GRALLOC : getCallingPid=650, shrFd=31,fmt=0x1,intFmt=0x200000001,btStrd=4352,size=9547776,pid=613 
06-28 18:57:23.730   613  1029 I GRALLOC : 	 yuv=2,w=1080,h=2159,Stride u=0 v=0,offset u=0 v=0 
06-28 18:57:23.730   613  1029 I GRALLOC : 	 iova_size=9547776,conUsg=0xb00,proUsg=0xb00,	 strd=1088,[afbc]HdrStrd=1088 PyldStrd=69632 Scrmbl=2,ionhnd = 1 
06-28 18:57:23.730   789   789 D SensorHub: batch called handle:0 sample_ns:200000000 latency_ns:0
06-28 18:57:23.730   789   789 E SensorHub: in batch, handle = 0, flags = 0, period_ns = 200000000, timeout = 0
06-28 18:57:23.730   789   789 I Sensors@1.0-impl: activate-0 enabled-1 fwkOals-1 camOals-0 fwkOcolor-1 camOcolor-0 fwkOtof-0 camOtof-0
06-28 18:57:23.730   789   789 D SensorHub: enableSensor-> handle: 0 enable : 1
06-28 18:57:23.730   789   789 D SensorHub: Channel activate-> handle: 0, enabled:1, err: 0
06-28 18:57:23.730   789   789 D SensorHub: batch called handle:0 sample_ns:20000000 latency_ns:0
06-28 18:57:23.730   789   789 E SensorHub: in batch, handle = 0, flags = 0, period_ns = 20000000, timeout = 0
06-28 18:57:23.731  9414  9465 D         : addLayerName, tid:9465
06-28 18:57:23.731   650  1521 I chatty  : uid=1000(system) Binder:650_4 expire 1 line
06-28 18:57:23.751  9414  9494 D AudioTrack: stop() called with 10240 frames delivered
06-28 18:57:23.752  9414  9494 V PlayerBase: baseStop() piid=2343
06-28 18:57:23.752  9414  9494 D android.media.AudioTrack: [HSM] AudioTrace stop() uid: 10406, pid: 9414
06-28 18:57:23.752  9414  9494 V PlayerBase: baseStop() piid=2343
06-28 18:57:23.752  9414  9494 V PlayerBase: baseRelease() piid=2343 state=4
06-28 18:57:23.752  1114  1114 D MediaRouterService: onAudioPlayerActiveStateChanged: uid=10406, active=false, delaying
06-28 18:57:23.752  1667  2401 V AudioManager: mPlaybackCallbackList.size:1
06-28 18:57:23.753  1667  2475 D AudioManager: dispatching onPlaybackConfigChanged()
06-28 18:57:23.753   648  5716 I chatty  : uid=1041(audioserver) Binder:648_5 expire 2 lines
06-28 18:57:23.754  1667  2401 V AudioManager: mPlaybackCallbackList.size:1
06-28 18:57:23.754  1667  2475 D AudioManager: dispatching onPlaybackConfigChanged()
06-28 18:57:23.760  9414  9437 W libEGL  : EGLNativeWindowType 0xda69c808 disconnect failed
06-28 18:57:23.760  9414  9437 D mali_winsys: EGLint new_window_surface(egl_winsys_display *, void *, EGLSurface, EGLConfig, egl_winsys_surface **, EGLBoolean) returns 0x3000
06-28 18:57:23.761   648   648 I chatty  : uid=1041(audioserver) /system/bin/audioserver expire 12 lines
06-28 18:57:23.763  9414  9499 V PlayerBase: baseStart() piid=2351
06-28 18:57:23.763  9414  9484 D NetworkSecurityConfig: No Network Security Config specified, using platform default
06-28 18:57:23.763  1114  1114 D MediaRouterService: onAudioPlayerActiveStateChanged: uid=10406, active=true, restoreUid=10406
06-28 18:57:23.764  1667  2401 V AudioManager: mPlaybackCallbackList.size:1
06-28 18:57:23.764  1667  2475 D AudioManager: dispatching onPlaybackConfigChanged()
06-28 18:57:23.764  9414  9499 D android.media.AudioTrack: [HSM] AudioTrace play() uid: 10406, pid: 9414
06-28 18:57:23.774  9414  9414 V MediaRouter: onRestoreRoute() : route=RouteInfo{ name=, description=null, status=null, category=RouteCategory{ name= types=ROUTE_TYPE_LIVE_AUDIO ROUTE_TYPE_LIVE_VIDEO  groupable=false }, supportedTypes=ROUTE_TYPE_LIVE_AUDIO ROUTE_TYPE_LIVE_VIDEO , presentationDisplay=null }
06-28 18:57:23.774  9414  9414 V MediaRouter: Selecting route: RouteInfo{ name=, description=null, status=null, category=RouteCategory{ name= types=ROUTE_TYPE_LIVE_AUDIO ROUTE_TYPE_LIVE_VIDEO  groupable=false }, supportedTypes=ROUTE_TYPE_LIVE_AUDIO ROUTE_TYPE_LIVE_VIDEO , presentationDisplay=null }
06-28 18:57:23.783  9414  9437 D AndroidPermissionUnity: isRuntimePermissionDeviceCall!
06-28 18:57:23.789  9414  9437 I chatty  : uid=10406(com.mixgo.PropertySEO) identical 13 lines
06-28 18:57:23.793   780   805 D AwareLog: iawared: workingset_process_command subCmd = 352, uid=10406, pid=9414, com.mixgo.PropertySEO
06-28 18:57:23.794   780   805 D AwareLog: iawared: workingsetStop com.mixgo.PropertySEO
06-28 18:57:23.794  1114 11860 I ActivityManager: START u0 {act=android.content.pm.action.REQUEST_PERMISSIONS pkg=com.android.packageinstaller cmp=com.android.packageinstaller/.permission.ui.GrantPermissionsActivity (has extras)} from uid 10406
06-28 18:57:23.794  1114 11860 I ActivityManager: ActivityRecord info: ActivityInfo{49ac2b5 com.android.packageinstaller.permission.ui.GrantPermissionsActivity}
06-28 18:57:23.796  1114 11860 V WindowManager: addAppToken: AppWindowToken{1cdbdd8 token=Token{100d4bb ActivityRecord{a363d4a u0 com.android.packageinstaller/.permission.ui.GrantPermissionsActivity t230}}} controller={TaskWindowContainerController taskId=230} at 2147483647
06-28 18:57:23.832   755   815 I dubaid  : [AudioHandler.cpp] stopSession# Failed to find audio session: 2097
06-28 18:57:23.959  9414  9505 I chatty  : uid=10406(com.mixgo.PropertySEO) expire 6 lines
06-28 18:57:24.041   613  1029 I GRALLOC : getCallingPid=650, shrFd=31,fmt=0x1,intFmt=0x200000001,btStrd=4352,size=9973760,pid=613 
06-28 18:57:24.041   613  1029 I GRALLOC : 	 yuv=2,w=1080,h=2244,Stride u=0 v=0,offset u=0 v=0 
06-28 18:57:24.041   613  1029 I GRALLOC : 	 iova_size=9973760,conUsg=0xb00,proUsg=0xb00,	 strd=1088,[afbc]HdrStrd=1088 PyldStrd=69632 Scrmbl=2,ionhnd = 1 
06-28 18:57:24.071  9414  9499 I chatty  : uid=10406(com.mixgo.PropertySEO) expire 5 lines
06-28 18:57:24.072  1114  1114 D MediaRouterService: onAudioPlayerActiveStateChanged: uid=10406, active=false, delaying
06-28 18:57:24.072  1667  2401 V AudioManager: mPlaybackCallbackList.size:1
06-28 18:57:24.072  1667  2475 D AudioManager: dispatching onPlaybackConfigChanged()
06-28 18:57:24.073  1667  2401 V AudioManager: mPlaybackCallbackList.size:1
06-28 18:57:24.073  1667  2475 D AudioManager: dispatching onPlaybackConfigChanged()
06-28 18:57:24.074   789   909 I Sensors@1.0-impl: activate-0 enabled-0 fwkOals-1 camOals-0 fwkOcolor-1 camOcolor-0 fwkOtof-0 camOtof-0
06-28 18:57:24.074   789   909 D SensorHub: enableSensor-> handle: 0 enable : 0
06-28 18:57:24.074   789   909 D SensorHub: Channel activate-> handle: 0, enabled:0, err: 0
06-28 18:57:24.075   789   909 D SensorHub: lib ver is 15
06-28 18:57:24.075   789   909 E SensorHub: get_acc_convert_coff = 1000.000000
06-28 18:57:24.077  1114  1823 V ActivityManager: Making visible and scheduling visibility: ActivityRecord{a363d4a u0 com.android.packageinstaller/.permission.ui.GrantPermissionsActivity t230}
06-28 18:57:24.077  1114  1823 D HwPhoneWindowManager: sensorRotation = -1 lastRotation:0
06-28 18:57:24.080 31509 31509 W ActivityThread: handleWindowVisibility: no activity for token android.os.BinderProxy@7307ea4
06-28 18:57:24.084  1114  1823 W HwActivityManagerServiceEx: appSwitch from: com.mixgo.PropertySEO to: com.android.packageinstaller
06-28 18:57:24.084  1114  1219 W HwActivityManagerServiceEx: HwActivityNotifier end call android.app.IHwActivityNotifier$Stub$Proxy@b3922e9 for appSwitch under user 0 cost 0
06-28 18:57:24.084  1114  1219 W HwActivityManagerServiceEx: HwActivityNotifier end call android.app.IHwActivityNotifier$Stub$Proxy@92d0b6e for appSwitch under user 0 cost 0
06-28 18:57:24.084 31509 31509 D ZrHung.AppEyeUiProbe: notify runnable to start.
06-28 18:57:24.084 31509 31509 V ActivityThread: Skipping new config:{1.0 ?mcc?mnc [zh_CN_#Hans,en_US] ldltr sw360dp w360dp h719dp 480dpi nrml long hdr port finger -keyb/v/h -nav/h winConfig={ mBounds=Rect(0, 0 - 0, 0) mAppBounds=Rect(0, 85 - 1080, 2244) mWindowingMode=fullscreen mActivityType=undefined} nonFullScreen=0 suim:1 s.9}, config:{1.0 ?mcc?mnc [zh_CN_#Hans,en_US] ldltr sw360dp w360dp h719dp 480dpi nrml long hdr port finger -keyb/v/h -nav/h winConfig={ mBounds=Rect(0, 0 - 0, 0) mAppBounds=Rect(0, 85 - 1080, 2244) mWindowingMode=fullscreen mActivityType=undefined} nonFullScreen=0 suim:1 s.9} for app:com.android.packageinstaller
06-28 18:57:24.084 31509 31530 D ZrHung.AppEyeUiProbe: restart watching
06-28 18:57:24.087  1869  2319 I chatty  : uid=1000(system) EmcomThread expire 11 lines
06-28 18:57:24.087  1114  1823 V WindowManager: Checking 1 opening apps (frozen=false timeout=false), Track: activitypause performsurface
06-28 18:57:24.087  1114  1823 V WindowManager: Check opening app=AppWindowToken{1cdbdd8 token=Token{100d4bb ActivityRecord{a363d4a u0 com.android.packageinstaller/.permission.ui.GrantPermissionsActivity t230}}}: allDrawn=false startingDisplayed=false startingMoved=false isRelaunching()=false startingWindow=null
06-28 18:57:24.090 31509 31509 V ActivityThread: callActivityOnCreate
06-28 18:57:24.092 31509 31509 W VRSystemServiceManager: vr service is not alive
06-28 18:57:24.092  1114  1219 W HwActivityManagerServiceEx: HwActivityNotifier end call android.app.IHwActivityNotifier$Stub$Proxy@88cf16b for activityLifeState under user 0 cost 0
06-28 18:57:24.094  1869  1882 I BoosterSwitchP: notifyUidState do nothing
06-28 18:57:24.094  1869  1882 I DeepNoDisturbP: notifyUidState
06-28 18:57:24.094  1869  1882 I HidataAppQoeP: notifyUidState
06-28 18:57:24.094  1869  1882 I BrowserChrP: notifyUidState
06-28 18:57:24.094  1114  2129 I HwNetworkPolicy: onTransact, code = 203
06-28 18:57:24.094  1114  1823 I HwAudioService: now type = 9,reportForegroundAppType = 255,pkg = null,systemload = 9mVoipOptimizeInGameModetrue
06-28 18:57:24.094  2434  4069 E nearby  : CloseRangeAdapter:no such business type
06-28 18:57:24.095  2017  2506 I HwNetworkPolicyManager: getHwUidPolicy uid = 10042 policy = 0
06-28 18:57:24.098  2461  2612 D WorkSource: i1=0 i2=0 N1=0: insert 2434 com.huawei.iconnect
06-28 18:57:24.098  2461  2612 D WorkSource: Insert in WorkSource{} @ 0 uid 2434 name com.huawei.iconnect
06-28 18:57:24.099  2461  2661 D BluetoothAdapter: isLeEnabled(): ON
06-28 18:57:24.103  1667  2234 I bt_stack: [INFO:gatt_api.cc(950)] GATT_Register 97fe5580-a4ea-46c2-3029-be4d27e8b80a
06-28 18:57:24.103  1667  2234 I bt_stack: [INFO:gatt_api.cc(970)] allocated gatt_if=6
06-28 18:57:24.103  2461  2482 D BluetoothLeScanner: onScannerRegistered() - status=0 scannerId=6 mScannerId=0
06-28 18:57:24.103  1667  1680 W Bth-btfreeze: BluetoothFreeze:tag: 181  uid: 1000  pid: 2461
06-28 18:57:24.105  1114 11860 I AlarmManager: remove alarm:Alarm{f4a5fee type 0 when 1561719733965 PendingIntent{181d531: PendingIntentRecord{822e416 com.mixgo.PropertySEO broadcastIntent}}com.mixgo.PropertySEO} according to operation:1dcf969
06-28 18:57:24.107 31509 31509 I FLTAG_FM: loadFeature class:com.huawei.featurelayer.systemfeature.HwWidget.IHwSplineOverScrollerEx
06-28 18:57:24.107 31509 31509 I FLTAG_SFM: getRequireClassLoader() succ ! className: com.huawei.featurelayer.systemfeature.HwWidget.IHwSplineOverScrollerEx
06-28 18:57:24.107 31509 31509 D FeatureFactory: loadFeature() : com.huawei.featurelayer.systemfeature.HwWidget.IHwSplineOverScrollerEx
06-28 18:57:24.107 31509 31509 D FeatureFactory: loadFeature() new IHwSplineOverScrollerEx()
06-28 18:57:24.107 31509 31509 D HwSplineOverScrollerExImpl: initSplineOverScrollerImpl paras: android.widget.OverScroller$SplineOverScroller@842fe3c,com.android.packageinstaller.permission.ui.GrantPermissionsActivity@eb6afc2
06-28 18:57:24.107 31509 31509 D HwSplineOverScrollerExImpl: initSplineOverScrollerImpl: mScrollerVelocity is 0, value is 0
06-28 18:57:24.108 31509 31509 I FLTAG_FM: loadFeature class:com.huawei.featurelayer.systemfeature.HwWidget.IHwSplineOverScrollerEx
06-28 18:57:24.108 31509 31509 I FLTAG_SFM: getRequireClassLoader() succ ! className: com.huawei.featurelayer.systemfeature.HwWidget.IHwSplineOverScrollerEx
06-28 18:57:24.108 31509 31509 D FeatureFactory: loadFeature() : com.huawei.featurelayer.systemfeature.HwWidget.IHwSplineOverScrollerEx
06-28 18:57:24.108 31509 31509 D FeatureFactory: loadFeature() new IHwSplineOverScrollerEx()
06-28 18:57:24.108 31509 31509 D HwSplineOverScrollerExImpl: initSplineOverScrollerImpl paras: android.widget.OverScroller$SplineOverScroller@c5fc228,com.android.packageinstaller.permission.ui.GrantPermissionsActivity@eb6afc2
06-28 18:57:24.108 31509 31509 D HwSplineOverScrollerExImpl: initSplineOverScrollerImpl: mScrollerVelocity is 0, value is 0
06-28 18:57:24.111  9414  9524 I chatty  : uid=10406(com.mixgo.PropertySEO) expire 9 lines
06-28 18:57:24.113 31509 31509 D HiTouch_PressGestureDetector: HiTouch on notch display, height corret:85
06-28 18:57:24.113  9414  9525 I chatty  : uid=10406(com.mixgo.PropertySEO) expire 7 lines
06-28 18:57:24.118 31509 31509 D ActivityThread: add activity client record, r= ActivityRecord{f99acd2 token=android.os.BinderProxy@7307ea4 {com.android.packageinstaller/com.android.packageinstaller.permission.ui.GrantPermissionsActivity}} token= android.os.BinderProxy@7307ea4
06-28 18:57:24.119 31509 31509 D ZrHung.AppEyeUiProbe: notify runnable to start.
06-28 18:57:24.119  9414  9523 E ActivityThread: Failed to find provider info for com.ss.android.article.news.DownloadProvider
06-28 18:57:24.120  1114 11860 D HwGameAssistantController: pid=31509, uid=10042, component=ComponentInfo{com.android.packageinstaller/com.android.packageinstaller.permission.ui.GrantPermissionsActivity}
06-28 18:57:24.120  1900 15673 I OPCollectLog: AppChangeImpl:pid: 31509 uid: 10042 pkg: com.android.packageinstaller class: com.android.packageinstaller.permission.ui.GrantPermissionsActivity
06-28 18:57:24.120  1900  2185 I OPCollectLog: HwForegroundAppAction:handleMessage 
06-28 18:57:24.120  1114  1243 D HwGameAssistantController: UPDATE: mCurFgPkg=com.android.packageinstaller, mCurFgPid=31509, mCurIsGame=false
06-28 18:57:24.120 31509 31509 D ZrHung.AppEyeUiProbe: notify runnable to start.
06-28 18:57:24.120  1114  1219 W HwActivityManagerServiceEx: HwActivityNotifier end call android.app.IHwActivityNotifier$Stub$Proxy@88cf16b for activityLifeState under user 0 cost 0
06-28 18:57:24.120 31509 31509 D ZrHung.AppEyeUiProbe: stop checker.
06-28 18:57:24.120  1900  2185 I OPCollectLog: Action:HwForegroundAppAction executed successfully
06-28 18:57:24.123  1114 11860 W HwActivityManagerServiceEx: appSwitch from: com.android.packageinstaller to: com.mixgo.PropertySEO
06-28 18:57:24.123  1114  1219 W HwActivityManagerServiceEx: HwActivityNotifier end call android.app.IHwActivityNotifier$Stub$Proxy@b3922e9 for appSwitch under user 0 cost 0
06-28 18:57:24.123  1114  1219 W HwActivityManagerServiceEx: HwActivityNotifier end call android.app.IHwActivityNotifier$Stub$Proxy@92d0b6e for appSwitch under user 0 cost 0
06-28 18:57:24.123  1869  1882 I chatty  : uid=1000(system) Binder:1869_2 expire 4 lines
06-28 18:57:24.124  1900  2190 I OPCollectLog: OdmfHelper:insert dsCollectEncrypt success 
06-28 18:57:24.125  6701  6759 I [HwRecSys]OdmfCollectScheduler: handleMessage msg: 6
06-28 18:57:24.125  6701  6759 E [HwRecSys]HwRecSysService: Rec sys service not started.
06-28 18:57:24.126  1952  2259 I chatty  : uid=1000(system) sdk thread expire 2 lines
06-28 18:57:24.126  1952  2586 D HwThermalStateManager: current foreapp pkg : com.mixgo.PropertySEO
06-28 18:57:24.127  1952  1966 I PGServer: checkPkgType. calling pkg: android
06-28 18:57:24.127  1952  1966 I PGServer: checkPkgType. calling pkg: android
06-28 18:57:24.127  1952  2594 E AwareLog: SPKSchedFeature: Uid has been sent, ignore.
06-28 18:57:24.127  1952  2594 V AudioManager: setParameters  keyValuePairs: updateAppSilentUid=10406
06-28 18:57:24.128  1114  6779 D HwLocationManagerService: on transact ADD_LOCATION_MODE  uid is 10406 , expectedmode is 3 , packagename is com.mixgo.PropertySEO
06-28 18:57:24.128  1114  6779 D HwLocationManagerService: uid is 10406 , isWifiConn is true , isMobileConn is false
06-28 18:57:24.128  1114  6779 I HwNetworkPolicy: onTransact, code = 203
06-28 18:57:24.128  1114  6779 I HwNetworkPolicyManager: getHwUidPolicy uid = 10406 policy = 0
06-28 18:57:24.128  1114  6779 D HwLocationManagerService: policy is 0 , wifiAccess is true, mobileAccess is true
06-28 18:57:24.128  1114  6779 D HwLocationManagerService: wifiAvaiable is true , mobileAvailable is false
06-28 18:57:24.128  1114  6779 D HwLocationManagerService: addSupervisoryControlProc, mExpectedMode is network,packagename=com.mixgo.PropertySEO, mSupervisoryPkgList is {com.mixgo.PropertySEO=network}
06-28 18:57:24.128  9414  9435 I chatty  : uid=10406(com.mixgo.PropertySEO) expire 3 lines
06-28 18:57:24.128  1114  6779 D HwLocationManagerService:  package has no request send yet
06-28 18:57:24.129  2461  2661 D BluetoothAdapter: isLeEnabled(): ON
06-28 18:57:24.129  1667  1680 W Bth-btfreeze: BluetoothFreeze:tag: 182  uid: 1000  pid: 2461
06-28 18:57:24.129  1869  2319 D XEngineProcessor: gameInfo = null inGameSpace false
06-28 18:57:24.129  1869  2319 D HicomMonitor: onForegroundAppChanged is called
06-28 18:57:24.129  1869  2319 D SmartcareProc: onForegroundAppChanged, pkgName:com.mixgo.PropertySEO
06-28 18:57:24.129  1869  2319 D HicomMonitor: onForegroundAppChanged is called
06-28 18:57:24.130  1114 11860 D HwPhoneWindowManager: sensorRotation = -1 lastRotation:0
06-28 18:57:24.130  1667  1680 W Bth-btfreeze: BluetoothFreeze:tag: 182  uid: 1000
06-28 18:57:24.130  1667  1680 W Bth-btfreeze: BluetoothFreeze:tag: 182  uid: 1000  pid: 2461
06-28 18:57:24.130  1114 11860 V WindowManager: notifyAppResumed: wasStopped=false AppWindowToken{49b3332 token=Token{d3bf3d ActivityRecord{9a41894 u0 com.mixgo.PropertySEO/cn.jiguang.unity.push.UnityPluginActivity t230}}}
06-28 18:57:24.130  1952  2110 I PGServer: report state:8 event type:2 pid:0 uid:1000 pkg:null to pid: 1114
06-28 18:57:24.131  1952  2110 I BluetoothState: inactive bluetooth uid: 1000, pid:2461, reason:BLE_SCAN
06-28 18:57:24.131  1952  2110 D BluetoothState: stop bt uid:1000 state:BLE_SCAN total(ms):90518694
06-28 18:57:24.131  1952  2110 D BluetoothState: not find active bluetooth for inactive event uid: 1000, pid:2461, reason:BLE_CONNECT
06-28 18:57:24.133  1952  2110 I PGAudioState: AUDIO_REMOVE_ACTIVE_TRACK, trackId : 288
06-28 18:57:24.133  1952  2110 I PGAudioState: AUDIO_RELEASE_TRACK, 288
06-28 18:57:24.133  1952  2110 D PGAudioState: remove from mTrackMap, 288
06-28 18:57:24.133  1952  2110 I DeviceMonitor: last release audio mix uid:10406 pid:-2
06-28 18:57:24.133  1114 11860 V WindowManager: Checking 1 opening apps (frozen=false timeout=false), Track: activitypause performsurface
06-28 18:57:24.133  1114 11860 V WindowManager: Check opening app=AppWindowToken{49b3332 token=Token{d3bf3d ActivityRecord{9a41894 u0 com.mixgo.PropertySEO/cn.jiguang.unity.push.UnityPluginActivity t230}}}: allDrawn=true startingDisplayed=false startingMoved=false isRelaunching()=false startingWindow=null
06-28 18:57:24.134  1114 11860 I WindowManager: closing apps count = 1
06-28 18:57:24.137  1114  1219 W HwActivityManagerServiceEx: HwActivityNotifier end call android.app.IHwActivityNotifier$Stub$Proxy@88cf16b for activityLifeState under user 0 cost 1
06-28 18:57:24.138  1952  4046 D HwMultiWindowEx: isInMultiWindowMode ret: 0
06-28 18:57:24.138  1114 11860 D HwGameAssistantController: pid=9414, uid=10406, component=ComponentInfo{com.mixgo.PropertySEO/cn.jiguang.unity.push.UnityPluginActivity}
06-28 18:57:24.138  1900 15673 I OPCollectLog: AppChangeImpl:pid: 9414 uid: 10406 pkg: com.mixgo.PropertySEO class: cn.jiguang.unity.push.UnityPluginActivity
06-28 18:57:24.138  1114  1243 D HwGameAssistantController: UPDATE: mCurFgPkg=com.mixgo.PropertySEO, mCurFgPid=9414, mCurIsGame=false
06-28 18:57:24.138  1900  2185 I OPCollectLog: HwForegroundAppAction:handleMessage 
06-28 18:57:24.138  1900  2185 I OPCollectLog: Action:HwForegroundAppAction executed successfully
06-28 18:57:24.139  9414  9523 E ActivityThread: Failed to find provider info for com.ss.android.article.news.DownloadProvider
06-28 18:57:24.140  1114  1219 W HwActivityManagerServiceEx: HwActivityNotifier end call android.app.IHwActivityNotifier$Stub$Proxy@88cf16b for activityLifeState under user 0 cost 1
06-28 18:57:24.140   789   909 D SensorHub: batch called handle:0 sample_ns:200000000 latency_ns:0
06-28 18:57:24.140   789   909 E SensorHub: in batch, handle = 0, flags = 0, period_ns = 200000000, timeout = 0
06-28 18:57:24.141   789   909 I Sensors@1.0-impl: activate-0 enabled-1 fwkOals-1 camOals-0 fwkOcolor-1 camOcolor-0 fwkOtof-0 camOtof-0
06-28 18:57:24.141  6701  6759 I [HwRecSys]OdmfCollectScheduler: handleMessage msg: 6
06-28 18:57:24.141   789   909 D SensorHub: enableSensor-> handle: 0 enable : 1
06-28 18:57:24.141   646   646 D WifiHW  : chip is bcm bcm43xx
06-28 18:57:24.141   789   909 D SensorHub: Channel activate-> handle: 0, enabled:1, err: 0
06-28 18:57:24.141  6701  6759 E [HwRecSys]HwRecSysService: Rec sys service not started.
06-28 18:57:24.141   646   646 D         : Enter bcm_game_kog_adjust_speed: freq= 2437 mode= 6
06-28 18:57:24.141   646   646 D         : Enter wl_set_pmlock: pmlock= 0
06-28 18:57:24.141   789   909 D SensorHub: batch called handle:0 sample_ns:20000000 latency_ns:0
06-28 18:57:24.141   789   909 E SensorHub: in batch, handle = 0, flags = 0, period_ns = 20000000, timeout = 0
06-28 18:57:24.142   646   646 D         : wl_set_pmlock: ret: 0
06-28 18:57:24.145   755   815 I dubaid  : [AudioHandler.cpp] stopSession# Failed to find audio session: 2105
06-28 18:57:24.146  1952  2110 I SensorState: sensor:0 name:accelerometer enable:true uid:10406
06-28 18:57:24.146  1952  2110 I PGServer: report state:4 event type:1 pid:0 uid:10406 pkg:null to pid: 1114
06-28 18:57:24.146  1952  2110 I SensorState: addSensor,mHandles:{0=1}
06-28 18:57:24.146  1900  2190 I OPCollectLog: OdmfHelper:insert dsCollectEncrypt success 
06-28 18:57:24.147  1952  2110 I PGAudioState: AUDIO_CREATAE_TRACK, audioInfo : [trackId : 289, sessionId : 2113, type : audio_out, threadType : MIXER, streamType : MUSIC, pid : 9414, uid : 10406, createState : new, playState : stop, audioTrackVolume: 1.0, finalVolume : 0.0, loop : false, stopByZeroTime : 0]
06-28 18:57:24.148  9414  9537 I chatty  : uid=10406(com.mixgo.PropertySEO) expire 3 lines
06-28 18:57:24.149  1114  1114 D MediaRouterService: onAudioPlayerActiveStateChanged: uid=10406, active=true, restoreUid=10406
06-28 18:57:24.149  1667  1680 V AudioManager: mPlaybackCallbackList.size:1
06-28 18:57:24.149  1667  2475 D AudioManager: dispatching onPlaybackConfigChanged()
06-28 18:57:24.151   626  1281 I chatty  : uid=1041(audioserver) HwBinder:626_2 expire 9 lines
06-28 18:57:24.152  1869  1882 E HsmCoreServiceImpl: onTransact in code is: 102
06-28 18:57:24.153  1869  1882 I MediaProcessHandler: processOp opType: 0, uid: 10406, pid: 9414
06-28 18:57:24.153  1869  1882 I MediaProcessHandler: executedCallBack opType: 0 mMediaStatusObservers.size=0
06-28 18:57:24.153  1952  2110 I PGAudioState: AUDIO_ADD_ACTIVE_TRACK, track id : 289
06-28 18:57:24.153  1952  2110 I PGAudioState: not start audio out because audio inactive pid: 9414 uid:10406
06-28 18:57:24.156  9414  9465 I chatty  : uid=10406(com.mixgo.PropertySEO) expire 203 lines
06-28 18:57:24.159   613  1029 I GRALLOC : getCallingPid=650, shrFd=31,fmt=0x1,intFmt=0x200000001,btStrd=4352,size=9973760,pid=613 
06-28 18:57:24.159   613  1029 I GRALLOC : 	 yuv=2,w=1080,h=2244,Stride u=0 v=0,offset u=0 v=0 
06-28 18:57:24.159   613  1029 I GRALLOC : 	 iova_size=9973760,conUsg=0xb00,proUsg=0xb00,	 strd=1088,[afbc]HdrStrd=1088 PyldStrd=69632 Scrmbl=2,ionhnd = 1 
06-28 18:57:24.163   613  1029 I GRALLOC : getCallingPid=650, shrFd=31,fmt=0x1,intFmt=0x200000001,btStrd=4352,size=9973760,pid=613 
06-28 18:57:24.163   613  1029 I GRALLOC : 	 yuv=2,w=1080,h=2244,Stride u=0 v=0,offset u=0 v=0 
06-28 18:57:24.163   613  1029 I GRALLOC : 	 iova_size=9973760,conUsg=0xb00,proUsg=0xb00,	 strd=1088,[afbc]HdrStrd=1088 PyldStrd=69632 Scrmbl=2,ionhnd = 1 
06-28 18:57:24.177 31509 31509 D ZrHung.AppEyeUiProbe: notify runnable to start.
06-28 18:57:24.177 31509 31509 D ZrHung.AppEyeUiProbe: stop checker.
06-28 18:57:24.178  1869  1882 I BoosterSwitchP: notifyUidState do nothing
06-28 18:57:24.178  1869  1882 I DeepNoDisturbP: notifyUidState
06-28 18:57:24.178  1869  1882 I HidataAppQoeP: notifyUidState
06-28 18:57:24.178  1869  1882 I BrowserChrP: notifyUidState
06-28 18:57:24.178  1952  2594 W AwareLog: SmartIO2DMEPlugin: unknown process state: 1
06-28 18:57:24.178 31509 31509 D ActivityThread: Remove activity client record, r= ActivityRecord{f99acd2 token=android.os.BinderProxy@7307ea4 {com.android.packageinstaller/com.android.packageinstaller.permission.ui.GrantPermissionsActivity}} token= android.os.BinderProxy@7307ea4
06-28 18:57:24.179  1114  2129 V WindowManager: removeAppToken: AppWindowToken{1cdbdd8 token=Token{100d4bb ActivityRecord{a363d4a u0 com.android.packageinstaller/.permission.ui.GrantPermissionsActivity t230}}} delayed=false Callers=com.android.server.wm.DisplayContent.removeAppToken:1059 com.android.server.wm.AppWindowContainerController.removeContainer:301 com.android.server.am.ActivityRecord.removeWindowContainer:1152 com.android.server.am.ActivityStack.removeActivityFromHistoryLocked:4507 
06-28 18:57:24.179  1952  2773 E AwareLog: GameSdkConfigReader: GameSdkLog: idNameMap: null
06-28 18:57:24.199  1900  1913 W System  : A resource failed to call close. 
06-28 18:57:24.216   753  1599 E DE N ABT: mergeProcessorOperating:1225: COMPONENT_RGBW already has data, can't add new data with mode(0x1000000), mode:0x16->0x1000016
06-28 18:57:24.229  3015  9388 E HiAction_b: syncSend(): receive response timeout
06-28 18:57:24.229  3015  9388 I HiAction_XChannel.d: removeMessage(): 
06-28 18:57:24.229  3015  9388 I HiAction_XChannel.XChannelClient-336: run(): Login success
06-28 18:57:24.229  3015  9388 I HiAction_XChannel.XChannelClient-336: run(): check bastet model
06-28 18:57:24.229  3015  9388 I HiAction_XChannel.a: clearBastetProxy: clear bastet proxy succeed
06-28 18:57:24.233  1993 26431 D HwRecentsTaskUtils: refreshToCache
06-28 18:57:24.233  1993 26431 D HwRecentsTaskUtils: searchFromDate
06-28 18:57:24.236  1869  1882 E HsmCoreServiceImpl: onTransact in code is: 103
06-28 18:57:24.236  1869  1882 I MediaProcessHandler: playingUids: 10406|
06-28 18:57:24.237  1993 26431 I RecentsTaskLoadPlan: to show tasks size is 7
06-28 18:57:24.253  1114  9129 D CountryDetector: isValidCountryIso: CN
06-28 18:57:24.338  9414  9521 I chatty  : uid=10406(com.mixgo.PropertySEO) expire 2 lines
06-28 18:57:24.339  1114  1228 I ActivityManager: App 10406/com.mixgo.PropertySEO targets O+, restricted
06-28 18:57:24.341  1114 11860 V BroadcastQueue: Finished with ordered broadcast BroadcastRecord{f6a0ed9 u0 cn.jpush.android.intent.CONNECTION}
06-28 18:57:24.341  9414  9543 I chatty  : uid=10406(com.mixgo.PropertySEO) expire 1 line
06-28 18:57:24.341  1114 11860 I ActivityManager: App 10406/com.mixgo.PropertySEO targets O+, restricted
06-28 18:57:24.342  1114 11860 V BroadcastQueue: Finished with ordered broadcast BroadcastRecord{a9cb77f u0 cn.jpush.android.intent.ACTION_REPORT_HISTORY}
06-28 18:57:24.343  1114  9129 I AlarmManager: remove alarm:Alarm{fdd034c type 0 when 1561719734104 PendingIntent{1dcf969: PendingIntentRecord{822e416 com.mixgo.PropertySEO broadcastIntent}}com.mixgo.PropertySEO} according to operation:584a09e
06-28 18:57:24.360  8833  9302 W QueryController: Could not detect idle state.
06-28 18:57:24.361  8833  9302 W AccessibilityInteractionClient: old interaction Id is: -1,current interaction Id is:55
06-28 18:57:24.362  8833  9302 W AccessibilityInteractionClient: old interaction Id is: -1,current interaction Id is:56
06-28 18:57:24.379  9414  9536 I chatty  : uid=10406(com.mixgo.PropertySEO) expire 2 lines
06-28 18:57:24.386  1114  1242 W WindowManager: Unable to start animation, surface is null or no children.
06-28 18:57:24.437  1900  2108 D HwWifiStatStore: handleMessage : 200
06-28 18:57:24.472  1952  2110 I PGAudioState: stop from audioTrack, pid:  sessionId: 2113
06-28 18:57:24.536   780  9105 I Pged-IPgedBinderService: ****action is 2, pid num is 2***
06-28 18:57:24.536   780  9105 I Pged-Freezer: thawPids
06-28 18:57:24.537  1952  2239 D PgedBinderAdapter: unfrz ok, pid: [30304]
06-28 18:57:24.627  1114  1114 I HwNormalizedSpline: mOminLevelMode:Day getBrightnessLevel lux =448.0,mDefaultBrightness=44.008705,mOCount=11
06-28 18:57:24.707  1724  1724 I PhoneStatusBarView: mDelayedGetViewPositionOnScreen getLocationInWindow 0 0
06-28 18:57:24.707  1724  1724 I PhoneStatusBarView: mDelayedGetViewPositionOnScreen getLocationOnScreen 0 0
06-28 18:57:24.712   642  1038 E PF_PH   : [perfRequest:536] PerfRequest failed for pid 635
06-28 18:57:24.712   642  1038 E PF_GENIUS: [perfRequest] perfRequest failed.
06-28 18:57:25.085 31509 31530 D ZrHung.AppEyeUiProbe: Current Activity:false
06-28 18:57:25.085 31509 31530 D ZrHung.AppEyeUiProbe: not watching, wait.
06-28 18:57:25.104   646   646 E WifiHAL : enter wifi_get_link_stats
06-28 18:57:25.117  1114  1562 I chatty  : uid=1000(system) WifiStateMachin expire 30 lines
06-28 18:57:25.294   642   702 W PF_SYS_WRAPPER: [sysOpenAndWriteStr:83] [CPU_B] write to /sys/devices/system/cpu/cpu4/cpufreq/scaling_max_freq failed, errno=22 (Invalid argument) 
06-28 18:57:25.295   642   703 W PF_SYS_WRAPPER: [sysOpenAndWriteStr:83] [GPU] write to /sys/class/devfreq/gpufreq/max_freq failed, errno=22 (Invalid argument) 
06-28 18:57:25.365  8833  9302 W QueryController: Could not detect idle state.
06-28 18:57:25.367  8833  9302 W AccessibilityInteractionClient: old interaction Id is: -1,current interaction Id is:57
06-28 18:57:25.382  8833  9302 W AccessibilityInteractionClient: old interaction Id is: -1,current interaction Id is:58
06-28 18:57:25.552   648  1284 I chatty  : uid=1041(audioserver) AudioOut_D expire 4 lines
06-28 18:57:25.631   626  1275 I chatty  : uid=1041(audioserver) HwBinder:626_1 expire 1 line
06-28 18:57:25.632   648  1284 I chatty  : uid=1041(audioserver) AudioOut_D expire 4 lines
06-28 18:57:25.712   648  1284 E peq_android: volume index exceed range: 65535
06-28 18:57:25.732   648  1284 E peq_android: volume index exceed range: 65535
06-28 18:57:25.733  9551  9553 D vndksupport: Loading /vendor/lib64/hw/android.hardware.graphics.mapper@2.0-impl.so from current namespace instead of sphal namespace.
06-28 18:57:25.734  9551  9553 D vndksupport: Loading /vendor/lib64/hw/gralloc.kirin970.so from current namespace instead of sphal namespace.
06-28 18:57:25.740   613  1029 I GRALLOC : getCallingPid=9551, shrFd=31,fmt=0x1,intFmt=0x1,btStrd=4352,size=9768960,pid=613 
06-28 18:57:25.740   613  1029 I GRALLOC : 	 yuv=2,w=1080,h=2244,Stride u=0 v=0,offset u=0 v=0 
06-28 18:57:25.740   613  1029 I GRALLOC : 	 iova_size=9768960,conUsg=0x206,proUsg=0x206,	 strd=1088,[afbc]HdrStrd=0 PyldStrd=0 Scrmbl=0,ionhnd = 1 
06-28 18:57:25.752   648  1284 E peq_android: volume index exceed range: 65535
06-28 18:57:25.759   613  1029 I GRALLOC : getCallingPid=9551, shrFd=31,fmt=0x1,intFmt=0x1,btStrd=4352,size=9768960,pid=613 
06-28 18:57:25.759   613  1029 I GRALLOC : 	 yuv=2,w=1080,h=2244,Stride u=0 v=0,offset u=0 v=0 
06-28 18:57:25.759   613  1029 I GRALLOC : 	 iova_size=9768960,conUsg=0x206,proUsg=0x206,	 strd=1088,[afbc]HdrStrd=0 PyldStrd=0 Scrmbl=0,ionhnd = 1 
06-28 18:57:25.774   648  1284 E peq_android: volume index exceed range: 65535
06-28 18:57:25.780   613  1029 I GRALLOC : getCallingPid=9551, shrFd=31,fmt=0x1,intFmt=0x1,btStrd=4352,size=9768960,pid=613 
06-28 18:57:25.780   613  1029 I GRALLOC : 	 yuv=2,w=1080,h=2244,Stride u=0 v=0,offset u=0 v=0 
06-28 18:57:25.780   613  1029 I GRALLOC : 	 iova_size=9768960,conUsg=0x206,proUsg=0x206,	 strd=1088,[afbc]HdrStrd=0 PyldStrd=0 Scrmbl=0,ionhnd = 1 
06-28 18:57:25.781  1114  1533 I chatty  : uid=1000(system) sManagerService expire 1 line
06-28 18:57:25.792   648  1284 E peq_android: volume index exceed range: 65535
06-28 18:57:25.812   648  1284 E peq_android: volume index exceed range: 65535
06-28 18:57:25.832   648  1284 E peq_android: volume index exceed range: 65535
06-28 18:57:25.853   648  1284 E peq_android: volume index exceed range: 65535
06-28 18:57:25.872   648  1284 E peq_android: volume index exceed range: 65535
06-28 18:57:25.891  8833  9302 D UIAutomatorStub: URI: /jsonrpc/0, Method: POST, params, {NanoHttpd.QUERY_STRING=null}, files: {postData={"jsonrpc": "2.0", "id": "4830060ddb3c9c126239985b3371fedd", "method": "waitForExists", "params": [{"mask": 1, "childOrSibling": [], "childOrSiblingSelector": [], "text": "starBuy"}, 20000]}}
06-28 18:57:25.892   648  1284 E peq_android: volume index exceed range: 65535
06-28 18:57:25.897  8833  9302 W QueryController: Could not detect idle state.
06-28 18:57:25.899  8833  9302 W AccessibilityInteractionClient: old interaction Id is: -1,current interaction Id is:59
06-28 18:57:25.905  8833  9302 W AccessibilityInteractionClient: old interaction Id is: -1,current interaction Id is:60
06-28 18:57:25.912   648  1284 E peq_android: volume index exceed range: 65535
06-28 18:57:25.932   648  1284 E peq_android: volume index exceed range: 65535
06-28 18:57:25.953   648  1284 E peq_android: volume index exceed range: 65535
06-28 18:57:25.972   648  1284 E peq_android: volume index exceed range: 65535
06-28 18:57:25.992   648  1284 E peq_android: volume index exceed range: 65535
06-28 18:57:26.012   648  1284 E peq_android: volume index exceed range: 65535
06-28 18:57:26.031   626  1275 D asd_primary_out: L[0],R[0], continus 20 times!
06-28 18:57:26.032   648  1284 E peq_android: volume index exceed range: 65535
06-28 18:57:26.053   648  1284 E peq_android: volume index exceed range: 65535
06-28 18:57:26.072   648  1284 E peq_android: volume index exceed range: 65535
06-28 18:57:26.092   648  1284 E peq_android: volume index exceed range: 65535
06-28 18:57:26.112   648  1284 E peq_android: volume index exceed range: 65535
06-28 18:57:26.132   648  1284 E peq_android: volume index exceed range: 65535
06-28 18:57:26.152   648  1284 E peq_android: volume index exceed range: 65535
06-28 18:57:26.172   648  1284 E peq_android: volume index exceed range: 65535
06-28 18:57:26.192   648  1284 E peq_android: volume index exceed range: 65535
06-28 18:57:26.212   648  1284 E peq_android: volume index exceed range: 65535
06-28 18:57:26.232   648  1284 E peq_android: volume index exceed range: 65535
06-28 18:57:26.252   648  1284 E peq_android: volume index exceed range: 65535
06-28 18:57:26.272   648  1284 E peq_android: volume index exceed range: 65535
06-28 18:57:26.292   648  1284 E peq_android: volume index exceed range: 65535
06-28 18:57:26.312   648  1284 E peq_android: volume index exceed range: 65535
06-28 18:57:26.332   648  1284 E peq_android: volume index exceed range: 65535
06-28 18:57:26.352   648  1284 E peq_android: volume index exceed range: 65535
06-28 18:57:26.372   648  1284 E peq_android: volume index exceed range: 65535
06-28 18:57:26.392   648  1284 E peq_android: volume index exceed range: 65535
06-28 18:57:26.412   648  1284 E peq_android: volume index exceed range: 65535
06-28 18:57:26.431   626  1275 D asd_primary_out: L[0],R[0], continus 20 times!
06-28 18:57:26.432   648  1284 E peq_android: volume index exceed range: 65535
06-28 18:57:26.452   648  1284 E peq_android: volume index exceed range: 65535
06-28 18:57:26.472   648  1284 E peq_android: volume index exceed range: 65535
06-28 18:57:26.493   648  1284 E peq_android: volume index exceed range: 65535
06-28 18:57:26.512   648  1284 E peq_android: volume index exceed range: 65535
06-28 18:57:26.532   648  1284 E peq_android: volume index exceed range: 65535
06-28 18:57:26.552   648  1284 E peq_android: volume index exceed range: 65535
06-28 18:57:26.572   648  1284 E peq_android: volume index exceed range: 65535
06-28 18:57:26.592   648  1284 E peq_android: volume index exceed range: 65535
06-28 18:57:26.613   648  1284 E peq_android: volume index exceed range: 65535
06-28 18:57:26.632   648  1284 E peq_android: volume index exceed range: 65535
06-28 18:57:26.655   648  1284 E peq_android: volume index exceed range: 65535
06-28 18:57:26.672   648  1284 E peq_android: volume index exceed range: 65535
06-28 18:57:26.674   626  1582 I DlbDapDPProcess: process() called [3591500] times
06-28 18:57:26.692   648  1284 E peq_android: volume index exceed range: 65535
06-28 18:57:26.712   648  1284 E peq_android: volume index exceed range: 65535
06-28 18:57:26.732   648  1284 E peq_android: volume index exceed range: 65535
06-28 18:57:26.752   648  1284 E peq_android: volume index exceed range: 65535
06-28 18:57:26.772   648  1284 E peq_android: volume index exceed range: 65535
06-28 18:57:26.792   648  1284 E peq_android: volume index exceed range: 65535
06-28 18:57:26.812   648  1284 E peq_android: volume index exceed range: 65535
06-28 18:57:26.831   626  1275 D asd_primary_out: L[0],R[0], continus 20 times!
06-28 18:57:26.832   648  1284 E peq_android: volume index exceed range: 65535
06-28 18:57:26.852   648  1284 E peq_android: volume index exceed range: 65535
06-28 18:57:26.872   648  1284 E peq_android: volume index exceed range: 65535
06-28 18:57:26.892   648  1284 E peq_android: volume index exceed range: 65535
06-28 18:57:26.910  8833  9302 W QueryController: Could not detect idle state.
06-28 18:57:26.913   648  1284 E peq_android: volume index exceed range: 65535
06-28 18:57:26.915  8833  9302 W AccessibilityInteractionClient: old interaction Id is: -1,current interaction Id is:61
06-28 18:57:26.921  8833  9302 W AccessibilityInteractionClient: old interaction Id is: -1,current interaction Id is:62
06-28 18:57:26.932   648  1284 E peq_android: volume index exceed range: 65535
06-28 18:57:26.952   648  1284 E peq_android: volume index exceed range: 65535
06-28 18:57:26.972   648  1284 E peq_android: volume index exceed range: 65535
06-28 18:57:26.993   648  1284 E peq_android: volume index exceed range: 65535
06-28 18:57:27.012   648  1284 E peq_android: volume index exceed range: 65535
06-28 18:57:27.032   648  1284 E peq_android: volume index exceed range: 65535
06-28 18:57:27.052   648  1284 E peq_android: volume index exceed range: 65535
06-28 18:57:27.072   648  1284 E peq_android: volume index exceed range: 65535
06-28 18:57:27.093   648  1284 E peq_android: volume index exceed range: 65535
06-28 18:57:27.112   648  1284 E peq_android: volume index exceed range: 65535
06-28 18:57:27.132   648  1284 E peq_android: volume index exceed range: 65535
06-28 18:57:27.152   648  1284 E peq_android: volume index exceed range: 65535
06-28 18:57:27.172   648  1284 E peq_android: volume index exceed range: 65535
06-28 18:57:27.192   648  1284 E peq_android: volume index exceed range: 65535
06-28 18:57:27.212   648  1284 E peq_android: volume index exceed range: 65535
06-28 18:57:27.231   626  1275 D asd_primary_out: L[0],R[0], continus 20 times!
06-28 18:57:27.232   648  1284 E peq_android: volume index exceed range: 65535
06-28 18:57:27.232   784 15112 E bastetd : [BastetService  ] prepareHeartbeatProxy# Bastet is not available
06-28 18:57:27.233  3015  9388 D HwBastet: OsConstants MSG_HRT: 655360
06-28 18:57:27.234  3015  9388 D HwBastet: OsConstants MSG_LPW: 524288
06-28 18:57:27.234  3015  9388 D HwBastet: OsConstants TCP_RECONN: 100
06-28 18:57:27.234  3015  9388 I HiAction_XChannel.a: establish(): Create a HwBastet
06-28 18:57:27.234  3015  9388 I HiAction_XChannel.a: establish(): Bastet not Available
06-28 18:57:27.234  3015  9388 I HiAction_XChannel.XChannelClient-336: run(): bastet not available
06-28 18:57:27.234  3015  9388 I HiAction_XChannel.XChannelClient-336: restartAlarm(): 
06-28 18:57:27.237  3015  9388 I HiAction_XChannel.XChannelService: sdkStatusChange(): 
06-28 18:57:27.237  3015  9388 I HiAction_XChannel.XChannelClient-336: run(): XChannelClient on working
06-28 18:57:27.237  3015  9339 I HiAction_XChannel.XChannelSDK: sdkStatusChange(): 
06-28 18:57:27.237  3015  9339 I HiAction_XChannel.a: onSdkStatusChange(): isAvaliable[true] status[PUSH_MSG_AVAILABLE]
06-28 18:57:27.252   648  1284 E peq_android: volume index exceed range: 65535
06-28 18:57:27.274   648  1284 E peq_android: volume index exceed range: 65535
06-28 18:57:27.293   648  1284 E peq_android: volume index exceed range: 65535
06-28 18:57:27.312   648  1284 E peq_android: volume index exceed range: 65535
06-28 18:57:27.332   648  1284 E peq_android: volume index exceed range: 65535
06-28 18:57:27.352   648  1284 E peq_android: volume index exceed range: 65535
06-28 18:57:27.373   648  1284 E peq_android: volume index exceed range: 65535
06-28 18:57:27.393   648  1284 E peq_android: volume index exceed range: 65535
06-28 18:57:27.412   648  1284 E peq_android: volume index exceed range: 65535
06-28 18:57:27.432   648  1284 E peq_android: volume index exceed range: 65535
06-28 18:57:27.441  1900  2108 D HwWifiStatStore: handleMessage : 200
06-28 18:57:27.452   648  1284 E peq_android: volume index exceed range: 65535
06-28 18:57:27.473   648  1284 E peq_android: volume index exceed range: 65535
06-28 18:57:27.492   648  1284 E peq_android: volume index exceed range: 65535
06-28 18:57:27.512   648  1284 E peq_android: volume index exceed range: 65535
06-28 18:57:27.532   648  1284 E peq_android: volume index exceed range: 65535
06-28 18:57:27.552   648  1284 E peq_android: volume index exceed range: 65535
06-28 18:57:27.573   648  1284 E peq_android: volume index exceed range: 65535
06-28 18:57:27.590  9414  9465 D         : addLayerName, tid:9465
06-28 18:57:27.592   648  1284 E peq_android: volume index exceed range: 65535
06-28 18:57:27.606  9414  9465 D         : addLayerName, tid:9465
06-28 18:57:27.612   648  1284 E peq_android: volume index exceed range: 65535
06-28 18:57:27.622  9414  9465 D         : addLayerName, tid:9465
06-28 18:57:27.631   626  1275 D asd_primary_out: L[0],R[0], continus 20 times!
06-28 18:57:27.632   648  1284 E peq_android: volume index exceed range: 65535
06-28 18:57:27.639  9414  9465 D         : addLayerName, tid:9465
06-28 18:57:27.652   648  1284 E peq_android: volume index exceed range: 65535
06-28 18:57:27.656  9414  9465 D         : addLayerName, tid:9465
06-28 18:57:27.665  1114  1477 D HwBatteryService: onUEvent fcpStatus = 0,scpStatus =0,ovpStatus=0
06-28 18:57:27.667  1114  1477 I HwBatteryService: quick charge status : 0
06-28 18:57:27.667  1114  1477 I HwBatteryService: handleWirelessTxStatus
06-28 18:57:27.667  1114  1477 I HwBatteryService: switch not open, return, mWirelessTxFlag : 0
06-28 18:57:27.667  1114  1477 I UsbDeviceManager: water_intrused state= 0
06-28 18:57:27.672  9414  9465 D         : addLayerName, tid:9465
06-28 18:57:27.673   648  1284 E peq_android: volume index exceed range: 65535
06-28 18:57:27.673  1114  1798 I BatteryService: normal charge status : 1
06-28 18:57:27.684  1724  1724 D KeyguardUpdateMonitor: received broadcast android.intent.action.BATTERY_CHANGED
06-28 18:57:27.684  1724  1724 W KeyguardUpdateMonitor: ACTION_BATTERY_CHANGED AMP: 512000; Volt: 4800000
06-28 18:57:27.685  1724  1724 I KgBattery: (last-new)Status: 1 -> 1, chargeState=1 * branch=5
06-28 18:57:27.685  1724  1724 V KeyguardUpdateMonitor: RefreshBatteryInfo isBatteryLow: 100
06-28 18:57:27.685  1724  1724 W KeyguardUpdateMonitor: ChargingSpeed  Wattage: 2457600 ST: 5000000 --> 7500000
06-28 18:57:27.685  1724  1724 I KgBattery: BatteryInfo updated:  4lPC0
06-28 18:57:27.685  1724  1724 W AppHandler: sendMessage with obj100
06-28 18:57:27.685  1724  1724 D KeyguardUpdateMonitor: handleBatteryUpdate
06-28 18:57:27.685  1724  1724 I ColorPickUitls: type = 2
06-28 18:57:27.685  1724  1724 V KeyguardUpdateMonitor: RefreshBatteryInfo isBatteryLow: 100
06-28 18:57:27.685  1724  1724 W HwKgdBArea_BTY: updateBatteryInfo : false  true
06-28 18:57:27.686  1724  1724 W HwKgdBArea_BTY: updateBatteryInfo : false  true
06-28 18:57:27.686  1724  1724 W HwLockScreenPanel: Handle message: 100
06-28 18:57:27.686  1724  1724 W HwLockScreenPanel: refreshBatteryInfo: null
06-28 18:57:27.686  1952  1952 I MsgReceiver: intent action: android.intent.action.BATTERY_CHANGED
06-28 18:57:27.690  9414  9465 D         : addLayerName, tid:9465
06-28 18:57:27.692   648  1284 E peq_android: volume index exceed range: 65535
06-28 18:57:27.693  1724  1898 I KeyguardUtils: fpPath=sys/class/hw_power/charger/charge_data/chargerType, value=0
06-28 18:57:27.693  1724  1898 I chatty  : uid=10030(com.huawei.desktop.systemui) KG_Background_H identical 1 line
06-28 18:57:27.694  1724  1898 I KeyguardUtils: fpPath=sys/class/hw_power/charger/charge_data/chargerType, value=0
06-28 18:57:27.694  1724  1898 D KgBattery: BatteryInfo2: false; true; true; false; false; true
06-28 18:57:27.701  8833  8833 D UIABatteryMonitor: notify battery changed. current level 100
06-28 18:57:27.706  9414  9465 D         : addLayerName, tid:9465
06-28 18:57:27.712   648  1284 E peq_android: volume index exceed range: 65535
06-28 18:57:27.721  9414  9465 D         : addLayerName, tid:9465
06-28 18:57:27.732   648  1284 E peq_android: volume index exceed range: 65535
06-28 18:57:27.738  9414  9465 D         : addLayerName, tid:9465
06-28 18:57:27.754   648  1284 E peq_android: volume index exceed range: 65535
06-28 18:57:27.756  9414  9465 D         : addLayerName, tid:9465
06-28 18:57:27.772   648  1284 E peq_android: volume index exceed range: 65535
06-28 18:57:27.774  9414  9465 D         : addLayerName, tid:9465
06-28 18:57:27.789  9414  9465 D         : addLayerName, tid:9465
06-28 18:57:27.792  9556  9556 W dumpsys : type=1400 audit(0.0:37669): avc: denied { read } for name="pipe-max-size" dev="proc" ino=862467 scontext=u:r:shell:s0 tcontext=u:object_r:proc_pipe_conf:s0 tclass=file permissive=0
06-28 18:57:27.792   648  1284 E peq_android: volume index exceed range: 65535
06-28 18:57:27.804  9414  9465 D         : addLayerName, tid:9465
06-28 18:57:27.812   648  1284 E peq_android: volume index exceed range: 65535
06-28 18:57:27.820  9414  9465 D         : addLayerName, tid:9465
06-28 18:57:27.832   648  1284 E peq_android: volume index exceed range: 65535
06-28 18:57:27.837  9414  9465 D         : addLayerName, tid:9465
06-28 18:57:27.852   648  1284 E peq_android: volume index exceed range: 65535
06-28 18:57:27.854  9414  9465 D         : addLayerName, tid:9465
06-28 18:57:27.870  9414  9465 D         : addLayerName, tid:9465
06-28 18:57:27.873   648  1284 E peq_android: volume index exceed range: 65535
06-28 18:57:27.889  9414  9465 D         : addLayerName, tid:9465
06-28 18:57:27.892   648  1284 E peq_android: volume index exceed range: 65535
06-28 18:57:27.903  9414  9465 D         : addLayerName, tid:9465
06-28 18:57:27.912   648  1284 E peq_android: volume index exceed range: 65535
06-28 18:57:27.920  9414  9465 D         : addLayerName, tid:9465
06-28 18:57:27.928  8833  9302 W QueryController: Could not detect idle state.
06-28 18:57:27.930  8833  9302 W AccessibilityInteractionClient: old interaction Id is: -1,current interaction Id is:63
06-28 18:57:27.933   648  1284 E peq_android: volume index exceed range: 65535
06-28 18:57:27.936  8833  9302 W AccessibilityInteractionClient: old interaction Id is: -1,current interaction Id is:64
06-28 18:57:27.937  9414  9465 D         : addLayerName, tid:9465
06-28 18:57:27.952   648  1284 E peq_android: volume index exceed range: 65535
06-28 18:57:27.955  9414  9465 D         : addLayerName, tid:9465
06-28 18:57:27.970  9414  9465 D         : addLayerName, tid:9465
06-28 18:57:27.972   648  1284 E peq_android: volume index exceed range: 65535
06-28 18:57:27.989  9414  9465 D         : addLayerName, tid:9465
06-28 18:57:27.992   648  1284 E peq_android: volume index exceed range: 65535
06-28 18:57:28.002  9414  9465 D         : addLayerName, tid:9465
06-28 18:57:28.012   648  1284 E peq_android: volume index exceed range: 65535
06-28 18:57:28.018  9414  9465 D         : addLayerName, tid:9465
06-28 18:57:28.031   626  1275 D asd_primary_out: L[0],R[0], continus 20 times!
06-28 18:57:28.032   648  1284 E peq_android: volume index exceed range: 65535
06-28 18:57:28.036  9414  9465 D         : addLayerName, tid:9465
06-28 18:57:28.052   648  1284 E peq_android: volume index exceed range: 65535
06-28 18:57:28.053  9414  9465 D         : addLayerName, tid:9465
06-28 18:57:28.068  9414  9465 D         : addLayerName, tid:9465
06-28 18:57:28.072   648  1284 E peq_android: volume index exceed range: 65535
06-28 18:57:28.087  9414  9465 D         : addLayerName, tid:9465
06-28 18:57:28.092   648  1284 E peq_android: volume index exceed range: 65535
06-28 18:57:28.102  9414  9465 D         : addLayerName, tid:9465
06-28 18:57:28.112   648  1284 E peq_android: volume index exceed range: 65535
06-28 18:57:28.118  9414  9465 D         : addLayerName, tid:9465
06-28 18:57:28.120  9414  9414 D AwareBitmapCacher: handleInit switch not opened pid=9414
06-28 18:57:28.122   646   646 E WifiHAL : enter wifi_get_link_stats
06-28 18:57:28.134   648  1284 E peq_android: volume index exceed range: 65535
06-28 18:57:28.141  9414  9465 D         : addLayerName, tid:9465
