06-28 18:39:40.672  1114  1555 D NetdConnector: RCV <- {601 limit alert globalAlert wlan0}
06-28 18:39:40.673  1114  1555 D NetdConnector: RCV <- {601 limit alert globalAlert wlan0}
06-28 18:39:40.674  1114  1240 D NetdConnector: RCV unsolicited event from native daemon, event = 601
06-28 18:39:40.675  1114  1240 I NetworkStats: limitReached
06-28 18:39:40.677  1114  1558 I NetworkStats: performPollLocked, pid = 1114
06-28 18:39:40.694  1114  1558 W NetworkStatsFactory: mStatsXtProcUid: /proc/net/comm/stats does not exist!
06-28 18:39:40.694  1114  1558 D HwNetworkStatsService: hwRecordUidAndProcSnapshotLocked currentTime = 1561718380675
06-28 18:39:40.707  1114  1558 I NetworkStatsFactory: javaReadNetworkStatsUidAndProcDetail. cost time = 13
06-28 18:39:40.732  1114  1558 D NetdConnector: SND -> {2634 bandwidth setglobalalert 2097152}
06-28 18:39:40.735  1114  1555 D NetdConnector: RCV <- {200 2634 Bandwidth command succeeeded}
06-28 18:39:40.736  1114  1555 D NetdConnector: RCV <- {200 2634 Bandwidth command succeeeded}
06-28 18:39:40.740  2017  2247 E HSM_BG  : NatTrafficNotifyService:imsi is null, so return
06-28 18:39:40.978   626  1582 I chatty  : uid=1041(audioserver) effect expire 4 lines
06-28 18:39:42.988   574   594 W SocketListener: sending broadcast to Pid = 1114, Uid = 1000 
06-28 18:39:42.989  1114  1555 D NetdConnector: RCV <- {601 limit alert globalAlert wlan0}
06-28 18:39:42.990  1114  1555 D NetdConnector: RCV <- {601 limit alert globalAlert wlan0}
06-28 18:39:42.991  1114  1240 D NetdConnector: RCV unsolicited event from native daemon, event = 601
06-28 18:39:42.993  1114  1240 I NetworkStats: limitReached
06-28 18:39:42.994  1114  1558 I NetworkStats: performPollLocked, pid = 1114
06-28 18:39:43.026  1114  1558 W NetworkStatsFactory: mStatsXtProcUid: /proc/net/comm/stats does not exist!
06-28 18:39:43.026  1114  1558 D HwNetworkStatsService: hwRecordUidAndProcSnapshotLocked currentTime = 1561718382994
06-28 18:39:43.037  1114  1558 I NetworkStatsFactory: javaReadNetworkStatsUidAndProcDetail. cost time = 11
06-28 18:39:43.057  1114  1558 D NetdConnector: SND -> {2635 bandwidth setglobalalert 2097152}
06-28 18:39:43.059  1114  1555 D NetdConnector: RCV <- {200 2635 Bandwidth command succeeeded}
06-28 18:39:43.059  1114  1555 D NetdConnector: RCV <- {200 2635 Bandwidth command succeeeded}
06-28 18:39:43.061  2017  2247 E HSM_BG  : NatTrafficNotifyService:imsi is null, so return
06-28 18:39:43.253  6777  6860 I chatty  : uid=10404(com.mixgo.PropertySEO) expire 131 lines
06-28 18:39:43.416   646   646 E WifiHAL : enter wifi_get_link_stats
06-28 18:39:43.430  1900  2108 D HwWifiStatStore: handleMessage : 200
06-28 18:39:43.936   776   776 E Thermal-daemon: [charger_ic] temp_new :40  temp_old :41
06-28 18:39:43.937  1952  2811 I ThermalService: Receive temperature change, type: 2, temp: 40 from thermald
06-28 18:39:43.938  1952  2586 D HwThermalStateManager: Thermal type: 2 cur_temperature:40
06-28 18:39:43.939   776   776 E Thermal-daemon: Report temperature: [charger_ic] temp :40  report_threshold:1
06-28 18:39:43.939   776   776 E Thermal-daemon: [pa_0] temp_new :39  temp_old :40
06-28 18:39:43.940  1952  2811 I ThermalService: Receive temperature change, type: 1, temp: 39 from thermald
06-28 18:39:43.940  1952  2586 D HwThermalStateManager: Thermal type: 1 cur_temperature:39
06-28 18:39:43.940   776   776 E Thermal-daemon: Report temperature: [pa_0] temp :39  report_threshold:1
06-28 18:39:44.166  1114  1114 D JobScheduler.Time: Delay-expired alarm fired
06-28 18:39:44.166  1114  1114 I JobScheduler.Time: onControllerStateChanged
06-28 18:39:44.167  1114  1114 W HwAlarmManagerService: isContainsAppUidInWorksource-->happend NameNotFoundException
06-28 18:39:44.168  1114  1114 W HwAlarmManagerService: isContainsAppUidInWorksource-->happend NameNotFoundException
06-28 18:39:44.170  1114  1114 I HwAlarmManagerService: hwSetAlarm listenerTag: *job.delay*
06-28 18:39:44.172  1114  1114 I JobScheduler.Time: mNextDelayExpiredElapsedMillis: 121004694
06-28 18:39:44.172  1114  1114 D JobScheduler: Maybe queuing ready jobs...
06-28 18:39:44.194  1114  6153 V BroadcastQueue: Finished with ordered broadcast BroadcastRecord{ed3bcd u0 com.google.android.gms.gcm.ACTION_CHECK_QUEUE}
06-28 18:39:44.207 31128 31128 I Finsky  : [1] com.google.android.finsky.scheduler.JobSchedulerEngine$PhoneskyJobSchedulerJobService.onStartJob(3): onJobSchedulerWakeup with jobId 9000
06-28 18:39:44.218  1114  1817 I JobScheduler.Time: onControllerStateChanged
06-28 18:39:44.220  1114  1114 D JobScheduler: queuing all ready jobs for execution:
06-28 18:39:44.221 31128 31128 I Finsky  : [1] nvu.a(21): Scheduling fallback job with id: 9034, and delay: 43200000 ms
06-28 18:39:44.225  1114  1817 I AlarmManager: remove alarm:Alarm{35cf1ef type 2 when 184348340 PendingIntent{e41d99b: PendingIntentRecord{ca83d5c com.android.vending broadcastIntent}}com.android.vending} according to operation:9f07ece
06-28 18:39:44.230 31128 31128 I Finsky  : [1] nvu.a(5): Scheduling fallback in 64799993 (absolute: 184383807)
06-28 18:39:44.239  3093  4349 D WorkSource: Insert in WorkSource{} @ 0 uid 10021 name com.google.android.gms
06-28 18:39:44.239  3093  4349 D WorkSource: Insert in WorkSource{} @ 0 uid 10021 name com.google.android.gms
06-28 18:39:44.252  3093  4349 D WorkSource: Insert in WorkSource{} @ 0 uid 10021 name com.google.android.gms
06-28 18:39:44.252  1114  6153 W HwAlarmManagerService: isContainsAppUidInWorksource-->happend NameNotFoundException
06-28 18:39:44.252  1114  6153 W HwAlarmManagerService: isContainsAppUidInWorksource-->happend NameNotFoundException
06-28 18:39:44.293  3093  7050 I NetRec  : [5707] ahtr.a: Refreshing scores for 52 networks.
06-28 18:39:44.303 31128 31128 I Finsky  : [1] nwc.handleMessage(10): DeviceState: DeviceState{currentTime=1561718384297, isCharging=true, isIdle=false, netAny=true, netNotRoaming=true, netUnmetered=true}
06-28 18:39:44.317 31128  7051 I Finsky  : [778] nxi.b(7): Jobs in database: 1-1337 12-1 26-1414141414 
06-28 18:39:44.319 31128 31128 I Finsky  : [1] nvv.a(45): Running job: 12-1
06-28 18:39:44.323 31128 31128 I Finsky  : [1] com.google.android.finsky.contentsync.ContentSyncJob.a(23): ContentSyncJob started
06-28 18:39:44.324 31128 31128 I Finsky  : [1] nwc.handleMessage(81): RunningQueue size: 1, PendingQueue size: 0
06-28 18:39:44.324 31128 31128 I Finsky  : [1] nwc.handleMessage(90): Running queue: 12-1 
06-28 18:39:44.326 31128 31168 I Finsky  : [647] dbo.a(5): Completed 0 account content syncs with 0 successful.
06-28 18:39:44.326 31128 31128 I Finsky  : [1] com.google.android.finsky.contentsync.ContentSyncJob.a(21): Installation state replication succeeded.
06-28 18:39:44.327 31128 31128 I Finsky  : [1] nxb.a(11): jobFinished: 12-1. TimeElapsed: 7ms
06-28 18:39:44.330 31128 31128 I Finsky  : [1] nvv.a(10): Job 12-1 finished
06-28 18:39:44.333 31128 31128 I Finsky  : [1] nwc.handleMessage(81): RunningQueue size: 0, PendingQueue size: 0
06-28 18:39:44.334 31128 31128 I Finsky  : [1] nwc.handleMessage(27): Executor finished
06-28 18:39:44.347  1114  1114 D JobScheduler: queuing all ready jobs for execution:
06-28 18:39:44.354 31128 31128 I Finsky  : [1] nxi.b(7): Jobs in database: 1-1337 26-1414141414 
06-28 18:39:44.354 31128 31128 I Finsky  : [1] nva.a(66): ConstraintMapping: 1-1337,  -> L: 4253378ms, D: 47453378ms, C: false, I: false, N: NET_ANY
06-28 18:39:44.355 31128 31128 I Finsky  : [1] nva.a(66): ConstraintMapping: 26-1414141414,  -> L: 10075647ms, D: 10975647ms, C: false, I: false, N: NET_NONE
06-28 18:39:44.357 31128 31128 I Finsky  : [1] com.google.android.finsky.scheduler.JobSchedulerEngine.a(42): Cancelling existing job with id: 9003
06-28 18:39:44.358 31128 31128 I Finsky  : [1] com.google.android.finsky.scheduler.JobSchedulerEngine.a(4): Scheduling job Id: 9001, L: 4253378, D: 47453378, C: false, I: false, N: 1
06-28 18:39:44.364 31128 31128 I Finsky  : [1] com.google.android.finsky.scheduler.JobSchedulerEngine.a(4): Scheduling job Id: 9002, L: 10075647, D: 10975647, C: false, I: false, N: 0
06-28 18:39:45.053  1969  2823 W PhoneInterfaceManager: shouldBlockLocation running ...
06-28 18:39:45.053  1969  2823 I PhoneInterfaceManager: shouldBlockLocation  ret:false
06-28 18:39:45.055  1849  1906 E HwLBSService.HwNLPWifiScanManager:  cellInfosize :  0
06-28 18:39:45.055  1849  1905 D HwLBSService.HwNLPEngine:   handleMessage: HWNLP_LOC_SCAN_READY 
06-28 18:39:45.055  1849  1905 D HwLBSService.HwNLPEngine:  handlerRequestSDKLocation type :  6 , ctx : 54
06-28 18:39:45.055  1849  1905 D HwLBSService.HwNLPEngine:  handlerRequestSDKLocation  :  all null
06-28 18:39:45.344   574   594 W SocketListener: sending broadcast to Pid = 1114, Uid = 1000 
06-28 18:39:45.345  1114  1555 D NetdConnector: RCV <- {601 limit alert globalAlert wlan0}
06-28 18:39:45.346  1114  1555 D NetdConnector: RCV <- {601 limit alert globalAlert wlan0}
06-28 18:39:45.347  1114  1240 D NetdConnector: RCV unsolicited event from native daemon, event = 601
06-28 18:39:45.349  1114  1240 I NetworkStats: limitReached
06-28 18:39:45.350  1114  1558 I NetworkStats: performPollLocked, pid = 1114
06-28 18:39:45.372  1114  1558 W NetworkStatsFactory: mStatsXtProcUid: /proc/net/comm/stats does not exist!
06-28 18:39:45.372  1114  1558 D HwNetworkStatsService: hwRecordUidAndProcSnapshotLocked currentTime = 1561718385349
06-28 18:39:45.391  1114  1558 I NetworkStatsFactory: javaReadNetworkStatsUidAndProcDetail. cost time = 18
06-28 18:39:45.417  1114  1558 D NetdConnector: SND -> {2636 bandwidth setglobalalert 2097152}
06-28 18:39:45.418  6777  6860 D         : addLayerName, tid:6860
06-28 18:39:45.419  1114  1555 D NetdConnector: RCV <- {200 2636 Bandwidth command succeeeded}
06-28 18:39:45.419  1114  1555 D NetdConnector: RCV <- {200 2636 Bandwidth command succeeeded}
06-28 18:39:45.420  2017  2247 E HSM_BG  : NatTrafficNotifyService:imsi is null, so return
06-28 18:39:45.433  6777  6860 D         : addLayerName, tid:6860
06-28 18:39:45.450  6777  6860 D         : addLayerName, tid:6860
06-28 18:39:45.466  6777  6860 D         : addLayerName, tid:6860
06-28 18:39:45.482  6777  6860 D         : addLayerName, tid:6860
06-28 18:39:45.498  6777  6860 D         : addLayerName, tid:6860
06-28 18:39:45.516  6777  6860 D         : addLayerName, tid:6860
06-28 18:39:45.532  6777  6860 D         : addLayerName, tid:6860
06-28 18:39:45.548  6777  6860 D         : addLayerName, tid:6860
06-28 18:39:45.565  6777  6860 D         : addLayerName, tid:6860
06-28 18:39:45.581  6777  6860 D         : addLayerName, tid:6860
06-28 18:39:45.598  6777  6860 D         : addLayerName, tid:6860
06-28 18:39:45.615  6777  6860 D         : addLayerName, tid:6860
06-28 18:39:45.632  6777  6860 D         : addLayerName, tid:6860
06-28 18:39:45.648  6777  6860 D         : addLayerName, tid:6860
06-28 18:39:45.664  6777  6860 D         : addLayerName, tid:6860
06-28 18:39:45.680  6777  6860 D         : addLayerName, tid:6860
06-28 18:39:45.698  6777  6860 D         : addLayerName, tid:6860
06-28 18:39:45.714  6777  6860 D         : addLayerName, tid:6860
06-28 18:39:45.731  6777  6860 D         : addLayerName, tid:6860
06-28 18:39:45.747  6777  6860 D         : addLayerName, tid:6860
06-28 18:39:45.762  6777  6860 D         : addLayerName, tid:6860
06-28 18:39:45.781  6777  6860 D         : addLayerName, tid:6860
06-28 18:39:45.797  6777  6860 D         : addLayerName, tid:6860
06-28 18:39:45.814  6777  6860 D         : addLayerName, tid:6860
06-28 18:39:45.829  6777  6860 D         : addLayerName, tid:6860
06-28 18:39:45.847  6777  6860 D         : addLayerName, tid:6860
06-28 18:39:45.862  6777  6860 D         : addLayerName, tid:6860
06-28 18:39:45.878  6777  6860 D         : addLayerName, tid:6860
06-28 18:39:45.896  6777  6860 D         : addLayerName, tid:6860
06-28 18:39:45.911  6777  6860 D         : addLayerName, tid:6860
06-28 18:39:45.928  6777  6860 D         : addLayerName, tid:6860
06-28 18:39:45.946  6777  6860 D         : addLayerName, tid:6860
06-28 18:39:45.962  6777  6860 D         : addLayerName, tid:6860
06-28 18:39:45.979  6777  6860 D         : addLayerName, tid:6860
06-28 18:39:45.995  6777  6860 D         : addLayerName, tid:6860
06-28 18:39:46.011  6777  6860 D         : addLayerName, tid:6860
06-28 18:39:46.028  6777  6860 D         : addLayerName, tid:6860
06-28 18:39:46.045  6777  6860 D         : addLayerName, tid:6860
06-28 18:39:46.061  6777  6860 D         : addLayerName, tid:6860
06-28 18:39:46.077  6777  6860 D         : addLayerName, tid:6860
06-28 18:39:46.093  6777  6860 D         : addLayerName, tid:6860
06-28 18:39:46.110  6777  6860 D         : addLayerName, tid:6860
06-28 18:39:46.127  6777  6860 D         : addLayerName, tid:6860
06-28 18:39:46.143  6777  6860 D         : addLayerName, tid:6860
06-28 18:39:46.159  6777  6860 D         : addLayerName, tid:6860
06-28 18:39:46.175  6777  6860 D         : addLayerName, tid:6860
06-28 18:39:46.193  6777  6860 D         : addLayerName, tid:6860
06-28 18:39:46.209  6777  6860 D         : addLayerName, tid:6860
06-28 18:39:46.226  6777  6860 D         : addLayerName, tid:6860
06-28 18:39:46.242  6777  6860 D         : addLayerName, tid:6860
06-28 18:39:46.259  6777  6860 D         : addLayerName, tid:6860
06-28 18:39:46.275  6777  6860 D         : addLayerName, tid:6860
06-28 18:39:46.293  6777  6860 D         : addLayerName, tid:6860
06-28 18:39:46.309  6777  6860 D         : addLayerName, tid:6860
06-28 18:39:46.325  6777  6860 D         : addLayerName, tid:6860
06-28 18:39:46.340  6777  6860 D         : addLayerName, tid:6860
06-28 18:39:46.359  6777  6860 D         : addLayerName, tid:6860
06-28 18:39:46.375  6777  6860 D         : addLayerName, tid:6860
06-28 18:39:46.391  6777  6860 D         : addLayerName, tid:6860
06-28 18:39:46.407  6777  6860 D         : addLayerName, tid:6860
06-28 18:39:46.425  6777  6860 D         : addLayerName, tid:6860
06-28 18:39:46.432   646   646 E WifiHAL : enter wifi_get_link_stats
06-28 18:39:46.435  1900  2108 D HwWifiStatStore: handleMessage : 200
06-28 18:39:46.441  6777  6860 D         : addLayerName, tid:6860
06-28 18:39:46.457  6777  6860 D         : addLayerName, tid:6860
06-28 18:39:46.474  6777  6860 D         : addLayerName, tid:6860
06-28 18:39:46.490  6777  6860 D         : addLayerName, tid:6860
06-28 18:39:46.507  6777  6860 D         : addLayerName, tid:6860
06-28 18:39:46.524  6777  6860 D         : addLayerName, tid:6860
06-28 18:39:46.529  3093  7050 W NetRec  : [5707] ahtr.a: Timeout after 2228 ms while waiting for score updates. Returning 1.
06-28 18:39:46.540  6777  6860 D         : addLayerName, tid:6860
06-28 18:39:46.549  3093  7050 I NetRec  : [5707] ahtr.a: Still entries pending update, scheduling new rapid_refresh_scores_task refresh.
06-28 18:39:46.557  6777  6860 D         : addLayerName, tid:6860
06-28 18:39:46.558  3093  7050 I NetRec  : [5707] ahtr.a: Completed rapid_refresh_scores_task score refresh task in 2289 ms, returning 1
06-28 18:39:46.566  1114  8995 V BroadcastQueue: Finished with ordered broadcast BroadcastRecord{3d434df u0 com.google.android.gms.gcm.ACTION_SCHEDULE}
06-28 18:39:46.574  6777  6860 D         : addLayerName, tid:6860
06-28 18:39:46.590  6777  6860 D         : addLayerName, tid:6860
06-28 18:39:46.604  6777  6860 D         : addLayerName, tid:6860
06-28 18:39:46.616  3093 32368 D WorkSource: Insert in WorkSource{} @ 0 uid 10021 name com.google.android.gms
06-28 18:39:46.617  1114  9129 W HwAlarmManagerService: isContainsAppUidInWorksource-->happend NameNotFoundException
06-28 18:39:46.618  1114  9129 W HwAlarmManagerService: isContainsAppUidInWorksource-->happend NameNotFoundException
06-28 18:39:46.622  6777  6860 D         : addLayerName, tid:6860
06-28 18:39:46.640  6777  6860 D         : addLayerName, tid:6860
06-28 18:39:46.655  6777  6860 D         : addLayerName, tid:6860
06-28 18:39:46.672  6777  6860 D         : addLayerName, tid:6860
06-28 18:39:46.689  6777  6860 D         : addLayerName, tid:6860
06-28 18:39:46.705  6777  6860 D         : addLayerName, tid:6860
06-28 18:39:46.721  6777  6860 D         : addLayerName, tid:6860
06-28 18:39:46.738  6777  6860 D         : addLayerName, tid:6860
06-28 18:39:46.753  6777  6860 D         : addLayerName, tid:6860
06-28 18:39:46.770  6777  6860 D         : addLayerName, tid:6860
06-28 18:39:46.787  6777  6860 D         : addLayerName, tid:6860
06-28 18:39:46.803  6777  6860 D         : addLayerName, tid:6860
06-28 18:39:46.819  6777  6860 D         : addLayerName, tid:6860
06-28 18:39:46.838  6777  6860 D         : addLayerName, tid:6860
06-28 18:39:46.854  6777  6860 D         : addLayerName, tid:6860
06-28 18:39:46.870  6777  6860 D         : addLayerName, tid:6860
06-28 18:39:46.887  6777  6860 D         : addLayerName, tid:6860
06-28 18:39:46.904  6777  6860 D         : addLayerName, tid:6860
06-28 18:39:46.920  6777  6860 D         : addLayerName, tid:6860
06-28 18:39:46.937  6777  6860 D         : addLayerName, tid:6860
06-28 18:39:46.953  6777  6860 D         : addLayerName, tid:6860
06-28 18:39:46.969  6777  6860 D         : addLayerName, tid:6860
06-28 18:39:46.986  6777  6860 D         : addLayerName, tid:6860
06-28 18:39:47.002  6777  6860 D         : addLayerName, tid:6860
06-28 18:39:47.019  6777  6860 D         : addLayerName, tid:6860
06-28 18:39:47.036  6777  6860 D         : addLayerName, tid:6860
06-28 18:39:47.053  6777  6860 D         : addLayerName, tid:6860
06-28 18:39:47.069  6777  6860 D         : addLayerName, tid:6860
06-28 18:39:47.085  6777  6860 D         : addLayerName, tid:6860
06-28 18:39:47.101  6777  6860 D         : addLayerName, tid:6860
06-28 18:39:47.118  6777  6860 D         : addLayerName, tid:6860
06-28 18:39:47.135  6777  6860 D         : addLayerName, tid:6860
06-28 18:39:47.152  6777  6860 D         : addLayerName, tid:6860
06-28 18:39:47.165  1114  1790 W Watchdog: hungtask: writing kick
06-28 18:39:47.167  6777  6860 D         : addLayerName, tid:6860
06-28 18:39:47.185  6777  6860 D         : addLayerName, tid:6860
06-28 18:39:47.201  6777  6860 D         : addLayerName, tid:6860
06-28 18:39:47.218  6777  6860 D         : addLayerName, tid:6860
06-28 18:39:47.234  6777  6860 D         : addLayerName, tid:6860
06-28 18:39:47.250  6777  6860 D         : addLayerName, tid:6860
06-28 18:39:47.267  6777  6860 D         : addLayerName, tid:6860
06-28 18:39:47.283  6777  6860 D         : addLayerName, tid:6860
06-28 18:39:47.300  6777  6860 D         : addLayerName, tid:6860
06-28 18:39:47.317  6777  6860 D         : addLayerName, tid:6860
06-28 18:39:47.333  6777  6860 D         : addLayerName, tid:6860
06-28 18:39:47.349  6777  6860 D         : addLayerName, tid:6860
06-28 18:39:47.366  6777  6860 D         : addLayerName, tid:6860
06-28 18:39:47.384  6777  6860 D         : addLayerName, tid:6860
06-28 18:39:47.399  6777  6860 D         : addLayerName, tid:6860
06-28 18:39:47.415  6777  6860 D         : addLayerName, tid:6860
06-28 18:39:47.435  6777  6860 D         : addLayerName, tid:6860
06-28 18:39:47.449  6777  6860 D         : addLayerName, tid:6860
06-28 18:39:47.465  6777  6860 D         : addLayerName, tid:6860
06-28 18:39:47.481  6777  6860 D         : addLayerName, tid:6860
06-28 18:39:47.499  6777  6860 D         : addLayerName, tid:6860
06-28 18:39:47.515  6777  6860 D         : addLayerName, tid:6860
06-28 18:39:47.532  6777  6860 D         : addLayerName, tid:6860
06-28 18:39:47.548  6777  6860 D         : addLayerName, tid:6860
06-28 18:39:47.564  6777  6860 D         : addLayerName, tid:6860
06-28 18:39:47.580  6777  6860 D         : addLayerName, tid:6860
06-28 18:39:47.598  6777  6860 D         : addLayerName, tid:6860
06-28 18:39:47.613  6777  6860 D         : addLayerName, tid:6860
06-28 18:39:47.630  6777  6860 D         : addLayerName, tid:6860
06-28 18:39:47.647  6777  6860 D         : addLayerName, tid:6860
06-28 18:39:47.663  6777  6860 D         : addLayerName, tid:6860
06-28 18:39:47.682  6777  6860 D         : addLayerName, tid:6860
06-28 18:39:47.697  6777  6860 D         : addLayerName, tid:6860
06-28 18:39:47.713  6777  6860 D         : addLayerName, tid:6860
06-28 18:39:47.730  6777  6860 D         : addLayerName, tid:6860
06-28 18:39:47.731   574   594 W SocketListener: sending broadcast to Pid = 1114, Uid = 1000 
06-28 18:39:47.732  1114  1555 D NetdConnector: RCV <- {601 limit alert globalAlert wlan0}
06-28 18:39:47.732  1114  1555 D NetdConnector: RCV <- {601 limit alert globalAlert wlan0}
06-28 18:39:47.733  1114  1240 D NetdConnector: RCV unsolicited event from native daemon, event = 601
06-28 18:39:47.736  1114  1240 I NetworkStats: limitReached
06-28 18:39:47.737  1114  1558 I NetworkStats: performPollLocked, pid = 1114
06-28 18:39:47.747  6777  6860 D         : addLayerName, tid:6860
06-28 18:39:47.760  1114  1558 W NetworkStatsFactory: mStatsXtProcUid: /proc/net/comm/stats does not exist!
06-28 18:39:47.760  1114  1558 D HwNetworkStatsService: hwRecordUidAndProcSnapshotLocked currentTime = 1561718387736
06-28 18:39:47.764  6777  6860 D         : addLayerName, tid:6860
06-28 18:39:47.774  1114  1558 I NetworkStatsFactory: javaReadNetworkStatsUidAndProcDetail. cost time = 14
06-28 18:39:47.779  6777  6860 D         : addLayerName, tid:6860
06-28 18:39:47.796  6777  6860 D         : addLayerName, tid:6860
06-28 18:39:47.798  1114  1558 D NetdConnector: SND -> {2637 bandwidth setglobalalert 2097152}
06-28 18:39:47.800  1114  1555 D NetdConnector: RCV <- {200 2637 Bandwidth command succeeeded}
06-28 18:39:47.800  1114  1555 D NetdConnector: RCV <- {200 2637 Bandwidth command succeeeded}
06-28 18:39:47.802  2017  2247 E HSM_BG  : NatTrafficNotifyService:imsi is null, so return
06-28 18:39:47.813  6777  6860 D         : addLayerName, tid:6860
06-28 18:39:47.829  6777  6860 D         : addLayerName, tid:6860
06-28 18:39:47.845  6777  6860 D         : addLayerName, tid:6860
06-28 18:39:47.862  6777  6860 D         : addLayerName, tid:6860
06-28 18:39:47.878  6777  6860 D         : addLayerName, tid:6860
06-28 18:39:47.895  6777  6860 D         : addLayerName, tid:6860
06-28 18:39:47.911  6777  6860 D         : addLayerName, tid:6860
06-28 18:39:47.929  6777  6860 D         : addLayerName, tid:6860
06-28 18:39:47.943  6777  6860 D         : addLayerName, tid:6860
06-28 18:39:47.961  6777  6860 D         : addLayerName, tid:6860
06-28 18:39:47.977  6777  6860 D         : addLayerName, tid:6860
06-28 18:39:47.994  6777  6860 D         : addLayerName, tid:6860
06-28 18:39:48.010  6777  6860 D         : addLayerName, tid:6860
06-28 18:39:48.027  6777  6860 D         : addLayerName, tid:6860
06-28 18:39:48.043  1849  1890 D HwLBSService.HwNLPPositionManager:   handleMessage: MSG_SESSION_TIMEOUT 
06-28 18:39:48.043  1849  1890 D HwLBSService.HwNLPAccManager: getHwNLPAccFusionLocation, mSDKLocatinList.size: 0
06-28 18:39:48.043  1849  1890 D HwLBSService.HwNLPAccManager: clear mSDKLocationList
06-28 18:39:48.043  1849  1890 D ARMoudle.HwActivityRecognition: getCurrentActivityExtend
06-28 18:39:48.044  6777  6860 D         : addLayerName, tid:6860
06-28 18:39:48.044   589  2303 I ArHal   : (ar_data_get_state:1225):id[2]
06-28 18:39:48.046  1849  1890 D ARMoudle.HwActivityRecognition: hwActivityEvent:[ ActivityChangedExtendEvent:
06-28 18:39:48.046  1849  1890 D ARMoudle.HwActivityRecognition:     Activity='android.activity_recognition.relative_still', EventType=1, TimestampNs=104713889309269, Confidence=0
06-28 18:39:48.046  1849  1890 D ARMoudle.HwActivityRecognition:     Activity='android.activity_recognition.still', EventType=1, TimestampNs=117942089442914, Confidence=100
06-28 18:39:48.046  1849  1890 D ARMoudle.HwActivityRecognition: ]
06-28 18:39:48.046  1849  1890 D HwLBSService.HwNLPSRManager: activity is 0, tempConfidence is 100
06-28 18:39:48.047  1849  1890 D HwLBSService.HwNLPSRManager: getCurrentActivityExtend ok, currentActivity: ******
06-28 18:39:48.047  1849  1890 D HwLBSService.HwNLPSRManager: arInterval: 1645542 ms
06-28 18:39:48.047  1849  1890 D HwLBSService.HwNLPCachedManager: arTimeStamp: 117942089442914, arMotionState: 0, dataSource: data_from_AR, arRelativeTime: 1645538 ms
06-28 18:39:48.047  1849  1890 D HwLBSService.HwNLPCachedManager: AR is valid, activity type is 0
06-28 18:39:48.047  1849  1890 D HwLBSService.HwNLPCachedManager: nlpRelativeTime: 1816148 ms
06-28 18:39:48.047  1849  1890 D HwLBSService.HwNLPCachedManager: getCachedLocation no cached_loc
06-28 18:39:48.047  1849  1890 D HwLBSService.HwNLPLogServices:  updateLocStatus : 2
06-28 18:39:48.047  1849  1890 D HwLBSService.HwNLPPositionManager: reportCacheLocation failed
06-28 18:39:48.047  1849  1890 D HwLBSService.HwNLPLogServices:  SessionFinish mCollectCount: 35 , errortype : 0
06-28 18:39:48.047  1849  1890 D HwLBSService.NLPPreferences: getUserConfirmedPreference, USER_CONFIRMED: userSwitch 1 startupSwitch 1 spResult true result true
06-28 18:39:48.048  1849  1890 D HwLBSService.HwNLPLogServices: updateHwNLPErrorEvent.
06-28 18:39:48.048  1849  1890 I iMonitor: create: 910009050
06-28 18:39:48.048  1849  1890 I iMonitor: create: 910009056
06-28 18:39:48.048  1849  1890 I iMonitor: create: 910009048
06-28 18:39:48.048  1849  1890 I iMonitor: create: 910009006
06-28 18:39:48.048  1849  1890 I iMonitor: create: 910000008
06-28 18:39:48.049  1849  1890 I iMonitor: send: 910000008
06-28 18:39:48.057   796  1102 I         : DPTEST  EventId is not need Hash
06-28 18:39:48.061  6777  6860 D         : addLayerName, tid:6860
06-28 18:39:48.075  6777  6860 D         : addLayerName, tid:6860
06-28 18:39:48.094  6777  6860 D         : addLayerName, tid:6860
06-28 18:39:48.108  6777  6860 D         : addLayerName, tid:6860
06-28 18:39:48.127  6777  6860 D         : addLayerName, tid:6860
06-28 18:39:48.144  6777  6860 D         : addLayerName, tid:6860
06-28 18:39:48.158  6777  6860 D         : addLayerName, tid:6860
06-28 18:39:48.175  6777  6860 D         : addLayerName, tid:6860
06-28 18:39:48.176   635   635 I chatty  : uid=1000(system) hwsched@1.0-ser expire 24 lines
06-28 18:39:48.191  6777  6860 D         : addLayerName, tid:6860
06-28 18:39:48.209  6777  6860 D         : addLayerName, tid:6860
06-28 18:39:48.225  6777  6860 D         : addLayerName, tid:6860
06-28 18:39:48.241  6777  6860 D         : addLayerName, tid:6860
06-28 18:39:48.259  6777  6860 D         : addLayerName, tid:6860
06-28 18:39:48.262   648  1284 I chatty  : uid=1041(audioserver) AudioOut_D expire 190 lines
06-28 18:39:48.275  6777  6860 D         : addLayerName, tid:6860
06-28 18:39:48.291  6777  6860 D         : addLayerName, tid:6860
06-28 18:39:48.307  6777  6860 D         : addLayerName, tid:6860
06-28 18:39:48.325  6777  6860 D         : addLayerName, tid:6860
06-28 18:39:48.341  6777  6860 D         : addLayerName, tid:6860
06-28 18:39:48.356  6777  6860 D         : addLayerName, tid:6860
06-28 18:39:48.374  6777  6860 D         : addLayerName, tid:6860
06-28 18:39:48.391  6777  6860 D         : addLayerName, tid:6860
06-28 18:39:48.407  6777  6860 D         : addLayerName, tid:6860
06-28 18:39:48.422  6777  6860 D         : addLayerName, tid:6860
06-28 18:39:48.441  6777  6860 D         : addLayerName, tid:6860
06-28 18:39:48.457  6777  6860 D         : addLayerName, tid:6860
06-28 18:39:48.473  6777  6860 D         : addLayerName, tid:6860
06-28 18:39:48.490  6777  6860 D         : addLayerName, tid:6860
06-28 18:39:48.504  6777  6860 D         : addLayerName, tid:6860
06-28 18:39:48.523  6777  6860 D         : addLayerName, tid:6860
06-28 18:39:48.539  6777  6860 D         : addLayerName, tid:6860
06-28 18:39:48.555  6777  6860 D         : addLayerName, tid:6860
06-28 18:39:48.573  6777  6860 D         : addLayerName, tid:6860
06-28 18:39:48.587  6777  6860 D         : addLayerName, tid:6860
06-28 18:39:48.605  6777  6860 D         : addLayerName, tid:6860
06-28 18:39:48.621  6777  6860 D         : addLayerName, tid:6860
06-28 18:39:48.638  6777  6860 D         : addLayerName, tid:6860
06-28 18:39:48.655  6777  6860 D         : addLayerName, tid:6860
06-28 18:39:48.671  6777  6860 D         : addLayerName, tid:6860
06-28 18:39:48.687  6777  6860 D         : addLayerName, tid:6860
06-28 18:39:48.705  6777  6860 D         : addLayerName, tid:6860
06-28 18:39:48.721  6777  6860 D         : addLayerName, tid:6860
06-28 18:39:48.737  6777  6860 D         : addLayerName, tid:6860
06-28 18:39:48.755  6777  6860 D         : addLayerName, tid:6860
06-28 18:39:48.771  6777  6860 D         : addLayerName, tid:6860
06-28 18:39:48.787  6777  6860 D         : addLayerName, tid:6860
06-28 18:39:48.804  6777  6860 D         : addLayerName, tid:6860
06-28 18:39:48.820  6777  6860 D         : addLayerName, tid:6860
06-28 18:39:48.836  6777  6860 D         : addLayerName, tid:6860
06-28 18:39:48.855  6777  6860 D         : addLayerName, tid:6860
06-28 18:39:48.871  6777  6860 D         : addLayerName, tid:6860
06-28 18:39:48.886  6777  6860 D         : addLayerName, tid:6860
06-28 18:39:48.902  6777  6860 D         : addLayerName, tid:6860
06-28 18:39:48.920  6777  6860 D         : addLayerName, tid:6860
06-28 18:39:48.937  6777  6860 D         : addLayerName, tid:6860
06-28 18:39:48.945   776   776 E Thermal-daemon: [pa_0] temp_new :40  temp_old :39
06-28 18:39:48.946  1952  2811 I ThermalService: Receive temperature change, type: 1, temp: 40 from thermald
06-28 18:39:48.946  1952  2586 D HwThermalStateManager: Thermal type: 1 cur_temperature:40
06-28 18:39:48.946   776   776 E Thermal-daemon: Report temperature: [pa_0] temp :40  report_threshold:1
06-28 18:39:48.953  6777  6860 D         : addLayerName, tid:6860
06-28 18:39:48.971  6777  6860 D         : addLayerName, tid:6860
06-28 18:39:48.985  6777  6860 D         : addLayerName, tid:6860
06-28 18:39:49.002  6777  6860 D         : addLayerName, tid:6860
06-28 18:39:49.020  6777  6860 D         : addLayerName, tid:6860
06-28 18:39:49.036  6777  6860 D         : addLayerName, tid:6860
06-28 18:39:49.052  6777  6860 D         : addLayerName, tid:6860
06-28 18:39:49.068  6777  6860 D         : addLayerName, tid:6860
06-28 18:39:49.086  6777  6860 D         : addLayerName, tid:6860
06-28 18:39:49.101  6777  6860 D         : addLayerName, tid:6860
06-28 18:39:49.117  6777  6860 D         : addLayerName, tid:6860
06-28 18:39:49.135  6777  6860 D         : addLayerName, tid:6860
06-28 18:39:49.150  6777  6860 D         : addLayerName, tid:6860
06-28 18:39:49.167  6777  6860 D         : addLayerName, tid:6860
06-28 18:39:49.185  6777  6860 D         : addLayerName, tid:6860
06-28 18:39:49.200  6777  6860 D         : addLayerName, tid:6860
06-28 18:39:49.216  6777  6860 D         : addLayerName, tid:6860
06-28 18:39:49.233  6777  6860 D         : addLayerName, tid:6860
06-28 18:39:49.250  6777  6860 D         : addLayerName, tid:6860
06-28 18:39:49.266  6777  6860 D         : addLayerName, tid:6860
06-28 18:39:49.284  6777  6860 D         : addLayerName, tid:6860
06-28 18:39:49.299  6777  6860 D         : addLayerName, tid:6860
06-28 18:39:49.316  6777  6860 D         : addLayerName, tid:6860
06-28 18:39:49.333  6777  6860 D         : addLayerName, tid:6860
06-28 18:39:49.349  6777  6860 D         : addLayerName, tid:6860
06-28 18:39:49.366  6777  6860 D         : addLayerName, tid:6860
06-28 18:39:49.382  6777  6860 D         : addLayerName, tid:6860
06-28 18:39:49.398  6777  6860 D         : addLayerName, tid:6860
06-28 18:39:49.415  6777  6860 D         : addLayerName, tid:6860
06-28 18:39:49.432  6777  6860 D         : addLayerName, tid:6860
06-28 18:39:49.444  1900  2108 D HwWifiStatStore: handleMessage : 200
06-28 18:39:49.449  6777  6860 D         : addLayerName, tid:6860
06-28 18:39:49.457   646   646 E WifiHAL : enter wifi_get_link_stats
06-28 18:39:49.465  6777  6860 D         : addLayerName, tid:6860
06-28 18:39:49.481  6777  6860 D         : addLayerName, tid:6860
06-28 18:39:49.497  6777  6860 D         : addLayerName, tid:6860
06-28 18:39:49.514  6777  6860 D         : addLayerName, tid:6860
06-28 18:39:49.531  6777  6860 D         : addLayerName, tid:6860
06-28 18:39:49.547  6777  6860 D         : addLayerName, tid:6860
06-28 18:39:49.564  6777  6860 D         : addLayerName, tid:6860
06-28 18:39:49.579  6777  6860 D         : addLayerName, tid:6860
06-28 18:39:49.599  6777  6860 D         : addLayerName, tid:6860
06-28 18:39:49.613  6777  6860 D         : addLayerName, tid:6860
06-28 18:39:49.630  6777  6860 D         : addLayerName, tid:6860
06-28 18:39:49.646  6777  6860 D         : addLayerName, tid:6860
06-28 18:39:49.663  6777  6860 D         : addLayerName, tid:6860
06-28 18:39:49.680  6777  6860 D         : addLayerName, tid:6860
06-28 18:39:49.695  6777  6860 D         : addLayerName, tid:6860
06-28 18:39:49.713  6777  6860 D         : addLayerName, tid:6860
06-28 18:39:49.728  6777  6860 D         : addLayerName, tid:6860
06-28 18:39:49.745  6777  6860 D         : addLayerName, tid:6860
06-28 18:39:49.762  6777  6860 D         : addLayerName, tid:6860
06-28 18:39:49.778  6777  6860 D         : addLayerName, tid:6860
06-28 18:39:49.795  6777  6860 D         : addLayerName, tid:6860
06-28 18:39:49.811  6777  6860 D         : addLayerName, tid:6860
06-28 18:39:49.828  6777  6860 D         : addLayerName, tid:6860
06-28 18:39:49.845  6777  6860 D         : addLayerName, tid:6860
06-28 18:39:49.861  6777  6860 D         : addLayerName, tid:6860
06-28 18:39:49.878  6777  6860 D         : addLayerName, tid:6860
06-28 18:39:49.894  6777  6860 D         : addLayerName, tid:6860
06-28 18:39:49.910  6777  6860 D         : addLayerName, tid:6860
06-28 18:39:49.917  1114  9129 I chatty  : uid=1000(system) Binder:1114_18 expire 8 lines
06-28 18:39:49.917  1900  1947 D NcDft_ServiceImpl: notifyNcDftEvent domain is : 0 ;eventID is: 31 ;List is [APKSTOPPROVIDER, f7386f6, , apkstop, 1561718389917]
06-28 18:39:49.918  1114  9129 I BackgroundPermManager: pkgName: com.mixgo.PropertySEO,pid: 6777 ,uidOf3RdApk: 10404 ,permType: 2 ,permCfg: 0
06-28 18:39:49.922  1952  2110 D DeviceMonitor: GPS request stop:com.mixgo.PropertySEO pid:6777 interval(s): -1 reqId:f7386f6
06-28 18:39:49.926  1849  1861 D HwLBSService.HwNLPLocationProvider: bootTime: 119589 s, source: WorkSource{}
06-28 18:39:49.926  1849  1849 D HwLBSService.HwNLPPositionManager: setRequest  ProviderRequest[OFF] , WorkSource{}
06-28 18:39:49.926  1849  1849 D HwLBSService.NLPPreferences: getUserConfirmedPreference, USER_CONFIRMED: userSwitch 1 startupSwitch 1 spResult true result true
06-28 18:39:49.927  1849  1849 D HwLBSService.HwNLPLogServices: updataRequestInfo  requestTime : 1561718389926, mMinDis : 2147483647, interval : 9223372036854775807APKName : []
06-28 18:39:49.928  1849  1849 D HwLBSService.HwNLPLogServices: dataflowStatistics  uid:1000, pid :1849
06-28 18:39:49.928  6777  6860 D         : addLayerName, tid:6860
06-28 18:39:49.932  1849  1849 I NetworkStatsManager: querySummary callingPid = 1849
06-28 18:39:49.933  1114  9129 I NetworkStats: openSessionForUsageStats, pid = 1849, pkg = com.huawei.lbs
06-28 18:39:49.933  1114  9129 I NetworkStats: openSessionInternal,pid = 1849
06-28 18:39:49.934  1114  9129 I NetworkStats: performPollLocked, pid = 1114
06-28 18:39:49.945  6777  6860 D         : addLayerName, tid:6860
06-28 18:39:49.958  1114  9129 W NetworkStatsFactory: mStatsXtProcUid: /proc/net/comm/stats does not exist!
06-28 18:39:49.958  1114  9129 D HwNetworkStatsService: hwRecordUidAndProcSnapshotLocked currentTime = 1561718389932
06-28 18:39:49.960  6777  6860 D         : addLayerName, tid:6860
06-28 18:39:49.969  1114  9129 I NetworkStatsFactory: javaReadNetworkStatsUidAndProcDetail. cost time = 11
06-28 18:39:49.976  6777  6860 D         : addLayerName, tid:6860
06-28 18:39:49.994  6777  6860 D         : addLayerName, tid:6860
06-28 18:39:49.997  1114  9129 D HwNetworkStatsService: hwMaybeUidAndProcPersistLocked currentTime = 1561718389932
06-28 18:39:50.010  6777  6860 D         : addLayerName, tid:6860
06-28 18:39:50.026  6777  6860 D         : addLayerName, tid:6860
06-28 18:39:50.027  1849  1849 D HwLBSService.HwNLPLogServices: dataflowStatistics uid:1000 rx:0 tx:0, summaryTotal : 0
06-28 18:39:50.028  1849  1849 D HwLBSService.HwNLPPositionManager: updateRequirements  mEnabled :false, mRequest :ProviderRequest[OFF]
06-28 18:39:50.028  1849  1849 D HwLBSService.HwNLPPositionManager: disableProvider   name: network
06-28 18:39:50.028  1849  1849 D HwLBSService.HwFusionManager: HwNLPFusionClear 
06-28 18:39:50.028  1849  1849 E HwLBSService.HwNLPDBManager: closedb 
06-28 18:39:50.028  1849  1849 D HwLBSService.HwNLPEngine: removeSDKLocation  
06-28 18:39:50.030  2017  2247 E HSM_BG  : NatTrafficNotifyService:imsi is null, so return
06-28 18:39:50.044  6777  6860 D         : addLayerName, tid:6860
06-28 18:39:50.059  6777  6860 D         : addLayerName, tid:6860
06-28 18:39:50.075  6777  6860 D         : addLayerName, tid:6860
06-28 18:39:50.091  6777  7021 D JIGUANG-JCore: [HttpHelper] status code:200 retry left:2
06-28 18:39:50.092  6777  6860 D         : addLayerName, tid:6860
06-28 18:39:50.110  6777  6860 D         : addLayerName, tid:6860
06-28 18:39:50.126  6777  6860 D         : addLayerName, tid:6860
06-28 18:39:50.141  6777  6860 D         : addLayerName, tid:6860
06-28 18:39:50.158  6777  6860 D         : addLayerName, tid:6860
06-28 18:39:50.174  6777  6860 D         : addLayerName, tid:6860
06-28 18:39:50.190  6777  6860 D         : addLayerName, tid:6860
06-28 18:39:50.208  6777  6860 D         : addLayerName, tid:6860
06-28 18:39:50.223  6777  6860 D         : addLayerName, tid:6860
06-28 18:39:50.241  6777  6860 D         : addLayerName, tid:6860
06-28 18:39:50.259  6777  6860 D         : addLayerName, tid:6860
06-28 18:39:50.274  6777  6860 D         : addLayerName, tid:6860
06-28 18:39:50.290  6777  6860 D         : addLayerName, tid:6860
06-28 18:39:50.308  6777  6860 D         : addLayerName, tid:6860
06-28 18:39:50.323  6777  6860 D         : addLayerName, tid:6860
06-28 18:39:50.339  6777  6860 D         : addLayerName, tid:6860
06-28 18:39:50.357  6777  6860 D         : addLayerName, tid:6860
06-28 18:39:50.374  6777  6860 D         : addLayerName, tid:6860
06-28 18:39:50.389  6777  6860 D         : addLayerName, tid:6860
06-28 18:39:50.406  6777  6860 D         : addLayerName, tid:6860
06-28 18:39:50.423  6777  6860 D         : addLayerName, tid:6860
06-28 18:39:50.440  6777  6860 D         : addLayerName, tid:6860
06-28 18:39:50.457  6777  6860 D         : addLayerName, tid:6860
06-28 18:39:50.472  6777  6860 D         : addLayerName, tid:6860
06-28 18:39:50.489  6777  6860 D         : addLayerName, tid:6860
06-28 18:39:50.505  6777  6860 D         : addLayerName, tid:6860
06-28 18:39:50.522  6777  6860 D         : addLayerName, tid:6860
06-28 18:39:50.539  6777  6860 D         : addLayerName, tid:6860
06-28 18:39:50.555  6777  6860 D         : addLayerName, tid:6860
06-28 18:39:50.572  6777  6860 D         : addLayerName, tid:6860
06-28 18:39:50.588  6777  6860 D         : addLayerName, tid:6860
06-28 18:39:50.606  6777  6860 D         : addLayerName, tid:6860
06-28 18:39:50.621  6777  6860 D         : addLayerName, tid:6860
06-28 18:39:50.638  6777  6860 D         : addLayerName, tid:6860
06-28 18:39:50.654  6777  6860 D         : addLayerName, tid:6860
06-28 18:39:50.669  6777  6860 D         : addLayerName, tid:6860
06-28 18:39:50.688  6777  6860 D         : addLayerName, tid:6860
06-28 18:39:50.704  6777  6860 D         : addLayerName, tid:6860
06-28 18:39:50.719  6777  6860 D         : addLayerName, tid:6860
06-28 18:39:50.737  6777  6860 D         : addLayerName, tid:6860
06-28 18:39:50.754  6777  6860 D         : addLayerName, tid:6860
06-28 18:39:50.769  6777  6860 D         : addLayerName, tid:6860
06-28 18:39:50.789  6777  6860 D         : addLayerName, tid:6860
06-28 18:39:50.804  6777  6860 D         : addLayerName, tid:6860
06-28 18:39:50.819  6777  6860 D         : addLayerName, tid:6860
06-28 18:39:50.837  6777  6860 D         : addLayerName, tid:6860
06-28 18:39:50.853  6777  6860 D         : addLayerName, tid:6860
06-28 18:39:50.869  6777  6860 D         : addLayerName, tid:6860
06-28 18:39:50.885  6777  6860 D         : addLayerName, tid:6860
06-28 18:39:50.901  6777  6860 D         : addLayerName, tid:6860
06-28 18:39:50.902  1849  1861 D HwLBSService.HwNLPPositionManager: getNLPStatus mNLPErrorcode: 2
06-28 18:39:50.919  6777  6860 D         : addLayerName, tid:6860
06-28 18:39:50.935  6777  6860 D         : addLayerName, tid:6860
06-28 18:39:50.953  6777  6860 D         : addLayerName, tid:6860
06-28 18:39:50.967  6777  6860 D         : addLayerName, tid:6860
06-28 18:39:50.984  6777  6860 D         : addLayerName, tid:6860
06-28 18:39:51.000  6777  6860 D         : addLayerName, tid:6860
06-28 18:39:51.018  6777  6860 D         : addLayerName, tid:6860
06-28 18:39:51.034  6777  6860 D         : addLayerName, tid:6860
06-28 18:39:51.051  6777  6860 D         : addLayerName, tid:6860
06-28 18:39:51.067  6777  6860 D         : addLayerName, tid:6860
06-28 18:39:51.084  6777  6860 D         : addLayerName, tid:6860
06-28 18:39:51.100  6777  6860 D         : addLayerName, tid:6860
06-28 18:39:51.117  6777  6860 D         : addLayerName, tid:6860
06-28 18:39:51.133  6777  6860 D         : addLayerName, tid:6860
06-28 18:39:51.150  6777  6860 D         : addLayerName, tid:6860
06-28 18:39:51.166  6777  6860 D         : addLayerName, tid:6860
06-28 18:39:51.184  6777  6860 D         : addLayerName, tid:6860
06-28 18:39:51.199  6777  6860 D         : addLayerName, tid:6860
06-28 18:39:51.215  6777  6860 D         : addLayerName, tid:6860
06-28 18:39:51.234  6777  6860 D         : addLayerName, tid:6860
06-28 18:39:51.249  6777  6860 D         : addLayerName, tid:6860
06-28 18:39:51.266  6777  6860 D         : addLayerName, tid:6860
06-28 18:39:51.283  6777  6860 D         : addLayerName, tid:6860
06-28 18:39:51.299  6777  6860 D         : addLayerName, tid:6860
06-28 18:39:51.315  6777  6860 D         : addLayerName, tid:6860
06-28 18:39:51.332  6777  6860 D         : addLayerName, tid:6860
06-28 18:39:51.346  1114  1561 I chatty  : uid=1000(system) WifiService expire 41 lines
06-28 18:39:51.348  6777  6860 D         : addLayerName, tid:6860
06-28 18:39:51.365  6777  6860 D         : addLayerName, tid:6860
06-28 18:39:51.381  6777  6860 D         : addLayerName, tid:6860
06-28 18:39:51.398  6777  6860 D         : addLayerName, tid:6860
06-28 18:39:51.415  6777  6860 D         : addLayerName, tid:6860
06-28 18:39:51.431  6777  6860 D         : addLayerName, tid:6860
06-28 18:39:51.447  6777  6860 D         : addLayerName, tid:6860
06-28 18:39:51.464  6777  6860 D         : addLayerName, tid:6860
06-28 18:39:51.481  6777  6860 D         : addLayerName, tid:6860
06-28 18:39:51.497  6777  6860 D         : addLayerName, tid:6860
06-28 18:39:51.514  6777  6860 D         : addLayerName, tid:6860
06-28 18:39:51.531  6777  6860 D         : addLayerName, tid:6860
06-28 18:39:51.547  6777  6860 D         : addLayerName, tid:6860
06-28 18:39:51.563  6777  6860 D         : addLayerName, tid:6860
06-28 18:39:51.579  6777  6860 D         : addLayerName, tid:6860
06-28 18:39:51.597  6777  6860 D         : addLayerName, tid:6860
06-28 18:39:51.612  6777  6860 D         : addLayerName, tid:6860
06-28 18:39:51.629  6777  6860 D         : addLayerName, tid:6860
06-28 18:39:51.646  6777  6860 D         : addLayerName, tid:6860
06-28 18:39:51.661  6777  6860 D         : addLayerName, tid:6860
06-28 18:39:51.679  6777  6860 D         : addLayerName, tid:6860
06-28 18:39:51.695  6777  6860 D         : addLayerName, tid:6860
06-28 18:39:51.712  6777  6860 D         : addLayerName, tid:6860
06-28 18:39:51.728  6777  6860 D         : addLayerName, tid:6860
06-28 18:39:51.744  6777  6860 D         : addLayerName, tid:6860
06-28 18:39:51.761  6777  6860 D         : addLayerName, tid:6860
06-28 18:39:51.778  6777  6860 D         : addLayerName, tid:6860
06-28 18:39:51.782  6553  7058 D UIAutomatorStub: URI: /jsonrpc/0, Method: POST, params, {NanoHttpd.QUERY_STRING=null}, files: {postData={"jsonrpc": "2.0", "id": "148a2233b519d456b8627d345cea30db", "method": "waitForExists", "params": [{"mask": 1, "childOrSibling": [], "childOrSiblingSelector": [], "text": "ECOPROP"}, 20000]}}
06-28 18:39:51.786  6553  7058 W QueryController: Could not detect idle state.
06-28 18:39:51.788  6553  7058 W AccessibilityInteractionClient: old interaction Id is: -1,current interaction Id is:0
06-28 18:39:51.796  6777  6860 D         : addLayerName, tid:6860
06-28 18:39:51.797  6553  7058 W AccessibilityInteractionClient: old interaction Id is: -1,current interaction Id is:1
06-28 18:39:51.810  6777  6860 D         : addLayerName, tid:6860
06-28 18:39:51.830  6777  6860 D         : addLayerName, tid:6860
06-28 18:39:51.844  6777  6860 D         : addLayerName, tid:6860
06-28 18:39:51.861  6777  6860 D         : addLayerName, tid:6860
06-28 18:39:51.876  6777  6860 D         : addLayerName, tid:6860
06-28 18:39:51.893  6777  6860 D         : addLayerName, tid:6860
06-28 18:39:51.903  1900  5205 E NcDft_GnssDftManager: network position over 12s
06-28 18:39:51.904  1900  5205 I iMonitor: create: 910000007
06-28 18:39:51.904  1900  5205 I iMonitor: create: 910009006
06-28 18:39:51.904  1900  5205 I iMonitor: create: 910009002
06-28 18:39:51.905  1900  2069 D NcDft_GnssDataStatisticsManager: increaseGnssStatisticCount, counttype = 6
06-28 18:39:51.906  1900  2069 D NcDft_GnssDataBaseManager: check If statistic database exist, record Count=1
06-28 18:39:51.909  1900  2069 D NcDft_GnssDataBaseManager: writeGnssDB  succ, rowChg=1
06-28 18:39:51.910  6777  6860 D         : addLayerName, tid:6860
06-28 18:39:51.910  1900  5205 I iMonitor: create: 910009005
06-28 18:39:51.913  1969  2823 D PhoneInterfaceManager: [PhoneIntfMgr] isUserDataEnabled: subId=0 phoneId=0
06-28 18:39:51.913  1969  2823 D PhoneInterfaceManager: [PhoneIntfMgr] isUserDataEnabled: subId=0 retVal=true
06-28 18:39:51.916  1900  5205 D NcDft_CommInfo: bluetooth IllegalAccessException | IllegalArgumentException | InvocationTargetException
06-28 18:39:51.916  1900  5205 D NcDft_CommInfo: bluetooth IllegalAccessException | IllegalArgumentException | InvocationTargetException
06-28 18:39:51.917  1900  5205 I iMonitor: create: 910009012
06-28 18:39:51.917  1900  5205 I iMonitor: send: 910000007
06-28 18:39:51.926  6777  6860 D         : addLayerName, tid:6860
06-28 18:39:51.928   796  1102 I         : DPTEST  EventId is not need Hash
06-28 18:39:51.944  6777  6860 D         : addLayerName, tid:6860
06-28 18:39:51.960  6777  6860 D         : addLayerName, tid:6860
06-28 18:39:51.975  6777  6860 D         : addLayerName, tid:6860
06-28 18:39:51.992  6777  6860 D         : addLayerName, tid:6860
06-28 18:39:52.010  6777  6860 D         : addLayerName, tid:6860
06-28 18:39:52.025  6777  6860 D         : addLayerName, tid:6860
06-28 18:39:52.044  6777  6860 D         : addLayerName, tid:6860
06-28 18:39:52.061  6777  6860 D         : addLayerName, tid:6860
06-28 18:39:52.076  6777  6860 D         : addLayerName, tid:6860
06-28 18:39:52.092  6777  6860 D         : addLayerName, tid:6860
06-28 18:39:52.111  6777  6860 D         : addLayerName, tid:6860
06-28 18:39:52.126  6777  6860 D         : addLayerName, tid:6860
06-28 18:39:52.142  6777  6860 D         : addLayerName, tid:6860
06-28 18:39:52.159  6777  6860 D         : addLayerName, tid:6860
06-28 18:39:52.176  6777  6860 D         : addLayerName, tid:6860
06-28 18:39:52.192  6777  6860 D         : addLayerName, tid:6860
06-28 18:39:52.208  6777  6860 D         : addLayerName, tid:6860
06-28 18:39:52.226  6777  6860 D         : addLayerName, tid:6860
06-28 18:39:52.241  6777  6860 D         : addLayerName, tid:6860
06-28 18:39:52.257  6777  6860 D         : addLayerName, tid:6860
06-28 18:39:52.275  6777  6860 D         : addLayerName, tid:6860
06-28 18:39:52.291  6777  6860 D         : addLayerName, tid:6860
06-28 18:39:52.294  3093  5482 W Conscrypt: Could not set socket write timeout: java.net.SocketException: Socket closed
06-28 18:39:52.295  3093  5482 W Conscrypt: 	at com.google.android.gms.org.conscrypt.Platform.setSocketWriteTimeout(:com.google.android.gms@14799037@14.7.99 (100400-223214910):2)
06-28 18:39:52.295  3093  5482 W Conscrypt: 	at com.google.android.gms.org.conscrypt.ConscryptFileDescriptorSocket.setSoWriteTimeout(:com.google.android.gms@14799037@14.7.99 (100400-223214910):2)
06-28 18:39:52.307  6777  6860 D         : addLayerName, tid:6860
06-28 18:39:52.307  3093  5482 V NativeCrypto: SSL handshake aborted: ssl=0x729944f408: I/O error during system call, Connection reset by peer
06-28 18:39:52.325  6777  6860 D         : addLayerName, tid:6860
06-28 18:39:52.341  6777  6860 D         : addLayerName, tid:6860
06-28 18:39:52.357  6777  6860 D         : addLayerName, tid:6860
06-28 18:39:52.373  6777  6860 D         : addLayerName, tid:6860
06-28 18:39:52.390  6777  6860 D         : addLayerName, tid:6860
06-28 18:39:52.406  6777  6860 D         : addLayerName, tid:6860
06-28 18:39:52.422  6777  6860 D         : addLayerName, tid:6860
06-28 18:39:52.440  6777  6860 D         : addLayerName, tid:6860
06-28 18:39:52.450  1900  2108 D HwWifiStatStore: handleMessage : 200
06-28 18:39:52.452  1952 26416 I DownloadState: 2000 stop download over 30s.
06-28 18:39:52.456  6777  6860 D         : addLayerName, tid:6860
06-28 18:39:52.472  6777  6860 D         : addLayerName, tid:6860
06-28 18:39:52.478   646   646 E WifiHAL : enter wifi_get_link_stats
06-28 18:39:52.492  1114  1562 I chatty  : uid=1000(system) WifiStateMachin expire 22 lines
06-28 18:39:52.492  6777  6860 D         : addLayerName, tid:6860
06-28 18:39:52.506  6777  6860 D         : addLayerName, tid:6860
06-28 18:39:52.522  6777  6860 D         : addLayerName, tid:6860
