06-28 18:39:03.746  1114  1558 W NetworkStatsFactory: mStatsXtProcUid: /proc/net/comm/stats does not exist!
06-28 18:39:03.746  1114  1558 D HwNetworkStatsService: hwRecordUidAndProcSnapshotLocked currentTime = 1561718343728
06-28 18:39:03.756  1114  1558 I NetworkStatsFactory: javaReadNetworkStatsUidAndProcDetail. cost time = 10
06-28 18:39:03.776  1114  1558 D NetdConnector: SND -> {2615 bandwidth setglobalalert 2097152}
06-28 18:39:03.779  1114  1555 D NetdConnector: RCV <- {200 2615 Bandwidth command succeeeded}
06-28 18:39:03.781  1114  1555 D NetdConnector: RCV <- {200 2615 Bandwidth command succeeeded}
06-28 18:39:03.852  3093  5481 W Conscrypt: Could not set socket write timeout: java.net.SocketException: Socket closed
06-28 18:39:03.852  3093  5481 W Conscrypt: 	at com.google.android.gms.org.conscrypt.Platform.setSocketWriteTimeout(:com.google.android.gms@14799037@14.7.99 (100400-223214910):2)
06-28 18:39:03.852  3093  5481 W Conscrypt: 	at com.google.android.gms.org.conscrypt.ConscryptFileDescriptorSocket.setSoWriteTimeout(:com.google.android.gms@14799037@14.7.99 (100400-223214910):2)
06-28 18:39:03.924  3093  5481 V NativeCrypto: SSL handshake aborted: ssl=0x729ae884c8: I/O error during system call, Connection reset by peer
06-28 18:39:04.172   646   646 E WifiHAL : enter wifi_get_link_stats
06-28 18:39:04.184  1114  1562 I chatty  : uid=1000(system) WifiStateMachin expire 22 lines
06-28 18:39:04.678  1114  1561 I chatty  : uid=1000(system) WifiService expire 36 lines
06-28 18:39:05.729   574   594 W SocketListener: sending broadcast to Pid = 1114, Uid = 1000 
06-28 18:39:05.732  1114  1555 D NetdConnector: RCV <- {601 limit alert globalAlert wlan0}
06-28 18:39:05.733  1114  1555 D NetdConnector: RCV <- {601 limit alert globalAlert wlan0}
06-28 18:39:05.734  1114  1240 D NetdConnector: RCV unsolicited event from native daemon, event = 601
06-28 18:39:05.736  1114  1240 I NetworkStats: limitReached
06-28 18:39:05.737  1114  1558 I NetworkStats: performPollLocked, pid = 1114
06-28 18:39:05.757  1114  1558 W NetworkStatsFactory: mStatsXtProcUid: /proc/net/comm/stats does not exist!
06-28 18:39:05.758  1114  1558 D HwNetworkStatsService: hwRecordUidAndProcSnapshotLocked currentTime = 1561718345735
06-28 18:39:05.771  1114  1558 I NetworkStatsFactory: javaReadNetworkStatsUidAndProcDetail. cost time = 13
06-28 18:39:05.792  1114  1558 D NetdConnector: SND -> {2616 bandwidth setglobalalert 2097152}
06-28 18:39:05.794  1114  1555 D NetdConnector: RCV <- {200 2616 Bandwidth command succeeeded}
06-28 18:39:05.795  1114  1555 D NetdConnector: RCV <- {200 2616 Bandwidth command succeeeded}
06-28 18:39:06.604   731   731 W irqbalance: type=1400 audit(0.0:36876): avc: denied { dac_override } for capability=1 scontext=u:r:irqbalance:s0 tcontext=u:r:irqbalance:s0 tclass=capability permissive=0
06-28 18:39:06.604   731   731 W irqbalance: type=1400 audit(0.0:36877): avc: denied { dac_override } for capability=1 scontext=u:r:irqbalance:s0 tcontext=u:r:irqbalance:s0 tclass=capability permissive=0
06-28 18:39:06.604   731   731 W irqbalance: type=1400 audit(0.0:36878): avc: denied { dac_override } for capability=1 scontext=u:r:irqbalance:s0 tcontext=u:r:irqbalance:s0 tclass=capability permissive=0
06-28 18:39:06.604   731   731 W irqbalance: type=1400 audit(0.0:36880): avc: denied { dac_override } for capability=1 scontext=u:r:irqbalance:s0 tcontext=u:r:irqbalance:s0 tclass=capability permissive=0
06-28 18:39:06.606   731   731 I irqbalance: Decided to move irq 80 from cpu 0 to cpu 1
06-28 18:39:06.607   731   731 I irqbalance: Decided to move irq 455 from cpu 0 to cpu 1
06-28 18:39:06.608   731   731 I irqbalance: Decided to move irq 128 from cpu 0 to cpu 1
06-28 18:39:06.608   731   731 I irqbalance: Decided to move irq 79 from cpu 0 to cpu 1
06-28 18:39:06.609   731   731 I irqbalance: Decided to move irq 21 from cpu 0 to cpu 1
06-28 18:39:06.739  1114  1611 I chatty  : uid=1000(system) WiFiArpStateMac expire 10 lines
06-28 18:39:07.192   646   646 E WifiHAL : enter wifi_get_link_stats
06-28 18:39:07.731   574   594 W SocketListener: sending broadcast to Pid = 1114, Uid = 1000 
06-28 18:39:07.733  1114  1555 D NetdConnector: RCV <- {601 limit alert globalAlert wlan0}
06-28 18:39:07.734  1114  1555 D NetdConnector: RCV <- {601 limit alert globalAlert wlan0}
06-28 18:39:07.735  1114  1240 D NetdConnector: RCV unsolicited event from native daemon, event = 601
06-28 18:39:07.737  1114  1240 I NetworkStats: limitReached
06-28 18:39:07.739  1114  1558 I NetworkStats: performPollLocked, pid = 1114
06-28 18:39:07.763  1114  1558 W NetworkStatsFactory: mStatsXtProcUid: /proc/net/comm/stats does not exist!
06-28 18:39:07.764  1114  1558 D HwNetworkStatsService: hwRecordUidAndProcSnapshotLocked currentTime = 1561718347738
06-28 18:39:07.764  3116  3178 D LogUtil_LogConfig: getLogFile(): logFilePath = /data/data/com.huawei.health/files/com.huawei.health/com.huawei.health_DaemonService/
06-28 18:39:07.764  3116  3178 D LogUtil_LogConfig: obtainSavePath(): path = 1
06-28 18:39:07.764  3116  3178 D LogUtil_LogConfig: acquireMaxLogFileLengthContainsOffset describe: com.huawei.health:DaemonService result:5242880
06-28 18:39:07.765  3116  3178 D LogUtil_LogConfig: getLogFileRoot(): logFilePath = /data/data/com.huawei.health/files/com.huawei.health/com.huawei.health_DaemonService/
06-28 18:39:07.778  1114  1558 I NetworkStatsFactory: javaReadNetworkStatsUidAndProcDetail. cost time = 13
06-28 18:39:07.803  1114  1558 D NetdConnector: SND -> {2617 bandwidth setglobalalert 2097152}
06-28 18:39:07.806  1114  1555 D NetdConnector: RCV <- {200 2617 Bandwidth command succeeeded}
06-28 18:39:07.806  1114  1555 D NetdConnector: RCV <- {200 2617 Bandwidth command succeeeded}
06-28 18:39:08.700  1114  1530 I chatty  : uid=1000(system) AlarmManager expire 8 lines
06-28 18:39:08.705  1114  1114 D JobScheduler.Time: Delay-expired alarm fired
06-28 18:39:08.705  1114  1114 I JobScheduler.Time: onControllerStateChanged
06-28 18:39:08.707  1114  1114 W HwAlarmManagerService: isContainsAppUidInWorksource-->happend NameNotFoundException
06-28 18:39:08.707  1114  1114 W HwAlarmManagerService: isContainsAppUidInWorksource-->happend NameNotFoundException
06-28 18:39:08.711  1114  1114 I HwAlarmManagerService: hwSetAlarm listenerTag: *job.delay*
06-28 18:39:08.712  1114  1114 I JobScheduler.Time: mNextDelayExpiredElapsedMillis: 121004694
06-28 18:39:08.712  1114  1114 D JobScheduler: Maybe queuing ready jobs...
06-28 18:39:08.713  1114  6160 V BroadcastQueue: Finished with ordered broadcast BroadcastRecord{fad319e u0 com.google.android.gms.gcm.ACTION_CHECK_QUEUE}
06-28 18:39:08.742 31128 31128 I Finsky  : [1] com.google.android.finsky.scheduler.JobSchedulerEngine$PhoneskyJobSchedulerJobService.onStartJob(3): onJobSchedulerWakeup with jobId 9000
06-28 18:39:08.743  1114  1684 I JobScheduler.Time: onControllerStateChanged
06-28 18:39:08.744 31128 31128 I Finsky  : [1] nvu.a(21): Scheduling fallback job with id: 9034, and delay: 43200000 ms
06-28 18:39:08.745  1114  1114 D JobScheduler: queuing all ready jobs for execution:
06-28 18:39:08.757  1114  8995 I AlarmManager: remove alarm:Alarm{b391138 type 2 when 184290268 PendingIntent{5e37422: PendingIntentRecord{ca83d5c com.android.vending broadcastIntent}}com.android.vending} according to operation:e41d99b
06-28 18:39:08.763 31128 31128 I Finsky  : [1] nvu.a(5): Scheduling fallback in 64799993 (absolute: 184348340)
06-28 18:39:08.767  3093  4349 D WorkSource: Insert in WorkSource{} @ 0 uid 10021 name com.google.android.gms
06-28 18:39:08.767  3093  4349 D WorkSource: Insert in WorkSource{} @ 0 uid 10021 name com.google.android.gms
06-28 18:39:08.769  1114  8995 I chatty  : uid=1000(system) Binder:1114_17 expire 10 lines
06-28 18:39:08.789  3093  4349 D WorkSource: Insert in WorkSource{} @ 0 uid 10021 name com.google.android.gms
06-28 18:39:08.790  1114  8995 W HwAlarmManagerService: isContainsAppUidInWorksource-->happend NameNotFoundException
06-28 18:39:08.790  1114  8995 W HwAlarmManagerService: isContainsAppUidInWorksource-->happend NameNotFoundException
06-28 18:39:08.833 31128 31128 I Finsky  : [1] nwc.handleMessage(10): DeviceState: DeviceState{currentTime=1561718348830, isCharging=true, isIdle=false, netAny=true, netNotRoaming=true, netUnmetered=true}
06-28 18:39:08.838 31128  6663 I Finsky  : [768] nxi.b(7): Jobs in database: 1-1337 12-1 26-1414141414 
06-28 18:39:08.841 31128 31128 I Finsky  : [1] nvv.a(45): Running job: 12-1
06-28 18:39:08.842  3093  6692 I NetRec  : [5700] ahtr.a: Refreshing scores for 52 networks.
06-28 18:39:08.846 31128 31128 I Finsky  : [1] com.google.android.finsky.contentsync.ContentSyncJob.a(23): ContentSyncJob started
06-28 18:39:08.847 31128 31128 I Finsky  : [1] nwc.handleMessage(81): RunningQueue size: 1, PendingQueue size: 0
06-28 18:39:08.847 31128 31128 I Finsky  : [1] nwc.handleMessage(90): Running queue: 12-1 
06-28 18:39:08.850 31128 31168 I Finsky  : [647] dbo.a(5): Completed 0 account content syncs with 0 successful.
06-28 18:39:08.850 31128 31128 I Finsky  : [1] com.google.android.finsky.contentsync.ContentSyncJob.a(21): Installation state replication succeeded.
06-28 18:39:08.851 31128 31128 I Finsky  : [1] nxb.a(11): jobFinished: 12-1. TimeElapsed: 9ms
06-28 18:39:08.854 31128 31128 I Finsky  : [1] nvv.a(10): Job 12-1 finished
06-28 18:39:08.855 31128 31128 I Finsky  : [1] nwc.handleMessage(81): RunningQueue size: 0, PendingQueue size: 0
06-28 18:39:08.855 31128 31128 I Finsky  : [1] nwc.handleMessage(27): Executor finished
06-28 18:39:08.865  1114  1114 D JobScheduler: queuing all ready jobs for execution:
06-28 18:39:08.879 31128 31128 I Finsky  : [1] nxi.b(7): Jobs in database: 1-1337 26-1414141414 
06-28 18:39:08.880 31128 31128 I Finsky  : [1] nva.a(66): ConstraintMapping: 1-1337,  -> L: 4288853ms, D: 47488853ms, C: false, I: false, N: NET_ANY
06-28 18:39:08.880 31128 31128 I Finsky  : [1] nva.a(66): ConstraintMapping: 26-1414141414,  -> L: 10111121ms, D: 11011121ms, C: false, I: false, N: NET_NONE
06-28 18:39:08.881 31128 31128 I Finsky  : [1] com.google.android.finsky.scheduler.JobSchedulerEngine.a(42): Cancelling existing job with id: 9003
06-28 18:39:08.883 31128 31128 I Finsky  : [1] com.google.android.finsky.scheduler.JobSchedulerEngine.a(4): Scheduling job Id: 9001, L: 4288853, D: 47488853, C: false, I: false, N: 1
06-28 18:39:08.885 31128 31128 I Finsky  : [1] com.google.android.finsky.scheduler.JobSchedulerEngine.a(4): Scheduling job Id: 9002, L: 10111121, D: 11011121, C: false, I: false, N: 0
06-28 18:39:08.906   776   776 E Thermal-daemon: [charger_ic] temp_new :39  temp_old :40
06-28 18:39:08.908   776   776 E Thermal-daemon: Report temperature: [charger_ic] temp :39  report_threshold:1
06-28 18:39:09.735   574   594 W SocketListener: sending broadcast to Pid = 1114, Uid = 1000 
06-28 18:39:09.738  1114  1555 D NetdConnector: RCV <- {601 limit alert globalAlert wlan0}
06-28 18:39:09.739  1114  1555 D NetdConnector: RCV <- {601 limit alert globalAlert wlan0}
06-28 18:39:09.740  1114  1240 D NetdConnector: RCV unsolicited event from native daemon, event = 601
06-28 18:39:09.742  1114  1240 I NetworkStats: limitReached
06-28 18:39:09.744  1114  1558 I NetworkStats: performPollLocked, pid = 1114
06-28 18:39:09.766  1114  1558 W NetworkStatsFactory: mStatsXtProcUid: /proc/net/comm/stats does not exist!
06-28 18:39:09.766  1114  1558 D HwNetworkStatsService: hwRecordUidAndProcSnapshotLocked currentTime = 1561718349742
06-28 18:39:09.780  1114  1558 I NetworkStatsFactory: javaReadNetworkStatsUidAndProcDetail. cost time = 14
06-28 18:39:09.802  1114  1558 D NetdConnector: SND -> {2618 bandwidth setglobalalert 2097152}
06-28 18:39:09.804  1114  1555 D NetdConnector: RCV <- {200 2618 Bandwidth command succeeeded}
06-28 18:39:09.804  1114  1555 D NetdConnector: RCV <- {200 2618 Bandwidth command succeeeded}
06-28 18:39:10.190  6553  6694 D UIAutomatorStub: URI: /jsonrpc/0, Method: POST, params, {NanoHttpd.QUERY_STRING=null}, files: {postData={"jsonrpc": "2.0", "id": "c44e5a8730f0de7319bc9dbb1ea91bfe", "method": "getWatchers", "params": {}}}
06-28 18:39:10.213   646   646 E WifiHAL : enter wifi_get_link_stats
06-28 18:39:10.218  6553  6694 D UIAutomatorStub: URI: /jsonrpc/0, Method: POST, params, {NanoHttpd.QUERY_STRING=null}, files: {postData={"jsonrpc": "2.0", "id": "dad7ee68eef4d50153228053a6343669", "method": "runWatchersOnWindowsChange", "params": [false]}}
06-28 18:39:10.242  6553  6694 D UIAutomatorStub: URI: /jsonrpc/0, Method: POST, params, {NanoHttpd.QUERY_STRING=null}, files: {postData={"jsonrpc": "2.0", "id": "c14b8ce5f79d898bfc4e5589d41c8182", "method": "registerClickUiObjectWatcher", "params": ["\u5141\u8bb8", [{"mask": 1, "childOrSibling": [], "childOrSiblingSelector": [], "text": "\u5141\u8bb8"}], {"mask": 1, "childOrSibling": [], "childOrSiblingSelector": [], "text": "\u5141\u8bb8"}]}}
06-28 18:39:10.302  6553  6694 D UIAutomatorStub: URI: /jsonrpc/0, Method: POST, params, {NanoHttpd.QUERY_STRING=null}, files: {postData={"jsonrpc": "2.0", "id": "3637dc57075bfe873dfbb7e6494a56a5", "method": "registerClickUiObjectWatcher", "params": ["\u7ee7\u7eed\u5b89\u88c5", [{"mask": 1, "childOrSibling": [], "childOrSiblingSelector": [], "text": "\u7ee7\u7eed\u5b89\u88c5"}], {"mask": 1, "childOrSibling": [], "childOrSiblingSelector": [], "text": "\u7ee7\u7eed\u5b89\u88c5"}]}}
06-28 18:39:10.326  6553  6694 D UIAutomatorStub: URI: /jsonrpc/0, Method: POST, params, {NanoHttpd.QUERY_STRING=null}, files: {postData={"jsonrpc": "2.0", "id": "4993d6882d527a36614336d6f4ca754a", "method": "registerClickUiObjectWatcher", "params": ["\u5141\u8bb8\u5b89\u88c5", [{"mask": 1, "childOrSibling": [], "childOrSiblingSelector": [], "text": "\u5141\u8bb8\u5b89\u88c5"}], {"mask": 1, "childOrSibling": [], "childOrSiblingSelector": [], "text": "\u5141\u8bb8\u5b89\u88c5"}]}}
06-28 18:39:10.344  6553  6694 D UIAutomatorStub: URI: /jsonrpc/0, Method: POST, params, {NanoHttpd.QUERY_STRING=null}, files: {postData={"jsonrpc": "2.0", "id": "ea68e855d8b6f987d2b687268088f37e", "method": "registerClickUiObjectWatcher", "params": ["\u59cb\u7ec8\u5141\u8bb8", [{"mask": 1, "childOrSibling": [], "childOrSiblingSelector": [], "text": "\u59cb\u7ec8\u5141\u8bb8"}], {"mask": 1, "childOrSibling": [], "childOrSiblingSelector": [], "text": "\u59cb\u7ec8\u5141\u8bb8"}]}}
06-28 18:39:10.362  6553  6694 D UIAutomatorStub: URI: /jsonrpc/0, Method: POST, params, {NanoHttpd.QUERY_STRING=null}, files: {postData={"jsonrpc": "2.0", "id": "10c7aa48f2f218055137e65ca8be268e", "method": "registerClickUiObjectWatcher", "params": ["\u5b89\u88c5", [{"mask": 1, "childOrSibling": [], "childOrSiblingSelector": [], "text": "\u5b89\u88c5"}], {"mask": 1, "childOrSibling": [], "childOrSiblingSelector": [], "text": "\u5b89\u88c5"}]}}
06-28 18:39:10.381  6553  6694 D UIAutomatorStub: URI: /jsonrpc/0, Method: POST, params, {NanoHttpd.QUERY_STRING=null}, files: {postData={"jsonrpc": "2.0", "id": "32059e14e50b0f0084e64da7e36a93fa", "method": "registerClickUiObjectWatcher", "params": ["\u91cd\u65b0\u5b89\u88c5", [{"mask": 1, "childOrSibling": [], "childOrSiblingSelector": [], "text": "\u91cd\u65b0\u5b89\u88c5"}], {"mask": 1, "childOrSibling": [], "childOrSiblingSelector": [], "text": "\u91cd\u65b0\u5b89\u88c5"}]}}
06-28 18:39:10.405  6553  6694 D UIAutomatorStub: URI: /jsonrpc/0, Method: POST, params, {NanoHttpd.QUERY_STRING=null}, files: {postData={"jsonrpc": "2.0", "id": "b0174cccd83c38ee931a25269b633ee9", "method": "getWatchers", "params": {}}}
06-28 18:39:10.468  6553  6694 D UIAutomatorStub: URI: /jsonrpc/0, Method: POST, params, {NanoHttpd.QUERY_STRING=null}, files: {postData={"jsonrpc": "2.0", "id": "82615211900ffdcd75f582a3fcbde4c4", "method": "runWatchersOnWindowsChange", "params": [true]}}
06-28 18:39:11.077  3093  6692 W NetRec  : [5700] ahtr.a: Timeout after 2226 ms while waiting for score updates. Returning 1.
06-28 18:39:11.100  3093  6692 I NetRec  : [5700] ahtr.a: Still entries pending update, scheduling new rapid_refresh_scores_task refresh.
06-28 18:39:11.109  3093  6692 I NetRec  : [5700] ahtr.a: Completed rapid_refresh_scores_task score refresh task in 2301 ms, returning 1
06-28 18:39:11.114  1114  6160 V BroadcastQueue: Finished with ordered broadcast BroadcastRecord{d73e4e u0 com.google.android.gms.gcm.ACTION_SCHEDULE}
06-28 18:39:11.146  3093  5984 D WorkSource: Insert in WorkSource{} @ 0 uid 10021 name com.google.android.gms
06-28 18:39:11.147  1114  1684 W HwAlarmManagerService: isContainsAppUidInWorksource-->happend NameNotFoundException
06-28 18:39:11.148  1114  1684 W HwAlarmManagerService: isContainsAppUidInWorksource-->happend NameNotFoundException
06-28 18:39:12.490  3093  5483 W Conscrypt: Could not set socket write timeout: java.net.SocketException: Socket closed
06-28 18:39:12.490  3093  5483 W Conscrypt: 	at com.google.android.gms.org.conscrypt.Platform.setSocketWriteTimeout(:com.google.android.gms@14799037@14.7.99 (100400-223214910):2)
06-28 18:39:12.490  3093  5483 W Conscrypt: 	at com.google.android.gms.org.conscrypt.ConscryptFileDescriptorSocket.setSoWriteTimeout(:com.google.android.gms@14799037@14.7.99 (100400-223214910):2)
06-28 18:39:12.502  3093  5483 V NativeCrypto: SSL handshake aborted: ssl=0x729ae88348: I/O error during system call, Connection reset by peer
06-28 18:39:12.520  3093  3968 E akgr    : Phenotype API error. Event # brpy@89ee47a7, EventCode: 12 [CONTEXT service_id=51 ]
06-28 18:39:12.520  3093  3968 E akgr    : akfn: 29503
06-28 18:39:12.520  3093  3968 E akgr    : 	at akgy.a(:com.google.android.gms@14799037@14.7.99 (100400-223214910):40)
06-28 18:39:12.520  3093  3968 E akgr    : 	at akgx.b(Unknown Source:2)
06-28 18:39:12.520  3093  3968 E akgr    : 	at akgr.a(:com.google.android.gms@14799037@14.7.99 (100400-223214910):107)
06-28 18:39:12.520  3093  3968 E akgr    : 	at akgr.a(:com.google.android.gms@14799037@14.7.99 (100400-223214910):101)
06-28 18:39:12.520  3093  3968 E akgr    : 	at ybc.run(:com.google.android.gms@14799037@14.7.99 (100400-223214910):27)
06-28 18:39:12.520  3093  3968 E akgr    : 	at beyi.run(:com.google.android.gms@14799037@14.7.99 (100400-223214910):2)
06-28 18:39:12.520  3093  3968 E akgr    : 	at qwc.run(:com.google.android.gms@14799037@14.7.99 (100400-223214910):21)
06-28 18:39:12.520  3093  3968 E akgr    : 	at java.util.concurrent.ThreadPoolExecutor.runWorker(ThreadPoolExecutor.java:1167)
06-28 18:39:12.520  3093  3968 E akgr    : 	at java.util.concurrent.ThreadPoolExecutor$Worker.run(ThreadPoolExecutor.java:641)
06-28 18:39:12.520  3093  3968 E akgr    : 	at rbx.run(Unknown Source:7)
06-28 18:39:12.520  3093  3968 E akgr    : 	at java.lang.Thread.run(Thread.java:784)
06-28 18:39:12.521  3093  3968 E AsyncOperation: serviceID=51, operation=GetCommittedConfigurationOperationCall
06-28 18:39:12.521  3093  3968 E AsyncOperation: OperationException[Status{statusCode=unknown status code: 29503, resolution=null}]
06-28 18:39:12.521  3093  3968 E AsyncOperation: 	at akgr.a(:com.google.android.gms@14799037@14.7.99 (100400-223214910):115)
06-28 18:39:12.521  3093  3968 E AsyncOperation: 	at akgr.a(:com.google.android.gms@14799037@14.7.99 (100400-223214910):101)
06-28 18:39:12.521  3093  3968 E AsyncOperation: 	at ybc.run(:com.google.android.gms@14799037@14.7.99 (100400-223214910):27)
06-28 18:39:12.521  3093  3968 E AsyncOperation: 	at beyi.run(:com.google.android.gms@14799037@14.7.99 (100400-223214910):2)
06-28 18:39:12.521  3093  3968 E AsyncOperation: 	at qwc.run(:com.google.android.gms@14799037@14.7.99 (100400-223214910):21)
06-28 18:39:12.521  3093  3968 E AsyncOperation: 	at java.util.concurrent.ThreadPoolExecutor.runWorker(ThreadPoolExecutor.java:1167)
06-28 18:39:12.521  3093  3968 E AsyncOperation: 	at java.util.concurrent.ThreadPoolExecutor$Worker.run(ThreadPoolExecutor.java:641)
06-28 18:39:12.521  3093  3968 E AsyncOperation: 	at rbx.run(Unknown Source:7)
06-28 18:39:12.521  3093  3968 E AsyncOperation: 	at java.lang.Thread.run(Thread.java:784)
06-28 18:39:12.524  3093  5483 E NetRec  : [258] ahqw.a: Could not retrieve server token for package com.google.android.apps.gcs
06-28 18:39:12.524  3093  5483 E NetRec  : java.util.concurrent.ExecutionException: ppw: 29503: 
06-28 18:39:12.524  3093  5483 E NetRec  : 	at arhb.b(:com.google.android.gms@14799037@14.7.99 (100400-223214910):2)
06-28 18:39:12.524  3093  5483 E NetRec  : 	at arhb.a(:com.google.android.gms@14799037@14.7.99 (100400-223214910):28)
06-28 18:39:12.524  3093  5483 E NetRec  : 	at ahqw.a(:com.google.android.gms@14799037@14.7.99 (100400-223214910):1)
06-28 18:39:12.524  3093  5483 E NetRec  : 	at ahqw.a(:com.google.android.gms@14799037@14.7.99 (100400-223214910):4)
06-28 18:39:12.524  3093  5483 E NetRec  : 	at ahqt.getHeaders(:com.google.android.gms@14799037@14.7.99 (100400-223214910):2)
06-28 18:39:12.524  3093  5483 E NetRec  : 	at com.android.volley.toolbox.HttpClientStack.performRequest(:com.google.android.gms@14799037@14.7.99 (100400-223214910):9)
06-28 18:39:12.524  3093  5483 E NetRec  : 	at qph.performRequest(:com.google.android.gms@14799037@14.7.99 (100400-223214910):1)
06-28 18:39:12.524  3093  5483 E NetRec  : 	at bpq.executeRequest(:com.google.android.gms@14799037@14.7.99 (100400-223214910):1)
06-28 18:39:12.524  3093  5483 E NetRec  : 	at com.android.volley.toolbox.BasicNetwork.performRequest(:com.google.android.gms@14799037@14.7.99 (100400-223214910):10)
06-28 18:39:12.524  3093  5483 E NetRec  : 	at qpi.performRequest(:com.google.android.gms@14799037@14.7.99 (100400-223214910):13)
06-28 18:39:12.524  3093  5483 E NetRec  : 	at com.android.volley.NetworkDispatcher.a(:com.google.android.gms@14799037@14.7.99 (100400-223214910):6)
06-28 18:39:12.524  3093  5483 E NetRec  : 	at com.android.volley.NetworkDispatcher.run(:com.google.android.gms@14799037@14.7.99 (100400-223214910):2)
06-28 18:39:12.524  3093  5483 E NetRec  : Caused by: ppw: 29503: 
06-28 18:39:12.524  3093  5483 E NetRec  : 	at pvq.a(:com.google.android.gms@14799037@14.7.99 (100400-223214910):3)
06-28 18:39:12.524  3093  5483 E NetRec  : 	at akei.b(:com.google.android.gms@14799037@14.7.99 (100400-223214910):3)
06-28 18:39:12.524  3093  5483 E NetRec  : 	at akgx.a(:com.google.android.gms@14799037@14.7.99 (100400-223214910):7)
06-28 18:39:12.524  3093  5483 E NetRec  : 	at yax.a(:com.google.android.gms@14799037@14.7.99 (100400-223214910):5)
06-28 18:39:12.524  3093  5483 E NetRec  : 	at ybc.run(:com.google.android.gms@14799037@14.7.99 (100400-223214910):34)
06-28 18:39:12.524  3093  5483 E NetRec  : 	at beyi.run(:com.google.android.gms@14799037@14.7.99 (100400-223214910):2)
06-28 18:39:12.524  3093  5483 E NetRec  : 	at qwc.run(:com.google.android.gms@14799037@14.7.99 (100400-223214910):21)
06-28 18:39:12.524  3093  5483 E NetRec  : 	at java.util.concurrent.ThreadPoolExecutor.runWorker(ThreadPoolExecutor.java:1167)
06-28 18:39:12.524  3093  5483 E NetRec  : 	at java.util.concurrent.ThreadPoolExecutor$Worker.run(ThreadPoolExecutor.java:641)
06-28 18:39:12.524  3093  5483 E NetRec  : 	at rbx.run(Unknown Source:7)
06-28 18:39:12.524  3093  5483 E NetRec  : 	at java.lang.Thread.run(Thread.java:784)
06-28 18:39:12.526  3093  5483 W NetRec  : [258] ahqw.a: No server tokens extracted.
06-28 18:39:12.564  3093  5483 W Conscrypt: Could not set socket write timeout: java.net.SocketException: Socket closed
06-28 18:39:12.564  3093  5483 W Conscrypt: 	at com.google.android.gms.org.conscrypt.Platform.setSocketWriteTimeout(:com.google.android.gms@14799037@14.7.99 (100400-223214910):2)
06-28 18:39:12.564  3093  5483 W Conscrypt: 	at com.google.android.gms.org.conscrypt.ConscryptFileDescriptorSocket.setSoWriteTimeout(:com.google.android.gms@14799037@14.7.99 (100400-223214910):2)
06-28 18:39:12.574  3093  5483 V NativeCrypto: SSL handshake aborted: ssl=0x729ae866c8: I/O error during system call, Connection reset by peer
06-28 18:39:12.681  1114  1647 I chatty  : uid=1000(system) HuaweiWifiWatch expire 11 lines
06-28 18:39:13.232   646   646 E WifiHAL : enter wifi_get_link_stats
06-28 18:39:13.367 31040 31053 E PackageHelper: ApplicationInfo is not found in function resolveInstallLocation
06-28 18:39:13.369  1114  1273 D SecurityProfileService: [SEAPP_TimeUsage]verifyPackage begin:1561718353369
06-28 18:39:13.369  1114  1273 D SecurityProfileService: verifyPackage apkPath:/data/app/vmdl471732653.tmp/base.apk
06-28 18:39:13.370  1114  1273 E SecurityProfileService: Not found Exception No APK Signature Scheme v2 block in APK Signing Block
06-28 18:39:13.370  1114  1273 D SecurityProfileService: [SEAPP_TimeUsage]verifyPackage end:1561718353370, Total usage:1ms
06-28 18:39:13.388  1114  1273 W PackageParser: Ignoring duplicate uses-permissions/uses-permissions-sdk-m: android.permission.ACCESS_FINE_LOCATION in package: com.mixgo.PropertySEO at: Binary XML file line #42
06-28 18:39:13.388  1114  1273 W PackageParser: Ignoring duplicate uses-permissions/uses-permissions-sdk-m: android.permission.RECEIVE_USER_PRESENT in package: com.mixgo.PropertySEO at: Binary XML file line #45
06-28 18:39:13.388  1114  1273 W PackageParser: Ignoring duplicate uses-permissions/uses-permissions-sdk-m: android.permission.INTERNET in package: com.mixgo.PropertySEO at: Binary XML file line #46
06-28 18:39:13.388  1114  1273 W PackageParser: Ignoring duplicate uses-permissions/uses-permissions-sdk-m: android.permission.WAKE_LOCK in package: com.mixgo.PropertySEO at: Binary XML file line #47
06-28 18:39:13.389  1114  1273 W PackageParser: Ignoring duplicate uses-permissions/uses-permissions-sdk-m: android.permission.READ_PHONE_STATE in package: com.mixgo.PropertySEO at: Binary XML file line #48
06-28 18:39:13.389  1114  1273 W PackageParser: Ignoring duplicate uses-permissions/uses-permissions-sdk-m: android.permission.WRITE_EXTERNAL_STORAGE in package: com.mixgo.PropertySEO at: Binary XML file line #49
06-28 18:39:13.389  1114  1273 W PackageParser: Ignoring duplicate uses-permissions/uses-permissions-sdk-m: android.permission.READ_EXTERNAL_STORAGE in package: com.mixgo.PropertySEO at: Binary XML file line #50
06-28 18:39:13.389  1114  1273 W PackageParser: Ignoring duplicate uses-permissions/uses-permissions-sdk-m: android.permission.WRITE_SETTINGS in package: com.mixgo.PropertySEO at: Binary XML file line #51
06-28 18:39:13.389  1114  1273 W PackageParser: Ignoring duplicate uses-permissions/uses-permissions-sdk-m: android.permission.VIBRATE in package: com.mixgo.PropertySEO at: Binary XML file line #52
06-28 18:39:13.389  1114  1273 W PackageParser: Ignoring duplicate uses-permissions/uses-permissions-sdk-m: android.permission.MOUNT_UNMOUNT_FILESYSTEMS in package: com.mixgo.PropertySEO at: Binary XML file line #53
06-28 18:39:13.389  1114  1273 W PackageParser: Ignoring duplicate uses-permissions/uses-permissions-sdk-m: android.permission.ACCESS_NETWORK_STATE in package: com.mixgo.PropertySEO at: Binary XML file line #54
06-28 18:39:13.389  1114  1273 W PackageParser: Ignoring duplicate uses-permissions/uses-permissions-sdk-m: android.permission.SYSTEM_ALERT_WINDOW in package: com.mixgo.PropertySEO at: Binary XML file line #55
06-28 18:39:13.390  1114  1273 W PackageParser: No actions in intent filter at /data/app/vmdl471732653.tmp/base.apk Binary XML file line #173
06-28 18:39:13.492  1114  1273 D PackageManager: installPackageLI-> install derivePackageAbi case, pkg=Package{ceb3503 com.mixgo.PropertySEO}, primaryCpuAbi=armeabi-v7a
06-28 18:39:13.495  1114  1273 D PackageManager: mFrozenPackages add package:com.mixgo.PropertySEO
06-28 18:39:13.675  1114  1273 D PackageManager: mFrozenPackages remove package:com.mixgo.PropertySEO
06-28 18:39:13.679   760 31263 D installed: dexopt is_generate_app_image dex metadata is null.
06-28 18:39:13.680   760 31263 V installed: DexInv: --- BEGIN '/data/app/com.mixgo.PropertySEO-8Fqcot24Zp0jNzcBmd9KFQ==/base.apk' ---
06-28 18:39:13.681   760 31263 D installed: forkNotifyToRMS parcel pid=6700, ppid=760, pkg=com.mixgo.PropertySEO, status=0, num=0, time=0
06-28 18:39:13.717  6700  6700 I dex2oat : /system/bin/dex2oat --input-vdex-fd=-1 --output-vdex-fd=31 --compiler-filter=speed-profile -j4 --classpath-dir=/data/app/com.mixgo.PropertySEO-8Fqcot24Zp0jNzcBmd9KFQ== --class-loader-context=PCL[] --generate-mini-debug-info --compact-dex-level=none --compilation-reason=install
06-28 18:39:13.859  1114  1125 I chatty  : uid=1000(system) HeapTaskDaemon expire 3 lines
06-28 18:39:13.875  6700  6700 I dex2oat : dex2oat took 160.508ms (348.658ms cpu) (threads: 4) arena alloc=5KB (5576B) java alloc=499KB (511496B) native alloc=1511KB (1547576B) free=2MB (2646728B)
06-28 18:39:13.882   760 31263 V installed: DexInv: --- END '/data/app/com.mixgo.PropertySEO-8Fqcot24Zp0jNzcBmd9KFQ==/base.apk' (success) ---
06-28 18:39:13.888  1114  1273 I HwPackageManagerService: AntiMalware is closed
06-28 18:39:13.889  1114  1273 V BackupManagerService: restoreAtInstall pkg=com.mixgo.PropertySEO token=1b restoreSet=0
06-28 18:39:13.890  1114  1273 V BackupManagerService: Finishing install immediately
06-28 18:39:13.895   760 31263 E         : Couldn't opendir /data/app/vmdl471732653.tmp: No such file or directory
06-28 18:39:13.895   760 31263 E installd: Failed to delete /data/app/vmdl471732653.tmp: No such file or directory
06-28 18:39:13.903  1114  1273 W ContextImpl: Calling a method in the system process without a qualified user: android.app.ContextImpl.sendBroadcast:1208 com.android.server.pm.HwPackageManagerService.parseInstalledPkgInfo:2926 com.android.server.pm.PackageManagerService.parseInstalledPkgInfo:26786 com.android.server.pm.PackageManagerService.access$1000:504 com.android.server.pm.PackageManagerService$PackageHandler.doHandleMessage:1921 
06-28 18:39:13.905  1114  1273 V HwPackageManagerService: POST_INSTALL:  pkgName = com.mixgo.PropertySEO, pkgUri = /data/app/vmdl471732653.tmp;, pkgInstalledPath = /data/app/vmdl471732653.tmp, pkgInstallerPackageName = , pkgVerName = 1.05, pkgVerCode = 105, resultCode = 1, pkgUpdate = false, pkgMetaHash = f9a0cf8c266a0cd465c479e29e48ab460267ba132d22d340317738a47fff0888
06-28 18:39:13.925  6553  6694 D UIAutomatorStub: URI: /jsonrpc/0, Method: POST, params, {NanoHttpd.QUERY_STRING=null}, files: {postData={"jsonrpc": "2.0", "id": "d31697b6297b395d32ebbd75278bfd66", "method": "getWatchers", "params": {}}}
06-28 18:39:13.947  6553  6694 D UIAutomatorStub: URI: /jsonrpc/0, Method: POST, params, {NanoHttpd.QUERY_STRING=null}, files: {postData={"jsonrpc": "2.0", "id": "12c61ef50097991bdb23f08b9655d9b0", "method": "removeWatcher", "params": ["\u59cb\u7ec8\u5141\u8bb8"]}}
06-28 18:39:13.949  1114  1217 I PackageManager: writePermissionsSync -> user:0, put true:, Build.FINGERPRINT:HUAWEI/EML-AL00/HWEML:9/HUAWEIEML-AL00/187C00R1:user/release-keys, fingerprint:HUAWEI/EML-AL00/HWEML:9/HUAWEIEML-AL00/187C00R1:user/release-keys
06-28 18:39:13.951  1114  1559 D NetdConnector: SND -> {2619 firewall set_uid_rule standby 10404 deny}
06-28 18:39:13.954  1724  1724 I EventCenter: EventCenter Get :android.intent.action.PACKAGE_ADDED
06-28 18:39:13.954  1724  1724 W StepCounterMonitor: onReceive action:android.intent.action.PACKAGE_ADDED
06-28 18:39:13.961  1114  1555 D NetdConnector: RCV <- {200 2619 Firewall command succeeded}
06-28 18:39:13.961  1114  1555 D NetdConnector: RCV <- {200 2619 Firewall command succeeded}
06-28 18:39:13.963  1993  1993 W HwLauncher: SimpleLauncherMode onReceive : It's normal Launcher now, do not handle add packages
06-28 18:39:13.971  1114  1559 I chatty  : uid=1000(system) NetworkPolicy expire 1 line
06-28 18:39:13.972  1869  2319 I chatty  : uid=1000(system) EmcomThread expire 61 lines
06-28 18:39:13.973  1969  1969 I SmsApplication: updatedNeeded = true for userId = 0
06-28 18:39:13.976  6553  6694 D UIAutomatorStub: URI: /jsonrpc/0, Method: POST, params, {NanoHttpd.QUERY_STRING=null}, files: {postData={"jsonrpc": "2.0", "id": "c08b8cbd29cf2636c293c4e122fec043", "method": "removeWatcher", "params": ["\u5141\u8bb8\u5b89\u88c5"]}}
06-28 18:39:13.979  1724  1724 I HwPhoneStatusBar: mPackageReceiver onReceive action = android.intent.action.PACKAGE_ADDED
06-28 18:39:13.984  3189  3189 I HiBoard_MainView: onReceive intent.getAction() android.intent.action.PACKAGE_ADDED
06-28 18:39:13.984  1869  1869 I PreDnsQuery: onReceive: intent = android.intent.action.PACKAGE_ADDED
06-28 18:39:13.985  3189  3189 I HiBoard_MainView: ACTION_PACKAGE_ADDED : packageName =com.mixgo.PropertySEO
06-28 18:39:13.985  3189  4513 I HiBoard_GetInstalledTask: updateHuaweiScanServerTitle() needUpdate = false
06-28 18:39:13.985  3189  4513 E Utils   : getShortCutsInLaunch enter
06-28 18:39:13.988   780   805 I AwareLog: iawared: iaware client connected
06-28 18:39:13.990 31128 31128 I Finsky  : [1] com.google.android.finsky.packagemanager.impl.PackageMonitorReceiverImpl.a(4): PackageMonitor received: android.intent.action.PACKAGE_ADDED
06-28 18:39:13.994   780   805 D         : doAppRecognizeMsg len 25
06-28 18:39:13.996 31128 31128 I Finsky  : [1] sym.a(11): Do not start WearSupportService due to Wear service optimization
06-28 18:39:13.996   780  6720 D         : processMsg_fn msg 601,fd 37,package name com.mixgo.PropertySEO
06-28 18:39:13.996   780  6720 D         : gmr: processGameMsg fd 37,com.mixgo.PropertySEO,24
06-28 18:39:13.997   780  6720 D         : gmr: getPackagePath Successfully path,com.mixgo.PropertySEO-8Fqcot24Zp0jNzcBmd9KFQ==
06-28 18:39:13.997   780  6720 D         : gmr: isFileExistByPattern Successfully opened the dir !
06-28 18:39:13.997  1667  1667 D avrcp-Avrcp: isBrowsableListUpdated: false
06-28 18:39:13.997   780  6720 I chatty  : uid=0(root) /system/bin/hwpged expire 1 line
06-28 18:39:13.997   780  6720 D         : gmr: isFileExistByPattern Successfully opened the dir !
06-28 18:39:13.997   780  6720 D         : gmr: isFileExists match
06-28 18:39:13.997   780  6720 D         : gmr: checkGameEngine 1,2
06-28 18:39:13.997   780  6720 D         : elf: getVersion reader, /data/app/com.mixgo.PropertySEO-8Fqcot24Zp0jNzcBmd9KFQ==/lib/arm/libunity.so, Expected version: ...
06-28 18:39:13.998   780  6720 D         : elf: process_header class 32
06-28 18:39:13.998   780  6720 D         : elf: process_header type 3, machine 40
06-28 18:39:13.998   780  6720 D         : elf: get_elf32_by_type,offset 0x134, size:0x13
06-28 18:39:13.998   780  6720 D         : elf: get_elf32_by_type,offset 0x58824, size:0x143c
06-28 18:39:13.998   780  6720 D         : elf: get_elf32_by_type,offset 0x59c60, size:0xe93148
06-28 18:39:13.998   780  6720 D         : elf: get_elf32_by_type,offset 0xf399a0, size:0x168d18
06-28 18:39:13.998   780  6720 D         : elf: get_elf32_by_type,offset 0x10a26b8, size:0x12e48
06-28 18:39:13.998   780  6720 D         : elf: get_elf32_by_type,offset 0x10b6140, size:0x15c38
06-28 18:39:13.998   780  6720 D         : elf: get_elf32_by_type,offset 0x10cbd80, size:0x2a22c
06-28 18:39:13.998   780  6720 D         : elf: get_elf32_by_type,offset 0x10f6580, size:0x1e78
06-28 18:39:13.998   780  6720 D         : elf: get_elf32_by_type,offset 0x10f83f8, size:0x2428
06-28 18:39:13.998   780  6720 D         : elf: get_elf32_by_type,offset 0x10fa820, size:0x172
06-28 18:39:13.998   780  6720 D         : elf: get_elf32_by_type,offset 0x10faa28, size:0x14
06-28 18:39:13.998   780  6720 E         : elf: searchVersionString can't match sysmbol
06-28 18:39:13.998  6553  6694 D UIAutomatorStub: URI: /jsonrpc/0, Method: POST, params, {NanoHttpd.QUERY_STRING=null}, files: {postData={"jsonrpc": "2.0", "id": "cf6f211d8118b7c96523f5a3fda9e627", "method": "removeWatcher", "params": ["\u7ee7\u7eed\u5b89\u88c5"]}}
06-28 18:39:13.998   780  6720 E         : elf: searchVersionString can't match sysmbol
06-28 18:39:14.003 31128 31128 I Finsky  : [1] sym.a(11): Do not start WearSupportService due to Wear service optimization
06-28 18:39:14.005 31128  6664 I Finsky  : [769] jql.run(2): Cleaning dev-triggered-update data on package install for com.mixgo.PropertySEO.
06-28 18:39:14.007 31128  6667 I Finsky  : [773] jqn.run(2): Finished dev-triggered-update cleaning.
06-28 18:39:14.016  3045  3045 E NfcNci  : NfcUtils error: APP do not have nfc permission
06-28 18:39:14.017  3045  3045 E NfcNci  : NfcUtils error: APP do not have nfc permission
06-28 18:39:14.018  6553  6694 D UIAutomatorStub: URI: /jsonrpc/0, Method: POST, params, {NanoHttpd.QUERY_STRING=null}, files: {postData={"jsonrpc": "2.0", "id": "51d7a5c4114d79d3f5bba261efe69746", "method": "removeWatcher", "params": ["\u5b89\u88c5"]}}
06-28 18:39:14.025 31128 31128 I Finsky  : [1] lqn.b(2): Frosting ID looked up on UI thread. Caller should move to a background thread.
06-28 18:39:14.031  3045  3045 E NfcNci  : NfcUtils error: APP do not have nfc permission
06-28 18:39:14.037  6553  6694 D UIAutomatorStub: URI: /jsonrpc/0, Method: POST, params, {NanoHttpd.QUERY_STRING=null}, files: {postData={"jsonrpc": "2.0", "id": "1369399fe8b63ddeb9c9505e94d0b826", "method": "removeWatcher", "params": ["\u5141\u8bb8"]}}
06-28 18:39:14.044 31128  6666 I Finsky  : [772] lqp.run(16): Wrote row to frosting DB: 1168
06-28 18:39:14.055  1114  9168 I HwNetworkPolicy: onTransact, code = 202
06-28 18:39:14.055  2017  2017 I HwNetworkPolicyManager: removeHwUidPolicy uid = 10404 policy = -1 opPackageName = com.huawei.systemmanager
06-28 18:39:14.057  6553  6694 D UIAutomatorStub: URI: /jsonrpc/0, Method: POST, params, {NanoHttpd.QUERY_STRING=null}, files: {postData={"jsonrpc": "2.0", "id": "b2447e913b4c34782ee057c4fe96e3e8", "method": "removeWatcher", "params": ["\u91cd\u65b0\u5b89\u88c5"]}}
06-28 18:39:14.058  2017  5044 W ContextImpl: Calling a method in the system process without a qualified user: android.app.ContextImpl.startService:1796 android.content.ContextWrapper.startService:664 com.huawei.systemmanager.spacecleanner.receiver.SpaceCleanReceiver.checkRarelyUsedApp:100 com.huawei.systemmanager.spacecleanner.receiver.SpaceCleanReceiver.doInBackground:46 java.lang.reflect.Method.invoke:-2 
06-28 18:39:14.060  2017  5075 I chatty  : uid=1000(system) HsmIntentServic expire 2 lines
06-28 18:39:14.061  1114  9129 D SecurityProfileService: removeLabel:com.mixgo.PropertySEO
06-28 18:39:14.063  1114  9129 D SecurityProfileDB: writing: {
06-28 18:39:14.063  1114  9129 D SecurityProfileDB:     "overlay_labels": {},
06-28 18:39:14.063  1114  9129 D SecurityProfileDB:     "domains": {
06-28 18:39:14.063  1114  9129 D SecurityProfileDB:         "com.huawei.smarthome": [
06-28 18:39:14.063  1114  9129 D SecurityProfileDB:             {
06-28 18:39:14.063  1114  9129 D SecurityProfileDB:                 "policy_version": 6,
06-28 18:39:14.063  1114  9129 D SecurityProfileDB:                 "apk_digest": {
06-28 18:39:14.063  1114  9129 D SecurityProfileDB:                     "digest_algorithm": "SHA-256",
06-28 18:39:14.063  1114  9129 D SecurityProfileDB:                     "digest": "8kAADpcRny0My5sa9TarBImvXnGs4epGshhmrbOt2Js=",
06-28 18:39:14.063  1114  9129 D SecurityProfileDB:                     "signature_scheme": "v2"
06-28 18:39:14.063  1114  9129 D SecurityProfileDB:                 },
06-28 18:39:14.063  1114  9129 D SecurityProfileDB:                 "rules": [],
06-28 18:39:14.063  1114  9129 D SecurityProfileDB:                 "labels": [
06-28 18:39:14.063  1114  9129 D SecurityProfileDB:                     "NORMAL"
06-28 18:39:14.063  1114  9129 D SecurityProfileDB:                 ]
06-28 18:39:14.063  1114  9129 D SecurityProfileDB:             }
06-28 18:39:14.063  1114  9129 D SecurityProfileDB:         ],
06-28 18:39:14.063  1114  9129 D SecurityProfileDB:         "com.ximalaya.ting.android": [
06-28 18:39:14.063  1114  9129 D SecurityProfileDB:             {
06-28 18:39:14.063  1114  9129 D SecurityProfileDB:                 "policy_version": 2,
06-28 18:39:14.063  1114  9129 D SecurityProfileDB:                 "apk_digest": {
06-28 18:39:14.063  1114  9129 D SecurityProfileDB:                     "digest_algorithm": "SHA-256",
06-28 18:39:14.063  1114  9129 D SecurityProfileDB:                     "digest": "ltEwA2NUWdvMg5xpCVbO2OYvn5VUqmcGgsUQtvGID08=",
06-28 18:39:14.063  1114  9129 D SecurityProfileDB:                     "signature_scheme": "v2"
06-28 18:39:14.063  1114  9129 D SecurityProfileDB:                 },
06-28 18:39:14.063  1114  9129 D SecurityProfileDB:                 "rules": [],
06-28 18:39:14.063  1114  9129 D SecurityProfileDB:                 "labels": [
06-28 18:39:14.063  1114  9129 D SecurityProfileDB:                     "NORMAL"
06-28 18:39:14.063  1114  9129 D SecurityProfileDB:                 ]
06-28 18:39:14.063  1114  9129 D SecurityProfileDB:             }
06-28 18:39:14.063  1114  9129 D SecurityProfileDB:         ],
06-28 18:39:14.063  1114  9129 D SecurityProfileDB:         "com.vmall.client": [
06-28 18:39:14.063  1114  9129 D SecurityProfileDB:             {
06-28 18:39:14.063  1114  9129 D SecurityProfileDB:                 "policy_version": 3,
06-28 18:39:14.063  1114  9129 D SecurityProfileDB:                 "apk_digest": {
06-28 18:39:14.063  1114  9129 D SecurityProfileDB:                     "digest_algorithm": "SHA-256",
06-28 18:39:14.063  1114  9129 D SecurityProfileDB:                     "digest": "MjshbEeBIuhNyAmxiJ8bUyQbdfOiMe4LVrdpyfyBLck=",
06-28 18:39:14.063  1114  9129 D SecurityProfileDB:                     "signature_scheme": "v2"
06-28 18:39:14.063  1114  9129 D SecurityProfileDB:                 },
06-28 18:39:14.063  1114  9129 D SecurityProfileDB:                 "rules": [],
06-28 18:39:14.063  1114  9129 D SecurityProfileDB:                 "labels": [
06-28 18:39:14.063  1114  9129 D SecurityProfileDB:                     "NORMAL"
06-28 18:39:14.063  1114  9129 D SecurityProfileDB:                 ]
06-28 18:39:14.063  1114  9129 D SecurityProfileDB:             }
06-28 18:39:14.063  1114  9129 D SecurityProfileDB:         ],
06-28 18:39:14.063  1114  9129 D SecurityProfileDB:         "com.sankuai.meituan": [
06-28 18:39:14.063  1114  9129 D SecurityProfileDB:             {
06-28 18:39:14.063  1114  9129 D SecurityProfileDB:                 "policy_version": 3,
06-28 18:39:14.063  1114  9129 D SecurityProfileDB:                 "apk_digest": {
06-28 18:39:14.063  1114  9129 D SecurityProfileDB:                     "digest_algorithm": "SHA-256",
06-28 18:39:14.063  1114  9129 D SecurityProfileDB:                     "digest": "DKU1i0LxsGMELL1XP+nvBf2tmfscYNMyOD1Wcn81I\/g=",
06-28 18:39:14.063  1114  9129 D SecurityProfileDB:                     "signature_scheme": "v2"
06-28 18:39:14.063  1114  9129 D SecurityProfileDB:                 },
06-28 18:39:14.063  1114  9129 D SecurityProfileDB:                 "rules": [],
06-28 18:39:14.063  1114  9129 D SecurityProfileDB:                 "labels": [
06-28 18:39:14.063  1114  9129 D SecurityProfileDB:                     "NORMAL"
06-28 18:39:14.063  1114  9129 D SecurityProfileDB:                 ]
06-28 18:39:14.063  1114  9129 D SecurityProfileDB:             }
06-28 18:39:14.063  1114  9129 D SecurityProfileDB:         ],
06-28 18:39:14.063  1114  9129 D SecurityProfileDB:         "com.sina.weibo": [
06-28 18:39:14.063  1114  9129 D SecurityProfileDB:             {
06-28 18:39:14.063  1114  9129 D SecurityProfileDB:                 "policy_version": 2,
06-28 18:39:14.063  1114  9129 D SecurityProfileDB:                 "apk_digest": {
06-28 18:39:14.063  1114  9129 D SecurityProfileDB:                     "digest_algorithm": "SHA-256",
06-28 18:39:14.063  1114  9129 D SecurityProfileDB:                     "digest": "l944bQfPHpM2fV55AYaYSJEECMdSHqTgLq9mpTzbsdM=",
06-28 18:39:14.063  1114  9129 D SecurityProfileDB:                     "signature_scheme": "v1_manifest"
06-28 18:39:14.063  1114  9129 D SecurityProfileDB:                 },
06-28 18:39:14.063  1114  9129 D SecurityProfileDB:                 "rules": [],
06-28 18:39:14.063  1114  9129 D SecurityProfileDB:                 "labels": [
06-28 18:39:14.063  1114  9129 D SecurityProfileDB:                     "NORMAL"
06-28 18:39:14.063  1114  9129 D SecurityProfileDB:                 ]
06-28 18:39:14.063  1114  9129 D SecurityProfileDB:             }
06-28 18:39:14.063  1114  9129 D SecurityProfileDB:         ],
06-28 18:39:14.063  1114  9129 D SecurityProfileDB:         "com.sina.news": [
06-28 18:39:14.063  1114  9129 D SecurityProfileDB:             {
06-28 18:39:14.063  1114  9129 D SecurityProfileDB:                 "policy_version": 8,
06-28 18:39:14.063  1114  9129 D SecurityProfileDB:                 "apk_digest": {
06-28 18:39:14.063  1114  9129 D SecurityProfileDB:                     "digest_algorithm": "SHA-256",
06-28 18:39:14.063  1114  9129 D SecurityProfileDB:                     "digest": "My0BqwfTH8wQzAIOWP3e6su6qpLBI6BtdtIK38yBBxA=",
06-28 18:39:14.063  1114  9129 D SecurityProfileDB:                     "signature_scheme": "v2"
06-28 18:39:14.063  1114  9129 D SecurityProfileDB:                 },
06-28 18:39:14.063  1114  9129 D SecurityProfileDB:                 "rules": [],
06-28 18:39:14.063  1114  9129 D SecurityProfileDB:                 "labels": [
06-28 18:39:14.063  1114  9129 D SecurityProfileDB:                     "NORMAL"
06-28 18:39:14.063  1114  9129 D SecurityProfileDB:                 ]
06-28 18:39:14.063  1114  9129 D SecurityProfileDB:             }
06-28 18:39:14.063  1114  9129 D SecurityProfileDB:         ],
06-28 18:39:14.063  1114  9129 D SecurityProfileDB:         "com.jingdong.app.mall": [
06-28 18:39:14.063  1114  9129 D SecurityProfileDB:             {
06-28 18:39:14.063  1114  9129 D SecurityProfileDB:                 "policy_version": 5,
06-28 18:39:14.063  1114  9129 D SecurityProfileDB:                 "apk_digest": {
06-28 18:39:14.063  1114  9129 D SecurityProfileDB:                     "digest_algorithm": "SHA-256",
06-28 18:39:14.063  1114  9129 D SecurityProfileDB:                     "digest": "99vPRWT72SI4wpJtYTyp73R7n8DsnfCYKdJeFo\/XwQ4=",
06-28 18:39:14.063  1114  9129 D SecurityProfileDB:                     "signature_scheme": "v2"
06-28 18:39:14.063  1114  9129 D SecurityProfileDB:                 },
06-28 18:39:14.063  1114  9129 D SecurityProfileDB:                 "rules": [],
06-28 18:39:14.063  1114  9129 D SecurityProfileDB:                 "labels": [
06-28 18:39:14.063  1114  9129 D SecurityProfileDB:                     "NORMAL"
06-28 18:39:14.063  1114  9129 D SecurityProfileDB:                 ]
06-28 18:39:14.063  1114  9129 D SecurityProfileDB:             }
06-28 18:39:14.063  1114  9129 D SecurityProfileDB:         ],
06-28 18:39:14.063  1114  9129 D SecurityProfileDB:         "com.huawei.skytone": [
06-28 18:39:14.063  1114  9129 D SecurityProfileDB:             {
06-28 18:39:14.063  1114  9129 D SecurityProfileDB:                 "policy_version": 5,
06-28 18:39:14.063  1114  9129 D SecurityProfileDB:                 "apk_digest": {
06-28 18:39:14.063  1114  9129 D SecurityProfileDB:                     "digest_algorithm": "SHA-256",
06-28 18:39:14.063  1114  9129 D SecurityProfileDB:                     "digest": "bQkvtDA621g+R22lmNBqKIBF1uTK9VrNkTR2wBkOVlo=",
06-28 18:39:14.063  1114  9129 D SecurityProfileDB:                     "signature_scheme": "v1_manifest"
06-28 18:39:14.063  1114  9129 D SecurityProfileDB:                 },
06-28 18:39:14.063  1114  9129 D SecurityProfileDB:                 "rules": [],
06-28 18:39:14.063  1114  9129 D SecurityProfileDB:                 "labels": [
06-28 18:39:14.063  1114  9129 D SecurityProfileDB:                     "NORMAL"
06-28 18:39:14.063  1114  9129 D SecurityProfileDB:                 ]
06-28 18:39:14.063  1114  9129 D SecurityProfileDB:             }
06-28 18:39:14.063  1114  9129 D SecurityProfileDB:         ],
06-28 18:39:14.063  1114  9129 D SecurityProfileDB:         "com.netease.cloudmusic": [
06-28 18:39:14.063  1114  9129 D SecurityProfileDB:             {
06-28 18:39:14.063  1114  9129 D SecurityProfileDB:                 "policy_version": 2,
06-28 18:39:14.063  1114  9129 D SecurityProfileDB:                 "apk_digest": {
06-28 18:39:14.063  1114  9129 D SecurityProfileDB:                     "digest_algorithm": "SHA-256",
06-28 18:39:14.063  1114  9129 D SecurityProfileDB:                     "digest": "AyxPO+T8EMGK\/g8wVSPiiO2znTSj\/u2HjrUHL94IaQI=",
06-28 18:39:14.063  1114  9129 D SecurityProfileDB:                     "signature_scheme": "v2"
06-28 18:39:14.063  1114  9129 D SecurityProfileDB:                 },
06-28 18:39:14.063  1114  9129 D SecurityProfileDB:                 "rules": [],
06-28 18:39:14.063  1114  9129 D SecurityProfileDB:                 "labels": [
06-28 18:39:14.063  1114  9129 D SecurityProfileDB:                     "NORMAL"
06-28 18:39:14.063  1114  9129 D SecurityProfileDB:                 ]
06-28 18:39:14.063  1114  9129 D SecurityProfileDB:             }
06-28 18:39:14.063  1114  9129 D SecurityProfileDB:         ],
06-28 18:39:14.063  1114  9129 D SecurityProfileDB:         "com.taobao.taobao": [
06-28 18:39:14.063  1114  9129 D SecurityProfileDB:   
06-28 18:39:14.066   516   516 I chatty  : uid=1000(system) keymaster@3.0-s expire 51 lines
06-28 18:39:14.066  3662 31397 D WorkSource: Insert in WorkSource{} @ 0 uid 10021 name com.google.android.gms
06-28 18:39:14.067  1969  1969 D CarrierSvcBindHelper: No carrier app for: 0
06-28 18:39:14.067  1969  1969 D CarrierSvcBindHelper: No carrier app for: 1
06-28 18:39:14.068  2017  6724 D HwSignedInfo: com.mixgo.PropertySEO,installer:
06-28 18:39:14.068  2017  6724 W HSM_BG  : SecurityProfileNetwork:no app need to check from network!
06-28 18:39:14.078  1969  1969 E VvmPkgInstalledRcvr: cannot create TelephonyManager from ComponentInfo{com.android.phone/com.android.services.telephony.TelephonyConnectionService}, ***, UserHandle{0}
06-28 18:39:14.082  2017  2017 E HSM_BG  : AppCleanUpService:msg is 0
06-28 18:39:14.082  1969  1969 W OmtpVvmCarrierCfgHlpr: Invalid subscriptionId or subscriptionId not provided in intent.
