06-28 18:39:29.024  1869  2319 I chatty  : uid=1000(system) EmcomThread expire 11 lines
06-28 18:39:29.027  3045  3045 E NfcNci  : NfcUtils error: APP do not have nfc permission
06-28 18:39:29.027  1667  1667 D avrcp-Avrcp: isBrowsableListUpdated: false
06-28 18:39:29.028  3045  3045 E NfcNci  : NfcUtils error: APP do not have nfc permission
06-28 18:39:29.028  3189  3189 I HiBoard_MainView: onReceive intent.getAction() android.intent.action.PACKAGE_CHANGED
06-28 18:39:29.029  3189  3189 I HiBoard_MainView: ACTION_PACKAGE_CHANGED : packageName =com.mixgo.PropertySEO, stopedByuser =false
06-28 18:39:29.033  1969  1969 I SmsApplication: updatedNeeded = true for userId = 0
06-28 18:39:29.033  1993  2117 I HwLauncher: SimpleAllAppsList  updatePackage : package[com.mixgo.PropertySEO] matched activity's size is 1 and data List size is 0
06-28 18:39:29.035  1114  1114 V NotificationListeners: binding: Intent { act=android.service.notification.NotificationListenerService cmp=com.baidu.searchbox/.lockscreen.notification.NotificationMonitorService (has extras) }
06-28 18:39:29.037  2017  7034 D HwSignedInfo: com.mixgo.PropertySEO,installer:
06-28 18:39:29.037  2017  7034 W HSM_BG  : SecurityProfileNetwork:no app need to check from network!
06-28 18:39:29.041  1114  1114 W NotificationListeners: Unable to bind notification listener service: Intent { act=android.service.notification.NotificationListenerService cmp=com.baidu.searchbox/.lockscreen.notification.NotificationMonitorService (has extras) }
06-28 18:39:29.045  1993  2117 I HwLauncher: SimpleAllAppsList  findAndUpdateInfoInDB : found 0 shortcutInfo for package[com.mixgo.PropertySEO] in db
06-28 18:39:29.045  1993  2117 I HwLauncher: SimpleAllAppsList  updatePackage do not add new SimpleApplicationInfo,It's in normal now. package = com.mixgo.PropertySEO
06-28 18:39:29.045  1993  2117 W HwLauncher: SimpleLauncherModeNobody to tell about the new app.  Launcher is probably loading.
06-28 18:39:29.047  1114  1114 V NotificationListeners: enabling notification listener for 0: ComponentInfo{com.huawei.android.launcher/com.android.launcher.notification.NotificationListener}
06-28 18:39:29.047  1114  1114 V NotificationListeners: binding: Intent { act=android.service.notification.NotificationListenerService cmp=com.huawei.android.launcher/com.android.launcher.notification.NotificationListener (has extras) }
06-28 18:39:29.058  1114  1114 W NotificationListeners: Not binding notification listener service ComponentInfo{android/com.android.server.emcom.grabservice.NotificationListener}: service not found
06-28 18:39:29.058  1114  1114 W NotificationAssistants: rebindServices() ignore for NotificationAssistantService
06-28 18:39:29.060  1114  1114 D SecurityProfileService: updatePackageInformation,packageName:com.mixgo.PropertySEO
06-28 18:39:29.060  1114  1114 D SecurityProfileService: updateDomainPolicies,packageList:[com.mixgo.PropertySEO]
06-28 18:39:29.060  1114  1114 D SecurityProfileService: resolveActiveDomainPolicies packageName com.mixgo.PropertySEO
06-28 18:39:29.060  1114  1114 D SecurityProfileUtils: getInstalledApkPath name success,packageName:com.mixgo.PropertySEO,userId:0,ApkPath:/data/app/com.mixgo.PropertySEO-8Fqcot24Zp0jNzcBmd9KFQ==/base.apk
06-28 18:39:29.060  1114  1114 D SecurityProfileService: selected1 policy:{"labels":[]}
06-28 18:39:29.060  1114  1114 D SecurityProfileService: selected2 policy:{"labels":[]}
06-28 18:39:29.062  1114  1560 D NetdConnector: SND -> {2628 firewall set_uid_rule standby 10152 allow}
06-28 18:39:29.062  1114  1114 D SecurityProfileDB: writing: {
06-28 18:39:29.062  1114  1114 D SecurityProfileDB:     "overlay_labels": {},
06-28 18:39:29.062  1114  1114 D SecurityProfileDB:     "domains": {
06-28 18:39:29.062  1114  1114 D SecurityProfileDB:         "com.huawei.smarthome": {
06-28 18:39:29.062  1114  1114 D SecurityProfileDB:             "policy_version": 6,
06-28 18:39:29.062  1114  1114 D SecurityProfileDB:             "apk_digest": {
06-28 18:39:29.062  1114  1114 D SecurityProfileDB:                 "digest_algorithm": "SHA-256",
06-28 18:39:29.062  1114  1114 D SecurityProfileDB:                 "digest": "8kAADpcRny0My5sa9TarBImvXnGs4epGshhmrbOt2Js=",
06-28 18:39:29.062  1114  1114 D SecurityProfileDB:                 "signature_scheme": "v2"
06-28 18:39:29.062  1114  1114 D SecurityProfileDB:             },
06-28 18:39:29.062  1114  1114 D SecurityProfileDB:             "rules": [],
06-28 18:39:29.062  1114  1114 D SecurityProfileDB:             "labels": [
06-28 18:39:29.062  1114  1114 D SecurityProfileDB:                 "NORMAL"
06-28 18:39:29.062  1114  1114 D SecurityProfileDB:             ]
06-28 18:39:29.062  1114  1114 D SecurityProfileDB:         },
06-28 18:39:29.062  1114  1114 D SecurityProfileDB:         "com.ximalaya.ting.android": {
06-28 18:39:29.062  1114  1114 D SecurityProfileDB:             "policy_version": 2,
06-28 18:39:29.062  1114  1114 D SecurityProfileDB:             "apk_digest": {
06-28 18:39:29.062  1114  1114 D SecurityProfileDB:                 "digest_algorithm": "SHA-256",
06-28 18:39:29.062  1114  1114 D SecurityProfileDB:                 "digest": "ltEwA2NUWdvMg5xpCVbO2OYvn5VUqmcGgsUQtvGID08=",
06-28 18:39:29.062  1114  1114 D SecurityProfileDB:                 "signature_scheme": "v2"
06-28 18:39:29.062  1114  1114 D SecurityProfileDB:             },
06-28 18:39:29.062  1114  1114 D SecurityProfileDB:             "rules": [],
06-28 18:39:29.062  1114  1114 D SecurityProfileDB:             "labels": [
06-28 18:39:29.062  1114  1114 D SecurityProfileDB:                 "NORMAL"
06-28 18:39:29.062  1114  1114 D SecurityProfileDB:             ]
06-28 18:39:29.062  1114  1114 D SecurityProfileDB:         },
06-28 18:39:29.062  1114  1114 D SecurityProfileDB:         "com.vmall.client": {
06-28 18:39:29.062  1114  1114 D SecurityProfileDB:             "policy_version": 3,
06-28 18:39:29.062  1114  1114 D SecurityProfileDB:             "apk_digest": {
06-28 18:39:29.062  1114  1114 D SecurityProfileDB:                 "digest_algorithm": "SHA-256",
06-28 18:39:29.062  1114  1114 D SecurityProfileDB:                 "digest": "MjshbEeBIuhNyAmxiJ8bUyQbdfOiMe4LVrdpyfyBLck=",
06-28 18:39:29.062  1114  1114 D SecurityProfileDB:                 "signature_scheme": "v2"
06-28 18:39:29.062  1114  1114 D SecurityProfileDB:             },
06-28 18:39:29.062  1114  1114 D SecurityProfileDB:             "rules": [],
06-28 18:39:29.062  1114  1114 D SecurityProfileDB:             "labels": [
06-28 18:39:29.062  1114  1114 D SecurityProfileDB:                 "NORMAL"
06-28 18:39:29.062  1114  1114 D SecurityProfileDB:             ]
06-28 18:39:29.062  1114  1114 D SecurityProfileDB:         },
06-28 18:39:29.062  1114  1114 D SecurityProfileDB:         "com.sankuai.meituan": {
06-28 18:39:29.062  1114  1114 D SecurityProfileDB:             "policy_version": 3,
06-28 18:39:29.062  1114  1114 D SecurityProfileDB:             "apk_digest": {
06-28 18:39:29.062  1114  1114 D SecurityProfileDB:                 "digest_algorithm": "SHA-256",
06-28 18:39:29.062  1114  1114 D SecurityProfileDB:                 "digest": "DKU1i0LxsGMELL1XP+nvBf2tmfscYNMyOD1Wcn81I\/g=",
06-28 18:39:29.062  1114  1114 D SecurityProfileDB:                 "signature_scheme": "v2"
06-28 18:39:29.062  1114  1114 D SecurityProfileDB:             },
06-28 18:39:29.062  1114  1114 D SecurityProfileDB:             "rules": [],
06-28 18:39:29.062  1114  1114 D SecurityProfileDB:             "labels": [
06-28 18:39:29.062  1114  1114 D SecurityProfileDB:                 "NORMAL"
06-28 18:39:29.062  1114  1114 D SecurityProfileDB:             ]
06-28 18:39:29.062  1114  1114 D SecurityProfileDB:         },
06-28 18:39:29.062  1114  1114 D SecurityProfileDB:         "com.sina.weibo": {
06-28 18:39:29.062  1114  1114 D SecurityProfileDB:             "policy_version": 2,
06-28 18:39:29.062  1114  1114 D SecurityProfileDB:             "apk_digest": {
06-28 18:39:29.062  1114  1114 D SecurityProfileDB:                 "digest_algorithm": "SHA-256",
06-28 18:39:29.062  1114  1114 D SecurityProfileDB:                 "digest": "l944bQfPHpM2fV55AYaYSJEECMdSHqTgLq9mpTzbsdM=",
06-28 18:39:29.062  1114  1114 D SecurityProfileDB:                 "signature_scheme": "v1_manifest"
06-28 18:39:29.062  1114  1114 D SecurityProfileDB:             },
06-28 18:39:29.062  1114  1114 D SecurityProfileDB:             "rules": [],
06-28 18:39:29.062  1114  1114 D SecurityProfileDB:             "labels": [
06-28 18:39:29.062  1114  1114 D SecurityProfileDB:                 "NORMAL"
06-28 18:39:29.062  1114  1114 D SecurityProfileDB:             ]
06-28 18:39:29.062  1114  1114 D SecurityProfileDB:         },
06-28 18:39:29.062  1114  1114 D SecurityProfileDB:         "com.jingdong.app.mall": {
06-28 18:39:29.062  1114  1114 D SecurityProfileDB:             "policy_version": 5,
06-28 18:39:29.062  1114  1114 D SecurityProfileDB:             "apk_digest": {
06-28 18:39:29.062  1114  1114 D SecurityProfileDB:                 "digest_algorithm": "SHA-256",
06-28 18:39:29.062  1114  1114 D SecurityProfileDB:                 "digest": "99vPRWT72SI4wpJtYTyp73R7n8DsnfCYKdJeFo\/XwQ4=",
06-28 18:39:29.062  1114  1114 D SecurityProfileDB:                 "signature_scheme": "v2"
06-28 18:39:29.062  1114  1114 D SecurityProfileDB:             },
06-28 18:39:29.062  1114  1114 D SecurityProfileDB:             "rules": [],
06-28 18:39:29.062  1114  1114 D SecurityProfileDB:             "labels": [
06-28 18:39:29.062  1114  1114 D SecurityProfileDB:                 "NORMAL"
06-28 18:39:29.062  1114  1114 D SecurityProfileDB:             ]
06-28 18:39:29.062  1114  1114 D SecurityProfileDB:         },
06-28 18:39:29.062  1114  1114 D SecurityProfileDB:         "com.huawei.skytone": {
06-28 18:39:29.062  1114  1114 D SecurityProfileDB:             "policy_version": 5,
06-28 18:39:29.062  1114  1114 D SecurityProfileDB:             "apk_digest": {
06-28 18:39:29.062  1114  1114 D SecurityProfileDB:                 "digest_algorithm": "SHA-256",
06-28 18:39:29.062  1114  1114 D SecurityProfileDB:                 "digest": "bQkvtDA621g+R22lmNBqKIBF1uTK9VrNkTR2wBkOVlo=",
06-28 18:39:29.062  1114  1114 D SecurityProfileDB:                 "signature_scheme": "v1_manifest"
06-28 18:39:29.062  1114  1114 D SecurityProfileDB:             },
06-28 18:39:29.062  1114  1114 D SecurityProfileDB:             "rules": [],
06-28 18:39:29.062  1114  1114 D SecurityProfileDB:             "labels": [
06-28 18:39:29.062  1114  1114 D SecurityProfileDB:                 "NORMAL"
06-28 18:39:29.062  1114  1114 D SecurityProfileDB:             ]
06-28 18:39:29.062  1114  1114 D SecurityProfileDB:         },
06-28 18:39:29.062  1114  1114 D SecurityProfileDB:         "com.netease.cloudmusic": {
06-28 18:39:29.062  1114  1114 D SecurityProfileDB:             "policy_version": 2,
06-28 18:39:29.062  1114  1114 D SecurityProfileDB:             "apk_digest": {
06-28 18:39:29.062  1114  1114 D SecurityProfileDB:                 "digest_algorithm": "SHA-256",
06-28 18:39:29.062  1114  1114 D SecurityProfileDB:                 "digest": "AyxPO+T8EMGK\/g8wVSPiiO2znTSj\/u2HjrUHL94IaQI=",
06-28 18:39:29.062  1114  1114 D SecurityProfileDB:                 "signature_scheme": "v2"
06-28 18:39:29.062  1114  1114 D SecurityProfileDB:             },
06-28 18:39:29.062  1114  1114 D SecurityProfileDB:             "rules": [],
06-28 18:39:29.062  1114  1114 D SecurityProfileDB:             "labels": [
06-28 18:39:29.062  1114  1114 D SecurityProfileDB:                 "NORMAL"
06-28 18:39:29.062  1114  1114 D SecurityProfileDB:             ]
06-28 18:39:29.062  1114  1114 D SecurityProfileDB:         },
06-28 18:39:29.062  1114  1114 D SecurityProfileDB:         "com.taobao.taobao": {
06-28 18:39:29.062  1114  1114 D SecurityProfileDB:             "policy_version": 3,
06-28 18:39:29.062  1114  1114 D SecurityProfileDB:             "apk_digest": {
06-28 18:39:29.062  1114  1114 D SecurityProfileDB:                 "digest_algorithm": "SHA-256",
06-28 18:39:29.062  1114  1114 D SecurityProfileDB:                 "digest": "Yc7yPxAixudfqvGFqS0oj7SvZRpuvuvMlU44navCvW8=",
06-28 18:39:29.062  1114  1114 D SecurityProfileDB:                 "signature_scheme": "v2"
06-28 18:39:29.062  1114  1114 D SecurityProfileDB:             },
06-28 18:39:29.062  1114  1114 D SecurityProfileDB:             "rules": [],
06-28 18:39:29.062  1114  1114 D SecurityProfileDB:             "labels": [
06-28 18:39:29.062  1114  1114 D SecurityProfileDB:                 "NORMAL"
06-28 18:39:29.062  1114  1114 D SecurityProfileDB:             ]
06-28 18:39:29.062  1114  1114 D SecurityProfileDB:         },
06-28 18:39:29.062  1114  1114 D SecurityProfileDB:         "com.microsoft.translator": {
06-28 18:39:29.062  1114  1114 D SecurityProfileDB:             "policy_version": 3,
06-28 18:39:29.062  1114  1114 D SecurityProfileDB:             "apk_digest": {
06-28 18:39:29.062  1114  1114 D SecurityProfileDB:                 "digest_algorithm": "SHA-256",
06-28 18:39:29.062  1114  1114 D SecurityProfileDB:                 "digest": "h7kdJ8VdY8vQT9aOfNo\/9PNwLECu4pmbofPgVoqUMM0=",
06-28 18:39:29.062  1114  1114 D SecurityProfileDB:                 "signature_scheme": "v1_manifest"
06-28 18:39:29.062  1114  1114 D SecurityProfileDB:             },
06-28 18:39:29.062  1114  1114 D SecurityProfileDB:             "rules": [],
06-28 18:39:29.062  1114  1114 D SecurityProfileDB:             "labels": [
06-28 18:39:29.062  1114  1114 D SecurityProfileDB:                 "NORMAL"
06-28 18:39:29.062  1114  1114 D SecurityProfileDB:             ]
06-28 18:39:29.062  1114  1114 D SecurityProfileDB:         },
06-28 18:39:29.062  1114  1114 D SecurityProfileDB:         "com.ss.android.article.news": {
06-28 18:39:29.062  1114  1114 D SecurityProfileDB:             "policy_version": 5,
06-28 18:39:29.062  1114  1114 D SecurityProfileDB:             "apk_digest": {
06-28 18:39:29.062  1114  1114 D SecurityProfileDB:                 "digest_algorithm": "SHA-256",
06-28 18:39:29.062  1114  1114 D SecurityProfileDB:                 "digest": "lUcykKsy6QxUGySDftJZyPcPXJR90W3wbtmKuHFjPGI=",
06-28 18:39:29.062  1114  1114 D SecurityProfileDB:                 "signature_scheme
06-28 18:39:29.064   516   516 I HisiKeyMaster: hisi_km_get_key_characteristics start
06-28 18:39:29.064   516   516 I HisiKeyMaster: Disable the enhanced crypto!
06-28 18:39:29.064   516   516 E teec_app_load: realpath open file erro(No such file or directory), path=/vendor/bin/07070707-0707-0707-0707-070707070707.sec
06-28 18:39:29.070  1114  1555 D NetdConnector: RCV <- {200 2628 Firewall command succeeded}
06-28 18:39:29.070  1114  1555 D NetdConnector: RCV <- {200 2628 Firewall command succeeded}
06-28 18:39:29.078   516   516 I HisiKeyMaster: hisi_km_get_key_characteristics success
06-28 18:39:29.079   516   516 I HisiKeyMaster: hisi_km_begin start
06-28 18:39:29.079   516   516 I HisiKeyMaster: Disable the enhanced crypto!
06-28 18:39:29.079   516   516 E teec_app_load: realpath open file erro(No such file or directory), path=/vendor/bin/07070707-0707-0707-0707-070707070707.sec
06-28 18:39:29.080  1114  1560 D NetdConnector: SND -> {2629 firewall set_uid_rule standby 10033 allow}
06-28 18:39:29.087   516   516 I HisiKeyMaster: out_params_buffer_len = 32
06-28 18:39:29.087   516   516 I HisiKeyMaster: hisi_km_begin success
06-28 18:39:29.090   516   516 I HisiKeyMaster: Disable the enhanced crypto!
06-28 18:39:29.090   516   516 E teec_app_load: realpath open file erro(No such file or directory), path=/vendor/bin/07070707-0707-0707-0707-070707070707.sec
06-28 18:39:29.091  1114  1555 D NetdConnector: RCV <- {200 2629 Firewall command succeeded}
06-28 18:39:29.091  1114  1555 D NetdConnector: RCV <- {200 2629 Firewall command succeeded}
06-28 18:39:29.094  1969  1969 D CarrierSvcBindHelper: No carrier app for: 0
06-28 18:39:29.094  1969  1969 D CarrierSvcBindHelper: No carrier app for: 1
06-28 18:39:29.098 25009 25009 I HiSearch9.0.2.303: [LauncherAppsCompatVLO]: LAUNCHER_RECENT_APPS onPackageChanged
06-28 18:39:29.098  1993  1993 I HwLauncher: Model onPackageChanged packageName = com.mixgo.PropertySEO user = UserHandle{0}
06-28 18:39:29.102  1993  1993 I HwLauncher: PowerSaveLauncherModel onPackageChanged packageName = com.mixgo.PropertySEO user = UserHandle{0}
06-28 18:39:29.102  1993  1993 E HwLauncher: PowerSaveLauncherModel onPackageChanged:  not inPowerSaveLauncher 
06-28 18:39:29.102  1993  1993 I HwLauncher: StreetModeLauncherModel onPackageChanged packageName = com.mixgo.PropertySEO user = UserHandle{0}
06-28 18:39:29.102  1993  1993 E HwLauncher: StreetModeLauncherModel onPackageChanged:  not inStreetModeLauncher 
06-28 18:39:29.120   516   516 I HisiKeyMaster: hisi_km_finish start
06-28 18:39:29.121   516   516 I HisiKeyMaster: Disable the enhanced crypto!
06-28 18:39:29.121   516   516 E teec_app_load: realpath open file erro(No such file or directory), path=/vendor/bin/07070707-0707-0707-0707-070707070707.sec
06-28 18:39:29.139   516   516 I HisiKeyMaster: output data size=16
06-28 18:39:29.139   516   516 I HisiKeyMaster: hisi_km_finish success
06-28 18:39:29.141  1114  1114 D SecurityProfileUtils: getInstalledApkPath name success,packageName:com.mixgo.PropertySEO,userId:0,ApkPath:/data/app/com.mixgo.PropertySEO-8Fqcot24Zp0jNzcBmd9KFQ==/base.apk
06-28 18:39:29.141  1114  1114 E SecurityProfileService: Not found Exception No APK Signature Scheme v2 block in APK Signing Block
06-28 18:39:29.141  1114  1114 I SecurityProfileService: update PackageSigned Info Action:put, packageName:com.mixgo.PropertySEO,hasValidPolicy:false
06-28 18:39:29.142  1114  1114 D SecurityProfileDB: writing: {
06-28 18:39:29.142  1114  1114 D SecurityProfileDB:     "overlay_labels": {},
06-28 18:39:29.142  1114  1114 D SecurityProfileDB:     "domains": {
06-28 18:39:29.142  1114  1114 D SecurityProfileDB:         "com.huawei.smarthome": {
06-28 18:39:29.142  1114  1114 D SecurityProfileDB:             "policy_version": 6,
06-28 18:39:29.142  1114  1114 D SecurityProfileDB:             "apk_digest": {
06-28 18:39:29.142  1114  1114 D SecurityProfileDB:                 "digest_algorithm": "SHA-256",
06-28 18:39:29.142  1114  1114 D SecurityProfileDB:                 "digest": "8kAADpcRny0My5sa9TarBImvXnGs4epGshhmrbOt2Js=",
06-28 18:39:29.142  1114  1114 D SecurityProfileDB:                 "signature_scheme": "v2"
06-28 18:39:29.142  1114  1114 D SecurityProfileDB:             },
06-28 18:39:29.142  1114  1114 D SecurityProfileDB:             "rules": [],
06-28 18:39:29.142  1114  1114 D SecurityProfileDB:             "labels": [
06-28 18:39:29.142  1114  1114 D SecurityProfileDB:                 "NORMAL"
06-28 18:39:29.142  1114  1114 D SecurityProfileDB:             ]
06-28 18:39:29.142  1114  1114 D SecurityProfileDB:         },
06-28 18:39:29.142  1114  1114 D SecurityProfileDB:         "com.ximalaya.ting.android": {
06-28 18:39:29.142  1114  1114 D SecurityProfileDB:             "policy_version": 2,
06-28 18:39:29.142  1114  1114 D SecurityProfileDB:             "apk_digest": {
06-28 18:39:29.142  1114  1114 D SecurityProfileDB:                 "digest_algorithm": "SHA-256",
06-28 18:39:29.142  1114  1114 D SecurityProfileDB:                 "digest": "ltEwA2NUWdvMg5xpCVbO2OYvn5VUqmcGgsUQtvGID08=",
06-28 18:39:29.142  1114  1114 D SecurityProfileDB:                 "signature_scheme": "v2"
06-28 18:39:29.142  1114  1114 D SecurityProfileDB:             },
06-28 18:39:29.142  1114  1114 D SecurityProfileDB:             "rules": [],
06-28 18:39:29.142  1114  1114 D SecurityProfileDB:             "labels": [
06-28 18:39:29.142  1114  1114 D SecurityProfileDB:                 "NORMAL"
06-28 18:39:29.142  1114  1114 D SecurityProfileDB:             ]
06-28 18:39:29.142  1114  1114 D SecurityProfileDB:         },
06-28 18:39:29.142  1114  1114 D SecurityProfileDB:         "com.vmall.client": {
06-28 18:39:29.142  1114  1114 D SecurityProfileDB:             "policy_version": 3,
06-28 18:39:29.142  1114  1114 D SecurityProfileDB:             "apk_digest": {
06-28 18:39:29.142  1114  1114 D SecurityProfileDB:                 "digest_algorithm": "SHA-256",
06-28 18:39:29.142  1114  1114 D SecurityProfileDB:                 "digest": "MjshbEeBIuhNyAmxiJ8bUyQbdfOiMe4LVrdpyfyBLck=",
06-28 18:39:29.142  1114  1114 D SecurityProfileDB:                 "signature_scheme": "v2"
06-28 18:39:29.142  1114  1114 D SecurityProfileDB:             },
06-28 18:39:29.142  1114  1114 D SecurityProfileDB:             "rules": [],
06-28 18:39:29.142  1114  1114 D SecurityProfileDB:             "labels": [
06-28 18:39:29.142  1114  1114 D SecurityProfileDB:                 "NORMAL"
06-28 18:39:29.142  1114  1114 D SecurityProfileDB:             ]
06-28 18:39:29.142  1114  1114 D SecurityProfileDB:         },
06-28 18:39:29.142  1114  1114 D SecurityProfileDB:         "com.sankuai.meituan": {
06-28 18:39:29.142  1114  1114 D SecurityProfileDB:             "policy_version": 3,
06-28 18:39:29.142  1114  1114 D SecurityProfileDB:             "apk_digest": {
06-28 18:39:29.142  1114  1114 D SecurityProfileDB:                 "digest_algorithm": "SHA-256",
06-28 18:39:29.142  1114  1114 D SecurityProfileDB:                 "digest": "DKU1i0LxsGMELL1XP+nvBf2tmfscYNMyOD1Wcn81I\/g=",
06-28 18:39:29.142  1114  1114 D SecurityProfileDB:                 "signature_scheme": "v2"
06-28 18:39:29.142  1114  1114 D SecurityProfileDB:             },
06-28 18:39:29.142  1114  1114 D SecurityProfileDB:             "rules": [],
06-28 18:39:29.142  1114  1114 D SecurityProfileDB:             "labels": [
06-28 18:39:29.142  1114  1114 D SecurityProfileDB:                 "NORMAL"
06-28 18:39:29.142  1114  1114 D SecurityProfileDB:             ]
06-28 18:39:29.142  1114  1114 D SecurityProfileDB:         },
06-28 18:39:29.142  1114  1114 D SecurityProfileDB:         "com.sina.weibo": {
06-28 18:39:29.142  1114  1114 D SecurityProfileDB:             "policy_version": 2,
06-28 18:39:29.142  1114  1114 D SecurityProfileDB:             "apk_digest": {
06-28 18:39:29.142  1114  1114 D SecurityProfileDB:                 "digest_algorithm": "SHA-256",
06-28 18:39:29.142  1114  1114 D SecurityProfileDB:                 "digest": "l944bQfPHpM2fV55AYaYSJEECMdSHqTgLq9mpTzbsdM=",
06-28 18:39:29.142  1114  1114 D SecurityProfileDB:                 "signature_scheme": "v1_manifest"
06-28 18:39:29.142  1114  1114 D SecurityProfileDB:             },
06-28 18:39:29.142  1114  1114 D SecurityProfileDB:             "rules": [],
06-28 18:39:29.142  1114  1114 D SecurityProfileDB:             "labels": [
06-28 18:39:29.142  1114  1114 D SecurityProfileDB:                 "NORMAL"
06-28 18:39:29.142  1114  1114 D SecurityProfileDB:             ]
06-28 18:39:29.142  1114  1114 D SecurityProfileDB:         },
06-28 18:39:29.142  1114  1114 D SecurityProfileDB:         "com.jingdong.app.mall": {
06-28 18:39:29.142  1114  1114 D SecurityProfileDB:             "policy_version": 5,
06-28 18:39:29.142  1114  1114 D SecurityProfileDB:             "apk_digest": {
06-28 18:39:29.142  1114  1114 D SecurityProfileDB:                 "digest_algorithm": "SHA-256",
06-28 18:39:29.142  1114  1114 D SecurityProfileDB:                 "digest": "99vPRWT72SI4wpJtYTyp73R7n8DsnfCYKdJeFo\/XwQ4=",
06-28 18:39:29.142  1114  1114 D SecurityProfileDB:                 "signature_scheme": "v2"
06-28 18:39:29.142  1114  1114 D SecurityProfileDB:             },
06-28 18:39:29.142  1114  1114 D SecurityProfileDB:             "rules": [],
06-28 18:39:29.142  1114  1114 D SecurityProfileDB:             "labels": [
06-28 18:39:29.142  1114  1114 D SecurityProfileDB:                 "NORMAL"
06-28 18:39:29.142  1114  1114 D SecurityProfileDB:             ]
06-28 18:39:29.142  1114  1114 D SecurityProfileDB:         },
06-28 18:39:29.142  1114  1114 D SecurityProfileDB:         "com.huawei.skytone": {
06-28 18:39:29.142  1114  1114 D SecurityProfileDB:             "policy_version": 5,
06-28 18:39:29.142  1114  1114 D SecurityProfileDB:             "apk_digest": {
06-28 18:39:29.142  1114  1114 D SecurityProfileDB:                 "digest_algorithm": "SHA-256",
06-28 18:39:29.142  1114  1114 D SecurityProfileDB:                 "digest": "bQkvtDA621g+R22lmNBqKIBF1uTK9VrNkTR2wBkOVlo=",
06-28 18:39:29.142  1114  1114 D SecurityProfileDB:                 "signature_scheme": "v1_manifest"
06-28 18:39:29.142  1114  1114 D SecurityProfileDB:             },
06-28 18:39:29.142  1114  1114 D SecurityProfileDB:             "rules": [],
06-28 18:39:29.142  1114  1114 D SecurityProfileDB:             "labels": [
06-28 18:39:29.142  1114  1114 D SecurityProfileDB:                 "NORMAL"
06-28 18:39:29.142  1114  1114 D SecurityProfileDB:             ]
06-28 18:39:29.142  1114  1114 D SecurityProfileDB:         },
06-28 18:39:29.142  1114  1114 D SecurityProfileDB:         "com.netease.cloudmusic": {
06-28 18:39:29.142  1114  1114 D SecurityProfileDB:             "policy_version": 2,
06-28 18:39:29.142  1114  1114 D SecurityProfileDB:             "apk_digest": {
06-28 18:39:29.142  1114  1114 D SecurityProfileDB:                 "digest_algorithm": "SHA-256",
06-28 18:39:29.142  1114  1114 D SecurityProfileDB:                 "digest": "AyxPO+T8EMGK\/g8wVSPiiO2znTSj\/u2HjrUHL94IaQI=",
06-28 18:39:29.142  1114  1114 D SecurityProfileDB:                 "signature_scheme": "v2"
06-28 18:39:29.142  1114  1114 D SecurityProfileDB:             },
06-28 18:39:29.142  1114  1114 D SecurityProfileDB:             "rules": [],
06-28 18:39:29.142  1114  1114 D SecurityProfileDB:             "labels": [
06-28 18:39:29.142  1114  1114 D SecurityProfileDB:                 "NORMAL"
06-28 18:39:29.142  1114  1114 D SecurityProfileDB:             ]
06-28 18:39:29.142  1114  1114 D SecurityProfileDB:         },
06-28 18:39:29.142  1114  1114 D SecurityProfileDB:         "com.taobao.taobao": {
06-28 18:39:29.142  1114  1114 D SecurityProfileDB:             "policy_version": 3,
06-28 18:39:29.142  1114  1114 D SecurityProfileDB:             "apk_digest": {
06-28 18:39:29.142  1114  1114 D SecurityProfileDB:                 "digest_algorithm": "SHA-256",
06-28 18:39:29.142  1114  1114 D SecurityProfileDB:                 "digest": "Yc7yPxAixudfqvGFqS0oj7SvZRpuvuvMlU44navCvW8=",
06-28 18:39:29.142  1114  1114 D SecurityProfileDB:                 "signature_scheme": "v2"
06-28 18:39:29.142  1114  1114 D SecurityProfileDB:             },
06-28 18:39:29.142  1114  1114 D SecurityProfileDB:             "rules": [],
06-28 18:39:29.142  1114  1114 D SecurityProfileDB:             "labels": [
06-28 18:39:29.142  1114  1114 D SecurityProfileDB:                 "NORMAL"
06-28 18:39:29.142  1114  1114 D SecurityProfileDB:             ]
06-28 18:39:29.142  1114  1114 D SecurityProfileDB:         },
06-28 18:39:29.142  1114  1114 D SecurityProfileDB:         "com.microsoft.translator": {
06-28 18:39:29.142  1114  1114 D SecurityProfileDB:             "policy_version": 3,
06-28 18:39:29.142  1114  1114 D SecurityProfileDB:             "apk_digest": {
06-28 18:39:29.142  1114  1114 D SecurityProfileDB:                 "digest_algorithm": "SHA-256",
06-28 18:39:29.142  1114  1114 D SecurityProfileDB:                 "digest": "h7kdJ8VdY8vQT9aOfNo\/9PNwLECu4pmbofPgVoqUMM0=",
06-28 18:39:29.142  1114  1114 D SecurityProfileDB:                 "signature_scheme": "v1_manifest"
06-28 18:39:29.142  1114  1114 D SecurityProfileDB:             },
06-28 18:39:29.142  1114  1114 D SecurityProfileDB:             "rules": [],
06-28 18:39:29.142  1114  1114 D SecurityProfileDB:             "labels": [
06-28 18:39:29.142  1114  1114 D SecurityProfileDB:                 "NORMAL"
06-28 18:39:29.142  1114  1114 D SecurityProfileDB:             ]
06-28 18:39:29.142  1114  1114 D SecurityProfileDB:         },
06-28 18:39:29.142  1114  1114 D SecurityProfileDB:         "com.ss.android.article.news": {
06-28 18:39:29.142  1114  1114 D SecurityProfileDB:             "policy_version": 5,
06-28 18:39:29.142  1114  1114 D SecurityProfileDB:             "apk_digest": {
06-28 18:39:29.142  1114  1114 D SecurityProfileDB:                 "digest_algorithm": "SHA-256",
06-28 18:39:29.142  1114  1114 D SecurityProfileDB:                 "digest": "lUcykKsy6QxUGySDftJZyPcPXJR90W3wbtmKuHFjPGI=",
06-28 18:39:29.142  1114  1114 D SecurityProfileDB:                 "signature_scheme
06-28 18:39:29.144   516   516 I HisiKeyMaster: hisi_km_get_key_characteristics start
06-28 18:39:29.144   516   516 I HisiKeyMaster: Disable the enhanced crypto!
06-28 18:39:29.144   516   516 E teec_app_load: realpath open file erro(No such file or directory), path=/vendor/bin/07070707-0707-0707-0707-070707070707.sec
06-28 18:39:29.153   516   516 I HisiKeyMaster: hisi_km_get_key_characteristics success
06-28 18:39:29.154   516   516 I HisiKeyMaster: hisi_km_begin start
06-28 18:39:29.154   516   516 I HisiKeyMaster: Disable the enhanced crypto!
06-28 18:39:29.154   516   516 E teec_app_load: realpath open file erro(No such file or directory), path=/vendor/bin/07070707-0707-0707-0707-070707070707.sec
06-28 18:39:29.162   516   516 I HisiKeyMaster: out_params_buffer_len = 32
06-28 18:39:29.163   516   516 I HisiKeyMaster: hisi_km_begin success
06-28 18:39:29.165   516   516 I HisiKeyMaster: Disable the enhanced crypto!
06-28 18:39:29.165   516   516 E teec_app_load: realpath open file erro(No such file or directory), path=/vendor/bin/07070707-0707-0707-0707-070707070707.sec
06-28 18:39:29.187 31253  7036 D AdBlock_AbsAdRequest: doRequest
06-28 18:39:29.196   516   516 I HisiKeyMaster: hisi_km_finish start
06-28 18:39:29.196   516   516 I HisiKeyMaster: Disable the enhanced crypto!
06-28 18:39:29.196   516   516 E teec_app_load: realpath open file erro(No such file or directory), path=/vendor/bin/07070707-0707-0707-0707-070707070707.sec
06-28 18:39:29.211 31253  7036 D AdBlock_AbsAdRequest: getPostRequestParam param: apps=%5B%7B%22pkgName%22%3A%22com.mixgo.PropertySEO%22%2C%22versionCode%22%3A105%2C%22version%22%3A%221.05%22%7D%5D&buildNumber=EML-AL00+9.0.0.187%28C00E82R1P21%29&clientPackage=com.huawei.systemmanager&emuiVer=EmotionUI_9.0.0&firmwareVersion=9&locale=zh_CN&method=store.getControlStrategy&phoneType=EML-AL00&resolution=1080x2244&sysBits=2&ts=1561718369188&version=9.0.0.356
06-28 18:39:29.211 31253  7036 D HsmJoinRequest: https request.
06-28 18:39:29.213 31253  7036 D HsmJoinRequest: doPostRequest openConnection already!
06-28 18:39:29.213 31253  7036 D HsmGzipRequest: setRequestProperty jsonObject already!
06-28 18:39:29.216 31253  7036 D HsmGzipRequest: Get wakeLock now
06-28 18:39:29.218   516   516 I HisiKeyMaster: output data size=16
06-28 18:39:29.218   516   516 I HisiKeyMaster: hisi_km_finish success
06-28 18:39:29.220  1114  1114 W Looper  : Slow dispatch took 160ms main h=android.app.ActivityThread$H c=android.app.-$$Lambda$LoadedApk$ReceiverDispatcher$Args$_BumDX2UKsnxLVrE6UJsJZkotuA@40fc2ed m=0
06-28 18:39:29.220  1114  1114 W Looper  : Slow delivery took 205ms main h=android.os.Handler c=android.app.-$$Lambda$LoadedApk$ReceiverDispatcher$Args$_BumDX2UKsnxLVrE6UJsJZkotuA@8686522 m=0
06-28 18:39:29.232  1114  1114 I Telecom-DefaultDialerCache: Refreshing default dialer for user 0: now com.android.contacts
06-28 18:39:29.234  1114  1114 D NotificationListeners: onServiceConnected, just remove the servicesBindingTag and add service.
06-28 18:39:29.235  1114  1114 W Looper  : Drained
06-28 18:39:29.379 31253  7036 D HsmGzipRequest: doPostRequest finally closeOutputStream!
06-28 18:39:29.389  1952  2110 I chatty  : uid=1000(system) core expire 9 lines
06-28 18:39:29.433 31253  7036 D HsmGzipRequest: Release wakeLock now
06-28 18:39:29.461  1114  6153 I AlarmManager: remove alarm:Alarm{e8722a type 1 when 1561721929525 PendingIntent{87dcc41: PendingIntentRecord{c3d981b com.huawei.systemmanager broadcastIntent}}com.huawei.systemmanager} according to operation:a742db8
06-28 18:39:29.719   650   929 I chatty  : uid=1000(system) Binder:650_1 expire 2 lines
06-28 18:39:30.812  6777  6860 I chatty  : uid=10404(com.mixgo.PropertySEO) expire 753 lines
06-28 18:39:30.858  1849  1861 I chatty  : uid=1000(system) Binder:1849_2 expire 1 line
06-28 18:39:30.858  1114 31752 I chatty  : uid=1000(system) Timer-73 expire 2 lines
06-28 18:39:30.929   574   594 W SocketListener: sending broadcast to Pid = 1114, Uid = 1000 
06-28 18:39:30.931  1114  1555 D NetdConnector: RCV <- {601 limit alert globalAlert wlan0}
06-28 18:39:30.932  1114  1555 D NetdConnector: RCV <- {601 limit alert globalAlert wlan0}
06-28 18:39:30.933  1114  1240 D NetdConnector: RCV unsolicited event from native daemon, event = 601
06-28 18:39:30.936  1114  1240 I NetworkStats: limitReached
06-28 18:39:30.937  1114  1558 I NetworkStats: performPollLocked, pid = 1114
06-28 18:39:30.962  1114  1558 W NetworkStatsFactory: mStatsXtProcUid: /proc/net/comm/stats does not exist!
06-28 18:39:30.962  1114  1558 D HwNetworkStatsService: hwRecordUidAndProcSnapshotLocked currentTime = 1561718370935
06-28 18:39:30.975  1114  1558 I NetworkStatsFactory: javaReadNetworkStatsUidAndProcDetail. cost time = 13
06-28 18:39:31.006  1114  1558 D NetdConnector: SND -> {2630 bandwidth setglobalalert 2097152}
06-28 18:39:31.006  2017  2247 E HSM_BG  : NatTrafficNotifyService:imsi is null, so return
06-28 18:39:31.008  1114  1555 D NetdConnector: RCV <- {200 2630 Bandwidth command succeeeded}
06-28 18:39:31.008  1114  1555 D NetdConnector: RCV <- {200 2630 Bandwidth command succeeeded}
06-28 18:39:31.343   646   646 E WifiHAL : enter wifi_get_link_stats
06-28 18:39:31.632   731   731 W irqbalance: type=1400 audit(0.0:36978): avc: denied { dac_override } for capability=1 scontext=u:r:irqbalance:s0 tcontext=u:r:irqbalance:s0 tclass=capability permissive=0
06-28 18:39:31.637   731   731 I irqbalance: Decided to move irq 56 from cpu 0 to cpu 1
06-28 18:39:31.783  1114  1611 I chatty  : uid=1000(system) WiFiArpStateMac expire 10 lines
06-28 18:39:31.857  1900  5205 I chatty  : uid=1000(system) Timer-0 expire 7 lines
06-28 18:39:31.863  1969  2823 D PhoneInterfaceManager: [PhoneIntfMgr] isUserDataEnabled: subId=0 phoneId=0
06-28 18:39:31.868  1969  2823 D PhoneInterfaceManager: [PhoneIntfMgr] isUserDataEnabled: subId=0 retVal=true
06-28 18:39:31.875  1900  5205 I iMonitor: create: 910009012
06-28 18:39:31.876  1900  5205 I iMonitor: send: 910000007
06-28 18:39:31.884   796  1102 I         : DPTEST  EventId is not need Hash
06-28 18:39:32.466  1114  1477 D HwBatteryService: onUEvent fcpStatus = 0,scpStatus =0,ovpStatus=0
06-28 18:39:32.467  1114  1477 I HwBatteryService: quick charge status : 0
06-28 18:39:32.470  1114  1477 I HwBatteryService: handleWirelessTxStatus
06-28 18:39:32.470  1114  1477 I HwBatteryService: switch not open, return, mWirelessTxFlag : 0
06-28 18:39:32.471  1114  1477 I UsbDeviceManager: water_intrused state= 0
06-28 18:39:32.475  1114  1798 I BatteryService: normal charge status : 1
06-28 18:39:32.481  1724  1724 D KeyguardUpdateMonitor: received broadcast android.intent.action.BATTERY_CHANGED
06-28 18:39:32.482  1724  1724 W KeyguardUpdateMonitor: ACTION_BATTERY_CHANGED AMP: 512000; Volt: 4700000
06-28 18:39:32.482  1724  1724 I KgBattery: (last-new)Status: 1 -> 1, chargeState=1 * branch=5
06-28 18:39:32.482  1724  1724 V KeyguardUpdateMonitor: RefreshBatteryInfo isBatteryLow: 100
06-28 18:39:32.482  1724  1724 W KeyguardUpdateMonitor: ChargingSpeed  Wattage: 2406400 ST: 5000000 --> 7500000
06-28 18:39:32.482  1724  1724 I KgBattery: BatteryInfo updated:  4lPC0
06-28 18:39:32.482  1724  1724 W AppHandler: sendMessage with obj100
06-28 18:39:32.482  1724  1724 D KeyguardUpdateMonitor: handleBatteryUpdate
06-28 18:39:32.482  1724  1724 I ColorPickUitls: type = 2
06-28 18:39:32.482  1724  1724 V KeyguardUpdateMonitor: RefreshBatteryInfo isBatteryLow: 100
06-28 18:39:32.482  1724  1724 W HwKgdBArea_BTY: updateBatteryInfo : false  true
06-28 18:39:32.483  1724  1724 W HwKgdBArea_BTY: updateBatteryInfo : false  true
06-28 18:39:32.483  1724  1724 W HwLockScreenPanel: Handle message: 100
06-28 18:39:32.483  1724  1724 W HwLockScreenPanel: refreshBatteryInfo: null
06-28 18:39:32.486  1724  1898 I KeyguardUtils: fpPath=sys/class/hw_power/charger/charge_data/chargerType, value=0
06-28 18:39:32.487  1724  1898 I KeyguardUtils: fpPath=sys/class/hw_power/charger/charge_data/chargerType, value=0
06-28 18:39:32.487  1724  1898 I KeyguardUtils: fpPath=sys/class/hw_power/charger/charge_data/chargerType, value=0
06-28 18:39:32.487  1724  1898 D KgBattery: BatteryInfo2: false; true; true; false; false; true
06-28 18:39:32.491  6553  6553 D UIABatteryMonitor: notify battery changed. current level 100
06-28 18:39:32.493  1952  1952 I chatty  : uid=1000(system) com.huawei.powergenie expire 1 line
06-28 18:39:32.580  7040  7040 W dumpsys : type=1400 audit(0.0:36979): avc: denied { read } for name="pipe-max-size" dev="proc" ino=862467 scontext=u:r:shell:s0 tcontext=u:object_r:proc_pipe_conf:s0 tclass=file permissive=0
06-28 18:39:32.748  6777  6797 I chatty  : uid=10404(com.mixgo.PropertySEO) expire 1 line
06-28 18:39:33.337   574   594 W SocketListener: sending broadcast to Pid = 1114, Uid = 1000 
06-28 18:39:33.338  1114  1555 D NetdConnector: RCV <- {601 limit alert globalAlert wlan0}
06-28 18:39:33.339  1114  1555 D NetdConnector: RCV <- {601 limit alert globalAlert wlan0}
06-28 18:39:33.341  1114  1240 D NetdConnector: RCV unsolicited event from native daemon, event = 601
06-28 18:39:33.342  1114  1240 I NetworkStats: limitReached
06-28 18:39:33.344  1114  1558 I NetworkStats: performPollLocked, pid = 1114
06-28 18:39:33.365  1114  1558 W NetworkStatsFactory: mStatsXtProcUid: /proc/net/comm/stats does not exist!
06-28 18:39:33.366  1114  1558 D HwNetworkStatsService: hwRecordUidAndProcSnapshotLocked currentTime = 1561718373343
06-28 18:39:33.376  1114  1558 I NetworkStatsFactory: javaReadNetworkStatsUidAndProcDetail. cost time = 10
06-28 18:39:33.400  1114  1558 D NetdConnector: SND -> {2631 bandwidth setglobalalert 2097152}
06-28 18:39:33.403  1114  1555 D NetdConnector: RCV <- {200 2631 Bandwidth command succeeeded}
06-28 18:39:33.404  1114  1555 D NetdConnector: RCV <- {200 2631 Bandwidth command succeeeded}
06-28 18:39:33.407  2017  2247 E HSM_BG  : NatTrafficNotifyService:imsi is null, so return
06-28 18:39:33.926   776   776 E Thermal-daemon: [charger_ic] temp_new :40  temp_old :41
06-28 18:39:33.927  1952  2811 I chatty  : uid=1000(system) Binder:1952_5 expire 1 line
06-28 18:39:33.928   776   776 E Thermal-daemon: Report temperature: [charger_ic] temp :40  report_threshold:1
06-28 18:39:33.928  1952  2586 D HwThermalStateManager: Thermal type: 2 cur_temperature:40
06-28 18:39:33.996  1114  8995 I HwPackageManagerServiceEx: now 119573581 optNow true upgrade false BootCompleted true UserSwitching 0
06-28 18:39:34.046  1114  8995 I chatty  : uid=1000(system) Binder:1114_17 expire 25 lines
06-28 18:39:34.047   760 31263 D installed: forkNotifyToRMS parcel pid=0, ppid=760, pkg=com.mixgo.PropertySEO, status=1, num=9, time=1561705232
06-28 18:39:34.049   760 31263 V installed: DexInv: --- BEGIN '/data/app/com.mixgo.PropertySEO-8Fqcot24Zp0jNzcBmd9KFQ==/base.apk' ---
06-28 18:39:34.050   760 31263 D installed: forkNotifyToRMS parcel pid=7043, ppid=760, pkg=com.mixgo.PropertySEO, status=0, num=0, time=0
06-28 18:39:34.112  7043  7043 I dex2oat : /system/bin/dex2oat --input-vdex-fd=31 --output-vdex-fd=32 --compiler-filter=speed-profile -j1 --profile-file-fd=35 --classpath-dir=/data/app/com.mixgo.PropertySEO-8Fqcot24Zp0jNzcBmd9KFQ== --class-loader-context=PCL[] --generate-mini-debug-info --compilation-reason=unknown
06-28 18:39:34.360   646   646 E WifiHAL : enter wifi_get_link_stats
06-28 18:39:34.403  1900  2108 D HwWifiStatStore: handleMessage : 200
06-28 18:39:34.980  1114  5061 I chatty  : uid=1000(system) mss_handler_thr expire 12 lines
06-28 18:39:35.858  7043  7043 I dex2oat : Explicit concurrent copying GC freed 3535(492KB) AllocSpace objects, 0(0B) LOS objects, 95% free, 70KB/1606KB, paused 127us total 10.736ms
06-28 18:39:36.014   574   594 W SocketListener: sending broadcast to Pid = 1114, Uid = 1000 
06-28 18:39:36.015  1114  1555 D NetdConnector: RCV <- {601 limit alert globalAlert wlan0}
06-28 18:39:36.016  1114  1555 D NetdConnector: RCV <- {601 limit alert globalAlert wlan0}
06-28 18:39:36.017  1114  1240 D NetdConnector: RCV unsolicited event from native daemon, event = 601
06-28 18:39:36.018  1114  1240 I NetworkStats: limitReached
06-28 18:39:36.020  1114  1558 I NetworkStats: performPollLocked, pid = 1114
06-28 18:39:36.046  1114  1558 W NetworkStatsFactory: mStatsXtProcUid: /proc/net/comm/stats does not exist!
06-28 18:39:36.046  1114  1558 D HwNetworkStatsService: hwRecordUidAndProcSnapshotLocked currentTime = 1561718376018
06-28 18:39:36.061  1114  1558 I NetworkStatsFactory: javaReadNetworkStatsUidAndProcDetail. cost time = 15
06-28 18:39:36.085  1114  1558 D NetdConnector: SND -> {2632 bandwidth setglobalalert 2097152}
06-28 18:39:36.087  1114  1555 D NetdConnector: RCV <- {200 2632 Bandwidth command succeeeded}
06-28 18:39:36.087  1114  1555 D NetdConnector: RCV <- {200 2632 Bandwidth command succeeeded}
06-28 18:39:36.088  2017  2247 E HSM_BG  : NatTrafficNotifyService:imsi is null, so return
06-28 18:39:36.103  7043  7043 I dex2oat : dex2oat took 2.001s (1.997s cpu) (threads: 1) arena alloc=1402KB (1436496B) java alloc=86KB (88912B) native alloc=2MB (2603832B) free=3MB (3687624B)
06-28 18:39:36.115   760 31263 V installed: DexInv: --- END '/data/app/com.mixgo.PropertySEO-8Fqcot24Zp0jNzcBmd9KFQ==/base.apk' (success) ---
06-28 18:39:36.116   760 31263 D installed: forkNotifyToRMS parcel pid=0, ppid=760, pkg=com.mixgo.PropertySEO, status=2, num=0, time=0
06-28 18:39:36.576   789   909 D SensorHub: Get acc data 0.174097, 0.000661, 9.922625
06-28 18:39:36.640   731   731 W irqbalance: type=1400 audit(0.0:36980): avc: denied { dac_override } for capability=1 scontext=u:r:irqbalance:s0 tcontext=u:r:irqbalance:s0 tclass=capability permissive=0
06-28 18:39:36.643   731   731 I irqbalance: Decided to move irq 56 from cpu 0 to cpu 1
06-28 18:39:36.710  1114  1561 I chatty  : uid=1000(system) WifiService expire 38 lines
06-28 18:39:37.378   646   646 E WifiHAL : enter wifi_get_link_stats
06-28 18:39:37.411  1900  2108 D HwWifiStatStore: handleMessage : 200
06-28 18:39:37.646  1920  2842 I HwNaturalBase: [ServiceGuarder]: 36Mb ram is used.
06-28 18:39:37.746   648  1284 I chatty  : uid=1041(audioserver) AudioOut_D expire 436 lines
06-28 18:39:38.353   574   594 W SocketListener: sending broadcast to Pid = 1114, Uid = 1000 
06-28 18:39:38.354  1114  1555 D NetdConnector: RCV <- {601 limit alert globalAlert wlan0}
06-28 18:39:38.355  1114  1555 D NetdConnector: RCV <- {601 limit alert globalAlert wlan0}
06-28 18:39:38.357  1114  1240 D NetdConnector: RCV unsolicited event from native daemon, event = 601
06-28 18:39:38.358  1114  1240 I NetworkStats: limitReached
06-28 18:39:38.360  1114  1558 I NetworkStats: performPollLocked, pid = 1114
06-28 18:39:38.379  1114  1558 W NetworkStatsFactory: mStatsXtProcUid: /proc/net/comm/stats does not exist!
06-28 18:39:38.379  1114  1558 D HwNetworkStatsService: hwRecordUidAndProcSnapshotLocked currentTime = 1561718378358
06-28 18:39:38.390  1114  1558 I NetworkStatsFactory: javaReadNetworkStatsUidAndProcDetail. cost time = 11
06-28 18:39:38.412  1114  1558 D NetdConnector: SND -> {2633 bandwidth setglobalalert 2097152}
06-28 18:39:38.414  1114  1555 D NetdConnector: RCV <- {200 2633 Bandwidth command succeeeded}
06-28 18:39:38.415  1114  1555 D NetdConnector: RCV <- {200 2633 Bandwidth command succeeeded}
06-28 18:39:38.415  2017  2247 E HSM_BG  : NatTrafficNotifyService:imsi is null, so return
06-28 18:39:38.932   776   776 E Thermal-daemon: [charger_ic] temp_new :41  temp_old :40
06-28 18:39:38.933  1952  2811 I ThermalService: Receive temperature change, type: 2, temp: 41 from thermald
06-28 18:39:38.933  1952  2586 D HwThermalStateManager: Thermal type: 2 cur_temperature:41
06-28 18:39:38.934   776   776 E Thermal-daemon: Report temperature: [charger_ic] temp :41  report_threshold:1
06-28 18:39:38.934   776   776 E Thermal-daemon: [pa_0] temp_new :40  temp_old :39
06-28 18:39:38.934  1952  2811 I ThermalService: Receive temperature change, type: 1, temp: 40 from thermald
06-28 18:39:38.935   776   776 E Thermal-daemon: Report temperature: [pa_0] temp :40  report_threshold:1
06-28 18:39:38.936  1952  2586 D HwThermalStateManager: Thermal type: 1 cur_temperature:40
06-28 18:39:39.878  1900  1947 D NcDft_ServiceImpl: notifyNcDftEvent domain is : 0 ;eventID is: 31 ;List is [APKSTOPPROVIDER, ed79dc5, , apkstop, 1561718379878]
06-28 18:39:39.879  1114  8995 I BackgroundPermManager: pkgName: com.mixgo.PropertySEO,pid: 6777 ,uidOf3RdApk: 10404 ,permType: 2 ,permCfg: 0
06-28 18:39:39.879  1114  1812 I chatty  : uid=1000(system) LocationThread expire 3 lines
06-28 18:39:39.881  1952  2110 D DeviceMonitor: GPS request stop:com.mixgo.PropertySEO pid:6777 interval(s): -1 reqId:ed79dc5
06-28 18:39:39.881  1849 12142 I chatty  : uid=1000(system) Binder:1849_4 expire 2 lines
06-28 18:39:39.882  1849  1849 I chatty  : uid=1000(system) com.huawei.lbs expire 47 lines
06-28 18:39:39.886  1114  1817 I NetworkStats: openSessionForUsageStats, pid = 1849, pkg = com.huawei.lbs
06-28 18:39:39.887  1114  1817 I NetworkStats: openSessionInternal,pid = 1849
06-28 18:39:39.887  1114  1817 I NetworkStats: performPollLocked, pid = 1114
06-28 18:39:39.895  1114  8995 D HwLocationManagerService: uid is 10404 , isWifiConn is true , isMobileConn is false
06-28 18:39:39.896  1114  8995 I HwNetworkPolicy: onTransact, code = 203
06-28 18:39:39.896  1114  8995 I HwNetworkPolicyManager: getHwUidPolicy uid = 10404 policy = 0
06-28 18:39:39.896  1114  8995 D HwLocationManagerService: policy is 0 , wifiAccess is true, mobileAccess is true
06-28 18:39:39.896  1114  8995 D HwLocationManagerService: wifiAvaiable is true , mobileAvailable is false
06-28 18:39:39.897  1900  1947 D NcDft_ServiceImpl: notifyNcDftEvent domain is : 0 ;eventID is: 31 ;List is [network, f7386f6, com.mixgo.PropertySEO, apkstart, 1561718379897]
06-28 18:39:39.898  1114  8995 I BackgroundPermManager: pkgName: com.mixgo.PropertySEO,pid: 6777 ,uidOf3RdApk: 10404 ,permType: 2 ,permCfg: 1
06-28 18:39:39.901  1900  1947 D NcDft_ServiceImpl: notifyNcDftEvent domain is : 0 ;eventID is: 0 ;List is [2000, network]
06-28 18:39:39.903  1900  2068 D NcDft_GnssDftManager:  mProvider : network , requestInterval2000
06-28 18:39:39.904  1900  2069 D NcDft_GnssDataStatisticsManager: increaseGnssStatisticCount, counttype = 7
06-28 18:39:39.904  1900  2068 E SensorManager: sensor or listener is null
06-28 18:39:39.905  1900  2069 D NcDft_GnssDataBaseManager: check If statistic database exist, record Count=1
06-28 18:39:39.906  1114  1813 I chatty  : uid=1000(system) LocationManager expire 4 lines
06-28 18:39:39.910  1900  2069 D NcDft_GnssDataBaseManager: writeGnssDB  succ, rowChg=1
06-28 18:39:39.913  1114  1817 W NetworkStatsFactory: mStatsXtProcUid: /proc/net/comm/stats does not exist!
06-28 18:39:39.913  1114  1817 D HwNetworkStatsService: hwRecordUidAndProcSnapshotLocked currentTime = 1561718379886
06-28 18:39:39.923  1114  1817 I NetworkStatsFactory: javaReadNetworkStatsUidAndProcDetail. cost time = 10
06-28 18:39:39.946  1114  1817 D HwNetworkStatsService: hwMaybeUidAndProcPersistLocked currentTime = 1561718379886
06-28 18:39:39.984  2017  2247 E HSM_BG  : NatTrafficNotifyService:imsi is null, so return
06-28 18:39:39.984  1114  8995 I NetworkStats: openSessionForUsageStats, pid = 1849, pkg = com.huawei.lbs
06-28 18:39:39.984  1114  8995 I NetworkStats: openSessionInternal,pid = 1849
06-28 18:39:39.985  1114  8995 I NetworkStats: performPollLocked, pid = 1114
06-28 18:39:40.000  1114  8995 W NetworkStatsFactory: mStatsXtProcUid: /proc/net/comm/stats does not exist!
06-28 18:39:40.000  1114  8995 D HwNetworkStatsService: hwRecordUidAndProcSnapshotLocked currentTime = 1561718379983
06-28 18:39:40.009  1114  8995 I NetworkStatsFactory: javaReadNetworkStatsUidAndProcDetail. cost time = 8
06-28 18:39:40.012  1114  8995 D HwNetworkStatsService: hwMaybeUidAndProcPersistLocked currentTime = 1561718379983
06-28 18:39:40.019  2017  2247 E HSM_BG  : NatTrafficNotifyService:imsi is null, so return
06-28 18:39:40.019   589  2303 I ArHal   : (ar_data_get_state:1225):id[2]
06-28 18:39:40.027   589  2303 I ArHal   : (ar_data_get_state:1225):id[2]
06-28 18:39:40.032   589  2303 I ArHal   : (ar_data_get_state:1225):id[2]
06-28 18:39:40.039  1114  6153 D WifiService: startScan, pid:1849, uid:1000, appName:com.huawei.lbs
06-28 18:39:40.040  1920  2495 D ARMoudle.HwActivityRecognition: getCurrentActivityExtend
06-28 18:39:40.041   589  2303 I ArHal   : (ar_data_get_state:1225):id[2]
06-28 18:39:40.043  1920  2495 D ARMoudle.HwActivityRecognition: hwActivityEvent:[ ActivityChangedExtendEvent:
06-28 18:39:40.043  1920  2495 D ARMoudle.HwActivityRecognition:     Activity='android.activity_recognition.relative_still', EventType=1, TimestampNs=104713889309269, Confidence=0
06-28 18:39:40.043  1920  2495 D ARMoudle.HwActivityRecognition:     Activity='android.activity_recognition.still', EventType=1, TimestampNs=117942089442914, Confidence=100
06-28 18:39:40.043  1920  2495 D ARMoudle.HwActivityRecognition: ]
06-28 18:39:40.044  1114  6153 D HwWifiService: Get wifiScanStrategy from iAware, WifiScanStrategy = [mCycle=1800000, mTimeStamp=117942089]
06-28 18:39:40.396   646   646 E WifiHAL : enter wifi_get_link_stats
06-28 18:39:40.407  1114  1562 I chatty  : uid=1000(system) WifiStateMachin expire 19 lines
06-28 18:39:40.420  1900  2108 D HwWifiStatStore: handleMessage : 200
06-28 18:39:40.671   574   594 W SocketListener: sending broadcast to Pid = 1114, Uid = 1000 
