06-28 18:39:15.315 31253 31448 E System  :  * https://android-developers.googleblog.com/2018/03/cryptography-changes-in-android-p.html
06-28 18:39:15.315 31253 31448 E System  :  * for more details.
06-28 18:39:15.315  6553  6694 W QueryController: Could not detect idle state.
06-28 18:39:15.316  6553  6694 W AccessibilityInteractionClient: old interaction Id is: -1,current interaction Id is:11
06-28 18:39:15.318 31253 31343 E HSM_SEC_UI: PermissionAppsController:notifyThePermissionAppsLoaded permissionType = 4294967296
06-28 18:39:15.318 31253 31343 E HSM_SEC_UI: SingleHwPermissionApps:loadPermissionAppList permission type is 100000000000000000000 size = 8
06-28 18:39:15.318 31253 31343 E HSM_SEC_UI: SingleHwPermissionApps:isApkOpAllow op is empty, or aom is null!
06-28 18:39:15.319  6553  6694 W AccessibilityInteractionClient: old interaction Id is: -1,current interaction Id is:12
06-28 18:39:15.319 31253 31343 E HSM_SEC_UI: SingleHwPermissionApps:isApkOpAllow op is empty, or aom is null!
06-28 18:39:15.320 31253 31343 E HSM_SEC_UI: SingleHwPermissionApps:isApkOpAllow op is empty, or aom is null!
06-28 18:39:15.321 31253 31343 E HSM_SEC_UI: SingleHwPermissionApps:isApkOpAllow op is empty, or aom is null!
06-28 18:39:15.321 31253 31343 E HSM_SEC_UI: SingleHwPermissionApps:isApkOpAllow op is empty, or aom is null!
06-28 18:39:15.322 31253 31343 E HSM_SEC_UI: PermissionAppsController:notifyThePermissionAppsLoaded permissionType = 1048576
06-28 18:39:15.322  1114  1456 V WindowManager: Exit animation finished in Window{4e7d565 u0 Splash Screen com.mixgo.PropertySEO EXITING}: remove=true
06-28 18:39:15.322  1114  1456 E WindowManager: win=Window{4e7d565 u0 Splash Screen com.mixgo.PropertySEO EXITING} destroySurfaces: appStopped=false win.mWindowRemovalAllowed=true win.mRemoveOnExit=true
06-28 18:39:15.322  1114  1456 V WindowManager: postWindowRemoveCleanupLocked: Window{4e7d565 u0 Splash Screen com.mixgo.PropertySEO}
06-28 18:39:15.322  1114  1456 V WindowManager: Removing Window{4e7d565 u0 Splash Screen com.mixgo.PropertySEO} from AppWindowToken{4af00e7 token=Token{4460ea6 ActivityRecord{583d001 u0 com.mixgo.PropertySEO/cn.jiguang.unity.push.UnityPluginActivity t223}}}
06-28 18:39:15.327 31253 31343 E HSM_SEC_UI: PermissionAppsController:notifyThePermissionAppsLoaded permissionType = 4096
06-28 18:39:15.338  1724  1724 W HwKeyguardDragHelper: AnimationBlocked 
06-28 18:39:15.339  1724  1724 I PhoneStatusBarView: setAlpha with value : 1.0
06-28 18:39:15.339  1724  1724 I PhoneStatusBarView: setAlpha with value : 1.0
06-28 18:39:15.343 31253 31343 E HSM_SEC_UI: PermissionAppsController:notifyThePermissionAppsLoaded permissionType = 1
06-28 18:39:15.343  6553  6694 W AccessibilityInteractionClient: old interaction Id is: -1,current interaction Id is:13
06-28 18:39:15.351 31253 31343 E HSM_SEC_UI: PermissionAppsController:notifyThePermissionAppsLoaded permissionType = 4
06-28 18:39:15.355 31253 31343 E HSM_SEC_UI: PermissionAppsController:notifyThePermissionAppsLoaded permissionType = 2
06-28 18:39:15.361  6553  6694 D UIAutomatorStub: URI: /jsonrpc/0, Method: POST, params, {NanoHttpd.QUERY_STRING=null}, files: {postData={"jsonrpc": "2.0", "id": "fe60c2cf1233940508f9a8cc15d03427", "method": "objInfo", "params": [{"mask": 2097152, "childOrSibling": [], "childOrSiblingSelector": [], "resourceId": "com.android.packageinstaller:id/permission_allow_button"}]}}
06-28 18:39:15.363  6553  6694 W QueryController: Could not detect idle state.
06-28 18:39:15.364  6553  6694 W AccessibilityInteractionClient: old interaction Id is: -1,current interaction Id is:14
06-28 18:39:15.366 31253 31343 E HSM_SEC_UI: PermissionAppsController:notifyThePermissionAppsLoaded permissionType = 2048
06-28 18:39:15.367  6553  6694 W AccessibilityInteractionClient: old interaction Id is: -1,current interaction Id is:15
06-28 18:39:15.372  6553  6694 W AccessibilityInteractionClient: old interaction Id is: -1,current interaction Id is:16
06-28 18:39:15.376  6553  6694 W QueryController: Could not detect idle state.
06-28 18:39:15.377  6553  6694 W AccessibilityInteractionClient: old interaction Id is: -1,current interaction Id is:17
06-28 18:39:15.378 31253 31343 E HSM_SEC_UI: PermissionAppsController:notifyThePermissionAppsLoaded permissionType = 268435456
06-28 18:39:15.379  6553  6694 W QueryController: Could not detect idle state.
06-28 18:39:15.380  6553  6694 W AccessibilityInteractionClient: old interaction Id is: -1,current interaction Id is:18
06-28 18:39:15.380  6553  6694 W QueryController: Could not detect idle state.
06-28 18:39:15.381  6553  6694 W AccessibilityInteractionClient: old interaction Id is: -1,current interaction Id is:19
06-28 18:39:15.381  6553  6694 W QueryController: Could not detect idle state.
06-28 18:39:15.382  6553  6694 W AccessibilityInteractionClient: old interaction Id is: -1,current interaction Id is:20
06-28 18:39:15.382  6553  6694 W QueryController: Could not detect idle state.
06-28 18:39:15.382  6553  6694 W AccessibilityInteractionClient: old interaction Id is: -1,current interaction Id is:21
06-28 18:39:15.383  6553  6694 W QueryController: Could not detect idle state.
06-28 18:39:15.384  6553  6694 W AccessibilityInteractionClient: old interaction Id is: -1,current interaction Id is:22
06-28 18:39:15.384  6553  6694 W QueryController: Could not detect idle state.
06-28 18:39:15.385  6553  6694 W AccessibilityInteractionClient: old interaction Id is: -1,current interaction Id is:23
06-28 18:39:15.385  6553  6694 W QueryController: Could not detect idle state.
06-28 18:39:15.385  6553  6694 W AccessibilityInteractionClient: old interaction Id is: -1,current interaction Id is:24
06-28 18:39:15.386  6553  6694 W QueryController: Could not detect idle state.
06-28 18:39:15.386  6553  6694 W AccessibilityInteractionClient: old interaction Id is: -1,current interaction Id is:25
06-28 18:39:15.387  6553  6694 W QueryController: Could not detect idle state.
06-28 18:39:15.387  6553  6694 W AccessibilityInteractionClient: old interaction Id is: -1,current interaction Id is:26
06-28 18:39:15.388  6553  6694 W QueryController: Could not detect idle state.
06-28 18:39:15.388  6553  6694 W AccessibilityInteractionClient: old interaction Id is: -1,current interaction Id is:27
06-28 18:39:15.389  6553  6694 W QueryController: Could not detect idle state.
06-28 18:39:15.389  6553  6694 W AccessibilityInteractionClient: old interaction Id is: -1,current interaction Id is:28
06-28 18:39:15.389  6553  6694 W QueryController: Could not detect idle state.
06-28 18:39:15.390  6553  6694 W AccessibilityInteractionClient: old interaction Id is: -1,current interaction Id is:29
06-28 18:39:15.390  6553  6694 W QueryController: Could not detect idle state.
06-28 18:39:15.390  6553  6694 W AccessibilityInteractionClient: old interaction Id is: -1,current interaction Id is:30
06-28 18:39:15.391  6553  6694 W QueryController: Could not detect idle state.
06-28 18:39:15.391  6553  6694 W AccessibilityInteractionClient: old interaction Id is: -1,current interaction Id is:31
06-28 18:39:15.393  6553  6694 W QueryController: Could not detect idle state.
06-28 18:39:15.393  6553  6694 W AccessibilityInteractionClient: old interaction Id is: -1,current interaction Id is:32
06-28 18:39:15.394  6553  6694 W QueryController: Could not detect idle state.
06-28 18:39:15.394  6553  6694 W AccessibilityInteractionClient: old interaction Id is: -1,current interaction Id is:33
06-28 18:39:15.407 31253 31343 E HSM_SEC_UI: PermissionAppsController:notifyThePermissionAppsLoaded permissionType = 16
06-28 18:39:15.412 31253 31343 E HSM_SEC_UI: PermissionAppsController:notifyThePermissionAppsLoaded permissionType = 16384
06-28 18:39:15.415 31253 31343 E HSM_SEC_UI: PermissionAppsController:notifyThePermissionAppsLoaded permissionType = 32768
06-28 18:39:15.422 31253 31343 E HSM_SEC_UI: PermissionAppsController:notifyThePermissionAppsLoaded permissionType = 64
06-28 18:39:15.423  6553  6694 D UIAutomatorStub: URI: /jsonrpc/0, Method: POST, params, {NanoHttpd.QUERY_STRING=null}, files: {postData={"jsonrpc": "2.0", "id": "886aa63c0b8ec104b5aaae250de169f8", "method": "click", "params": [798.5, 2087.0]}}
06-28 18:39:15.426 31253 31343 E HSM_SEC_UI: PermissionAppsController:notifyThePermissionAppsLoaded permissionType = 32
06-28 18:39:15.427  6553  6694 D InteractionController: clickNoSync (798, 2087)
06-28 18:39:15.428  1114  1540 I chatty  : uid=1000(system) InputDispatcher expire 1 line
06-28 18:39:15.428   796  3743 D iMonitor: [ZeroHung]dumpEvent: event: cat=1, wp_id=23, ts=1561718355, no=22, cmdbuf=, msg=MT:119455089063542 119455583538542 2
06-28 18:39:15.430   796  3743 D iMonitor: [ZeroHung]parseLogType: cmdbuf is empty
06-28 18:39:15.431   796  3743 D iMonitor: [ZeroHung]eventProc: cmd=, log_type=0.
06-28 18:39:15.431   796  3743 E         : get_cfg_dir_list_type: cust_policy_dirs:/system/emui/base:/system/emui/china:/vendor/etc:/odm/etc:/product/etc:/odm/hw_odm/EML-AL00:/product/region_comm/china:/product/hw_oem/EML-AL00:/preload/EML-AL00/all/cn:/cust/global:/cust/hw/cn:/version/cust/all/cn:/version/special_cust/EML-AL00/all/cn 
06-28 18:39:15.431   796  3743 I chatty  : uid=0(root) hguard identical 2 lines
06-28 18:39:15.431   796  3743 E         : get_cfg_dir_list_type: cust_policy_dirs:/system/emui/base:/system/emui/china:/vendor/etc:/odm/etc:/product/etc:/odm/hw_odm/EML-AL00:/product/region_comm/china:/product/hw_oem/EML-AL00:/preload/EML-AL00/all/cn:/cust/global:/cust/hw/cn:/version/cust/all/cn:/version/special_cust/EML-AL00/all/cn 
06-28 18:39:15.440 31253  6816 I NetQuery: Cancel handle: 491783633664
06-28 18:39:15.440 31253  6816 I CloudHttpClient-Thread-38: Cancel called. id:20630167
06-28 18:39:15.440 31253  6816 I NetQuery: Destroy handle: 491783633664
06-28 18:39:15.440 31253  6816 I CacheQuery: Destroy handle: 491746173888
06-28 18:39:15.531 31509 31509 V AudioManager: playSoundEffect   effectType: 0
06-28 18:39:15.531 31509 31509 V AudioManager: querySoundEffectsEnabled...
06-28 18:39:15.541 31509 31509 D HwAppInnerBoostImpl: asyncReportData com.android.packageinstaller,2,1,1,0 interval=112
06-28 18:39:15.542   638  1895 E uniperf server: uniPerfEvent doParse failed, cmdId=4400
06-28 18:39:15.542   638  1895 D uniperf hal: do uniPerfEvent failed, cmdId=4400, ret=2
06-28 18:39:15.543  6553  6573 W AccessibilityInteractionClient: old interaction Id is: -1,current interaction Id is:1
06-28 18:39:15.544  6553  6694 D UIAutomatorStub: URI: /jsonrpc/0, Method: POST, params, {NanoHttpd.QUERY_STRING=null}, files: {postData={"jsonrpc": "2.0", "id": "413ddd50d70c016d1376d1b271a958c6", "method": "waitForExists", "params": [{"mask": 2097152, "childOrSibling": [], "childOrSiblingSelector": [], "resourceId": "com.android.packageinstaller:id/permission_allow_button"}, 20000]}}
06-28 18:39:15.546  6553  6694 W QueryController: Could not detect idle state.
06-28 18:39:15.559  6553  6694 W AccessibilityInteractionClient: old interaction Id is: -1,current interaction Id is:34
06-28 18:39:15.562  6553  6694 W AccessibilityInteractionClient: old interaction Id is: -1,current interaction Id is:35
06-28 18:39:15.567  6553  6694 W AccessibilityInteractionClient: old interaction Id is: -1,current interaction Id is:36
06-28 18:39:15.569  1114  1114 I HwNormalizedSpline: mOminLevelMode:Day getBrightnessLevel lux =458.0,mDefaultBrightness=44.335182,mOCount=11
06-28 18:39:15.584  6553  6694 D UIAutomatorStub: URI: /jsonrpc/0, Method: POST, params, {NanoHttpd.QUERY_STRING=null}, files: {postData={"jsonrpc": "2.0", "id": "863b61286884901c3e12ebfcb0996550", "method": "objInfo", "params": [{"mask": 2097152, "childOrSibling": [], "childOrSiblingSelector": [], "resourceId": "com.android.packageinstaller:id/permission_allow_button"}]}}
06-28 18:39:15.585  6553  6694 W QueryController: Could not detect idle state.
06-28 18:39:15.586  6553  6694 W AccessibilityInteractionClient: old interaction Id is: -1,current interaction Id is:37
06-28 18:39:15.589  6553  6694 W AccessibilityInteractionClient: old interaction Id is: -1,current interaction Id is:38
06-28 18:39:15.593  6553  6694 W AccessibilityInteractionClient: old interaction Id is: -1,current interaction Id is:39
06-28 18:39:15.597  6553  6694 W QueryController: Could not detect idle state.
06-28 18:39:15.597  6553  6694 W AccessibilityInteractionClient: old interaction Id is: -1,current interaction Id is:40
06-28 18:39:15.600  6553  6694 W QueryController: Could not detect idle state.
06-28 18:39:15.600  6553  6694 W AccessibilityInteractionClient: old interaction Id is: -1,current interaction Id is:41
06-28 18:39:15.601  6553  6694 W QueryController: Could not detect idle state.
06-28 18:39:15.601  6553  6694 W AccessibilityInteractionClient: old interaction Id is: -1,current interaction Id is:42
06-28 18:39:15.602  6553  6694 W QueryController: Could not detect idle state.
06-28 18:39:15.603  6553  6694 W AccessibilityInteractionClient: old interaction Id is: -1,current interaction Id is:43
06-28 18:39:15.603  6553  6694 W QueryController: Could not detect idle state.
06-28 18:39:15.604  6553  6694 W AccessibilityInteractionClient: old interaction Id is: -1,current interaction Id is:44
06-28 18:39:15.604  6553  6694 W QueryController: Could not detect idle state.
06-28 18:39:15.604  6553  6694 W AccessibilityInteractionClient: old interaction Id is: -1,current interaction Id is:45
06-28 18:39:15.605  6553  6694 W QueryController: Could not detect idle state.
06-28 18:39:15.605  6553  6694 W AccessibilityInteractionClient: old interaction Id is: -1,current interaction Id is:46
06-28 18:39:15.605  6553  6694 W QueryController: Could not detect idle state.
06-28 18:39:15.605  6553  6694 W AccessibilityInteractionClient: old interaction Id is: -1,current interaction Id is:47
06-28 18:39:15.606  6553  6694 W QueryController: Could not detect idle state.
06-28 18:39:15.606  6553  6694 W AccessibilityInteractionClient: old interaction Id is: -1,current interaction Id is:48
06-28 18:39:15.607  6553  6694 W QueryController: Could not detect idle state.
06-28 18:39:15.607  6553  6694 W AccessibilityInteractionClient: old interaction Id is: -1,current interaction Id is:49
06-28 18:39:15.607  6553  6694 W QueryController: Could not detect idle state.
06-28 18:39:15.608  6553  6694 W AccessibilityInteractionClient: old interaction Id is: -1,current interaction Id is:50
06-28 18:39:15.608  6553  6694 W QueryController: Could not detect idle state.
06-28 18:39:15.608  6553  6694 W AccessibilityInteractionClient: old interaction Id is: -1,current interaction Id is:51
06-28 18:39:15.609  6553  6694 W QueryController: Could not detect idle state.
06-28 18:39:15.609  6553  6694 W AccessibilityInteractionClient: old interaction Id is: -1,current interaction Id is:52
06-28 18:39:15.610  6553  6694 W QueryController: Could not detect idle state.
06-28 18:39:15.610  6553  6694 W AccessibilityInteractionClient: old interaction Id is: -1,current interaction Id is:53
06-28 18:39:15.610  6553  6694 W QueryController: Could not detect idle state.
06-28 18:39:15.610  6553  6694 W AccessibilityInteractionClient: old interaction Id is: -1,current interaction Id is:54
06-28 18:39:15.612  6553  6694 W QueryController: Could not detect idle state.
06-28 18:39:15.613  6553  6694 W AccessibilityInteractionClient: old interaction Id is: -1,current interaction Id is:55
06-28 18:39:15.613  6553  6694 W QueryController: Could not detect idle state.
06-28 18:39:15.613  6553  6694 W AccessibilityInteractionClient: old interaction Id is: -1,current interaction Id is:56
06-28 18:39:15.629  6553  6694 D UIAutomatorStub: URI: /jsonrpc/0, Method: POST, params, {NanoHttpd.QUERY_STRING=null}, files: {postData={"jsonrpc": "2.0", "id": "a7664b836c59198762cbd06e99e53e36", "method": "click", "params": [798.5, 2087.0]}}
06-28 18:39:15.632  6553  6694 D InteractionController: clickNoSync (798, 2087)
06-28 18:39:15.668 31509 31509 I FLTAG_FM: loadFeature class:com.huawei.featurelayer.systemfeature.HwWidget.IHwSplineOverScrollerEx
06-28 18:39:15.668 31509 31509 I FLTAG_SFM: getRequireClassLoader() succ ! className: com.huawei.featurelayer.systemfeature.HwWidget.IHwSplineOverScrollerEx
06-28 18:39:15.668 31509 31509 D FeatureFactory: loadFeature() : com.huawei.featurelayer.systemfeature.HwWidget.IHwSplineOverScrollerEx
06-28 18:39:15.668 31509 31509 D FeatureFactory: loadFeature() new IHwSplineOverScrollerEx()
06-28 18:39:15.668 31509 31509 D HwSplineOverScrollerExImpl: initSplineOverScrollerImpl paras: android.widget.OverScroller$SplineOverScroller@42c7379,com.android.packageinstaller.permission.ui.GrantPermissionsActivity@d7c285a
06-28 18:39:15.668 31509 31509 D HwSplineOverScrollerExImpl: initSplineOverScrollerImpl: mScrollerVelocity is 0, value is 0
06-28 18:39:15.668 31509 31509 I FLTAG_FM: loadFeature class:com.huawei.featurelayer.systemfeature.HwWidget.IHwSplineOverScrollerEx
06-28 18:39:15.668 31509 31509 I FLTAG_SFM: getRequireClassLoader() succ ! className: com.huawei.featurelayer.systemfeature.HwWidget.IHwSplineOverScrollerEx
06-28 18:39:15.668 31509 31509 D FeatureFactory: loadFeature() : com.huawei.featurelayer.systemfeature.HwWidget.IHwSplineOverScrollerEx
06-28 18:39:15.668 31509 31509 D FeatureFactory: loadFeature() new IHwSplineOverScrollerEx()
06-28 18:39:15.668 31509 31509 D HwSplineOverScrollerExImpl: initSplineOverScrollerImpl paras: android.widget.OverScroller$SplineOverScroller@d77ce35,com.android.packageinstaller.permission.ui.GrantPermissionsActivity@d7c285a
06-28 18:39:15.668 31509 31509 D HwSplineOverScrollerExImpl: initSplineOverScrollerImpl: mScrollerVelocity is 0, value is 0
06-28 18:39:15.669 31509 31509 W RollbackRuleDetector: RollbackRuleDetector already stop
06-28 18:39:15.718  1724  1724 W HwKeyguardDragHelper: AnimationBlocked 
06-28 18:39:15.719  1724  1724 I PhoneStatusBarView: setAlpha with value : 1.0
06-28 18:39:15.719  1724  1724 I PhoneStatusBarView: setAlpha with value : 1.0
06-28 18:39:15.734 31509 31509 V AudioManager: playSoundEffect   effectType: 0
06-28 18:39:15.734 31509 31509 V AudioManager: querySoundEffectsEnabled...
06-28 18:39:15.735   520   528 D vold    : Remounting 10404 as mode read
06-28 18:39:15.742   520   528 D vold    : Found matching PID 6777
06-28 18:39:15.748  6553  6694 D UIAutomatorStub: URI: /jsonrpc/0, Method: POST, params, {NanoHttpd.QUERY_STRING=null}, files: {postData={"jsonrpc": "2.0", "id": "b018692b68f1f59d2f4a29c9fa654a6e", "method": "waitForExists", "params": [{"mask": 2097152, "childOrSibling": [], "childOrSiblingSelector": [], "resourceId": "com.android.packageinstaller:id/permission_allow_button"}, 20000]}}
06-28 18:39:15.750  6553  6694 W QueryController: Could not detect idle state.
06-28 18:39:15.751  6553  6694 W AccessibilityInteractionClient: old interaction Id is: -1,current interaction Id is:57
06-28 18:39:15.773   520   530 D vold    : Remounting 10404 as mode write
06-28 18:39:15.778   520   530 D vold    : Found matching PID 6777
06-28 18:39:15.837 31509 31509 D HwAppInnerBoostImpl: asyncReportData com.android.packageinstaller,2,1,2,0 interval=409
06-28 18:39:15.839   638  1895 E uniperf server: uniPerfEvent doParse failed, cmdId=4400
06-28 18:39:15.839   638  1895 D uniperf hal: do uniPerfEvent failed, cmdId=4400, ret=2
06-28 18:39:15.843 31509 31509 D HwAppInnerBoostImpl: asyncReportData com.android.packageinstaller,2,2,1,5 interval=414
06-28 18:39:15.843   638  1895 E uniperf server: uniPerfEvent doParse failed, cmdId=4401
06-28 18:39:15.843   638  1895 D uniperf hal: do uniPerfEvent failed, cmdId=4401, ret=2
06-28 18:39:15.847  6553  6694 W AccessibilityInteractionClient: old interaction Id is: -1,current interaction Id is:58
06-28 18:39:15.869  6553  6694 D UIAutomatorStub: URI: /jsonrpc/0, Method: POST, params, {NanoHttpd.QUERY_STRING=null}, files: {postData={"jsonrpc": "2.0", "id": "a1d27478723d5d5afc9070fee1b252fc", "method": "objInfo", "params": [{"mask": 2097152, "childOrSibling": [], "childOrSiblingSelector": [], "resourceId": "com.android.packageinstaller:id/permission_allow_button"}]}}
06-28 18:39:15.871  6553  6694 W QueryController: Could not detect idle state.
06-28 18:39:15.871  6553  6694 W AccessibilityInteractionClient: old interaction Id is: -1,current interaction Id is:59
06-28 18:39:15.874  6553  6694 W AccessibilityInteractionClient: old interaction Id is: -1,current interaction Id is:60
06-28 18:39:15.877  6553  6694 W QueryController: Could not detect idle state.
06-28 18:39:15.878  6553  6694 W AccessibilityInteractionClient: old interaction Id is: -1,current interaction Id is:61
06-28 18:39:15.880  6553  6694 W QueryController: Could not detect idle state.
06-28 18:39:15.881  6553  6694 W AccessibilityInteractionClient: old interaction Id is: -1,current interaction Id is:62
06-28 18:39:15.881  6553  6694 W QueryController: Could not detect idle state.
06-28 18:39:15.882  6553  6694 W AccessibilityInteractionClient: old interaction Id is: -1,current interaction Id is:63
06-28 18:39:15.883  6553  6694 W QueryController: Could not detect idle state.
06-28 18:39:15.884  6553  6694 W AccessibilityInteractionClient: old interaction Id is: -1,current interaction Id is:64
06-28 18:39:15.884  6553  6694 W QueryController: Could not detect idle state.
06-28 18:39:15.885  6553  6694 W AccessibilityInteractionClient: old interaction Id is: -1,current interaction Id is:65
06-28 18:39:15.885  6553  6694 W QueryController: Could not detect idle state.
06-28 18:39:15.885  6553  6694 W AccessibilityInteractionClient: old interaction Id is: -1,current interaction Id is:66
06-28 18:39:15.886  6553  6694 W QueryController: Could not detect idle state.
06-28 18:39:15.886  6553  6694 W AccessibilityInteractionClient: old interaction Id is: -1,current interaction Id is:67
06-28 18:39:15.887  6553  6694 W QueryController: Could not detect idle state.
06-28 18:39:15.887  6553  6694 W AccessibilityInteractionClient: old interaction Id is: -1,current interaction Id is:68
06-28 18:39:15.888  6553  6694 W QueryController: Could not detect idle state.
06-28 18:39:15.888  6553  6694 W AccessibilityInteractionClient: old interaction Id is: -1,current interaction Id is:69
06-28 18:39:15.889  6553  6694 W QueryController: Could not detect idle state.
06-28 18:39:15.889  6553  6694 W AccessibilityInteractionClient: old interaction Id is: -1,current interaction Id is:70
06-28 18:39:15.890  6553  6694 W QueryController: Could not detect idle state.
06-28 18:39:15.890  6553  6694 W AccessibilityInteractionClient: old interaction Id is: -1,current interaction Id is:71
06-28 18:39:15.890  6553  6694 W QueryController: Could not detect idle state.
06-28 18:39:15.891  6553  6694 W AccessibilityInteractionClient: old interaction Id is: -1,current interaction Id is:72
06-28 18:39:15.891  6553  6694 W QueryController: Could not detect idle state.
06-28 18:39:15.892  6553  6694 W AccessibilityInteractionClient: old interaction Id is: -1,current interaction Id is:73
06-28 18:39:15.892  1114  9173 I AlarmManager: remove alarm:Alarm{1c4e4aa type 1 when 1561718526332 PendingIntent{3fd589b: PendingIntentRecord{599ccc8 com.huawei.systemmanager broadcastIntent}}com.huawei.systemmanager} according to operation:6c02438
06-28 18:39:15.892  6553  6694 W QueryController: Could not detect idle state.
06-28 18:39:15.892  6553  6694 W AccessibilityInteractionClient: old interaction Id is: -1,current interaction Id is:74
06-28 18:39:15.893  6553  6694 W QueryController: Could not detect idle state.
06-28 18:39:15.893  6553  6694 W AccessibilityInteractionClient: old interaction Id is: -1,current interaction Id is:75
06-28 18:39:15.896  1114  8995 I AlarmManager: remove alarm:Alarm{46f4be4 type 1 when 1561718556338 PendingIntent{dc9fc31: PendingIntentRecord{2c226a com.huawei.systemmanager broadcastIntent}}com.huawei.systemmanager} according to operation:2daf84d
06-28 18:39:15.896  6553  6694 W QueryController: Could not detect idle state.
06-28 18:39:15.896  6553  6694 W AccessibilityInteractionClient: old interaction Id is: -1,current interaction Id is:76
06-28 18:39:15.897  6553  6694 W QueryController: Could not detect idle state.
06-28 18:39:15.897  6553  6694 W AccessibilityInteractionClient: old interaction Id is: -1,current interaction Id is:77
06-28 18:39:15.900   796   897 W JankService: processEntry, not beta version or commercial log off
06-28 18:39:15.919  6553  6694 D UIAutomatorStub: URI: /jsonrpc/0, Method: POST, params, {NanoHttpd.QUERY_STRING=null}, files: {postData={"jsonrpc": "2.0", "id": "bd4cb60ea5fdb6d915fa84cfadf6ba01", "method": "click", "params": [798.5, 2087.0]}}
06-28 18:39:15.922  6553  6694 D InteractionController: clickNoSync (798, 2087)
06-28 18:39:15.949 31509 31509 I FLTAG_FM: loadFeature class:com.huawei.featurelayer.systemfeature.HwWidget.IHwSplineOverScrollerEx
06-28 18:39:15.949 31509 31509 I FLTAG_SFM: getRequireClassLoader() succ ! className: com.huawei.featurelayer.systemfeature.HwWidget.IHwSplineOverScrollerEx
06-28 18:39:15.949 31509 31509 D FeatureFactory: loadFeature() : com.huawei.featurelayer.systemfeature.HwWidget.IHwSplineOverScrollerEx
06-28 18:39:15.949 31509 31509 D FeatureFactory: loadFeature() new IHwSplineOverScrollerEx()
06-28 18:39:15.949 31509 31509 D HwSplineOverScrollerExImpl: initSplineOverScrollerImpl paras: android.widget.OverScroller$SplineOverScroller@b58ac0f,com.android.packageinstaller.permission.ui.GrantPermissionsActivity@d7c285a
06-28 18:39:15.949 31509 31509 D HwSplineOverScrollerExImpl: initSplineOverScrollerImpl: mScrollerVelocity is 0, value is 0
06-28 18:39:15.949 31509 31509 I FLTAG_FM: loadFeature class:com.huawei.featurelayer.systemfeature.HwWidget.IHwSplineOverScrollerEx
06-28 18:39:15.949 31509 31509 I FLTAG_SFM: getRequireClassLoader() succ ! className: com.huawei.featurelayer.systemfeature.HwWidget.IHwSplineOverScrollerEx
06-28 18:39:15.949 31509 31509 D FeatureFactory: loadFeature() : com.huawei.featurelayer.systemfeature.HwWidget.IHwSplineOverScrollerEx
06-28 18:39:15.949 31509 31509 D FeatureFactory: loadFeature() new IHwSplineOverScrollerEx()
06-28 18:39:15.949 31509 31509 D HwSplineOverScrollerExImpl: initSplineOverScrollerImpl paras: android.widget.OverScroller$SplineOverScroller@239aea5,com.android.packageinstaller.permission.ui.GrantPermissionsActivity@d7c285a
06-28 18:39:15.949 31509 31509 D HwSplineOverScrollerExImpl: initSplineOverScrollerImpl: mScrollerVelocity is 0, value is 0
06-28 18:39:15.950 31509 31509 W RollbackRuleDetector: RollbackRuleDetector already stop
06-28 18:39:16.018  1114  1217 I PackageManager: writePermissionsSync -> user:0, put true:, Build.FINGERPRINT:HUAWEI/EML-AL00/HWEML:9/HUAWEIEML-AL00/187C00R1:user/release-keys, fingerprint:HUAWEI/EML-AL00/HWEML:9/HUAWEIEML-AL00/187C00R1:user/release-keys
06-28 18:39:16.025 31509 31509 V AudioManager: playSoundEffect   effectType: 0
06-28 18:39:16.025 31509 31509 V AudioManager: querySoundEffectsEnabled...
06-28 18:39:16.040  6553  6694 D UIAutomatorStub: URI: /jsonrpc/0, Method: POST, params, {NanoHttpd.QUERY_STRING=null}, files: {postData={"jsonrpc": "2.0", "id": "8a2830a783113c78ab890fa0b902f3c2", "method": "waitForExists", "params": [{"mask": 2097152, "childOrSibling": [], "childOrSiblingSelector": [], "resourceId": "com.android.packageinstaller:id/permission_allow_button"}, 20000]}}
06-28 18:39:16.042  6553  6694 W QueryController: Could not detect idle state.
06-28 18:39:16.042  6553  6694 W AccessibilityInteractionClient: old interaction Id is: -1,current interaction Id is:78
06-28 18:39:16.045  6553  6694 W AccessibilityInteractionClient: old interaction Id is: -1,current interaction Id is:79
06-28 18:39:16.059  6553  6694 D UIAutomatorStub: URI: /jsonrpc/0, Method: POST, params, {NanoHttpd.QUERY_STRING=null}, files: {postData={"jsonrpc": "2.0", "id": "af8b15c2889705e3e046867e64ad8524", "method": "objInfo", "params": [{"mask": 2097152, "childOrSibling": [], "childOrSiblingSelector": [], "resourceId": "com.android.packageinstaller:id/permission_allow_button"}]}}
06-28 18:39:16.060  6553  6694 W QueryController: Could not detect idle state.
06-28 18:39:16.061  6553  6694 W AccessibilityInteractionClient: old interaction Id is: -1,current interaction Id is:80
06-28 18:39:16.064  6553  6694 W AccessibilityInteractionClient: old interaction Id is: -1,current interaction Id is:81
06-28 18:39:16.067  6553  6694 W QueryController: Could not detect idle state.
06-28 18:39:16.068  6553  6694 W AccessibilityInteractionClient: old interaction Id is: -1,current interaction Id is:82
06-28 18:39:16.070  6553  6694 W QueryController: Could not detect idle state.
06-28 18:39:16.071  6553  6694 W AccessibilityInteractionClient: old interaction Id is: -1,current interaction Id is:83
06-28 18:39:16.071  6553  6694 W QueryController: Could not detect idle state.
06-28 18:39:16.072  6553  6694 W AccessibilityInteractionClient: old interaction Id is: -1,current interaction Id is:84
06-28 18:39:16.072  6553  6694 W QueryController: Could not detect idle state.
06-28 18:39:16.072  6553  6694 W AccessibilityInteractionClient: old interaction Id is: -1,current interaction Id is:85
06-28 18:39:16.073  6553  6694 W QueryController: Could not detect idle state.
06-28 18:39:16.073  6553  6694 W AccessibilityInteractionClient: old interaction Id is: -1,current interaction Id is:86
06-28 18:39:16.073  6553  6694 W QueryController: Could not detect idle state.
06-28 18:39:16.074  6553  6694 W AccessibilityInteractionClient: old interaction Id is: -1,current interaction Id is:87
06-28 18:39:16.074  6553  6694 W QueryController: Could not detect idle state.
06-28 18:39:16.074  6553  6694 W AccessibilityInteractionClient: old interaction Id is: -1,current interaction Id is:88
06-28 18:39:16.075  6553  6694 W QueryController: Could not detect idle state.
06-28 18:39:16.075  6553  6694 W AccessibilityInteractionClient: old interaction Id is: -1,current interaction Id is:89
06-28 18:39:16.075  6553  6694 W QueryController: Could not detect idle state.
06-28 18:39:16.076  6553  6694 W AccessibilityInteractionClient: old interaction Id is: -1,current interaction Id is:90
06-28 18:39:16.076  6553  6694 W QueryController: Could not detect idle state.
06-28 18:39:16.076  6553  6694 W AccessibilityInteractionClient: old interaction Id is: -1,current interaction Id is:91
06-28 18:39:16.077  6553  6694 W QueryController: Could not detect idle state.
06-28 18:39:16.077  6553  6694 W AccessibilityInteractionClient: old interaction Id is: -1,current interaction Id is:92
06-28 18:39:16.077  6553  6694 W QueryController: Could not detect idle state.
06-28 18:39:16.078  6553  6694 W AccessibilityInteractionClient: old interaction Id is: -1,current interaction Id is:93
06-28 18:39:16.078  6553  6694 W QueryController: Could not detect idle state.
06-28 18:39:16.079  6553  6694 W AccessibilityInteractionClient: old interaction Id is: -1,current interaction Id is:94
06-28 18:39:16.079  6553  6694 W QueryController: Could not detect idle state.
06-28 18:39:16.079  6553  6694 W AccessibilityInteractionClient: old interaction Id is: -1,current interaction Id is:95
06-28 18:39:16.080  6553  6694 W QueryController: Could not detect idle state.
06-28 18:39:16.080  6553  6694 W AccessibilityInteractionClient: old interaction Id is: -1,current interaction Id is:96
06-28 18:39:16.083  2017 30995 W HSM_BG  : PushFileProvider:file does not exist which uri is content://com.huawei.systemmanager.push.provider/HwSystemManager/hsm_virus_pkgs.xml
06-28 18:39:16.083  6553  6694 W QueryController: Could not detect idle state.
06-28 18:39:16.083 31253  6746 E HSM_SEC_UI: VirusPkgParser:parse InputStream is null
06-28 18:39:16.083  6553  6694 W AccessibilityInteractionClient: old interaction Id is: -1,current interaction Id is:97
06-28 18:39:16.084  6553  6694 W QueryController: Could not detect idle state.
06-28 18:39:16.085  6553  6694 W AccessibilityInteractionClient: old interaction Id is: -1,current interaction Id is:98
06-28 18:39:16.097 31509 31509 D HwAppInnerBoostImpl: asyncReportData com.android.packageinstaller,2,1,3,0 interval=669
06-28 18:39:16.098   638  1895 E uniperf server: uniPerfEvent doParse failed, cmdId=4400
06-28 18:39:16.099   638  1895 D uniperf hal: do uniPerfEvent failed, cmdId=4400, ret=2
06-28 18:39:16.100  6553  6694 D UIAutomatorStub: URI: /jsonrpc/0, Method: POST, params, {NanoHttpd.QUERY_STRING=null}, files: {postData={"jsonrpc": "2.0", "id": "1002086bee27761626e3ea38317de279", "method": "click", "params": [798.5, 2087.0]}}
06-28 18:39:16.103  6553  6694 D InteractionController: clickNoSync (798, 2087)
06-28 18:39:16.147 31509 31509 I FLTAG_FM: loadFeature class:com.huawei.featurelayer.systemfeature.HwWidget.IHwSplineOverScrollerEx
06-28 18:39:16.147 31509 31509 I FLTAG_SFM: getRequireClassLoader() succ ! className: com.huawei.featurelayer.systemfeature.HwWidget.IHwSplineOverScrollerEx
06-28 18:39:16.147 31509 31509 D FeatureFactory: loadFeature() : com.huawei.featurelayer.systemfeature.HwWidget.IHwSplineOverScrollerEx
06-28 18:39:16.147 31509 31509 D FeatureFactory: loadFeature() new IHwSplineOverScrollerEx()
06-28 18:39:16.147 31509 31509 D HwSplineOverScrollerExImpl: initSplineOverScrollerImpl paras: android.widget.OverScroller$SplineOverScroller@5c2b6ff,com.android.packageinstaller.permission.ui.GrantPermissionsActivity@d7c285a
06-28 18:39:16.147 31509 31509 D HwSplineOverScrollerExImpl: initSplineOverScrollerImpl: mScrollerVelocity is 0, value is 0
06-28 18:39:16.147 31509 31509 I FLTAG_FM: loadFeature class:com.huawei.featurelayer.systemfeature.HwWidget.IHwSplineOverScrollerEx
06-28 18:39:16.147 31509 31509 I FLTAG_SFM: getRequireClassLoader() succ ! className: com.huawei.featurelayer.systemfeature.HwWidget.IHwSplineOverScrollerEx
06-28 18:39:16.147 31509 31509 D FeatureFactory: loadFeature() : com.huawei.featurelayer.systemfeature.HwWidget.IHwSplineOverScrollerEx
06-28 18:39:16.147 31509 31509 D FeatureFactory: loadFeature() new IHwSplineOverScrollerEx()
06-28 18:39:16.147 31509 31509 D HwSplineOverScrollerExImpl: initSplineOverScrollerImpl paras: android.widget.OverScroller$SplineOverScroller@e2c8b15,com.android.packageinstaller.permission.ui.GrantPermissionsActivity@d7c285a
06-28 18:39:16.147 31509 31509 D HwSplineOverScrollerExImpl: initSplineOverScrollerImpl: mScrollerVelocity is 0, value is 0
06-28 18:39:16.148 31509 31509 W RollbackRuleDetector: RollbackRuleDetector already stop
06-28 18:39:16.179   631  8524 E DE H =ACET: repeat:460: getACE() return 3
06-28 18:39:16.205 31509 31509 V AudioManager: playSoundEffect   effectType: 0
06-28 18:39:16.205 31509 31509 V AudioManager: querySoundEffectsEnabled...
06-28 18:39:16.211 31509 31509 D ZrHung.AppEyeUiProbe: stop checker.
06-28 18:39:16.212  1114  8995 W HwActivityManagerServiceEx: appSwitch from: com.android.packageinstaller to: com.mixgo.PropertySEO
06-28 18:39:16.212  1114  1219 W HwActivityManagerServiceEx: HwActivityNotifier end call android.app.IHwActivityNotifier$Stub$Proxy@b3922e9 for appSwitch under user 0 cost 0
06-28 18:39:16.212  1114  1219 W HwActivityManagerServiceEx: HwActivityNotifier end call android.app.IHwActivityNotifier$Stub$Proxy@92d0b6e for appSwitch under user 0 cost 0
06-28 18:39:16.212  1114  8995 V HwPhoneWindowManager: updateSystemUiColorLw window=Window{6c98590 u0 com.mixgo.PropertySEO/cn.jiguang.unity.push.UnityPluginActivity},EmuiStyle=0,StatusBarColor=0xff000000,NavigationBarColor=0xff000000, mLastIsEmuiLightStyle=-1, mForceNotchStatusBar=false
06-28 18:39:16.215  1724  1965 I CommandQueue: updateBarBgColor
06-28 18:39:16.215  1724  1965 D CommandQueue: CommandQueue, setBarBackgroundColor
06-28 18:39:16.215  1724  1724 D TintManager: statusBarIconTint=99ffffff,navigationBarIconTint=99ffffff
06-28 18:39:16.216  1952  2241 I chatty  : uid=1000(system) actions handler expire 12 lines
06-28 18:39:16.217  1114  8995 D HwPhoneWindowManager: sensorRotation = -1 lastRotation:0
06-28 18:39:16.217   776  2993 E Thermal-daemon: current_STD > IT_STD, result invalid. 
06-28 18:39:16.217   776  2993 E Thermal-daemon: device current too high (-53), during charging or current std is invalid. 
06-28 18:39:16.217   776  2993 E Thermal-daemon: latest temp -40000 at 2019/6/28, 10h:39m:16s.
06-28 18:39:16.217   776  2993 E Thermal-daemon: write_fd_value: /sys/class/hw_thermal/temp/ambient failed. count = -1, sizeof(data) = 4096 
06-28 18:39:16.217   776  2993 E Thermal-daemon: write amebient temp to node failed. 
06-28 18:39:16.217  1114  8995 V WindowManager: notifyAppResumed: wasStopped=false AppWindowToken{4af00e7 token=Token{4460ea6 ActivityRecord{583d001 u0 com.mixgo.PropertySEO/cn.jiguang.unity.push.UnityPluginActivity t223}}}
06-28 18:39:16.218  1114  9173 D HwLocationManagerService: on transact ADD_LOCATION_MODE  uid is 10404 , expectedmode is 3 , packagename is com.mixgo.PropertySEO
06-28 18:39:16.218  2461  2661 D BluetoothAdapter: isLeEnabled(): ON
06-28 18:39:16.218  1667  2401 W Bth-btfreeze: BluetoothFreeze:tag: 182  uid: 1000  pid: 2461
06-28 18:39:16.218  1114  9173 D HwLocationManagerService: uid is 10404 , isWifiConn is true , isMobileConn is false
06-28 18:39:16.219  1114  9173 I HwNetworkPolicy: onTransact, code = 203
06-28 18:39:16.219  1114  9173 I HwNetworkPolicyManager: getHwUidPolicy uid = 10404 policy = 0
06-28 18:39:16.219  1114  9173 D HwLocationManagerService: policy is 0 , wifiAccess is true, mobileAccess is true
06-28 18:39:16.219  1114  9173 D HwLocationManagerService: wifiAvaiable is true , mobileAvailable is false
06-28 18:39:16.219  1114  9173 D HwLocationManagerService: addSupervisoryControlProc, mExpectedMode is network,packagename=com.mixgo.PropertySEO, mSupervisoryPkgList is {com.mixgo.PropertySEO=network}
06-28 18:39:16.219  1114  9173 D HwLocationManagerService:  package has no request send yet
06-28 18:39:16.219  1952  2811 I chatty  : uid=1000(system) Binder:1952_5 expire 2 lines
06-28 18:39:16.219  1667  2401 W Bth-btfreeze: BluetoothFreeze:tag: 182  uid: 1000
06-28 18:39:16.220  1667  2401 W Bth-btfreeze: BluetoothFreeze:tag: 182  uid: 1000  pid: 2461
06-28 18:39:16.222  1114  8995 V WindowManager: Checking 1 opening apps (frozen=false timeout=false), Track: activitypause performsurface
06-28 18:39:16.222  1114  8995 V WindowManager: Check opening app=AppWindowToken{4af00e7 token=Token{4460ea6 ActivityRecord{583d001 u0 com.mixgo.PropertySEO/cn.jiguang.unity.push.UnityPluginActivity t223}}}: allDrawn=true startingDisplayed=false startingMoved=false isRelaunching()=false startingWindow=null
06-28 18:39:16.223  1114  8995 I WindowManager: closing apps count = 1
06-28 18:39:16.231  1724  1724 D StatusBarIconController: setIconVisibility icon is null or visibility not change visibility=true
06-28 18:39:16.247  1114  1219 W HwActivityManagerServiceEx: HwActivityNotifier end call android.app.IHwActivityNotifier$Stub$Proxy@88cf16b for activityLifeState under user 0 cost 0
06-28 18:39:16.250  1114  6779 D HwGameAssistantController: pid=6777, uid=10404, component=ComponentInfo{com.mixgo.PropertySEO/cn.jiguang.unity.push.UnityPluginActivity}
06-28 18:39:16.250  1114  1243 D HwGameAssistantController: UPDATE: mCurFgPkg=com.mixgo.PropertySEO, mCurFgPid=6777, mCurIsGame=false
06-28 18:39:16.250  1114  1219 W HwActivityManagerServiceEx: HwActivityNotifier end call android.app.IHwActivityNotifier$Stub$Proxy@88cf16b for activityLifeState under user 0 cost 0
06-28 18:39:16.253   646   646 D WifiHW  : chip is bcm bcm43xx
06-28 18:39:16.253   646   646 D         : Enter bcm_game_kog_adjust_speed: freq= 2437 mode= 6
06-28 18:39:16.253   646   646 D         : Enter wl_set_pmlock: pmlock= 0
06-28 18:39:16.254   646   646 D         : wl_set_pmlock: ret: 0
06-28 18:39:16.255   646   646 E WifiHAL : enter wifi_get_link_stats
06-28 18:39:16.256  6701  6759 I [HwRecSys]OdmfCollectScheduler: handleMessage msg: 6
06-28 18:39:16.256  6701  6759 E [HwRecSys]HwRecSysService: Rec sys service not started.
06-28 18:39:16.266  1114  1562 I chatty  : uid=1000(system) WifiStateMachin expire 19 lines
06-28 18:39:16.268  6777  6803 I chatty  : uid=10404(com.mixgo.PropertySEO) expire 38 lines
06-28 18:39:16.313  1114  1114 I WindowManager: notifyAccessibilityButtonVisibilityChanged visible:false
06-28 18:39:16.324  1993 26431 D HwRecentsTaskUtils: refreshToCache
06-28 18:39:16.324  1993 26431 D HwRecentsTaskUtils: searchFromDate
06-28 18:39:16.333  1993 26431 I RecentsTaskLoadPlan: to show tasks size is 7
06-28 18:39:16.341  6777  6860 I chatty  : uid=10404(com.mixgo.PropertySEO) expire 702 lines
06-28 18:39:16.355   780  9105 I Pged-IPgedBinderService: ****action is 2, pid num is 2***
06-28 18:39:16.355   780  9105 I Pged-Freezer: thawPids
06-28 18:39:16.377   753  1599 E DE N ABT: mergeProcessorOperating:1225: COMPONENT_RGBW already has data, can't add new data with mode(0x1000000), mode:0x16->0x1000016
06-28 18:39:16.377  1869 14011 I BoosterSwitchP: notifyUidState do nothing
06-28 18:39:16.377  1869 14011 I DeepNoDisturbP: notifyUidState
06-28 18:39:16.377  1869 14011 I HidataAppQoeP: notifyUidState
06-28 18:39:16.377  1869 14011 I BrowserChrP: notifyUidState
06-28 18:39:16.379 31509 31509 D ViewRootImpl[GrantPermissionsActivity]: surface should not be released
06-28 18:39:16.381   631  1072 I libRGBW37_ALGO: [RGBW_proc.575 ] [RGBW_MODE] input_mode:3,RGBW_output_mode:3
06-28 18:39:16.381 31509 31509 D ActivityThread: Remove activity client record, r= ActivityRecord{1c47026 token=android.os.BinderProxy@be42f7c {com.android.packageinstaller/com.android.packageinstaller.permission.ui.GrantPermissionsActivity}} token= android.os.BinderProxy@be42f7c
06-28 18:39:16.381 31509 31509 W RollbackRuleDetector: RollbackRuleDetector already stop
06-28 18:39:16.383 31509 31533 W libEGL  : EGLNativeWindowType 0x7262f1c010 disconnect failed
06-28 18:39:16.384  1114  1817 V WindowManager: removeIfPossible: Window{f436ca7 u0 com.android.packageinstaller/com.android.packageinstaller.permission.ui.GrantPermissionsActivity}
06-28 18:39:16.390  6777  6893 I chatty  : uid=10404(com.mixgo.PropertySEO) expire 8 lines
06-28 18:39:16.390   648   997 I chatty  : uid=1041(audioserver) ApmAudio expire 15 lines
06-28 18:39:16.391  1114  1114 D MediaRouterService: onAudioPlayerActiveStateChanged: uid=10404, active=true, restoreUid=10404
06-28 18:39:16.391  1667  2401 V AudioManager: mPlaybackCallbackList.size:1
06-28 18:39:16.391  1667  2475 D AudioManager: dispatching onPlaybackConfigChanged()
06-28 18:39:16.394   648  1284 I chatty  : uid=1041(audioserver) AudioOut_D expire 956 lines
06-28 18:39:16.395   626  1520 I chatty  : uid=1041(audioserver) writer expire 38 lines
06-28 18:39:16.396  1114  1817 V WindowManager: Not removing Window{f436ca7 u0 com.android.packageinstaller/com.android.packageinstaller.permission.ui.GrantPermissionsActivity EXITING} due to exit animation 
06-28 18:39:16.400  1114  1817 V WindowManager: removeAppToken: AppWindowToken{a57db24 token=Token{c4f27b7 ActivityRecord{6664eb6 u0 com.android.packageinstaller/.permission.ui.GrantPermissionsActivity t223}}} delayed=true Callers=com.android.server.wm.DisplayContent.removeAppToken:1059 com.android.server.wm.AppWindowContainerController.removeContainer:301 com.android.server.am.ActivityRecord.removeWindowContainer:1152 com.android.server.am.ActivityStack.removeActivityFromHistoryLocked:4507 
06-28 18:39:16.400  1114  1817 V WindowManager: removeAppToken make exiting: AppWindowToken{a57db24 token=Token{c4f27b7 ActivityRecord{6664eb6 u0 com.android.packageinstaller/.permission.ui.GrantPermissionsActivity t223}}}
06-28 18:39:16.450  1114  1217 I PackageManager: writePermissionsSync -> user:0, put true:, Build.FINGERPRINT:HUAWEI/EML-AL00/HWEML:9/HUAWEIEML-AL00/187C00R1:user/release-keys, fingerprint:HUAWEI/EML-AL00/HWEML:9/HUAWEIEML-AL00/187C00R1:user/release-keys
06-28 18:39:16.491   626  1582 I chatty  : uid=1041(audioserver) effect expire 10 lines
06-28 18:39:16.577  1114  1456 V WindowManager: Exit animation finished in Window{f436ca7 u0 com.android.packageinstaller/com.android.packageinstaller.permission.ui.GrantPermissionsActivity EXITING}: remove=true
06-28 18:39:16.577  1114  1456 E WindowManager: win=Window{f436ca7 u0 com.android.packageinstaller/com.android.packageinstaller.permission.ui.GrantPermissionsActivity EXITING} destroySurfaces: appStopped=false win.mWindowRemovalAllowed=true win.mRemoveOnExit=true
06-28 18:39:16.578  1114  1456 V WindowManager: postWindowRemoveCleanupLocked: Window{f436ca7 u0 com.android.packageinstaller/com.android.packageinstaller.permission.ui.GrantPermissionsActivity}
06-28 18:39:16.578  1114  1456 V WindowManager: Removing Window{f436ca7 u0 com.android.packageinstaller/com.android.packageinstaller.permission.ui.GrantPermissionsActivity} from AppWindowToken{a57db24 token=Token{c4f27b7 ActivityRecord{6664eb6 u0 com.android.packageinstaller/.permission.ui.GrantPermissionsActivity t223}}} mIsExiting=
06-28 18:39:16.581  1114  1456 V WindowManager: removeAppToken: AppWindowToken{a57db24 token=Token{c4f27b7 ActivityRecord{6664eb6 u0 com.android.packageinstaller/.permission.ui.GrantPermissionsActivity t223}}} delayed=false Callers=com.android.server.wm.AppWindowToken.removeImmediately:656 com.android.server.wm.AppWindowToken.removeIfPossible:664 com.android.server.wm.AppWindowToken.checkCompleteDeferredRemoval:670 com.android.server.wm.WindowContainer.checkCompleteDeferredRemoval:666 
06-28 18:39:16.619   642   703 W PF_SYS_WRAPPER: [sysOpenAndWriteStr:83] [GPU] write to /sys/class/devfreq/gpufreq/max_freq failed, errno=22 (Invalid argument) 
06-28 18:39:16.620   642   702 W PF_SYS_WRAPPER: [sysOpenAndWriteStr:83] [CPU_B] write to /sys/devices/system/cpu/cpu4/cpufreq/scaling_max_freq failed, errno=22 (Invalid argument) 
06-28 18:39:16.719  1724  1724 I PhoneStatusBarView: mDelayedGetViewPositionOnScreen getLocationInWindow 0 0
06-28 18:39:16.719  1724  1724 I PhoneStatusBarView: mDelayedGetViewPositionOnScreen getLocationOnScreen 0 0
06-28 18:39:16.720  1114  1114 I HwNormalizedSpline: mOminLevelMode:Day getBrightnessLevel lux =458.0,mDefaultBrightness=44.335182,mOCount=11
06-28 18:39:16.731   574   598 D         : Received kernel message payload: chr_event 9
06-28 18:39:16.731   574   598 I         : netd received web stat infomation,trigger chr report!
06-28 18:39:16.731   574   598 I         : netd received web stat infomation,trigger chr report!
06-28 18:39:16.732   574   598 I         : ReportType 0 0 0 0 0 0 0 0 0 0 0 0 0 0 0 0 0 0 0 0 0 0 0 0 0 0 0 0 0 0 0 0 0 0 0 0 0 0 0 0 0 0 0 0 0 0 0 0 0 0 0 0 0 0 0 0 0 0 0 0 0 0 0 0 0 0 0 0 0 0 0 0 0 0 0 0 0 0 0 0 0 0 0 0 0 0 0 0 0 0 0 0 0 0 0 0 0 0 0 0 0 0 0 0 0 0 0 0 0 0 0 0 0 0 0 0 0 0 0 0 0 0 0 0 0 0 0 0 0 0 0 0 0 0 0 0 0 0 0 0 0 0 0 0 0 0 0 0 0 0 0 0 0 0 0 0 0 0 0 0 0 0 0 0 0 0 0 0 0 0 0 0 0 0 0 0 0 0 0 0 0 0 0 0 0 0 0 0 0 0 0 0 0 0 0 0 0 0 0 0 0 0 0 0 0 0 0 0 0 0 0 0 0 0 0 0 0 0 0 0 0 0 0 0 0 0 0 0 0 ReportType 0 187 72 1 0 0 1 11 1 0 0 0 0 0 5 0 0 0 0 1 0 0 0 0 0 0 0 0 0 0 0 0 0 0 0 0 0 0 0 0 0 0 0 0 0 0 0 0 0 0 0 0 0 0 0 0 0 0 0 0 0 0 0 0 0 0 0 0 0 0 0 0 0 0 0 0 0 0 0 0 0 0 0 0 0 0 0 0 0 0 0 0 0 0 0 0 0 0 0 0 0 0 0 0 0 0 0 0 0 0 0 0 0 0 0 0 0 0 0 0 0 0 0 0 0 0 0 0 0 0 0 0 0 0 0 0 0 0 0 0 0 0 0 0 0 0 0 0 0 0 0 0 0 0 0 0 0 0 0 0 0 0 0 0 0 0 0 0 0 0 0 0 0 0 0 0 0 0 0 0 0 0 0 0 0 0 0 0 0 0 0 0 0 0 0 0 0 0 0 0 0 0 0 0 0 0 0 0 0 0 0 0 41 0 33 72 72 72 0 0 0 0 0 0 0 0 32 4 1
06-28 18:39:16.732   574   598 W SocketListener: sending broadcast to Pid = 1114, Uid = 1000 
06-28 18:39:16.733  1114  1555 D NetdConnector: RCV <- {661 ReportType 0 0 0 0 0 0 0 0 0 0 0 0 0 0 0 0 0 0 0 0 0 0 0 0 0 0 0 0 0 0 0 0 0 0 0 0 0 0 0 0 0 0 0 0 0 0 0 0 0 0 0 0 0 0 0 0 0 0 0 0 0 0 0 0 0 0 0 0 0 0 0 0 0 0 0 0 0 0 0 0 0 0 0 0 0 0 0 0 0 0 0 0 0 0 0 0 0 0 0 0 0 0 0 0 0 0 0 0 0 0 0 0 0 0 0 0 0 0 0 0 0 0 0 0 0 0 0 0 0 0 0 0 0 0 0 0 0 0 0 0 0 0 0 0 0 0 0 0 0 0 0 0 0 0 0 0 0 0 0 0 0 0 0 0 0 0 0 0 0 0 0 0 0 0 0 0 0 0 0 0 0 0 0 0 0 0 0 0 0 0 0 0 0 0 0 0 0 0 0 0 0 0 0 0 0 0 0 0 0 0 0 0 0 0 0 0 0 0 0 0 0 0 0 0 0 0 0 0 0 ReportType 0 187 72 1 0 0 1 11 1 0 0 0 0 0 5 0 0 0 0 1 0 0 0 0 0 0 0 0 0 0 0 0 0 0 0 0 0 0 0 0 0 0 0 0 0 0 0 0 0 0 0 0 0 0 0 0 0 0 0 0 0 0 0 0 0 0 0 0 0 0 0 0 0 0 0 0 0 0 0 0 0 0 0 0 0 0 0 0 0 0 0 0 0 0 0 0 0 0 0 0 0 0 0 0 0 0 0 0 0 0 0 0 0 0 0 0 0 0 0 0 0 0 0 0 0 0 0 0 0 0 0 0 0 0 0 0 0 0 0 0 0 0 0 0 0 0 0 0 0 0 0 0 0 0 0 0 0 0 0 0 0 0 0 0 0 0 0 0 0 0 0 0 0 0 0 0 0 0 0 0 0 0 0 0 0 0 0 0 0 0 0 0 0 0 0 0 0 0 0 0 0 0 0 0 0 0 0 0 0 0 0 0 41 0 33 72 72 72 0 0 0 0 0 0 0 0 32 4 1}
06-28 18:39:16.735  1114  1555 D NetdConnector: RCV <- {661 ReportType 0 0 0 0 0 0 0 0 0 0 0 0 0 0 0 0 0 0 0 0 0 0 0 0 0 0 0 0 0 0 0 0 0 0 0 0 0 0 0 0 0 0 0 0 0 0 0 0 0 0 0 0 0 0 0 0 0 0 0 0 0 0 0 0 0 0 0 0 0 0 0 0 0 0 0 0 0 0 0 0 0 0 0 0 0 0 0 0 0 0 0 0 0 0 0 0 0 0 0 0 0 0 0 0 0 0 0 0 0 0 0 0 0 0 0 0 0 0 0 0 0 0 0 0 0 0 0 0 0 0 0 0 0 0 0 0 0 0 0 0 0 0 0 0 0 0 0 0 0 0 0 0 0 0 0 0 0 0 0 0 0 0 0 0 0 0 0 0 0 0 0 0 0 0 0 0 0 0 0 0 0 0 0 0 0 0 0 0 0 0 0 0 0 0 0 0 0 0 0 0 0 0 0 0 0 0 0 0 0 0 0 0 0 0 0 0 0 0 0 0 0 0 0 0 0 0 0 0 0 ReportType 0 187 72 1 0 0 1 11 1 0 0 0 0 0 5 0 0 0 0 1 0 0 0 0 0 0 0 0 0 0 0 0 0 0 0 0 0 0 0 0 0 0 0 0 0 0 0 0 0 0 0 0 0 0 0 0 0 0 0 0 0 0 0 0 0 0 0 0 0 0 0 0 0 0 0 0 0 0 0 0 0 0 0 0 0 0 0 0 0 0 0 0 0 0 0 0 0 0 0 0 0 0 0 0 0 0 0 0 0 0 0 0 0 0 0 0 0 0 0 0 0 0 0 0 0 0 0 0 0 0 0 0 0 0 0 0 0 0 0 0 0 0 0 0 0 0 0 0 0 0 0 0 0 0 0 0 0 0 0 0 0 0 0 0 0 0 0 0 0 0 0 0 0 0 0 0 0 0 0 0 0 0 0 0 0 0 0 0 0 0 0 0 0 0 0 0 0 0 0 0 0 0 0 0 0 0 0 0 0 0 0 0 41 0 33 72 72 72 0 0 0 0 0 0 0 0 32 4 1}
06-28 18:39:16.736  1114  1240 D NetdConnector: RCV unsolicited event from native daemon, event = 661
