06-28 18:42:42.539  1114  1114 V AlarmManager: UninstallReceiver onReceive action:android.intent.action.PACKAGE_RESTARTED
06-28 18:42:42.540  1114  1114 I AlarmManager: remove com.android.server.-$$Lambda$AlarmManagerService$qehVSjTLWvtJYPGgKh2mkJ6ePnk@b45b4fa according to uid:10405
06-28 18:42:42.541  1869  1869 I HwCoreAppHelperService: LocalReceiver receives:android.intent.action.PACKAGE_RESTARTED,pkg:com.mixgo.PropertySEO,uid:10405
06-28 18:42:42.542  1969  1969 D CarrierSvcBindHelper: No carrier app for: 0
06-28 18:42:42.542  3045  3045 E NfcNci  : NfcUtils error: APP do not have nfc permission
06-28 18:42:42.542  1114  1114 V NotificationListeners: enabling notification listener for 0: ComponentInfo{com.baidu.searchbox/com.baidu.searchbox.lockscreen.notification.NotificationMonitorService}
06-28 18:42:42.542  3045  3045 E NfcNci  : NfcUtils error: APP do not have nfc permission
06-28 18:42:42.543  1969  1969 D CarrierSvcBindHelper: No carrier app for: 1
06-28 18:42:42.543  1114  1114 V NotificationListeners: binding: Intent { act=android.service.notification.NotificationListenerService cmp=com.baidu.searchbox/.lockscreen.notification.NotificationMonitorService (has extras) }
06-28 18:42:42.544  1114  1114 W NotificationListeners: Unable to bind notification listener service: Intent { act=android.service.notification.NotificationListenerService cmp=com.baidu.searchbox/.lockscreen.notification.NotificationMonitorService (has extras) }
06-28 18:42:42.544  1114  1114 W NotificationListeners: Not binding notification listener service ComponentInfo{android/com.android.server.emcom.grabservice.NotificationListener}: service not found
06-28 18:42:42.544  1114  1114 W NotificationAssistants: rebindServices() ignore for NotificationAssistantService
06-28 18:42:42.587  1114  1125 I chatty  : uid=1000(system) HeapTaskDaemon expire 1 line
06-28 18:42:42.597  1114  1123 I chatty  : uid=1000(system) FinalizerDaemon expire 2 lines
06-28 18:42:42.656  1114  1456 V WindowManager: Exit animation finished in Window{8f828a7 u0 Toast EXITING}: remove=true
06-28 18:42:42.660  1114  1456 V WindowManager: postWindowRemoveCleanupLocked: Window{8f828a7 u0 Toast}
06-28 18:42:42.660  1114  1456 V WindowManager: Removing Window{8f828a7 u0 Toast} from WindowToken{65ffd66 android.os.BinderProxy@a941c1}
06-28 18:42:42.725  1114  1530 I chatty  : uid=1000(system) AlarmManager expire 2 lines
06-28 18:42:42.728  1114 12415 V BroadcastQueue: Finished with ordered broadcast BroadcastRecord{b91e952 u0 com.google.android.gms.gcm.ACTION_CHECK_QUEUE}
06-28 18:42:42.729  1114  2564 I chatty  : uid=1000(system) Binder:1114_D expire 8 lines
06-28 18:42:42.736  3093  4349 D WorkSource: Insert in WorkSource{} @ 0 uid 10021 name com.google.android.gms
06-28 18:42:42.736  3093  4349 D WorkSource: Insert in WorkSource{} @ 0 uid 10021 name com.google.android.gms
06-28 18:42:42.741  3093  4349 D WorkSource: Insert in WorkSource{} @ 0 uid 10021 name com.google.android.gms
06-28 18:42:42.741  1114  2564 W HwAlarmManagerService: isContainsAppUidInWorksource-->happend NameNotFoundException
06-28 18:42:42.741  1114  2564 W HwAlarmManagerService: isContainsAppUidInWorksource-->happend NameNotFoundException
06-28 18:42:42.750   626  1275 D asd_primary_out: L[0],R[0], continus 20 times!
06-28 18:42:42.760  3093  7828 I NetRec  : [5733] ahtr.a: Refreshing scores for 52 networks.
06-28 18:42:42.761   642   703 W PF_SYS_WRAPPER: [sysOpenAndWriteStr:83] [GPU] write to /sys/class/devfreq/gpufreq/max_freq failed, errno=22 (Invalid argument) 
06-28 18:42:42.762   642   702 W PF_SYS_WRAPPER: [sysOpenAndWriteStr:83] [CPU_B] write to /sys/devices/system/cpu/cpu4/cpufreq/scaling_max_freq failed, errno=22 (Invalid argument) 
06-28 18:42:42.765   626  6841 I audio_hw_primary: usb_ext_get_parameters: check show hires (false)
06-28 18:42:42.765   648  5716 I hash_map_utils: key: 'typec_need_show_hires' value: ''
06-28 18:42:42.767  1114  1581 I HwAudioServiceEx: check HiRes Icon false
06-28 18:42:42.768  1114  1581 I chatty  : uid=1000(system) Thread-17 expire 2 lines
06-28 18:42:42.771  1724  1724 D StatusBarIconController: setIconVisibility icon is null or visibility not change visibility=false
06-28 18:42:42.796  1114  1471 I chatty  : uid=1000(system) Binder:1114_3 expire 32 lines
06-28 18:42:42.796  1114  1471 I ActivityManager: START u0 {flg=0x10000000 cmp=com.mixgo.PropertySEO/cn.jiguang.unity.push.UnityPluginActivity} from uid 2000
06-28 18:42:42.798  1114  1471 I ActivityManager: ActivityRecord info: ActivityInfo{4b50811 cn.jiguang.unity.push.UnityPluginActivity}
06-28 18:42:42.803   780   805 D AwareLog: iawared: workingset_process_command subCmd = 354, uid=10405, pid=0, com.mixgo.PropertySEO
06-28 18:42:42.805   780   805 D AwareLog: iawared: workingset_send_preread_msg com.mixgo.PropertySEO
06-28 18:42:42.805   780   805 D AwareLog: iawared: workingsetStart com.mixgo.PropertySEO in monitor0
06-28 18:42:42.810   780  9105 I Pged-IPgedBinderService: ****action is 1, pid num is 2***
06-28 18:42:42.810   780  9105 I Pged-Freezer: freezePids
06-28 18:42:42.810   780  9105 I Pged-Freezer: Freeze process: 30304
06-28 18:42:42.811  1952  2239 I chatty  : uid=1000(system) fast_hibernatio expire 1 line
06-28 18:42:42.816  1114  1471 V WindowManager: addAppToken: AppWindowToken{3d1144d token=Token{d3c57e4 ActivityRecord{5b89f77 u0 com.mixgo.PropertySEO/cn.jiguang.unity.push.UnityPluginActivity t226}}} controller={TaskWindowContainerController taskId=226} at 2147483647
06-28 18:42:42.818  1114  1219 W HwActivityManagerServiceEx: HwActivityNotifier end call android.app.IHwActivityNotifier$Stub$Proxy@88cf16b for activityLifeState under user 0 cost 0
06-28 18:42:42.820  1114  1456 I chatty  : uid=1000(system) android.anim expire 15 lines
06-28 18:42:42.822 25009 25022 I HiSearch9.0.2.303: [LauncherOverlayService]: LAUNCHER_INTERACTION from launcher and invoke id = -222
06-28 18:42:42.823 25009 25022 I HiSearch9.0.2.303: [LauncherOverlayService]: isOverlayClosed = true
06-28 18:42:42.823 25009 25022 I HiSearch9.0.2.303: [LauncherOverlayService]: LAUNCHER_INTERACTION from launcher and invoke, overlay closed, return. 
06-28 18:42:42.823  1993  1993 D ZrHung.AppEyeUiProbe: stop checker.
06-28 18:42:42.824  1993  7831 D MotionDetectionManager: stopMotionAppsReco motionApps: 403
06-28 18:42:42.824  1993  7831 D MotionDetectionManager: stopMotionAppsReco not recognition motionApps 403
06-28 18:42:42.824  1993  7831 W HwLauncher: Launcher.MotionManager stopMotionAppsReco service flg 403 is unavailable
06-28 18:42:42.824  1114  2564 V ActivityManager: startProcess: name=com.mixgo.PropertySEO app=null knownToBeDead=true thread=null pid=-1
06-28 18:42:42.824  1993  7829 W HwLauncher: getDownloadInfo return null!
06-28 18:42:42.825  1114  2564 V ActivityManager: startProcess: name=com.mixgo.PropertySEO app=ProcessRecord{1a878b2 0:com.mixgo.PropertySEO/u0a405} knownToBeDead=true thread=null pid=0
06-28 18:42:42.826   780   805 D AwareLog: iawared: workingset_process_command subCmd = 354, uid=10405, pid=0, com.mixgo.PropertySEO
06-28 18:42:42.827   780   805 D AwareLog: iawared: workingsetStart com.mixgo.PropertySEO in monitor0
06-28 18:42:42.828  1114  1219 W HwActivityManagerServiceEx: HwActivityNotifier end call android.app.IHwActivityNotifier$Stub$Proxy@88cf16b for activityLifeState under user 0 cost 0
06-28 18:42:42.829  1114  1456 V WindowManager: addWindow: Window{4a26c0a u0 Splash Screen com.mixgo.PropertySEO}
06-28 18:42:42.839  1114  7832 D PackageManager: resolve intent for uid:1000, matchs:3, res:ResolveInfo{613e2f1 com.huawei.android.launcher/.unihome.UniHomeLauncher m=0x108000}
06-28 18:42:42.839  1114  7832 I chatty  : uid=1000 system_server expire 1 line
06-28 18:42:42.840   780   780 W iaware  : type=1400 audit(0.0:37128): avc: denied { dac_override } for capability=1 scontext=u:r:hwpged:s0 tcontext=u:r:hwpged:s0 tclass=capability permissive=0
06-28 18:42:42.840   780   780 W iaware  : type=1400 audit(0.0:37129): avc: denied { dac_read_search } for capability=2 scontext=u:r:hwpged:s0 tcontext=u:r:hwpged:s0 tclass=capability permissive=0
06-28 18:42:42.844  1114  1225 I ActivityManager: Start proc 7833:com.mixgo.PropertySEO/u0a405 for activity com.mixgo.PropertySEO/cn.jiguang.unity.push.UnityPluginActivity
06-28 18:42:42.844  1114  1837 E ProcessInfoCollector: getProcessInfo: failed to find this proc 
06-28 18:42:42.844  7833  7833 I         : power log dlsym ok
06-28 18:42:42.845   780   805 D AwareLog: iawared: workingset_process_command subCmd = 350, uid=10405, pid=7833, com.mixgo.PropertySEO
06-28 18:42:42.845   780   805 E AwareLog: iawared: workingset_path_check Failed to lstat(/data/system/iaware/workingset/): Permission denied
06-28 18:42:42.845   780   805 E AwareLog: iawared: workingset_path_check Failed to create directory(/data/system/iaware/workingset/): Permission denied
06-28 18:42:42.845   780   805 D AwareLog: iawared: workingsetStart com.mixgo.PropertySEO in monitor0
06-28 18:42:42.849  7833  7833 I xgo.PropertySE: Reinit property: dalvik.vm.checkjni= false
06-28 18:42:42.851  7833  7833 E xgo.PropertySE: Not starting debugger since process cannot load the jdwp agent.
06-28 18:42:42.856  7833  7833 D ZrHung.AppEyeUiProbe: AppEyeUIP created.
06-28 18:42:42.858  7833  7833 D ActivityThread: Attach thread to application
06-28 18:42:42.862  1114  2564 D HwPhoneWindowManager: sensorRotation = -1 lastRotation:0
06-28 18:42:42.866  1114  1114 I HwNormalizedSpline: mOminLevelMode:Day getBrightnessLevel lux =457.0,mDefaultBrightness=44.302532,mOCount=11
06-28 18:42:42.867  1114  2564 W HwActivityManagerServiceEx: appSwitch from: com.huawei.android.launcher to: com.mixgo.PropertySEO
06-28 18:42:42.867   648  5716 I AudioFlinger: setParameters(): io 0, keyvalue updateAppSilentUid=10405, calling pid 1952 calling uid 1000
06-28 18:42:42.867  1114  1219 W HwActivityManagerServiceEx: HwActivityNotifier end call android.app.IHwActivityNotifier$Stub$Proxy@b3922e9 for appSwitch under user 0 cost 0
06-28 18:42:42.867  1114  1219 W HwActivityManagerServiceEx: HwActivityNotifier end call android.app.IHwActivityNotifier$Stub$Proxy@92d0b6e for appSwitch under user 0 cost 0
06-28 18:42:42.868  1114  3628 D HwLocationManagerService: on transact ADD_LOCATION_MODE  uid is 10405 , expectedmode is 3 , packagename is com.mixgo.PropertySEO
06-28 18:42:42.868  1114  3628 D HwLocationManagerService: uid is 10405 , isWifiConn is true , isMobileConn is false
06-28 18:42:42.868  1114  3628 I HwNetworkPolicy: onTransact, code = 203
06-28 18:42:42.868  1114  3628 I HwNetworkPolicyManager: getHwUidPolicy uid = 10405 policy = 0
06-28 18:42:42.868  1114  3628 D HwLocationManagerService: policy is 0 , wifiAccess is true, mobileAccess is true
06-28 18:42:42.868  1114  3628 D HwLocationManagerService: wifiAvaiable is true , mobileAvailable is false
06-28 18:42:42.868  1114  3628 D HwLocationManagerService: addSupervisoryControlProc, mExpectedMode is network,packagename=com.mixgo.PropertySEO, mSupervisoryPkgList is {com.mixgo.PropertySEO=network}
06-28 18:42:42.868  1114  3628 D HwLocationManagerService:  package has no request send yet
06-28 18:42:42.871  2461  2661 D BluetoothAdapter: isLeEnabled(): ON
06-28 18:42:42.871  1869  2315 I BoosterSwitchP: notifyUidState do nothing
06-28 18:42:42.871  1869  2315 I DeepNoDisturbP: notifyUidState
06-28 18:42:42.871  1869  2315 I HidataAppQoeP: notifyUidState
06-28 18:42:42.871  1869  2315 I BrowserChrP: notifyUidState
06-28 18:42:42.871  1667  2400 W Bth-btfreeze: BluetoothFreeze:tag: 182  uid: 1000  pid: 2461
06-28 18:42:42.872  1667  2400 W Bth-btfreeze: BluetoothFreeze:tag: 182  uid: 1000
06-28 18:42:42.872  1667  2400 W Bth-btfreeze: BluetoothFreeze:tag: 182  uid: 1000  pid: 2461
06-28 18:42:42.877  1114  1456 V WindowManager: Checking 1 opening apps (frozen=false timeout=false), Track: updateconfig performsurface
06-28 18:42:42.877  1114  1456 V WindowManager: Check opening app=AppWindowToken{3d1144d token=Token{d3c57e4 ActivityRecord{5b89f77 u0 com.mixgo.PropertySEO/cn.jiguang.unity.push.UnityPluginActivity t226}}}: allDrawn=false startingDisplayed=true startingMoved=false isRelaunching()=false startingWindow=Window{4a26c0a u0 Splash Screen com.mixgo.PropertySEO}
06-28 18:42:42.877  1114  1456 I WindowManager: closing apps count = 1
06-28 18:42:42.877  1114  3628 I HwNetworkPolicy: onTransact, code = 203
06-28 18:42:42.877  2017  2506 I HwNetworkPolicyManager: getHwUidPolicy uid = 10405 policy = 0
06-28 18:42:42.879  1114 12415 I chatty  : uid=1000(system) Binder:1114_1E expire 3 lines
06-28 18:42:42.882  1114 12415 I HwAudioService: now type = 255,reportForegroundAppType = 9,pkg = null,systemload = 255mVoipOptimizeInGameModetrue
06-28 18:42:42.883  1114 12415 D HwAudioService: support voip optinization during game mode.
06-28 18:42:42.885   648  5716 I AudioFlinger: setParameters(): io 0, keyvalue game_mode=on, calling pid 1114 calling uid 1000
06-28 18:42:42.885   626  6841 I audio_hw_primary: soundtrigger_set_enforce voice_wake value 
06-28 18:42:42.885   626  6841 I spk_dev_interface: spk_set_parameters: use new smartpakit version
06-28 18:42:42.885   626  6841 I audio_hw_primary: update stream types 0
06-28 18:42:42.885   626  6841 I audio_custom: game mode enter.
06-28 18:42:42.885   626  6841 I dsp_soc : set primary algo bypass 1 succ
06-28 18:42:42.886  1114  3628 I HwApsManagerConfig: APSLog -> getFps:[from:unkown source,pkgName:com.mixgo.PropertySEO,fps:-1]
06-28 18:42:42.890   750 29088 D iTouchService: itouch currentPackageName=com.mixgo.PropertySEO
06-28 18:42:42.890   750 29088 D iTouchService: itouch appType=-5 appState=1 gameMode=2
06-28 18:42:42.890   750 29088 D iTouchService: itouch getCurrentParmID tempPkg=com.mixgo.xxx
06-28 18:42:42.890   750 29088 D iTouchService: itouch:game_switch is disable
06-28 18:42:42.890   750 29088 D iTouchService: itouch:styluspen_switch is disable
06-28 18:42:42.890   750 29088 D iTouchService: itouch:currentAppTypeName =|ITOUCHGAME|
06-28 18:42:42.891  1724  1724 D BarTransitions.HwPhoneStatusBarView: MODE_TRANSLUCENT -> MODE_TRANSPARENT animate=false
06-28 18:42:42.891  1724  1724 D BarTransitions.HwPhoneStatusBarView: applyModeBackground oldMode=MODE_TRANSLUCENT newMode=MODE_TRANSPARENT animate=false
06-28 18:42:42.891  1724  1724 D BarTransitions.HwNavigationBarView: MODE_TRANSLUCENT -> MODE_TRANSPARENT animate=false
06-28 18:42:42.891  1724  1724 D BarTransitions.HwNavigationBarView: applyModeBackground oldMode=MODE_TRANSLUCENT newMode=MODE_TRANSPARENT animate=false
06-28 18:42:42.891   635  7850 I chatty  : uid=1000(system) hwsched@1.0-ser expire 1 line
06-28 18:42:42.892  7833  7847 I HwApiCacheMangerEx: apicache path=/storage/emulated/0 state=mounted key=com.mixgo.PropertySEO#10405#256
06-28 18:42:42.892  7833  7847 I HwApiCacheMangerEx: apicache path=/storage/emulated/0 state=mounted key=com.mixgo.PropertySEO#10405#0
06-28 18:42:42.896  7833  7833 I AwareBitmapCacher: init processName:com.mixgo.PropertySEO pid=7833 uid=10405
06-28 18:42:42.899  7833  7851 E AwareLog: AtomicFileUtils: readFileLines file not exist: android.util.AtomicFile@aa6ddcd
06-28 18:42:42.900  7833  7847 E MemoryLeakMonitorManager: MemoryLeakMonitor.jar is not exist!
06-28 18:42:42.901  7833  7833 D ZrHung.AppEyeUiProbe: notify runnable to start.
06-28 18:42:42.902  7833  7854 D ZrHung.AppEyeUiProbe: Runnable thread started.
06-28 18:42:42.902  7833  7854 D IMonitor: Load library imonitor_jni
06-28 18:42:42.906  7833  7833 V ActivityThread: Skipping new config:{1.0 ?mcc?mnc [zh_CN_#Hans,en_US] ldltr sw360dp w360dp h719dp 480dpi nrml long hdr port finger -keyb/v/h -nav/h winConfig={ mBounds=Rect(0, 0 - 0, 0) mAppBounds=Rect(0, 85 - 1080, 2244) mWindowingMode=fullscreen mActivityType=undefined} nonFullScreen=0 suim:1 s.9}, config:{1.0 ?mcc?mnc [zh_CN_#Hans,en_US] ldltr sw360dp w360dp h719dp 480dpi nrml long hdr port finger -keyb/v/h -nav/h winConfig={ mBounds=Rect(0, 0 - 0, 0) mAppBounds=Rect(0, 85 - 1080, 2244) mWindowingMode=fullscreen mActivityType=undefined} nonFullScreen=0 suim:1 s.9} for app:com.mixgo.PropertySEO
06-28 18:42:42.911  7833  7833 V HwPolicyFactory: : success to get AllImpl object and return....
06-28 18:42:42.913  7833  7833 V ActivityThread: callActivityOnCreate
06-28 18:42:42.916  7833  7833 I HwApsImpl: APS: new HwApsImpl created
06-28 18:42:42.917  7833  7833 I hwaps   : HwAps: JNI_OnLoad
06-28 18:42:42.919  7833  7833 W Unity   : Failed to get permission info for android.permission.RECEIVE_USER_PRESENT, manifest likely missing custom permission declaration
06-28 18:42:42.919  7833  7833 W Unity   : Permission android.permission.RECEIVE_USER_PRESENT ignored
06-28 18:42:42.927  7833  7833 D OpenGLRenderer: Skia GL Pipeline
06-28 18:42:42.928  1993 26431 D HwRecentsTaskUtils: refreshToCache
06-28 18:42:42.928  1993 26431 D HwRecentsTaskUtils: searchFromDate
06-28 18:42:42.929  7833  7833 D HiTouch_PressGestureDetector: HiTouch on notch display, height corret:85
06-28 18:42:42.929  7833  7833 V HwWidgetFactory: : successes to get AllImpl object and return....
06-28 18:42:42.932  7833  7833 D ActivityThread: add activity client record, r= ActivityRecord{cce73a6 token=android.os.BinderProxy@9746193 {com.mixgo.PropertySEO/cn.jiguang.unity.push.UnityPluginActivity}} token= android.os.BinderProxy@9746193
06-28 18:42:42.932  7833  7833 D ZrHung.AppEyeUiProbe: notify runnable to start.
06-28 18:42:42.935  1993 26431 I RecentsTaskLoadPlan: to show tasks size is 7
06-28 18:42:42.938  7833  7833 D HwAppInnerBoostImpl: set config for com.mixgo.PropertySEO BOOST_FLAG=true REPORT_DURATION_CLICK=1000 REPORT_TIMES_CLICK=3 REPORT_DURATION_SLIDE=5000 REPORT_TIMES_SLIDE=16
06-28 18:42:42.942  1114  5851 V WindowManager: addWindow: Window{bc70986 u0 com.mixgo.PropertySEO/cn.jiguang.unity.push.UnityPluginActivity}
06-28 18:42:42.943  1114  3628 D HwGameAssistantController: pid=7833, uid=10405, component=ComponentInfo{com.mixgo.PropertySEO/cn.jiguang.unity.push.UnityPluginActivity}
06-28 18:42:42.943  1114  3628 I chatty  : uid=1000(system) Binder:1114_F expire 5 lines
06-28 18:42:42.943  1114  1243 D HwGameAssistantController: UPDATE: mCurFgPkg=com.mixgo.PropertySEO, mCurFgPid=7833, mCurIsGame=false
06-28 18:42:42.944  1114  1219 W HwActivityManagerServiceEx: HwActivityNotifier end call android.app.IHwActivityNotifier$Stub$Proxy@88cf16b for activityLifeState under user 0 cost 0
06-28 18:42:42.947   646   646 D WifiHW  : chip is bcm bcm43xx
06-28 18:42:42.947   646   646 D         : Enter bcm_game_kog_adjust_speed: freq= 2437 mode= 6
06-28 18:42:42.947   646   646 D         : Enter wl_set_pmlock: pmlock= 0
06-28 18:42:42.947   646   646 D         : wl_set_pmlock: ret: 0
06-28 18:42:42.949  6701  6759 I [HwRecSys]OdmfCollectScheduler: handleMessage msg: 6
06-28 18:42:42.949  6701  6759 E [HwRecSys]HwRecSysService: Rec sys service not started.
06-28 18:42:42.956  1114  3628 D PackageManager: resolve intent for uid:10405, matchs:3, res:ResolveInfo{c4a1247 com.huawei.android.launcher/.unihome.UniHomeLauncher m=0x108000}
06-28 18:42:42.957  7833  7860 I HiTouch_HiTouchSensor: enabledInPad = false,isPcCastMode = false
06-28 18:42:42.957  1114  5851 I WindowManager: relayoutVisibleWindow: set isFormatChanged
06-28 18:42:42.959  1114  5851 V HwPhoneWindowManager: updateSystemUiColorLw window=Window{bc70986 u0 com.mixgo.PropertySEO/cn.jiguang.unity.push.UnityPluginActivity},EmuiStyle=0,StatusBarColor=0xff000000,NavigationBarColor=0xff000000, mLastIsEmuiLightStyle=-1, mForceNotchStatusBar=false
06-28 18:42:42.959  1724  8455 I CommandQueue: updateBarBgColor
06-28 18:42:42.959  1724  8455 D CommandQueue: CommandQueue, setBarBackgroundColor
06-28 18:42:42.960  1724  1724 D TintManager: statusBarIconTint=99ffffff,navigationBarIconTint=99ffffff
06-28 18:42:42.962  7833  7833 D HwGalleryCacheManagerImpl: mIsEffect:false
06-28 18:42:42.971  1724  1724 D StatusBarIconController: setIconVisibility icon is null or visibility not change visibility=true
06-28 18:42:43.009   753  1599 E DE N ABT: mergeProcessorOperating:1225: COMPONENT_RGBW already has data, can't add new data with mode(0x1000000), mode:0x16->0x1000016
06-28 18:42:43.009  7833  7833 D skia    : external skia thread pool create.
06-28 18:42:43.010   631  1072 I libRGBW37_ALGO: [RGBW_proc.575 ] [RGBW_MODE] input_mode:3,RGBW_output_mode:3
06-28 18:42:43.038  7833  7833 E ion     : ioctl c0044901 failed with code -1: Invalid argument
06-28 18:42:43.039  7833  7833 I ViewRootImpl: jank_removeInvalidNode jank list is null
06-28 18:42:43.039  7833  7833 W InputMethodManager: startInputReason = 1
06-28 18:42:43.040  1114  1456 V WindowManager_visibility: updateAllDrawn Add AppWindowToken{3d1144d token=Token{d3c57e4 ActivityRecord{5b89f77 u0 com.mixgo.PropertySEO/cn.jiguang.unity.push.UnityPluginActivity t226}}}
06-28 18:42:43.041  1114  1456 V WindowManager_visibility: updateAllDrawn allDrawn=false interesting=1 drawn=1 relaunchCount=0 for AppWindowToken{3d1144d token=Token{d3c57e4 ActivityRecord{5b89f77 u0 com.mixgo.PropertySEO/cn.jiguang.unity.push.UnityPluginActivity t226}}}
06-28 18:42:43.046  1114  1456 V WindowManager: removeIfPossible: Window{4a26c0a u0 Splash Screen com.mixgo.PropertySEO}
06-28 18:42:43.046  1114  1242 D ActivityManager: EVENT_APP_ACTIVITY_DISPLAYED_FINISH reportData: com.mixgo.PropertySEO/cn.jiguang.unity.push.UnityPluginActivity 7833 218
06-28 18:42:43.048  1114  1456 V WindowManager: Not removing Window{4a26c0a u0 Splash Screen com.mixgo.PropertySEO EXITING} due to exit animation 
06-28 18:42:43.049  7833  7833 W InputMethodManager: startInputReason = 5
06-28 18:42:43.061  7833  7856 I Unity   : SystemInfo CPU = ARMv7 VFPv3 NEON, Cores = 8, Memory = 5700mb
06-28 18:42:43.061  7833  7856 I Unity   : SystemInfo ARM big.LITTLE configuration: 4 big (mask: 240), 4 little (mask: 15)
06-28 18:42:43.061  7833  7856 I Unity   : ApplicationInfo com.mixgo.PropertySEO version 1.05 build c4597d3e-8bdb-429c-b192-e4a0633f36e0
06-28 18:42:43.061  7833  7856 I Unity   : Built from '2017.4/staging' branch, Version '2017.4.15f1 (5d485b4897a7)', Build type 'Release', Scripting Backend 'mono'
06-28 18:42:43.074  7279  7757 D UIAutomatorStub: URI: /jsonrpc/0, Method: POST, params, {NanoHttpd.QUERY_STRING=null}, files: {postData={"jsonrpc": "2.0", "id": "5e41d3cbdb0390777416bb2e486fc74c", "method": "waitForExists", "params": [{"mask": 1, "childOrSibling": [], "childOrSiblingSelector": [], "text": "ECOPROP"}, 2000]}}
06-28 18:42:43.076  1114  1114 I WindowManager: notifyAccessibilityButtonVisibilityChanged visible:false
06-28 18:42:43.078  7279  7757 W QueryController: Could not detect idle state.
06-28 18:42:43.080  1724  1724 W HwKeyguardDragHelper: AnimationBlocked 
06-28 18:42:43.081  7279  7757 W AccessibilityInteractionClient: old interaction Id is: -1,current interaction Id is:42
06-28 18:42:43.081  1724  1724 I PhoneStatusBarView: setAlpha with value : 1.0
06-28 18:42:43.081  1724  1724 I PhoneStatusBarView: setAlpha with value : 1.0
06-28 18:42:43.089   614  7613 W hwcomposer: setGpuFreqBoost:148: boostGpuFreq succ !
06-28 18:42:43.094  7279  7757 W AccessibilityInteractionClient: old interaction Id is: -1,current interaction Id is:43
06-28 18:42:43.102  7279  7757 W AccessibilityInteractionClient: old interaction Id is: -1,current interaction Id is:44
06-28 18:42:43.105  7279  7757 W AccessibilityInteractionClient: old interaction Id is: -1,current interaction Id is:45
06-28 18:42:43.108  7279  7757 W AccessibilityInteractionClient: old interaction Id is: -1,current interaction Id is:46
06-28 18:42:43.108  7279  7757 W AccessibilityInteractionClient: old interaction Id is: -1,current interaction Id is:47
06-28 18:42:43.126  7833  7856 I ConfigStore: android::hardware::configstore::V1_0::ISurfaceFlingerConfigs::hasWideColorDisplay retrieved: 0
06-28 18:42:43.126  7833  7856 I ConfigStore: android::hardware::configstore::V1_0::ISurfaceFlingerConfigs::hasHDRDisplay retrieved: 0
06-28 18:42:43.128  7833  7856 D AwareLog: Game opt is enable
06-28 18:42:43.128  7833  7856 D         : initLayerData
06-28 18:42:43.128  7833  7856 I iGraphics: [0020080c] pn: com.mixgo.PropertySEO, p: 7833
06-28 18:42:43.128  7833  7856 I iGraphics: [0030050a] lv: 1.0, cv: 9, Version:B343
06-28 18:42:43.128  7833  7856 W iGraphics: [0030050c] com.mixgo.PropertySEO not in
06-28 18:42:43.128  7833  7856 I iGraphics: [0030080c] opt app: 0
06-28 18:42:43.130  7833  7856 I chatty  : uid=10405(com.mixgo.PropertySEO) identical 16 lines
06-28 18:42:43.132  7833  7833 I chatty  : uid=10405(com.mixgo.PropertySEO) expire 4 lines
06-28 18:42:43.143  7833  7887 I chatty  : uid=10405(com.mixgo.PropertySEO) expire 4 lines
06-28 18:42:43.150   626  1275 D asd_primary_out: L[0],R[0], continus 20 times!
06-28 18:42:43.152  1114  1456 V WindowManager: Exit animation finished in Window{4a26c0a u0 Splash Screen com.mixgo.PropertySEO EXITING}: remove=true
06-28 18:42:43.153  1114  1456 E WindowManager: win=Window{4a26c0a u0 Splash Screen com.mixgo.PropertySEO EXITING} destroySurfaces: appStopped=false win.mWindowRemovalAllowed=true win.mRemoveOnExit=true
06-28 18:42:43.153  1114  1456 V WindowManager: postWindowRemoveCleanupLocked: Window{4a26c0a u0 Splash Screen com.mixgo.PropertySEO}
06-28 18:42:43.153  1114  1456 V WindowManager: Removing Window{4a26c0a u0 Splash Screen com.mixgo.PropertySEO} from AppWindowToken{3d1144d token=Token{d3c57e4 ActivityRecord{5b89f77 u0 com.mixgo.PropertySEO/cn.jiguang.unity.push.UnityPluginActivity t226}}}
06-28 18:42:43.158   648  5716 I hash_map_utils: key: 'mode' value: ''
06-28 18:42:43.158   648  5716 D HuaweiAudioFlinger: AudioException do not check.now is not communication state!
06-28 18:42:43.158   648  5716 D AudioFlinger: event 162 
06-28 18:42:43.158   648  5716 I APM_AudioPolicyManager: mIsNewHalPolicy = 1, persist.kirin.media.lowlatency.enable = 0, *flags & AUDIO_OUTPUT_FLAG_FAST = 0
06-28 18:42:43.158   648  5716 I APM_AudioPolicyManager: getOutputForDevice() device 2, stream 3, flags 0
06-28 18:42:43.158   648  5716 I APM_AudioPolicyManager: getOutputForDevice() returns output 13
06-28 18:42:43.158   648  5716 D AudioFlinger: event 162 
06-28 18:42:43.158   648  5716 D AudioFlinger: Client defaulted notificationFrames to 682 for frameCount 2048
06-28 18:42:43.159   648  5716 D AudioFlinger: DevSched: uid is 10405, factor is 1.000000, mode_eq is 3
06-28 18:42:43.161   648  5716 D AudioFlinger: event 162 
06-28 18:42:43.161  7833  7918 I chatty  : uid=10405(com.mixgo.PropertySEO) expire 8 lines
06-28 18:42:43.161   648  5716 I APM_AudioPolicyManager: startOutput() output 13, stream 3, session 2025, phoneState 0, communiCf 0, mediaCf 0
06-28 18:42:43.161   648  5716 D APM::AudioOutputDescriptor: IOprofile maxActiveCount == 0 curActiveCount = 0
06-28 18:42:43.161   648  5716 D APM::AudioOutputDescriptor: start, profile name: primary out,  curActiveCount: 1
06-28 18:42:43.162   648   997 I AudioFlinger: setParameters(): io 0, keyvalue start_stream=3, calling pid 648 calling uid 1041
06-28 18:42:43.162  1114  1114 D MediaRouterService: onAudioPlayerActiveStateChanged: uid=10405, active=true, restoreUid=10405
06-28 18:42:43.162   626  6841 I audio_hw_primary: soundtrigger_set_enforce voice_wake value 
06-28 18:42:43.162   626  6841 I spk_dev_interface: spk_set_parameters: use new smartpakit version
06-28 18:42:43.162   626  6841 I audio_hw_primary: start stream 3, 8, need change to soc
06-28 18:42:43.162   626  6841 I audio_hw_primary: update stream types 8
06-28 18:42:43.162  1667  2400 V AudioManager: mPlaybackCallbackList.size:1
06-28 18:42:43.162  1667  2475 D AudioManager: dispatching onPlaybackConfigChanged()
06-28 18:42:43.162   648  5716 I APM_AudioPolicyManager: use STRATEGY_MEDIA.
06-28 18:42:43.162   648  5716 I APM_AudioPolicyManager: getNewOutputDevice() selected device 2 connectdeDevices(10003)
06-28 18:42:43.162   648  5716 D APM_AudioPolicyManager: setOutputDevice() device 0x0002 delayMs 0 force 0
06-28 18:42:43.162   648   997 I AudioFlinger: setParameters(): io 0, keyvalue sws_volume=-758.0000000000, calling pid 648 calling uid 1041
06-28 18:42:43.163   626  1288 I audio_hw_primary: soundtrigger_set_enforce voice_wake value 
06-28 18:42:43.163   626  1288 I spk_dev_interface: spk_set_parameters: use new smartpakit version
06-28 18:42:43.163   626  1288 I audio_hw_primary: update stream types 8
06-28 18:42:43.163   648  5716 I APM_AudioPolicyManager: setOutputDevice() setting same device 0x0002 or null device
06-28 18:42:43.163   648  5716 D APM_AudioPolicyManager: startSource set streamType 3, volume = 0, device = 2
06-28 18:42:43.163   648   997 I AudioFlinger: setParameters(): io 0, keyvalue output_device=2;sws_volume=-758.0000000000, calling pid 648 calling uid 1041
06-28 18:42:43.163   626  1288 I audio_hw_primary: soundtrigger_set_enforce voice_wake value 
06-28 18:42:43.163   626  1288 I spk_dev_interface: spk_set_parameters: use new smartpakit version
06-28 18:42:43.163   626  1288 I audio_hw_primary: update stream types 8
06-28 18:42:43.164   648   997 I AudioFlinger: setParameters(): io 0, keyvalue HIFIPARA=STEREOWIDEN_Enable=true;output_device=2, calling pid 648 calling uid 1041
06-28 18:42:43.164   626  1288 I audio_hw_primary: soundtrigger_set_enforce voice_wake value 
06-28 18:42:43.164   626  1288 I spk_dev_interface: spk_set_parameters: use new smartpakit version
06-28 18:42:43.164   626  1288 I audio_hw_primary: update stream types 8
06-28 18:42:43.165   626  6841 I audio_hw_primary: soundtrigger_set_enforce voice_wake value 
06-28 18:42:43.165   626  6841 I spk_dev_interface: spk_set_parameters: use new smartpakit version
06-28 18:42:43.165   626  6841 I audio_hw_primary: update stream types 8
06-28 18:42:43.165   626  1288 I audio_hw_primary: soundtrigger_set_enforce voice_wake value 
06-28 18:42:43.165   626  1288 I spk_dev_interface: spk_set_parameters: use new smartpakit version
06-28 18:42:43.165   626  1288 I audio_hw_primary: update stream types 8
06-28 18:42:43.165   648   997 I AudioFlinger: setParameters(): io 0, keyvalue output_device=2;streamType=3;volumeIndex=0, calling pid 648 calling uid 1041
06-28 18:42:43.165   648   997 I AudioFlinger: streamDevice 2, streamType 3, volumeIndex 0
06-28 18:42:43.165   648  5716 I APM_AudioPolicyManager: checkOutputForStrategy() getDeviceForStrategy strategy=3 newDevice=2 oldDevice=2
06-28 18:42:43.169  1993  2177 W libEGL  : EGLNativeWindowType 0x7268797010 disconnect failed
06-28 18:42:43.170   648  1284 I peq_android: PEQ_OUTPROC_INIT success
06-28 18:42:43.170   648  1284 I AudioMixer: Pid:648 add track (2)
06-28 18:42:43.170   648  1284 I peq_android: set mode 3 success
06-28 18:42:43.170   648  1284 D AudioFlinger: updateBypassState(bypass=0)
06-28 18:42:43.170   626  1288 D DlbDlbEffect: handle_EFFECT_CMD_SET_PARAM()
06-28 18:42:43.170   626  1288 D DlbEffectDapDp: updateProcessEnabled(enabled=1, bypassed=0, partialEnabled=0)
06-28 18:42:43.170   626  1288 D DlbCrossfadeProcess: setEnabled transitioning from FADE_TO_BYPASS state to FADE_TO_ACTIVE
06-28 18:42:43.171   648  1284 E peq_android: volume index exceed range: 65535
06-28 18:42:43.171   626  1582 D DlbCrossfadeProcess: process transitioning from FADE_TO_ACTIVE state to DAP_ACTIVE
06-28 18:42:43.172   614  7613 W hwcomposer: setGpuFreqBoost:153: boostGpuFreq release !
06-28 18:42:43.174  1724  1724 D ImageWallpaper: onVisibilityChanged: mVisible, visible=true, false
06-28 18:42:43.174  1724  1724 D ImageWallpaper: Visibility changed to visible=false
06-28 18:42:43.180  1993  1993 D ViewRootImpl[UniHomeLauncher]: surface should not be released
06-28 18:42:43.180  1114  5851 D NotificationListeners: Removing active service ComponentInfo{com.huawei.android.launcher/com.android.launcher.notification.NotificationListener}
06-28 18:42:43.183  1114  1560 D NetdConnector: SND -> {2658 firewall set_uid_rule standby 10152 deny}
06-28 18:42:43.186  1114  5851 V WindowManager: notifyAppStopped: AppWindowToken{616761c token=Token{3fbf38f ActivityRecord{bca02ee u0 com.huawei.android.launcher/.unihome.UniHomeLauncher t1}}}
06-28 18:42:43.186  1114  5851 E WindowManager: win=Window{12f7b0d u0 com.huawei.android.launcher/com.huawei.android.launcher.unihome.UniHomeLauncher} destroySurfaces: appStopped=true win.mWindowRemovalAllowed=false win.mRemoveOnExit=false
06-28 18:42:43.187  1869  2315 I BoosterSwitchP: notifyUidState do nothing
06-28 18:42:43.188  1869  2315 I DeepNoDisturbP: notifyUidState
06-28 18:42:43.188  1869  2315 I HidataAppQoeP: notifyUidState
06-28 18:42:43.188  1869  2315 I BrowserChrP: notifyUidState
06-28 18:42:43.188  1114  1555 D NetdConnector: RCV <- {200 2658 Firewall command succeeded}
06-28 18:42:43.188  1114  1555 D NetdConnector: RCV <- {200 2658 Firewall command succeeded}
06-28 18:42:43.190   648  1284 E peq_android: volume index exceed range: 65535
06-28 18:42:43.191  1114  1560 D NetdConnector: SND -> {2659 firewall set_uid_rule standby 10033 deny}
06-28 18:42:43.194  1114  1555 D NetdConnector: RCV <- {200 2659 Firewall command succeeded}
06-28 18:42:43.195  1114  1555 D NetdConnector: RCV <- {200 2659 Firewall command succeeded}
06-28 18:42:43.210   648  1284 E peq_android: volume index exceed range: 65535
06-28 18:42:43.230   648  1284 E peq_android: volume index exceed range: 65535
06-28 18:42:43.247   780   805 D AwareLog: iawared: workingset_process_command subCmd = 351, uid=10405, pid=7833, com.mixgo.PropertySEO
06-28 18:42:43.248   780   805 D AwareLog: iawared: workingsetPause com.mixgo.PropertySEO
06-28 18:42:43.250   648  1284 E peq_android: volume index exceed range: 65535
06-28 18:42:43.270   648  1284 E peq_android: volume index exceed range: 65535
06-28 18:42:43.290   648  1284 E peq_android: volume index exceed range: 65535
06-28 18:42:43.310   648  1284 E peq_android: volume index exceed range: 65535
06-28 18:42:43.330   648  1284 E peq_android: volume index exceed range: 65535
06-28 18:42:43.330   626  1582 I DlbDapDPProcess: process() called [3459500] times
06-28 18:42:43.350   648  1284 E peq_android: volume index exceed range: 65535
06-28 18:42:43.361  1993  2135 D ZrHung.AppEyeUiProbe: Current Activity:false
06-28 18:42:43.361  1993  2135 D ZrHung.AppEyeUiProbe: not watching, wait.
06-28 18:42:43.366   796   897 E JankService: specialActionEntryHandler: should reset and not report
06-28 18:42:43.366   796   897 E JankService: specialActionEntryHandler: should reset and not report
06-28 18:42:43.370   648  1284 E peq_android: volume index exceed range: 65535
06-28 18:42:43.376  1114  1114 I HwNormalizedSpline: mOminLevelMode:Day getBrightnessLevel lux =457.0,mDefaultBrightness=44.302532,mOCount=11
06-28 18:42:43.390   648  1284 E peq_android: volume index exceed range: 65535
06-28 18:42:43.393   789   789 D SensorHub: batch called handle:0 sample_ns:200000000 latency_ns:0
06-28 18:42:43.393   789   789 E SensorHub: in batch, handle = 0, flags = 0, period_ns = 200000000, timeout = 0
06-28 18:42:43.393   789   789 I Sensors@1.0-impl: activate-0 enabled-1 fwkOals-1 camOals-0 fwkOcolor-1 camOcolor-0 fwkOtof-0 camOtof-0
06-28 18:42:43.393   789   789 D SensorHub: enableSensor-> handle: 0 enable : 1
06-28 18:42:43.393   789   789 D SensorHub: Channel activate-> handle: 0, enabled:1, err: 0
06-28 18:42:43.394   789   789 D SensorHub: batch called handle:0 sample_ns:20000000 latency_ns:0
06-28 18:42:43.394   789   789 E SensorHub: in batch, handle = 0, flags = 0, period_ns = 20000000, timeout = 0
06-28 18:42:43.399  1114  5851 D HwAudioService: startWatchingRoutes
06-28 18:42:43.399  1114  5851 D HwAudioService: linkVAtoDeathRe for vassistant
06-28 18:42:43.399  1114  5851 D HwAudioService: packageName:com.mixgo.PropertySEO
06-28 18:42:43.399  1114  5851 D MediaRouterService: Client com.mixgo.PropertySEO (pid 7833): Registered
06-28 18:42:43.410   648  1284 E peq_android: volume index exceed range: 65535
06-28 18:42:43.415   613  1029 I GRALLOC : getCallingPid=650, shrFd=31,fmt=0x1,intFmt=0x200000001,btStrd=4352,size=9547776,pid=613 
06-28 18:42:43.415   613  1029 I GRALLOC : 	 yuv=2,w=1080,h=2159,Stride u=0 v=0,offset u=0 v=0 
06-28 18:42:43.415   613  1029 I GRALLOC : 	 iova_size=9547776,conUsg=0xb00,proUsg=0xb00,	 strd=1088,[afbc]HdrStrd=1088 PyldStrd=69632 Scrmbl=2,ionhnd = 1 
06-28 18:42:43.430   648  1284 E peq_android: volume index exceed range: 65535
06-28 18:42:43.450   648  1284 E peq_android: volume index exceed range: 65535
06-28 18:42:43.468  1724  1724 W HwKeyguardDragHelper: AnimationBlocked 
06-28 18:42:43.468  1724  1724 I PhoneStatusBarView: setAlpha with value : 1.0
06-28 18:42:43.468  1724  1724 I PhoneStatusBarView: setAlpha with value : 1.0
06-28 18:42:43.470   648  1284 E peq_android: volume index exceed range: 65535
06-28 18:42:43.481   613  1029 I GRALLOC : getCallingPid=650, shrFd=31,fmt=0x1,intFmt=0x200000001,btStrd=4352,size=9547776,pid=613 
06-28 18:42:43.481   613  1029 I GRALLOC : 	 yuv=2,w=1080,h=2159,Stride u=0 v=0,offset u=0 v=0 
06-28 18:42:43.481   613  1029 I GRALLOC : 	 iova_size=9547776,conUsg=0xb00,proUsg=0xb00,	 strd=1088,[afbc]HdrStrd=1088 PyldStrd=69632 Scrmbl=2,ionhnd = 1 
06-28 18:42:43.481   789   789 D SensorHub: batch called handle:0 sample_ns:200000000 latency_ns:0
06-28 18:42:43.481   789   789 E SensorHub: in batch, handle = 0, flags = 0, period_ns = 200000000, timeout = 0
06-28 18:42:43.481   789   789 I Sensors@1.0-impl: activate-0 enabled-1 fwkOals-1 camOals-0 fwkOcolor-1 camOcolor-0 fwkOtof-0 camOtof-0
06-28 18:42:43.481   789   789 D SensorHub: enableSensor-> handle: 0 enable : 1
06-28 18:42:43.481   789   789 D SensorHub: Channel activate-> handle: 0, enabled:1, err: 0
06-28 18:42:43.481   789   789 D SensorHub: batch called handle:0 sample_ns:20000000 latency_ns:0
06-28 18:42:43.481   789   789 E SensorHub: in batch, handle = 0, flags = 0, period_ns = 20000000, timeout = 0
06-28 18:42:43.482   650  1522 I chatty  : uid=1000(system) Binder:650_5 expire 1 line
06-28 18:42:43.490   648  1284 E peq_android: volume index exceed range: 65535
06-28 18:42:43.510   648  1284 E peq_android: volume index exceed range: 65535
06-28 18:42:43.510  1114  1114 D MediaRouterService: onAudioPlayerActiveStateChanged: uid=10405, active=false, delaying
06-28 18:42:43.511  1667  2400 V AudioManager: mPlaybackCallbackList.size:1
06-28 18:42:43.511   648  8584 D AudioFlinger: event 163 
06-28 18:42:43.511  1667  2475 D AudioManager: dispatching onPlaybackConfigChanged()
06-28 18:42:43.512   626  1288 I smartpakit: smartpa_algo_control: enter smartpa_algo_control, cmd = 5
06-28 18:42:43.517  1667  2400 V AudioManager: mPlaybackCallbackList.size:1
06-28 18:42:43.518   626  1288 I dsp_codec_ctl: codec_adsp_send_sync_cmd:ioctl ret=0
06-28 18:42:43.518   626  1288 I smartpakit: get_power_consumption: result[1] is 0x0 result[0] is 0xbc!
06-28 18:42:43.518   626  1288 I smartpakit: getSmartPAPOWER is pa1=188!
06-28 18:42:43.519  1667  2475 D AudioManager: dispatching onPlaybackConfigChanged()
06-28 18:42:43.519   648  5716 I hash_map_utils: key: 'getSmartPAPOWER' value: ''
06-28 18:42:43.521   648  8584 I hash_map_utils: key: 'mode' value: ''
06-28 18:42:43.521   648  8584 D HuaweiAudioFlinger: AudioException do not check.now is not communication state!
06-28 18:42:43.521   648  8584 D AudioFlinger: event 162 
06-28 18:42:43.521   648  8584 I APM_AudioPolicyManager: mIsNewHalPolicy = 1, persist.kirin.media.lowlatency.enable = 0, *flags & AUDIO_OUTPUT_FLAG_FAST = 0
06-28 18:42:43.521   648  8584 I APM_AudioPolicyManager: getOutputForDevice() device 2, stream 3, flags 0
06-28 18:42:43.521   648  8584 I APM_AudioPolicyManager: getOutputForDevice() returns output 13
06-28 18:42:43.521   648  8584 D AudioFlinger: event 162 
06-28 18:42:43.521   648  8584 D AudioFlinger: Client defaulted notificationFrames to 682 for frameCount 2048
06-28 18:42:43.521   648  8584 D AudioFlinger: DevSched: uid is 10405, factor is 1.000000, mode_eq is 3
06-28 18:42:43.523   648  8584 D AudioFlinger: event 162 
06-28 18:42:43.523  7833  7923 I chatty  : uid=10405(com.mixgo.PropertySEO) expire 2 lines
06-28 18:42:43.523   648  8584 I APM_AudioPolicyManager: startOutput() output 13, stream 3, session 2033, phoneState 0, communiCf 0, mediaCf 0
06-28 18:42:43.523   648  8584 D APM::AudioOutputDescriptor: start, profile name: primary out,  curActiveCount: 1
06-28 18:42:43.523   648   997 I AudioFlinger: setParameters(): io 0, keyvalue start_stream=3, calling pid 648 calling uid 1041
06-28 18:42:43.523   626  6841 I audio_hw_primary: soundtrigger_set_enforce voice_wake value 
06-28 18:42:43.523   626  6841 I spk_dev_interface: spk_set_parameters: use new smartpakit version
06-28 18:42:43.523   626  6841 I audio_hw_primary: start stream 3, 8, need change to soc
06-28 18:42:43.523   626  6841 I audio_hw_primary: update stream types 8
06-28 18:42:43.524  1114  1114 D MediaRouterService: onAudioPlayerActiveStateChanged: uid=10405, active=true, restoreUid=10405
06-28 18:42:43.524  1667  2400 V AudioManager: mPlaybackCallbackList.size:1
06-28 18:42:43.524  1667  2475 D AudioManager: dispatching onPlaybackConfigChanged()
06-28 18:42:43.528  7833  7899 I chatty  : uid=10405(com.mixgo.PropertySEO) expire 1 line
06-28 18:42:43.530   648  1284 I peq_android: PEQ_OUTPROC_INIT success
06-28 18:42:43.530   648  1284 I AudioMixer: Pid:648 add track (4)
06-28 18:42:43.530   648  1284 I peq_android: set mode 3 success
06-28 18:42:43.530   648  1284 E peq_android: volume index exceed range: 65535
06-28 18:42:43.549   626  1275 D asd_primary_out: L[0],R[0], continus 20 times!
06-28 18:42:43.550   648  1284 E peq_android: volume index exceed range: 65535
06-28 18:42:43.558   780   805 D AwareLog: iawared: workingset_process_command subCmd = 352, uid=10405, pid=7833, com.mixgo.PropertySEO
06-28 18:42:43.559  1114  1471 I ActivityManager: START u0 {act=android.content.pm.action.REQUEST_PERMISSIONS pkg=com.android.packageinstaller cmp=com.android.packageinstaller/.permission.ui.GrantPermissionsActivity (has extras)} from uid 10405
06-28 18:42:43.559   780   805 D AwareLog: iawared: workingsetStop com.mixgo.PropertySEO
06-28 18:42:43.559  1114  1471 I ActivityManager: ActivityRecord info: ActivityInfo{ae762d4 com.android.packageinstaller.permission.ui.GrantPermissionsActivity}
06-28 18:42:43.561  1114  1471 V WindowManager: addAppToken: AppWindowToken{ab4b7c3 token=Token{5f2772 ActivityRecord{899dc7d u0 com.android.packageinstaller/.permission.ui.GrantPermissionsActivity t226}}} controller={TaskWindowContainerController taskId=226} at 2147483647
06-28 18:42:43.570   648  1284 E peq_android: volume index exceed range: 65535
06-28 18:42:43.571  1952  2110 I chatty  : uid=1000(system) core expire 17 lines
06-28 18:42:43.589   648   998 I APM_AudioPolicyManager: stopOutput() output 13, stream 3, session 2025
06-28 18:42:43.590   648   997 I AudioFlinger: setParameters(): io 0, keyvalue stop_stream=3, calling pid 648 calling uid 1041
06-28 18:42:43.590   648  1284 I AudioMixer: Pid:648 deleteTrackName(2)
06-28 18:42:43.590   648  1284 I peq_android: PEQ destroyed
06-28 18:42:43.590   648  1284 E peq_android: volume index exceed range: 65535
06-28 18:42:43.590   626  1288 I audio_hw_primary: soundtrigger_set_enforce voice_wake value 
06-28 18:42:43.590   626  1288 I spk_dev_interface: spk_set_parameters: use new smartpakit version
06-28 18:42:43.590   626  1288 I audio_hw_primary: update stream types 0
06-28 18:42:43.591   648   998 D APM::AudioOutputDescriptor: stop, profile name: primary out,  curActiveCount: 1
06-28 18:42:43.591   755   815 I dubaid  : [AudioHandler.cpp] stopSession# Failed to find audio session: 2025
06-28 18:42:43.610   648  1284 E peq_android: volume index exceed range: 65535
06-28 18:42:43.718  7833  7856 I Unity   : 00000
06-28 18:42:43.718  7833  7856 I Unity   :  
06-28 18:42:43.718  7833  7856 I Unity   : (Filename: /Users/builduser/buildslave/unity/build/artifacts/generated/common/runtime/DebugBindings.gen.cpp Line: 51)
06-28 18:42:43.718  7833  7856 I Unity   : 
06-28 18:42:43.718  7833  7856 I Unity   : start.....
06-28 18:42:43.718  7833  7856 I Unity   :  
06-28 18:42:43.718  7833  7856 I Unity   : (Filename: /Users/builduser/buildslave/unity/build/artifacts/generated/common/runtime/DebugBindings.gen.cpp Line: 51)
06-28 18:42:43.718  7833  7856 I Unity   : 
06-28 18:42:43.719  7833  7856 I Unity   : JPushBinding.Init
06-28 18:42:43.719  7833  7856 I Unity   :  
06-28 18:42:43.719  7833  7856 I Unity   : (Filename: /Users/builduser/buildslave/unity/build/artifacts/generated/common/runtime/DebugBindings.gen.cpp Line: 51)
06-28 18:42:43.719  7833  7856 I Unity   : 
06-28 18:42:43.726  7833  7929 D JIGUANG-JCore: [JCoreGlobal] manifest:channel - developer-default
06-28 18:42:43.730  7833  7929 D JIGUANG-JCore: [JCoreGlobal] metadata: appKey - 46fb548d664dad6b8390d190
06-28 18:42:43.730  7833  7929 D JIGUANG-JCore: [AndroidUtil] action:checkValidManifest
06-28 18:42:43.731  7833  7929 D JIGUANG-JCore: [JCoreServiceUtils] set Push/Alarm Receiver enabled
06-28 18:42:43.752  7833  7833 W UnityGfxDeviceW: type=1400 audit(0.0:37132): avc: granted { create } for name="3ab160c9ab33d0243a611239b9c87f7a" scontext=u:r:untrusted_app:s0:c149,c257,c512,c768 tcontext=u:object_r:sdcardfs:s0:c149,c257,c512,c768 tclass=file
06-28 18:42:43.818   613  1029 I GRALLOC : getCallingPid=650, shrFd=31,fmt=0x1,intFmt=0x200000001,btStrd=4352,size=9973760,pid=613 
06-28 18:42:43.818   613  1029 I GRALLOC : 	 yuv=2,w=1080,h=2244,Stride u=0 v=0,offset u=0 v=0 
06-28 18:42:43.818   613  1029 I GRALLOC : 	 iova_size=9973760,conUsg=0xb00,proUsg=0xb00,	 strd=1088,[afbc]HdrStrd=1088 PyldStrd=69632 Scrmbl=2,ionhnd = 1 
06-28 18:42:43.830  7833  7923 D AudioTrack: stop() called with 9216 frames delivered
06-28 18:42:43.830  7833  7923 V PlayerBase: baseStop() piid=2271
06-28 18:42:43.830  7833  7923 D android.media.AudioTrack: [HSM] AudioTrace stop() uid: 10405, pid: 7833
06-28 18:42:43.831  7833  7923 V PlayerBase: baseStop() piid=2271
06-28 18:42:43.831  7833  7923 V PlayerBase: baseRelease() piid=2271 state=4
06-28 18:42:43.831  1114  1114 D MediaRouterService: onAudioPlayerActiveStateChanged: uid=10405, active=false, delaying
06-28 18:42:43.831  1667  2400 V AudioManager: mPlaybackCallbackList.size:1
06-28 18:42:43.831   648   648 I chatty  : uid=1041(audioserver) /system/bin/audioserver expire 1 line
06-28 18:42:43.831  1667  2475 D AudioManager: dispatching onPlaybackConfigChanged()
06-28 18:42:43.831  1667  2400 V AudioManager: mPlaybackCallbackList.size:1
06-28 18:42:43.831  1667  2475 D AudioManager: dispatching onPlaybackConfigChanged()
06-28 18:42:43.834   789   909 I Sensors@1.0-impl: activate-0 enabled-0 fwkOals-1 camOals-0 fwkOcolor-1 camOcolor-0 fwkOtof-0 camOtof-0
06-28 18:42:43.834   789   909 D SensorHub: enableSensor-> handle: 0 enable : 0
06-28 18:42:43.834   789   909 D SensorHub: Channel activate-> handle: 0, enabled:0, err: 0
06-28 18:42:43.835   789   909 D SensorHub: lib ver is 15
06-28 18:42:43.835   789   909 E SensorHub: get_acc_convert_coff = 1000.000000
06-28 18:42:43.836  7833  7833 D ZrHung.AppEyeUiProbe: stop checker.
06-28 18:42:43.836  1114  3628 V ActivityManager: Making visible and scheduling visibility: ActivityRecord{899dc7d u0 com.android.packageinstaller/.permission.ui.GrantPermissionsActivity t226}
06-28 18:42:43.837  1114  3628 D HwPhoneWindowManager: sensorRotation = -1 lastRotation:0
06-28 18:42:43.838 31509 31509 W ActivityThread: handleWindowVisibility: no activity for token android.os.BinderProxy@1536d98
06-28 18:42:43.839  1952  2594 I chatty  : uid=1000(system) iAwareNRT expire 4 lines
06-28 18:42:43.839   648  8584 I chatty  : uid=1041(audioserver) Binder:648_6 expire 22 lines
06-28 18:42:43.843  1114  3628 W HwActivityManagerServiceEx: appSwitch from: com.mixgo.PropertySEO to: com.android.packageinstaller
06-28 18:42:43.844  1114  1219 W HwActivityManagerServiceEx: HwActivityNotifier end call android.app.IHwActivityNotifier$Stub$Proxy@b3922e9 for appSwitch under user 0 cost 1
06-28 18:42:43.844  1114  1219 W HwActivityManagerServiceEx: HwActivityNotifier end call android.app.IHwActivityNotifier$Stub$Proxy@92d0b6e for appSwitch under user 0 cost 0
06-28 18:42:43.844 31509 31509 D ZrHung.AppEyeUiProbe: notify runnable to start.
06-28 18:42:43.844 31509 31509 V ActivityThread: Skipping new config:{1.0 ?mcc?mnc [zh_CN_#Hans,en_US] ldltr sw360dp w360dp h719dp 480dpi nrml long hdr port finger -keyb/v/h -nav/h winConfig={ mBounds=Rect(0, 0 - 0, 0) mAppBounds=Rect(0, 85 - 1080, 2244) mWindowingMode=fullscreen mActivityType=undefined} nonFullScreen=0 suim:1 s.9}, config:{1.0 ?mcc?mnc [zh_CN_#Hans,en_US] ldltr sw360dp w360dp h719dp 480dpi nrml long hdr port finger -keyb/v/h -nav/h winConfig={ mBounds=Rect(0, 0 - 0, 0) mAppBounds=Rect(0, 85 - 1080, 2244) mWindowingMode=fullscreen mActivityType=undefined} nonFullScreen=0 suim:1 s.9} for app:com.android.packageinstaller
06-28 18:42:43.844 31509 31530 D ZrHung.AppEyeUiProbe: restart watching
06-28 18:42:43.846  1869  2319 I chatty  : uid=1000(system) EmcomThread expire 14 lines
06-28 18:42:43.846  1952  2586 I chatty  : uid=1000(system) thermal-core-th expire 2 lines
06-28 18:42:43.847  1114  3628 V WindowManager: Checking 1 opening apps (frozen=false timeout=false), Track: activitypause performsurface
06-28 18:42:43.847  1114  3628 V WindowManager: Check opening app=AppWindowToken{ab4b7c3 token=Token{5f2772 ActivityRecord{899dc7d u0 com.android.packageinstaller/.permission.ui.GrantPermissionsActivity t226}}}: allDrawn=false startingDisplayed=false startingMoved=false isRelaunching()=false startingWindow=null
06-28 18:42:43.849 31509 31509 V ActivityThread: callActivityOnCreate
06-28 18:42:43.851 31509 31509 W VRSystemServiceManager: vr service is not alive
06-28 18:42:43.851  1869  2315 I BoosterSwitchP: notifyUidState do nothing
06-28 18:42:43.851  1869  2315 I DeepNoDisturbP: notifyUidState
06-28 18:42:43.851  1869  2315 I HidataAppQoeP: notifyUidState
