06-28 18:42:43.851  1869  2315 I BrowserChrP: notifyUidState
06-28 18:42:43.851   626  1288 I chatty  : uid=1041(audioserver) HwBinder:626_3 expire 12 lines
06-28 18:42:43.852  1952  2773 I chatty  : uid=1000(system) GameSdkManagerT expire 1 line
06-28 18:42:43.854  7833  7833 D JIGUANG-JCore: [PushService] onStartCommand - intent:Intent { act=com.mixgo.PropertySEO.intent.INIT cmp=com.mixgo.PropertySEO/cn.jpush.android.service.PushService (has extras) }, pkg:com.mixgo.PropertySEO, connection:0
06-28 18:42:43.855  1114  2452 I HwNetworkPolicy: onTransact, code = 203
06-28 18:42:43.855  2017  2506 I HwNetworkPolicyManager: getHwUidPolicy uid = 10042 policy = 0
06-28 18:42:43.858  1114  1219 W HwActivityManagerServiceEx: HwActivityNotifier end call android.app.IHwActivityNotifier$Stub$Proxy@88cf16b for activityLifeState under user 0 cost 0
06-28 18:42:43.858  1114  9173 I HwAudioService: now type = 9,reportForegroundAppType = 255,pkg = null,systemload = 9mVoipOptimizeInGameModetrue
06-28 18:42:43.859  2434  4069 E nearby  : CloseRangeAdapter:no such business type
06-28 18:42:43.859  1952  1966 I chatty  : uid=1000(system) Binder:1952_1 expire 4 lines
06-28 18:42:43.860  7833  7833 D JIGUANG-JCore: [PushService] onStartCommand - intent:Intent { act=com.mixgo.PropertySEO.run.action cmp=com.mixgo.PropertySEO/cn.jpush.android.service.PushService (has extras) }, pkg:com.mixgo.PropertySEO, connection:0
06-28 18:42:43.861  2461  2612 D WorkSource: i1=0 i2=0 N1=0: insert 2434 com.huawei.iconnect
06-28 18:42:43.861  2461  2612 D WorkSource: Insert in WorkSource{} @ 0 uid 2434 name com.huawei.iconnect
06-28 18:42:43.861  7833  7833 D JIGUANG-JCore: [PushService] onStartCommand - intent:Intent { act=com.mixgo.PropertySEO.run.action cmp=com.mixgo.PropertySEO/cn.jpush.android.service.PushService (has extras) }, pkg:com.mixgo.PropertySEO, connection:0
06-28 18:42:43.862  2461  2661 D BluetoothAdapter: isLeEnabled(): ON
06-28 18:42:43.864  1667  2234 I bt_stack: [INFO:gatt_api.cc(950)] GATT_Register c107512e-14d3-e285-a36c-2a46fefb93fa
06-28 18:42:43.864  1667  2234 I bt_stack: [INFO:gatt_api.cc(970)] allocated gatt_if=6
06-28 18:42:43.865  2461  2482 D BluetoothLeScanner: onScannerRegistered() - status=0 scannerId=6 mScannerId=0
06-28 18:42:43.865  1667  1680 W Bth-btfreeze: BluetoothFreeze:tag: 181  uid: 1000  pid: 2461
06-28 18:42:43.865 31509 31509 I FLTAG_FM: loadFeature class:com.huawei.featurelayer.systemfeature.HwWidget.IHwSplineOverScrollerEx
06-28 18:42:43.865 31509 31509 I FLTAG_SFM: getRequireClassLoader() succ ! className: com.huawei.featurelayer.systemfeature.HwWidget.IHwSplineOverScrollerEx
06-28 18:42:43.865 31509 31509 D FeatureFactory: loadFeature() : com.huawei.featurelayer.systemfeature.HwWidget.IHwSplineOverScrollerEx
06-28 18:42:43.865 31509 31509 D FeatureFactory: loadFeature() new IHwSplineOverScrollerEx()
06-28 18:42:43.865 31509 31509 D HwSplineOverScrollerExImpl: initSplineOverScrollerImpl paras: android.widget.OverScroller$SplineOverScroller@98e57b0,com.android.packageinstaller.permission.ui.GrantPermissionsActivity@93179d6
06-28 18:42:43.866 31509 31509 D HwSplineOverScrollerExImpl: initSplineOverScrollerImpl: mScrollerVelocity is 0, value is 0
06-28 18:42:43.866 31509 31509 I FLTAG_FM: loadFeature class:com.huawei.featurelayer.systemfeature.HwWidget.IHwSplineOverScrollerEx
06-28 18:42:43.866 31509 31509 I FLTAG_SFM: getRequireClassLoader() succ ! className: com.huawei.featurelayer.systemfeature.HwWidget.IHwSplineOverScrollerEx
06-28 18:42:43.866 31509 31509 D FeatureFactory: loadFeature() : com.huawei.featurelayer.systemfeature.HwWidget.IHwSplineOverScrollerEx
06-28 18:42:43.866 31509 31509 D FeatureFactory: loadFeature() new IHwSplineOverScrollerEx()
06-28 18:42:43.866 31509 31509 D HwSplineOverScrollerExImpl: initSplineOverScrollerImpl paras: android.widget.OverScroller$SplineOverScroller@4793edc,com.android.packageinstaller.permission.ui.GrantPermissionsActivity@93179d6
06-28 18:42:43.866 31509 31509 D HwSplineOverScrollerExImpl: initSplineOverScrollerImpl: mScrollerVelocity is 0, value is 0
06-28 18:42:43.869  1114  6779 I AlarmManager: remove alarm:Alarm{d5e68b1 type 0 when 1561718853732 PendingIntent{2c1d840: PendingIntentRecord{decc379 com.mixgo.PropertySEO broadcastIntent}}com.mixgo.PropertySEO} according to operation:2ba6f58
06-28 18:42:43.872 31509 31509 D HiTouch_PressGestureDetector: HiTouch on notch display, height corret:85
06-28 18:42:43.873  7833  7833 D JIGUANG-JCore: [PushReceiver] onReceive - android.net.conn.CONNECTIVITY_CHANGE
06-28 18:42:43.873  7833  7951 D JIGUANG-JCore: [JiguangTcpManager] Action - restartNetworkingClient, pid:7833
06-28 18:42:43.873  7833  7929 D JIGUANG-JPush: [PushReceiverCore] onReceive - android.net.conn.CONNECTIVITY_CHANGE
06-28 18:42:43.874  7833  7951 D JIGUANG-JCore: [ARunAction]  pkg:com.mixgo.PropertySEO
06-28 18:42:43.874  7833  7951 D JIGUANG-JCore: [ARunAction] Bundle[{action=cn.jpush.android.intent.REPORT, report.extra.info=, report=crash_log, sdktype=JCORE}]
06-28 18:42:43.874  7833  7952 I JIGUANG-JCore: [NetworkingClient] Begin to run in ConnectingThread - id:752
06-28 18:42:43.874  7833  7951 D JIGUANG-JCore: [ARunAction]  pkg:com.mixgo.PropertySEO
06-28 18:42:43.874  7833  7951 D JIGUANG-JCore: [ARunAction] Bundle[{action=cn.jpush.android.intent.REPORT, report.extra.info=, report=crash_log, sdktype=JCORE}]
06-28 18:42:43.874  7833  7951 D JIGUANG-JCore: [JiguangTcpManager] Action - restartNetworkingClient, pid:7833
06-28 18:42:43.875  7833  7951 D JIGUANG-JCore: [JiguangTcpManager] isRunning:true
06-28 18:42:43.875  7833  7951 D JIGUANG-JCore: [JiguangTcpManager] Action - restartNetworkingClient, pid:7833
06-28 18:42:43.875  7833  7951 D JIGUANG-JCore: [JiguangTcpManager] isRunning:true
06-28 18:42:43.876 31509 31509 D ActivityThread: add activity client record, r= ActivityRecord{5163de6 token=android.os.BinderProxy@1536d98 {com.android.packageinstaller/com.android.packageinstaller.permission.ui.GrantPermissionsActivity}} token= android.os.BinderProxy@1536d98
06-28 18:42:43.876 31509 31509 D ZrHung.AppEyeUiProbe: notify runnable to start.
06-28 18:42:43.877  1114  2564 D HwGameAssistantController: pid=31509, uid=10042, component=ComponentInfo{com.android.packageinstaller/com.android.packageinstaller.permission.ui.GrantPermissionsActivity}
06-28 18:42:43.877  1114  1243 D HwGameAssistantController: UPDATE: mCurFgPkg=com.android.packageinstaller, mCurFgPid=31509, mCurIsGame=false
06-28 18:42:43.877 31509 31509 D ZrHung.AppEyeUiProbe: notify runnable to start.
06-28 18:42:43.877 31509 31509 D ZrHung.AppEyeUiProbe: stop checker.
06-28 18:42:43.877  1114  1219 W HwActivityManagerServiceEx: HwActivityNotifier end call android.app.IHwActivityNotifier$Stub$Proxy@88cf16b for activityLifeState under user 0 cost 0
06-28 18:42:43.878  1114  1619 I chatty  : uid=1000(system) HwArbitrationSt expire 14 lines
06-28 18:42:43.879  1114  1471 W HwActivityManagerServiceEx: appSwitch from: com.android.packageinstaller to: com.mixgo.PropertySEO
06-28 18:42:43.880  1114  1219 W HwActivityManagerServiceEx: HwActivityNotifier end call android.app.IHwActivityNotifier$Stub$Proxy@b3922e9 for appSwitch under user 0 cost 1
06-28 18:42:43.880  1114  1219 W HwActivityManagerServiceEx: HwActivityNotifier end call android.app.IHwActivityNotifier$Stub$Proxy@92d0b6e for appSwitch under user 0 cost 0
06-28 18:42:43.882  7833  7952 D JIGUANG-JCore: [SisPolicy] Open connection with main - ip:121.46.20.45, port:7008
06-28 18:42:43.882  6701  6759 I [HwRecSys]OdmfCollectScheduler: handleMessage msg: 6
06-28 18:42:43.883  6701  6759 E [HwRecSys]HwRecSysService: Rec sys service not started.
06-28 18:42:43.885  1114  4501 D HwLocationManagerService: on transact ADD_LOCATION_MODE  uid is 10405 , expectedmode is 3 , packagename is com.mixgo.PropertySEO
06-28 18:42:43.885  1114  4501 D HwLocationManagerService: uid is 10405 , isWifiConn is true , isMobileConn is false
06-28 18:42:43.885  1114  4501 I HwNetworkPolicy: onTransact, code = 203
06-28 18:42:43.885  1114  4501 I HwNetworkPolicyManager: getHwUidPolicy uid = 10405 policy = 0
06-28 18:42:43.885  1114  4501 D HwLocationManagerService: policy is 0 , wifiAccess is true, mobileAccess is true
06-28 18:42:43.885  1114  4501 D HwLocationManagerService: wifiAvaiable is true , mobileAvailable is false
06-28 18:42:43.885  1114  4501 D HwLocationManagerService: addSupervisoryControlProc, mExpectedMode is network,packagename=com.mixgo.PropertySEO, mSupervisoryPkgList is {com.mixgo.PropertySEO=network}
06-28 18:42:43.885  1114  4501 D HwLocationManagerService:  package has no request send yet
06-28 18:42:43.886  1114  1471 D HwPhoneWindowManager: sensorRotation = -1 lastRotation:0
06-28 18:42:43.886  2461  2661 D BluetoothAdapter: isLeEnabled(): ON
06-28 18:42:43.887  1667  1680 W Bth-btfreeze: BluetoothFreeze:tag: 182  uid: 1000  pid: 2461
06-28 18:42:43.887  1114  1471 V WindowManager: notifyAppResumed: wasStopped=false AppWindowToken{3d1144d token=Token{d3c57e4 ActivityRecord{5b89f77 u0 com.mixgo.PropertySEO/cn.jiguang.unity.push.UnityPluginActivity t226}}}
06-28 18:42:43.887  1667  1680 W Bth-btfreeze: BluetoothFreeze:tag: 182  uid: 1000
06-28 18:42:43.887  1667  1680 W Bth-btfreeze: BluetoothFreeze:tag: 182  uid: 1000  pid: 2461
06-28 18:42:43.888  1952  2110 I chatty  : uid=1000(system) core expire 2 lines
06-28 18:42:43.888  1952  2110 D BluetoothState: stop bt uid:1000 state:BLE_SCAN total(ms):90476664
06-28 18:42:43.888  1952  2110 D BluetoothState: not find active bluetooth for inactive event uid: 1000, pid:2461, reason:BLE_CONNECT
06-28 18:42:43.888  7833  7833 D ZrHung.AppEyeUiProbe: notify runnable to start.
06-28 18:42:43.890  1114  1471 V WindowManager: Checking 1 opening apps (frozen=false timeout=false), Track: activitypause performsurface
06-28 18:42:43.890  1114  1471 V WindowManager: Check opening app=AppWindowToken{3d1144d token=Token{d3c57e4 ActivityRecord{5b89f77 u0 com.mixgo.PropertySEO/cn.jiguang.unity.push.UnityPluginActivity t226}}}: allDrawn=true startingDisplayed=false startingMoved=false isRelaunching()=false startingWindow=null
06-28 18:42:43.890  1114  1471 I WindowManager: closing apps count = 1
06-28 18:42:43.890  1952  2110 I PGAudioState: AUDIO_REMOVE_ACTIVE_TRACK, trackId : 279
06-28 18:42:43.890  1952  2110 I PGAudioState: AUDIO_RELEASE_TRACK, 279
06-28 18:42:43.890  1952  2110 D PGAudioState: remove from mTrackMap, 279
06-28 18:42:43.890  1952  2110 I DeviceMonitor: last release audio mix uid:10405 pid:-2
06-28 18:42:43.893  1114  1219 W HwActivityManagerServiceEx: HwActivityNotifier end call android.app.IHwActivityNotifier$Stub$Proxy@88cf16b for activityLifeState under user 0 cost 0
06-28 18:42:43.894  7833  7952 I JIGUANG-JCore: [SisPolicy] Succeed to open connection - ip:121.46.20.45, port:7008
06-28 18:42:43.895  7833  7952 I JIGUANG-JCore: [ConnectingHelper] Login with - juid:21176094885, appKey:46fb548d664dad6b8390d190, sdkVersion:66053, pushVersion:196870, analyticsVersion:0 ,shareVersion:0,sspSdkVer:0, pluginPlatformType:0
06-28 18:42:43.895  1114  2564 D HwGameAssistantController: pid=7833, uid=10405, component=ComponentInfo{com.mixgo.PropertySEO/cn.jiguang.unity.push.UnityPluginActivity}
06-28 18:42:43.895  1114  1243 D HwGameAssistantController: UPDATE: mCurFgPkg=com.mixgo.PropertySEO, mCurFgPid=7833, mCurIsGame=false
06-28 18:42:43.895  7833  7833 V InputMethodManager: Reporting focus gain, without startInput
06-28 18:42:43.895  1952  4046 D HwMultiWindowEx: isInMultiWindowMode ret: 0
06-28 18:42:43.896   789   909 D SensorHub: batch called handle:0 sample_ns:200000000 latency_ns:0
06-28 18:42:43.896   789   909 E SensorHub: in batch, handle = 0, flags = 0, period_ns = 200000000, timeout = 0
06-28 18:42:43.896   646   646 D WifiHW  : chip is bcm bcm43xx
06-28 18:42:43.896   646   646 D         : Enter bcm_game_kog_adjust_speed: freq= 2437 mode= 6
06-28 18:42:43.897   646   646 D         : Enter wl_set_pmlock: pmlock= 0
06-28 18:42:43.897  1114  1219 W HwActivityManagerServiceEx: HwActivityNotifier end call android.app.IHwActivityNotifier$Stub$Proxy@88cf16b for activityLifeState under user 0 cost 1
06-28 18:42:43.897   646   646 D         : wl_set_pmlock: ret: 0
06-28 18:42:43.898  1952  2110 I SensorState: sensor:0 name:accelerometer enable:true uid:10405
06-28 18:42:43.898  6701  6759 I [HwRecSys]OdmfCollectScheduler: handleMessage msg: 6
06-28 18:42:43.898  1952  2110 I PGServer: report state:4 event type:1 pid:0 uid:10405 pkg:null to pid: 1114
06-28 18:42:43.898  6701  6759 E [HwRecSys]HwRecSysService: Rec sys service not started.
06-28 18:42:43.898  1952  2110 I SensorState: addSensor,mHandles:{0=1}
06-28 18:42:43.898   789   909 I Sensors@1.0-impl: activate-0 enabled-1 fwkOals-1 camOals-0 fwkOcolor-1 camOcolor-0 fwkOtof-0 camOtof-0
06-28 18:42:43.898   789   909 D SensorHub: enableSensor-> handle: 0 enable : 1
06-28 18:42:43.898   789   909 D SensorHub: Channel activate-> handle: 0, enabled:1, err: 0
06-28 18:42:43.898   789   909 D SensorHub: batch called handle:0 sample_ns:20000000 latency_ns:0
06-28 18:42:43.898   789   909 E SensorHub: in batch, handle = 0, flags = 0, period_ns = 20000000, timeout = 0
06-28 18:42:43.899  1114  1471 D CountryDetector: isValidCountryIso: CN
06-28 18:42:43.899  7833  7950 E ActivityThread: Failed to find provider info for com.ss.android.article.news.DownloadProvider
06-28 18:42:43.899  1114  6779 I chatty  : uid=1000(system) Binder:1114_16 expire 1 line
06-28 18:42:43.900   648   997 I chatty  : uid=1041(audioserver) ApmAudio expire 7 lines
06-28 18:42:43.901   755   815 I dubaid  : [AudioHandler.cpp] stopSession# Failed to find audio session: 2033
06-28 18:42:43.902  7833  7950 E ActivityThread: Failed to find provider info for com.ss.android.article.news.DownloadProvider
06-28 18:42:43.905  1952  2110 I PGAudioState: AUDIO_CREATAE_TRACK, audioInfo : [trackId : 280, sessionId : 2041, type : audio_out, threadType : MIXER, streamType : MUSIC, pid : 7833, uid : 10405, createState : new, playState : stop, audioTrackVolume: 1.0, finalVolume : 0.0, loop : false, stopByZeroTime : 0]
06-28 18:42:43.907  1114  4501 I chatty  : uid=1000(system) Binder:1114_10 expire 6 lines
06-28 18:42:43.907  7833  7963 V PlayerBase: baseStart() piid=2279
06-28 18:42:43.908  1114  1114 D MediaRouterService: onAudioPlayerActiveStateChanged: uid=10405, active=true, restoreUid=10405
06-28 18:42:43.908   626  6841 I chatty  : uid=1041(audioserver) HwBinder:626_5 expire 56 lines
06-28 18:42:43.908  1667  1680 V AudioManager: mPlaybackCallbackList.size:1
06-28 18:42:43.908  1667  2475 D AudioManager: dispatching onPlaybackConfigChanged()
06-28 18:42:43.911  7833  7887 D         : addLayerName, tid:7887
06-28 18:42:43.912  7833  7963 D android.media.AudioTrack: [HSM] AudioTrace play() uid: 10405, pid: 7833
06-28 18:42:43.912  1952  2110 I PGAudioState: AUDIO_ADD_ACTIVE_TRACK, track id : 280
06-28 18:42:43.912  1952  2110 I PGAudioState: not start audio out because audio inactive pid: 7833 uid:10405
06-28 18:42:43.916  7833  7833 V MediaRouter: onRestoreRoute() : route=RouteInfo{ name=, description=null, status=null, category=RouteCategory{ name= types=ROUTE_TYPE_LIVE_AUDIO ROUTE_TYPE_LIVE_VIDEO  groupable=false }, supportedTypes=ROUTE_TYPE_LIVE_AUDIO ROUTE_TYPE_LIVE_VIDEO , presentationDisplay=null }
06-28 18:42:43.916  7833  7833 V MediaRouter: Selecting route: RouteInfo{ name=, description=null, status=null, category=RouteCategory{ name= types=ROUTE_TYPE_LIVE_AUDIO ROUTE_TYPE_LIVE_VIDEO  groupable=false }, supportedTypes=ROUTE_TYPE_LIVE_AUDIO ROUTE_TYPE_LIVE_VIDEO , presentationDisplay=null }
06-28 18:42:43.920   613  1029 I GRALLOC : getCallingPid=650, shrFd=31,fmt=0x1,intFmt=0x200000001,btStrd=4352,size=9973760,pid=613 
06-28 18:42:43.920   613  1029 I GRALLOC : 	 yuv=2,w=1080,h=2244,Stride u=0 v=0,offset u=0 v=0 
06-28 18:42:43.920   613  1029 I GRALLOC : 	 iova_size=9973760,conUsg=0xb00,proUsg=0xb00,	 strd=1088,[afbc]HdrStrd=1088 PyldStrd=69632 Scrmbl=2,ionhnd = 1 
06-28 18:42:43.921  7833  7887 D         : addLayerName, tid:7887
06-28 18:42:43.925   613  1029 I GRALLOC : getCallingPid=650, shrFd=31,fmt=0x1,intFmt=0x200000001,btStrd=4352,size=9973760,pid=613 
06-28 18:42:43.925   613  1029 I GRALLOC : 	 yuv=2,w=1080,h=2244,Stride u=0 v=0,offset u=0 v=0 
06-28 18:42:43.925   613  1029 I GRALLOC : 	 iova_size=9973760,conUsg=0xb00,proUsg=0xb00,	 strd=1088,[afbc]HdrStrd=1088 PyldStrd=69632 Scrmbl=2,ionhnd = 1 
06-28 18:42:43.926  7833  7887 D         : addLayerName, tid:7887
06-28 18:42:43.932  7833  7952 I JIGUANG-JCore: [ConnectingHelper] Login succeed - sid:33800, serverTime;1561718563000
06-28 18:42:43.932  7833  7952 D JIGUANG-JCore: [ConnectingHelper] Action - sendServerTimer
06-28 18:42:43.933  7833  7947 D JIGUANG-JCore: [JiguangTcpManager] Action - onLoggedIn - connection:752
06-28 18:42:43.933  7833  7947 D JIGUANG-JCore: [ConnectingHelper] Action - sendConnectionChanged
06-28 18:42:43.934  7833  7856 I Unity   : {"code":"0","msg":"SUCCESS","datas":{"verId":37,"url":"https://img.singmap.com/upload/broke/resourceweb/3b850f15eb5a4d1481556b9c425fdb62.upk","versionNo":"11","isUpdate":0,"desc":"","status":'',"type":2,"createTime":'',"userId":''}}
06-28 18:42:43.934  7833  7856 I Unity   :  
06-28 18:42:43.934  7833  7856 I Unity   : (Filename: /Users/builduser/buildslave/unity/build/artifacts/generated/common/runtime/DebugBindings.gen.cpp Line: 51)
06-28 18:42:43.934  7833  7856 I Unity   : 
06-28 18:42:43.934  7833  7952 D JIGUANG-JCore: [NetworkingClient] Network listening...
06-28 18:42:43.935  1114  1228 I ActivityManager: App 10405/com.mixgo.PropertySEO targets O+, restricted
06-28 18:42:43.936  7833  7856 I Unity   : msg:{"code":"0","msg":"SUCCESS","datas":{"verId":37,"url":"https://img.singmap.com/upload/broke/resourceweb/3b850f15eb5a4d1481556b9c425fdb62.upk","versionNo":"11","isUpdate":0,"desc":"","status":'',"type":2,"createTime":'',"userId":''}}
06-28 18:42:43.936  7833  7856 I Unity   :  
06-28 18:42:43.936  7833  7856 I Unity   : (Filename: /Users/builduser/buildslave/unity/build/artifacts/generated/common/runtime/DebugBindings.gen.cpp Line: 51)
06-28 18:42:43.936  7833  7856 I Unity   : 
06-28 18:42:43.938  7833  7856 I Unity   : datas:JsonData object
06-28 18:42:43.938  7833  7856 I Unity   :  
06-28 18:42:43.938  7833  7856 I Unity   : (Filename: /Users/builduser/buildslave/unity/build/artifacts/generated/common/runtime/DebugBindings.gen.cpp Line: 51)
06-28 18:42:43.938  7833  7856 I Unity   : 
06-28 18:42:43.938  7833  7856 I Unity   : resourceUrl:https://img.singmap.com/upload/broke/resourceweb/3b850f15eb5a4d1481556b9c425fdb62.upk
06-28 18:42:43.938  7833  7856 I Unity   :  
06-28 18:42:43.938  7833  7856 I Unity   : (Filename: /Users/builduser/buildslave/unity/build/artifacts/generated/common/runtime/DebugBindings.gen.cpp Line: 51)
06-28 18:42:43.938  7833  7856 I Unity   : 
06-28 18:42:43.938  7833  7856 I Unity   : resourceVer:11
06-28 18:42:43.938  7833  7856 I Unity   :  
06-28 18:42:43.938  7833  7856 I Unity   : (Filename: /Users/builduser/buildslave/unity/build/artifacts/generated/common/runtime/DebugBindings.gen.cpp Line: 51)
06-28 18:42:43.938  7833  7856 I Unity   : 
06-28 18:42:43.941 31509 31509 D ZrHung.AppEyeUiProbe: notify runnable to start.
06-28 18:42:43.941 31509 31509 D ZrHung.AppEyeUiProbe: stop checker.
06-28 18:42:43.942  1114  4501 I AlarmManager: remove alarm:Alarm{94fca2b type 0 when 1561718853868 PendingIntent{2ba6f58: PendingIntentRecord{decc379 com.mixgo.PropertySEO broadcastIntent}}com.mixgo.PropertySEO} according to operation:a9ae27a
06-28 18:42:43.942  7833  7856 I Unity   : != resourceVer = 11 localVersion=0
06-28 18:42:43.942  7833  7856 I Unity   :  
06-28 18:42:43.942  7833  7856 I Unity   : (Filename: /Users/builduser/buildslave/unity/build/artifacts/generated/common/runtime/DebugBindings.gen.cpp Line: 51)
06-28 18:42:43.942  7833  7856 I Unity   : 
06-28 18:42:43.942  1114  6779 V BroadcastQueue: Finished with ordered broadcast BroadcastRecord{fa2fea5 u0 cn.jpush.android.intent.CONNECTION}
06-28 18:42:43.942  1114  6779 I ActivityManager: App 10405/com.mixgo.PropertySEO targets O+, restricted
06-28 18:42:43.943  1869  2315 I BoosterSwitchP: notifyUidState do nothing
06-28 18:42:43.943  1869  2315 I DeepNoDisturbP: notifyUidState
06-28 18:42:43.943  1869  2315 I HidataAppQoeP: notifyUidState
06-28 18:42:43.943  1869  2315 I BrowserChrP: notifyUidState
06-28 18:42:43.943  1952  2594 W AwareLog: SmartIO2DMEPlugin: unknown process state: 1
06-28 18:42:43.943  7833  7833 D JIGUANG-JCore: [PushReceiver] onReceive - cn.jpush.android.intent.ACTION_REPORT_HISTORY
06-28 18:42:43.943  7833  7968 I JIGUANG-JCore: [ReportHelper] periodTasks...
06-28 18:42:43.944  7833  7929 D JIGUANG-JPush: [PushReceiverCore] onReceive - cn.jpush.android.intent.ACTION_REPORT_HISTORY
06-28 18:42:43.945  1114  2564 V BroadcastQueue: Finished with ordered broadcast BroadcastRecord{ed45e88 u0 cn.jpush.android.intent.ACTION_REPORT_HISTORY}
06-28 18:42:43.945 31509 31509 D ActivityThread: Remove activity client record, r= ActivityRecord{5163de6 token=android.os.BinderProxy@1536d98 {com.android.packageinstaller/com.android.packageinstaller.permission.ui.GrantPermissionsActivity}} token= android.os.BinderProxy@1536d98
06-28 18:42:43.945  1952  2773 E AwareLog: GameSdkConfigReader: GameSdkLog: idNameMap: null
06-28 18:42:43.949  1114  4501 V WindowManager: removeAppToken: AppWindowToken{ab4b7c3 token=Token{5f2772 ActivityRecord{899dc7d u0 com.android.packageinstaller/.permission.ui.GrantPermissionsActivity t226}}} delayed=false Callers=com.android.server.wm.DisplayContent.removeAppToken:1059 com.android.server.wm.AppWindowContainerController.removeContainer:301 com.android.server.am.ActivityRecord.removeWindowContainer:1152 com.android.server.am.ActivityStack.removeActivityFromHistoryLocked:4507 
06-28 18:42:43.949   626  1275 I chatty  : uid=1041(audioserver) HwBinder:626_1 expire 10 lines
06-28 18:42:43.958  7833  7961 D JIGUANG-JCore: [HttpHelper] status code:200 retry left:2
06-28 18:42:43.985   753  1599 E DE N ABT: mergeProcessorOperating:1225: COMPONENT_RGBW already has data, can't add new data with mode(0x1000000), mode:0x16->0x1000016
06-28 18:42:43.989  1993 26137 D HwRecentsTaskUtils: refreshToCache
06-28 18:42:43.989  1993 26137 D HwRecentsTaskUtils: searchFromDate
06-28 18:42:43.994  1993 26137 I RecentsTaskLoadPlan: to show tasks size is 7
06-28 18:42:43.998  1114  1242 W WindowManager: Unable to start animation, surface is null or no children.
06-28 18:42:44.027  7833  7961 D JIGUANG-JCore: [HttpHelper] status code:200 retry left:2
06-28 18:42:44.061  7833  7887 D         : addLayerName, tid:7887
06-28 18:42:44.063  7833  7887 D         : addLayerName, tid:7887
06-28 18:42:44.080  7833  7887 D         : addLayerName, tid:7887
06-28 18:42:44.096  7833  7887 D         : addLayerName, tid:7887
06-28 18:42:44.109   776   776 E Thermal-daemon: [charger_ic] temp_new :41  temp_old :40
06-28 18:42:44.109  1952  1990 I ThermalService: Receive temperature change, type: 2, temp: 41 from thermald
06-28 18:42:44.109   776   776 E Thermal-daemon: Report temperature: [charger_ic] temp :41  report_threshold:1
06-28 18:42:44.109  1952  2586 D HwThermalStateManager: Thermal type: 2 cur_temperature:41
06-28 18:42:44.113  7833  7887 D         : addLayerName, tid:7887
06-28 18:42:44.122  7279  7757 W QueryController: Could not detect idle state.
06-28 18:42:44.123  7279  7757 W AccessibilityInteractionClient: old interaction Id is: -1,current interaction Id is:48
06-28 18:42:44.126  7279  7757 W AccessibilityInteractionClient: old interaction Id is: -1,current interaction Id is:49
06-28 18:42:44.130  7833  7887 D         : addLayerName, tid:7887
06-28 18:42:44.146  7833  7887 D         : addLayerName, tid:7887
06-28 18:42:44.162  7833  7887 D         : addLayerName, tid:7887
06-28 18:42:44.178  7833  7887 D         : addLayerName, tid:7887
06-28 18:42:44.189  1114  5061 I chatty  : uid=1000(system) mss_handler_thr expire 6 lines
06-28 18:42:44.195  7833  7887 D         : addLayerName, tid:7887
06-28 18:42:44.212  7833  7887 D         : addLayerName, tid:7887
06-28 18:42:44.229  7833  7887 D         : addLayerName, tid:7887
06-28 18:42:44.230  7833  7963 I AudioTrack: audioTrack continuously zero data counter >= 20, send pause/stop state to pg, counter: 20
06-28 18:42:44.231  1952  2110 I PGAudioState: stop from audioTrack, pid:  sessionId: 2041
06-28 18:42:44.245  7833  7887 D         : addLayerName, tid:7887
06-28 18:42:44.262  7833  7887 D         : addLayerName, tid:7887
06-28 18:42:44.278  7833  7887 D         : addLayerName, tid:7887
06-28 18:42:44.294  7833  7887 D         : addLayerName, tid:7887
06-28 18:42:44.311  7833  7887 D         : addLayerName, tid:7887
06-28 18:42:44.312   780  9105 I Pged-IPgedBinderService: ****action is 2, pid num is 2***
06-28 18:42:44.312   780  9105 I Pged-Freezer: thawPids
06-28 18:42:44.313  1952  2239 D PgedBinderAdapter: unfrz ok, pid: [30304]
06-28 18:42:44.328  7833  7887 D         : addLayerName, tid:7887
06-28 18:42:44.344  7833  7887 D         : addLayerName, tid:7887
06-28 18:42:44.361  7833  7887 D         : addLayerName, tid:7887
06-28 18:42:44.377  7833  7887 D         : addLayerName, tid:7887
06-28 18:42:44.386  1114  1114 I HwNormalizedSpline: mOminLevelMode:Day getBrightnessLevel lux =457.0,mDefaultBrightness=44.302532,mOCount=11
06-28 18:42:44.394  7833  7887 D         : addLayerName, tid:7887
06-28 18:42:44.410  7833  7887 D         : addLayerName, tid:7887
06-28 18:42:44.426  7833  7887 D         : addLayerName, tid:7887
06-28 18:42:44.439   635   635 I GameScheduler: GameSchedulerImpl::changeRenderTid - from 7833 to 7887
06-28 18:42:44.439   635   635 I GameScheduler: Tracked thread change from 7833 to 7887
06-28 18:42:44.443  7833  7887 D         : addLayerName, tid:7887
06-28 18:42:44.452   635   635 I GameScheduler: GameSchedulerImpl::changeRenderTid - from 7887 to 7887
06-28 18:42:44.452   642  8728 E PF_PH   : [perfRequest:536] PerfRequest failed for pid 635
06-28 18:42:44.452   642  8728 E PF_GENIUS: [perfRequest] perfRequest failed.
06-28 18:42:44.452   635   635 E PF_CLIENT: [perfRequest] perfRequest failed
06-28 18:42:44.459  7833  7887 D         : addLayerName, tid:7887
06-28 18:42:44.469  1724  1724 I PhoneStatusBarView: mDelayedGetViewPositionOnScreen getLocationInWindow 0 0
06-28 18:42:44.469  1724  1724 I PhoneStatusBarView: mDelayedGetViewPositionOnScreen getLocationOnScreen 0 0
06-28 18:42:44.476  7833  7887 D         : addLayerName, tid:7887
06-28 18:42:44.493  7833  7887 D         : addLayerName, tid:7887
06-28 18:42:44.510  7833  7887 D         : addLayerName, tid:7887
06-28 18:42:44.525  7833  7887 D         : addLayerName, tid:7887
06-28 18:42:44.542  7833  7887 D         : addLayerName, tid:7887
06-28 18:42:44.558  7833  7887 D         : addLayerName, tid:7887
06-28 18:42:44.575  7833  7887 D         : addLayerName, tid:7887
06-28 18:42:44.592  7833  7887 D         : addLayerName, tid:7887
06-28 18:42:44.608  7833  7887 D         : addLayerName, tid:7887
06-28 18:42:44.625  7833  7887 D         : addLayerName, tid:7887
06-28 18:42:44.642  7833  7887 D         : addLayerName, tid:7887
06-28 18:42:44.658  7833  7887 D         : addLayerName, tid:7887
06-28 18:42:44.674  7833  7887 D         : addLayerName, tid:7887
06-28 18:42:44.691  7833  7887 D         : addLayerName, tid:7887
06-28 18:42:44.707  7833  7887 D         : addLayerName, tid:7887
06-28 18:42:44.724  7833  7887 D         : addLayerName, tid:7887
06-28 18:42:44.740  7833  7887 D         : addLayerName, tid:7887
06-28 18:42:44.757  7833  7887 D         : addLayerName, tid:7887
06-28 18:42:44.774  7833  7887 D         : addLayerName, tid:7887
06-28 18:42:44.790  7833  7887 D         : addLayerName, tid:7887
06-28 18:42:44.806  7833  7887 D         : addLayerName, tid:7887
06-28 18:42:44.822  7833  7887 D         : addLayerName, tid:7887
06-28 18:42:44.831   646   646 E WifiHAL : enter wifi_get_link_stats
06-28 18:42:44.840  7833  7887 D         : addLayerName, tid:7887
06-28 18:42:44.845 31509 31530 D ZrHung.AppEyeUiProbe: Current Activity:false
06-28 18:42:44.845 31509 31530 D ZrHung.AppEyeUiProbe: not watching, wait.
06-28 18:42:44.856  7833  7887 D         : addLayerName, tid:7887
06-28 18:42:44.873  7833  7887 D         : addLayerName, tid:7887
06-28 18:42:44.889  7833  7887 D         : addLayerName, tid:7887
06-28 18:42:44.906  7833  7887 D         : addLayerName, tid:7887
06-28 18:42:44.922  7833  7887 D         : addLayerName, tid:7887
06-28 18:42:44.938  7833  7887 D         : addLayerName, tid:7887
06-28 18:42:44.955  7833  7887 D         : addLayerName, tid:7887
06-28 18:42:44.972  7833  7887 D         : addLayerName, tid:7887
06-28 18:42:44.988  7833  7887 D         : addLayerName, tid:7887
06-28 18:42:45.001  3093  7828 W NetRec  : [5733] ahtr.a: Timeout after 2238 ms while waiting for score updates. Returning 1.
06-28 18:42:45.005  3093  7828 I NetRec  : [5733] ahtr.a: Still entries pending update, scheduling new rapid_refresh_scores_task refresh.
06-28 18:42:45.006  7833  7887 D         : addLayerName, tid:7887
06-28 18:42:45.006  3093  7828 I NetRec  : [5733] ahtr.a: Completed rapid_refresh_scores_task score refresh task in 2258 ms, returning 1
06-28 18:42:45.008  1114  1471 V BroadcastQueue: Finished with ordered broadcast BroadcastRecord{494db34 u0 com.google.android.gms.gcm.ACTION_SCHEDULE}
06-28 18:42:45.013  3093  5984 D WorkSource: Insert in WorkSource{} @ 0 uid 10021 name com.google.android.gms
06-28 18:42:45.014  1114  9173 W HwAlarmManagerService: isContainsAppUidInWorksource-->happend NameNotFoundException
06-28 18:42:45.014  1114  9173 W HwAlarmManagerService: isContainsAppUidInWorksource-->happend NameNotFoundException
06-28 18:42:45.022  7833  7887 D         : addLayerName, tid:7887
06-28 18:42:45.038  7833  7887 D         : addLayerName, tid:7887
06-28 18:42:45.054  7833  7887 D         : addLayerName, tid:7887
06-28 18:42:45.059   642   702 W PF_SYS_WRAPPER: [sysOpenAndWriteStr:83] [CPU_B] write to /sys/devices/system/cpu/cpu4/cpufreq/scaling_max_freq failed, errno=22 (Invalid argument) 
06-28 18:42:45.060   642   703 W PF_SYS_WRAPPER: [sysOpenAndWriteStr:83] [GPU] write to /sys/class/devfreq/gpufreq/max_freq failed, errno=22 (Invalid argument) 
06-28 18:42:45.075  7833  7887 D         : addLayerName, tid:7887
06-28 18:42:45.092  7833  7887 D         : addLayerName, tid:7887
06-28 18:42:45.109  7833  7887 D         : addLayerName, tid:7887
06-28 18:42:45.128  7833  7887 D         : addLayerName, tid:7887
06-28 18:42:45.128  7279  7757 W QueryController: Could not detect idle state.
06-28 18:42:45.133  7279  7757 W AccessibilityInteractionClient: old interaction Id is: -1,current interaction Id is:50
06-28 18:42:45.143  7279  7757 W AccessibilityInteractionClient: old interaction Id is: -1,current interaction Id is:51
06-28 18:42:45.143  7833  7887 D         : addLayerName, tid:7887
06-28 18:42:45.156  7833  7887 D         : addLayerName, tid:7887
06-28 18:42:45.174  7833  7887 D         : addLayerName, tid:7887
06-28 18:42:45.191  7833  7887 D         : addLayerName, tid:7887
06-28 18:42:45.206  7833  7887 D         : addLayerName, tid:7887
06-28 18:42:45.224  7833  7887 D         : addLayerName, tid:7887
06-28 18:42:45.241  7833  7887 D         : addLayerName, tid:7887
06-28 18:42:45.257  7833  7887 D         : addLayerName, tid:7887
06-28 18:42:45.273  7833  7887 D         : addLayerName, tid:7887
06-28 18:42:45.289  7833  7887 D         : addLayerName, tid:7887
06-28 18:42:45.306  7833  7887 D         : addLayerName, tid:7887
06-28 18:42:45.323  7833  7887 D         : addLayerName, tid:7887
06-28 18:42:45.339  7833  7887 D         : addLayerName, tid:7887
06-28 18:42:45.355  7833  7887 D         : addLayerName, tid:7887
06-28 18:42:45.374  7833  7887 D         : addLayerName, tid:7887
06-28 18:42:45.389  7833  7887 D         : addLayerName, tid:7887
06-28 18:42:45.405  7833  7887 D         : addLayerName, tid:7887
06-28 18:42:45.422  7833  7887 D         : addLayerName, tid:7887
06-28 18:42:45.439  7833  7887 D         : addLayerName, tid:7887
06-28 18:42:45.454  1114  1533 I chatty  : uid=1000(system) sManagerService expire 1 line
06-28 18:42:45.456  7833  7887 D         : addLayerName, tid:7887
06-28 18:42:45.476  7976  7978 D vndksupport: Loading /vendor/lib64/hw/android.hardware.graphics.mapper@2.0-impl.so from current namespace instead of sphal namespace.
06-28 18:42:45.477  7976  7978 D vndksupport: Loading /vendor/lib64/hw/gralloc.kirin970.so from current namespace instead of sphal namespace.
06-28 18:42:45.482   613  1029 I GRALLOC : getCallingPid=7976, shrFd=31,fmt=0x1,intFmt=0x1,btStrd=4352,size=9768960,pid=613 
06-28 18:42:45.482   613  1029 I GRALLOC : 	 yuv=2,w=1080,h=2244,Stride u=0 v=0,offset u=0 v=0 
06-28 18:42:45.482   613  1029 I GRALLOC : 	 iova_size=9768960,conUsg=0x206,proUsg=0x206,	 strd=1088,[afbc]HdrStrd=0 PyldStrd=0 Scrmbl=0,ionhnd = 1 
06-28 18:42:45.497  7833  7887 D         : addLayerName, tid:7887
06-28 18:42:45.501   613  1029 I GRALLOC : getCallingPid=7976, shrFd=31,fmt=0x1,intFmt=0x1,btStrd=4352,size=9768960,pid=613 
06-28 18:42:45.501   613  1029 I GRALLOC : 	 yuv=2,w=1080,h=2244,Stride u=0 v=0,offset u=0 v=0 
06-28 18:42:45.501   613  1029 I GRALLOC : 	 iova_size=9768960,conUsg=0x206,proUsg=0x206,	 strd=1088,[afbc]HdrStrd=0 PyldStrd=0 Scrmbl=0,ionhnd = 1 
06-28 18:42:45.514  7833  7887 D         : addLayerName, tid:7887
06-28 18:42:45.517   613  1029 I GRALLOC : getCallingPid=7976, shrFd=31,fmt=0x1,intFmt=0x1,btStrd=4352,size=9768960,pid=613 
06-28 18:42:45.517   613  1029 I GRALLOC : 	 yuv=2,w=1080,h=2244,Stride u=0 v=0,offset u=0 v=0 
06-28 18:42:45.517   613  1029 I GRALLOC : 	 iova_size=9768960,conUsg=0x206,proUsg=0x206,	 strd=1088,[afbc]HdrStrd=0 PyldStrd=0 Scrmbl=0,ionhnd = 1 
06-28 18:42:45.529  7833  7887 D         : addLayerName, tid:7887
06-28 18:42:45.530   650   650 I chatty  : uid=1000(system) /system/bin/surfaceflinger expire 6 lines
06-28 18:42:45.535  7833  7887 D         : addLayerName, tid:7887
06-28 18:42:45.547  7833  7887 D         : addLayerName, tid:7887
06-28 18:42:45.564  7833  7887 D         : addLayerName, tid:7887
06-28 18:42:45.567   650   650 D Layer   : Skip in Layer::computeScreenBounds 1
06-28 18:42:45.568   650   650 D Layer   : Skip in Layer::computeScreenBounds 1
06-28 18:42:45.569   650   650 E SurfaceFlinger: eglSwapBuffers(0x1, 0x77004db180) failed with 0x0000300d
06-28 18:42:45.581   650   650 I SurfaceFlinger: clearSkipScreenRecord
06-28 18:42:45.583  1114  1561 I chatty  : uid=1000(system) WifiService expire 27 lines
06-28 18:42:45.584  7833  7887 D         : addLayerName, tid:7887
06-28 18:42:45.586   650   650 W mali_winsys: native_window_api_disconnect failed: -32
06-28 18:42:45.587   650   650 W libEGL  : EGLNativeWindowType 0x770056d010 disconnect failed
06-28 18:42:45.590   650   650 D Layer   : Skip in Layer::computeScreenBounds 1
06-28 18:42:45.591   650   650 D Layer   : Skip in Layer::computeScreenBounds 1
06-28 18:42:45.596  7833  7887 D         : addLayerName, tid:7887
06-28 18:42:45.613  7833  7887 D         : addLayerName, tid:7887
06-28 18:42:45.630  7833  7887 D         : addLayerName, tid:7887
06-28 18:42:45.647  7833  7887 D         : addLayerName, tid:7887
06-28 18:42:45.666  7833  7887 D         : addLayerName, tid:7887
06-28 18:42:45.685  7833  7887 D         : addLayerName, tid:7887
06-28 18:42:45.697  7833  7887 D         : addLayerName, tid:7887
06-28 18:42:45.715  7833  7887 D         : addLayerName, tid:7887
06-28 18:42:45.721  7279  7757 D UIAutomatorStub: URI: /jsonrpc/0, Method: POST, params, {NanoHttpd.QUERY_STRING=null}, files: {postData={"jsonrpc": "2.0", "id": "7b034385e4c149bd1d64006e75b1693e", "method": "waitForExists", "params": [{"mask": 1, "childOrSibling": [], "childOrSiblingSelector": [], "text": "starBuy"}, 20000]}}
06-28 18:42:45.730  7279  7757 W QueryController: Could not detect idle state.
06-28 18:42:45.732  7833  7887 D         : addLayerName, tid:7887
06-28 18:42:45.734  7279  7757 W AccessibilityInteractionClient: old interaction Id is: -1,current interaction Id is:52
06-28 18:42:45.740  7279  7757 W AccessibilityInteractionClient: old interaction Id is: -1,current interaction Id is:53
06-28 18:42:45.747  7833  7887 D         : addLayerName, tid:7887
06-28 18:42:45.763  7833  7887 D         : addLayerName, tid:7887
06-28 18:42:45.779  7833  7887 D         : addLayerName, tid:7887
06-28 18:42:45.797  7833  7887 D         : addLayerName, tid:7887
06-28 18:42:45.814  7833  7887 D         : addLayerName, tid:7887
06-28 18:42:45.833  7833  7887 D         : addLayerName, tid:7887
06-28 18:42:45.845  7833  7887 D         : addLayerName, tid:7887
06-28 18:42:45.863  7833  7887 D         : addLayerName, tid:7887
06-28 18:42:45.881  7833  7887 D         : addLayerName, tid:7887
06-28 18:42:45.895  7833  7887 D         : addLayerName, tid:7887
06-28 18:42:45.913  7833  7887 D         : addLayerName, tid:7887
06-28 18:42:45.928  7833  7887 D         : addLayerName, tid:7887
06-28 18:42:45.944  7833  7887 D         : addLayerName, tid:7887
06-28 18:42:45.962  7833  7887 D         : addLayerName, tid:7887
06-28 18:42:45.978  7833  7887 D         : addLayerName, tid:7887
06-28 18:42:45.994  7833  7887 D         : addLayerName, tid:7887
06-28 18:42:46.011  7833  7887 D         : addLayerName, tid:7887
06-28 18:42:46.027  7833  7887 D         : addLayerName, tid:7887
06-28 18:42:46.044  7833  7887 D         : addLayerName, tid:7887
06-28 18:42:46.060  7833  7887 D         : addLayerName, tid:7887
06-28 18:42:46.077  7833  7887 D         : addLayerName, tid:7887
06-28 18:42:46.077   635   635 I AISched FPS: currentfps 60,detected fps 60,flag 0,high 30,low 10,sleepPercent 0.909251,old 8,new 8
06-28 18:42:46.095  7833  7887 D         : addLayerName, tid:7887
06-28 18:42:46.110  7833  7887 D         : addLayerName, tid:7887
06-28 18:42:46.129  7833  7887 D         : addLayerName, tid:7887
06-28 18:42:46.144  7833  7887 D         : addLayerName, tid:7887
06-28 18:42:46.159  7833  7887 D         : addLayerName, tid:7887
06-28 18:42:46.178  7833  7887 D         : addLayerName, tid:7887
06-28 18:42:46.193  7833  7887 D         : addLayerName, tid:7887
06-28 18:42:46.209  7833  7887 D         : addLayerName, tid:7887
06-28 18:42:46.225  7833  7887 D         : addLayerName, tid:7887
06-28 18:42:46.243  7833  7887 D         : addLayerName, tid:7887
06-28 18:42:46.260  7833  7887 D         : addLayerName, tid:7887
06-28 18:42:46.276  7833  7887 D         : addLayerName, tid:7887
06-28 18:42:46.292  7833  7887 D         : addLayerName, tid:7887
06-28 18:42:46.308  7833  7887 D         : addLayerName, tid:7887
06-28 18:42:46.325  7833  7887 D         : addLayerName, tid:7887
06-28 18:42:46.343  7833  7887 D         : addLayerName, tid:7887
06-28 18:42:46.358  7833  7887 D         : addLayerName, tid:7887
06-28 18:42:46.375  7833  7887 D         : addLayerName, tid:7887
06-28 18:42:46.391  7833  7887 D         : addLayerName, tid:7887
06-28 18:42:46.408  7833  7887 D         : addLayerName, tid:7887
06-28 18:42:46.424  7833  7887 D         : addLayerName, tid:7887
06-28 18:42:46.440  7833  7887 D         : addLayerName, tid:7887
06-28 18:42:46.458  7833  7887 D         : addLayerName, tid:7887
06-28 18:42:46.475  7833  7887 D         : addLayerName, tid:7887
06-28 18:42:46.490  7833  7887 D         : addLayerName, tid:7887
06-28 18:42:46.506  7833  7887 D         : addLayerName, tid:7887
06-28 18:42:46.523  7833  7887 D         : addLayerName, tid:7887
06-28 18:42:46.539  7833  7887 D         : addLayerName, tid:7887
06-28 18:42:46.556  7833  7887 D         : addLayerName, tid:7887
06-28 18:42:46.575  7833  7887 D         : addLayerName, tid:7887
06-28 18:42:46.589  7833  7887 D         : addLayerName, tid:7887
06-28 18:42:46.605  7833  7887 D         : addLayerName, tid:7887
06-28 18:42:46.623  7833  7887 D         : addLayerName, tid:7887
06-28 18:42:46.638  7833  7887 D         : addLayerName, tid:7887
06-28 18:42:46.655  7833  7887 D         : addLayerName, tid:7887
06-28 18:42:46.677  7833  7887 D         : addLayerName, tid:7887
06-28 18:42:46.689  7833  7887 D         : addLayerName, tid:7887
06-28 18:42:46.705  7833  7887 D         : addLayerName, tid:7887
06-28 18:42:46.722  7833  7887 D         : addLayerName, tid:7887
06-28 18:42:46.739  7833  7887 D         : addLayerName, tid:7887
06-28 18:42:46.746  7279  7757 W QueryController: Could not detect idle state.
06-28 18:42:46.748  7279  7757 W AccessibilityInteractionClient: old interaction Id is: -1,current interaction Id is:54
06-28 18:42:46.756  7279  7757 W AccessibilityInteractionClient: old interaction Id is: -1,current interaction Id is:55
06-28 18:42:46.757  7833  7887 D         : addLayerName, tid:7887
06-28 18:42:46.771  7833  7887 D         : addLayerName, tid:7887
06-28 18:42:46.788  7833  7887 D         : addLayerName, tid:7887
06-28 18:42:46.804  7833  7887 D         : addLayerName, tid:7887
06-28 18:42:46.819  1900  2108 I chatty  : uid=1000(system) HwWifiStatStore expire 9 lines
06-28 18:42:46.821  7833  7887 D         : addLayerName, tid:7887
06-28 18:42:46.837  7833  7887 D         : addLayerName, tid:7887
06-28 18:42:46.854  7833  7887 D         : addLayerName, tid:7887
06-28 18:42:46.870  7833  7887 D         : addLayerName, tid:7887
06-28 18:42:46.889  7833  7887 D         : addLayerName, tid:7887
06-28 18:42:46.906  7833  7887 D         : addLayerName, tid:7887
06-28 18:42:46.920  7833  7887 D         : addLayerName, tid:7887
06-28 18:42:46.936  7833  7887 D         : addLayerName, tid:7887
06-28 18:42:46.952  7833  7887 D         : addLayerName, tid:7887
06-28 18:42:46.969  7833  7887 D         : addLayerName, tid:7887
06-28 18:42:46.985  7833  7887 D         : addLayerName, tid:7887
06-28 18:42:47.002  7833  7887 D         : addLayerName, tid:7887
06-28 18:42:47.019  7833  7887 D         : addLayerName, tid:7887
06-28 18:42:47.035  7833  7887 D         : addLayerName, tid:7887
06-28 18:42:47.053  7833  7887 D         : addLayerName, tid:7887
06-28 18:42:47.070  7833  7887 D         : addLayerName, tid:7887
06-28 18:42:47.085  7833  7887 D         : addLayerName, tid:7887
06-28 18:42:47.100  7833  7887 D         : addLayerName, tid:7887
06-28 18:42:47.117  7833  7887 D         : addLayerName, tid:7887
06-28 18:42:47.136  7833  7887 D         : addLayerName, tid:7887
06-28 18:42:47.151  7833  7887 D         : addLayerName, tid:7887
06-28 18:42:47.168  7833  7887 D         : addLayerName, tid:7887
06-28 18:42:47.180  1114  1790 W Watchdog: hungtask: writing kick
06-28 18:42:47.184  7833  7887 D         : addLayerName, tid:7887
06-28 18:42:47.201  7833  7887 D         : addLayerName, tid:7887
06-28 18:42:47.218  7833  7887 D         : addLayerName, tid:7887
06-28 18:42:47.235  7833  7887 D         : addLayerName, tid:7887
06-28 18:42:47.251  7833  7887 D         : addLayerName, tid:7887
06-28 18:42:47.267  7833  7887 D         : addLayerName, tid:7887
06-28 18:42:47.284  7833  7887 D         : addLayerName, tid:7887
06-28 18:42:47.300  7833  7887 D         : addLayerName, tid:7887
06-28 18:42:47.317  7833  7887 D         : addLayerName, tid:7887
06-28 18:42:47.333  7833  7887 D         : addLayerName, tid:7887
06-28 18:42:47.350  7833  7887 D         : addLayerName, tid:7887
06-28 18:42:47.365  7833  7887 D         : addLayerName, tid:7887
06-28 18:42:47.382  7833  7887 D         : addLayerName, tid:7887
06-28 18:42:47.398  7833  7887 D         : addLayerName, tid:7887
06-28 18:42:47.416  7833  7887 D         : addLayerName, tid:7887
06-28 18:42:47.434  7833  7887 D         : addLayerName, tid:7887
06-28 18:42:47.449  7833  7887 D         : addLayerName, tid:7887
06-28 18:42:47.465  7833  7887 D         : addLayerName, tid:7887
06-28 18:42:47.482  7833  7887 D         : addLayerName, tid:7887
06-28 18:42:47.497  7833  7887 D         : addLayerName, tid:7887
06-28 18:42:47.517  7833  7887 D         : addLayerName, tid:7887
06-28 18:42:47.531  7833  7887 D         : addLayerName, tid:7887
06-28 18:42:47.553  7833  7887 D         : addLayerName, tid:7887
06-28 18:42:47.564  7833  7887 D         : addLayerName, tid:7887
06-28 18:42:47.580  7833  7887 D         : addLayerName, tid:7887
06-28 18:42:47.596  7833  7887 D         : addLayerName, tid:7887
06-28 18:42:47.615  7833  7887 D         : addLayerName, tid:7887
06-28 18:42:47.631  7833  7887 D         : addLayerName, tid:7887
06-28 18:42:47.647  7833  7887 D         : addLayerName, tid:7887
06-28 18:42:47.663  7833  7887 D         : addLayerName, tid:7887
06-28 18:42:47.679  7833  7887 D         : addLayerName, tid:7887
06-28 18:42:47.696  7833  7887 D         : addLayerName, tid:7887
06-28 18:42:47.713  7833  7887 D         : addLayerName, tid:7887
06-28 18:42:47.729  7833  7887 D         : addLayerName, tid:7887
06-28 18:42:47.730   635   635 I AISched FPS: currentfps 60,detected fps 60,flag 0,high 28,low 12,sleepPercent 0.873101,old 8,new 8
06-28 18:42:47.745  7833  7887 D         : addLayerName, tid:7887
06-28 18:42:47.762  7279  7757 W QueryController: Could not detect idle state.
06-28 18:42:47.764  7833  7887 D         : addLayerName, tid:7887
06-28 18:42:47.765  7279  7757 W AccessibilityInteractionClient: old interaction Id is: -1,current interaction Id is:56
06-28 18:42:47.770  7279  7757 W AccessibilityInteractionClient: old interaction Id is: -1,current interaction Id is:57
06-28 18:42:47.773  1952 26416 I DownloadState: 10405 stop download, curr: 47308037, base: 43072415, delta: 4235622
06-28 18:42:47.774  1952 26416 I DownloadState: @@@@@@@@@@@@ uid :10405 download :false
06-28 18:42:47.774  1952 26416 I PGServer: report state:5 event type:2 pid:0 uid:10405 pkg:null to pid: 1114
06-28 18:42:47.778  7833  7887 D         : addLayerName, tid:7887
06-28 18:42:47.795  7833  7887 D         : addLayerName, tid:7887
06-28 18:42:47.811  7833  7887 D         : addLayerName, tid:7887
06-28 18:42:47.828  7833  7887 D         : addLayerName, tid:7887
06-28 18:42:47.845  7833  7887 D         : addLayerName, tid:7887
06-28 18:42:47.851   646   646 E WifiHAL : enter wifi_get_link_stats
06-28 18:42:47.861  7833  7887 D         : addLayerName, tid:7887
06-28 18:42:47.878  1114  1562 I chatty  : uid=1000(system) WifiStateMachin expire 33 lines
06-28 18:42:47.878  7833  7887 D         : addLayerName, tid:7887
06-28 18:42:47.896  7833  7887 D         : addLayerName, tid:7887
06-28 18:42:47.897  7833  7833 D AwareBitmapCacher: handleInit switch not opened pid=7833
06-28 18:42:47.911  7833  7887 D         : addLayerName, tid:7887
06-28 18:42:47.927  7833  7887 D         : addLayerName, tid:7887
06-28 18:42:47.943  7833  7887 D         : addLayerName, tid:7887
06-28 18:42:47.961  7833  7887 D         : addLayerName, tid:7887
06-28 18:42:47.993  7833  7887 D         : addLayerName, tid:7887
06-28 18:42:48.010  7833  7887 D         : addLayerName, tid:7887
06-28 18:42:48.026  7833  7887 D         : addLayerName, tid:7887
06-28 18:42:48.045  7833  7887 D         : addLayerName, tid:7887
06-28 18:42:48.059  7833  7887 D         : addLayerName, tid:7887
06-28 18:42:48.077  7833  7887 D         : addLayerName, tid:7887
06-28 18:42:48.097  7833  7887 D         : addLayerName, tid:7887
06-28 18:42:48.110  7833  7887 D         : addLayerName, tid:7887
06-28 18:42:48.117   648  1284 I chatty  : uid=1041(audioserver) AudioOut_D expire 141 lines
06-28 18:42:48.126  7833  7887 D         : addLayerName, tid:7887
06-28 18:42:48.142  7833  7887 D         : addLayerName, tid:7887
06-28 18:42:48.158  7833  7887 D         : addLayerName, tid:7887
06-28 18:42:48.175  7833  7887 D         : addLayerName, tid:7887
06-28 18:42:48.192  7833  7887 D         : addLayerName, tid:7887
06-28 18:42:48.208  7833  7887 D         : addLayerName, tid:7887
06-28 18:42:48.225  7833  7887 D         : addLayerName, tid:7887
06-28 18:42:48.242  7833  7887 D         : addLayerName, tid:7887
06-28 18:42:48.258  7833  7887 D         : addLayerName, tid:7887
06-28 18:42:48.275  7833  7887 D         : addLayerName, tid:7887
06-28 18:42:48.294  7833  7887 D         : addLayerName, tid:7887
06-28 18:42:48.310  7833  7887 D         : addLayerName, tid:7887
06-28 18:42:48.324  7833  7887 D         : addLayerName, tid:7887
06-28 18:42:48.341  7833  7887 D         : addLayerName, tid:7887
06-28 18:42:48.361  7833  7887 D         : addLayerName, tid:7887
06-28 18:42:48.374  7833  7887 D         : addLayerName, tid:7887
06-28 18:42:48.392  7833  7887 D         : addLayerName, tid:7887
06-28 18:42:48.407  7833  7887 D         : addLayerName, tid:7887
06-28 18:42:48.423  7833  7887 D         : addLayerName, tid:7887
06-28 18:42:48.440  7833  7887 D         : addLayerName, tid:7887
06-28 18:42:48.456  7833  7887 D         : addLayerName, tid:7887
06-28 18:42:48.472  7833  7887 D         : addLayerName, tid:7887
06-28 18:42:48.489  7833  7887 D         : addLayerName, tid:7887
06-28 18:42:48.505  7833  7887 D         : addLayerName, tid:7887
06-28 18:42:48.523  7833  7887 D         : addLayerName, tid:7887
06-28 18:42:48.539  7833  7887 D         : addLayerName, tid:7887
06-28 18:42:48.556  7833  7887 D         : addLayerName, tid:7887
06-28 18:42:48.574  7833  7887 D         : addLayerName, tid:7887
06-28 18:42:48.588  7833  7887 D         : addLayerName, tid:7887
06-28 18:42:48.605  7833  7887 D         : addLayerName, tid:7887
06-28 18:42:48.621  7833  7887 D         : addLayerName, tid:7887
06-28 18:42:48.638  7833  7887 D         : addLayerName, tid:7887
06-28 18:42:48.656  7833  7887 D         : addLayerName, tid:7887
06-28 18:42:48.671  7833  7887 D         : addLayerName, tid:7887
06-28 18:42:48.687  7833  7887 D         : addLayerName, tid:7887
06-28 18:42:48.704  7833  7887 D         : addLayerName, tid:7887
06-28 18:42:48.720  7833  7887 D         : addLayerName, tid:7887
06-28 18:42:48.737  7833  7887 D         : addLayerName, tid:7887
