06-28 18:41:49.127  1114  8995 I HwPackageManagerServiceEx: now 119708711 optNow true upgrade false BootCompleted true UserSwitching 0
06-28 18:41:49.176   760 31263 D installed: forkNotifyToRMS parcel pid=0, ppid=760, pkg=com.mixgo.PropertySEO, status=1, num=10, time=1561705232
06-28 18:41:49.177   760 31263 V installed: DexInv: --- BEGIN '/data/app/com.mixgo.PropertySEO-HxmzhCghrIWA-ylkasQ-0g==/base.apk' ---
06-28 18:41:49.178   760 31263 D installed: forkNotifyToRMS parcel pid=7721, ppid=760, pkg=com.mixgo.PropertySEO, status=0, num=0, time=0
06-28 18:41:49.224  7721  7721 I dex2oat : /system/bin/dex2oat --input-vdex-fd=31 --output-vdex-fd=32 --compiler-filter=speed-profile -j1 --profile-file-fd=35 --classpath-dir=/data/app/com.mixgo.PropertySEO-HxmzhCghrIWA-ylkasQ-0g== --class-loader-context=PCL[] --generate-mini-debug-info --compilation-reason=unknown
06-28 18:41:49.342  1952  2110 I chatty  : uid=1000(system) core expire 15 lines
06-28 18:41:49.443  1114  1217 I chatty  : uid=1000(system) android.bg expire 3 lines
06-28 18:41:49.973   642  8728 E PF_PH   : [perfRequest:536] PerfRequest failed for pid 635
06-28 18:41:49.973   642  8728 E PF_GENIUS: [perfRequest] perfRequest failed.
06-28 18:41:50.130  1114  9168 I chatty  : uid=1000(system) Binder:1114_19 expire 13 lines
06-28 18:41:50.259  7474  7513 I chatty  : uid=10405(com.mixgo.PropertySEO) expire 2 lines
06-28 18:41:50.283  7721  7721 I dex2oat : Explicit concurrent copying GC freed 3193(485KB) AllocSpace objects, 0(0B) LOS objects, 96% free, 62KB/1598KB, paused 131us total 10.420ms
06-28 18:41:50.348   650   650 D         : LagRatio happen FPS:10
06-28 18:41:50.348   650   650 D         : Jitter happen,total Jitter:5,FPS:0
06-28 18:41:50.348   650   650 D         : LagRatio happen FPS:0
06-28 18:41:50.488   646   646 E WifiHAL : enter wifi_get_link_stats
06-28 18:41:50.508  7721  7721 I dex2oat : dex2oat took 1.291s (1.294s cpu) (threads: 1) arena alloc=1402KB (1436496B) java alloc=78KB (80008B) native alloc=2MB (2417496B) free=4MB (4398248B)
06-28 18:41:50.521   760 31263 V installed: DexInv: --- END '/data/app/com.mixgo.PropertySEO-HxmzhCghrIWA-ylkasQ-0g==/base.apk' (success) ---
06-28 18:41:50.522   760 31263 D installed: forkNotifyToRMS parcel pid=0, ppid=760, pkg=com.mixgo.PropertySEO, status=2, num=0, time=0
06-28 18:41:50.619  1969  2957 W PhoneInterfaceManager: shouldBlockLocation running ...
06-28 18:41:50.619  1969  2957 I PhoneInterfaceManager: shouldBlockLocation  ret:false
06-28 18:41:50.623  1849  1905 I chatty  : uid=1000(system) HwLocation expire 6 lines
06-28 18:41:51.443   635   635 I chatty  : uid=1000(system) hwsched@1.0-ser expire 35 lines
06-28 18:41:51.625  3093  5483 W Conscrypt: Could not set socket write timeout: java.net.SocketException: Socket closed
06-28 18:41:51.626  3093  5483 W Conscrypt: 	at com.google.android.gms.org.conscrypt.Platform.setSocketWriteTimeout(:com.google.android.gms@14799037@14.7.99 (100400-223214910):2)
06-28 18:41:51.626  3093  5483 W Conscrypt: 	at com.google.android.gms.org.conscrypt.ConscryptFileDescriptorSocket.setSoWriteTimeout(:com.google.android.gms@14799037@14.7.99 (100400-223214910):2)
06-28 18:41:51.638  3093  5483 V NativeCrypto: SSL handshake aborted: ssl=0x729ae88348: I/O error during system call, Connection reset by peer
06-28 18:41:51.812   731   731 W irqbalance: type=1400 audit(0.0:37121): avc: denied { dac_override } for capability=1 scontext=u:r:irqbalance:s0 tcontext=u:r:irqbalance:s0 tclass=capability permissive=0
06-28 18:41:51.816   731   731 I irqbalance: Decided to move irq 101 from cpu 0 to cpu 1
06-28 18:41:52.832  1114  1617 I chatty  : uid=1000(system) wifipro_uid_tcp expire 12 lines
06-28 18:41:53.506   646   646 E WifiHAL : enter wifi_get_link_stats
06-28 18:41:53.607  1849  1890 I chatty  : uid=1000(system) HwPosionManager expire 23 lines
06-28 18:41:53.609   589  2303 I ArHal   : (ar_data_get_state:1225):id[2]
06-28 18:41:53.622   796  1102 I         : DPTEST  EventId is not need Hash
06-28 18:41:54.069   776   776 E Thermal-daemon: [pa_0] temp_new :40  temp_old :39
06-28 18:41:54.070   776   776 E Thermal-daemon: Report temperature: [pa_0] temp :40  report_threshold:1
06-28 18:41:54.357  1969  1969 I SmsApplication: updatedNeeded = true for userId = 0
06-28 18:41:54.359  1114  1114 V NotificationListeners: enabling notification listener for 0: ComponentInfo{com.baidu.searchbox/com.baidu.searchbox.lockscreen.notification.NotificationMonitorService}
06-28 18:41:54.365  3189  3189 I HiBoard_MainView: onReceive intent.getAction() android.intent.action.PACKAGE_CHANGED
06-28 18:41:54.366  3189  3189 I HiBoard_MainView: ACTION_PACKAGE_CHANGED : packageName =com.mixgo.PropertySEO, stopedByuser =false
06-28 18:41:54.367  1869  2319 I chatty  : uid=1000(system) EmcomThread expire 33 lines
06-28 18:41:54.372  1993  2117 I HwLauncher: SimpleAllAppsList  updatePackage : package[com.mixgo.PropertySEO] matched activity's size is 1 and data List size is 0
06-28 18:41:54.374  3045  3045 E NfcNci  : NfcUtils error: APP do not have nfc permission
06-28 18:41:54.375  3045  3045 I chatty  : uid=1027(nfc) com.android.nfc identical 1 line
06-28 18:41:54.376  3045  3045 E NfcNci  : NfcUtils error: APP do not have nfc permission
06-28 18:41:54.380  1667  1667 D avrcp-Avrcp: isBrowsableListUpdated: false
06-28 18:41:54.382  1114  1541 I chatty  : uid=1000(system) InputReader expire 1 line
06-28 18:41:54.385  1114  1114 V NotificationListeners: binding: Intent { act=android.service.notification.NotificationListenerService cmp=com.baidu.searchbox/.lockscreen.notification.NotificationMonitorService (has extras) }
06-28 18:41:54.387  1993  2117 I HwLauncher: SimpleAllAppsList  findAndUpdateInfoInDB : found 0 shortcutInfo for package[com.mixgo.PropertySEO] in db
06-28 18:41:54.387  1993  2117 I HwLauncher: SimpleAllAppsList  updatePackage do not add new SimpleApplicationInfo,It's in normal now. package = com.mixgo.PropertySEO
06-28 18:41:54.387  1993  2117 W HwLauncher: SimpleLauncherModeNobody to tell about the new app.  Launcher is probably loading.
06-28 18:41:54.388 31253  7726 D AdBlock_AbsAdRequest: doRequest
06-28 18:41:54.390  1114  1114 W NotificationListeners: Unable to bind notification listener service: Intent { act=android.service.notification.NotificationListenerService cmp=com.baidu.searchbox/.lockscreen.notification.NotificationMonitorService (has extras) }
06-28 18:41:54.391  2017  7727 D HwSignedInfo: com.mixgo.PropertySEO,installer:
06-28 18:41:54.391  2017  7727 W HSM_BG  : SecurityProfileNetwork:no app need to check from network!
06-28 18:41:54.393  1114  1114 V NotificationListeners: enabling notification listener for 0: ComponentInfo{com.huawei.android.launcher/com.android.launcher.notification.NotificationListener}
06-28 18:41:54.397  1114  1114 V NotificationListeners: binding: Intent { act=android.service.notification.NotificationListenerService cmp=com.huawei.android.launcher/com.android.launcher.notification.NotificationListener (has extras) }
06-28 18:41:54.407  1114  1114 W NotificationListeners: Not binding notification listener service ComponentInfo{android/com.android.server.emcom.grabservice.NotificationListener}: service not found
06-28 18:41:54.407  1114  1114 W NotificationAssistants: rebindServices() ignore for NotificationAssistantService
06-28 18:41:54.410  1114  1114 D SecurityProfileService: updatePackageInformation,packageName:com.mixgo.PropertySEO
06-28 18:41:54.410  1114  1114 D SecurityProfileService: updateDomainPolicies,packageList:[com.mixgo.PropertySEO]
06-28 18:41:54.410  1114  1114 D SecurityProfileService: resolveActiveDomainPolicies packageName com.mixgo.PropertySEO
06-28 18:41:54.410  1114  1114 D SecurityProfileUtils: getInstalledApkPath name success,packageName:com.mixgo.PropertySEO,userId:0,ApkPath:/data/app/com.mixgo.PropertySEO-HxmzhCghrIWA-ylkasQ-0g==/base.apk
06-28 18:41:54.410  1114  1114 D SecurityProfileService: selected1 policy:{"labels":[]}
06-28 18:41:54.411  1114  1114 D SecurityProfileService: selected2 policy:{"labels":[]}
06-28 18:41:54.412  1114  1114 D SecurityProfileDB: writing: {
06-28 18:41:54.412  1114  1114 D SecurityProfileDB:     "overlay_labels": {},
06-28 18:41:54.412  1114  1114 D SecurityProfileDB:     "domains": {
06-28 18:41:54.412  1114  1114 D SecurityProfileDB:         "com.huawei.smarthome": {
06-28 18:41:54.412  1114  1114 D SecurityProfileDB:             "policy_version": 6,
06-28 18:41:54.412  1114  1114 D SecurityProfileDB:             "apk_digest": {
06-28 18:41:54.412  1114  1114 D SecurityProfileDB:                 "digest_algorithm": "SHA-256",
06-28 18:41:54.412  1114  1114 D SecurityProfileDB:                 "digest": "8kAADpcRny0My5sa9TarBImvXnGs4epGshhmrbOt2Js=",
06-28 18:41:54.412  1114  1114 D SecurityProfileDB:                 "signature_scheme": "v2"
06-28 18:41:54.412  1114  1114 D SecurityProfileDB:             },
06-28 18:41:54.412  1114  1114 D SecurityProfileDB:             "rules": [],
06-28 18:41:54.412  1114  1114 D SecurityProfileDB:             "labels": [
06-28 18:41:54.412  1114  1114 D SecurityProfileDB:                 "NORMAL"
06-28 18:41:54.412  1114  1114 D SecurityProfileDB:             ]
06-28 18:41:54.412  1114  1114 D SecurityProfileDB:         },
06-28 18:41:54.412  1114  1114 D SecurityProfileDB:         "com.ximalaya.ting.android": {
06-28 18:41:54.412  1114  1114 D SecurityProfileDB:             "policy_version": 2,
06-28 18:41:54.412  1114  1114 D SecurityProfileDB:             "apk_digest": {
06-28 18:41:54.412  1114  1114 D SecurityProfileDB:                 "digest_algorithm": "SHA-256",
06-28 18:41:54.412  1114  1114 D SecurityProfileDB:                 "digest": "ltEwA2NUWdvMg5xpCVbO2OYvn5VUqmcGgsUQtvGID08=",
06-28 18:41:54.412  1114  1114 D SecurityProfileDB:                 "signature_scheme": "v2"
06-28 18:41:54.412  1114  1114 D SecurityProfileDB:             },
06-28 18:41:54.412  1114  1114 D SecurityProfileDB:             "rules": [],
06-28 18:41:54.412  1114  1114 D SecurityProfileDB:             "labels": [
06-28 18:41:54.412  1114  1114 D SecurityProfileDB:                 "NORMAL"
06-28 18:41:54.412  1114  1114 D SecurityProfileDB:             ]
06-28 18:41:54.412  1114  1114 D SecurityProfileDB:         },
06-28 18:41:54.412  1114  1114 D SecurityProfileDB:         "com.vmall.client": {
06-28 18:41:54.412  1114  1114 D SecurityProfileDB:             "policy_version": 3,
06-28 18:41:54.412  1114  1114 D SecurityProfileDB:             "apk_digest": {
06-28 18:41:54.412  1114  1114 D SecurityProfileDB:                 "digest_algorithm": "SHA-256",
06-28 18:41:54.412  1114  1114 D SecurityProfileDB:                 "digest": "MjshbEeBIuhNyAmxiJ8bUyQbdfOiMe4LVrdpyfyBLck=",
06-28 18:41:54.412  1114  1114 D SecurityProfileDB:                 "signature_scheme": "v2"
06-28 18:41:54.412  1114  1114 D SecurityProfileDB:             },
06-28 18:41:54.412  1114  1114 D SecurityProfileDB:             "rules": [],
06-28 18:41:54.412  1114  1114 D SecurityProfileDB:             "labels": [
06-28 18:41:54.412  1114  1114 D SecurityProfileDB:                 "NORMAL"
06-28 18:41:54.412  1114  1114 D SecurityProfileDB:             ]
06-28 18:41:54.412  1114  1114 D SecurityProfileDB:         },
06-28 18:41:54.412  1114  1114 D SecurityProfileDB:         "com.sankuai.meituan": {
06-28 18:41:54.412  1114  1114 D SecurityProfileDB:             "policy_version": 3,
06-28 18:41:54.412  1114  1114 D SecurityProfileDB:             "apk_digest": {
06-28 18:41:54.412  1114  1114 D SecurityProfileDB:                 "digest_algorithm": "SHA-256",
06-28 18:41:54.412  1114  1114 D SecurityProfileDB:                 "digest": "DKU1i0LxsGMELL1XP+nvBf2tmfscYNMyOD1Wcn81I\/g=",
06-28 18:41:54.412  1114  1114 D SecurityProfileDB:                 "signature_scheme": "v2"
06-28 18:41:54.412  1114  1114 D SecurityProfileDB:             },
06-28 18:41:54.412  1114  1114 D SecurityProfileDB:             "rules": [],
06-28 18:41:54.412  1114  1114 D SecurityProfileDB:             "labels": [
06-28 18:41:54.412  1114  1114 D SecurityProfileDB:                 "NORMAL"
06-28 18:41:54.412  1114  1114 D SecurityProfileDB:             ]
06-28 18:41:54.412  1114  1114 D SecurityProfileDB:         },
06-28 18:41:54.412  1114  1114 D SecurityProfileDB:         "com.sina.weibo": {
06-28 18:41:54.412  1114  1114 D SecurityProfileDB:             "policy_version": 2,
06-28 18:41:54.412  1114  1114 D SecurityProfileDB:             "apk_digest": {
06-28 18:41:54.412  1114  1114 D SecurityProfileDB:                 "digest_algorithm": "SHA-256",
06-28 18:41:54.412  1114  1114 D SecurityProfileDB:                 "digest": "l944bQfPHpM2fV55AYaYSJEECMdSHqTgLq9mpTzbsdM=",
06-28 18:41:54.412  1114  1114 D SecurityProfileDB:                 "signature_scheme": "v1_manifest"
06-28 18:41:54.412  1114  1114 D SecurityProfileDB:             },
06-28 18:41:54.412  1114  1114 D SecurityProfileDB:             "rules": [],
06-28 18:41:54.412  1114  1114 D SecurityProfileDB:             "labels": [
06-28 18:41:54.412  1114  1114 D SecurityProfileDB:                 "NORMAL"
06-28 18:41:54.412  1114  1114 D SecurityProfileDB:             ]
06-28 18:41:54.412  1114  1114 D SecurityProfileDB:         },
06-28 18:41:54.412  1114  1114 D SecurityProfileDB:         "com.jingdong.app.mall": {
06-28 18:41:54.412  1114  1114 D SecurityProfileDB:             "policy_version": 5,
06-28 18:41:54.412  1114  1114 D SecurityProfileDB:             "apk_digest": {
06-28 18:41:54.412  1114  1114 D SecurityProfileDB:                 "digest_algorithm": "SHA-256",
06-28 18:41:54.412  1114  1114 D SecurityProfileDB:                 "digest": "99vPRWT72SI4wpJtYTyp73R7n8DsnfCYKdJeFo\/XwQ4=",
06-28 18:41:54.412  1114  1114 D SecurityProfileDB:                 "signature_scheme": "v2"
06-28 18:41:54.412  1114  1114 D SecurityProfileDB:             },
06-28 18:41:54.412  1114  1114 D SecurityProfileDB:             "rules": [],
06-28 18:41:54.412  1114  1114 D SecurityProfileDB:             "labels": [
06-28 18:41:54.412  1114  1114 D SecurityProfileDB:                 "NORMAL"
06-28 18:41:54.412  1114  1114 D SecurityProfileDB:             ]
06-28 18:41:54.412  1114  1114 D SecurityProfileDB:         },
06-28 18:41:54.412  1114  1114 D SecurityProfileDB:         "com.huawei.skytone": {
06-28 18:41:54.412  1114  1114 D SecurityProfileDB:             "policy_version": 5,
06-28 18:41:54.412  1114  1114 D SecurityProfileDB:             "apk_digest": {
06-28 18:41:54.412  1114  1114 D SecurityProfileDB:                 "digest_algorithm": "SHA-256",
06-28 18:41:54.412  1114  1114 D SecurityProfileDB:                 "digest": "bQkvtDA621g+R22lmNBqKIBF1uTK9VrNkTR2wBkOVlo=",
06-28 18:41:54.412  1114  1114 D SecurityProfileDB:                 "signature_scheme": "v1_manifest"
06-28 18:41:54.412  1114  1114 D SecurityProfileDB:             },
06-28 18:41:54.412  1114  1114 D SecurityProfileDB:             "rules": [],
06-28 18:41:54.412  1114  1114 D SecurityProfileDB:             "labels": [
06-28 18:41:54.412  1114  1114 D SecurityProfileDB:                 "NORMAL"
06-28 18:41:54.412  1114  1114 D SecurityProfileDB:             ]
06-28 18:41:54.412  1114  1114 D SecurityProfileDB:         },
06-28 18:41:54.412  1114  1114 D SecurityProfileDB:         "com.netease.cloudmusic": {
06-28 18:41:54.412  1114  1114 D SecurityProfileDB:             "policy_version": 2,
06-28 18:41:54.412  1114  1114 D SecurityProfileDB:             "apk_digest": {
06-28 18:41:54.412  1114  1114 D SecurityProfileDB:                 "digest_algorithm": "SHA-256",
06-28 18:41:54.412  1114  1114 D SecurityProfileDB:                 "digest": "AyxPO+T8EMGK\/g8wVSPiiO2znTSj\/u2HjrUHL94IaQI=",
06-28 18:41:54.412  1114  1114 D SecurityProfileDB:                 "signature_scheme": "v2"
06-28 18:41:54.412  1114  1114 D SecurityProfileDB:             },
06-28 18:41:54.412  1114  1114 D SecurityProfileDB:             "rules": [],
06-28 18:41:54.412  1114  1114 D SecurityProfileDB:             "labels": [
06-28 18:41:54.412  1114  1114 D SecurityProfileDB:                 "NORMAL"
06-28 18:41:54.412  1114  1114 D SecurityProfileDB:             ]
06-28 18:41:54.412  1114  1114 D SecurityProfileDB:         },
06-28 18:41:54.412  1114  1114 D SecurityProfileDB:         "com.taobao.taobao": {
06-28 18:41:54.412  1114  1114 D SecurityProfileDB:             "policy_version": 3,
06-28 18:41:54.412  1114  1114 D SecurityProfileDB:             "apk_digest": {
06-28 18:41:54.412  1114  1114 D SecurityProfileDB:                 "digest_algorithm": "SHA-256",
06-28 18:41:54.412  1114  1114 D SecurityProfileDB:                 "digest": "Yc7yPxAixudfqvGFqS0oj7SvZRpuvuvMlU44navCvW8=",
06-28 18:41:54.412  1114  1114 D SecurityProfileDB:                 "signature_scheme": "v2"
06-28 18:41:54.412  1114  1114 D SecurityProfileDB:             },
06-28 18:41:54.412  1114  1114 D SecurityProfileDB:             "rules": [],
06-28 18:41:54.412  1114  1114 D SecurityProfileDB:             "labels": [
06-28 18:41:54.412  1114  1114 D SecurityProfileDB:                 "NORMAL"
06-28 18:41:54.412  1114  1114 D SecurityProfileDB:             ]
06-28 18:41:54.412  1114  1114 D SecurityProfileDB:         },
06-28 18:41:54.412  1114  1114 D SecurityProfileDB:         "com.microsoft.translator": {
06-28 18:41:54.412  1114  1114 D SecurityProfileDB:             "policy_version": 3,
06-28 18:41:54.412  1114  1114 D SecurityProfileDB:             "apk_digest": {
06-28 18:41:54.412  1114  1114 D SecurityProfileDB:                 "digest_algorithm": "SHA-256",
06-28 18:41:54.412  1114  1114 D SecurityProfileDB:                 "digest": "h7kdJ8VdY8vQT9aOfNo\/9PNwLECu4pmbofPgVoqUMM0=",
06-28 18:41:54.412  1114  1114 D SecurityProfileDB:                 "signature_scheme": "v1_manifest"
06-28 18:41:54.412  1114  1114 D SecurityProfileDB:             },
06-28 18:41:54.412  1114  1114 D SecurityProfileDB:             "rules": [],
06-28 18:41:54.412  1114  1114 D SecurityProfileDB:             "labels": [
06-28 18:41:54.412  1114  1114 D SecurityProfileDB:                 "NORMAL"
06-28 18:41:54.412  1114  1114 D SecurityProfileDB:             ]
06-28 18:41:54.412  1114  1114 D SecurityProfileDB:         },
06-28 18:41:54.412  1114  1114 D SecurityProfileDB:         "com.ss.android.article.news": {
06-28 18:41:54.412  1114  1114 D SecurityProfileDB:             "policy_version": 5,
06-28 18:41:54.412  1114  1114 D SecurityProfileDB:             "apk_digest": {
06-28 18:41:54.412  1114  1114 D SecurityProfileDB:                 "digest_algorithm": "SHA-256",
06-28 18:41:54.412  1114  1114 D SecurityProfileDB:                 "digest": "lUcykKsy6QxUGySDftJZyPcPXJR90W3wbtmKuHFjPGI=",
06-28 18:41:54.412  1114  1114 D SecurityProfileDB:                 "signature_scheme
06-28 18:41:54.414  1969  1969 D CarrierSvcBindHelper: No carrier app for: 0
06-28 18:41:54.414   516   516 I HisiKeyMaster: hisi_km_get_key_characteristics start
06-28 18:41:54.414   516   516 I HisiKeyMaster: Disable the enhanced crypto!
06-28 18:41:54.414  1969  1969 D CarrierSvcBindHelper: No carrier app for: 1
06-28 18:41:54.414   516   516 E teec_app_load: realpath open file erro(No such file or directory), path=/vendor/bin/07070707-0707-0707-0707-070707070707.sec
06-28 18:41:54.421  1114  1560 D NetdConnector: SND -> {2652 firewall set_uid_rule standby 10152 allow}
06-28 18:41:54.424 31253  7726 D AdBlock_AbsAdRequest: getPostRequestParam param: apps=%5B%7B%22pkgName%22%3A%22com.mixgo.PropertySEO%22%2C%22versionCode%22%3A105%2C%22version%22%3A%221.05%22%7D%5D&buildNumber=EML-AL00+9.0.0.187%28C00E82R1P21%29&clientPackage=com.huawei.systemmanager&emuiVer=EmotionUI_9.0.0&firmwareVersion=9&locale=zh_CN&method=store.getControlStrategy&phoneType=EML-AL00&resolution=1080x2244&sysBits=2&ts=1561718514390&version=9.0.0.356
06-28 18:41:54.424 25009 25009 I HiSearch9.0.2.303: [LauncherAppsCompatVLO]: LAUNCHER_RECENT_APPS onPackageChanged
06-28 18:41:54.424 31253  7726 D HsmJoinRequest: https request.
06-28 18:41:54.426  1993  1993 I HwLauncher: Model onPackageChanged packageName = com.mixgo.PropertySEO user = UserHandle{0}
06-28 18:41:54.426 31253  7726 D HsmJoinRequest: doPostRequest openConnection already!
06-28 18:41:54.426  1114  1555 D NetdConnector: RCV <- {200 2652 Firewall command succeeded}
06-28 18:41:54.426 31253  7726 D HsmGzipRequest: setRequestProperty jsonObject already!
06-28 18:41:54.427  1114  1555 D NetdConnector: RCV <- {200 2652 Firewall command succeeded}
06-28 18:41:54.428  1993  1993 I HwLauncher: PowerSaveLauncherModel onPackageChanged packageName = com.mixgo.PropertySEO user = UserHandle{0}
06-28 18:41:54.428  1993  1993 E HwLauncher: PowerSaveLauncherModel onPackageChanged:  not inPowerSaveLauncher 
06-28 18:41:54.428  1993  1993 I HwLauncher: StreetModeLauncherModel onPackageChanged packageName = com.mixgo.PropertySEO user = UserHandle{0}
06-28 18:41:54.428  1993  1993 E HwLauncher: StreetModeLauncherModel onPackageChanged:  not inStreetModeLauncher 
06-28 18:41:54.428 31253  7726 D HsmGzipRequest: Get wakeLock now
06-28 18:41:54.439  1114  1560 D NetdConnector: SND -> {2653 firewall set_uid_rule standby 10033 allow}
06-28 18:41:54.439   516   516 I HisiKeyMaster: hisi_km_get_key_characteristics success
06-28 18:41:54.440   516   516 I HisiKeyMaster: hisi_km_begin start
06-28 18:41:54.440   516   516 I HisiKeyMaster: Disable the enhanced crypto!
06-28 18:41:54.440   516   516 E teec_app_load: realpath open file erro(No such file or directory), path=/vendor/bin/07070707-0707-0707-0707-070707070707.sec
06-28 18:41:54.443  1114  1555 D NetdConnector: RCV <- {200 2653 Firewall command succeeded}
06-28 18:41:54.444  1114  1555 D NetdConnector: RCV <- {200 2653 Firewall command succeeded}
06-28 18:41:54.448   516   516 I HisiKeyMaster: out_params_buffer_len = 32
06-28 18:41:54.448   516   516 I HisiKeyMaster: hisi_km_begin success
06-28 18:41:54.450   516   516 I HisiKeyMaster: Disable the enhanced crypto!
06-28 18:41:54.450   516   516 E teec_app_load: realpath open file erro(No such file or directory), path=/vendor/bin/07070707-0707-0707-0707-070707070707.sec
06-28 18:41:54.481   516   516 I HisiKeyMaster: hisi_km_finish start
06-28 18:41:54.481   516   516 I HisiKeyMaster: Disable the enhanced crypto!
06-28 18:41:54.481   516   516 E teec_app_load: realpath open file erro(No such file or directory), path=/vendor/bin/07070707-0707-0707-0707-070707070707.sec
06-28 18:41:54.500   516   516 I HisiKeyMaster: output data size=16
06-28 18:41:54.500   516   516 I HisiKeyMaster: hisi_km_finish success
06-28 18:41:54.502  1114  1114 D SecurityProfileUtils: getInstalledApkPath name success,packageName:com.mixgo.PropertySEO,userId:0,ApkPath:/data/app/com.mixgo.PropertySEO-HxmzhCghrIWA-ylkasQ-0g==/base.apk
06-28 18:41:54.503  1114  1114 E SecurityProfileService: Not found Exception No APK Signature Scheme v2 block in APK Signing Block
06-28 18:41:54.503  1114  1114 I SecurityProfileService: update PackageSigned Info Action:put, packageName:com.mixgo.PropertySEO,hasValidPolicy:false
06-28 18:41:54.504  1114  1114 D SecurityProfileDB: writing: {
06-28 18:41:54.504  1114  1114 D SecurityProfileDB:     "overlay_labels": {},
06-28 18:41:54.504  1114  1114 D SecurityProfileDB:     "domains": {
06-28 18:41:54.504  1114  1114 D SecurityProfileDB:         "com.huawei.smarthome": {
06-28 18:41:54.504  1114  1114 D SecurityProfileDB:             "policy_version": 6,
06-28 18:41:54.504  1114  1114 D SecurityProfileDB:             "apk_digest": {
06-28 18:41:54.504  1114  1114 D SecurityProfileDB:                 "digest_algorithm": "SHA-256",
06-28 18:41:54.504  1114  1114 D SecurityProfileDB:                 "digest": "8kAADpcRny0My5sa9TarBImvXnGs4epGshhmrbOt2Js=",
06-28 18:41:54.504  1114  1114 D SecurityProfileDB:                 "signature_scheme": "v2"
06-28 18:41:54.504  1114  1114 D SecurityProfileDB:             },
06-28 18:41:54.504  1114  1114 D SecurityProfileDB:             "rules": [],
06-28 18:41:54.504  1114  1114 D SecurityProfileDB:             "labels": [
06-28 18:41:54.504  1114  1114 D SecurityProfileDB:                 "NORMAL"
06-28 18:41:54.504  1114  1114 D SecurityProfileDB:             ]
06-28 18:41:54.504  1114  1114 D SecurityProfileDB:         },
06-28 18:41:54.504  1114  1114 D SecurityProfileDB:         "com.ximalaya.ting.android": {
06-28 18:41:54.504  1114  1114 D SecurityProfileDB:             "policy_version": 2,
06-28 18:41:54.504  1114  1114 D SecurityProfileDB:             "apk_digest": {
06-28 18:41:54.504  1114  1114 D SecurityProfileDB:                 "digest_algorithm": "SHA-256",
06-28 18:41:54.504  1114  1114 D SecurityProfileDB:                 "digest": "ltEwA2NUWdvMg5xpCVbO2OYvn5VUqmcGgsUQtvGID08=",
06-28 18:41:54.504  1114  1114 D SecurityProfileDB:                 "signature_scheme": "v2"
06-28 18:41:54.504  1114  1114 D SecurityProfileDB:             },
06-28 18:41:54.504  1114  1114 D SecurityProfileDB:             "rules": [],
06-28 18:41:54.504  1114  1114 D SecurityProfileDB:             "labels": [
06-28 18:41:54.504  1114  1114 D SecurityProfileDB:                 "NORMAL"
06-28 18:41:54.504  1114  1114 D SecurityProfileDB:             ]
06-28 18:41:54.504  1114  1114 D SecurityProfileDB:         },
06-28 18:41:54.504  1114  1114 D SecurityProfileDB:         "com.vmall.client": {
06-28 18:41:54.504  1114  1114 D SecurityProfileDB:             "policy_version": 3,
06-28 18:41:54.504  1114  1114 D SecurityProfileDB:             "apk_digest": {
06-28 18:41:54.504  1114  1114 D SecurityProfileDB:                 "digest_algorithm": "SHA-256",
06-28 18:41:54.504  1114  1114 D SecurityProfileDB:                 "digest": "MjshbEeBIuhNyAmxiJ8bUyQbdfOiMe4LVrdpyfyBLck=",
06-28 18:41:54.504  1114  1114 D SecurityProfileDB:                 "signature_scheme": "v2"
06-28 18:41:54.504  1114  1114 D SecurityProfileDB:             },
06-28 18:41:54.504  1114  1114 D SecurityProfileDB:             "rules": [],
06-28 18:41:54.504  1114  1114 D SecurityProfileDB:             "labels": [
06-28 18:41:54.504  1114  1114 D SecurityProfileDB:                 "NORMAL"
06-28 18:41:54.504  1114  1114 D SecurityProfileDB:             ]
06-28 18:41:54.504  1114  1114 D SecurityProfileDB:         },
06-28 18:41:54.504  1114  1114 D SecurityProfileDB:         "com.sankuai.meituan": {
06-28 18:41:54.504  1114  1114 D SecurityProfileDB:             "policy_version": 3,
06-28 18:41:54.504  1114  1114 D SecurityProfileDB:             "apk_digest": {
06-28 18:41:54.504  1114  1114 D SecurityProfileDB:                 "digest_algorithm": "SHA-256",
06-28 18:41:54.504  1114  1114 D SecurityProfileDB:                 "digest": "DKU1i0LxsGMELL1XP+nvBf2tmfscYNMyOD1Wcn81I\/g=",
06-28 18:41:54.504  1114  1114 D SecurityProfileDB:                 "signature_scheme": "v2"
06-28 18:41:54.504  1114  1114 D SecurityProfileDB:             },
06-28 18:41:54.504  1114  1114 D SecurityProfileDB:             "rules": [],
06-28 18:41:54.504  1114  1114 D SecurityProfileDB:             "labels": [
06-28 18:41:54.504  1114  1114 D SecurityProfileDB:                 "NORMAL"
06-28 18:41:54.504  1114  1114 D SecurityProfileDB:             ]
06-28 18:41:54.504  1114  1114 D SecurityProfileDB:         },
06-28 18:41:54.504  1114  1114 D SecurityProfileDB:         "com.sina.weibo": {
06-28 18:41:54.504  1114  1114 D SecurityProfileDB:             "policy_version": 2,
06-28 18:41:54.504  1114  1114 D SecurityProfileDB:             "apk_digest": {
06-28 18:41:54.504  1114  1114 D SecurityProfileDB:                 "digest_algorithm": "SHA-256",
06-28 18:41:54.504  1114  1114 D SecurityProfileDB:                 "digest": "l944bQfPHpM2fV55AYaYSJEECMdSHqTgLq9mpTzbsdM=",
06-28 18:41:54.504  1114  1114 D SecurityProfileDB:                 "signature_scheme": "v1_manifest"
06-28 18:41:54.504  1114  1114 D SecurityProfileDB:             },
06-28 18:41:54.504  1114  1114 D SecurityProfileDB:             "rules": [],
06-28 18:41:54.504  1114  1114 D SecurityProfileDB:             "labels": [
06-28 18:41:54.504  1114  1114 D SecurityProfileDB:                 "NORMAL"
06-28 18:41:54.504  1114  1114 D SecurityProfileDB:             ]
06-28 18:41:54.504  1114  1114 D SecurityProfileDB:         },
06-28 18:41:54.504  1114  1114 D SecurityProfileDB:         "com.jingdong.app.mall": {
06-28 18:41:54.504  1114  1114 D SecurityProfileDB:             "policy_version": 5,
06-28 18:41:54.504  1114  1114 D SecurityProfileDB:             "apk_digest": {
06-28 18:41:54.504  1114  1114 D SecurityProfileDB:                 "digest_algorithm": "SHA-256",
06-28 18:41:54.504  1114  1114 D SecurityProfileDB:                 "digest": "99vPRWT72SI4wpJtYTyp73R7n8DsnfCYKdJeFo\/XwQ4=",
06-28 18:41:54.504  1114  1114 D SecurityProfileDB:                 "signature_scheme": "v2"
06-28 18:41:54.504  1114  1114 D SecurityProfileDB:             },
06-28 18:41:54.504  1114  1114 D SecurityProfileDB:             "rules": [],
06-28 18:41:54.504  1114  1114 D SecurityProfileDB:             "labels": [
06-28 18:41:54.504  1114  1114 D SecurityProfileDB:                 "NORMAL"
06-28 18:41:54.504  1114  1114 D SecurityProfileDB:             ]
06-28 18:41:54.504  1114  1114 D SecurityProfileDB:         },
06-28 18:41:54.504  1114  1114 D SecurityProfileDB:         "com.huawei.skytone": {
06-28 18:41:54.504  1114  1114 D SecurityProfileDB:             "policy_version": 5,
06-28 18:41:54.504  1114  1114 D SecurityProfileDB:             "apk_digest": {
06-28 18:41:54.504  1114  1114 D SecurityProfileDB:                 "digest_algorithm": "SHA-256",
06-28 18:41:54.504  1114  1114 D SecurityProfileDB:                 "digest": "bQkvtDA621g+R22lmNBqKIBF1uTK9VrNkTR2wBkOVlo=",
06-28 18:41:54.504  1114  1114 D SecurityProfileDB:                 "signature_scheme": "v1_manifest"
06-28 18:41:54.504  1114  1114 D SecurityProfileDB:             },
06-28 18:41:54.504  1114  1114 D SecurityProfileDB:             "rules": [],
06-28 18:41:54.504  1114  1114 D SecurityProfileDB:             "labels": [
06-28 18:41:54.504  1114  1114 D SecurityProfileDB:                 "NORMAL"
06-28 18:41:54.504  1114  1114 D SecurityProfileDB:             ]
06-28 18:41:54.504  1114  1114 D SecurityProfileDB:         },
06-28 18:41:54.504  1114  1114 D SecurityProfileDB:         "com.netease.cloudmusic": {
06-28 18:41:54.504  1114  1114 D SecurityProfileDB:             "policy_version": 2,
06-28 18:41:54.504  1114  1114 D SecurityProfileDB:             "apk_digest": {
06-28 18:41:54.504  1114  1114 D SecurityProfileDB:                 "digest_algorithm": "SHA-256",
06-28 18:41:54.504  1114  1114 D SecurityProfileDB:                 "digest": "AyxPO+T8EMGK\/g8wVSPiiO2znTSj\/u2HjrUHL94IaQI=",
06-28 18:41:54.504  1114  1114 D SecurityProfileDB:                 "signature_scheme": "v2"
06-28 18:41:54.504  1114  1114 D SecurityProfileDB:             },
06-28 18:41:54.504  1114  1114 D SecurityProfileDB:             "rules": [],
06-28 18:41:54.504  1114  1114 D SecurityProfileDB:             "labels": [
06-28 18:41:54.504  1114  1114 D SecurityProfileDB:                 "NORMAL"
06-28 18:41:54.504  1114  1114 D SecurityProfileDB:             ]
06-28 18:41:54.504  1114  1114 D SecurityProfileDB:         },
06-28 18:41:54.504  1114  1114 D SecurityProfileDB:         "com.taobao.taobao": {
06-28 18:41:54.504  1114  1114 D SecurityProfileDB:             "policy_version": 3,
06-28 18:41:54.504  1114  1114 D SecurityProfileDB:             "apk_digest": {
06-28 18:41:54.504  1114  1114 D SecurityProfileDB:                 "digest_algorithm": "SHA-256",
06-28 18:41:54.504  1114  1114 D SecurityProfileDB:                 "digest": "Yc7yPxAixudfqvGFqS0oj7SvZRpuvuvMlU44navCvW8=",
06-28 18:41:54.504  1114  1114 D SecurityProfileDB:                 "signature_scheme": "v2"
06-28 18:41:54.504  1114  1114 D SecurityProfileDB:             },
06-28 18:41:54.504  1114  1114 D SecurityProfileDB:             "rules": [],
06-28 18:41:54.504  1114  1114 D SecurityProfileDB:             "labels": [
06-28 18:41:54.504  1114  1114 D SecurityProfileDB:                 "NORMAL"
06-28 18:41:54.504  1114  1114 D SecurityProfileDB:             ]
06-28 18:41:54.504  1114  1114 D SecurityProfileDB:         },
06-28 18:41:54.504  1114  1114 D SecurityProfileDB:         "com.microsoft.translator": {
06-28 18:41:54.504  1114  1114 D SecurityProfileDB:             "policy_version": 3,
06-28 18:41:54.504  1114  1114 D SecurityProfileDB:             "apk_digest": {
06-28 18:41:54.504  1114  1114 D SecurityProfileDB:                 "digest_algorithm": "SHA-256",
06-28 18:41:54.504  1114  1114 D SecurityProfileDB:                 "digest": "h7kdJ8VdY8vQT9aOfNo\/9PNwLECu4pmbofPgVoqUMM0=",
06-28 18:41:54.504  1114  1114 D SecurityProfileDB:                 "signature_scheme": "v1_manifest"
06-28 18:41:54.504  1114  1114 D SecurityProfileDB:             },
06-28 18:41:54.504  1114  1114 D SecurityProfileDB:             "rules": [],
06-28 18:41:54.504  1114  1114 D SecurityProfileDB:             "labels": [
06-28 18:41:54.504  1114  1114 D SecurityProfileDB:                 "NORMAL"
06-28 18:41:54.504  1114  1114 D SecurityProfileDB:             ]
06-28 18:41:54.504  1114  1114 D SecurityProfileDB:         },
06-28 18:41:54.504  1114  1114 D SecurityProfileDB:         "com.ss.android.article.news": {
06-28 18:41:54.504  1114  1114 D SecurityProfileDB:             "policy_version": 5,
06-28 18:41:54.504  1114  1114 D SecurityProfileDB:             "apk_digest": {
06-28 18:41:54.504  1114  1114 D SecurityProfileDB:                 "digest_algorithm": "SHA-256",
06-28 18:41:54.504  1114  1114 D SecurityProfileDB:                 "digest": "lUcykKsy6QxUGySDftJZyPcPXJR90W3wbtmKuHFjPGI=",
06-28 18:41:54.504  1114  1114 D SecurityProfileDB:                 "signature_scheme
06-28 18:41:54.506   516   516 I HisiKeyMaster: hisi_km_get_key_characteristics start
06-28 18:41:54.506   516   516 I HisiKeyMaster: Disable the enhanced crypto!
06-28 18:41:54.506   516   516 E teec_app_load: realpath open file erro(No such file or directory), path=/vendor/bin/07070707-0707-0707-0707-070707070707.sec
06-28 18:41:54.514   516   516 I HisiKeyMaster: hisi_km_get_key_characteristics success
06-28 18:41:54.515   516   516 I HisiKeyMaster: hisi_km_begin start
06-28 18:41:54.515   516   516 I HisiKeyMaster: Disable the enhanced crypto!
06-28 18:41:54.515   516   516 E teec_app_load: realpath open file erro(No such file or directory), path=/vendor/bin/07070707-0707-0707-0707-070707070707.sec
06-28 18:41:54.523   516   516 I HisiKeyMaster: out_params_buffer_len = 32
06-28 18:41:54.523   516   516 I HisiKeyMaster: hisi_km_begin success
06-28 18:41:54.525   516   516 I HisiKeyMaster: Disable the enhanced crypto!
06-28 18:41:54.525   516   516 E teec_app_load: realpath open file erro(No such file or directory), path=/vendor/bin/07070707-0707-0707-0707-070707070707.sec
06-28 18:41:54.542   516   516 I HisiKeyMaster: hisi_km_finish start
06-28 18:41:54.542   516   516 I HisiKeyMaster: Disable the enhanced crypto!
06-28 18:41:54.542   516   516 E teec_app_load: realpath open file erro(No such file or directory), path=/vendor/bin/07070707-0707-0707-0707-070707070707.sec
06-28 18:41:54.564   516   516 I HisiKeyMaster: output data size=16
06-28 18:41:54.564   516   516 I HisiKeyMaster: hisi_km_finish success
06-28 18:41:54.565  1114  1114 W Looper  : Slow dispatch took 155ms main h=android.app.ActivityThread$H c=android.app.-$$Lambda$LoadedApk$ReceiverDispatcher$Args$_BumDX2UKsnxLVrE6UJsJZkotuA@fce931e m=0
06-28 18:41:54.566  1114  1114 W Looper  : Slow delivery took 216ms main h=android.os.Handler c=android.app.-$$Lambda$LoadedApk$ReceiverDispatcher$Args$_BumDX2UKsnxLVrE6UJsJZkotuA@2fbf7ff m=0
06-28 18:41:54.578  1114  1114 I Telecom-DefaultDialerCache: Refreshing default dialer for user 0: now com.android.contacts
06-28 18:41:54.580  1114  1114 D NotificationListeners: onServiceConnected, just remove the servicesBindingTag and add service.
06-28 18:41:54.581  1114  1114 W Looper  : Drained
06-28 18:41:54.716 31253  7726 D HsmGzipRequest: doPostRequest finally closeOutputStream!
06-28 18:41:54.765 31253  7726 D HsmGzipRequest: Release wakeLock now
06-28 18:41:54.791  1114  8995 I AlarmManager: remove alarm:Alarm{947bce7 type 1 when 1561721189459 PendingIntent{a742db8: PendingIntentRecord{c40094 com.huawei.systemmanager broadcastIntent}}com.huawei.systemmanager} according to operation:219873d
06-28 18:41:54.943   650   930 I chatty  : uid=1000(system) Binder:650_2 expire 6 lines
06-28 18:41:56.528   646   646 E WifiHAL : enter wifi_get_link_stats
06-28 18:41:56.544  1114  1562 I chatty  : uid=1000(system) WifiStateMachin expire 19 lines
06-28 18:41:56.557  1849 25907 I chatty  : uid=1000(system) Binder:1849_8 expire 3 lines
06-28 18:41:56.557  1114 31752 I chatty  : uid=1000(system) Timer-73 expire 2 lines
06-28 18:41:57.557  1900  5205 I chatty  : uid=1000(system) Timer-0 expire 13 lines
06-28 18:41:57.562  1969  2957 D PhoneInterfaceManager: [PhoneIntfMgr] isUserDataEnabled: subId=0 phoneId=0
06-28 18:41:57.563  1969  2957 D PhoneInterfaceManager: [PhoneIntfMgr] isUserDataEnabled: subId=0 retVal=true
06-28 18:41:57.579   796  1102 I         : DPTEST  EventId is not need Hash
06-28 18:41:57.902  7474  7548 I chatty  : uid=10405(com.mixgo.PropertySEO) expire 649 lines
06-28 18:41:58.373  1166  1166 I aptouch_daemon: check_afe_status, afe[95 1 X1] [ctrl:X40020 ftr:X100] dif[19 -26] raw[32896 32521] [exp:X0 aN:0 lo:0]
06-28 18:41:59.072   776   776 E Thermal-daemon: [charger_ic] temp_new :40  temp_old :41
06-28 18:41:59.074   776   776 E Thermal-daemon: Report temperature: [charger_ic] temp :40  report_threshold:1
06-28 18:41:59.554   646   646 E WifiHAL : enter wifi_get_link_stats
06-28 18:42:00.005  1114  1114 V AlarmManager: Received TIME_TICK alarm; rescheduling
06-28 18:42:00.006  1114  1114 I HwAlarmManagerService: hwSetAlarm listenerTag: time_tick
06-28 18:42:00.027  1724  1724 E DateView: DateView,mCurrentTime: 1561718520027
06-28 18:42:00.035  1724  1724 I EventCenter: EventCenter Get :android.intent.action.TIME_TICK
06-28 18:42:00.054  1724  1724 W HwKeyguardDragHelper: AnimationBlocked 
06-28 18:42:00.059  1724  1724 E ndroid.systemu: No package ID ff found for ID 0xffffffff.
06-28 18:42:00.060  1724  1724 D WeatherHelper: City info empty
06-28 18:42:00.061  1724  1724 E ndroid.systemu: No package ID ff found for ID 0xffffffff.
06-28 18:42:00.062  1724  1724 D WeatherHelper: City info empty
06-28 18:42:00.063  1724  1724 D KeyguardUpdateMonitor: received broadcast android.intent.action.TIME_TICK
06-28 18:42:00.064  1724  1724 D KeyguardUpdateMonitor: handleTimeUpdate
06-28 18:42:00.064  1724  1898 I KeyguardStatusView: Runnable for refresh
06-28 18:42:00.065  1724  1724 D WeatherHelper: City info empty
06-28 18:42:00.067  1993  1993 I HwLauncher: Model  onReceive intent=Intent { act=android.intent.action.TIME_TICK flg=0x50200014 hwFlg=0x900 (has extras) }
06-28 18:42:00.067  1993  1993 I HwLauncher: Model  onReceive user=UserHandle{0}
06-28 18:42:00.093  1724  1724 W HwKeyguardDragHelper: AnimationBlocked 
06-28 18:42:00.101  3116  4559 I Step_LSC: 90003365|processHandleBroadcastAction action:android.intent.action.TIME_TICK
06-28 18:42:00.103  1114  9168 V BroadcastQueue: Finished with ordered broadcast BroadcastRecord{a494083 u-1 android.intent.action.TIME_TICK}
06-28 18:42:00.110  3116  4559 I Step_SPUtils: 90003365|setAliveRecord  success: timestampArg=1561718520103 elapsedRealtimeArg=119719688
06-28 18:42:00.136  1724  1724 D WeatherHelper: City info empty
06-28 18:42:00.137  1724  1724 D DateTimeView: Change to single clock mode!
06-28 18:42:00.138  1724  1724 D WeatherHelper: City info empty
06-28 18:42:00.139  1724  1724 I ColorPickUitls: type = 2
06-28 18:42:00.139  1724  1724 D WeatherHelper: City info empty
06-28 18:42:00.140  1724  1724 D DateTimeView: Change to single clock mode!
06-28 18:42:00.140  1724  1724 D WeatherHelper: City info empty
06-28 18:42:00.141  1724  1724 I ColorPickUitls: type = 2
06-28 18:42:00.577   789   789 D SensorHub: Get acc data 0.164683, 0.010247, 9.904659
06-28 18:42:00.598   648  1284 I chatty  : uid=1041(audioserver) AudioOut_D expire 481 lines
06-28 18:42:00.660  1869  1869 I chatty  : uid=1000(system) com.huawei.systemserver expire 10 lines
06-28 18:42:00.662  1869  1976 I DeepNoDisturbP: handleStateChanged reason=8
06-28 18:42:00.662  1869  1976 I HidataAppQoeP: handleStateChanged reason=8
06-28 18:42:00.667  1869  1976 I BrowserChrP: handleStateChanged
06-28 18:42:00.870  1114  8995 I chatty  : uid=1000(system) Binder:1114_17 expire 17 lines
06-28 18:42:00.878  1114  1114 D LocationManagerServiceUtil: ServiceStateChanged numeric = 46003
06-28 18:42:00.878  1114  1114 D LocationManagerServiceUtil: ServiceStateChanged use pkgName = com.huawei.lbs
06-28 18:42:00.879  1114  1812 I chatty  : uid=1000(system) LocationThread expire 9 lines
06-28 18:42:00.879  1114  1619 I chatty  : uid=1000(system) HwArbitrationSt expire 35 lines
06-28 18:42:00.880  1114  1114 D HwMultiNlpPolicy: PhoneStateListener 0, mDataSub 0
06-28 18:42:00.881  1114  1114 D HwMultiNlpPolicy: setSimCardReady 1
06-28 18:42:00.881  3189  3189 D HiBoard_a: onServiceStateChanged 
06-28 18:42:00.881  1114  1114 D HwMultiNlpPolicy: setRegistedNetwork 46003
06-28 18:42:00.881  3189  3189 E HiBoard_a: onServiceStateChanged : service state is 1
06-28 18:42:00.882  1849  1849 I chatty  : uid=1000(system) com.huawei.lbs expire 54 lines
06-28 18:42:00.886  1969  2634 W PhoneInterfaceManager: shouldBlockLocation running ...
06-28 18:42:00.886  1969  2634 I PhoneInterfaceManager: shouldBlockLocation  ret:false
06-28 18:42:00.887  1114  1217 D CountryDetector: isValidCountryIso: CN
06-28 18:42:00.892  1849  4959 I chatty  : uid=1000(system) higeo_device_st expire 1 line
06-28 18:42:00.892  1969  1969 D ServiceStateProvider: subId=0
06-28 18:42:00.894  1724  1724 D KeyguardUpdateMonitor: received broadcast android.intent.action.SERVICE_STATE
06-28 18:42:00.895  1724  1724 V KeyguardUpdateMonitor: action android.intent.action.SERVICE_STATE serviceState={mVoiceRegState=1(OUT_OF_SERVICE), mDataRegState=1(OUT_OF_SERVICE), mChannelNumber=-1, duplexMode()=0, mCellBandwidths=[], mVoiceRoamingType=home, mDataRoamingType=home, mVoiceOperatorAlphaLong=, mVoiceOperatorAlphaShort=, mDataOperatorAlphaLong=, mDataOperatorAlphaShort=, isManualNetworkSelection=false(automatic), mRilVoiceRadioTechnology=6(1xRTT), mRilDataRadioTechnology=6(1xRTT), mCssIndicator=unsupported, mNetworkId=1, mSystemId=13844, mCdmaRoamingIndicator=1, mCdmaDefaultRoamingIndicator=0, mIsEmergencyOnly=true, mIsDataRoamingFromRegistration=false, mIsUsingCarrierAggregation=false, mLteEarfcnRsrpBoost=0, mNetworkRegistrationStates=[]} subId=0
06-28 18:42:00.895  1724  1724 D KeyguardUpdateMonitor: handleServiceStateChange(subId=0, serviceState={mVoiceRegState=1(OUT_OF_SERVICE), mDataRegState=1(OUT_OF_SERVICE), mChannelNumber=-1, duplexMode()=0, mCellBandwidths=[], mVoiceRoamingType=home, mDataRoamingType=home, mVoiceOperatorAlphaLong=, mVoiceOperatorAlphaShort=, mDataOperatorAlphaLong=, mDataOperatorAlphaShort=, isManualNetworkSelection=false(automatic), mRilVoiceRadioTechnology=6(1xRTT), mRilDataRadioTechnology=6(1xRTT), mCssIndicator=unsupported, mNetworkId=1, mSystemId=13844, mCdmaRoamingIndicator=1, mCdmaDefaultRoamingIndicator=0, mIsEmergencyOnly=true, mIsDataRoamingFromRegistration=false, mIsUsingCarrierAggregation=false, mLteEarfcnRsrpBoost=0, mNetworkRegistrationStates=[]}
06-28 18:42:00.895  1724  1724 W AppHandler: sendMessage 117
06-28 18:42:00.895  1724  1724 W HwLockScreenPanel: Handle message: 117
06-28 18:42:00.896  1114  1222 W BroadcastQueue: Permission Denial: broadcasting Intent { act=android.intent.action.SERVICE_STATE flg=0x1000010 (has extras) } from android (pid=1969, uid=1001) requires com.huawei.cust.android.phone.permission.HW_LTEONLY due to registered receiver BroadcastFilter{fc42f42 u0 ReceiverList{ef1e18d 1969 com.android.phone/1001/u0 remote:d71224}}
06-28 18:42:00.898  2796  2796 V DownloadManager: Service state changed: Bundle[mParcelledData.dataSize=1316]
06-28 18:42:00.899  2796  2796 V DownloadManager: roaming ------> false
06-28 18:42:00.899  2796  2796 V DownloadManager: auto download without roaming -> true
06-28 18:42:00.899  2796  2796 V DownloadManager: auto download during roaming -> false
06-28 18:42:00.899  2796  2796 V DownloadManager: mAutoDownload ------> true
06-28 18:42:00.899  1114  1645 I chatty  : uid=1000(system) HwIntelligenceS expire 12 lines
06-28 18:42:00.905  2796  2796 D Mms_TX_ServiceStateChangeReceiver: action: ACTION_SERVICE_STATE_CHANGED, serviceState = 1
06-28 18:42:00.907  1114  9168 V BroadcastQueue: Finished with ordered broadcast BroadcastRecord{825f87e u-1 android.intent.action.SERVICE_STATE}
06-28 18:42:00.927  1114  8995 D HwNetworkManagementService: code == CODE_SET_CHR_REPORT_APP_LIST
06-28 18:42:00.928  1114  8995 D NetdConnector: SND -> {2654 chr appuid set 20 7}
06-28 18:42:00.928   574   606 D CommandListener: chr: ChrCmd::runCommand argc=5
06-28 18:42:00.928  1969  1969 D Telephony-TelecomAccountRegistry: onServiceStateChanged0 newState : 1, mServiceState : 1
06-28 18:42:00.929  1114  1555 D NetdConnector: RCV <- {200 2654 set appuid succeeded}
06-28 18:42:00.930  1114  1555 D NetdConnector: RCV <- {200 2654 set appuid succeeded}
06-28 18:42:00.930  1114  8995 D HwNetworkManagementService: chr appuid set:200 2654 set appuid succeeded
06-28 18:42:00.930  1114  1660 I chatty  : uid=1000(system) WifiScanGenie_h expire 16 lines
06-28 18:42:00.934  1969  1987 W PhoneInterfaceManager: shouldBlockLocation running ...
06-28 18:42:00.934  1969  1987 I PhoneInterfaceManager: shouldBlockLocation  ret:false
06-28 18:42:00.942  1969  1987 W PhoneInterfaceManager: shouldBlockLocation running ...
06-28 18:42:00.942  1969  1987 I PhoneInterfaceManager: shouldBlockLocation  ret:false
06-28 18:42:00.945  1969  1969 I PhoneGlobals: onReceive,action = android.intent.action.SERVICE_STATE
06-28 18:42:00.945  1969  1969 V PhoneGlobals: handleServiceStateChanged
06-28 18:42:00.945  1969  1969 D PhoneGlobals: handleServiceStateChanged isCsInservice=false
06-28 18:42:00.949  1969  1969 D HwCustPhoneGlobalsImpl: Airplane is false checkCdmaSlaveCardMode roaming mode is false
06-28 18:42:00.950  1969  1969 D HwCustPhoneGlobalsImpl: isNeedToResetNetworkMode  isResetOrNot=4,subId=0
06-28 18:42:00.950  1969  1969 V PhoneGlobals: subId=0,mDefaultDataSubId=0,ss roaming=false
06-28 18:42:00.950  1969  1969 V PhoneGlobals: updateDataRoamingStatus
06-28 18:42:00.956  1969  1969 D HuaweiTelephonyConfigs: fddn EVENT_GET_AD_DONE FDN_PS_CHECK:false ,FDN_PRELOAD_CACHE:true
06-28 18:42:00.956  1969  1969 V PhoneGlobals: dataAllowed=false, reasons=Data disallowed, reasons: RECORD_NOT_LOADED NOT_ATTACHED
06-28 18:42:01.356  3093  5484 W Conscrypt: Could not set socket write timeout: java.net.SocketException: Socket closed
06-28 18:42:01.357  3093  5484 W Conscrypt: 	at com.google.android.gms.org.conscrypt.Platform.setSocketWriteTimeout(:com.google.android.gms@14799037@14.7.99 (100400-223214910):2)
06-28 18:42:01.357  3093  5484 W Conscrypt: 	at com.google.android.gms.org.conscrypt.ConscryptFileDescriptorSocket.setSoWriteTimeout(:com.google.android.gms@14799037@14.7.99 (100400-223214910):2)
06-28 18:42:01.369  3093  5484 V NativeCrypto: SSL handshake aborted: ssl=0x7299419508: I/O error during system call, Connection reset by peer
06-28 18:42:01.401  3093  3732 E akgr    : Phenotype API error. Event # brpy@89ee47a7, EventCode: 12 [CONTEXT service_id=51 ]
06-28 18:42:01.401  3093  3732 E akgr    : akfn: 29503
06-28 18:42:01.401  3093  3732 E akgr    : 	at akgy.a(:com.google.android.gms@14799037@14.7.99 (100400-223214910):40)
06-28 18:42:01.401  3093  3732 E akgr    : 	at akgx.b(Unknown Source:2)
06-28 18:42:01.401  3093  3732 E akgr    : 	at akgr.a(:com.google.android.gms@14799037@14.7.99 (100400-223214910):107)
06-28 18:42:01.401  3093  3732 E akgr    : 	at akgr.a(:com.google.android.gms@14799037@14.7.99 (100400-223214910):101)
06-28 18:42:01.401  3093  3732 E akgr    : 	at ybc.run(:com.google.android.gms@14799037@14.7.99 (100400-223214910):27)
06-28 18:42:01.401  3093  3732 E akgr    : 	at beyi.run(:com.google.android.gms@14799037@14.7.99 (100400-223214910):2)
06-28 18:42:01.401  3093  3732 E akgr    : 	at qwc.run(:com.google.android.gms@14799037@14.7.99 (100400-223214910):21)
06-28 18:42:01.401  3093  3732 E akgr    : 	at java.util.concurrent.ThreadPoolExecutor.runWorker(ThreadPoolExecutor.java:1167)
06-28 18:42:01.401  3093  3732 E akgr    : 	at java.util.concurrent.ThreadPoolExecutor$Worker.run(ThreadPoolExecutor.java:641)
06-28 18:42:01.401  3093  3732 E akgr    : 	at rbx.run(Unknown Source:7)
06-28 18:42:01.401  3093  3732 E akgr    : 	at java.lang.Thread.run(Thread.java:784)
06-28 18:42:01.401  3093  3732 E AsyncOperation: serviceID=51, operation=GetCommittedConfigurationOperationCall
06-28 18:42:01.401  3093  3732 E AsyncOperation: OperationException[Status{statusCode=unknown status code: 29503, resolution=null}]
06-28 18:42:01.401  3093  3732 E AsyncOperation: 	at akgr.a(:com.google.android.gms@14799037@14.7.99 (100400-223214910):115)
06-28 18:42:01.401  3093  3732 E AsyncOperation: 	at akgr.a(:com.google.android.gms@14799037@14.7.99 (100400-223214910):101)
06-28 18:42:01.401  3093  3732 E AsyncOperation: 	at ybc.run(:com.google.android.gms@14799037@14.7.99 (100400-223214910):27)
06-28 18:42:01.401  3093  3732 E AsyncOperation: 	at beyi.run(:com.google.android.gms@14799037@14.7.99 (100400-223214910):2)
06-28 18:42:01.401  3093  3732 E AsyncOperation: 	at qwc.run(:com.google.android.gms@14799037@14.7.99 (100400-223214910):21)
06-28 18:42:01.401  3093  3732 E AsyncOperation: 	at java.util.concurrent.ThreadPoolExecutor.runWorker(ThreadPoolExecutor.java:1167)
