06-28 18:35:25.800  5327  5351 I Unity   :  
06-28 18:35:25.800  5327  5351 I Unity   : (Filename: /Users/builduser/buildslave/unity/build/artifacts/generated/common/runtime/DebugBindings.gen.cpp Line: 51)
06-28 18:35:25.800  5327  5351 I Unity   : 
06-28 18:35:25.942  5327  5351 I Unity   : 00000
06-28 18:35:25.942  5327  5351 I Unity   :  
06-28 18:35:25.942  5327  5351 I Unity   : (Filename: /Users/builduser/buildslave/unity/build/artifacts/generated/common/runtime/DebugBindings.gen.cpp Line: 51)
06-28 18:35:25.942  5327  5351 I Unity   : 
06-28 18:35:25.942  5327  5351 I Unity   : start.....
06-28 18:35:25.942  5327  5351 I Unity   :  
06-28 18:35:25.942  5327  5351 I Unity   : (Filename: /Users/builduser/buildslave/unity/build/artifacts/generated/common/runtime/DebugBindings.gen.cpp Line: 51)
06-28 18:35:25.942  5327  5351 I Unity   : 
06-28 18:35:25.944  5327  5351 I Unity   : JPushBinding.Init
06-28 18:35:25.944  5327  5351 I Unity   :  
06-28 18:35:25.944  5327  5351 I Unity   : (Filename: /Users/builduser/buildslave/unity/build/artifacts/generated/common/runtime/DebugBindings.gen.cpp Line: 51)
06-28 18:35:25.944  5327  5351 I Unity   : 
06-28 18:35:25.959  5327  5528 D JIGUANG-JCore: [JCoreGlobal] metadata: appKey - 46fb548d664dad6b8390d190
06-28 18:35:25.959  5327  5528 D JIGUANG-JCore: [AndroidUtil] action:checkValidManifest
06-28 18:35:25.961  5327  5528 D JIGUANG-JCore: [JCoreServiceUtils] set Push/Alarm Receiver enabled
06-28 18:35:25.967  5327  5528 D JIGUANG-JCore: [ServiceHelper] We found the appKey is changed or register appkey is empty. Will re-register.
06-28 18:35:26.013  3093  5216 E WakeLock: GCM_HB_ALARM release without a matched acquire!
06-28 18:35:26.016  5327  5327 W UnityMain: type=1400 audit(0.0:36697): avc: granted { create } for name="values" scontext=u:r:untrusted_app:s0:c146,c257,c512,c768 tcontext=u:object_r:sdcardfs:s0:c146,c257,c512,c768 tclass=file
06-28 18:35:26.022  5327  5407 D         : addLayerName, tid:5407
06-28 18:35:26.041  5327  5522 D AudioTrack: stop() called with 9216 frames delivered
06-28 18:35:26.041  5327  5522 V PlayerBase: baseStop() piid=2151
06-28 18:35:26.041  5327  5522 D android.media.AudioTrack: [HSM] AudioTrace stop() uid: 10402, pid: 5327
06-28 18:35:26.042  5327  5522 V PlayerBase: baseStop() piid=2151
06-28 18:35:26.042  5327  5522 V PlayerBase: baseRelease() piid=2151 state=4
06-28 18:35:26.042  1114  1114 D MediaRouterService: onAudioPlayerActiveStateChanged: uid=10402, active=false, delaying
06-28 18:35:26.042  1667  2400 V AudioManager: mPlaybackCallbackList.size:1
06-28 18:35:26.042  1667  2475 D AudioManager: dispatching onPlaybackConfigChanged()
06-28 18:35:26.042  1667  2400 V AudioManager: mPlaybackCallbackList.size:1
06-28 18:35:26.043  1667  2475 D AudioManager: dispatching onPlaybackConfigChanged()
06-28 18:35:26.045   789   909 I Sensors@1.0-impl: activate-0 enabled-0 fwkOals-1 camOals-0 fwkOcolor-1 camOcolor-0 fwkOtof-0 camOtof-0
06-28 18:35:26.045   789   909 D SensorHub: enableSensor-> handle: 0 enable : 0
06-28 18:35:26.046   789   909 D SensorHub: Channel activate-> handle: 0, enabled:0, err: 0
06-28 18:35:26.046   789   909 D SensorHub: lib ver is 15
06-28 18:35:26.046   789   909 E SensorHub: get_acc_convert_coff = 1000.000000
06-28 18:35:26.047  5327  5327 D ZrHung.AppEyeUiProbe: stop checker.
06-28 18:35:26.048  1114  8995 V ActivityManager: Making visible and scheduling visibility: ActivityRecord{742ab2 u0 com.android.packageinstaller/.permission.ui.GrantPermissionsActivity t219}
06-28 18:35:26.048  1114  8995 D HwPhoneWindowManager: sensorRotation = -1 lastRotation:0
06-28 18:35:26.049 31509 31509 W ActivityThread: handleWindowVisibility: no activity for token android.os.BinderProxy@5b75f07
06-28 18:35:26.054  1114  8995 W HwActivityManagerServiceEx: appSwitch from: com.mixgo.PropertySEO to: com.android.packageinstaller
06-28 18:35:26.055  1114  1219 W HwActivityManagerServiceEx: HwActivityNotifier end call android.app.IHwActivityNotifier$Stub$Proxy@b3922e9 for appSwitch under user 0 cost 0
06-28 18:35:26.055  1114  1219 W HwActivityManagerServiceEx: HwActivityNotifier end call android.app.IHwActivityNotifier$Stub$Proxy@92d0b6e for appSwitch under user 0 cost 0
06-28 18:35:26.055 31509 31509 D ZrHung.AppEyeUiProbe: notify runnable to start.
06-28 18:35:26.055 31509 31530 D ZrHung.AppEyeUiProbe: restart watching
06-28 18:35:26.055 31509 31509 V ActivityThread: Skipping new config:{1.0 ?mcc?mnc [zh_CN_#Hans,en_US] ldltr sw360dp w360dp h719dp 480dpi nrml long hdr port finger -keyb/v/h -nav/h winConfig={ mBounds=Rect(0, 0 - 0, 0) mAppBounds=Rect(0, 85 - 1080, 2244) mWindowingMode=fullscreen mActivityType=undefined} nonFullScreen=0 suim:1 s.9}, config:{1.0 ?mcc?mnc [zh_CN_#Hans,en_US] ldltr sw360dp w360dp h719dp 480dpi nrml long hdr port finger -keyb/v/h -nav/h winConfig={ mBounds=Rect(0, 0 - 0, 0) mAppBounds=Rect(0, 85 - 1080, 2244) mWindowingMode=fullscreen mActivityType=undefined} nonFullScreen=0 suim:1 s.9} for app:com.android.packageinstaller
06-28 18:35:26.058  1114  8995 V WindowManager: Checking 1 opening apps (frozen=false timeout=false), Track: activitypause performsurface
06-28 18:35:26.058  1114  8995 V WindowManager: Check opening app=AppWindowToken{dd4ad80 token=Token{e249a03 ActivityRecord{742ab2 u0 com.android.packageinstaller/.permission.ui.GrantPermissionsActivity t219}}}: allDrawn=false startingDisplayed=false startingMoved=false isRelaunching()=false startingWindow=null
06-28 18:35:26.059  1114  1219 W HwActivityManagerServiceEx: HwActivityNotifier end call android.app.IHwActivityNotifier$Stub$Proxy@88cf16b for activityLifeState under user 0 cost 1
06-28 18:35:26.060 31509 31509 V ActivityThread: callActivityOnCreate
06-28 18:35:26.060  2434  4069 E nearby  : CloseRangeAdapter:no such business type
06-28 18:35:26.061  5327  5327 D JIGUANG-JCore: [PushService] onStartCommand - intent:Intent { act=com.mixgo.PropertySEO.intent.INIT cmp=com.mixgo.PropertySEO/cn.jpush.android.service.PushService (has extras) }, pkg:com.mixgo.PropertySEO, connection:0
06-28 18:35:26.062  5327  5327 D JIGUANG-JCore: [PushService] onStartCommand - intent:Intent { act=com.mixgo.PropertySEO.run.action cmp=com.mixgo.PropertySEO/cn.jpush.android.service.PushService (has extras) }, pkg:com.mixgo.PropertySEO, connection:0
06-28 18:35:26.062 31509 31509 W VRSystemServiceManager: vr service is not alive
06-28 18:35:26.062  5327  5327 D JIGUANG-JCore: [PushService] onStartCommand - intent:Intent { act=com.mixgo.PropertySEO.run.action cmp=com.mixgo.PropertySEO/cn.jpush.android.service.PushService (has extras) }, pkg:com.mixgo.PropertySEO, connection:0
06-28 18:35:26.062  1869 13669 I BoosterSwitchP: notifyUidState do nothing
06-28 18:35:26.062  1869 13669 I DeepNoDisturbP: notifyUidState
06-28 18:35:26.062  1869 13669 I HidataAppQoeP: notifyUidState
06-28 18:35:26.062  1869 13669 I BrowserChrP: notifyUidState
06-28 18:35:26.063  2461  2612 D WorkSource: i1=0 i2=0 N1=0: insert 2434 com.huawei.iconnect
06-28 18:35:26.063  2461  2612 D WorkSource: Insert in WorkSource{} @ 0 uid 2434 name com.huawei.iconnect
06-28 18:35:26.064  2461  2661 D BluetoothAdapter: isLeEnabled(): ON
06-28 18:35:26.066  1114  2469 I HwNetworkPolicy: onTransact, code = 203
06-28 18:35:26.066  2017  2506 I HwNetworkPolicyManager: getHwUidPolicy uid = 10042 policy = 0
06-28 18:35:26.067  1667  2234 I bt_stack: [INFO:gatt_api.cc(950)] GATT_Register 164ae5a2-01af-e522-da40-0e9464d5e7eb
06-28 18:35:26.068  1667  2234 I bt_stack: [INFO:gatt_api.cc(970)] allocated gatt_if=6
06-28 18:35:26.068  1952 19959 I chatty  : uid=1000(system) Binder:1952_A expire 7 lines
06-28 18:35:26.069  2461  2482 D BluetoothLeScanner: onScannerRegistered() - status=0 scannerId=6 mScannerId=0
06-28 18:35:26.069  1667  1680 W Bth-btfreeze: BluetoothFreeze:tag: 181  uid: 1000  pid: 2461
06-28 18:35:26.069  1114  1150 I HwAudioService: now type = 255,reportForegroundAppType = 255,pkg = null,systemload = 255mVoipOptimizeInGameModetrue
06-28 18:35:26.071  1114  1737 I AlarmManager: remove alarm:Alarm{96050d6 type 0 when 1561718415961 PendingIntent{16b0fb9: PendingIntentRecord{b763ffe com.mixgo.PropertySEO broadcastIntent}}com.mixgo.PropertySEO} according to operation:851fcf1
06-28 18:35:26.074 31509 31509 I FLTAG_FM: loadFeature class:com.huawei.featurelayer.systemfeature.HwWidget.IHwSplineOverScrollerEx
06-28 18:35:26.074 31509 31509 I FLTAG_SFM: getRequireClassLoader() succ ! className: com.huawei.featurelayer.systemfeature.HwWidget.IHwSplineOverScrollerEx
06-28 18:35:26.074 31509 31509 D FeatureFactory: loadFeature() : com.huawei.featurelayer.systemfeature.HwWidget.IHwSplineOverScrollerEx
06-28 18:35:26.074 31509 31509 D FeatureFactory: loadFeature() new IHwSplineOverScrollerEx()
06-28 18:35:26.074 31509 31509 D HwSplineOverScrollerExImpl: initSplineOverScrollerImpl paras: android.widget.OverScroller$SplineOverScroller@79327ff,com.android.packageinstaller.permission.ui.GrantPermissionsActivity@baa465d
06-28 18:35:26.074 31509 31509 D HwSplineOverScrollerExImpl: initSplineOverScrollerImpl: mScrollerVelocity is 0, value is 0
06-28 18:35:26.074 31509 31509 I FLTAG_FM: loadFeature class:com.huawei.featurelayer.systemfeature.HwWidget.IHwSplineOverScrollerEx
06-28 18:35:26.074 31509 31509 I FLTAG_SFM: getRequireClassLoader() succ ! className: com.huawei.featurelayer.systemfeature.HwWidget.IHwSplineOverScrollerEx
06-28 18:35:26.074 31509 31509 D FeatureFactory: loadFeature() : com.huawei.featurelayer.systemfeature.HwWidget.IHwSplineOverScrollerEx
06-28 18:35:26.074 31509 31509 D FeatureFactory: loadFeature() new IHwSplineOverScrollerEx()
06-28 18:35:26.074 31509 31509 D HwSplineOverScrollerExImpl: initSplineOverScrollerImpl paras: android.widget.OverScroller$SplineOverScroller@2a4e415,com.android.packageinstaller.permission.ui.GrantPermissionsActivity@baa465d
06-28 18:35:26.074 31509 31509 D HwSplineOverScrollerExImpl: initSplineOverScrollerImpl: mScrollerVelocity is 0, value is 0
06-28 18:35:26.076  5327  5327 D JIGUANG-JCore: [PushReceiver] onReceive - android.net.conn.CONNECTIVITY_CHANGE
06-28 18:35:26.076  5327  5564 D JIGUANG-JCore: [JiguangTcpManager] Action - restartNetworkingClient, pid:5327
06-28 18:35:26.077  5327  5564 D JIGUANG-JCore: [ARunAction]  pkg:com.mixgo.PropertySEO
06-28 18:35:26.077  5327  5528 D JIGUANG-JPush: [PushReceiverCore] onReceive - android.net.conn.CONNECTIVITY_CHANGE
06-28 18:35:26.077  5327  5564 D JIGUANG-JCore: [ARunAction] Bundle[{action=cn.jpush.android.intent.REPORT, report.extra.info=, report=crash_log, sdktype=JCORE}]
06-28 18:35:26.077 31509 31509 D HiTouch_PressGestureDetector: HiTouch on notch display, height corret:85
06-28 18:35:26.077  5327  5564 D JIGUANG-JCore: [ARunAction]  pkg:com.mixgo.PropertySEO
06-28 18:35:26.077  5327  5564 D JIGUANG-JCore: [ARunAction] Bundle[{action=cn.jpush.android.intent.REPORT, report.extra.info=, report=crash_log, sdktype=JCORE}]
06-28 18:35:26.077  5327  5564 D JIGUANG-JCore: [JiguangTcpManager] Action - restartNetworkingClient, pid:5327
06-28 18:35:26.078  5327  5564 D JIGUANG-JCore: [JiguangTcpManager] isRunning:true
06-28 18:35:26.078  5327  5564 D JIGUANG-JCore: [JiguangTcpManager] Action - restartNetworkingClient, pid:5327
06-28 18:35:26.078  5327  5565 I JIGUANG-JCore: [NetworkingClient] Begin to run in ConnectingThread - id:726
06-28 18:35:26.078  5327  5564 D JIGUANG-JCore: [JiguangTcpManager] isRunning:true
06-28 18:35:26.082 31509 31509 D ActivityThread: add activity client record, r= ActivityRecord{efcac91 token=android.os.BinderProxy@5b75f07 {com.android.packageinstaller/com.android.packageinstaller.permission.ui.GrantPermissionsActivity}} token= android.os.BinderProxy@5b75f07
06-28 18:35:26.082 31509 31509 D ZrHung.AppEyeUiProbe: notify runnable to start.
06-28 18:35:26.082  1114 11658 D HwGameAssistantController: pid=31509, uid=10042, component=ComponentInfo{com.android.packageinstaller/com.android.packageinstaller.permission.ui.GrantPermissionsActivity}
06-28 18:35:26.083  1114  1243 D HwGameAssistantController: UPDATE: mCurFgPkg=com.android.packageinstaller, mCurFgPid=31509, mCurIsGame=false
06-28 18:35:26.083 31509 31509 D ZrHung.AppEyeUiProbe: notify runnable to start.
06-28 18:35:26.083 31509 31509 D ZrHung.AppEyeUiProbe: stop checker.
06-28 18:35:26.084  1114  1219 W HwActivityManagerServiceEx: HwActivityNotifier end call android.app.IHwActivityNotifier$Stub$Proxy@88cf16b for activityLifeState under user 0 cost 1
06-28 18:35:26.084  1114  2564 W HwActivityManagerServiceEx: appSwitch from: com.android.packageinstaller to: com.mixgo.PropertySEO
06-28 18:35:26.085  1114  1219 W HwActivityManagerServiceEx: HwActivityNotifier end call android.app.IHwActivityNotifier$Stub$Proxy@b3922e9 for appSwitch under user 0 cost 0
06-28 18:35:26.085  1114  1219 W HwActivityManagerServiceEx: HwActivityNotifier end call android.app.IHwActivityNotifier$Stub$Proxy@92d0b6e for appSwitch under user 0 cost 0
06-28 18:35:26.087  6701  6759 I [HwRecSys]OdmfCollectScheduler: handleMessage msg: 6
06-28 18:35:26.087  6701  6759 E [HwRecSys]HwRecSysService: Rec sys service not started.
06-28 18:35:26.091  1952  2586 I chatty  : uid=1000(system) thermal-core-th expire 3 lines
06-28 18:35:26.091  1114  2564 D HwPhoneWindowManager: sensorRotation = -1 lastRotation:0
06-28 18:35:26.091  1114  2564 V WindowManager: notifyAppResumed: wasStopped=false AppWindowToken{df27ea3 token=Token{52e3dd2 ActivityRecord{337d05d u0 com.mixgo.PropertySEO/cn.jiguang.unity.push.UnityPluginActivity t219}}}
06-28 18:35:26.092  1114 11658 D HwLocationManagerService: on transact ADD_LOCATION_MODE  uid is 10402 , expectedmode is 3 , packagename is com.mixgo.PropertySEO
06-28 18:35:26.092  1114 11658 D HwLocationManagerService: uid is 10402 , isWifiConn is true , isMobileConn is false
06-28 18:35:26.092  1114 11658 I HwNetworkPolicy: onTransact, code = 203
06-28 18:35:26.092  1114 11658 I HwNetworkPolicyManager: getHwUidPolicy uid = 10402 policy = 0
06-28 18:35:26.092  1114 11658 D HwLocationManagerService: policy is 0 , wifiAccess is true, mobileAccess is true
06-28 18:35:26.092  1114 11658 D HwLocationManagerService: wifiAvaiable is true , mobileAvailable is false
06-28 18:35:26.092  1114 11658 D HwLocationManagerService: addSupervisoryControlProc, mExpectedMode is network,packagename=com.mixgo.PropertySEO, mSupervisoryPkgList is {com.mixgo.PropertySEO=network}
06-28 18:35:26.092  1114 11658 D HwLocationManagerService:  package has no request send yet
06-28 18:35:26.093  2461  2661 D BluetoothAdapter: isLeEnabled(): ON
06-28 18:35:26.093  1667  1680 W Bth-btfreeze: BluetoothFreeze:tag: 182  uid: 1000  pid: 2461
06-28 18:35:26.093  5327  5327 D ZrHung.AppEyeUiProbe: notify runnable to start.
06-28 18:35:26.094  1667  1680 W Bth-btfreeze: BluetoothFreeze:tag: 182  uid: 1000
06-28 18:35:26.094  1667  1680 W Bth-btfreeze: BluetoothFreeze:tag: 182  uid: 1000  pid: 2461
06-28 18:35:26.096  1114  2564 V WindowManager: Checking 1 opening apps (frozen=false timeout=false), Track: activitypause performsurface
06-28 18:35:26.096  1114  2564 V WindowManager: Check opening app=AppWindowToken{df27ea3 token=Token{52e3dd2 ActivityRecord{337d05d u0 com.mixgo.PropertySEO/cn.jiguang.unity.push.UnityPluginActivity t219}}}: allDrawn=true startingDisplayed=false startingMoved=false isRelaunching()=false startingWindow=null
06-28 18:35:26.096  1114  2564 I WindowManager: closing apps count = 1
06-28 18:35:26.100  1114  1219 W HwActivityManagerServiceEx: HwActivityNotifier end call android.app.IHwActivityNotifier$Stub$Proxy@88cf16b for activityLifeState under user 0 cost 1
06-28 18:35:26.100  5327  5563 E ActivityThread: Failed to find provider info for com.ss.android.article.news.DownloadProvider
06-28 18:35:26.101  5327  5327 D HwAppInnerBoostImpl: asyncReportData com.mixgo.PropertySEO,2,1,2,0 interval=784
06-28 18:35:26.101  1114  1827 D HwGameAssistantController: pid=5327, uid=10402, component=ComponentInfo{com.mixgo.PropertySEO/cn.jiguang.unity.push.UnityPluginActivity}
06-28 18:35:26.101  1114  1827 I chatty  : uid=1000(system) Binder:1114_8 expire 3 lines
06-28 18:35:26.101  5327  5327 V InputMethodManager: Reporting focus gain, without startInput
06-28 18:35:26.102  1114  1243 D HwGameAssistantController: UPDATE: mCurFgPkg=com.mixgo.PropertySEO, mCurFgPid=5327, mCurIsGame=false
06-28 18:35:26.102  1114  1219 W HwActivityManagerServiceEx: HwActivityNotifier end call android.app.IHwActivityNotifier$Stub$Proxy@88cf16b for activityLifeState under user 0 cost 0
06-28 18:35:26.102   646   646 D WifiHW  : chip is bcm bcm43xx
06-28 18:35:26.102   646   646 D         : Enter bcm_game_kog_adjust_speed: freq= 2437 mode= 6
06-28 18:35:26.102   646   646 D         : Enter wl_set_pmlock: pmlock= 0
06-28 18:35:26.103   646   646 D         : wl_set_pmlock: ret: 0
06-28 18:35:26.103   638 10316 E uniperf server: uniPerfEvent doParse failed, cmdId=4400
06-28 18:35:26.104   638 10316 D uniperf hal: do uniPerfEvent failed, cmdId=4400, ret=2
06-28 18:35:26.104   789   909 D SensorHub: batch called handle:0 sample_ns:200000000 latency_ns:0
06-28 18:35:26.104   789   909 E SensorHub: in batch, handle = 0, flags = 0, period_ns = 200000000, timeout = 0
06-28 18:35:26.104  5327  5563 E ActivityThread: Failed to find provider info for com.ss.android.article.news.DownloadProvider
06-28 18:35:26.104   789   909 I Sensors@1.0-impl: activate-0 enabled-1 fwkOals-1 camOals-0 fwkOcolor-1 camOcolor-0 fwkOtof-0 camOtof-0
06-28 18:35:26.104   789   909 D SensorHub: enableSensor-> handle: 0 enable : 1
06-28 18:35:26.104   789   909 D SensorHub: Channel activate-> handle: 0, enabled:1, err: 0
06-28 18:35:26.105   789   909 D SensorHub: batch called handle:0 sample_ns:20000000 latency_ns:0
06-28 18:35:26.105   789   909 E SensorHub: in batch, handle = 0, flags = 0, period_ns = 20000000, timeout = 0
06-28 18:35:26.106  5028  5050 W AccessibilityInteractionClient: old interaction Id is: -1,current interaction Id is:2
06-28 18:35:26.106  6701  6759 I [HwRecSys]OdmfCollectScheduler: handleMessage msg: 6
06-28 18:35:26.106  6701  6759 E [HwRecSys]HwRecSysService: Rec sys service not started.
06-28 18:35:26.110   648  8584 I chatty  : uid=1041(audioserver) Binder:648_6 expire 10 lines
06-28 18:35:26.112  5327  5327 W com.mixgo.PropertySEO: type=1400 audit(0.0:36698): avc: granted { create } for comm=576F726B657220546872656164 name="156171812600000.83827fc3" scontext=u:r:untrusted_app:s0:c146,c257,c512,c768 tcontext=u:object_r:sdcardfs:s0:c146,c257,c512,c768 tclass=dir
06-28 18:35:26.113  5327  5574 V PlayerBase: baseStart() piid=2159
06-28 18:35:26.113   755   815 I dubaid  : [AudioHandler.cpp] stopSession# Failed to find audio session: 1937
06-28 18:35:26.113  1114  1114 D MediaRouterService: onAudioPlayerActiveStateChanged: uid=10402, active=true, restoreUid=10402
06-28 18:35:26.113  1667  1680 V AudioManager: mPlaybackCallbackList.size:1
06-28 18:35:26.114  1667  2475 D AudioManager: dispatching onPlaybackConfigChanged()
06-28 18:35:26.114  5028  5050 W AccessibilityInteractionClient: old interaction Id is: -1,current interaction Id is:3
06-28 18:35:26.116  5327  5327 W com.mixgo.PropertySEO: type=1400 audit(0.0:36699): avc: granted { create } for comm=576F726B657220546872656164 name="s" scontext=u:r:untrusted_app:s0:c146,c257,c512,c768 tcontext=u:object_r:sdcardfs:s0:c146,c257,c512,c768 tclass=file
06-28 18:35:26.116  5327  5327 W com.mixgo.PropertySEO: type=1400 audit(0.0:36700): avc: granted { create } for comm=576F726B657220546872656164 name="g" scontext=u:r:untrusted_app:s0:c146,c257,c512,c768 tcontext=u:object_r:sdcardfs:s0:c146,c257,c512,c768 tclass=file
06-28 18:35:26.116  5327  5327 W com.mixgo.PropertySEO: type=1400 audit(0.0:36701): avc: granted { create } for comm=576F726B657220546872656164 name="e" scontext=u:r:untrusted_app:s0:c146,c257,c512,c768 tcontext=u:object_r:sdcardfs:s0:c146,c257,c512,c768 tclass=file
06-28 18:35:26.116  5327  5407 D         : addLayerName, tid:5407
06-28 18:35:26.117  5327  5574 D android.media.AudioTrack: [HSM] AudioTrace play() uid: 10402, pid: 5327
06-28 18:35:26.122  5327  5407 D         : addLayerName, tid:5407
06-28 18:35:26.127  5327  5407 D         : addLayerName, tid:5407
06-28 18:35:26.129  5327  5327 V MediaRouter: onRestoreRoute() : route=RouteInfo{ name=, description=null, status=null, category=RouteCategory{ name= types=ROUTE_TYPE_LIVE_AUDIO ROUTE_TYPE_LIVE_VIDEO  groupable=false }, supportedTypes=ROUTE_TYPE_LIVE_AUDIO ROUTE_TYPE_LIVE_VIDEO , presentationDisplay=null }
06-28 18:35:26.129  5327  5327 V MediaRouter: Selecting route: RouteInfo{ name=, description=null, status=null, category=RouteCategory{ name= types=ROUTE_TYPE_LIVE_AUDIO ROUTE_TYPE_LIVE_VIDEO  groupable=false }, supportedTypes=ROUTE_TYPE_LIVE_AUDIO ROUTE_TYPE_LIVE_VIDEO , presentationDisplay=null }
06-28 18:35:26.134  1869 13669 I BoosterSwitchP: notifyUidState do nothing
06-28 18:35:26.134  1869 13669 I DeepNoDisturbP: notifyUidState
06-28 18:35:26.134  1869 13669 I HidataAppQoeP: notifyUidState
06-28 18:35:26.134  1869 13669 I BrowserChrP: notifyUidState
06-28 18:35:26.135 31509 31509 D ZrHung.AppEyeUiProbe: notify runnable to start.
06-28 18:35:26.135 31509 31509 D ZrHung.AppEyeUiProbe: stop checker.
06-28 18:35:26.137 31509 31509 D ActivityThread: Remove activity client record, r= ActivityRecord{efcac91 token=android.os.BinderProxy@5b75f07 {com.android.packageinstaller/com.android.packageinstaller.permission.ui.GrantPermissionsActivity}} token= android.os.BinderProxy@5b75f07
06-28 18:35:26.137  1114  2564 V WindowManager: removeAppToken: AppWindowToken{dd4ad80 token=Token{e249a03 ActivityRecord{742ab2 u0 com.android.packageinstaller/.permission.ui.GrantPermissionsActivity t219}}} delayed=false Callers=com.android.server.wm.DisplayContent.removeAppToken:1059 com.android.server.wm.AppWindowContainerController.removeContainer:301 com.android.server.am.ActivityRecord.removeWindowContainer:1152 com.android.server.am.ActivityStack.removeActivityFromHistoryLocked:4507 
06-28 18:35:26.140   650   650 D Layer   : Skip in Layer::computeScreenBounds 1
06-28 18:35:26.140   650   650 D Layer   : Skip in Layer::computeScreenBounds 1
06-28 18:35:26.140   468   468 E OEMINFO_NVM_SERVER:  oeminfo_get_info:index(155), oeminfo data not find !!!!
06-28 18:35:26.141   468   468 E OEMINFO_NVM_SERVER:  oeminfo_return_info: oeminfo return info fail.
06-28 18:35:26.141   650   650 D Layer   : Skip in Layer::computeScreenBounds 1
06-28 18:35:26.141   468   468 E OEMINFO_NVM_SERVER:  oinv_cmd_handler: pid 507, operation oeminfo_getinfo and ret -1 fail.
06-28 18:35:26.141   650   650 D Layer   : Skip in Layer::computeScreenBounds 1
06-28 18:35:26.141   507   507 E OEMINFO_NVM_CLIENT: oinv_recv_return: RET_FAIL return.
06-28 18:35:26.141   650   650 D Layer   : Skip in Layer::computeScreenBounds 1
06-28 18:35:26.141   507   507 E OEMINFO_NVM_CLIENT: rmt_oeminfo_get_info: index(155) get data from server fail.
06-28 18:35:26.141   507   507 E         : read_oeminfo_signed_data: failed to get info oeminfo_idx:155 and total_byte:0
06-28 18:35:26.141   507   507 E         : init_oeminfo_signed_data_all:fail to read oeminfo oeminfo_idx:155 and oeminfo_sub_idx:-1
06-28 18:35:26.141   507   507 E         : get_original_data_by_fun_tag_and_sign_type: fail to init signed oeminfo signed all params
06-28 18:35:26.141   507   507 E         : read_udid_number: failed to get udid
06-28 18:35:26.141   507   507 E factory_operator: hw_get_device_info: read udid from oeminfo fail
06-28 18:35:26.143  5327  5407 D         : addLayerName, tid:5407
06-28 18:35:26.156   650   650 D Layer   : Skip in Layer::computeScreenBounds 1
06-28 18:35:26.157   650   650 D Layer   : Skip in Layer::computeScreenBounds 1
06-28 18:35:26.160  5327  5407 D         : addLayerName, tid:5407
06-28 18:35:26.167  5327  5565 D JIGUANG-JCore: [SisPolicy] To get sis - host:210.14.153.110, port:19000 ,type:hardcode_domain
06-28 18:35:26.170  5327  5565 D JIGUANG-JCore: [ConnectingHelper] SIS Receiving...
06-28 18:35:26.175  5327  5407 D         : addLayerName, tid:5407
06-28 18:35:26.192  5327  5407 D         : addLayerName, tid:5407
06-28 18:35:26.193  1993  4986 D HwRecentsTaskUtils: refreshToCache
06-28 18:35:26.193  1993  4986 D HwRecentsTaskUtils: searchFromDate
06-28 18:35:26.197  1993  4986 I RecentsTaskLoadPlan: to show tasks size is 7
06-28 18:35:26.205   753  1599 E DE N ABT: mergeProcessorOperating:1225: COMPONENT_RGBW already has data, can't add new data with mode(0x1000000), mode:0x16->0x1000016
06-28 18:35:26.209  5327  5407 D         : addLayerName, tid:5407
06-28 18:35:26.225  5327  5407 D         : addLayerName, tid:5407
06-28 18:35:26.242  5327  5407 D         : addLayerName, tid:5407
06-28 18:35:26.255  5327  5565 I JIGUANG-JCore: [SisPolicy] Get sis info succeed with host: 210.14.153.110 type:hardcode_domain
06-28 18:35:26.257  5327  5565 D JIGUANG-JCore: [SisPolicy] Open connection with main - ip:175.25.50.215, port:7010
06-28 18:35:26.258  5327  5407 D         : addLayerName, tid:5407
06-28 18:35:26.275  5327  5407 D         : addLayerName, tid:5407
06-28 18:35:26.291  5327  5407 D         : addLayerName, tid:5407
06-28 18:35:26.303  5327  5565 I JIGUANG-JCore: [SisPolicy] Succeed to open connection - ip:175.25.50.215, port:7010
06-28 18:35:26.307   646   646 E WifiHAL : enter wifi_get_link_stats
06-28 18:35:26.308  5327  5407 D         : addLayerName, tid:5407
06-28 18:35:26.325  5327  5407 D         : addLayerName, tid:5407
06-28 18:35:26.341  5327  5407 D         : addLayerName, tid:5407
06-28 18:35:26.357  5327  5407 D         : addLayerName, tid:5407
06-28 18:35:26.365  5327  5351 I Unity   : {"code":"0","msg":"SUCCESS","datas":{"verId":37,"url":"https://img.singmap.com/upload/broke/resourceweb/3b850f15eb5a4d1481556b9c425fdb62.upk","versionNo":"11","isUpdate":0,"desc":"","status":'',"type":2,"createTime":'',"userId":''}}
06-28 18:35:26.365  5327  5351 I Unity   :  
06-28 18:35:26.365  5327  5351 I Unity   : (Filename: /Users/builduser/buildslave/unity/build/artifacts/generated/common/runtime/DebugBindings.gen.cpp Line: 51)
06-28 18:35:26.365  5327  5351 I Unity   : 
06-28 18:35:26.366  5327  5351 I Unity   : msg:{"code":"0","msg":"SUCCESS","datas":{"verId":37,"url":"https://img.singmap.com/upload/broke/resourceweb/3b850f15eb5a4d1481556b9c425fdb62.upk","versionNo":"11","isUpdate":0,"desc":"","status":'',"type":2,"createTime":'',"userId":''}}
06-28 18:35:26.366  5327  5351 I Unity   :  
06-28 18:35:26.366  5327  5351 I Unity   : (Filename: /Users/builduser/buildslave/unity/build/artifacts/generated/common/runtime/DebugBindings.gen.cpp Line: 51)
06-28 18:35:26.366  5327  5351 I Unity   : 
06-28 18:35:26.367  5327  5351 I Unity   : datas:JsonData object
06-28 18:35:26.367  5327  5351 I Unity   :  
06-28 18:35:26.367  5327  5351 I Unity   : (Filename: /Users/builduser/buildslave/unity/build/artifacts/generated/common/runtime/DebugBindings.gen.cpp Line: 51)
06-28 18:35:26.367  5327  5351 I Unity   : 
06-28 18:35:26.367  5327  5351 I Unity   : resourceUrl:https://img.singmap.com/upload/broke/resourceweb/3b850f15eb5a4d1481556b9c425fdb62.upk
06-28 18:35:26.367  5327  5351 I Unity   :  
06-28 18:35:26.367  5327  5351 I Unity   : (Filename: /Users/builduser/buildslave/unity/build/artifacts/generated/common/runtime/DebugBindings.gen.cpp Line: 51)
06-28 18:35:26.367  5327  5351 I Unity   : 
06-28 18:35:26.368  5327  5351 I Unity   : resourceVer:11
06-28 18:35:26.368  5327  5351 I Unity   :  
06-28 18:35:26.368  5327  5351 I Unity   : (Filename: /Users/builduser/buildslave/unity/build/artifacts/generated/common/runtime/DebugBindings.gen.cpp Line: 51)
06-28 18:35:26.368  5327  5351 I Unity   : 
06-28 18:35:26.370  5327  5351 I Unity   : != resourceVer = 11 localVersion=0
06-28 18:35:26.370  5327  5351 I Unity   :  
06-28 18:35:26.370  5327  5351 I Unity   : (Filename: /Users/builduser/buildslave/unity/build/artifacts/generated/common/runtime/DebugBindings.gen.cpp Line: 51)
06-28 18:35:26.370  5327  5351 I Unity   : 
06-28 18:35:26.374  5327  5407 D         : addLayerName, tid:5407
06-28 18:35:26.397  5327  5565 I JIGUANG-JCore: [ConnectingHelper] Register succeed - juid:21176094885, registrationId:160a3797c858520e7a6, deviceId:null
06-28 18:35:26.400  1114  1228 I ActivityManager: App 10402/com.mixgo.PropertySEO targets O+, restricted
06-28 18:35:26.402  1114  2564 V BroadcastQueue: Finished with ordered broadcast BroadcastRecord{ee65dba u0 cn.jpush.android.intent.REGISTRATION}
06-28 18:35:26.412  5327  5335 V PlayerBase: baseRelease() piid=2143 state=0
06-28 18:35:26.412  5327  5335 V PlayerBase: baseRelease() piid=2151 state=0
06-28 18:35:26.416  5327  5327 W UnityGfxDeviceW: type=1400 audit(0.0:36702): avc: granted { create } for name="26075d68ddf16a2666dea06398340ee9" scontext=u:r:untrusted_app:s0:c146,c257,c512,c768 tcontext=u:object_r:sdcardfs:s0:c146,c257,c512,c768 tclass=file
06-28 18:35:26.421  5327  5574 I AudioTrack: audioTrack continuously zero data counter >= 20, send pause/stop state to pg, counter: 20
06-28 18:35:26.424  5327  5565 I JIGUANG-JCore: [ConnectingHelper] Login with - juid:21176094885, appKey:46fb548d664dad6b8390d190, sdkVersion:66053, pushVersion:196870, analyticsVersion:0 ,shareVersion:0,sspSdkVer:0, pluginPlatformType:0
06-28 18:35:26.428  1114  2564 D CountryDetector: isValidCountryIso: CN
06-28 18:35:26.488  5327  5565 I JIGUANG-JCore: [ConnectingHelper] Login succeed - sid:73766, serverTime;1561718126000
06-28 18:35:26.488  5327  5565 D JIGUANG-JCore: [ConnectingHelper] Action - sendServerTimer
06-28 18:35:26.490  5327  5561 D JIGUANG-JCore: [JiguangTcpManager] Action - onLoggedIn - connection:726
06-28 18:35:26.490  5327  5561 D JIGUANG-JCore: [ConnectingHelper] Action - sendConnectionChanged
06-28 18:35:26.490  5327  5565 D JIGUANG-JCore: [NetworkingClient] Network listening...
06-28 18:35:26.491  1114  1228 I ActivityManager: App 10402/com.mixgo.PropertySEO targets O+, restricted
06-28 18:35:26.493  1114  2564 V BroadcastQueue: Finished with ordered broadcast BroadcastRecord{80c46b u0 cn.jpush.android.intent.CONNECTION}
06-28 18:35:26.495  1114  1228 I ActivityManager: App 10402/com.mixgo.PropertySEO targets O+, restricted
06-28 18:35:26.495  5327  5583 I JIGUANG-JCore: [ReportHelper] periodTasks...
06-28 18:35:26.497  1114  2564 I AlarmManager: remove alarm:Alarm{a8c9b86 type 0 when 1561718416069 PendingIntent{851fcf1: PendingIntentRecord{b763ffe com.mixgo.PropertySEO broadcastIntent}}com.mixgo.PropertySEO} according to operation:8b0461
06-28 18:35:26.497  5327  5327 D JIGUANG-JCore: [PushReceiver] onReceive - cn.jpush.android.intent.ACTION_REPORT_HISTORY
06-28 18:35:26.497  1114  1737 V BroadcastQueue: Finished with ordered broadcast BroadcastRecord{86e6bc8 u0 cn.jpush.android.intent.ACTION_REPORT_HISTORY}
06-28 18:35:26.497  5327  5528 D JIGUANG-JPush: [PushReceiverCore] onReceive - cn.jpush.android.intent.ACTION_REPORT_HISTORY
06-28 18:35:26.503  5327  5407 D         : addLayerName, tid:5407
06-28 18:35:26.505  5327  5584 D TelephonyManager: getAllCellInfo calling app is com.mixgo.PropertySEO
06-28 18:35:26.505  5327  5407 D         : addLayerName, tid:5407
06-28 18:35:26.506  1969  5083 W PhoneInterfaceManager: shouldBlockLocation running ...
06-28 18:35:26.508  1969  5083 I PhoneInterfaceManager: shouldBlockLocation  ret:false
06-28 18:35:26.509  5327  5584 D TelephonyManager: getCellLocation calling app is com.mixgo.PropertySEO
06-28 18:35:26.510  1969  5083 W PhoneInterfaceManager: shouldBlockLocation running ...
06-28 18:35:26.512  1969  5083 I PhoneInterfaceManager: shouldBlockLocation  ret:false
06-28 18:35:26.514  5327  5584 D TelephonyManager: getNeighboringCellInfo calling app is com.mixgo.PropertySEO
06-28 18:35:26.515  1969  5083 W PhoneInterfaceManager: shouldBlockLocation running ...
06-28 18:35:26.517  1969  5083 I PhoneInterfaceManager: shouldBlockLocation  ret:false
06-28 18:35:26.523  5327  5407 D         : addLayerName, tid:5407
06-28 18:35:26.526  1114 13295 I chatty  : uid=1000(system) Binder:1114_20 expire 20 lines
06-28 18:35:26.535  1114 13295 D HwLocationManagerService: uid is 10402 , isWifiConn is true , isMobileConn is false
06-28 18:35:26.535  1114 13295 I HwNetworkPolicy: onTransact, code = 203
06-28 18:35:26.535  1114 13295 I HwNetworkPolicyManager: getHwUidPolicy uid = 10402 policy = 0
06-28 18:35:26.535  1114 13295 D HwLocationManagerService: policy is 0 , wifiAccess is true, mobileAccess is true
06-28 18:35:26.535  1114 13295 D HwLocationManagerService: wifiAvaiable is true , mobileAvailable is false
06-28 18:35:26.536  1114 13295 I BackgroundPermManager: pkgName: com.mixgo.PropertySEO,pid: 5327 ,uidOf3RdApk: 10402 ,permType: 2 ,permCfg: 1
06-28 18:35:26.537  1849  1861 I chatty  : uid=1000(system) Binder:1849_2 expire 1 line
06-28 18:35:26.537  1900  2068 I chatty  : uid=1000(system) NcChrGnssDftMan expire 2 lines
06-28 18:35:26.537  1900  2069 I chatty  : uid=1000(system) GnssDataStatist expire 6 lines
06-28 18:35:26.538  1114  1579 I chatty  : uid=1000(system) HwLbsLogger expire 4 lines
06-28 18:35:26.539  5327  5407 D         : addLayerName, tid:5407
06-28 18:35:26.540  1114 11658 I NetworkStats: openSessionForUsageStats, pid = 1849, pkg = com.huawei.lbs
06-28 18:35:26.540  1114 11658 I NetworkStats: openSessionInternal,pid = 1849
06-28 18:35:26.540  1114 11658 I NetworkStats: performPollLocked, pid = 1114
06-28 18:35:26.547  1114 11658 W NetworkStatsFactory: mStatsXtProcUid: /proc/net/comm/stats does not exist!
06-28 18:35:26.547  1114 11658 D HwNetworkStatsService: hwRecordUidAndProcSnapshotLocked currentTime = 1561718126538
06-28 18:35:26.550  1114 11658 I NetworkStatsFactory: javaReadNetworkStatsUidAndProcDetail. cost time = 3
06-28 18:35:26.555  5327  5407 D         : addLayerName, tid:5407
06-28 18:35:26.558  1114 11658 D HwNetworkStatsService: hwMaybeUidAndProcPersistLocked currentTime = 1561718126538
06-28 18:35:26.573  5327  5407 D         : addLayerName, tid:5407
06-28 18:35:26.573   589  2303 I ArHal   : (ar_data_get_state:1225):id[2]
06-28 18:35:26.573  2017  2247 E HSM_BG  : NatTrafficNotifyService:imsi is null, so return
06-28 18:35:26.576   589  2303 I ArHal   : (ar_data_get_state:1225):id[2]
06-28 18:35:26.577   589  2303 I ArHal   : (ar_data_get_state:1225):id[2]
06-28 18:35:26.579  1114  8995 D WifiService: startScan, pid:1849, uid:1000, appName:com.huawei.lbs
06-28 18:35:26.580  1920  7189 D ARMoudle.HwActivityRecognition: getCurrentActivityExtend
06-28 18:35:26.580   589  2303 I ArHal   : (ar_data_get_state:1225):id[2]
06-28 18:35:26.581  1920  7189 D ARMoudle.HwActivityRecognition: hwActivityEvent:[ ActivityChangedExtendEvent:
06-28 18:35:26.581  1920  7189 D ARMoudle.HwActivityRecognition:     Activity='android.activity_recognition.relative_still', EventType=1, TimestampNs=104713889309269, Confidence=0
06-28 18:35:26.581  1920  7189 D ARMoudle.HwActivityRecognition:     Activity='android.activity_recognition.still', EventType=1, TimestampNs=117942089442914, Confidence=100
06-28 18:35:26.581  1920  7189 D ARMoudle.HwActivityRecognition: ]
06-28 18:35:26.581  1114  8995 D HwWifiService: Get wifiScanStrategy from iAware, WifiScanStrategy = [mCycle=1800000, mTimeStamp=117942089]
06-28 18:35:26.582  1849  1849 I chatty  : uid=1000(system) com.huawei.lbs expire 22 lines
06-28 18:35:26.590  5327  5407 D         : addLayerName, tid:5407
06-28 18:35:26.591  1114  1114 I HwNormalizedSpline: mOminLevelMode:Day getBrightnessLevel lux =458.0,mDefaultBrightness=44.335182,mOCount=11
06-28 18:35:26.599  5327  5583 W xgo.PropertySE: resources.arsc in APK '/data/app/com.sankuai.meituan-7Uv3jz4SBtkJ7IXOhJYOPg==/base.apk' is compressed.
06-28 18:35:26.605  5327  5407 D         : addLayerName, tid:5407
06-28 18:35:26.615  5327  5585 D JIGUANG-JCore: [HttpHelper] status code:200 retry left:2
06-28 18:35:26.621  5327  5407 D         : addLayerName, tid:5407
06-28 18:35:26.621   650  1521 D         : report data to hwsched!
06-28 18:35:26.638  5327  5407 D         : addLayerName, tid:5407
06-28 18:35:26.651   642  8728 E PF_PH   : [perfRequest:536] PerfRequest failed for pid 635
06-28 18:35:26.651   642  8728 E PF_GENIUS: [perfRequest] perfRequest failed.
06-28 18:35:26.654  5327  5407 D         : addLayerName, tid:5407
06-28 18:35:26.671  5327  5407 D         : addLayerName, tid:5407
06-28 18:35:26.685  5327  5536 D JIGUANG-JCore: [HttpHelper] status code:200 retry left:2
06-28 18:35:26.688  5327  5407 D         : addLayerName, tid:5407
06-28 18:35:26.705  5327  5407 D         : addLayerName, tid:5407
06-28 18:35:26.708  1114  1477 D HwBatteryService: onUEvent fcpStatus = 0,scpStatus =0,ovpStatus=0
06-28 18:35:26.709  1114  1477 I HwBatteryService: quick charge status : 0
06-28 18:35:26.709  1114  1477 I HwBatteryService: handleWirelessTxStatus
06-28 18:35:26.709  1114  1477 I HwBatteryService: switch not open, return, mWirelessTxFlag : 0
06-28 18:35:26.709  1114  1477 I UsbDeviceManager: water_intrused state= 0
06-28 18:35:26.711  1114  1798 I BatteryService: normal charge status : 1
06-28 18:35:26.714  5327  5583 W xgo.PropertySE: resources.arsc in APK '/data/hw_init/product/region_comm/china/app/Browser_uc/Browser_uc.apk' is compressed.
06-28 18:35:26.715  1724  1724 D KeyguardUpdateMonitor: received broadcast android.intent.action.BATTERY_CHANGED
06-28 18:35:26.715  1724  1724 W KeyguardUpdateMonitor: ACTION_BATTERY_CHANGED AMP: 512000; Volt: 4700000
06-28 18:35:26.715  1724  1724 I KgBattery: (last-new)Status: 1 -> 1, chargeState=1 * branch=5
06-28 18:35:26.715  1724  1724 V KeyguardUpdateMonitor: RefreshBatteryInfo isBatteryLow: 100
06-28 18:35:26.715  1724  1724 W KeyguardUpdateMonitor: ChargingSpeed  Wattage: 2406400 ST: 5000000 --> 7500000
06-28 18:35:26.715  1724  1724 I KgBattery: BatteryInfo updated:  4lPC0
06-28 18:35:26.715  1724  1724 W AppHandler: sendMessage with obj100
06-28 18:35:26.715  1724  1724 D KeyguardUpdateMonitor: handleBatteryUpdate
06-28 18:35:26.715  1724  1724 I ColorPickUitls: type = 2
06-28 18:35:26.715  1724  1724 V KeyguardUpdateMonitor: RefreshBatteryInfo isBatteryLow: 100
06-28 18:35:26.715  1724  1724 W HwKgdBArea_BTY: updateBatteryInfo : false  true
06-28 18:35:26.715  1724  1724 W HwKgdBArea_BTY: updateBatteryInfo : false  true
06-28 18:35:26.715  1724  1724 W HwLockScreenPanel: Handle message: 100
06-28 18:35:26.715  1724  1724 W HwLockScreenPanel: refreshBatteryInfo: null
06-28 18:35:26.716  5028  5028 D UIABatteryMonitor: notify battery changed. current level 100
06-28 18:35:26.716  1724  1898 I KeyguardUtils: fpPath=sys/class/hw_power/charger/charge_data/chargerType, value=0
06-28 18:35:26.716  1724  1898 I KeyguardUtils: fpPath=sys/class/hw_power/charger/charge_data/chargerType, value=0
06-28 18:35:26.716  1724  1898 D KgBattery: BatteryInfo2: false; true; true; false; false; true
06-28 18:35:26.722  5327  5407 D         : addLayerName, tid:5407
06-28 18:35:26.739  5327  5407 D         : addLayerName, tid:5407
06-28 18:35:26.744  5593  5593 W dumpsys : type=1400 audit(0.0:36703): avc: denied { read } for name="pipe-max-size" dev="proc" ino=862467 scontext=u:r:shell:s0 tcontext=u:object_r:proc_pipe_conf:s0 tclass=file permissive=0
06-28 18:35:26.754  5327  5407 D         : addLayerName, tid:5407
06-28 18:35:26.770  5327  5407 D         : addLayerName, tid:5407
06-28 18:35:26.786  5327  5407 D         : addLayerName, tid:5407
06-28 18:35:26.793  5327  5536 D JIGUANG-JCore: [HttpHelper] status code:200 retry left:2
06-28 18:35:26.803  5327  5407 D         : addLayerName, tid:5407
06-28 18:35:26.820  5327  5407 D         : addLayerName, tid:5407
06-28 18:35:26.837  5327  5407 D         : addLayerName, tid:5407
06-28 18:35:26.853  5327  5407 D         : addLayerName, tid:5407
06-28 18:35:26.870  5327  5407 D         : addLayerName, tid:5407
06-28 18:35:26.873  5327  5327 D AwareBitmapCacher: handleInit switch not opened pid=5327
06-28 18:35:26.887  5327  5407 D         : addLayerName, tid:5407
06-28 18:35:26.903  5327  5407 D         : addLayerName, tid:5407
06-28 18:35:26.906  5327  5583 W xgo.PropertySE: resources.arsc in APK '/data/app/com.ss.android.article.news-FoD8IT207PxXIvW1sc-S8w==/base.apk' is compressed.
06-28 18:35:26.919  5327  5407 D         : addLayerName, tid:5407
06-28 18:35:26.936  5327  5407 D         : addLayerName, tid:5407
06-28 18:35:26.953  5327  5407 D         : addLayerName, tid:5407
06-28 18:35:26.969  5327  5407 D         : addLayerName, tid:5407
06-28 18:35:26.985  5327  5407 D         : addLayerName, tid:5407
06-28 18:35:26.998  5327  5583 W xgo.PropertySE: resources.arsc in APK '/data/app/com.geohot.towelroot-NHecwOsOEQ5dsOvvnIF_KA==/base.apk' is compressed.
06-28 18:35:27.001  5327  5407 D         : addLayerName, tid:5407
06-28 18:35:27.018  5327  5407 D         : addLayerName, tid:5407
06-28 18:35:27.034  5327  5407 D         : addLayerName, tid:5407
06-28 18:35:27.039  5327  5583 W xgo.PropertySE: resources.arsc in APK '/data/app/com.jingdong.app.mall-KH9SmInvMgklbeRPCYz7rA==/base.apk' is compressed.
06-28 18:35:27.051  5327  5407 D         : addLayerName, tid:5407
06-28 18:35:27.056 31509 31530 D ZrHung.AppEyeUiProbe: Current Activity:false
06-28 18:35:27.056 31509 31530 D ZrHung.AppEyeUiProbe: not watching, wait.
06-28 18:35:27.068  5327  5407 D         : addLayerName, tid:5407
06-28 18:35:27.070  5327  5583 W xgo.PropertySE: resources.arsc in APK '/data/app/com.sina.weibo-w6L0pcuEw63QBrEmmLjnOQ==/base.apk' is compressed.
06-28 18:35:27.084  5327  5407 D         : addLayerName, tid:5407
06-28 18:35:27.101  5327  5407 D         : addLayerName, tid:5407
06-28 18:35:27.118  5327  5407 D         : addLayerName, tid:5407
06-28 18:35:27.133  5327  5407 D         : addLayerName, tid:5407
06-28 18:35:27.139  5327  5583 W xgo.PropertySE: resources.arsc in APK '/data/app/com.ss.android.article.video-GfIxBduoQ9a5Hfc-Tp8Vlg==/base.apk' is compressed.
06-28 18:35:27.150  5327  5407 D         : addLayerName, tid:5407
06-28 18:35:27.166  5327  5407 D         : addLayerName, tid:5407
06-28 18:35:27.170  5327  5583 W xgo.PropertySE: resources.arsc in APK '/data/app/com.netease.cloudmusic-DlYHb8FDFgLCoadttR13FA==/base.apk' is compressed.
06-28 18:35:27.183  5327  5407 D         : addLayerName, tid:5407
06-28 18:35:27.187  5327  5583 W xgo.PropertySE: resources.arsc in APK '/data/app/com.eg.android.AlipayGphone-cGAV6uY6owhSFzhdh1fjSA==/base.apk' is compressed.
06-28 18:35:27.191  5327  5583 W xgo.PropertySE: resources.arsc in APK '/data/app/cn.wps.moffice_eng-R5tYxoO4TCQ1CDmuCqfaUQ==/base.apk' is compressed.
06-28 18:35:27.200  5327  5407 D         : addLayerName, tid:5407
06-28 18:35:27.217  5327  5407 D         : addLayerName, tid:5407
06-28 18:35:27.221  5327  5344 I xgo.PropertySE: Starting profile saver IsSaveProfileNow end.
06-28 18:35:27.225  1114  8995 I chatty  : uid=1000(system) Binder:1114_17 expire 1 line
06-28 18:35:27.234  5327  5407 D         : addLayerName, tid:5407
06-28 18:35:27.250  5327  5407 D         : addLayerName, tid:5407
06-28 18:35:27.266  5327  5407 D         : addLayerName, tid:5407
06-28 18:35:27.270   642   703 W PF_SYS_WRAPPER: [sysOpenAndWriteStr:83] [GPU] write to /sys/class/devfreq/gpufreq/max_freq failed, errno=22 (Invalid argument) 
06-28 18:35:27.270   642   702 W PF_SYS_WRAPPER: [sysOpenAndWriteStr:83] [CPU_B] write to /sys/devices/system/cpu/cpu4/cpufreq/scaling_max_freq failed, errno=22 (Invalid argument) 
06-28 18:35:27.278   780  9105 I Pged-IPgedBinderService: ****action is 2, pid num is 2***
06-28 18:35:27.279   780  9105 I Pged-Freezer: thawPids
06-28 18:35:27.285  5327  5407 D         : addLayerName, tid:5407
06-28 18:35:27.302  5327  5407 D         : addLayerName, tid:5407
06-28 18:35:27.320  5327  5407 D         : addLayerName, tid:5407
06-28 18:35:27.336  5327  5407 D         : addLayerName, tid:5407
06-28 18:35:27.339  5327  5596 D JIGUANG-JCore: [HttpHelper] status code:200 retry left:2
06-28 18:35:27.339  5327  5583 D JIGUANG-JCore: [HttpHelper] status code:200 retry left:2
06-28 18:35:27.353  5327  5407 D         : addLayerName, tid:5407
06-28 18:35:27.370  5327  5407 D         : addLayerName, tid:5407
06-28 18:35:27.385  5327  5407 D         : addLayerName, tid:5407
06-28 18:35:27.402  5327  5407 D         : addLayerName, tid:5407
06-28 18:35:27.418  5327  5407 D         : addLayerName, tid:5407
06-28 18:35:27.420  5327  5596 D JIGUANG-JCore: [HttpHelper] status code:200 retry left:2
06-28 18:35:27.434  5327  5407 D         : addLayerName, tid:5407
06-28 18:35:27.451  5327  5407 D         : addLayerName, tid:5407
06-28 18:35:27.467  5327  5407 D         : addLayerName, tid:5407
06-28 18:35:27.483  5327  5407 D         : addLayerName, tid:5407
06-28 18:35:27.501  5327  5407 D         : addLayerName, tid:5407
06-28 18:35:27.516  1114 11658 V BroadcastQueue: Finished with ordered broadcast BroadcastRecord{406ea12 u0 com.google.android.intent.action.GCM_RECONNECT}
06-28 18:35:27.521  5327  5407 D         : addLayerName, tid:5407
06-28 18:35:27.534  5327  5407 D         : addLayerName, tid:5407
06-28 18:35:27.550  5327  5407 D         : addLayerName, tid:5407
06-28 18:35:27.567  5327  5407 D         : addLayerName, tid:5407
06-28 18:35:27.583  5327  5407 D         : addLayerName, tid:5407
06-28 18:35:27.600  5327  5407 D         : addLayerName, tid:5407
06-28 18:35:27.616  5327  5407 D         : addLayerName, tid:5407
06-28 18:35:27.633  5327  5407 D         : addLayerName, tid:5407
06-28 18:35:27.639  5327  5596 D JIGUANG-JCore: [HttpHelper] status code:200 retry left:2
06-28 18:35:27.649  5327  5407 D         : addLayerName, tid:5407
06-28 18:35:27.664  5327  5407 D         : addLayerName, tid:5407
06-28 18:35:27.682  5327  5407 D         : addLayerName, tid:5407
06-28 18:35:27.698  5327  5407 D         : addLayerName, tid:5407
06-28 18:35:27.715  5327  5407 D         : addLayerName, tid:5407
06-28 18:35:27.731  5327  5407 D         : addLayerName, tid:5407
06-28 18:35:27.749  5327  5407 D         : addLayerName, tid:5407
06-28 18:35:27.765  5327  5407 D         : addLayerName, tid:5407
06-28 18:35:27.784  5327  5407 D         : addLayerName, tid:5407
06-28 18:35:27.799  5327  5407 D         : addLayerName, tid:5407
06-28 18:35:27.815  5327  5407 D         : addLayerName, tid:5407
06-28 18:35:27.831  5327  5407 D         : addLayerName, tid:5407
06-28 18:35:27.849  5327  5407 D         : addLayerName, tid:5407
06-28 18:35:27.865  5327  5407 D         : addLayerName, tid:5407
06-28 18:35:27.881  5327  5407 D         : addLayerName, tid:5407
06-28 18:35:27.898  5327  5407 D         : addLayerName, tid:5407
06-28 18:35:27.914  5327  5407 D         : addLayerName, tid:5407
06-28 18:35:27.931  5327  5407 D         : addLayerName, tid:5407
06-28 18:35:27.948  5327  5407 D         : addLayerName, tid:5407
06-28 18:35:27.964  5327  5407 D         : addLayerName, tid:5407
06-28 18:35:27.980  5327  5407 D         : addLayerName, tid:5407
06-28 18:35:27.997  5327  5407 D         : addLayerName, tid:5407
06-28 18:35:28.014  5327  5407 D         : addLayerName, tid:5407
06-28 18:35:28.029  5327  5407 D         : addLayerName, tid:5407
06-28 18:35:28.046  5327  5407 D         : addLayerName, tid:5407
06-28 18:35:28.063  5327  5407 D         : addLayerName, tid:5407
06-28 18:35:28.079  5327  5407 D         : addLayerName, tid:5407
06-28 18:35:28.096  5327  5407 D         : addLayerName, tid:5407
06-28 18:35:28.112  5327  5407 D         : addLayerName, tid:5407
06-28 18:35:28.130  5327  5407 D         : addLayerName, tid:5407
06-28 18:35:28.141  3662  3582 I ContentMaintenance: Internal cache bytes used: 0; limit: 100000000; download size: 0
06-28 18:35:28.146  5327  5407 D         : addLayerName, tid:5407
06-28 18:35:28.151  3662  3582 I RealtimeCacheCleanup: Beginning Realtime garbage collection.
06-28 18:35:28.153  3662  3582 I RealtimeCacheCleanup: Finished Realtime garbage collection.
06-28 18:35:28.162  5327  5407 D         : addLayerName, tid:5407
06-28 18:35:28.178  5327  5407 D         : addLayerName, tid:5407
06-28 18:35:28.195  5327  5407 D         : addLayerName, tid:5407
06-28 18:35:28.211  5327  5407 D         : addLayerName, tid:5407
06-28 18:35:28.227  5327  5407 D         : addLayerName, tid:5407
06-28 18:35:28.244  5327  5407 D         : addLayerName, tid:5407
06-28 18:35:28.261  5327  5407 D         : addLayerName, tid:5407
06-28 18:35:28.278  5327  5407 D         : addLayerName, tid:5407
06-28 18:35:28.295  5327  5407 D         : addLayerName, tid:5407
06-28 18:35:28.311  5327  5407 D         : addLayerName, tid:5407
06-28 18:35:28.327  5327  5407 D         : addLayerName, tid:5407
06-28 18:35:28.343  5327  5407 D         : addLayerName, tid:5407
06-28 18:35:28.361  5327  5407 D         : addLayerName, tid:5407
06-28 18:35:28.377  5327  5407 D         : addLayerName, tid:5407
06-28 18:35:28.394  5327  5407 D         : addLayerName, tid:5407
06-28 18:35:28.410  5327  5407 D         : addLayerName, tid:5407
06-28 18:35:28.428  5327  5407 D         : addLayerName, tid:5407
06-28 18:35:28.443  5327  5407 D         : addLayerName, tid:5407
06-28 18:35:28.459  5327  5407 D         : addLayerName, tid:5407
06-28 18:35:28.475  5327  5407 D         : addLayerName, tid:5407
06-28 18:35:28.491  1114  1647 I chatty  : uid=1000(system) HuaweiWifiWatch expire 10 lines
06-28 18:35:28.492  1114  1617 I chatty  : uid=1000(system) wifipro_uid_tcp expire 11 lines
06-28 18:35:28.493  1114  1615 I chatty  : uid=1000(system) HwWifiConnectiv expire 2 lines
06-28 18:35:28.497  5327  5407 D         : addLayerName, tid:5407
06-28 18:35:28.508  5327  5561 D JIGUANG-JCore: [RequestCacheManager] Action - sendRequestInternal - connection:726, timeout:0,sdkType:JCORE, threadId:722
06-28 18:35:28.509  5327  5407 D         : addLayerName, tid:5407
06-28 18:35:28.525  5327  5407 D         : addLayerName, tid:5407
06-28 18:35:28.542  5327  5407 D         : addLayerName, tid:5407
06-28 18:35:28.558  5327  5407 D         : addLayerName, tid:5407
06-28 18:35:28.575  5327  5407 D         : addLayerName, tid:5407
