06-28 18:35:36.327  1114  1240 W ContextImpl: Calling a method in the system process without a qualified user: android.app.ContextImpl.sendBroadcast:1208 com.android.server.HwNetworkManagementService.sendWebStatMessage:1299 com.android.server.HwServiceFactoryImpl$HwNetworkManagementServiceImpl.sendWebStatMessage:732 com.android.server.NetworkManagementService$NetdCallbackReceiver.onEvent:1095 com.android.server.NativeDaemonConnector.handleMessage:176 
06-28 18:35:36.532  1114  1114 W Looper  : Drained
06-28 18:35:36.622   650  1521 I chatty  : uid=1000(system) Binder:650_4 expire 2 lines
06-28 18:35:37.262  1920  2842 I HwNaturalBase: [ServiceGuarder]: 35Mb ram is used.
06-28 18:35:37.538  1849 27479 I chatty  : uid=1000(system) Binder:1849_6 expire 3 lines
06-28 18:35:37.539  1114 31752 I chatty  : uid=1000(system) Timer-73 expire 2 lines
06-28 18:35:38.422   646   646 E WifiHAL : enter wifi_get_link_stats
06-28 18:35:38.537  1900  5205 I chatty  : uid=1000(system) Timer-0 expire 9 lines
06-28 18:35:38.542  1969  5083 D PhoneInterfaceManager: [PhoneIntfMgr] isUserDataEnabled: subId=0 phoneId=0
06-28 18:35:38.543  1969  5083 D PhoneInterfaceManager: [PhoneIntfMgr] isUserDataEnabled: subId=0 retVal=true
06-28 18:35:38.560   796  1102 I         : DPTEST  EventId is not need Hash
06-28 18:35:39.355  1724  1724 D StatusBarIconController: setIconVisibility icon is null or visibility not change visibility=false
06-28 18:35:39.357  1724  1724 D StatusBarIconController: setIconVisibility icon is null or visibility not change visibility=false
06-28 18:35:39.887  1900  2108 I chatty  : uid=1000(system) HwWifiStatStore expire 2 lines
06-28 18:35:40.356  1724  1724 D StatusBarIconController: setIconVisibility icon is null or visibility not change visibility=false
06-28 18:35:40.357  1724  1724 D StatusBarIconController: setIconVisibility icon is null or visibility not change visibility=false
06-28 18:35:40.358  1724  1724 D StatusBarIconController: setIconVisibility icon is null or visibility not change visibility=false
06-28 18:35:41.454   646   646 E WifiHAL : enter wifi_get_link_stats
06-28 18:35:42.026  5327  5407 I chatty  : uid=10402(com.mixgo.PropertySEO) expire 1547 lines
06-28 18:35:42.361  1724  1724 D StatusBarIconController: setIconVisibility icon is null or visibility not change visibility=false
06-28 18:35:42.362  1724  1724 D StatusBarIconController: setIconVisibility icon is null or visibility not change visibility=false
06-28 18:35:42.362  1724  1724 D StatusBarIconController: setIconVisibility icon is null or visibility not change visibility=false
06-28 18:35:43.719   776   776 E Thermal-daemon: [shell_frame] temp_new :37  temp_old :38
06-28 18:35:43.720  1952 19959 I ThermalService: Receive temperature change, type: 22, temp: 37 from thermald
06-28 18:35:43.720  1952 19959 I ThermalTrace_ThermalRaise: Shell:37,38,37,currentBatteryTemp:38
06-28 18:35:43.720  1952  2586 D HwThermalStateManager: Thermal type: 22 cur_temperature:37
06-28 18:35:43.720   776   776 E Thermal-daemon: Report temperature: [shell_frame] temp :37  report_threshold:1
06-28 18:35:43.723   776   776 E Thermal-daemon: [ap] temp_new :41  temp_old :42
06-28 18:35:43.724  1952 19959 I ThermalService: Receive temperature change, type: 0, temp: 41 from thermald
06-28 18:35:43.724   776   776 E Thermal-daemon: Report temperature: [ap] temp :41  report_threshold:1
06-28 18:35:43.725  1952  2586 D HwThermalStateManager: Thermal type: 0 cur_temperature:41
06-28 18:35:44.364  1724  1724 D StatusBarIconController: setIconVisibility icon is null or visibility not change visibility=false
06-28 18:35:44.365  1724  1724 D StatusBarIconController: setIconVisibility icon is null or visibility not change visibility=false
06-28 18:35:44.493  1114  1562 I chatty  : uid=1000(system) WifiStateMachin expire 22 lines
06-28 18:35:44.504   646   646 E WifiHAL : enter wifi_get_link_stats
06-28 18:35:44.507  1114  1647 I chatty  : uid=1000(system) HuaweiWifiWatch expire 11 lines
06-28 18:35:44.768   626  1582 I chatty  : uid=1041(audioserver) effect expire 5 lines
06-28 18:35:44.790   648  1284 I chatty  : uid=1041(audioserver) AudioOut_D expire 426 lines
06-28 18:35:45.900  1900  2108 D HwWifiStatStore: handleMessage : 200
06-28 18:35:46.338 31128 31153 I Finsky  : [632] hgo.run(3): Stats for Executor: BlockingExecutor hhy@5ad8001[Running, pool size = 1, active threads = 0, queued tasks = 0, completed tasks = 35]
06-28 18:35:46.338 31128 31153 I Finsky  : [632] hgo.run(3): Stats for Executor: LightweightExecutor hhy@9a5fea6[Running, pool size = 4, active threads = 0, queued tasks = 0, completed tasks = 57]
06-28 18:35:46.368  1724  1724 D StatusBarIconController: setIconVisibility icon is null or visibility not change visibility=false
06-28 18:35:46.370  1724  1724 D StatusBarIconController: setIconVisibility icon is null or visibility not change visibility=false
06-28 18:35:46.388   731   731 W irqbalance: type=1400 audit(0.0:36704): avc: denied { dac_override } for capability=1 scontext=u:r:irqbalance:s0 tcontext=u:r:irqbalance:s0 tclass=capability permissive=0
06-28 18:35:46.392   731   731 I chatty  : uid=0(root) /vendor/bin/irqbalance identical 7 lines
06-28 18:35:46.392   731   731 W irqbalance: type=1400 audit(0.0:36712): avc: denied { dac_override } for capability=1 scontext=u:r:irqbalance:s0 tcontext=u:r:irqbalance:s0 tclass=capability permissive=0
06-28 18:35:46.394   731   731 I irqbalance: Centralize irq 80 to cpu 0
06-28 18:35:46.395   731   731 I irqbalance: Centralize irq 69 to cpu 0
06-28 18:35:46.395   731   731 I irqbalance: Centralize irq 16 to cpu 0
06-28 18:35:46.395   731   731 I irqbalance: Centralize irq 67 to cpu 0
06-28 18:35:46.396   731   731 I irqbalance: Centralize irq 455 to cpu 0
06-28 18:35:46.396   731   731 I irqbalance: Centralize irq 70 to cpu 0
06-28 18:35:46.396   731   731 I irqbalance: Centralize irq 79 to cpu 0
06-28 18:35:46.397   731   731 I irqbalance: Centralize irq 112 to cpu 0
06-28 18:35:46.397   731   731 I irqbalance: Centralize irq 128 to cpu 0
06-28 18:35:46.441 31128 31153 I Finsky  : [632] hgo.run(3): Stats for Executor: bgExecutor hhy@9a830e7[Running, pool size = 4, active threads = 0, queued tasks = 0, completed tasks = 71]
06-28 18:35:46.556  1114  1471 I chatty  : uid=1000(system) Binder:1114_3 expire 8 lines
06-28 18:35:46.557  1900 15673 D NcDft_ServiceImpl: notifyNcDftEvent domain is : 0 ;eventID is: 31 ;List is [APKSTOPPROVIDER, 3e27c74, , apkstop, 1561718146556]
06-28 18:35:46.557  1114  1812 I chatty  : uid=1000(system) LocationThread expire 3 lines
06-28 18:35:46.557  1114  1471 I BackgroundPermManager: pkgName: com.mixgo.PropertySEO,pid: 5327 ,uidOf3RdApk: 10402 ,permType: 2 ,permCfg: 0
06-28 18:35:46.561  1952  2110 D DeviceMonitor: GPS request stop:com.mixgo.PropertySEO pid:5327 interval(s): -1 reqId:3e27c74
06-28 18:35:46.566  1114  1471 I NetworkStats: openSessionForUsageStats, pid = 1849, pkg = com.huawei.lbs
06-28 18:35:46.566  1114  1471 I NetworkStats: openSessionInternal,pid = 1849
06-28 18:35:46.567  1114  1471 I NetworkStats: performPollLocked, pid = 1114
06-28 18:35:46.576  1114  4501 D HwLocationManagerService: uid is 10402 , isWifiConn is true , isMobileConn is false
06-28 18:35:46.576  1114  4501 I HwNetworkPolicy: onTransact, code = 203
06-28 18:35:46.576  1114  4501 I HwNetworkPolicyManager: getHwUidPolicy uid = 10402 policy = 0
06-28 18:35:46.576  1114  4501 D HwLocationManagerService: policy is 0 , wifiAccess is true, mobileAccess is true
06-28 18:35:46.576  1114  4501 D HwLocationManagerService: wifiAvaiable is true , mobileAvailable is false
06-28 18:35:46.577  1900 15673 D NcDft_ServiceImpl: notifyNcDftEvent domain is : 0 ;eventID is: 31 ;List is [network, 78a8322, com.mixgo.PropertySEO, apkstart, 1561718146577]
06-28 18:35:46.579  1114  4501 I BackgroundPermManager: pkgName: com.mixgo.PropertySEO,pid: 5327 ,uidOf3RdApk: 10402 ,permType: 2 ,permCfg: 1
06-28 18:35:46.586  1900 15673 D NcDft_ServiceImpl: notifyNcDftEvent domain is : 0 ;eventID is: 0 ;List is [2000, network]
06-28 18:35:46.586  1900  2068 D NcDft_GnssDftManager:  mProvider : network , requestInterval2000
06-28 18:35:46.586  1114  1471 W NetworkStatsFactory: mStatsXtProcUid: /proc/net/comm/stats does not exist!
06-28 18:35:46.586  1114  1471 D HwNetworkStatsService: hwRecordUidAndProcSnapshotLocked currentTime = 1561718146566
06-28 18:35:46.586  1900  2068 E SensorManager: sensor or listener is null
06-28 18:35:46.587  1900  2069 D NcDft_GnssDataStatisticsManager: increaseGnssStatisticCount, counttype = 7
06-28 18:35:46.589  1900  2069 D NcDft_GnssDataBaseManager: check If statistic database exist, record Count=1
06-28 18:35:46.591  1114  1813 I chatty  : uid=1000(system) LocationManager expire 4 lines
06-28 18:35:46.592  1900  2069 D NcDft_GnssDataBaseManager: writeGnssDB  succ, rowChg=1
06-28 18:35:46.598  1114  1471 I NetworkStatsFactory: javaReadNetworkStatsUidAndProcDetail. cost time = 11
06-28 18:35:46.602  1114  1471 D HwNetworkStatsService: hwMaybeUidAndProcPersistLocked currentTime = 1561718146566
06-28 18:35:46.618  1114 11658 I NetworkStats: openSessionForUsageStats, pid = 1849, pkg = com.huawei.lbs
06-28 18:35:46.618  1114 11658 I NetworkStats: openSessionInternal,pid = 1849
06-28 18:35:46.619  1114 11658 I NetworkStats: performPollLocked, pid = 1114
06-28 18:35:46.639  1114 11658 W NetworkStatsFactory: mStatsXtProcUid: /proc/net/comm/stats does not exist!
06-28 18:35:46.639  1114 11658 D HwNetworkStatsService: hwRecordUidAndProcSnapshotLocked currentTime = 1561718146618
06-28 18:35:46.648  1114 11658 I NetworkStatsFactory: javaReadNetworkStatsUidAndProcDetail. cost time = 9
06-28 18:35:46.650  1114 11658 D HwNetworkStatsService: hwMaybeUidAndProcPersistLocked currentTime = 1561718146618
06-28 18:35:46.657   589  2303 I ArHal   : (ar_data_get_state:1225):id[2]
06-28 18:35:46.659  1849  1849 I chatty  : uid=1000(system) com.huawei.lbs expire 26 lines
06-28 18:35:46.663   589  2303 I ArHal   : (ar_data_get_state:1225):id[2]
06-28 18:35:46.667   589  2303 I ArHal   : (ar_data_get_state:1225):id[2]
06-28 18:35:46.673  1849  1906 I chatty  : uid=1000(system) HwNLPSCAN expire 4 lines
06-28 18:35:46.673  1114 11658 D WifiService: startScan, pid:1849, uid:1000, appName:com.huawei.lbs
06-28 18:35:46.673  1114 11658 I chatty  : uid=1000(system) Binder:1114_1C expire 3 lines
06-28 18:35:46.674  1920  2495 D ARMoudle.HwActivityRecognition: getCurrentActivityExtend
06-28 18:35:46.675   589  2303 I ArHal   : (ar_data_get_state:1225):id[2]
06-28 18:35:46.678  1920  2495 D ARMoudle.HwActivityRecognition: hwActivityEvent:[ ActivityChangedExtendEvent:
06-28 18:35:46.678  1920  2495 D ARMoudle.HwActivityRecognition:     Activity='android.activity_recognition.relative_still', EventType=1, TimestampNs=104713889309269, Confidence=0
06-28 18:35:46.678  1920  2495 D ARMoudle.HwActivityRecognition:     Activity='android.activity_recognition.still', EventType=1, TimestampNs=117942089442914, Confidence=100
06-28 18:35:46.678  1920  2495 D ARMoudle.HwActivityRecognition: ]
06-28 18:35:46.679  1114 11658 D HwWifiService: Get wifiScanStrategy from iAware, WifiScanStrategy = [mCycle=1800000, mTimeStamp=117942089]
06-28 18:35:46.698  1849  1857 I chatty  : uid=1000(system) FinalizerDaemon expire 37 lines
06-28 18:35:47.145  1114  1790 W Watchdog: hungtask: writing kick
06-28 18:35:47.538   646   646 E WifiHAL : enter wifi_get_link_stats
06-28 18:35:48.372  1724  1724 D StatusBarIconController: setIconVisibility icon is null or visibility not change visibility=false
06-28 18:35:48.374  1724  1724 D StatusBarIconController: setIconVisibility icon is null or visibility not change visibility=false
06-28 18:35:48.374  1724  1724 D StatusBarIconController: setIconVisibility icon is null or visibility not change visibility=false
06-28 18:35:48.910  1900  2108 D HwWifiStatStore: handleMessage : 200
06-28 18:35:50.572   646   646 E WifiHAL : enter wifi_get_link_stats
06-28 18:35:50.759  1114  1114 D JobScheduler.Time: Delay-expired alarm fired
06-28 18:35:50.759  1114  1114 I JobScheduler.Time: onControllerStateChanged
06-28 18:35:50.760  1114  1114 W HwAlarmManagerService: isContainsAppUidInWorksource-->happend NameNotFoundException
06-28 18:35:50.761  1114  1114 W HwAlarmManagerService: isContainsAppUidInWorksource-->happend NameNotFoundException
06-28 18:35:50.761  1114  1114 I HwAlarmManagerService: hwSetAlarm listenerTag: *job.delay*
06-28 18:35:50.762  1114  1114 I JobScheduler.Time: mNextDelayExpiredElapsedMillis: 121004694
06-28 18:35:50.763  1114  1114 D JobScheduler: Maybe queuing ready jobs...
06-28 18:35:50.782  1114  1114 I ActivityManager: Killing 28723:com.google.android.gms.unstable/u0a21 (adj 906): empty for 1806s
06-28 18:35:50.802 31128 31128 I Finsky  : [1] com.google.android.finsky.scheduler.JobSchedulerEngine$PhoneskyJobSchedulerJobService.onStartJob(3): onJobSchedulerWakeup with jobId 9000
06-28 18:35:50.804  1114  6779 I JobScheduler.Time: onControllerStateChanged
06-28 18:35:50.804  1114  1114 D JobScheduler: queuing all ready jobs for execution:
06-28 18:35:50.805 31128 31128 I Finsky  : [1] nvu.a(21): Scheduling fallback job with id: 9034, and delay: 43200000 ms
06-28 18:35:50.808  1114  9168 I AlarmManager: remove alarm:Alarm{8eff8a5 type 2 when 184111854 PendingIntent{4ceaeee: PendingIntentRecord{ca83d5c com.android.vending broadcastIntent}}com.android.vending} according to operation:1a1369c
06-28 18:35:50.815 31128 31128 I Finsky  : [1] nvu.a(5): Scheduling fallback in 64799992 (absolute: 184150391)
06-28 18:35:50.847   575   575 I Zygote  : Process 28723 exited due to signal (9)
06-28 18:35:50.848  1114  4501 D ActivityManager: cleanUpApplicationRecord app: ProcessRecord{5f42af2 28723:com.google.android.gms.unstable/u0a21}, app.bad: false, restarting: false, allowRestart: true
06-28 18:35:50.853  1869 13669 I chatty  : uid=1000(system) Binder:1869_7 expire 2 lines
06-28 18:35:50.853  1869  1881 I BoosterSwitchP: notifyUidState do nothing
06-28 18:35:50.853  1869  1881 I DeepNoDisturbP: notifyUidState
06-28 18:35:50.853  1869  1881 I HidataAppQoeP: notifyUidState
06-28 18:35:50.853  1869 13669 W MediaProcessHandler: remove target not exist, maybe the UI process: uid: 10021, pid: 28723
06-28 18:35:50.853  1869  1881 I BrowserChrP: notifyUidState
06-28 18:35:50.853  1869 13669 I MediaProcessHandler: executedCallBack opType: 1 mMediaStatusObservers.size=0
06-28 18:35:50.854  1952  2594 W AwareLog: SmartIO2DMEPlugin: unknown process state: 2
06-28 18:35:51.350   626  1288 I chatty  : uid=1041(audioserver) HwBinder:626_3 expire 1 line
06-28 18:35:51.352  1114  1581 I HwAudioServiceEx: check HiRes Icon false
06-28 18:35:51.356  1724  1724 D StatusBarIconController: setIconVisibility icon is null or visibility not change visibility=false
06-28 18:35:51.396   731   731 W irqbalance: type=1400 audit(0.0:36713): avc: denied { dac_override } for capability=1 scontext=u:r:irqbalance:s0 tcontext=u:r:irqbalance:s0 tclass=capability permissive=0
06-28 18:35:51.396   731   731 W irqbalance: type=1400 audit(0.0:36714): avc: denied { dac_override } for capability=1 scontext=u:r:irqbalance:s0 tcontext=u:r:irqbalance:s0 tclass=capability permissive=0
06-28 18:35:51.401   731   731 I irqbalance: Centralize irq 80 to cpu 0
06-28 18:35:51.402   731   731 I irqbalance: Centralize irq 112 to cpu 0
06-28 18:35:51.678 31128 31128 I Finsky  : [1] nwc.handleMessage(10): DeviceState: DeviceState{currentTime=1561718151672, isCharging=true, isIdle=false, netAny=true, netNotRoaming=true, netUnmetered=true}
06-28 18:35:51.686 31128  5616 I Finsky  : [753] nxi.b(7): Jobs in database: 1-1337 12-1 26-1414141414 
06-28 18:35:51.689 31128 31128 I Finsky  : [1] nvv.a(45): Running job: 12-1
06-28 18:35:51.692 31128 31128 I Finsky  : [1] com.google.android.finsky.contentsync.ContentSyncJob.a(23): ContentSyncJob started
06-28 18:35:51.693 31128 31128 I Finsky  : [1] nwc.handleMessage(81): RunningQueue size: 1, PendingQueue size: 0
06-28 18:35:51.694 31128 31128 I Finsky  : [1] nwc.handleMessage(90): Running queue: 12-1 
06-28 18:35:51.696 31128 31168 I Finsky  : [647] dbo.a(5): Completed 0 account content syncs with 0 successful.
06-28 18:35:51.696  1969  5083 W PhoneInterfaceManager: shouldBlockLocation running ...
06-28 18:35:51.696  1969  5083 I PhoneInterfaceManager: shouldBlockLocation  ret:false
06-28 18:35:51.697 31128 31128 I Finsky  : [1] com.google.android.finsky.contentsync.ContentSyncJob.a(21): Installation state replication succeeded.
06-28 18:35:51.698 31128 31128 I Finsky  : [1] nxb.a(11): jobFinished: 12-1. TimeElapsed: 8ms
06-28 18:35:51.701 31128 31128 I Finsky  : [1] nvv.a(10): Job 12-1 finished
06-28 18:35:51.702 31128 31128 I Finsky  : [1] nwc.handleMessage(81): RunningQueue size: 0, PendingQueue size: 0
06-28 18:35:51.702 31128 31128 I Finsky  : [1] nwc.handleMessage(27): Executor finished
06-28 18:35:51.717 31128 31128 I Finsky  : [1] nxi.b(7): Jobs in database: 1-1337 26-1414141414 
06-28 18:35:51.718 31128 31128 I Finsky  : [1] nva.a(66): ConstraintMapping: 1-1337,  -> L: 4486015ms, D: 47686015ms, C: false, I: false, N: NET_ANY
06-28 18:35:51.718 31128 31128 I Finsky  : [1] nva.a(66): ConstraintMapping: 26-1414141414,  -> L: 10308283ms, D: 11208283ms, C: false, I: false, N: NET_NONE
06-28 18:35:51.718  1114  1114 D JobScheduler: queuing all ready jobs for execution:
06-28 18:35:51.720 31128 31128 I Finsky  : [1] com.google.android.finsky.scheduler.JobSchedulerEngine.a(42): Cancelling existing job with id: 9003
06-28 18:35:51.721 31128 31128 I Finsky  : [1] com.google.android.finsky.scheduler.JobSchedulerEngine.a(4): Scheduling job Id: 9001, L: 4486015, D: 47686015, C: false, I: false, N: 1
06-28 18:35:51.724 31128 31128 I Finsky  : [1] com.google.android.finsky.scheduler.JobSchedulerEngine.a(4): Scheduling job Id: 9002, L: 10308283, D: 11208283, C: false, I: false, N: 0
06-28 18:35:51.917  1900  2108 D HwWifiStatStore: handleMessage : 200
06-28 18:35:52.464  3093  5483 W Conscrypt: Could not set socket write timeout: java.net.SocketException: Socket closed
06-28 18:35:52.465  3093  5483 W Conscrypt: 	at com.google.android.gms.org.conscrypt.Platform.setSocketWriteTimeout(:com.google.android.gms@14799037@14.7.99 (100400-223214910):2)
06-28 18:35:52.465  3093  5483 W Conscrypt: 	at com.google.android.gms.org.conscrypt.ConscryptFileDescriptorSocket.setSoWriteTimeout(:com.google.android.gms@14799037@14.7.99 (100400-223214910):2)
06-28 18:35:52.492  3093  5483 V NativeCrypto: SSL handshake aborted: ssl=0x729ae866c8: I/O error during system call, Connection reset by peer
06-28 18:35:52.504  1114  1617 I chatty  : uid=1000(system) wifipro_uid_tcp expire 9 lines
06-28 18:35:52.517  3093  5483 W Conscrypt: Could not set socket write timeout: java.net.SocketException: Socket closed
06-28 18:35:52.517  3093  5483 W Conscrypt: 	at com.google.android.gms.org.conscrypt.Platform.setSocketWriteTimeout(:com.google.android.gms@14799037@14.7.99 (100400-223214910):2)
06-28 18:35:52.517  3093  5483 W Conscrypt: 	at com.google.android.gms.org.conscrypt.ConscryptFileDescriptorSocket.setSoWriteTimeout(:com.google.android.gms@14799037@14.7.99 (100400-223214910):2)
06-28 18:35:52.533  3093  5483 V NativeCrypto: SSL handshake aborted: ssl=0x729ae866c8: I/O error during system call, Connection reset by peer
06-28 18:35:52.572  3093  3732 E akgr    : Phenotype API error. Event # brpy@d84c342f, EventCode: 12 [CONTEXT service_id=51 ]
06-28 18:35:52.572  3093  3732 E akgr    : akfn: 29503
06-28 18:35:52.572  3093  3732 E akgr    : 	at akgy.a(:com.google.android.gms@14799037@14.7.99 (100400-223214910):40)
06-28 18:35:52.572  3093  3732 E akgr    : 	at akgx.b(Unknown Source:2)
06-28 18:35:52.572  3093  3732 E akgr    : 	at akgr.a(:com.google.android.gms@14799037@14.7.99 (100400-223214910):107)
06-28 18:35:52.572  3093  3732 E akgr    : 	at akgr.a(:com.google.android.gms@14799037@14.7.99 (100400-223214910):101)
06-28 18:35:52.572  3093  3732 E akgr    : 	at ybc.run(:com.google.android.gms@14799037@14.7.99 (100400-223214910):27)
06-28 18:35:52.572  3093  3732 E akgr    : 	at beyi.run(:com.google.android.gms@14799037@14.7.99 (100400-223214910):2)
06-28 18:35:52.572  3093  3732 E akgr    : 	at qwc.run(:com.google.android.gms@14799037@14.7.99 (100400-223214910):21)
06-28 18:35:52.572  3093  3732 E akgr    : 	at java.util.concurrent.ThreadPoolExecutor.runWorker(ThreadPoolExecutor.java:1167)
06-28 18:35:52.572  3093  3732 E akgr    : 	at java.util.concurrent.ThreadPoolExecutor$Worker.run(ThreadPoolExecutor.java:641)
06-28 18:35:52.572  3093  3732 E akgr    : 	at rbx.run(Unknown Source:7)
06-28 18:35:52.572  3093  3732 E akgr    : 	at java.lang.Thread.run(Thread.java:784)
06-28 18:35:52.574  3093  3732 E AsyncOperation: serviceID=51, operation=GetCommittedConfigurationOperationCall
06-28 18:35:52.574  3093  3732 E AsyncOperation: OperationException[Status{statusCode=unknown status code: 29503, resolution=null}]
06-28 18:35:52.574  3093  3732 E AsyncOperation: 	at akgr.a(:com.google.android.gms@14799037@14.7.99 (100400-223214910):115)
06-28 18:35:52.574  3093  3732 E AsyncOperation: 	at akgr.a(:com.google.android.gms@14799037@14.7.99 (100400-223214910):101)
06-28 18:35:52.574  3093  3732 E AsyncOperation: 	at ybc.run(:com.google.android.gms@14799037@14.7.99 (100400-223214910):27)
06-28 18:35:52.574  3093  3732 E AsyncOperation: 	at beyi.run(:com.google.android.gms@14799037@14.7.99 (100400-223214910):2)
06-28 18:35:52.574  3093  3732 E AsyncOperation: 	at qwc.run(:com.google.android.gms@14799037@14.7.99 (100400-223214910):21)
06-28 18:35:52.574  3093  3732 E AsyncOperation: 	at java.util.concurrent.ThreadPoolExecutor.runWorker(ThreadPoolExecutor.java:1167)
06-28 18:35:52.574  3093  3732 E AsyncOperation: 	at java.util.concurrent.ThreadPoolExecutor$Worker.run(ThreadPoolExecutor.java:641)
06-28 18:35:52.574  3093  3732 E AsyncOperation: 	at rbx.run(Unknown Source:7)
06-28 18:35:52.574  3093  3732 E AsyncOperation: 	at java.lang.Thread.run(Thread.java:784)
06-28 18:35:52.576  3093  5483 E NetRec  : [258] ahqw.a: Could not retrieve server token for package com.google.android.apps.gcs
06-28 18:35:52.576  3093  5483 E NetRec  : java.util.concurrent.ExecutionException: ppw: 29503: 
06-28 18:35:52.576  3093  5483 E NetRec  : 	at arhb.b(:com.google.android.gms@14799037@14.7.99 (100400-223214910):2)
06-28 18:35:52.576  3093  5483 E NetRec  : 	at arhb.a(:com.google.android.gms@14799037@14.7.99 (100400-223214910):28)
06-28 18:35:52.576  3093  5483 E NetRec  : 	at ahqw.a(:com.google.android.gms@14799037@14.7.99 (100400-223214910):1)
06-28 18:35:52.576  3093  5483 E NetRec  : 	at ahqw.a(:com.google.android.gms@14799037@14.7.99 (100400-223214910):4)
06-28 18:35:52.576  3093  5483 E NetRec  : 	at ahqt.getHeaders(:com.google.android.gms@14799037@14.7.99 (100400-223214910):2)
06-28 18:35:52.576  3093  5483 E NetRec  : 	at com.android.volley.toolbox.HttpClientStack.performRequest(:com.google.android.gms@14799037@14.7.99 (100400-223214910):9)
06-28 18:35:52.576  3093  5483 E NetRec  : 	at qph.performRequest(:com.google.android.gms@14799037@14.7.99 (100400-223214910):1)
06-28 18:35:52.576  3093  5483 E NetRec  : 	at bpq.executeRequest(:com.google.android.gms@14799037@14.7.99 (100400-223214910):1)
06-28 18:35:52.576  3093  5483 E NetRec  : 	at com.android.volley.toolbox.BasicNetwork.performRequest(:com.google.android.gms@14799037@14.7.99 (100400-223214910):10)
06-28 18:35:52.576  3093  5483 E NetRec  : 	at qpi.performRequest(:com.google.android.gms@14799037@14.7.99 (100400-223214910):13)
06-28 18:35:52.576  3093  5483 E NetRec  : 	at com.android.volley.NetworkDispatcher.a(:com.google.android.gms@14799037@14.7.99 (100400-223214910):6)
06-28 18:35:52.576  3093  5483 E NetRec  : 	at com.android.volley.NetworkDispatcher.run(:com.google.android.gms@14799037@14.7.99 (100400-223214910):2)
06-28 18:35:52.576  3093  5483 E NetRec  : Caused by: ppw: 29503: 
06-28 18:35:52.576  3093  5483 E NetRec  : 	at pvq.a(:com.google.android.gms@14799037@14.7.99 (100400-223214910):3)
06-28 18:35:52.576  3093  5483 E NetRec  : 	at akei.b(:com.google.android.gms@14799037@14.7.99 (100400-223214910):3)
06-28 18:35:52.576  3093  5483 E NetRec  : 	at akgx.a(:com.google.android.gms@14799037@14.7.99 (100400-223214910):7)
06-28 18:35:52.576  3093  5483 E NetRec  : 	at yax.a(:com.google.android.gms@14799037@14.7.99 (100400-223214910):5)
06-28 18:35:52.576  3093  5483 E NetRec  : 	at ybc.run(:com.google.android.gms@14799037@14.7.99 (100400-223214910):34)
06-28 18:35:52.576  3093  5483 E NetRec  : 	at beyi.run(:com.google.android.gms@14799037@14.7.99 (100400-223214910):2)
06-28 18:35:52.576  3093  5483 E NetRec  : 	at qwc.run(:com.google.android.gms@14799037@14.7.99 (100400-223214910):21)
06-28 18:35:52.576  3093  5483 E NetRec  : 	at java.util.concurrent.ThreadPoolExecutor.runWorker(ThreadPoolExecutor.java:1167)
06-28 18:35:52.576  3093  5483 E NetRec  : 	at java.util.concurrent.ThreadPoolExecutor$Worker.run(ThreadPoolExecutor.java:641)
06-28 18:35:52.576  3093  5483 E NetRec  : 	at rbx.run(Unknown Source:7)
06-28 18:35:52.576  3093  5483 E NetRec  : 	at java.lang.Thread.run(Thread.java:784)
06-28 18:35:52.581  3093  5483 W NetRec  : [258] ahqw.a: No server tokens extracted.
06-28 18:35:53.028  1114  1561 I chatty  : uid=1000(system) WifiService expire 29 lines
06-28 18:35:53.600   646   646 E WifiHAL : enter wifi_get_link_stats
06-28 18:35:53.874   635   635 I chatty  : uid=1000(system) hwsched@1.0-ser expire 21 lines
06-28 18:35:54.676  1849  1890 I chatty  : uid=1000(system) HwPosionManager expire 3 lines
06-28 18:35:54.677  1849  1890 D ARMoudle.HwActivityRecognition: getCurrentActivityExtend
06-28 18:35:54.678   589  2303 I ArHal   : (ar_data_get_state:1225):id[2]
06-28 18:35:54.681  1849  1890 D ARMoudle.HwActivityRecognition: hwActivityEvent:[ ActivityChangedExtendEvent:
06-28 18:35:54.681  1849  1890 D ARMoudle.HwActivityRecognition:     Activity='android.activity_recognition.relative_still', EventType=1, TimestampNs=104713889309269, Confidence=0
06-28 18:35:54.681  1849  1890 D ARMoudle.HwActivityRecognition:     Activity='android.activity_recognition.still', EventType=1, TimestampNs=117942089442914, Confidence=100
06-28 18:35:54.681  1849  1890 D ARMoudle.HwActivityRecognition: ]
06-28 18:35:54.681  1849  1890 D HwLBSService.HwNLPSRManager: activity is 0, tempConfidence is 100
06-28 18:35:54.681  1849  1890 D HwLBSService.HwNLPSRManager: getCurrentActivityExtend ok, currentActivity: ******
06-28 18:35:54.681  1849  1890 D HwLBSService.HwNLPSRManager: arInterval: 1412176 ms
06-28 18:35:54.681  1849  1890 D HwLBSService.HwNLPCachedManager: arTimeStamp: 117942089442914, arMotionState: 0, dataSource: data_from_AR, arRelativeTime: 1412172 ms
06-28 18:35:54.681  1849  1890 D HwLBSService.HwNLPCachedManager: AR is valid, activity type is 0
06-28 18:35:54.681  1849  1890 D HwLBSService.HwNLPCachedManager: nlpRelativeTime: 1582782 ms
06-28 18:35:54.681  1849  1890 D HwLBSService.HwNLPCachedManager: getCachedLocation no cached_loc
06-28 18:35:54.681  1849  1890 D HwLBSService.HwNLPLogServices:  updateLocStatus : 2
06-28 18:35:54.681  1849  1890 D HwLBSService.HwNLPPositionManager: reportCacheLocation failed
06-28 18:35:54.682  1849  1890 D HwLBSService.HwNLPLogServices:  SessionFinish mCollectCount: 31 , errortype : 0
06-28 18:35:54.682  1849  1890 D HwLBSService.NLPPreferences: getUserConfirmedPreference, USER_CONFIRMED: userSwitch 1 startupSwitch 1 spResult true result true
06-28 18:35:54.683  1849  1890 D HwLBSService.HwNLPLogServices: updateHwNLPErrorEvent.
06-28 18:35:54.683  1849  1890 I iMonitor: create: 910009050
06-28 18:35:54.683  1849  1890 I iMonitor: create: 910009056
06-28 18:35:54.683  1849  1890 I iMonitor: create: 910009048
06-28 18:35:54.683  1849  1890 I iMonitor: create: 910009006
06-28 18:35:54.683  1849  1890 I iMonitor: create: 910000008
06-28 18:35:54.684  1849  1890 I iMonitor: send: 910000008
06-28 18:35:54.695   796  1102 I         : DPTEST  EventId is not need Hash
06-28 18:35:54.923  1900  2108 D HwWifiStatStore: handleMessage : 200
06-28 18:35:55.046   648  1284 I chatty  : uid=1041(audioserver) AudioOut_D expire 168 lines
06-28 18:35:55.479  5028  5620 D UIAutomatorStub: URI: /jsonrpc/0, Method: POST, params, {NanoHttpd.QUERY_STRING=null}, files: {postData={"jsonrpc": "2.0", "id": "d42585ea4691713dcb7ccbad31d5b52c", "method": "waitForExists", "params": [{"mask": 1, "childOrSibling": [], "childOrSiblingSelector": [], "text": "ECOPROP"}, 20000]}}
06-28 18:35:55.483  5028  5620 W QueryController: Could not detect idle state.
06-28 18:35:55.486  5028  5620 W AccessibilityInteractionClient: old interaction Id is: -1,current interaction Id is:0
06-28 18:35:55.490  5028  5620 W AccessibilityInteractionClient: old interaction Id is: -1,current interaction Id is:1
06-28 18:35:55.527  1166  1166 I aptouch_daemon: check_afe_status, afe[95 1 X1] [ctrl:X40020 ftr:X100] dif[27 -25] raw[32898 32511] [exp:X0 aN:0 lo:0]
06-28 18:35:56.495  5028  5620 W QueryController: Could not detect idle state.
06-28 18:35:56.499  5028  5620 W AccessibilityInteractionClient: old interaction Id is: -1,current interaction Id is:2
06-28 18:35:56.503  5028  5620 W AccessibilityInteractionClient: old interaction Id is: -1,current interaction Id is:3
06-28 18:35:56.603  1114  6779 I chatty  : uid=1000(system) Binder:1114_16 expire 8 lines
06-28 18:35:56.604  1900 15673 D NcDft_ServiceImpl: notifyNcDftEvent domain is : 0 ;eventID is: 31 ;List is [APKSTOPPROVIDER, 78a8322, , apkstop, 1561718156603]
06-28 18:35:56.605  1114  6779 I BackgroundPermManager: pkgName: com.mixgo.PropertySEO,pid: 5327 ,uidOf3RdApk: 10402 ,permType: 2 ,permCfg: 0
06-28 18:35:56.606  1952  2110 D DeviceMonitor: GPS request stop:com.mixgo.PropertySEO pid:5327 interval(s): -1 reqId:78a8322
06-28 18:35:56.608  1849  1861 D HwLBSService.HwNLPLocationProvider: bootTime: 119356 s, source: WorkSource{}
06-28 18:35:56.608  1849  1849 D HwLBSService.HwNLPPositionManager: setRequest  ProviderRequest[OFF] , WorkSource{}
06-28 18:35:56.608  1849  1849 D HwLBSService.NLPPreferences: getUserConfirmedPreference, USER_CONFIRMED: userSwitch 1 startupSwitch 1 spResult true result true
06-28 18:35:56.609  1849  1849 D HwLBSService.HwNLPLogServices: updataRequestInfo  requestTime : 1561718156608, mMinDis : 2147483647, interval : 9223372036854775807APKName : []
06-28 18:35:56.609  1849  1849 D HwLBSService.HwNLPLogServices: dataflowStatistics  uid:1000, pid :1849
06-28 18:35:56.615  1849  1849 I NetworkStatsManager: querySummary callingPid = 1849
06-28 18:35:56.616  1114  6779 I NetworkStats: openSessionForUsageStats, pid = 1849, pkg = com.huawei.lbs
06-28 18:35:56.616  1114  6779 I NetworkStats: openSessionInternal,pid = 1849
06-28 18:35:56.619  1114  6779 I NetworkStats: performPollLocked, pid = 1114
06-28 18:35:56.629   646   646 E WifiHAL : enter wifi_get_link_stats
06-28 18:35:56.640  1114  6779 W NetworkStatsFactory: mStatsXtProcUid: /proc/net/comm/stats does not exist!
06-28 18:35:56.640  1114  6779 D HwNetworkStatsService: hwRecordUidAndProcSnapshotLocked currentTime = 1561718156617
06-28 18:35:56.654  1114  6779 I NetworkStatsFactory: javaReadNetworkStatsUidAndProcDetail. cost time = 14
06-28 18:35:56.657  1114  6779 D HwNetworkStatsService: hwMaybeUidAndProcPersistLocked currentTime = 1561718156617
06-28 18:35:56.659  1114  1562 I chatty  : uid=1000(system) WifiStateMachin expire 19 lines
06-28 18:35:56.664  1849  1849 D HwLBSService.HwNLPLogServices: dataflowStatistics uid:1000 rx:0 tx:0, summaryTotal : 0
06-28 18:35:56.664  1849  1849 D HwLBSService.HwNLPPositionManager: updateRequirements  mEnabled :false, mRequest :ProviderRequest[OFF]
06-28 18:35:56.664  1849  1849 D HwLBSService.HwNLPPositionManager: disableProvider   name: network
06-28 18:35:56.664  1849  1849 D HwLBSService.HwFusionManager: HwNLPFusionClear 
06-28 18:35:56.664  1849  1849 E HwLBSService.HwNLPDBManager: closedb 
06-28 18:35:56.664  1849  1849 D HwLBSService.HwNLPEngine: removeSDKLocation  
06-28 18:35:56.666  2017  2247 E HSM_BG  : NatTrafficNotifyService:imsi is null, so return
06-28 18:35:57.244  5327  5596 I chatty  : uid=10402(com.mixgo.PropertySEO) expire 1 line
06-28 18:35:57.426  1114  1477 D HwBatteryService: onUEvent fcpStatus = 0,scpStatus =0,ovpStatus=0
06-28 18:35:57.427  1114  1477 I HwBatteryService: quick charge status : 0
06-28 18:35:57.427  1114  1477 I HwBatteryService: handleWirelessTxStatus
06-28 18:35:57.427  1114  1477 I HwBatteryService: switch not open, return, mWirelessTxFlag : 0
06-28 18:35:57.428  1114  1477 I UsbDeviceManager: water_intrused state= 0
06-28 18:35:57.432  1114  1798 I BatteryService: normal charge status : 1
06-28 18:35:57.442  1724  1724 D KeyguardUpdateMonitor: received broadcast android.intent.action.BATTERY_CHANGED
06-28 18:35:57.442  1724  1724 W KeyguardUpdateMonitor: ACTION_BATTERY_CHANGED AMP: 512000; Volt: 4900000
06-28 18:35:57.442  1724  1724 I KgBattery: (last-new)Status: 1 -> 1, chargeState=1 * branch=5
06-28 18:35:57.442  1724  1724 V KeyguardUpdateMonitor: RefreshBatteryInfo isBatteryLow: 100
06-28 18:35:57.442  1724  1724 W KeyguardUpdateMonitor: ChargingSpeed  Wattage: 2508800 ST: 5000000 --> 7500000
06-28 18:35:57.442  1724  1724 I KgBattery: BatteryInfo updated:  4lPC0
06-28 18:35:57.442  1724  1724 W AppHandler: sendMessage with obj100
06-28 18:35:57.442  1724  1724 D KeyguardUpdateMonitor: handleBatteryUpdate
06-28 18:35:57.442  1724  1724 I ColorPickUitls: type = 2
06-28 18:35:57.442  1724  1724 V KeyguardUpdateMonitor: RefreshBatteryInfo isBatteryLow: 100
06-28 18:35:57.442  1724  1724 W HwKgdBArea_BTY: updateBatteryInfo : false  true
06-28 18:35:57.443  1724  1724 W HwKgdBArea_BTY: updateBatteryInfo : false  true
06-28 18:35:57.443  1724  1724 W HwLockScreenPanel: Handle message: 100
06-28 18:35:57.443  1724  1724 W HwLockScreenPanel: refreshBatteryInfo: null
06-28 18:35:57.444  1724  1898 I KeyguardUtils: fpPath=sys/class/hw_power/charger/charge_data/chargerType, value=0
06-28 18:35:57.444  1724  1898 I chatty  : uid=10030(com.huawei.desktop.systemui) KG_Background_H identical 1 line
06-28 18:35:57.445  1724  1898 I KeyguardUtils: fpPath=sys/class/hw_power/charger/charge_data/chargerType, value=0
06-28 18:35:57.445  1724  1898 D KgBattery: BatteryInfo2: false; true; true; false; false; true
06-28 18:35:57.448  1952  1952 I MsgReceiver: intent action: android.intent.action.BATTERY_CHANGED
06-28 18:35:57.455  5028  5028 D UIABatteryMonitor: notify battery changed. current level 100
06-28 18:35:57.509  5028  5620 W QueryController: Could not detect idle state.
06-28 18:35:57.512  5028  5620 W AccessibilityInteractionClient: old interaction Id is: -1,current interaction Id is:4
06-28 18:35:57.516  5028  5620 W AccessibilityInteractionClient: old interaction Id is: -1,current interaction Id is:5
06-28 18:35:57.535  1114  1611 I chatty  : uid=1000(system) WiFiArpStateMac expire 12 lines
06-28 18:35:57.536  5624  5624 W dumpsys : type=1400 audit(0.0:36715): avc: denied { read } for name="pipe-max-size" dev="proc" ino=862467 scontext=u:r:shell:s0 tcontext=u:object_r:proc_pipe_conf:s0 tclass=file permissive=0
06-28 18:35:57.589  1849 27479 D HwLBSService.HwNLPPositionManager: getNLPStatus mNLPErrorcode: 2
06-28 18:35:57.930  1900  2108 D HwWifiStatStore: handleMessage : 200
06-28 18:35:58.522  5028  5620 W QueryController: Could not detect idle state.
06-28 18:35:58.524  5028  5620 W AccessibilityInteractionClient: old interaction Id is: -1,current interaction Id is:6
06-28 18:35:58.532  5028  5620 W AccessibilityInteractionClient: old interaction Id is: -1,current interaction Id is:7
06-28 18:35:58.557  1114  1563 I chatty  : uid=1000(system) HwNcChrServiceI expire 2 lines
06-28 18:35:58.558  1900 15673 D NcDft_ServiceImpl: notifyNcDftEvent domain is : 1 ;eventID is: 1101 ;bundle is Bundle[mParcelledData.dataSize=28]
06-28 18:35:58.558  1900  2082 D HwWifiCHRStateManager: handleMessage : 1101
06-28 18:35:58.558  1900 15673 D NcDft_ServiceImpl: notifyNcDftEvent domain is : 1 ;eventID is: 1121 ;bundle is Bundle[mParcelledData.dataSize=84]
06-28 18:35:58.559  1900  2082 D HwWifiCHRStateManager: handleMessage : 1121
06-28 18:35:58.559  1900  2082 E HwCHRWifiRSSIGroupSummery: updatArpSummery mRSSI:0  HwCHRWifiRSSIGroup [rssi_index=4, rtt_tcp_packets=0, rtt_tcp_duration=0, rtt_lan_duration=99618, rtt_lan_failures=0, rtt_lan_succ=1951, rtt_lan_max=995, rtt_lan_min=0,same_area_frequency=0,adjacent_area_frequency=0]
06-28 18:35:58.586  1900  5205 E NcDft_GnssDftManager: network position over 12s
06-28 18:35:58.587  1900  5205 I iMonitor: create: 910000007
06-28 18:35:58.587  1900  5205 I iMonitor: create: 910009006
06-28 18:35:58.587  1900  5205 I iMonitor: create: 910009002
06-28 18:35:58.587  1900  2069 D NcDft_GnssDataStatisticsManager: increaseGnssStatisticCount, counttype = 6
06-28 18:35:58.589  1900  2069 D NcDft_GnssDataBaseManager: check If statistic database exist, record Count=1
06-28 18:35:58.592  1900  2069 D NcDft_GnssDataBaseManager: writeGnssDB  succ, rowChg=1
06-28 18:35:58.594  1900  5205 I iMonitor: create: 910009005
06-28 18:35:58.596  1969  5083 D PhoneInterfaceManager: [PhoneIntfMgr] isUserDataEnabled: subId=0 phoneId=0
06-28 18:35:58.597  1969  5083 D PhoneInterfaceManager: [PhoneIntfMgr] isUserDataEnabled: subId=0 retVal=true
06-28 18:35:58.599  1900  5205 D NcDft_CommInfo: bluetooth IllegalAccessException | IllegalArgumentException | InvocationTargetException
06-28 18:35:58.600  1900  5205 D NcDft_CommInfo: bluetooth IllegalAccessException | IllegalArgumentException | InvocationTargetException
06-28 18:35:58.601  1900  5205 I iMonitor: create: 910009012
06-28 18:35:58.601  1900  5205 I iMonitor: send: 910000007
06-28 18:35:58.611   796  1102 I         : DPTEST  EventId is not need Hash
06-28 18:35:59.080   648  1284 E peq_android: volume index exceed range: 65535
06-28 18:35:59.104   648  1284 E peq_android: volume index exceed range: 65535
06-28 18:35:59.130   648  1284 E peq_android: volume index exceed range: 65535
06-28 18:35:59.154   648  1284 E peq_android: volume index exceed range: 65535
06-28 18:35:59.178   648  1284 E peq_android: volume index exceed range: 65535
06-28 18:35:59.201   648  1284 E peq_android: volume index exceed range: 65535
06-28 18:35:59.225   648  1284 E peq_android: volume index exceed range: 65535
06-28 18:35:59.249   648  1284 E peq_android: volume index exceed range: 65535
06-28 18:35:59.273   648  1284 E peq_android: volume index exceed range: 65535
06-28 18:35:59.297   648  1284 E peq_android: volume index exceed range: 65535
06-28 18:35:59.320   648  1284 E peq_android: volume index exceed range: 65535
06-28 18:35:59.344   648  1284 E peq_android: volume index exceed range: 65535
06-28 18:35:59.368   648  1284 E peq_android: volume index exceed range: 65535
06-28 18:35:59.391   648  1284 E peq_android: volume index exceed range: 65535
06-28 18:35:59.416   648  1284 E peq_android: volume index exceed range: 65535
06-28 18:35:59.440   648  1284 E peq_android: volume index exceed range: 65535
06-28 18:35:59.463   648  1284 E peq_android: volume index exceed range: 65535
06-28 18:35:59.486   648  1284 E peq_android: volume index exceed range: 65535
06-28 18:35:59.510   648  1284 E peq_android: volume index exceed range: 65535
06-28 18:35:59.535   648  1284 E peq_android: volume index exceed range: 65535
06-28 18:35:59.540  5028  5620 W QueryController: Could not detect idle state.
06-28 18:35:59.544  5028  5620 W AccessibilityInteractionClient: old interaction Id is: -1,current interaction Id is:8
06-28 18:35:59.549  5028  5620 W AccessibilityInteractionClient: old interaction Id is: -1,current interaction Id is:9
06-28 18:35:59.560   648  1284 E peq_android: volume index exceed range: 65535
06-28 18:35:59.583   648  1284 E peq_android: volume index exceed range: 65535
06-28 18:35:59.607   648  1284 E peq_android: volume index exceed range: 65535
06-28 18:35:59.631   648  1284 E peq_android: volume index exceed range: 65535
06-28 18:35:59.655   648  1284 E peq_android: volume index exceed range: 65535
06-28 18:35:59.666   646   646 E WifiHAL : enter wifi_get_link_stats
06-28 18:35:59.679   648  1284 E peq_android: volume index exceed range: 65535
06-28 18:35:59.703   648  1284 E peq_android: volume index exceed range: 65535
06-28 18:35:59.728   648  1284 E peq_android: volume index exceed range: 65535
06-28 18:35:59.751   648  1284 E peq_android: volume index exceed range: 65535
06-28 18:35:59.775   648  1284 E peq_android: volume index exceed range: 65535
06-28 18:35:59.798   648  1284 E peq_android: volume index exceed range: 65535
06-28 18:35:59.822   648  1284 E peq_android: volume index exceed range: 65535
06-28 18:35:59.845   648  1284 E peq_android: volume index exceed range: 65535
06-28 18:35:59.869   648  1284 E peq_android: volume index exceed range: 65535
06-28 18:35:59.892   648  1284 E peq_android: volume index exceed range: 65535
06-28 18:35:59.917   648  1284 E peq_android: volume index exceed range: 65535
06-28 18:35:59.941   648  1284 E peq_android: volume index exceed range: 65535
06-28 18:35:59.964   648  1284 E peq_android: volume index exceed range: 65535
06-28 18:35:59.990   648  1284 E peq_android: volume index exceed range: 65535
06-28 18:36:00.004  1114  1114 V AlarmManager: Received TIME_TICK alarm; rescheduling
06-28 18:36:00.006  1114  1114 I HwAlarmManagerService: hwSetAlarm listenerTag: time_tick
06-28 18:36:00.013   648  1284 E peq_android: volume index exceed range: 65535
06-28 18:36:00.017  1724  1724 E DateView: DateView,mCurrentTime: 1561718160017
06-28 18:36:00.027  1724  1724 W HwKeyguardDragHelper: AnimationBlocked 
06-28 18:36:00.033  1724  1724 I EventCenter: EventCenter Get :android.intent.action.TIME_TICK
06-28 18:36:00.037  1724  1724 E ndroid.systemu: No package ID ff found for ID 0xffffffff.
06-28 18:36:00.038  1724  1724 D WeatherHelper: City info empty
06-28 18:36:00.039  1724  1724 E ndroid.systemu: No package ID ff found for ID 0xffffffff.
06-28 18:36:00.040   648  1284 E peq_android: volume index exceed range: 65535
06-28 18:36:00.040  1724  1724 D WeatherHelper: City info empty
06-28 18:36:00.041  1724  1724 D KeyguardUpdateMonitor: received broadcast android.intent.action.TIME_TICK
06-28 18:36:00.041  1724  1724 D KeyguardUpdateMonitor: handleTimeUpdate
06-28 18:36:00.041  1724  1898 I KeyguardStatusView: Runnable for refresh
06-28 18:36:00.042  1724  1724 D WeatherHelper: City info empty
06-28 18:36:00.044  1993  1993 I HwLauncher: Model  onReceive intent=Intent { act=android.intent.action.TIME_TICK flg=0x50200014 hwFlg=0x900 (has extras) }
06-28 18:36:00.044  1993  1993 I HwLauncher: Model  onReceive user=UserHandle{0}
06-28 18:36:00.063   648  1284 E peq_android: volume index exceed range: 65535
06-28 18:36:00.067  1724  1724 W HwKeyguardDragHelper: AnimationBlocked 
06-28 18:36:00.074  3116  4559 I Step_LSC: 90003365|processHandleBroadcastAction action:android.intent.action.TIME_TICK
06-28 18:36:00.080  1114  6779 V BroadcastQueue: Finished with ordered broadcast BroadcastRecord{c095515 u-1 android.intent.action.TIME_TICK}
06-28 18:36:00.085  3116  4559 I Step_SPUtils: 90003365|setAliveRecord  success: timestampArg=1561718160074 elapsedRealtimeArg=119359659
06-28 18:36:00.086   648  1284 E peq_android: volume index exceed range: 65535
06-28 18:36:00.109   648  1284 E peq_android: volume index exceed range: 65535
06-28 18:36:00.134  1724  1724 D WeatherHelper: City info empty
06-28 18:36:00.135   648  1284 E peq_android: volume index exceed range: 65535
06-28 18:36:00.135  1724  1724 D DateTimeView: Change to single clock mode!
06-28 18:36:00.135  1724  1724 D WeatherHelper: City info empty
06-28 18:36:00.136  1724  1724 I ColorPickUitls: type = 2
06-28 18:36:00.136  1724  1724 D WeatherHelper: City info empty
06-28 18:36:00.137  1724  1724 D DateTimeView: Change to single clock mode!
06-28 18:36:00.137  1724  1724 D WeatherHelper: City info empty
06-28 18:36:00.138  1724  1724 I ColorPickUitls: type = 2
06-28 18:36:00.157   648  1284 E peq_android: volume index exceed range: 65535
06-28 18:36:00.181   648  1284 E peq_android: volume index exceed range: 65535
06-28 18:36:00.203   648  1284 E peq_android: volume index exceed range: 65535
06-28 18:36:00.226   648  1284 E peq_android: volume index exceed range: 65535
06-28 18:36:00.249   648  1284 E peq_android: volume index exceed range: 65535
06-28 18:36:00.273   648  1284 E peq_android: volume index exceed range: 65535
06-28 18:36:00.299   648  1284 E peq_android: volume index exceed range: 65535
06-28 18:36:00.323   648  1284 E peq_android: volume index exceed range: 65535
06-28 18:36:00.349   648  1284 E peq_android: volume index exceed range: 65535
06-28 18:36:00.373   648  1284 E peq_android: volume index exceed range: 65535
06-28 18:36:00.397   648  1284 E peq_android: volume index exceed range: 65535
06-28 18:36:00.421   648  1284 E peq_android: volume index exceed range: 65535
06-28 18:36:00.444   648  1284 E peq_android: volume index exceed range: 65535
06-28 18:36:00.468   648  1284 E peq_android: volume index exceed range: 65535
06-28 18:36:00.491   648  1284 E peq_android: volume index exceed range: 65535
06-28 18:36:00.515   648  1284 E peq_android: volume index exceed range: 65535
06-28 18:36:00.520  1114  4002 I chatty  : uid=1000(system) MobileQosDetect expire 4 lines
06-28 18:36:00.538   648  1284 E peq_android: volume index exceed range: 65535
06-28 18:36:00.554  5028  5620 W QueryController: Could not detect idle state.
06-28 18:36:00.556  5028  5620 W AccessibilityInteractionClient: old interaction Id is: -1,current interaction Id is:10
06-28 18:36:00.561  5028  5620 W AccessibilityInteractionClient: old interaction Id is: -1,current interaction Id is:11
06-28 18:36:00.562   648  1284 E peq_android: volume index exceed range: 65535
06-28 18:36:00.586   648  1284 E peq_android: volume index exceed range: 65535
06-28 18:36:00.610   648  1284 E peq_android: volume index exceed range: 65535
06-28 18:36:00.634   648  1284 E peq_android: volume index exceed range: 65535
06-28 18:36:00.657   648  1284 E peq_android: volume index exceed range: 65535
06-28 18:36:00.683   648  1284 E peq_android: volume index exceed range: 65535
06-28 18:36:00.707   648  1284 E peq_android: volume index exceed range: 65535
06-28 18:36:00.730   648  1284 E peq_android: volume index exceed range: 65535
06-28 18:36:00.754   648  1284 E peq_android: volume index exceed range: 65535
06-28 18:36:00.780   648  1284 E peq_android: volume index exceed range: 65535
06-28 18:36:00.803   648  1284 E peq_android: volume index exceed range: 65535
06-28 18:36:00.804   626  1582 I DlbDapDPProcess: process() called [3429000] times
06-28 18:36:00.827   648  1284 E peq_android: volume index exceed range: 65535
06-28 18:36:00.851   648  1284 E peq_android: volume index exceed range: 65535
06-28 18:36:00.875   648  1284 E peq_android: volume index exceed range: 65535
06-28 18:36:00.899   648  1284 E peq_android: volume index exceed range: 65535
06-28 18:36:00.922   648  1284 E peq_android: volume index exceed range: 65535
06-28 18:36:00.935  1900  2108 D HwWifiStatStore: handleMessage : 200
06-28 18:36:00.946   648  1284 E peq_android: volume index exceed range: 65535
06-28 18:36:00.970   648  1284 E peq_android: volume index exceed range: 65535
06-28 18:36:00.995   648  1284 E peq_android: volume index exceed range: 65535
06-28 18:36:01.019   648  1284 E peq_android: volume index exceed range: 65535
06-28 18:36:01.043   648  1284 E peq_android: volume index exceed range: 65535
06-28 18:36:01.067   648  1284 E peq_android: volume index exceed range: 65535
06-28 18:36:01.090   648  1284 E peq_android: volume index exceed range: 65535
06-28 18:36:01.114   648  1284 E peq_android: volume index exceed range: 65535
06-28 18:36:01.137   648  1284 E peq_android: volume index exceed range: 65535
06-28 18:36:01.161   648  1284 E peq_android: volume index exceed range: 65535
06-28 18:36:01.185   648  1284 E peq_android: volume index exceed range: 65535
06-28 18:36:01.209   648  1284 E peq_android: volume index exceed range: 65535
06-28 18:36:01.233   648  1284 E peq_android: volume index exceed range: 65535
06-28 18:36:01.256   648  1284 E peq_android: volume index exceed range: 65535
06-28 18:36:01.280   648  1284 E peq_android: volume index exceed range: 65535
06-28 18:36:01.304   648  1284 E peq_android: volume index exceed range: 65535
06-28 18:36:01.328   648  1284 E peq_android: volume index exceed range: 65535
06-28 18:36:01.352   648  1284 E peq_android: volume index exceed range: 65535
06-28 18:36:01.379   648  1284 E peq_android: volume index exceed range: 65535
06-28 18:36:01.402   648  1284 E peq_android: volume index exceed range: 65535
06-28 18:36:01.427   648  1284 E peq_android: volume index exceed range: 65535
06-28 18:36:01.450   648  1284 E peq_android: volume index exceed range: 65535
06-28 18:36:01.475   648  1284 E peq_android: volume index exceed range: 65535
06-28 18:36:01.498   648  1284 E peq_android: volume index exceed range: 65535
06-28 18:36:01.522   648  1284 E peq_android: volume index exceed range: 65535
06-28 18:36:01.546   648  1284 E peq_android: volume index exceed range: 65535
06-28 18:36:01.569  5028  5620 W QueryController: Could not detect idle state.
06-28 18:36:01.571  5028  5620 W AccessibilityInteractionClient: old interaction Id is: -1,current interaction Id is:12
06-28 18:36:01.571   648  1284 E peq_android: volume index exceed range: 65535
06-28 18:36:01.579  5028  5620 W AccessibilityInteractionClient: old interaction Id is: -1,current interaction Id is:13
06-28 18:36:01.595   648  1284 E peq_android: volume index exceed range: 65535
06-28 18:36:01.619   648  1284 E peq_android: volume index exceed range: 65535
06-28 18:36:01.644   648  1284 E peq_android: volume index exceed range: 65535
06-28 18:36:01.667   648  1284 E peq_android: volume index exceed range: 65535
