06-28 18:35:21.950  1114  1219 W HwActivityManagerServiceEx: HwActivityNotifier end call android.app.IHwActivityNotifier$Stub$Proxy@b3922e9 for appSwitch under user 0 cost 1
06-28 18:35:21.950  1114  1219 W HwActivityManagerServiceEx: HwActivityNotifier end call android.app.IHwActivityNotifier$Stub$Proxy@92d0b6e for appSwitch under user 0 cost 0
06-28 18:35:21.950  6701  6759 I [HwRecSys]OdmfCollectScheduler: handleMessage msg: 6
06-28 18:35:21.950  6701  6759 E [HwRecSys]HwRecSysService: Rec sys service not started.
06-28 18:35:21.952  1114 13295 V WindowManager: Checking 1 opening apps (frozen=false timeout=false), Track: activitypause performsurface
06-28 18:35:21.952  1114 13295 V WindowManager: Check opening app=AppWindowToken{406fd30 token=Token{5549a73 ActivityRecord{7bb26e2 u0 com.android.packageinstaller/.permission.ui.GrantPermissionsActivity t219}}}: allDrawn=false startingDisplayed=false startingMoved=false isRelaunching()=false startingWindow=null
06-28 18:35:21.953  1114  1219 W HwActivityManagerServiceEx: HwActivityNotifier end call android.app.IHwActivityNotifier$Stub$Proxy@88cf16b for activityLifeState under user 0 cost 0
06-28 18:35:21.954  2434  4069 E nearby  : CloseRangeAdapter:no such business type
06-28 18:35:21.954  1114  2564 D PackageManager: resolve intent for uid:10402, matchs:3, res:ResolveInfo{5ba6b65 com.huawei.android.launcher/.unihome.UniHomeLauncher m=0x108000}
06-28 18:35:21.956  1114  4501 V WindowManager: Checking 1 opening apps (frozen=false timeout=false), Track: relayout performsurface
06-28 18:35:21.956  1114  4501 V WindowManager: Check opening app=AppWindowToken{406fd30 token=Token{5549a73 ActivityRecord{7bb26e2 u0 com.android.packageinstaller/.permission.ui.GrantPermissionsActivity t219}}}: allDrawn=false startingDisplayed=false startingMoved=false isRelaunching()=false startingWindow=null
06-28 18:35:21.956  1114  4501 I WindowManager: relayoutVisibleWindow: set isFormatChanged
06-28 18:35:21.956  5327  5357 I chatty  : uid=10402(com.mixgo.PropertySEO) expire 1 line
06-28 18:35:21.958  1114  6299 I HwNetworkPolicy: onTransact, code = 203
06-28 18:35:21.958  2017  2506 I HwNetworkPolicyManager: getHwUidPolicy uid = 10042 policy = 0
06-28 18:35:21.958  1869  1885 I BoosterSwitchP: notifyUidState do nothing
06-28 18:35:21.958  1869  1885 I DeepNoDisturbP: notifyUidState
06-28 18:35:21.958  1869  1885 I HidataAppQoeP: notifyUidState
06-28 18:35:21.958  1869  1885 I BrowserChrP: notifyUidState
06-28 18:35:21.960 31509 31509 V ActivityThread: callActivityOnCreate
06-28 18:35:21.962 31509 31509 W VRSystemServiceManager: vr service is not alive
06-28 18:35:21.963  1952  4046 I chatty  : uid=1000(system) CallbackHandler expire 4 lines
06-28 18:35:21.964  2461  2612 D WorkSource: i1=0 i2=0 N1=0: insert 2434 com.huawei.iconnect
06-28 18:35:21.964  2461  2612 D WorkSource: Insert in WorkSource{} @ 0 uid 2434 name com.huawei.iconnect
06-28 18:35:21.964  1114  9129 I HwAudioService: now type = 9,reportForegroundAppType = 255,pkg = null,systemload = 9mVoipOptimizeInGameModetrue
06-28 18:35:21.964  2461  2661 D BluetoothAdapter: isLeEnabled(): ON
06-28 18:35:21.967  1667  2234 I bt_stack: [INFO:gatt_api.cc(950)] GATT_Register 271d5ea8-c6d1-69a7-2f35-cc5e16d7ecb3
06-28 18:35:21.967  1667  2234 I bt_stack: [INFO:gatt_api.cc(970)] allocated gatt_if=6
06-28 18:35:21.968  2461  2482 D BluetoothLeScanner: onScannerRegistered() - status=0 scannerId=6 mScannerId=0
06-28 18:35:21.969  1667  1680 W Bth-btfreeze: BluetoothFreeze:tag: 181  uid: 1000  pid: 2461
06-28 18:35:21.978 31509 31509 D HiTouch_PressGestureDetector: HiTouch on notch display, height corret:85
06-28 18:35:21.978 31509 31509 D ActivityThread: add activity client record, r= ActivityRecord{c5f9bcb token=android.os.BinderProxy@6f60142 {com.android.packageinstaller/com.android.packageinstaller.permission.ui.GrantPermissionsActivity}} token= android.os.BinderProxy@6f60142
06-28 18:35:21.981 31509 31509 D ZrHung.AppEyeUiProbe: notify runnable to start.
06-28 18:35:21.982 31509 31533 D OpenGLRenderer:   HWUI Binary is  enabled
06-28 18:35:21.982 31509 31533 D OpenGLRenderer: disableOutlineDraw is true
06-28 18:35:21.983 31253 31343 E HSM_SEC_UI: PermissionAppsController:notifyThePermissionAppsLoaded permissionType = 2048
06-28 18:35:21.985  1114  1684 V WindowManager: addWindow: Window{f190663 u0 com.android.packageinstaller/com.android.packageinstaller.permission.ui.GrantPermissionsActivity}
06-28 18:35:21.986  1114  2570 D HwGameAssistantController: pid=31509, uid=10042, component=ComponentInfo{com.android.packageinstaller/com.android.packageinstaller.permission.ui.GrantPermissionsActivity}
06-28 18:35:21.986  1114  1243 D HwGameAssistantController: UPDATE: mCurFgPkg=com.android.packageinstaller, mCurFgPid=31509, mCurIsGame=false
06-28 18:35:21.986 31509 31533 D OpenGLRenderer:   HWUI Binary is  enabled
06-28 18:35:21.986 31509 31533 D OpenGLRenderer: disableOutlineDraw is true
06-28 18:35:21.986  1114  1219 W HwActivityManagerServiceEx: HwActivityNotifier end call android.app.IHwActivityNotifier$Stub$Proxy@88cf16b for activityLifeState under user 0 cost 0
06-28 18:35:21.986  1114  1619 I chatty  : uid=1000(system) HwArbitrationSt expire 40 lines
06-28 18:35:21.990  6701  6759 I [HwRecSys]OdmfCollectScheduler: handleMessage msg: 6
06-28 18:35:21.990  6701  6759 E [HwRecSys]HwRecSysService: Rec sys service not started.
06-28 18:35:21.993  1114  1684 D PackageManager: resolve intent for uid:10042, matchs:3, res:ResolveInfo{12c1260 com.huawei.android.launcher/.unihome.UniHomeLauncher m=0x108000}
06-28 18:35:21.993  2017  4882 D HwSignedInfo: com.mixgo.PropertySEO,installer:
06-28 18:35:21.993 31509  5361 I HiTouch_HiTouchSensor: enabledInPad = false,isPcCastMode = false
06-28 18:35:21.996  1114  3628 V WindowManager: Checking 1 opening apps (frozen=false timeout=false), Track: relayout performsurface
06-28 18:35:21.996  1114  3628 V WindowManager: Check opening app=AppWindowToken{406fd30 token=Token{5549a73 ActivityRecord{7bb26e2 u0 com.android.packageinstaller/.permission.ui.GrantPermissionsActivity t219}}}: allDrawn=false startingDisplayed=false startingMoved=false isRelaunching()=false startingWindow=null
06-28 18:35:21.998  1114  3628 W WindowManager: force to relayout later when size is 1*1 for:Window{f190663 u0 com.android.packageinstaller/com.android.packageinstaller.permission.ui.GrantPermissionsActivity}
06-28 18:35:21.999  1114  3628 V WindowManager: Checking 1 opening apps (frozen=false timeout=false), Track:  performsurface
06-28 18:35:21.999  1114  3628 V WindowManager: Check opening app=AppWindowToken{406fd30 token=Token{5549a73 ActivityRecord{7bb26e2 u0 com.android.packageinstaller/.permission.ui.GrantPermissionsActivity t219}}}: allDrawn=false startingDisplayed=false startingMoved=false isRelaunching()=false startingWindow=null
06-28 18:35:22.001   650   929 I chatty  : uid=1000(system) Binder:650_1 expire 2 lines
06-28 18:35:22.002   613  1029 I GRALLOC : getCallingPid=650, shrFd=31,fmt=0x1,intFmt=0x1,btStrd=256,size=4096,pid=613 
06-28 18:35:22.002   613  1029 I GRALLOC : 	 yuv=2,w=1,h=1,Stride u=0 v=0,offset u=0 v=0 
06-28 18:35:22.002   613  1029 I GRALLOC : 	 iova_size=4096,conUsg=0x900,proUsg=0x900,	 strd=64,[afbc]HdrStrd=0 PyldStrd=0 Scrmbl=0,ionhnd = 1 
06-28 18:35:22.002   613  1029 I chatty  : uid=1000(system) HwBinder:613_1 identical 3 lines
06-28 18:35:22.004 31509 31533 D mali_winsys: EGLint new_window_surface(egl_winsys_display *, void *, EGLSurface, EGLConfig, egl_winsys_surface **, EGLBoolean) returns 0x3000
06-28 18:35:22.010 31509 31509 W InputMethodManager: startInputReason = 1
06-28 18:35:22.012  1114  1456 V WindowManager_visibility: updateAllDrawn Add AppWindowToken{406fd30 token=Token{5549a73 ActivityRecord{7bb26e2 u0 com.android.packageinstaller/.permission.ui.GrantPermissionsActivity t219}}}
06-28 18:35:22.012  1114  1456 V WindowManager_visibility: updateAllDrawn allDrawn=false interesting=1 drawn=1 relaunchCount=0 for AppWindowToken{406fd30 token=Token{5549a73 ActivityRecord{7bb26e2 u0 com.android.packageinstaller/.permission.ui.GrantPermissionsActivity t219}}}
06-28 18:35:22.013  1114  1456 V WindowManager: Checking 1 opening apps (frozen=false timeout=false), Track:  performsurface
06-28 18:35:22.013  1114  1456 V WindowManager: Check opening app=AppWindowToken{406fd30 token=Token{5549a73 ActivityRecord{7bb26e2 u0 com.android.packageinstaller/.permission.ui.GrantPermissionsActivity t219}}}: allDrawn=true startingDisplayed=false startingMoved=false isRelaunching()=false startingWindow=null
06-28 18:35:22.013  1114  1456 I WindowManager: closing apps count = 0
06-28 18:35:22.021 31253 31343 E HSM_SEC_UI: PermissionAppsController:notifyThePermissionAppsLoaded permissionType = 268435456
06-28 18:35:22.024  1114  1242 I chatty  : uid=1000(system) android.display expire 2 lines
06-28 18:35:22.024  1114  1242 D ActivityManager: EVENT_APP_ACTIVITY_DISPLAYED_FINISH reportData: com.android.packageinstaller/.permission.ui.GrantPermissionsActivity 31509 70
06-28 18:35:22.026 31509 31509 I FLTAG_FM: loadFeature class:com.huawei.featurelayer.systemfeature.HwWidget.IHwSplineOverScrollerEx
06-28 18:35:22.026 31509 31509 I FLTAG_SFM: getRequireClassLoader() succ ! className: com.huawei.featurelayer.systemfeature.HwWidget.IHwSplineOverScrollerEx
06-28 18:35:22.026 31509 31509 D FeatureFactory: loadFeature() : com.huawei.featurelayer.systemfeature.HwWidget.IHwSplineOverScrollerEx
06-28 18:35:22.026 31509 31509 D FeatureFactory: loadFeature() new IHwSplineOverScrollerEx()
06-28 18:35:22.026 31509 31509 D HwSplineOverScrollerExImpl: initSplineOverScrollerImpl paras: android.widget.OverScroller$SplineOverScroller@db4583e,com.android.packageinstaller.permission.ui.GrantPermissionsActivity@b484e90
06-28 18:35:22.026 31509 31509 D HwSplineOverScrollerExImpl: initSplineOverScrollerImpl: mScrollerVelocity is 0, value is 0
06-28 18:35:22.026 31509 31509 I FLTAG_FM: loadFeature class:com.huawei.featurelayer.systemfeature.HwWidget.IHwSplineOverScrollerEx
06-28 18:35:22.026 31509 31509 I FLTAG_SFM: getRequireClassLoader() succ ! className: com.huawei.featurelayer.systemfeature.HwWidget.IHwSplineOverScrollerEx
06-28 18:35:22.026 31509 31509 D FeatureFactory: loadFeature() : com.huawei.featurelayer.systemfeature.HwWidget.IHwSplineOverScrollerEx
06-28 18:35:22.026 31509 31509 D FeatureFactory: loadFeature() new IHwSplineOverScrollerEx()
06-28 18:35:22.026 31509 31509 D HwSplineOverScrollerExImpl: initSplineOverScrollerImpl paras: android.widget.OverScroller$SplineOverScroller@c99ba4a,com.android.packageinstaller.permission.ui.GrantPermissionsActivity@b484e90
06-28 18:35:22.026 31509 31509 D HwSplineOverScrollerExImpl: initSplineOverScrollerImpl: mScrollerVelocity is 0, value is 0
06-28 18:35:22.036 31509 31509 W InputMethodManager: startInputReason = 5
06-28 18:35:22.047  1114  1684 I WindowManager:   SURFACE SIZE 1080x2157: com.android.packageinstaller/com.android.packageinstaller.permission.ui.GrantPermissionsActivity
06-28 18:35:22.051  1993 26137 D HwRecentsTaskUtils: refreshToCache
06-28 18:35:22.051  1993 26137 D HwRecentsTaskUtils: searchFromDate
06-28 18:35:22.055  1993 26137 I RecentsTaskLoadPlan: to show tasks size is 7
06-28 18:35:22.062 31509 31533 W libEGL  : EGLNativeWindowType 0x7297a99010 disconnect failed
06-28 18:35:22.063 31509 31533 D mali_winsys: EGLint new_window_surface(egl_winsys_display *, void *, EGLSurface, EGLConfig, egl_winsys_surface **, EGLBoolean) returns 0x3000
06-28 18:35:22.064 31509 31509 I ViewRootImpl: jank_removeInvalidNode all the node in jank list is out of time
06-28 18:35:22.069   613   613 I chatty  : uid=1000(system) allocator@2.0-s expire 10 lines
06-28 18:35:22.070 31253 31343 E HSM_SEC_UI: PermissionAppsController:notifyThePermissionAppsLoaded permissionType = 16
06-28 18:35:22.079   614  7613 W hwcomposer: setGpuFreqBoost:148: boostGpuFreq succ !
06-28 18:35:22.081 31253 31343 E HSM_SEC_UI: PermissionAppsController:notifyThePermissionAppsLoaded permissionType = 16384
06-28 18:35:22.085  5028  5240 D UIAutomatorStub: URI: /jsonrpc/0, Method: POST, params, {NanoHttpd.QUERY_STRING=null}, files: {postData={"jsonrpc": "2.0", "id": "95f93f1c70777e922f80f494780da368", "method": "waitForExists", "params": [{"mask": 16777232, "childOrSibling": [], "childOrSiblingSelector": [], "className": "android.widget.LinearLayout", "instance": 1}, 2000]}}
06-28 18:35:22.086  1114  1456 V WindowManager_visibility: updateAllDrawn Add AppWindowToken{df27ea3 token=Token{52e3dd2 ActivityRecord{337d05d u0 com.mixgo.PropertySEO/cn.jiguang.unity.push.UnityPluginActivity t219}}}
06-28 18:35:22.087  1114  1456 V WindowManager_visibility: updateAllDrawn allDrawn=false interesting=1 drawn=1 relaunchCount=0 for AppWindowToken{df27ea3 token=Token{52e3dd2 ActivityRecord{337d05d u0 com.mixgo.PropertySEO/cn.jiguang.unity.push.UnityPluginActivity t219}}}
06-28 18:35:22.088  5028  5240 W QueryController: Could not detect idle state.
06-28 18:35:22.092 31253 31343 E HSM_SEC_UI: PermissionAppsController:notifyThePermissionAppsLoaded permissionType = 32768
06-28 18:35:22.092  1114  1456 V WindowManager: removeIfPossible: Window{736c601 u0 Splash Screen com.mixgo.PropertySEO}
06-28 18:35:22.093  1114  1242 D ActivityManager: EVENT_APP_ACTIVITY_DISPLAYED_FINISH reportData: com.mixgo.PropertySEO/cn.jiguang.unity.push.UnityPluginActivity 5327 285
06-28 18:35:22.093  5028  5240 W AccessibilityInteractionClient: old interaction Id is: -1,current interaction Id is:0
06-28 18:35:22.096  5028  5240 I QueryController: Matched selector: UiSelector[CLASS=android.widget.LinearLayout, INSTANCE=1, COUNT=1] <<==>> [android.view.accessibility.AccessibilityNodeInfo@26daf; boundsInParent: Rect(0, 0 - 1056, 647); boundsInScreen: Rect(12, 1524 - 1068, 2171); packageName: com.android.packageinstaller; className: android.widget.LinearLayout; text: null; error: null; maxTextLength: -1; contentDescription: null; tooltipText: null; viewIdResName: null; checkable: false; checked: false; focusable: false; focused: false; selected: false; clickable: false; longClickable: false; contextClickable: false; enabled: true; password: false; scrollable: false; importantForAccessibility: false; visible: true; actions: [AccessibilityAction: ACTION_SELECT - null, AccessibilityAction: ACTION_CLEAR_SELECTION - null, AccessibilityAction: ACTION_ACCESSIBILITY_FOCUS - null, AccessibilityAction: ACTION_SHOW_ON_SCREEN - null]]
06-28 18:35:22.105 31253 31343 E HSM_SEC_UI: PermissionAppsController:notifyThePermissionAppsLoaded permissionType = 64
06-28 18:35:22.108  1114  1456 V WindowManager: Not removing Window{736c601 u0 Splash Screen com.mixgo.PropertySEO EXITING} due to exit animation 
06-28 18:35:22.116 31253 31343 E HSM_SEC_UI: PermissionAppsController:notifyThePermissionAppsLoaded permissionType = 32
06-28 18:35:22.127   796   897 W JankService: processEntry, not beta version or commercial log off
06-28 18:35:22.159  1993  2177 W libEGL  : EGLNativeWindowType 0x7268797010 disconnect failed
06-28 18:35:22.160  1724  1724 D ImageWallpaper: onVisibilityChanged: mVisible, visible=true, false
06-28 18:35:22.160  1724  1724 D ImageWallpaper: Visibility changed to visible=false
06-28 18:35:22.160   614  7613 W hwcomposer: setGpuFreqBoost:153: boostGpuFreq release !
06-28 18:35:22.165  1993  1993 D ViewRootImpl[UniHomeLauncher]: surface should not be released
06-28 18:35:22.166  1114  2570 D NotificationListeners: Removing active service ComponentInfo{com.huawei.android.launcher/com.android.launcher.notification.NotificationListener}
06-28 18:35:22.168  1114  1560 D NetdConnector: SND -> {2573 firewall set_uid_rule standby 10152 deny}
06-28 18:35:22.171  1114  1555 D NetdConnector: RCV <- {200 2573 Firewall command succeeded}
06-28 18:35:22.171  1114  1555 D NetdConnector: RCV <- {200 2573 Firewall command succeeded}
06-28 18:35:22.174  1114  1560 D NetdConnector: SND -> {2574 firewall set_uid_rule standby 10033 deny}
06-28 18:35:22.176  1114  1555 D NetdConnector: RCV <- {200 2574 Firewall command succeeded}
06-28 18:35:22.177  1114  1555 D NetdConnector: RCV <- {200 2574 Firewall command succeeded}
06-28 18:35:22.177  1114  2570 V WindowManager: notifyAppStopped: AppWindowToken{616761c token=Token{3fbf38f ActivityRecord{bca02ee u0 com.huawei.android.launcher/.unihome.UniHomeLauncher t1}}}
06-28 18:35:22.177  1114  2570 E WindowManager: win=Window{12f7b0d u0 com.huawei.android.launcher/com.huawei.android.launcher.unihome.UniHomeLauncher} destroySurfaces: appStopped=true win.mWindowRemovalAllowed=false win.mRemoveOnExit=false
06-28 18:35:22.179  1869  1885 I BoosterSwitchP: notifyUidState do nothing
06-28 18:35:22.179  1869  1885 I DeepNoDisturbP: notifyUidState
06-28 18:35:22.179  1869  1885 I HidataAppQoeP: notifyUidState
06-28 18:35:22.179  1869  1885 I BrowserChrP: notifyUidState
06-28 18:35:22.179  1952  2594 I chatty  : uid=1000(system) iAwareNRT expire 9 lines
06-28 18:35:22.205  5028  5240 D UIAutomatorStub: URI: /jsonrpc/0, Method: POST, params, {NanoHttpd.QUERY_STRING=null}, files: {postData={"jsonrpc": "2.0", "id": "70d947330799d6527ef533993ae22ab5", "method": "waitForExists", "params": [{"mask": 2097152, "childOrSibling": [], "childOrSiblingSelector": [], "resourceId": "com.android.packageinstaller:id/current_page_text"}, 20000]}}
06-28 18:35:22.207  5028  5240 W QueryController: Could not detect idle state.
06-28 18:35:22.208  5028  5240 W AccessibilityInteractionClient: old interaction Id is: -1,current interaction Id is:1
06-28 18:35:22.211  5028  5240 W AccessibilityInteractionClient: old interaction Id is: -1,current interaction Id is:2
06-28 18:35:22.216  5028  5240 W AccessibilityInteractionClient: old interaction Id is: -1,current interaction Id is:3
06-28 18:35:22.227  1114  1456 V WindowManager: Exit animation finished in Window{736c601 u0 Splash Screen com.mixgo.PropertySEO EXITING}: remove=true
06-28 18:35:22.227  1114  1456 E WindowManager: win=Window{736c601 u0 Splash Screen com.mixgo.PropertySEO EXITING} destroySurfaces: appStopped=false win.mWindowRemovalAllowed=true win.mRemoveOnExit=true
06-28 18:35:22.227  1114  1456 V WindowManager: postWindowRemoveCleanupLocked: Window{736c601 u0 Splash Screen com.mixgo.PropertySEO}
06-28 18:35:22.227  1114  1456 V WindowManager: Removing Window{736c601 u0 Splash Screen com.mixgo.PropertySEO} from AppWindowToken{df27ea3 token=Token{52e3dd2 ActivityRecord{337d05d u0 com.mixgo.PropertySEO/cn.jiguang.unity.push.UnityPluginActivity t219}}}
06-28 18:35:22.232  5028  5240 D UIAutomatorStub: URI: /jsonrpc/0, Method: POST, params, {NanoHttpd.QUERY_STRING=null}, files: {postData={"jsonrpc": "2.0", "id": "b104fa351b0ff265d0ca1333b6f8ff19", "method": "getText", "params": [{"mask": 2097152, "childOrSibling": [], "childOrSiblingSelector": [], "resourceId": "com.android.packageinstaller:id/current_page_text"}]}}
06-28 18:35:22.234  5028  5240 W QueryController: Could not detect idle state.
06-28 18:35:22.240  1724  1724 W HwKeyguardDragHelper: AnimationBlocked 
06-28 18:35:22.240  1724  1724 I PhoneStatusBarView: setAlpha with value : 1.0
06-28 18:35:22.240  1724  1724 I PhoneStatusBarView: setAlpha with value : 1.0
06-28 18:35:22.243  5028  5240 W AccessibilityInteractionClient: old interaction Id is: -1,current interaction Id is:4
06-28 18:35:22.246  5028  5240 W AccessibilityInteractionClient: old interaction Id is: -1,current interaction Id is:5
06-28 18:35:22.250  5028  5240 W AccessibilityInteractionClient: old interaction Id is: -1,current interaction Id is:6
06-28 18:35:22.255  5028  5240 W QueryController: Could not detect idle state.
06-28 18:35:22.256  5028  5240 W AccessibilityInteractionClient: old interaction Id is: -1,current interaction Id is:7
06-28 18:35:22.258  5028  5240 W AccessibilityInteractionClient: old interaction Id is: -1,current interaction Id is:8
06-28 18:35:22.263  5028  5240 W AccessibilityInteractionClient: old interaction Id is: -1,current interaction Id is:9
06-28 18:35:22.265  5028  5240 W QueryController: Could not detect idle state.
06-28 18:35:22.265  5028  5240 W AccessibilityInteractionClient: old interaction Id is: -1,current interaction Id is:10
06-28 18:35:22.280  5028  5240 D UIAutomatorStub: URI: /jsonrpc/0, Method: POST, params, {NanoHttpd.QUERY_STRING=null}, files: {postData={"jsonrpc": "2.0", "id": "f76a678e102d10f1ae1f114fffa4fd44", "method": "waitForExists", "params": [{"mask": 2097152, "childOrSibling": [], "childOrSiblingSelector": [], "resourceId": "com.android.packageinstaller:id/permission_allow_button"}, 20000]}}
06-28 18:35:22.281  5028  5240 W QueryController: Could not detect idle state.
06-28 18:35:22.282  5028  5240 W AccessibilityInteractionClient: old interaction Id is: -1,current interaction Id is:11
06-28 18:35:22.284  5028  5240 W AccessibilityInteractionClient: old interaction Id is: -1,current interaction Id is:12
06-28 18:35:22.288  5028  5240 W AccessibilityInteractionClient: old interaction Id is: -1,current interaction Id is:13
06-28 18:35:22.303  5028  5240 D UIAutomatorStub: URI: /jsonrpc/0, Method: POST, params, {NanoHttpd.QUERY_STRING=null}, files: {postData={"jsonrpc": "2.0", "id": "a688628c70b7944b54bb953866a4580c", "method": "objInfo", "params": [{"mask": 2097152, "childOrSibling": [], "childOrSiblingSelector": [], "resourceId": "com.android.packageinstaller:id/permission_allow_button"}]}}
06-28 18:35:22.306  5028  5240 W QueryController: Could not detect idle state.
06-28 18:35:22.306  5028  5240 W AccessibilityInteractionClient: old interaction Id is: -1,current interaction Id is:14
06-28 18:35:22.309  5028  5240 W AccessibilityInteractionClient: old interaction Id is: -1,current interaction Id is:15
06-28 18:35:22.313  5028  5240 W AccessibilityInteractionClient: old interaction Id is: -1,current interaction Id is:16
06-28 18:35:22.317  5028  5240 W QueryController: Could not detect idle state.
06-28 18:35:22.317  5028  5240 W AccessibilityInteractionClient: old interaction Id is: -1,current interaction Id is:17
06-28 18:35:22.320  5028  5240 W QueryController: Could not detect idle state.
06-28 18:35:22.320  5028  5240 W AccessibilityInteractionClient: old interaction Id is: -1,current interaction Id is:18
06-28 18:35:22.321  5028  5240 W QueryController: Could not detect idle state.
06-28 18:35:22.321  5028  5240 W AccessibilityInteractionClient: old interaction Id is: -1,current interaction Id is:19
06-28 18:35:22.322  5028  5240 W QueryController: Could not detect idle state.
06-28 18:35:22.323  5028  5240 W AccessibilityInteractionClient: old interaction Id is: -1,current interaction Id is:20
06-28 18:35:22.323  5028  5240 W QueryController: Could not detect idle state.
06-28 18:35:22.323  5028  5240 W AccessibilityInteractionClient: old interaction Id is: -1,current interaction Id is:21
06-28 18:35:22.324  5028  5240 W QueryController: Could not detect idle state.
06-28 18:35:22.324  5028  5240 W AccessibilityInteractionClient: old interaction Id is: -1,current interaction Id is:22
06-28 18:35:22.325  5028  5240 W QueryController: Could not detect idle state.
06-28 18:35:22.325  5028  5240 W AccessibilityInteractionClient: old interaction Id is: -1,current interaction Id is:23
06-28 18:35:22.325  5028  5240 W QueryController: Could not detect idle state.
06-28 18:35:22.326  5028  5240 W AccessibilityInteractionClient: old interaction Id is: -1,current interaction Id is:24
06-28 18:35:22.326  5028  5240 W QueryController: Could not detect idle state.
06-28 18:35:22.327  5028  5240 W AccessibilityInteractionClient: old interaction Id is: -1,current interaction Id is:25
06-28 18:35:22.327  5028  5240 W QueryController: Could not detect idle state.
06-28 18:35:22.327  5028  5240 W AccessibilityInteractionClient: old interaction Id is: -1,current interaction Id is:26
06-28 18:35:22.328  5028  5240 W QueryController: Could not detect idle state.
06-28 18:35:22.328  5028  5240 W AccessibilityInteractionClient: old interaction Id is: -1,current interaction Id is:27
06-28 18:35:22.328  5028  5240 W QueryController: Could not detect idle state.
06-28 18:35:22.329  5028  5240 W AccessibilityInteractionClient: old interaction Id is: -1,current interaction Id is:28
06-28 18:35:22.329  5028  5240 W QueryController: Could not detect idle state.
06-28 18:35:22.329  5028  5240 W AccessibilityInteractionClient: old interaction Id is: -1,current interaction Id is:29
06-28 18:35:22.330  5028  5240 W QueryController: Could not detect idle state.
06-28 18:35:22.330  5028  5240 W AccessibilityInteractionClient: old interaction Id is: -1,current interaction Id is:30
06-28 18:35:22.330  5028  5240 W QueryController: Could not detect idle state.
06-28 18:35:22.330  5028  5240 W AccessibilityInteractionClient: old interaction Id is: -1,current interaction Id is:31
06-28 18:35:22.332  5028  5240 W QueryController: Could not detect idle state.
06-28 18:35:22.332  5028  5240 W AccessibilityInteractionClient: old interaction Id is: -1,current interaction Id is:32
06-28 18:35:22.333  5028  5240 W QueryController: Could not detect idle state.
06-28 18:35:22.333  5028  5240 W AccessibilityInteractionClient: old interaction Id is: -1,current interaction Id is:33
06-28 18:35:22.362  5028  5240 D UIAutomatorStub: URI: /jsonrpc/0, Method: POST, params, {NanoHttpd.QUERY_STRING=null}, files: {postData={"jsonrpc": "2.0", "id": "e63e5a105c22325e17f97477419e6400", "method": "click", "params": [798.5, 2087.0]}}
06-28 18:35:22.366  5028  5240 D InteractionController: clickNoSync (798, 2087)
06-28 18:35:22.462  1114  1114 I HwNormalizedSpline: mOminLevelMode:Day getBrightnessLevel lux =458.0,mDefaultBrightness=44.335182,mOCount=11
06-28 18:35:22.470 31509 31509 V AudioManager: playSoundEffect   effectType: 0
06-28 18:35:22.470 31509 31509 V AudioManager: querySoundEffectsEnabled...
06-28 18:35:22.480 31509 31509 D HwAppInnerBoostImpl: asyncReportData com.android.packageinstaller,2,1,1,0 interval=112
06-28 18:35:22.481   638  1895 E uniperf server: uniPerfEvent doParse failed, cmdId=4400
06-28 18:35:22.481   638  1895 D uniperf hal: do uniPerfEvent failed, cmdId=4400, ret=2
06-28 18:35:22.485  5028  5050 W AccessibilityInteractionClient: old interaction Id is: -1,current interaction Id is:1
06-28 18:35:22.500  5028  5240 D UIAutomatorStub: URI: /jsonrpc/0, Method: POST, params, {NanoHttpd.QUERY_STRING=null}, files: {postData={"jsonrpc": "2.0", "id": "b4f0e1567a78eff4f8e7795642a67d9e", "method": "waitForExists", "params": [{"mask": 2097152, "childOrSibling": [], "childOrSiblingSelector": [], "resourceId": "com.android.packageinstaller:id/permission_allow_button"}, 20000]}}
06-28 18:35:22.502  5028  5240 W QueryController: Could not detect idle state.
06-28 18:35:22.503  5028  5240 W AccessibilityInteractionClient: old interaction Id is: -1,current interaction Id is:34
06-28 18:35:22.506  5028  5240 W AccessibilityInteractionClient: old interaction Id is: -1,current interaction Id is:35
06-28 18:35:22.511  5028  5240 W AccessibilityInteractionClient: old interaction Id is: -1,current interaction Id is:36
06-28 18:35:22.603 31509 31509 I FLTAG_FM: loadFeature class:com.huawei.featurelayer.systemfeature.HwWidget.IHwSplineOverScrollerEx
06-28 18:35:22.603 31509 31509 I FLTAG_SFM: getRequireClassLoader() succ ! className: com.huawei.featurelayer.systemfeature.HwWidget.IHwSplineOverScrollerEx
06-28 18:35:22.603 31509 31509 D FeatureFactory: loadFeature() : com.huawei.featurelayer.systemfeature.HwWidget.IHwSplineOverScrollerEx
06-28 18:35:22.603 31509 31509 D FeatureFactory: loadFeature() new IHwSplineOverScrollerEx()
06-28 18:35:22.604 31509 31509 D HwSplineOverScrollerExImpl: initSplineOverScrollerImpl paras: android.widget.OverScroller$SplineOverScroller@dc7f0d,com.android.packageinstaller.permission.ui.GrantPermissionsActivity@b484e90
06-28 18:35:22.604 31509 31509 D HwSplineOverScrollerExImpl: initSplineOverScrollerImpl: mScrollerVelocity is 0, value is 0
06-28 18:35:22.604 31509 31509 I FLTAG_FM: loadFeature class:com.huawei.featurelayer.systemfeature.HwWidget.IHwSplineOverScrollerEx
06-28 18:35:22.604 31509 31509 I FLTAG_SFM: getRequireClassLoader() succ ! className: com.huawei.featurelayer.systemfeature.HwWidget.IHwSplineOverScrollerEx
06-28 18:35:22.604 31509 31509 D FeatureFactory: loadFeature() : com.huawei.featurelayer.systemfeature.HwWidget.IHwSplineOverScrollerEx
06-28 18:35:22.604 31509 31509 D FeatureFactory: loadFeature() new IHwSplineOverScrollerEx()
06-28 18:35:22.604 31509 31509 D HwSplineOverScrollerExImpl: initSplineOverScrollerImpl paras: android.widget.OverScroller$SplineOverScroller@85eff09,com.android.packageinstaller.permission.ui.GrantPermissionsActivity@b484e90
06-28 18:35:22.604 31509 31509 D HwSplineOverScrollerExImpl: initSplineOverScrollerImpl: mScrollerVelocity is 0, value is 0
06-28 18:35:22.605 31509 31509 W RollbackRuleDetector: RollbackRuleDetector already stop
06-28 18:35:22.609  5028  5240 D UIAutomatorStub: URI: /jsonrpc/0, Method: POST, params, {NanoHttpd.QUERY_STRING=null}, files: {postData={"jsonrpc": "2.0", "id": "25df7cbb4a4a092c8f49214f24f33132", "method": "objInfo", "params": [{"mask": 2097152, "childOrSibling": [], "childOrSiblingSelector": [], "resourceId": "com.android.packageinstaller:id/permission_allow_button"}]}}
06-28 18:35:22.611  5028  5240 W QueryController: Could not detect idle state.
06-28 18:35:22.611  5028  5240 W AccessibilityInteractionClient: old interaction Id is: -1,current interaction Id is:37
06-28 18:35:22.621  1724  1724 W HwKeyguardDragHelper: AnimationBlocked 
06-28 18:35:22.621  1724  1724 I PhoneStatusBarView: setAlpha with value : 1.0
06-28 18:35:22.621  1724  1724 I PhoneStatusBarView: setAlpha with value : 1.0
06-28 18:35:22.623  5028  5240 W AccessibilityInteractionClient: old interaction Id is: -1,current interaction Id is:38
06-28 18:35:22.627  5028  5240 W AccessibilityInteractionClient: old interaction Id is: -1,current interaction Id is:39
06-28 18:35:22.630  5028  5240 W QueryController: Could not detect idle state.
06-28 18:35:22.630  5028  5240 W AccessibilityInteractionClient: old interaction Id is: -1,current interaction Id is:40
06-28 18:35:22.632  5028  5240 W QueryController: Could not detect idle state.
06-28 18:35:22.633  5028  5240 W AccessibilityInteractionClient: old interaction Id is: -1,current interaction Id is:41
06-28 18:35:22.633  5028  5240 W QueryController: Could not detect idle state.
06-28 18:35:22.634  5028  5240 W AccessibilityInteractionClient: old interaction Id is: -1,current interaction Id is:42
06-28 18:35:22.634  5028  5240 W QueryController: Could not detect idle state.
06-28 18:35:22.634  5028  5240 W AccessibilityInteractionClient: old interaction Id is: -1,current interaction Id is:43
06-28 18:35:22.635  5028  5240 W QueryController: Could not detect idle state.
06-28 18:35:22.635  5028  5240 W AccessibilityInteractionClient: old interaction Id is: -1,current interaction Id is:44
06-28 18:35:22.636  5028  5240 W QueryController: Could not detect idle state.
06-28 18:35:22.636  5028  5240 W AccessibilityInteractionClient: old interaction Id is: -1,current interaction Id is:45
06-28 18:35:22.637  5028  5240 W QueryController: Could not detect idle state.
06-28 18:35:22.638  5028  5240 W AccessibilityInteractionClient: old interaction Id is: -1,current interaction Id is:46
06-28 18:35:22.638  5028  5240 W QueryController: Could not detect idle state.
06-28 18:35:22.639  5028  5240 W AccessibilityInteractionClient: old interaction Id is: -1,current interaction Id is:47
06-28 18:35:22.639  5028  5240 W QueryController: Could not detect idle state.
06-28 18:35:22.639  5028  5240 W AccessibilityInteractionClient: old interaction Id is: -1,current interaction Id is:48
06-28 18:35:22.639  5028  5240 W QueryController: Could not detect idle state.
06-28 18:35:22.640  5028  5240 W AccessibilityInteractionClient: old interaction Id is: -1,current interaction Id is:49
06-28 18:35:22.640  5028  5240 W QueryController: Could not detect idle state.
06-28 18:35:22.640  5028  5240 W AccessibilityInteractionClient: old interaction Id is: -1,current interaction Id is:50
06-28 18:35:22.641  5028  5240 W QueryController: Could not detect idle state.
06-28 18:35:22.641  5028  5240 W AccessibilityInteractionClient: old interaction Id is: -1,current interaction Id is:51
06-28 18:35:22.641  5028  5240 W QueryController: Could not detect idle state.
06-28 18:35:22.642  5028  5240 W AccessibilityInteractionClient: old interaction Id is: -1,current interaction Id is:52
06-28 18:35:22.642  5028  5240 W QueryController: Could not detect idle state.
06-28 18:35:22.642  5028  5240 W AccessibilityInteractionClient: old interaction Id is: -1,current interaction Id is:53
06-28 18:35:22.642  5028  5240 W QueryController: Could not detect idle state.
06-28 18:35:22.643  5028  5240 W AccessibilityInteractionClient: old interaction Id is: -1,current interaction Id is:54
06-28 18:35:22.644  5028  5240 W QueryController: Could not detect idle state.
06-28 18:35:22.645  5028  5240 W AccessibilityInteractionClient: old interaction Id is: -1,current interaction Id is:55
06-28 18:35:22.645  5028  5240 W QueryController: Could not detect idle state.
06-28 18:35:22.645  5028  5240 W AccessibilityInteractionClient: old interaction Id is: -1,current interaction Id is:56
06-28 18:35:22.664  5028  5240 D UIAutomatorStub: URI: /jsonrpc/0, Method: POST, params, {NanoHttpd.QUERY_STRING=null}, files: {postData={"jsonrpc": "2.0", "id": "c6635d119354331da2eb7689c50c071a", "method": "click", "params": [798.5, 2087.0]}}
06-28 18:35:22.667  5028  5240 D InteractionController: clickNoSync (798, 2087)
06-28 18:35:22.735 31509 31509 D HwAppInnerBoostImpl: asyncReportData com.android.packageinstaller,2,1,2,0 interval=366
06-28 18:35:22.735   638  1895 E uniperf server: uniPerfEvent doParse failed, cmdId=4400
06-28 18:35:22.735   638  1895 D uniperf hal: do uniPerfEvent failed, cmdId=4400, ret=2
06-28 18:35:22.769 31509 31509 V AudioManager: playSoundEffect   effectType: 0
06-28 18:35:22.769 31509 31509 V AudioManager: querySoundEffectsEnabled...
06-28 18:35:22.770   520   529 D vold    : Remounting 10402 as mode read
06-28 18:35:22.776   520   529 D vold    : Found matching PID 5327
06-28 18:35:22.783  5028  5240 D UIAutomatorStub: URI: /jsonrpc/0, Method: POST, params, {NanoHttpd.QUERY_STRING=null}, files: {postData={"jsonrpc": "2.0", "id": "75e55d49c662ac404fb4bf20744787bf", "method": "waitForExists", "params": [{"mask": 2097152, "childOrSibling": [], "childOrSiblingSelector": [], "resourceId": "com.android.packageinstaller:id/permission_allow_button"}, 20000]}}
06-28 18:35:22.784  5028  5240 W QueryController: Could not detect idle state.
06-28 18:35:22.785  5028  5240 W AccessibilityInteractionClient: old interaction Id is: -1,current interaction Id is:57
06-28 18:35:22.791  1114  1217 I PackageManager: writePermissionsSync -> user:0, put true:, Build.FINGERPRINT:HUAWEI/EML-AL00/HWEML:9/HUAWEIEML-AL00/187C00R1:user/release-keys, fingerprint:HUAWEI/EML-AL00/HWEML:9/HUAWEIEML-AL00/187C00R1:user/release-keys
06-28 18:35:22.813   520   530 D vold    : Remounting 10402 as mode write
06-28 18:35:22.818   520   530 D vold    : Found matching PID 5327
06-28 18:35:22.842 31509 31509 D HwAppInnerBoostImpl: asyncReportData com.android.packageinstaller,2,2,1,3 interval=474
06-28 18:35:22.843   638  1895 E uniperf server: uniPerfEvent doParse failed, cmdId=4401
06-28 18:35:22.843   638  1895 D uniperf hal: do uniPerfEvent failed, cmdId=4401, ret=2
06-28 18:35:22.846  5028  5240 W AccessibilityInteractionClient: old interaction Id is: -1,current interaction Id is:58
06-28 18:35:22.865  1114  3628 I AlarmManager: remove alarm:Alarm{539e16 type 1 when 1561718204511 PendingIntent{8c93397: PendingIntentRecord{599ccc8 com.huawei.systemmanager broadcastIntent}}com.huawei.systemmanager} according to operation:92d2984
06-28 18:35:22.868  5028  5240 D UIAutomatorStub: URI: /jsonrpc/0, Method: POST, params, {NanoHttpd.QUERY_STRING=null}, files: {postData={"jsonrpc": "2.0", "id": "f0fc05f2728e9852b7f0b4c9320b053b", "method": "objInfo", "params": [{"mask": 2097152, "childOrSibling": [], "childOrSiblingSelector": [], "resourceId": "com.android.packageinstaller:id/permission_allow_button"}]}}
06-28 18:35:22.869  5028  5240 W QueryController: Could not detect idle state.
06-28 18:35:22.870  5028  5240 W AccessibilityInteractionClient: old interaction Id is: -1,current interaction Id is:59
06-28 18:35:22.872  5028  5240 W AccessibilityInteractionClient: old interaction Id is: -1,current interaction Id is:60
06-28 18:35:22.872  1114  8995 I AlarmManager: remove alarm:Alarm{b1559f0 type 1 when 1561718234516 PendingIntent{d43235b: PendingIntentRecord{2c226a com.huawei.systemmanager broadcastIntent}}com.huawei.systemmanager} according to operation:91e9b69
06-28 18:35:22.874  5028  5240 W QueryController: Could not detect idle state.
06-28 18:35:22.874  5028  5240 W AccessibilityInteractionClient: old interaction Id is: -1,current interaction Id is:61
06-28 18:35:22.876  5028  5240 W QueryController: Could not detect idle state.
06-28 18:35:22.876  5028  5240 W AccessibilityInteractionClient: old interaction Id is: -1,current interaction Id is:62
06-28 18:35:22.877  5028  5240 W QueryController: Could not detect idle state.
06-28 18:35:22.877  5028  5240 W AccessibilityInteractionClient: old interaction Id is: -1,current interaction Id is:63
06-28 18:35:22.877  5028  5240 W QueryController: Could not detect idle state.
06-28 18:35:22.877  5028  5240 W AccessibilityInteractionClient: old interaction Id is: -1,current interaction Id is:64
06-28 18:35:22.877  5028  5240 W QueryController: Could not detect idle state.
06-28 18:35:22.878  5028  5240 W AccessibilityInteractionClient: old interaction Id is: -1,current interaction Id is:65
06-28 18:35:22.878  5028  5240 W QueryController: Could not detect idle state.
06-28 18:35:22.878  5028  5240 W AccessibilityInteractionClient: old interaction Id is: -1,current interaction Id is:66
06-28 18:35:22.878  5028  5240 W QueryController: Could not detect idle state.
06-28 18:35:22.878  5028  5240 W AccessibilityInteractionClient: old interaction Id is: -1,current interaction Id is:67
06-28 18:35:22.878  5028  5240 W QueryController: Could not detect idle state.
06-28 18:35:22.879  5028  5240 W AccessibilityInteractionClient: old interaction Id is: -1,current interaction Id is:68
06-28 18:35:22.879  5028  5240 W QueryController: Could not detect idle state.
06-28 18:35:22.879  5028  5240 W AccessibilityInteractionClient: old interaction Id is: -1,current interaction Id is:69
06-28 18:35:22.879  5028  5240 W QueryController: Could not detect idle state.
06-28 18:35:22.879  5028  5240 W AccessibilityInteractionClient: old interaction Id is: -1,current interaction Id is:70
06-28 18:35:22.880  5028  5240 W QueryController: Could not detect idle state.
06-28 18:35:22.880  5028  5240 W AccessibilityInteractionClient: old interaction Id is: -1,current interaction Id is:71
06-28 18:35:22.880  5028  5240 W QueryController: Could not detect idle state.
06-28 18:35:22.880  5028  5240 W AccessibilityInteractionClient: old interaction Id is: -1,current interaction Id is:72
06-28 18:35:22.880  5028  5240 W QueryController: Could not detect idle state.
06-28 18:35:22.881  5028  5240 W AccessibilityInteractionClient: old interaction Id is: -1,current interaction Id is:73
06-28 18:35:22.881  5028  5240 W QueryController: Could not detect idle state.
06-28 18:35:22.881  5028  5240 W AccessibilityInteractionClient: old interaction Id is: -1,current interaction Id is:74
06-28 18:35:22.881  5028  5240 W QueryController: Could not detect idle state.
06-28 18:35:22.881  5028  5240 W AccessibilityInteractionClient: old interaction Id is: -1,current interaction Id is:75
06-28 18:35:22.883  5028  5240 W QueryController: Could not detect idle state.
06-28 18:35:22.884  5028  5240 W AccessibilityInteractionClient: old interaction Id is: -1,current interaction Id is:76
06-28 18:35:22.885  5028  5240 W QueryController: Could not detect idle state.
06-28 18:35:22.885  5028  5240 W AccessibilityInteractionClient: old interaction Id is: -1,current interaction Id is:77
06-28 18:35:22.905  5028  5240 D UIAutomatorStub: URI: /jsonrpc/0, Method: POST, params, {NanoHttpd.QUERY_STRING=null}, files: {postData={"jsonrpc": "2.0", "id": "29fc403144753e2b13679c896476bf7e", "method": "click", "params": [798.5, 2087.0]}}
06-28 18:35:22.908  5028  5240 D InteractionController: clickNoSync (798, 2087)
06-28 18:35:22.950 31509 31509 I FLTAG_FM: loadFeature class:com.huawei.featurelayer.systemfeature.HwWidget.IHwSplineOverScrollerEx
06-28 18:35:22.950 31509 31509 I FLTAG_SFM: getRequireClassLoader() succ ! className: com.huawei.featurelayer.systemfeature.HwWidget.IHwSplineOverScrollerEx
06-28 18:35:22.950 31509 31509 D FeatureFactory: loadFeature() : com.huawei.featurelayer.systemfeature.HwWidget.IHwSplineOverScrollerEx
06-28 18:35:22.950 31509 31509 D FeatureFactory: loadFeature() new IHwSplineOverScrollerEx()
06-28 18:35:22.950 31509 31509 D HwSplineOverScrollerExImpl: initSplineOverScrollerImpl paras: android.widget.OverScroller$SplineOverScroller@c17c8c3,com.android.packageinstaller.permission.ui.GrantPermissionsActivity@b484e90
06-28 18:35:22.951 31509 31509 D HwSplineOverScrollerExImpl: initSplineOverScrollerImpl: mScrollerVelocity is 0, value is 0
06-28 18:35:22.951 31509 31509 I FLTAG_FM: loadFeature class:com.huawei.featurelayer.systemfeature.HwWidget.IHwSplineOverScrollerEx
06-28 18:35:22.951 31509 31509 I FLTAG_SFM: getRequireClassLoader() succ ! className: com.huawei.featurelayer.systemfeature.HwWidget.IHwSplineOverScrollerEx
06-28 18:35:22.951 31509 31509 D FeatureFactory: loadFeature() : com.huawei.featurelayer.systemfeature.HwWidget.IHwSplineOverScrollerEx
06-28 18:35:22.951 31509 31509 D FeatureFactory: loadFeature() new IHwSplineOverScrollerEx()
06-28 18:35:22.951 31509 31509 D HwSplineOverScrollerExImpl: initSplineOverScrollerImpl paras: android.widget.OverScroller$SplineOverScroller@9c8bc79,com.android.packageinstaller.permission.ui.GrantPermissionsActivity@b484e90
06-28 18:35:22.951 31509 31509 D HwSplineOverScrollerExImpl: initSplineOverScrollerImpl: mScrollerVelocity is 0, value is 0
06-28 18:35:22.952 31509 31509 W RollbackRuleDetector: RollbackRuleDetector already stop
06-28 18:35:22.999 31509 31509 D HwAppInnerBoostImpl: asyncReportData com.android.packageinstaller,2,1,3,0 interval=631
06-28 18:35:23.000   638  1895 E uniperf server: uniPerfEvent doParse failed, cmdId=4400
06-28 18:35:23.000   638  1895 D uniperf hal: do uniPerfEvent failed, cmdId=4400, ret=2
06-28 18:35:23.010 31509 31509 V AudioManager: playSoundEffect   effectType: 0
06-28 18:35:23.010 31509 31509 V AudioManager: querySoundEffectsEnabled...
06-28 18:35:23.021  2017  2035 W HSM_BG  : PushFileProvider:file does not exist which uri is content://com.huawei.systemmanager.push.provider/HwSystemManager/hsm_virus_pkgs.xml
06-28 18:35:23.022 31253  5283 E HSM_SEC_UI: VirusPkgParser:parse InputStream is null
06-28 18:35:23.024  5028  5240 D UIAutomatorStub: URI: /jsonrpc/0, Method: POST, params, {NanoHttpd.QUERY_STRING=null}, files: {postData={"jsonrpc": "2.0", "id": "82e8f3da2016eca9da64d0ff383d1ad3", "method": "waitForExists", "params": [{"mask": 2097152, "childOrSibling": [], "childOrSiblingSelector": [], "resourceId": "com.android.packageinstaller:id/permission_allow_button"}, 20000]}}
06-28 18:35:23.026  5028  5240 W QueryController: Could not detect idle state.
06-28 18:35:23.026  5028  5240 W AccessibilityInteractionClient: old interaction Id is: -1,current interaction Id is:78
06-28 18:35:23.028  5028  5240 W AccessibilityInteractionClient: old interaction Id is: -1,current interaction Id is:79
06-28 18:35:23.045  5028  5240 D UIAutomatorStub: URI: /jsonrpc/0, Method: POST, params, {NanoHttpd.QUERY_STRING=null}, files: {postData={"jsonrpc": "2.0", "id": "5929b53e24d2ec98f5c512278034defc", "method": "objInfo", "params": [{"mask": 2097152, "childOrSibling": [], "childOrSiblingSelector": [], "resourceId": "com.android.packageinstaller:id/permission_allow_button"}]}}
06-28 18:35:23.047  5028  5240 W QueryController: Could not detect idle state.
06-28 18:35:23.047  5028  5240 W AccessibilityInteractionClient: old interaction Id is: -1,current interaction Id is:80
06-28 18:35:23.049  5028  5240 W AccessibilityInteractionClient: old interaction Id is: -1,current interaction Id is:81
06-28 18:35:23.052  5028  5240 W QueryController: Could not detect idle state.
06-28 18:35:23.052  5028  5240 W AccessibilityInteractionClient: old interaction Id is: -1,current interaction Id is:82
06-28 18:35:23.054  5028  5240 W QueryController: Could not detect idle state.
06-28 18:35:23.055  5028  5240 W AccessibilityInteractionClient: old interaction Id is: -1,current interaction Id is:83
06-28 18:35:23.055  5028  5240 W QueryController: Could not detect idle state.
06-28 18:35:23.055  5028  5240 W AccessibilityInteractionClient: old interaction Id is: -1,current interaction Id is:84
06-28 18:35:23.056  5028  5240 W QueryController: Could not detect idle state.
06-28 18:35:23.056  5028  5240 W AccessibilityInteractionClient: old interaction Id is: -1,current interaction Id is:85
06-28 18:35:23.056  5028  5240 W QueryController: Could not detect idle state.
06-28 18:35:23.056  5028  5240 W AccessibilityInteractionClient: old interaction Id is: -1,current interaction Id is:86
06-28 18:35:23.057  5028  5240 W QueryController: Could not detect idle state.
06-28 18:35:23.057  5028  5240 W AccessibilityInteractionClient: old interaction Id is: -1,current interaction Id is:87
06-28 18:35:23.057  5028  5240 W QueryController: Could not detect idle state.
06-28 18:35:23.058  5028  5240 W AccessibilityInteractionClient: old interaction Id is: -1,current interaction Id is:88
06-28 18:35:23.058  5028  5240 W QueryController: Could not detect idle state.
06-28 18:35:23.058  5028  5240 W AccessibilityInteractionClient: old interaction Id is: -1,current interaction Id is:89
06-28 18:35:23.058  5028  5240 W QueryController: Could not detect idle state.
06-28 18:35:23.059  5028  5240 W AccessibilityInteractionClient: old interaction Id is: -1,current interaction Id is:90
06-28 18:35:23.059  5028  5240 W QueryController: Could not detect idle state.
06-28 18:35:23.059  5028  5240 W AccessibilityInteractionClient: old interaction Id is: -1,current interaction Id is:91
06-28 18:35:23.059  5028  5240 W QueryController: Could not detect idle state.
06-28 18:35:23.060  5028  5240 W AccessibilityInteractionClient: old interaction Id is: -1,current interaction Id is:92
06-28 18:35:23.060  5028  5240 W QueryController: Could not detect idle state.
06-28 18:35:23.060  5028  5240 W AccessibilityInteractionClient: old interaction Id is: -1,current interaction Id is:93
06-28 18:35:23.060  5028  5240 W QueryController: Could not detect idle state.
06-28 18:35:23.061  5028  5240 W AccessibilityInteractionClient: old interaction Id is: -1,current interaction Id is:94
06-28 18:35:23.061  5028  5240 W QueryController: Could not detect idle state.
06-28 18:35:23.061  5028  5240 W AccessibilityInteractionClient: old interaction Id is: -1,current interaction Id is:95
06-28 18:35:23.061  5028  5240 W QueryController: Could not detect idle state.
06-28 18:35:23.061  5028  5240 W AccessibilityInteractionClient: old interaction Id is: -1,current interaction Id is:96
06-28 18:35:23.063  5028  5240 W QueryController: Could not detect idle state.
06-28 18:35:23.063  5028  5240 W AccessibilityInteractionClient: old interaction Id is: -1,current interaction Id is:97
06-28 18:35:23.064  5028  5240 W QueryController: Could not detect idle state.
06-28 18:35:23.064  5028  5240 W AccessibilityInteractionClient: old interaction Id is: -1,current interaction Id is:98
06-28 18:35:23.082  5028  5240 D UIAutomatorStub: URI: /jsonrpc/0, Method: POST, params, {NanoHttpd.QUERY_STRING=null}, files: {postData={"jsonrpc": "2.0", "id": "b74e49baeb951732c7592647736bfd16", "method": "click", "params": [798.5, 2087.0]}}
06-28 18:35:23.085  5028  5240 D InteractionController: clickNoSync (798, 2087)
06-28 18:35:23.132 31509 31509 I FLTAG_FM: loadFeature class:com.huawei.featurelayer.systemfeature.HwWidget.IHwSplineOverScrollerEx
06-28 18:35:23.132 31509 31509 I FLTAG_SFM: getRequireClassLoader() succ ! className: com.huawei.featurelayer.systemfeature.HwWidget.IHwSplineOverScrollerEx
06-28 18:35:23.132 31509 31509 D FeatureFactory: loadFeature() : com.huawei.featurelayer.systemfeature.HwWidget.IHwSplineOverScrollerEx
06-28 18:35:23.132 31509 31509 D FeatureFactory: loadFeature() new IHwSplineOverScrollerEx()
06-28 18:35:23.132 31509 31509 D HwSplineOverScrollerExImpl: initSplineOverScrollerImpl paras: android.widget.OverScroller$SplineOverScroller@6c68b3,com.android.packageinstaller.permission.ui.GrantPermissionsActivity@b484e90
06-28 18:35:23.132 31509 31509 D HwSplineOverScrollerExImpl: initSplineOverScrollerImpl: mScrollerVelocity is 0, value is 0
06-28 18:35:23.132 31509 31509 I FLTAG_FM: loadFeature class:com.huawei.featurelayer.systemfeature.HwWidget.IHwSplineOverScrollerEx
06-28 18:35:23.132 31509 31509 I FLTAG_SFM: getRequireClassLoader() succ ! className: com.huawei.featurelayer.systemfeature.HwWidget.IHwSplineOverScrollerEx
06-28 18:35:23.132 31509 31509 D FeatureFactory: loadFeature() : com.huawei.featurelayer.systemfeature.HwWidget.IHwSplineOverScrollerEx
06-28 18:35:23.132 31509 31509 D FeatureFactory: loadFeature() new IHwSplineOverScrollerEx()
06-28 18:35:23.132 31509 31509 D HwSplineOverScrollerExImpl: initSplineOverScrollerImpl paras: android.widget.OverScroller$SplineOverScroller@e94b5e9,com.android.packageinstaller.permission.ui.GrantPermissionsActivity@b484e90
06-28 18:35:23.132 31509 31509 D HwSplineOverScrollerExImpl: initSplineOverScrollerImpl: mScrollerVelocity is 0, value is 0
