06-28 18:35:20.741  1993  1993 E ndroid.launche: No package ID 9c found for ID 0x9c010401.
06-28 18:35:20.742  1993  1993 E ndroid.launche: No package ID 9c found for ID 0x9c010002.
06-28 18:35:20.742  1993  1993 E ndroid.launche: No package ID 9c found for ID 0x9c010102.
06-28 18:35:20.742  1993  1993 E ndroid.launche: No package ID 9c found for ID 0x9c010202.
06-28 18:35:20.742  1993  1993 E ndroid.launche: No package ID 9c found for ID 0x9c010302.
06-28 18:35:20.742  1993  1993 E ndroid.launche: No package ID 9c found for ID 0x9c010402.
06-28 18:35:20.742  1993  1993 E ndroid.launche: No package ID 9c found for ID 0x9c010003.
06-28 18:35:20.742  1993  1993 E ndroid.launche: No package ID 9c found for ID 0x9c010103.
06-28 18:35:20.742  1993  1993 E ndroid.launche: No package ID 9c found for ID 0x9c010203.
06-28 18:35:20.742  1993  1993 E ndroid.launche: No package ID 9c found for ID 0x9c010303.
06-28 18:35:20.742  1993  1993 E ndroid.launche: No package ID 9c found for ID 0x9c010403.
06-28 18:35:20.742  1993  1993 E ndroid.launche: No package ID 9c found for ID 0x9c010004.
06-28 18:35:20.743  1993  1993 E ndroid.launche: No package ID 9c found for ID 0x9c010104.
06-28 18:35:20.743  1993  1993 E ndroid.launche: No package ID 9c found for ID 0x9c010204.
06-28 18:35:20.743  1993  1993 E ndroid.launche: No package ID 9c found for ID 0x9c010304.
06-28 18:35:20.743  1993  1993 E ndroid.launche: No package ID 9c found for ID 0x9c010404.
06-28 18:35:20.743  1993  1993 E ndroid.launche: No package ID 9c found for ID 0x9c010005.
06-28 18:35:20.753 31128 31128 I Finsky  : [1] nxi.b(7): Jobs in database: 1-1337 12-1 26-1414141414 
06-28 18:35:20.753 31128 31128 I Finsky  : [1] nva.a(66): ConstraintMapping: 1-1337, 12-1,  -> L: 14528ms, D: 47716979ms, C: false, I: false, N: NET_ANY
06-28 18:35:20.754 31128 31128 I Finsky  : [1] nva.a(66): ConstraintMapping: 26-1414141414,  -> L: 10339248ms, D: 11239248ms, C: false, I: false, N: NET_NONE
06-28 18:35:20.755 31128 31128 I Finsky  : [1] com.google.android.finsky.scheduler.JobSchedulerEngine.a(42): Cancelling existing job with id: 9002
06-28 18:35:20.756 31128 31128 I Finsky  : [1] com.google.android.finsky.scheduler.JobSchedulerEngine.a(42): Cancelling existing job with id: 9001
06-28 18:35:20.757 31128 31128 I Finsky  : [1] com.google.android.finsky.scheduler.JobSchedulerEngine.a(14): Throttling wakeup for job 9000 (expected to run in 14528 ms) due to recent wakeup
06-28 18:35:20.758 31128 31128 I Finsky  : [1] com.google.android.finsky.scheduler.JobSchedulerEngine.a(4): Scheduling job Id: 9000, L: 30000, D: 47716979, C: false, I: false, N: 1
06-28 18:35:20.759  1114  1150 W HwAlarmManagerService: isContainsAppUidInWorksource-->happend NameNotFoundException
06-28 18:35:20.759  1114  1150 W HwAlarmManagerService: isContainsAppUidInWorksource-->happend NameNotFoundException
06-28 18:35:20.759  5028  5295 W AccessibilityInteractionClient: old interaction Id is: -1,current interaction Id is:3
06-28 18:35:20.761  5028  5295 W AccessibilityInteractionClient: old interaction Id is: -1,current interaction Id is:4
06-28 18:35:20.763  1114  1150 I HwAlarmManagerService: hwSetAlarm listenerTag: *job.delay*
06-28 18:35:20.763  1993  1993 E ndroid.launche: No package ID 9c found for ID 0x9c020000.
06-28 18:35:20.763  1114  1150 I JobScheduler.Time: mNextDelayExpiredElapsedMillis: 119350343
06-28 18:35:20.763  1993  1993 E ndroid.launche: No package ID 9c found for ID 0x9c020100.
06-28 18:35:20.764  1993  1993 E ndroid.launche: No package ID 9c found for ID 0x9c020200.
06-28 18:35:20.764  1993  1993 E ndroid.launche: No package ID 9c found for ID 0x9c020300.
06-28 18:35:20.764  1993  1993 E ndroid.launche: No package ID 9c found for ID 0x9c020400.
06-28 18:35:20.764  1993  1993 E ndroid.launche: No package ID 9c found for ID 0x9c020001.
06-28 18:35:20.764  1993  1993 E ndroid.launche: No package ID 9c found for ID 0x9c020101.
06-28 18:35:20.764 31128 31128 I Finsky  : [1] com.google.android.finsky.scheduler.JobSchedulerEngine.a(4): Scheduling job Id: 9003, L: 10339248, D: 11239248, C: false, I: false, N: 0
06-28 18:35:20.764  1993  1993 E ndroid.launche: No package ID 9c found for ID 0x9c020201.
06-28 18:35:20.765  1993  1993 E ndroid.launche: No package ID 9c found for ID 0x9c020301.
06-28 18:35:20.765  1993  1993 E ndroid.launche: No package ID 9c found for ID 0x9c020401.
06-28 18:35:20.765  1993  1993 E ndroid.launche: No package ID 9c found for ID 0x9c020002.
06-28 18:35:20.765  1993  1993 E ndroid.launche: No package ID 9c found for ID 0x9c020102.
06-28 18:35:20.765  1993  1993 E ndroid.launche: No package ID 9c found for ID 0x9c020202.
06-28 18:35:20.765  1993  1993 E ndroid.launche: No package ID 9c found for ID 0x9c020302.
06-28 18:35:20.765  1993  1993 E ndroid.launche: No package ID 9c found for ID 0x9c020402.
06-28 18:35:20.766  1993  1993 E ndroid.launche: No package ID 9c found for ID 0x9c020003.
06-28 18:35:20.766  1993  1993 E ndroid.launche: No package ID 9c found for ID 0x9c020103.
06-28 18:35:20.766  1993  1993 E ndroid.launche: No package ID 9c found for ID 0x9c020203.
06-28 18:35:20.767  1993  1993 E ndroid.launche: No package ID 9c found for ID 0x9c020303.
06-28 18:35:20.767  1993  1993 E ndroid.launche: No package ID 9c found for ID 0x9c020403.
06-28 18:35:20.767  1993  1993 E ndroid.launche: No package ID 9c found for ID 0x9c020004.
06-28 18:35:20.767  1993  1993 E ndroid.launche: No package ID 9c found for ID 0x9c020104.
06-28 18:35:20.767  1993  1993 E ndroid.launche: No package ID 9c found for ID 0x9c020204.
06-28 18:35:20.767  1993  1993 E ndroid.launche: No package ID 9c found for ID 0x9c020404.
06-28 18:35:20.767  1993  1993 E ndroid.launche: No package ID 9c found for ID 0x9c020405.
06-28 18:35:20.773  5028  5295 W AccessibilityInteractionClient: old interaction Id is: -1,current interaction Id is:5
06-28 18:35:20.774   780   805 I AwareLog: iawared: iaware client connected
06-28 18:35:20.775   780   805 D         : doAppRecognizeMsg len 25
06-28 18:35:20.775   780  5300 D         : processMsg_fn msg 601,fd 37,package name com.mixgo.PropertySEO
06-28 18:35:20.775   780  5300 D         : gmr: processGameMsg fd 37,com.mixgo.PropertySEO,24
06-28 18:35:20.776   780  5300 D         : gmr: getPackagePath Successfully path,com.mixgo.PropertySEO-BrOazhPgxgGogZjq4cc2SA==
06-28 18:35:20.776   780  5300 D         : gmr: isFileExistByPattern Successfully opened the dir !
06-28 18:35:20.776   780  5300 I chatty  : uid=0(root) /system/bin/hwpged identical 1 line
06-28 18:35:20.776   780  5300 D         : gmr: isFileExistByPattern Successfully opened the dir !
06-28 18:35:20.776  5028  5295 W AccessibilityInteractionClient: old interaction Id is: -1,current interaction Id is:6
06-28 18:35:20.777   780  5300 D         : gmr: isFileExists match
06-28 18:35:20.777   780  5300 D         : gmr: checkGameEngine 1,2
06-28 18:35:20.777   780  5300 D         : elf: getVersion reader, /data/app/com.mixgo.PropertySEO-BrOazhPgxgGogZjq4cc2SA==/lib/arm/libunity.so, Expected version: ...
06-28 18:35:20.777   780  5300 D         : elf: process_header class 32
06-28 18:35:20.777   780  5300 D         : elf: process_header type 3, machine 40
06-28 18:35:20.777   780  5300 D         : elf: get_elf32_by_type,offset 0x134, size:0x13
06-28 18:35:20.777   780  5300 D         : elf: get_elf32_by_type,offset 0x58824, size:0x143c
06-28 18:35:20.777   780  5300 D         : elf: get_elf32_by_type,offset 0x59c60, size:0xe93148
06-28 18:35:20.777   780  5300 D         : elf: get_elf32_by_type,offset 0xf399a0, size:0x168d18
06-28 18:35:20.777   780  5300 D         : elf: get_elf32_by_type,offset 0x10a26b8, size:0x12e48
06-28 18:35:20.777   780  5300 D         : elf: get_elf32_by_type,offset 0x10b6140, size:0x15c38
06-28 18:35:20.777   780  5300 D         : elf: get_elf32_by_type,offset 0x10cbd80, size:0x2a22c
06-28 18:35:20.777   780  5300 D         : elf: get_elf32_by_type,offset 0x10f6580, size:0x1e78
06-28 18:35:20.777   780  5300 D         : elf: get_elf32_by_type,offset 0x10f83f8, size:0x2428
06-28 18:35:20.777   780  5300 D         : elf: get_elf32_by_type,offset 0x10fa820, size:0x172
06-28 18:35:20.777   780  5300 D         : elf: get_elf32_by_type,offset 0x10faa28, size:0x14
06-28 18:35:20.777   780  5300 E         : elf: searchVersionString can't match sysmbol
06-28 18:35:20.777   780  5300 E         : elf: searchVersionString can't match sysmbol
06-28 18:35:20.777  1993  1993 E ndroid.launche: Invalid ID 0x9b000000.
06-28 18:35:20.777  1993  1993 E ndroid.launche: No package ID 9b found for ID 0x9b010100.
06-28 18:35:20.777  1993  1993 E ndroid.launche: No package ID 9b found for ID 0x9b020200.
06-28 18:35:20.778  1993  1993 E ndroid.launche: No package ID 9b found for ID 0x9b030300.
06-28 18:35:20.778  1993  1993 E ndroid.launche: No package ID 9b found for ID 0x9b040400.
06-28 18:35:20.781  5028  5295 W QueryController: Could not detect idle state.
06-28 18:35:20.782  5028  5295 W AccessibilityInteractionClient: old interaction Id is: -1,current interaction Id is:8
06-28 18:35:20.783  1993  1993 E ndroid.launche: Invalid ID 0x9c000000.
06-28 18:35:20.783  1993  1993 E ndroid.launche: Invalid ID 0x9c000003.
06-28 18:35:20.783  1993  1993 E ndroid.launche: Invalid ID 0x9c000004.
06-28 18:35:20.783  1993  1993 E ndroid.launche: Invalid ID 0x9c000104.
06-28 18:35:20.783  1993  1993 E ndroid.launche: Invalid ID 0x9c000204.
06-28 18:35:20.784  1993  1993 E ndroid.launche: Invalid ID 0x9c000304.
06-28 18:35:20.784  1993  1993 E ndroid.launche: Invalid ID 0x9c000404.
06-28 18:35:20.784  1993  1993 E ndroid.launche: Invalid ID 0x9c000005.
06-28 18:35:20.784  1993  1993 E ndroid.launche: Invalid ID 0x9c000105.
06-28 18:35:20.784  1993  1993 E ndroid.launche: Invalid ID 0x9c000205.
06-28 18:35:20.784  1993  1993 E ndroid.launche: Invalid ID 0x9c000305.
06-28 18:35:20.784  1993  1993 E ndroid.launche: Invalid ID 0x9c000405.
06-28 18:35:20.794  5028  5295 W QueryController: Could not detect idle state.
06-28 18:35:20.795  5028  5295 W AccessibilityInteractionClient: old interaction Id is: -1,current interaction Id is:9
06-28 18:35:20.797  1993  1993 E ndroid.launche: Invalid ID 0x9c000000.
06-28 18:35:20.797  1993  1993 E ndroid.launche: Invalid ID 0x9c000003.
06-28 18:35:20.797  1993  1993 E ndroid.launche: Invalid ID 0x9c000004.
06-28 18:35:20.797  1993  1993 E ndroid.launche: Invalid ID 0x9c000104.
06-28 18:35:20.797  1993  1993 E ndroid.launche: Invalid ID 0x9c000204.
06-28 18:35:20.797  1993  1993 E ndroid.launche: Invalid ID 0x9c000304.
06-28 18:35:20.797  1993  1993 E ndroid.launche: Invalid ID 0x9c000404.
06-28 18:35:20.798  1993  1993 E ndroid.launche: Invalid ID 0x9c000005.
06-28 18:35:20.798  1993  1993 E ndroid.launche: Invalid ID 0x9c000105.
06-28 18:35:20.798  1993  1993 E ndroid.launche: Invalid ID 0x9c000205.
06-28 18:35:20.798  1993  1993 E ndroid.launche: Invalid ID 0x9c000305.
06-28 18:35:20.798  1993  1993 E ndroid.launche: Invalid ID 0x9c000405.
06-28 18:35:20.810  5028  5297 W QueryController: Could not detect idle state.
06-28 18:35:20.813  5028  5297 W AccessibilityInteractionClient: old interaction Id is: -1,current interaction Id is:0
06-28 18:35:20.814  1993  1993 E ndroid.launche: Invalid ID 0x9c000000.
06-28 18:35:20.814  1993  1993 E ndroid.launche: Invalid ID 0x9c000003.
06-28 18:35:20.814  1993  1993 E ndroid.launche: Invalid ID 0x9c000004.
06-28 18:35:20.815  1993  1993 E ndroid.launche: Invalid ID 0x9c000104.
06-28 18:35:20.815  1993  1993 E ndroid.launche: Invalid ID 0x9c000204.
06-28 18:35:20.815  1993  1993 E ndroid.launche: Invalid ID 0x9c000304.
06-28 18:35:20.815  1993  1993 E ndroid.launche: Invalid ID 0x9c000404.
06-28 18:35:20.815  1993  1993 E ndroid.launche: Invalid ID 0x9c000005.
06-28 18:35:20.815  1993  1993 E ndroid.launche: Invalid ID 0x9c000105.
06-28 18:35:20.815  1993  1993 E ndroid.launche: Invalid ID 0x9c000205.
06-28 18:35:20.815  1993  1993 E ndroid.launche: Invalid ID 0x9c000305.
06-28 18:35:20.815  1993  1993 E ndroid.launche: Invalid ID 0x9c000405.
06-28 18:35:20.854  5028  5297 W AccessibilityInteractionClient: old interaction Id is: -1,current interaction Id is:1
06-28 18:35:20.857  5028  5297 W AccessibilityInteractionClient: old interaction Id is: -1,current interaction Id is:2
06-28 18:35:20.858  1993  1993 E ndroid.launche: No package ID 9c found for ID 0x9c010000.
06-28 18:35:20.858  1993  1993 E ndroid.launche: No package ID 9c found for ID 0x9c010100.
06-28 18:35:20.858  1993  1993 E ndroid.launche: No package ID 9c found for ID 0x9c010200.
06-28 18:35:20.858  1993  1993 E ndroid.launche: No package ID 9c found for ID 0x9c010300.
06-28 18:35:20.858  1993  1993 E ndroid.launche: No package ID 9c found for ID 0x9c010400.
06-28 18:35:20.858  1993  1993 E ndroid.launche: No package ID 9c found for ID 0x9c010001.
06-28 18:35:20.858  1993  1993 E ndroid.launche: No package ID 9c found for ID 0x9c010101.
06-28 18:35:20.858  1993  1993 E ndroid.launche: No package ID 9c found for ID 0x9c010201.
06-28 18:35:20.858  1993  1993 E ndroid.launche: No package ID 9c found for ID 0x9c010301.
06-28 18:35:20.859  1993  1993 E ndroid.launche: No package ID 9c found for ID 0x9c010401.
06-28 18:35:20.859  1993  1993 E ndroid.launche: No package ID 9c found for ID 0x9c010002.
06-28 18:35:20.859  1993  1993 E ndroid.launche: No package ID 9c found for ID 0x9c010102.
06-28 18:35:20.859  1993  1993 E ndroid.launche: No package ID 9c found for ID 0x9c010202.
06-28 18:35:20.859  1993  1993 E ndroid.launche: No package ID 9c found for ID 0x9c010302.
06-28 18:35:20.859  1993  1993 E ndroid.launche: No package ID 9c found for ID 0x9c010402.
06-28 18:35:20.859  1993  1993 E ndroid.launche: No package ID 9c found for ID 0x9c010003.
06-28 18:35:20.859  1993  1993 E ndroid.launche: No package ID 9c found for ID 0x9c010103.
06-28 18:35:20.859  1993  1993 E ndroid.launche: No package ID 9c found for ID 0x9c010203.
06-28 18:35:20.859  1993  1993 E ndroid.launche: No package ID 9c found for ID 0x9c010303.
06-28 18:35:20.859  1993  1993 E ndroid.launche: No package ID 9c found for ID 0x9c010403.
06-28 18:35:20.860  1993  1993 E ndroid.launche: No package ID 9c found for ID 0x9c010004.
06-28 18:35:20.860  1993  1993 E ndroid.launche: No package ID 9c found for ID 0x9c010104.
06-28 18:35:20.860  1993  1993 E ndroid.launche: No package ID 9c found for ID 0x9c010204.
06-28 18:35:20.860  1993  1993 E ndroid.launche: No package ID 9c found for ID 0x9c010304.
06-28 18:35:20.860  1993  1993 E ndroid.launche: No package ID 9c found for ID 0x9c010404.
06-28 18:35:20.860  1993  1993 E ndroid.launche: No package ID 9c found for ID 0x9c010005.
06-28 18:35:20.864  5028  5240 D UIAutomatorStub: URI: /jsonrpc/0, Method: POST, params, {NanoHttpd.QUERY_STRING=null}, files: {postData={"jsonrpc": "2.0", "id": "82f8f1b2f2bd9fa6ee9d2f38d8f8dc3c", "method": "removeWatcher", "params": ["\u5141\u8bb8"]}}
06-28 18:35:20.868  5028  5297 W AccessibilityInteractionClient: old interaction Id is: -1,current interaction Id is:3
06-28 18:35:20.870  5028  5297 W QueryController: Could not detect idle state.
06-28 18:35:20.870  5028  5297 W AccessibilityInteractionClient: old interaction Id is: -1,current interaction Id is:4
06-28 18:35:20.871  1993  1993 E ndroid.launche: Invalid ID 0x9c000000.
06-28 18:35:20.872  1993  1993 E ndroid.launche: Invalid ID 0x9c000003.
06-28 18:35:20.872  1993  1993 E ndroid.launche: Invalid ID 0x9c000004.
06-28 18:35:20.872  1993  1993 E ndroid.launche: Invalid ID 0x9c000104.
06-28 18:35:20.872  1993  1993 E ndroid.launche: Invalid ID 0x9c000204.
06-28 18:35:20.872  1993  1993 E ndroid.launche: Invalid ID 0x9c000304.
06-28 18:35:20.872  1993  1993 E ndroid.launche: Invalid ID 0x9c000404.
06-28 18:35:20.872  1993  1993 E ndroid.launche: Invalid ID 0x9c000005.
06-28 18:35:20.872  1993  1993 E ndroid.launche: Invalid ID 0x9c000105.
06-28 18:35:20.872  1993  1993 E ndroid.launche: Invalid ID 0x9c000205.
06-28 18:35:20.872  1993  1993 E ndroid.launche: Invalid ID 0x9c000305.
06-28 18:35:20.872  1993  1993 E ndroid.launche: Invalid ID 0x9c000405.
06-28 18:35:20.884  5028  5298 W QueryController: Could not detect idle state.
06-28 18:35:20.886  5028  5298 W AccessibilityInteractionClient: old interaction Id is: -1,current interaction Id is:0
06-28 18:35:20.888  1993  1993 E ndroid.launche: Invalid ID 0x9c000000.
06-28 18:35:20.888  1993  1993 E ndroid.launche: Invalid ID 0x9c000003.
06-28 18:35:20.888  1993  1993 E ndroid.launche: Invalid ID 0x9c000004.
06-28 18:35:20.888  1993  1993 E ndroid.launche: Invalid ID 0x9c000104.
06-28 18:35:20.888  1993  1993 E ndroid.launche: Invalid ID 0x9c000204.
06-28 18:35:20.889  1993  1993 E ndroid.launche: Invalid ID 0x9c000304.
06-28 18:35:20.889  1993  1993 E ndroid.launche: Invalid ID 0x9c000404.
06-28 18:35:20.889  1993  1993 E ndroid.launche: Invalid ID 0x9c000005.
06-28 18:35:20.889  1993  1993 E ndroid.launche: Invalid ID 0x9c000105.
06-28 18:35:20.889  1993  1993 E ndroid.launche: Invalid ID 0x9c000205.
06-28 18:35:20.889  1993  1993 E ndroid.launche: Invalid ID 0x9c000305.
06-28 18:35:20.889  1993  1993 E ndroid.launche: Invalid ID 0x9c000405.
06-28 18:35:20.914  5028  5298 W QueryController: Could not detect idle state.
06-28 18:35:20.915  5028  5298 W AccessibilityInteractionClient: old interaction Id is: -1,current interaction Id is:1
06-28 18:35:20.917  1993  1993 E ndroid.launche: Invalid ID 0x9c000000.
06-28 18:35:20.917  1993  1993 E ndroid.launche: Invalid ID 0x9c000003.
06-28 18:35:20.917  1993  1993 E ndroid.launche: Invalid ID 0x9c000004.
06-28 18:35:20.917  1993  1993 E ndroid.launche: Invalid ID 0x9c000104.
06-28 18:35:20.917  1993  1993 E ndroid.launche: Invalid ID 0x9c000204.
06-28 18:35:20.917  1993  1993 E ndroid.launche: Invalid ID 0x9c000304.
06-28 18:35:20.917  1993  1993 E ndroid.launche: Invalid ID 0x9c000404.
06-28 18:35:20.917  1993  1993 E ndroid.launche: Invalid ID 0x9c000005.
06-28 18:35:20.917  1993  1993 E ndroid.launche: Invalid ID 0x9c000105.
06-28 18:35:20.918  1993  1993 E ndroid.launche: Invalid ID 0x9c000205.
06-28 18:35:20.918  1993  1993 E ndroid.launche: Invalid ID 0x9c000305.
06-28 18:35:20.918  1993  1993 E ndroid.launche: Invalid ID 0x9c000405.
06-28 18:35:20.929  5028  5299 W QueryController: Could not detect idle state.
06-28 18:35:20.931  5028  5299 W AccessibilityInteractionClient: old interaction Id is: -1,current interaction Id is:0
06-28 18:35:20.932  1993  1993 E ndroid.launche: Invalid ID 0x9c000000.
06-28 18:35:20.933  1993  1993 E ndroid.launche: Invalid ID 0x9c000003.
06-28 18:35:20.933  1993  1993 E ndroid.launche: Invalid ID 0x9c000004.
06-28 18:35:20.933  1993  1993 E ndroid.launche: Invalid ID 0x9c000104.
06-28 18:35:20.933  1993  1993 E ndroid.launche: Invalid ID 0x9c000204.
06-28 18:35:20.933  1993  1993 E ndroid.launche: Invalid ID 0x9c000304.
06-28 18:35:20.933  1993  1993 E ndroid.launche: Invalid ID 0x9c000404.
06-28 18:35:20.933  1993  1993 E ndroid.launche: Invalid ID 0x9c000005.
06-28 18:35:20.933  1993  1993 E ndroid.launche: Invalid ID 0x9c000105.
06-28 18:35:20.933  2017  5285 D HsmJoinRequest: doPostRequest finally closeOutputStream!
06-28 18:35:20.933  1993  1993 E ndroid.launche: Invalid ID 0x9c000205.
06-28 18:35:20.934  1993  1993 E ndroid.launche: Invalid ID 0x9c000305.
06-28 18:35:20.934  1993  1993 E ndroid.launche: Invalid ID 0x9c000405.
06-28 18:35:20.938   780  5300 E         : elf: searchVersionString can't match sysmbol
06-28 18:35:20.943   780  5300 D         : Found pattern at index 868 n
06-28 18:35:20.943   780  5300 D         : elf: searchVersionString match sysmbol
06-28 18:35:20.943   780  5300 D         : elf: searchVersionString 2017.4.15
06-28 18:35:20.943   780  5300 D         : gmr: found match characteristic /data/app/com.mixgo.PropertySEO-BrOazhPgxgGogZjq4cc2SA==/lib/arm/libunity.so:2017.4.15
06-28 18:35:20.943   780  5300 W         : gmr: sendResult :2017
06-28 18:35:20.943   780  5300 W         : gmr: sendResult :4
06-28 18:35:20.943   780  5300 W         : gmr: sendResult :15
06-28 18:35:20.944   780   805 I AwareLog: iawared: Closing iaware client data connection dfd=37
06-28 18:35:20.950  5028  5299 W QueryController: Could not detect idle state.
06-28 18:35:20.952  5028  5299 W AccessibilityInteractionClient: old interaction Id is: -1,current interaction Id is:1
06-28 18:35:20.953  1993  1993 E ndroid.launche: Invalid ID 0x9c000000.
06-28 18:35:20.953  1993  1993 E ndroid.launche: Invalid ID 0x9c000003.
06-28 18:35:20.953  1993  1993 E ndroid.launche: Invalid ID 0x9c000004.
06-28 18:35:20.953  1993  1993 E ndroid.launche: Invalid ID 0x9c000104.
06-28 18:35:20.953  1993  1993 E ndroid.launche: Invalid ID 0x9c000204.
06-28 18:35:20.953  1993  1993 E ndroid.launche: Invalid ID 0x9c000304.
06-28 18:35:20.953  1993  1993 E ndroid.launche: Invalid ID 0x9c000404.
06-28 18:35:20.954  1993  1993 E ndroid.launche: Invalid ID 0x9c000005.
06-28 18:35:20.954  1993  1993 E ndroid.launche: Invalid ID 0x9c000105.
06-28 18:35:20.954  1993  1993 E ndroid.launche: Invalid ID 0x9c000205.
06-28 18:35:20.954  1993  1993 E ndroid.launche: Invalid ID 0x9c000305.
06-28 18:35:20.954  1993  1993 E ndroid.launche: Invalid ID 0x9c000405.
06-28 18:35:20.961  5028  5301 W QueryController: Could not detect idle state.
06-28 18:35:20.964  5028  5301 W AccessibilityInteractionClient: old interaction Id is: -1,current interaction Id is:0
06-28 18:35:20.965  1993  1993 E ndroid.launche: Invalid ID 0x9c000000.
06-28 18:35:20.965  1993  1993 E ndroid.launche: Invalid ID 0x9c000003.
06-28 18:35:20.965  1993  1993 E ndroid.launche: Invalid ID 0x9c000004.
06-28 18:35:20.965  1993  1993 E ndroid.launche: Invalid ID 0x9c000104.
06-28 18:35:20.965  1993  1993 E ndroid.launche: Invalid ID 0x9c000204.
06-28 18:35:20.965  1993  1993 E ndroid.launche: Invalid ID 0x9c000304.
06-28 18:35:20.965  1993  1993 E ndroid.launche: Invalid ID 0x9c000404.
06-28 18:35:20.965  1993  1993 E ndroid.launche: Invalid ID 0x9c000005.
06-28 18:35:20.965  1993  1993 E ndroid.launche: Invalid ID 0x9c000105.
06-28 18:35:20.965  1993  1993 E ndroid.launche: Invalid ID 0x9c000205.
06-28 18:35:20.965  1993  1993 E ndroid.launche: Invalid ID 0x9c000305.
06-28 18:35:20.966  1993  1993 E ndroid.launche: Invalid ID 0x9c000405.
06-28 18:35:20.976  2017  5285 D HsmJoinRequest: Release wakeLock now
06-28 18:35:20.976  2017  5285 D AbsServerRequest: response :{"resultcode":"20000","pollingCycle":"3"}
06-28 18:35:20.976  2017  5285 V ServerRequestHelper: checkServerResponseCode: NO_NEED_UPDATE
06-28 18:35:20.976  2017  5285 D AbsServerRequest: HsmRainbowConst.BREAK_ON_SUCCESS
06-28 18:35:20.976  2017  5285 D AbsServerRequest: processResponse result:true
06-28 18:35:20.976  2017  5285 D AbsServerRequest: doRequest
06-28 18:35:20.976  2017  5285 D AbsServerRequest: doRequest:0
06-28 18:35:20.976  2017  5285 D AbsServerRequest: RequestUrl: https://cloudsafe.hicloud.com/servicesupport/cloudsafe/getRecApkRight.do
06-28 18:35:20.976  2017  5285 I AbsServerRequest: RequestType: REQUEST_POST:REQUEST_POST
06-28 18:35:20.976  2017  5285 D HsmJoinRequest: https request.
06-28 18:35:20.977  2017  5285 D HsmJoinRequest: doPostRequest openConnection already!
06-28 18:35:20.977  2017  5285 D HsmJoinRequest: setRequestProperty jsonObject already!
06-28 18:35:20.978  2017  5285 D HsmJoinRequest: Get wakeLock now
06-28 18:35:20.979  5028  5301 W QueryController: Could not detect idle state.
06-28 18:35:20.980  5028  5301 W AccessibilityInteractionClient: old interaction Id is: -1,current interaction Id is:1
06-28 18:35:20.982  1993  1993 E ndroid.launche: Invalid ID 0x9c000000.
06-28 18:35:20.982  1993  1993 E ndroid.launche: Invalid ID 0x9c000003.
06-28 18:35:20.982  1993  1993 E ndroid.launche: Invalid ID 0x9c000004.
06-28 18:35:20.982  1993  1993 E ndroid.launche: Invalid ID 0x9c000104.
06-28 18:35:20.982  1993  1993 E ndroid.launche: Invalid ID 0x9c000204.
06-28 18:35:20.982  1993  1993 E ndroid.launche: Invalid ID 0x9c000304.
06-28 18:35:20.982  1993  1993 E ndroid.launche: Invalid ID 0x9c000404.
06-28 18:35:20.983  1993  1993 E ndroid.launche: Invalid ID 0x9c000005.
06-28 18:35:20.983  1993  1993 E ndroid.launche: Invalid ID 0x9c000105.
06-28 18:35:20.983  1993  1993 E ndroid.launche: Invalid ID 0x9c000205.
06-28 18:35:20.983  1993  1993 E ndroid.launche: Invalid ID 0x9c000305.
06-28 18:35:20.983  1993  1993 E ndroid.launche: Invalid ID 0x9c000405.
06-28 18:35:21.019 31253  5286 W PackageParser: Ignoring duplicate uses-permissions/uses-permissions-sdk-m: android.permission.ACCESS_FINE_LOCATION in package: com.mixgo.PropertySEO at: Binary XML file line #42
06-28 18:35:21.019 31253  5286 W PackageParser: Ignoring duplicate uses-permissions/uses-permissions-sdk-m: android.permission.RECEIVE_USER_PRESENT in package: com.mixgo.PropertySEO at: Binary XML file line #45
06-28 18:35:21.019 31253  5286 W PackageParser: Ignoring duplicate uses-permissions/uses-permissions-sdk-m: android.permission.INTERNET in package: com.mixgo.PropertySEO at: Binary XML file line #46
06-28 18:35:21.019 31253  5286 W PackageParser: Ignoring duplicate uses-permissions/uses-permissions-sdk-m: android.permission.WAKE_LOCK in package: com.mixgo.PropertySEO at: Binary XML file line #47
06-28 18:35:21.019 31253  5286 W PackageParser: Ignoring duplicate uses-permissions/uses-permissions-sdk-m: android.permission.READ_PHONE_STATE in package: com.mixgo.PropertySEO at: Binary XML file line #48
06-28 18:35:21.019 31253  5286 W PackageParser: Ignoring duplicate uses-permissions/uses-permissions-sdk-m: android.permission.WRITE_EXTERNAL_STORAGE in package: com.mixgo.PropertySEO at: Binary XML file line #49
06-28 18:35:21.019 31253  5286 W PackageParser: Ignoring duplicate uses-permissions/uses-permissions-sdk-m: android.permission.READ_EXTERNAL_STORAGE in package: com.mixgo.PropertySEO at: Binary XML file line #50
06-28 18:35:21.019 31253  5286 W PackageParser: Ignoring duplicate uses-permissions/uses-permissions-sdk-m: android.permission.WRITE_SETTINGS in package: com.mixgo.PropertySEO at: Binary XML file line #51
06-28 18:35:21.019 31253  5286 W PackageParser: Ignoring duplicate uses-permissions/uses-permissions-sdk-m: android.permission.VIBRATE in package: com.mixgo.PropertySEO at: Binary XML file line #52
06-28 18:35:21.019 31253  5286 W PackageParser: Ignoring duplicate uses-permissions/uses-permissions-sdk-m: android.permission.MOUNT_UNMOUNT_FILESYSTEMS in package: com.mixgo.PropertySEO at: Binary XML file line #53
06-28 18:35:21.019 31253  5286 W PackageParser: Ignoring duplicate uses-permissions/uses-permissions-sdk-m: android.permission.ACCESS_NETWORK_STATE in package: com.mixgo.PropertySEO at: Binary XML file line #54
06-28 18:35:21.019 31253  5286 W PackageParser: Ignoring duplicate uses-permissions/uses-permissions-sdk-m: android.permission.SYSTEM_ALERT_WINDOW in package: com.mixgo.PropertySEO at: Binary XML file line #55
06-28 18:35:21.020 31253  5286 W PackageParser: No actions in intent filter at /data/app/com.mixgo.PropertySEO-BrOazhPgxgGogZjq4cc2SA==/base.apk Binary XML file line #173
06-28 18:35:21.031  5028  5240 D UIAutomatorStub: URI: /jsonrpc/0, Method: POST, params, {NanoHttpd.QUERY_STRING=null}, files: {postData={"jsonrpc": "2.0", "id": "61e9b31089ce552b96287c170edda440", "method": "removeWatcher", "params": ["\u91cd\u65b0\u5b89\u88c5"]}}
06-28 18:35:21.064  5028  5240 D UIAutomatorStub: URI: /jsonrpc/0, Method: POST, params, {NanoHttpd.QUERY_STRING=null}, files: {postData={"jsonrpc": "2.0", "id": "b91a7f2589b8e911c18eae33f179cb61", "method": "getWatchers", "params": {}}}
06-28 18:35:21.096  5028  5240 D UIAutomatorStub: URI: /jsonrpc/0, Method: POST, params, {NanoHttpd.QUERY_STRING=null}, files: {postData={"jsonrpc": "2.0", "id": "a23e8d0fe424f6bd07de15a5bd213053", "method": "runWatchersOnWindowsChange", "params": [false]}}
06-28 18:35:21.105  2017  5285 D HsmJoinRequest: doPostRequest finally closeOutputStream!
06-28 18:35:21.154  2017  5285 D HsmJoinRequest: Release wakeLock now
06-28 18:35:21.154  2017  5285 D AbsServerRequest: response :{"resultcode":"20000"}
06-28 18:35:21.154  2017  5285 V ServerRequestHelper: checkServerResponseCode: NO_NEED_UPDATE
06-28 18:35:21.154  2017  5285 D AbsServerRequest: HsmRainbowConst.BREAK_ON_SUCCESS
06-28 18:35:21.154  2017  5285 D AbsServerRequest: processResponse result:true
06-28 18:35:21.506  1114  8995 I ActivityManager: Force stopping com.mixgo.PropertySEO appid=10402 user=0: from pid 5319by app
06-28 18:35:21.516  1114  1114 V AlarmManager: UninstallReceiver onReceive action:android.intent.action.PACKAGE_RESTARTED
06-28 18:35:21.516  1114  1114 I AlarmManager: remove com.android.server.-$$Lambda$AlarmManagerService$qehVSjTLWvtJYPGgKh2mkJ6ePnk@acd2321 according to uid:10402
06-28 18:35:21.517  1114  1114 V NotificationListeners: enabling notification listener for 0: ComponentInfo{com.baidu.searchbox/com.baidu.searchbox.lockscreen.notification.NotificationMonitorService}
06-28 18:35:21.520  1869  1869 I HwCoreAppHelperService: LocalReceiver receives:android.intent.action.PACKAGE_RESTARTED,pkg:com.mixgo.PropertySEO,uid:10402
06-28 18:35:21.522  3045  3045 E NfcNci  : NfcUtils error: APP do not have nfc permission
06-28 18:35:21.522  3045  3045 E NfcNci  : NfcUtils error: APP do not have nfc permission
06-28 18:35:21.524  1114  1114 V NotificationListeners: binding: Intent { act=android.service.notification.NotificationListenerService cmp=com.baidu.searchbox/.lockscreen.notification.NotificationMonitorService (has extras) }
06-28 18:35:21.526  1969  1969 D CarrierSvcBindHelper: No carrier app for: 0
06-28 18:35:21.527  1114  1114 W NotificationListeners: Unable to bind notification listener service: Intent { act=android.service.notification.NotificationListenerService cmp=com.baidu.searchbox/.lockscreen.notification.NotificationMonitorService (has extras) }
06-28 18:35:21.527  1114  1114 W NotificationListeners: Not binding notification listener service ComponentInfo{android/com.android.server.emcom.grabservice.NotificationListener}: service not found
06-28 18:35:21.527  1114  1114 W NotificationAssistants: rebindServices() ignore for NotificationAssistantService
06-28 18:35:21.528  1969  1969 D CarrierSvcBindHelper: No carrier app for: 1
06-28 18:35:21.586 31253 31343 I chatty  : uid=1000(system) PermissionAppsC expire 46 lines
06-28 18:35:21.764   780   780 W iaware  : type=1400 audit(0.0:36608): avc: denied { dac_override } for capability=1 scontext=u:r:hwpged:s0 tcontext=u:r:hwpged:s0 tclass=capability permissive=0
06-28 18:35:21.764   780   780 W iaware  : type=1400 audit(0.0:36609): avc: denied { dac_read_search } for capability=2 scontext=u:r:hwpged:s0 tcontext=u:r:hwpged:s0 tclass=capability permissive=0
06-28 18:35:21.768   780   805 D AwareLog: iawared: workingset_process_command subCmd = 354, uid=10402, pid=0, com.mixgo.PropertySEO
06-28 18:35:21.768   780   805 D AwareLog: iawared: workingset_send_preread_msg com.mixgo.PropertySEO
06-28 18:35:21.768   780   805 D AwareLog: iawared: workingsetStart com.mixgo.PropertySEO in monitor0
06-28 18:35:21.772  1114  8995 I ActivityManager: START u0 {flg=0x10000000 cmp=com.mixgo.PropertySEO/cn.jiguang.unity.push.UnityPluginActivity} from uid 2000
06-28 18:35:21.775  1114  8995 I ActivityManager: ActivityRecord info: ActivityInfo{6035907 cn.jiguang.unity.push.UnityPluginActivity}
06-28 18:35:21.780  1952  2239 I chatty  : uid=1000(system) fast_hibernatio expire 6 lines
06-28 18:35:21.781   780  9105 I Pged-IPgedBinderService: ****action is 1, pid num is 2***
06-28 18:35:21.781   780  9105 I Pged-Freezer: freezePids
06-28 18:35:21.781   780  9105 I Pged-Freezer: Freeze process: 30304
06-28 18:35:21.793   650   650 I chatty  : uid=1000(system) /system/bin/surfaceflinger expire 1769 lines
06-28 18:35:21.796  1114  8995 V WindowManager: addAppToken: AppWindowToken{df27ea3 token=Token{52e3dd2 ActivityRecord{337d05d u0 com.mixgo.PropertySEO/cn.jiguang.unity.push.UnityPluginActivity t219}}} controller={TaskWindowContainerController taskId=219} at 2147483647
06-28 18:35:21.799  1114  1219 W HwActivityManagerServiceEx: HwActivityNotifier end call android.app.IHwActivityNotifier$Stub$Proxy@88cf16b for activityLifeState under user 0 cost 0
06-28 18:35:21.799   650   933 I chatty  : uid=1000(system) unnamed expire 13 lines
06-28 18:35:21.801 25009 25020 I HiSearch9.0.2.303: [LauncherOverlayService]: LAUNCHER_INTERACTION from launcher and invoke id = -222
06-28 18:35:21.801 25009 25020 I HiSearch9.0.2.303: [LauncherOverlayService]: isOverlayClosed = true
06-28 18:35:21.801 25009 25020 I HiSearch9.0.2.303: [LauncherOverlayService]: LAUNCHER_INTERACTION from launcher and invoke, overlay closed, return. 
06-28 18:35:21.801  1993  1993 D ZrHung.AppEyeUiProbe: stop checker.
06-28 18:35:21.801  1993  5324 D MotionDetectionManager: stopMotionAppsReco motionApps: 403
06-28 18:35:21.801  1993  5324 D MotionDetectionManager: stopMotionAppsReco not recognition motionApps 403
06-28 18:35:21.801  1993  5324 W HwLauncher: Launcher.MotionManager stopMotionAppsReco service flg 403 is unavailable
06-28 18:35:21.803   796   897 E JankService: specialActionEntryHandler: should reset and not report
06-28 18:35:21.803  1114  2564 V ActivityManager: startProcess: name=com.mixgo.PropertySEO app=null knownToBeDead=true thread=null pid=-1
06-28 18:35:21.804   796   897 E JankService: specialActionEntryHandler: should reset and not report
06-28 18:35:21.805  1114  1456 I chatty  : uid=1000(system) android.anim expire 15 lines
06-28 18:35:21.805  1114  2564 V ActivityManager: startProcess: name=com.mixgo.PropertySEO app=ProcessRecord{5a61559 0:com.mixgo.PropertySEO/u0a402} knownToBeDead=true thread=null pid=0
06-28 18:35:21.805   780   805 D AwareLog: iawared: workingset_process_command subCmd = 354, uid=10402, pid=0, com.mixgo.PropertySEO
06-28 18:35:21.805   780   805 D AwareLog: iawared: workingsetStart com.mixgo.PropertySEO in monitor0
06-28 18:35:21.808  1114  1219 W HwActivityManagerServiceEx: HwActivityNotifier end call android.app.IHwActivityNotifier$Stub$Proxy@88cf16b for activityLifeState under user 0 cost 0
06-28 18:35:21.814  1114  1456 V WindowManager: addWindow: Window{736c601 u0 Splash Screen com.mixgo.PropertySEO}
06-28 18:35:21.817  5327  5327 I         : power log dlsym ok
06-28 18:35:21.820   780   780 W iaware  : type=1400 audit(0.0:36610): avc: denied { dac_override } for capability=1 scontext=u:r:hwpged:s0 tcontext=u:r:hwpged:s0 tclass=capability permissive=0
06-28 18:35:21.820   780   780 W iaware  : type=1400 audit(0.0:36611): avc: denied { dac_read_search } for capability=2 scontext=u:r:hwpged:s0 tcontext=u:r:hwpged:s0 tclass=capability permissive=0
06-28 18:35:21.820   780   780 W iaware  : type=1400 audit(0.0:36612): avc: denied { dac_override } for capability=1 scontext=u:r:hwpged:s0 tcontext=u:r:hwpged:s0 tclass=capability permissive=0
06-28 18:35:21.820   780   780 W iaware  : type=1400 audit(0.0:36613): avc: denied { dac_read_search } for capability=2 scontext=u:r:hwpged:s0 tcontext=u:r:hwpged:s0 tclass=capability permissive=0
06-28 18:35:21.821  5327  5327 I chatty  : uid=10402(com.mixgo.PropertySEO) expire 24 lines
06-28 18:35:21.823  1114  1225 I ActivityManager: Start proc 5327:com.mixgo.PropertySEO/u0a402 for activity com.mixgo.PropertySEO/cn.jiguang.unity.push.UnityPluginActivity
06-28 18:35:21.823  1114  1837 E ProcessInfoCollector: getProcessInfo: failed to find this proc 
06-28 18:35:21.825   780   805 D AwareLog: iawared: workingset_process_command subCmd = 350, uid=10402, pid=5327, com.mixgo.PropertySEO
06-28 18:35:21.825   780   805 E AwareLog: iawared: workingset_path_check Failed to lstat(/data/system/iaware/workingset/): Permission denied
06-28 18:35:21.825   780   805 E AwareLog: iawared: workingset_path_check Failed to create directory(/data/system/iaware/workingset/): Permission denied
06-28 18:35:21.825   780   805 D AwareLog: iawared: workingsetStart com.mixgo.PropertySEO in monitor0
06-28 18:35:21.828  1114  5340 D PackageManager: resolve intent for uid:1000, matchs:3, res:ResolveInfo{8a3e294 com.huawei.android.launcher/.unihome.UniHomeLauncher m=0x108000}
06-28 18:35:21.828  1114  5340 I chatty  : uid=1000 system_server expire 1 line
06-28 18:35:21.832  5327  5327 D ActivityThread: Attach thread to application
06-28 18:35:21.835  1114  2564 D HwPhoneWindowManager: sensorRotation = -1 lastRotation:0
06-28 18:35:21.841  1114  2564 W HwActivityManagerServiceEx: appSwitch from: com.huawei.android.launcher to: com.mixgo.PropertySEO
06-28 18:35:21.841  1114  1219 W HwActivityManagerServiceEx: HwActivityNotifier end call android.app.IHwActivityNotifier$Stub$Proxy@b3922e9 for appSwitch under user 0 cost 0
06-28 18:35:21.841  1114  1219 W HwActivityManagerServiceEx: HwActivityNotifier end call android.app.IHwActivityNotifier$Stub$Proxy@92d0b6e for appSwitch under user 0 cost 0
06-28 18:35:21.843  1114  1150 D HwLocationManagerService: on transact ADD_LOCATION_MODE  uid is 10402 , expectedmode is 3 , packagename is com.mixgo.PropertySEO
06-28 18:35:21.843  1114  1150 D HwLocationManagerService: uid is 10402 , isWifiConn is true , isMobileConn is false
06-28 18:35:21.843  1114  1150 I HwNetworkPolicy: onTransact, code = 203
06-28 18:35:21.843  1114  1150 I HwNetworkPolicyManager: getHwUidPolicy uid = 10402 policy = 0
06-28 18:35:21.843  1114  1150 D HwLocationManagerService: policy is 0 , wifiAccess is true, mobileAccess is true
06-28 18:35:21.843  1114  1150 D HwLocationManagerService: wifiAvaiable is true , mobileAvailable is false
06-28 18:35:21.843  1114  1150 D HwLocationManagerService: addSupervisoryControlProc, mExpectedMode is network,packagename=com.mixgo.PropertySEO, mSupervisoryPkgList is {com.mixgo.PropertySEO=network}
06-28 18:35:21.843  1114  1150 D HwLocationManagerService:  package has no request send yet
06-28 18:35:21.843  1114  1223 I chatty  : uid=1000(system) android.ui expire 29 lines
06-28 18:35:21.844  1869  1885 I BoosterSwitchP: notifyUidState do nothing
06-28 18:35:21.844  1869  1885 I DeepNoDisturbP: notifyUidState
06-28 18:35:21.844  1869  1885 I HidataAppQoeP: notifyUidState
06-28 18:35:21.844  1869  1885 I BrowserChrP: notifyUidState
06-28 18:35:21.844  1869  1881 I chatty  : uid=1000(system) Binder:1869_1 expire 4 lines
06-28 18:35:21.845  2461  2661 D BluetoothAdapter: isLeEnabled(): ON
06-28 18:35:21.845  1114  1560 D NetdConnector: SND -> {2572 firewall set_uid_rule standby 10402 allow}
06-28 18:35:21.845  1667  2400 W Bth-btfreeze: BluetoothFreeze:tag: 182  uid: 1000  pid: 2461
06-28 18:35:21.847  1952  2259 I chatty  : uid=1000(system) sdk thread expire 30 lines
06-28 18:35:21.848 31253  5323 I chatty  : uid=1000(system) com.huawei.systemmanager expire 4 lines
06-28 18:35:21.849  1114  1555 D NetdConnector: RCV <- {200 2572 Firewall command succeeded}
06-28 18:35:21.849  1114  1555 D NetdConnector: RCV <- {200 2572 Firewall command succeeded}
06-28 18:35:21.850  1114  1560 I chatty  : uid=1000(system) tworkPolicy.uid expire 5 lines
06-28 18:35:21.852  1114  1737 I HwNetworkPolicy: onTransact, code = 203
06-28 18:35:21.852  2017  2506 I HwNetworkPolicyManager: getHwUidPolicy uid = 10402 policy = 0
06-28 18:35:21.852  1114  1737 I HwAudioService: now type = 255,reportForegroundAppType = 9,pkg = null,systemload = 255mVoipOptimizeInGameModetrue
06-28 18:35:21.852   613  1029 I GRALLOC : getCallingPid=650, shrFd=31,fmt=0x2,intFmt=0x2,btStrd=4352,size=9768960,pid=613 
06-28 18:35:21.852   613  1029 I GRALLOC : 	 yuv=2,w=1080,h=2244,Stride u=0 v=0,offset u=0 v=0 
06-28 18:35:21.852   613  1029 I GRALLOC : 	 iova_size=9768960,conUsg=0x906,proUsg=0x966,	 strd=1088,[afbc]HdrStrd=0 PyldStrd=0 Scrmbl=0,ionhnd = 1 
06-28 18:35:21.853  1114  1737 D HwAudioService: support voip optinization during game mode.
06-28 18:35:21.853   626  6841 I chatty  : uid=1041(audioserver) HwBinder:626_5 expire 21 lines
06-28 18:35:21.855  1667  2400 W Bth-btfreeze: BluetoothFreeze:tag: 182  uid: 1000
06-28 18:35:21.855  1667  2400 W Bth-btfreeze: BluetoothFreeze:tag: 182  uid: 1000  pid: 2461
06-28 18:35:21.857  1952  2771 I chatty  : uid=1000(system) GameManager expire 2 lines
06-28 18:35:21.857  1114  9168 I HwApsManagerConfig: APSLog -> getFps:[from:unkown source,pkgName:com.mixgo.PropertySEO,fps:-1]
06-28 18:35:21.857   635   635 I chatty  : uid=1000(system) hwsched@1.0-ser expire 34 lines
06-28 18:35:21.857   635  4803 I chatty  : uid=1000(system) hwsched@1.0-ser expire 1 line
06-28 18:35:21.858  1114  1456 V WindowManager: Checking 1 opening apps (frozen=false timeout=false), Track: updateconfig performsurface
06-28 18:35:21.858  1114  1456 V WindowManager: Check opening app=AppWindowToken{df27ea3 token=Token{52e3dd2 ActivityRecord{337d05d u0 com.mixgo.PropertySEO/cn.jiguang.unity.push.UnityPluginActivity t219}}}: allDrawn=false startingDisplayed=true startingMoved=false isRelaunching()=false startingWindow=Window{736c601 u0 Splash Screen com.mixgo.PropertySEO}
06-28 18:35:21.858  1114  1456 I WindowManager: closing apps count = 1
06-28 18:35:21.859  5327  5342 I chatty  : uid=10402(com.mixgo.PropertySEO) expire 3 lines
06-28 18:35:21.862  1114  1114 D JobScheduler: Maybe queuing ready jobs...
06-28 18:35:21.862   750 29088 D iTouchService: itouch currentPackageName=com.mixgo.PropertySEO
06-28 18:35:21.862   750 29088 D iTouchService: itouch appType=-5 appState=1 gameMode=2
06-28 18:35:21.862   750 29088 D iTouchService: itouch getCurrentParmID tempPkg=com.mixgo.xxx
06-28 18:35:21.862   750 29088 D iTouchService: itouch:game_switch is disable
06-28 18:35:21.862   750 29088 D iTouchService: itouch:styluspen_switch is disable
06-28 18:35:21.862   750 29088 D iTouchService: itouch:currentAppTypeName =|ITOUCHGAME|
06-28 18:35:21.864   635  5343 I chatty  : uid=1000(system) hwsched@1.0-ser expire 1 line
06-28 18:35:21.871  1724  1724 D BarTransitions.HwPhoneStatusBarView: MODE_TRANSLUCENT -> MODE_TRANSPARENT animate=false
06-28 18:35:21.871  1724  1724 D BarTransitions.HwPhoneStatusBarView: applyModeBackground oldMode=MODE_TRANSLUCENT newMode=MODE_TRANSPARENT animate=false
06-28 18:35:21.871  1724  1724 D BarTransitions.HwNavigationBarView: MODE_TRANSLUCENT -> MODE_TRANSPARENT animate=false
06-28 18:35:21.871  1724  1724 D BarTransitions.HwNavigationBarView: applyModeBackground oldMode=MODE_TRANSLUCENT newMode=MODE_TRANSPARENT animate=false
06-28 18:35:21.877  5327  5347 I chatty  : uid=10402(com.mixgo.PropertySEO) expire 1 line
06-28 18:35:21.878   613  1029 I GRALLOC : getCallingPid=650, shrFd=31,fmt=0x2,intFmt=0x2,btStrd=4352,size=9768960,pid=613 
06-28 18:35:21.878   613  1029 I GRALLOC : 	 yuv=2,w=1080,h=2244,Stride u=0 v=0,offset u=0 v=0 
06-28 18:35:21.878   613  1029 I GRALLOC : 	 iova_size=9768960,conUsg=0x906,proUsg=0x966,	 strd=1088,[afbc]HdrStrd=0 PyldStrd=0 Scrmbl=0,ionhnd = 1 
06-28 18:35:21.878 31253 31449 I chatty  : uid=1000(system) pool-3-thread-3 expire 7 lines
06-28 18:35:21.880  5327  5349 I chatty  : uid=10402(com.mixgo.PropertySEO) expire 5 lines
06-28 18:35:21.884 31253 31343 E HSM_SEC_UI: SingleHwPermissionApps:isApkOpAllow op is empty, or aom is null!
06-28 18:35:21.886 31253 31343 E HSM_SEC_UI: SingleHwPermissionApps:isApkOpAllow op is empty, or aom is null!
06-28 18:35:21.886 31253 31343 E HSM_SEC_UI: PermissionAppsController:notifyThePermissionAppsLoaded permissionType = 1048576
06-28 18:35:21.887  5327  5327 V ActivityThread: Skipping new config:{1.0 ?mcc?mnc [zh_CN_#Hans,en_US] ldltr sw360dp w360dp h719dp 480dpi nrml long hdr port finger -keyb/v/h -nav/h winConfig={ mBounds=Rect(0, 0 - 0, 0) mAppBounds=Rect(0, 85 - 1080, 2244) mWindowingMode=fullscreen mActivityType=undefined} nonFullScreen=0 suim:1 s.9}, config:{1.0 ?mcc?mnc [zh_CN_#Hans,en_US] ldltr sw360dp w360dp h719dp 480dpi nrml long hdr port finger -keyb/v/h -nav/h winConfig={ mBounds=Rect(0, 0 - 0, 0) mAppBounds=Rect(0, 85 - 1080, 2244) mWindowingMode=fullscreen mActivityType=undefined} nonFullScreen=0 suim:1 s.9} for app:com.mixgo.PropertySEO
06-28 18:35:21.895 31253 31343 E HSM_SEC_UI: PermissionAppsController:notifyThePermissionAppsLoaded permissionType = 4096
06-28 18:35:21.897  5327  5327 V ActivityThread: callActivityOnCreate
06-28 18:35:21.906  1993 26431 D HwRecentsTaskUtils: refreshToCache
06-28 18:35:21.906  1993 26431 D HwRecentsTaskUtils: searchFromDate
06-28 18:35:21.910  1869  1885 I chatty  : uid=1000(system) Binder:1869_4 expire 12 lines
06-28 18:35:21.914  1993 26431 I RecentsTaskLoadPlan: to show tasks size is 7
06-28 18:35:21.916   780   780 W iaware  : type=1400 audit(0.0:36614): avc: denied { dac_override } for capability=1 scontext=u:r:hwpged:s0 tcontext=u:r:hwpged:s0 tclass=capability permissive=0
06-28 18:35:21.916   780   780 W iaware  : type=1400 audit(0.0:36615): avc: denied { dac_read_search } for capability=2 scontext=u:r:hwpged:s0 tcontext=u:r:hwpged:s0 tclass=capability permissive=0
06-28 18:35:21.922 31253 31343 E HSM_SEC_UI: PermissionAppsController:notifyThePermissionAppsLoaded permissionType = 1
06-28 18:35:21.922  1114 13295 I ActivityManager: START u0 {act=android.content.pm.action.REQUEST_PERMISSIONS pkg=com.android.packageinstaller cmp=com.android.packageinstaller/.permission.ui.GrantPermissionsActivity (has extras)} from uid 10402
06-28 18:35:21.922   780   805 D AwareLog: iawared: workingset_process_command subCmd = 352, uid=10402, pid=5327, com.mixgo.PropertySEO
06-28 18:35:21.923   780   805 D AwareLog: iawared: workingsetStop com.mixgo.PropertySEO
06-28 18:35:21.923  1114 13295 I ActivityManager: ActivityRecord info: ActivityInfo{b5173ad com.android.packageinstaller.permission.ui.GrantPermissionsActivity}
06-28 18:35:21.925  1114 13295 V WindowManager: addAppToken: AppWindowToken{406fd30 token=Token{5549a73 ActivityRecord{7bb26e2 u0 com.android.packageinstaller/.permission.ui.GrantPermissionsActivity t219}}} controller={TaskWindowContainerController taskId=219} at 2147483647
06-28 18:35:21.930  5327  5327 D ActivityThread: add activity client record, r= ActivityRecord{cce73a6 token=android.os.BinderProxy@9746193 {com.mixgo.PropertySEO/cn.jiguang.unity.push.UnityPluginActivity}} token= android.os.BinderProxy@9746193
06-28 18:35:21.932  1993  2135 D ZrHung.AppEyeUiProbe: Current Activity:false
06-28 18:35:21.932  1993  2135 D ZrHung.AppEyeUiProbe: not watching, wait.
06-28 18:35:21.937 31253 31343 E HSM_SEC_UI: PermissionAppsController:notifyThePermissionAppsLoaded permissionType = 4
06-28 18:35:21.940  1114  4501 V WindowManager: addWindow: Window{196bc5c u0 com.mixgo.PropertySEO/cn.jiguang.unity.push.UnityPluginActivity}
06-28 18:35:21.942  1114 13295 D HwGameAssistantController: pid=5327, uid=10402, component=ComponentInfo{com.mixgo.PropertySEO/cn.jiguang.unity.push.UnityPluginActivity}
06-28 18:35:21.942  1114  1219 W HwActivityManagerServiceEx: HwActivityNotifier end call android.app.IHwActivityNotifier$Stub$Proxy@88cf16b for activityLifeState under user 0 cost 0
06-28 18:35:21.942  1900 15673 I chatty  : uid=1000(system) Binder:1900_B expire 7 lines
06-28 18:35:21.943  1114  1243 D HwGameAssistantController: UPDATE: mCurFgPkg=com.mixgo.PropertySEO, mCurFgPid=5327, mCurIsGame=false
06-28 18:35:21.943  1114  4001 I chatty  : uid=1000(system) HwAPPQoEActivit expire 35 lines
06-28 18:35:21.943  1114  1621 I chatty  : uid=1000(system) HwAPPQoEStateMa expire 58 lines
06-28 18:35:21.943  1900  2185 I chatty  : uid=1000(system) OdmfCtrlThread expire 10 lines
06-28 18:35:21.944  1114 13295 V ActivityManager: Making visible and scheduling visibility: ActivityRecord{7bb26e2 u0 com.android.packageinstaller/.permission.ui.GrantPermissionsActivity t219}
06-28 18:35:21.944   646   646 D WifiHW  : chip is bcm bcm43xx
06-28 18:35:21.944   646   646 D         : Enter bcm_game_kog_adjust_speed: freq= 2437 mode= 6
06-28 18:35:21.944  1114 13295 D HwPhoneWindowManager: sensorRotation = -1 lastRotation:0
06-28 18:35:21.945   646   646 D         : Enter wl_set_pmlock: pmlock= 0
06-28 18:35:21.945 31509 31509 W ActivityThread: handleWindowVisibility: no activity for token android.os.BinderProxy@6f60142
06-28 18:35:21.947   646   646 D         : wl_set_pmlock: ret: 0
06-28 18:35:21.947 31253 31449 E System  :  ******** DEPRECATED FUNCTIONALITY ********
06-28 18:35:21.947 31253 31449 E System  :  * The implementation of the CertificateFactory.X.509 algorithm from
06-28 18:35:21.947 31253 31449 E System  :  * the BC provider is deprecated in this version of Android.
06-28 18:35:21.947 31253 31449 E System  :  * It will be removed in a future version of Android and your
06-28 18:35:21.947 31253 31449 E System  :  * application will no longer be able to request it.  Please see
06-28 18:35:21.947 31253 31449 E System  :  * https://android-developers.googleblog.com/2018/03/cryptography-changes-in-android-p.html
06-28 18:35:21.947 31253 31449 E System  :  * for more details.
06-28 18:35:21.947 31253 31343 E HSM_SEC_UI: PermissionAppsController:notifyThePermissionAppsLoaded permissionType = 2
06-28 18:35:21.949  1114 13295 W HwActivityManagerServiceEx: appSwitch from: com.mixgo.PropertySEO to: com.android.packageinstaller
06-28 18:35:21.949 31509 31509 D ZrHung.AppEyeUiProbe: notify runnable to start.
06-28 18:35:21.949 31509 31509 V ActivityThread: Skipping new config:{1.0 ?mcc?mnc [zh_CN_#Hans,en_US] ldltr sw360dp w360dp h719dp 480dpi nrml long hdr port finger -keyb/v/h -nav/h winConfig={ mBounds=Rect(0, 0 - 0, 0) mAppBounds=Rect(0, 85 - 1080, 2244) mWindowingMode=fullscreen mActivityType=undefined} nonFullScreen=0 suim:1 s.9}, config:{1.0 ?mcc?mnc [zh_CN_#Hans,en_US] ldltr sw360dp w360dp h719dp 480dpi nrml long hdr port finger -keyb/v/h -nav/h winConfig={ mBounds=Rect(0, 0 - 0, 0) mAppBounds=Rect(0, 85 - 1080, 2244) mWindowingMode=fullscreen mActivityType=undefined} nonFullScreen=0 suim:1 s.9} for app:com.android.packageinstaller
06-28 18:35:21.949 31509 31530 D ZrHung.AppEyeUiProbe: restart watching
06-28 18:35:21.949  1900  2190 I chatty  : uid=1000(system) OdmfDataThread expire 5 lines
