06-28 18:33:05.665  1724  4396 W HwPhoneLayoutInflater: onCreateView : ClassNotFoundException, In this case we want to let the base class take a crack at it
06-28 18:33:05.665  1724  4395 W HwPhoneLayoutInflater: onCreateView : ClassNotFoundException, In this case we want to let the base class take a crack at it
06-28 18:33:05.666   626  6841 I chatty  : uid=1041(audioserver) HwBinder:626_5 expire 13 lines
06-28 18:33:05.666  1724  4396 W HwPhoneLayoutInflater: onCreateView : ClassNotFoundException, In this case we want to let the base class take a crack at it
06-28 18:33:05.666  1724  4395 W HwPhoneLayoutInflater: onCreateView : ClassNotFoundException, In this case we want to let the base class take a crack at it
06-28 18:33:05.667   626  1281 I chatty  : uid=1041(audioserver) HwBinder:626_2 expire 15 lines
06-28 18:33:05.671   769  4386 I NuPlayer: media rendering started
06-28 18:33:05.675   769  4389 I AudioTrack: audioTrack send start state to pg
06-28 18:33:05.679  1724  4395 W HwPhoneLayoutInflater: onCreateView : ClassNotFoundException, In this case we want to let the base class take a crack at it
06-28 18:33:05.679  1724  4395 W HwPhoneLayoutInflater: onCreateView : ClassNotFoundException, In this case we want to let the base class take a crack at it
06-28 18:33:05.685  1724  1724 I NotificationInflation3: finish: entry=148802864
06-28 18:33:05.688  1724  1724 W NotificationViewHierarchyManager: updateNotificationShade activeNotificationSize=5;hasFaceDT: false; Detected:false
06-28 18:33:05.709  1724  1724 W StaticLayout: maxLineHeight should not be -1.  maxLines:1 lineCount:1
06-28 18:33:05.710  1724  1724 W HwKeyguardDragHelper: AnimationBlocked 
06-28 18:33:05.720  1114  8995 I HwAudioServiceEx: VBR Enter package length 4
06-28 18:33:05.720  1114  8995 I HwAudioServiceEx: VBR Enter packageName:com.huawei.desktop.systemui
06-28 18:33:05.720  1114  8995 I HwAudioServiceEx: VBR HwAudioService:music app enter -1
06-28 18:33:05.720   626  1520 I chatty  : uid=1041(audioserver) writer expire 38 lines
06-28 18:33:05.885  1114  1125 I chatty  : uid=1000(system) HeapTaskDaemon expire 1 line
06-28 18:33:05.892  4353  4391 I HiAnalytics: [2019-06-28 18:33:05.891 I/hianalytics/HiAnalytics 4353:1716 null:13] PostRequest(byte[]) resultCode: 200
06-28 18:33:05.892  4353  4391 I HiAnalytics: [2019-06-28 18:33:05.892 I/hianalytics/HiAnalytics 4353:1716 null:13] data send result: true
06-28 18:33:05.898   626  1275 I chatty  : uid=1041(audioserver) HwBinder:626_1 expire 7 lines
06-28 18:33:05.904  1114  1123 I chatty  : uid=1000(system) FinalizerDaemon expire 1 line
06-28 18:33:06.069   769  4389 I AudioTrack: audioTrack continuously zero data counter >= 20, send pause/stop state to pg, counter: 20
06-28 18:33:06.073  1114  8995 I HwAudioServiceEx: VBR Enter package length 4
06-28 18:33:06.073  1114  8995 I HwAudioServiceEx: VBR Enter packageName:com.huawei.desktop.systemui
06-28 18:33:06.074  1114  8995 I HwAudioServiceEx: VBR HwAudioService:music app exit -1
06-28 18:33:06.151   769  4392 I NuPlayerDecoder: [audio] saw output EOS
06-28 18:33:06.220   731   731 W irqbalance: type=1400 audit(0.0:36542): avc: denied { dac_override } for capability=1 scontext=u:r:irqbalance:s0 tcontext=u:r:irqbalance:s0 tclass=capability permissive=0
06-28 18:33:06.220   731   731 W irqbalance: type=1400 audit(0.0:36543): avc: denied { dac_override } for capability=1 scontext=u:r:irqbalance:s0 tcontext=u:r:irqbalance:s0 tclass=capability permissive=0
06-28 18:33:06.224   731   731 I irqbalance: Decided to move irq 72 from cpu 0 to cpu 1
06-28 18:33:06.225   731   731 I irqbalance: Decided to move irq 13 from cpu 0 to cpu 1
06-28 18:33:06.232   769  4389 D AudioTrack: stop() called with 40736 frames delivered
06-28 18:33:06.389   635   635 I chatty  : uid=1000(system) hwsched@1.0-ser expire 22 lines
06-28 18:33:06.743   769  4386 I NuPlayer: reached audio EOS
06-28 18:33:06.743   769  4386 I NuPlayer: updatePlaybackTimer(stop)  time      119185182245875 (onPause)
06-28 18:33:06.743   769  4386 I NuPlayer: updatePlaybackTimer()  log            1145970312
06-28 18:33:06.744  1724  4384 V PlayerBase: baseStop() piid=2079
06-28 18:33:06.744  1724  4384 V AudioManager: unregisterAudioFocusListener...
06-28 18:33:06.744  1724  4384 I AudioManager: abandonAudioFocus
06-28 18:33:06.747  1114  1114 D MediaRouterService: onAudioPlayerActiveStateChanged: uid=10030, active=false, restoreUid=10401
06-28 18:33:06.747  1667 30663 V AudioManager: mPlaybackCallbackList.size:1
06-28 18:33:06.748  1667  2475 D AudioManager: dispatching onPlaybackConfigChanged()
06-28 18:33:06.748  1724  4384 I MediaPlayer: [HSM] stayAwake false uid: 10030, pid: 1724
06-28 18:33:06.750  3933  3933 I chatty  : uid=10401(com.mixgo.PropertySEO) com.google.android.webview:sandboxed_process0 expire 2 lines
06-28 18:33:06.752  1724  5872 W MessageQueue: Handler (android.media.MediaPlayer$EventHandler) {6204cf1} sending message to a Handler on a dead thread
06-28 18:33:06.752  1724  5872 W MessageQueue: java.lang.IllegalStateException: Handler (android.media.MediaPlayer$EventHandler) {6204cf1} sending message to a Handler on a dead thread
06-28 18:33:06.752  1724  5872 W MessageQueue: 	at android.os.MessageQueue.enqueueMessage(MessageQueue.java:654)
06-28 18:33:06.752  1724  5872 W MessageQueue: 	at android.os.Handler.enqueueMessage(Handler.java:763)
06-28 18:33:06.752  1724  5872 W MessageQueue: 	at android.os.Handler.sendMessageAtTime(Handler.java:715)
06-28 18:33:06.752  1724  5872 W MessageQueue: 	at android.os.Handler.sendMessageDelayed(Handler.java:685)
06-28 18:33:06.752  1724  5872 W MessageQueue: 	at android.os.Handler.sendMessage(Handler.java:611)
06-28 18:33:06.752  1724  5872 W MessageQueue: 	at android.media.MediaPlayer.postEventFromNative(MediaPlayer.java:3943)
06-28 18:33:06.782   626  1281 I spk_dev_interface: spk_set_parameters: use new smartpakit version
06-28 18:33:06.782   626  1281 I audio_hw_primary: update stream types 8
06-28 18:33:06.784   648   998 I APM_AudioPolicyManager: setOutputDevice() setting same device 0x0002 or null device
06-28 18:33:06.784   648   998 D APM::AudioOutputDescriptor: stop, profile name: primary out,  curActiveCount: 1
06-28 18:33:06.799   648  1284 E peq_android: volume index exceed range: 65535
06-28 18:33:06.819   648  1284 E peq_android: volume index exceed range: 65535
06-28 18:33:06.839   648  1284 E peq_android: volume index exceed range: 65535
06-28 18:33:06.859   648  1284 E peq_android: volume index exceed range: 65535
06-28 18:33:06.878   626  1275 D asd_primary_out: L[0],R[0], continus 20 times!
06-28 18:33:06.879   648  1284 E peq_android: volume index exceed range: 65535
06-28 18:33:06.899   648  1284 E peq_android: volume index exceed range: 65535
06-28 18:33:06.919   648  1284 E peq_android: volume index exceed range: 65535
06-28 18:33:06.939   648  1284 E peq_android: volume index exceed range: 65535
06-28 18:33:06.959   648  1284 E peq_android: volume index exceed range: 65535
06-28 18:33:06.979   648  1284 E peq_android: volume index exceed range: 65535
06-28 18:33:06.999   648  1284 E peq_android: volume index exceed range: 65535
06-28 18:33:07.019   648  1284 E peq_android: volume index exceed range: 65535
06-28 18:33:07.039   648  1284 E peq_android: volume index exceed range: 65535
06-28 18:33:07.059   648  1284 E peq_android: volume index exceed range: 65535
06-28 18:33:07.080   648  1284 E peq_android: volume index exceed range: 65535
06-28 18:33:07.088   646   646 E WifiHAL : enter wifi_get_link_stats
06-28 18:33:07.099   648  1284 E peq_android: volume index exceed range: 65535
06-28 18:33:07.102  1114  1562 I chatty  : uid=1000(system) WifiStateMachin expire 8 lines
06-28 18:33:07.119   648  1284 E peq_android: volume index exceed range: 65535
06-28 18:33:07.139   648  1284 E peq_android: volume index exceed range: 65535
06-28 18:33:07.159   648  1284 E peq_android: volume index exceed range: 65535
06-28 18:33:07.179   648  1284 E peq_android: volume index exceed range: 65535
06-28 18:33:07.199   648  1284 E peq_android: volume index exceed range: 65535
06-28 18:33:07.219   648  1284 E peq_android: volume index exceed range: 65535
06-28 18:33:07.239   648  1284 E peq_android: volume index exceed range: 65535
06-28 18:33:07.259   648  1284 E peq_android: volume index exceed range: 65535
06-28 18:33:07.279   626  1275 D asd_primary_out: L[0],R[0], continus 20 times!
06-28 18:33:07.279   648  1284 E peq_android: volume index exceed range: 65535
06-28 18:33:07.299   648  1284 E peq_android: volume index exceed range: 65535
06-28 18:33:07.319   648  1284 E peq_android: volume index exceed range: 65535
06-28 18:33:07.339   648  1284 E peq_android: volume index exceed range: 65535
06-28 18:33:07.359   648  1284 E peq_android: volume index exceed range: 65535
06-28 18:33:07.380   648  1284 E peq_android: volume index exceed range: 65535
06-28 18:33:07.399   648  1284 E peq_android: volume index exceed range: 65535
06-28 18:33:07.419   648  1284 E peq_android: volume index exceed range: 65535
06-28 18:33:07.439   648  1284 E peq_android: volume index exceed range: 65535
06-28 18:33:07.459   648  1284 E peq_android: volume index exceed range: 65535
06-28 18:33:07.479   648  1284 E peq_android: volume index exceed range: 65535
06-28 18:33:07.499   648  1284 E peq_android: volume index exceed range: 65535
06-28 18:33:07.519   648  1284 E peq_android: volume index exceed range: 65535
06-28 18:33:07.539   648  1284 E peq_android: volume index exceed range: 65535
06-28 18:33:07.562   648  1284 E peq_android: volume index exceed range: 65535
06-28 18:33:07.579   648  1284 E peq_android: volume index exceed range: 65535
06-28 18:33:07.599   648  1284 E peq_android: volume index exceed range: 65535
06-28 18:33:07.605  3116  3178 D LogUtil_LogConfig: getLogFile(): logFilePath = /data/data/com.huawei.health/files/com.huawei.health/com.huawei.health_DaemonService/
06-28 18:33:07.605  3116  3178 D LogUtil_LogConfig: obtainSavePath(): path = 1
06-28 18:33:07.605  3116  3178 D LogUtil_LogConfig: acquireMaxLogFileLengthContainsOffset describe: com.huawei.health:DaemonService result:5242880
06-28 18:33:07.606  3116  3178 D LogUtil_LogConfig: getLogFileRoot(): logFilePath = /data/data/com.huawei.health/files/com.huawei.health/com.huawei.health_DaemonService/
06-28 18:33:07.619   648  1284 E peq_android: volume index exceed range: 65535
06-28 18:33:07.639   648  1284 E peq_android: volume index exceed range: 65535
06-28 18:33:07.659   648  1284 E peq_android: volume index exceed range: 65535
06-28 18:33:07.678   626  1275 D asd_primary_out: L[0],R[0], continus 20 times!
06-28 18:33:07.679   648  1284 E peq_android: volume index exceed range: 65535
06-28 18:33:07.699   648  1284 E peq_android: volume index exceed range: 65535
06-28 18:33:07.701   626  1582 I DlbDapDPProcess: process() called [3415000] times
06-28 18:33:07.719   648  1284 E peq_android: volume index exceed range: 65535
06-28 18:33:07.728  3093  5481 W Conscrypt: Could not set socket write timeout: java.net.SocketException: Socket closed
06-28 18:33:07.729  3093  5481 W Conscrypt: 	at com.google.android.gms.org.conscrypt.Platform.setSocketWriteTimeout(:com.google.android.gms@14799037@14.7.99 (100400-223214910):2)
06-28 18:33:07.729  3093  5481 W Conscrypt: 	at com.google.android.gms.org.conscrypt.ConscryptFileDescriptorSocket.setSoWriteTimeout(:com.google.android.gms@14799037@14.7.99 (100400-223214910):2)
06-28 18:33:07.741   648  1284 E peq_android: volume index exceed range: 65535
06-28 18:33:07.743  3093  5481 V NativeCrypto: SSL handshake aborted: ssl=0x729ae869c8: I/O error during system call, Connection reset by peer
06-28 18:33:07.759   648  1284 E peq_android: volume index exceed range: 65535
06-28 18:33:07.773  3093  3732 E akgr    : Phenotype API error. Event # brpy@7ae8fb7c, EventCode: 12 [CONTEXT service_id=51 ]
06-28 18:33:07.773  3093  3732 E akgr    : akfn: 29503
06-28 18:33:07.773  3093  3732 E akgr    : 	at akgy.a(:com.google.android.gms@14799037@14.7.99 (100400-223214910):40)
06-28 18:33:07.773  3093  3732 E akgr    : 	at akgx.b(Unknown Source:2)
06-28 18:33:07.773  3093  3732 E akgr    : 	at akgr.a(:com.google.android.gms@14799037@14.7.99 (100400-223214910):107)
06-28 18:33:07.773  3093  3732 E akgr    : 	at akgr.a(:com.google.android.gms@14799037@14.7.99 (100400-223214910):101)
06-28 18:33:07.773  3093  3732 E akgr    : 	at ybc.run(:com.google.android.gms@14799037@14.7.99 (100400-223214910):27)
06-28 18:33:07.773  3093  3732 E akgr    : 	at beyi.run(:com.google.android.gms@14799037@14.7.99 (100400-223214910):2)
06-28 18:33:07.773  3093  3732 E akgr    : 	at qwc.run(:com.google.android.gms@14799037@14.7.99 (100400-223214910):21)
06-28 18:33:07.773  3093  3732 E akgr    : 	at java.util.concurrent.ThreadPoolExecutor.runWorker(ThreadPoolExecutor.java:1167)
06-28 18:33:07.773  3093  3732 E akgr    : 	at java.util.concurrent.ThreadPoolExecutor$Worker.run(ThreadPoolExecutor.java:641)
06-28 18:33:07.773  3093  3732 E akgr    : 	at rbx.run(Unknown Source:7)
06-28 18:33:07.773  3093  3732 E akgr    : 	at java.lang.Thread.run(Thread.java:784)
06-28 18:33:07.776  3093  3732 E AsyncOperation: serviceID=51, operation=GetCommittedConfigurationOperationCall
06-28 18:33:07.776  3093  3732 E AsyncOperation: OperationException[Status{statusCode=unknown status code: 29503, resolution=null}]
06-28 18:33:07.776  3093  3732 E AsyncOperation: 	at akgr.a(:com.google.android.gms@14799037@14.7.99 (100400-223214910):115)
06-28 18:33:07.776  3093  3732 E AsyncOperation: 	at akgr.a(:com.google.android.gms@14799037@14.7.99 (100400-223214910):101)
06-28 18:33:07.776  3093  3732 E AsyncOperation: 	at ybc.run(:com.google.android.gms@14799037@14.7.99 (100400-223214910):27)
06-28 18:33:07.776  3093  3732 E AsyncOperation: 	at beyi.run(:com.google.android.gms@14799037@14.7.99 (100400-223214910):2)
06-28 18:33:07.776  3093  3732 E AsyncOperation: 	at qwc.run(:com.google.android.gms@14799037@14.7.99 (100400-223214910):21)
06-28 18:33:07.776  3093  3732 E AsyncOperation: 	at java.util.concurrent.ThreadPoolExecutor.runWorker(ThreadPoolExecutor.java:1167)
06-28 18:33:07.776  3093  3732 E AsyncOperation: 	at java.util.concurrent.ThreadPoolExecutor$Worker.run(ThreadPoolExecutor.java:641)
06-28 18:33:07.776  3093  3732 E AsyncOperation: 	at rbx.run(Unknown Source:7)
06-28 18:33:07.776  3093  3732 E AsyncOperation: 	at java.lang.Thread.run(Thread.java:784)
06-28 18:33:07.777  3093  5481 E NetRec  : [256] ahqw.a: Could not retrieve server token for package com.google.android.apps.gcs
06-28 18:33:07.777  3093  5481 E NetRec  : java.util.concurrent.ExecutionException: ppw: 29503: 
06-28 18:33:07.777  3093  5481 E NetRec  : 	at arhb.b(:com.google.android.gms@14799037@14.7.99 (100400-223214910):2)
06-28 18:33:07.777  3093  5481 E NetRec  : 	at arhb.a(:com.google.android.gms@14799037@14.7.99 (100400-223214910):28)
06-28 18:33:07.777  3093  5481 E NetRec  : 	at ahqw.a(:com.google.android.gms@14799037@14.7.99 (100400-223214910):1)
06-28 18:33:07.777  3093  5481 E NetRec  : 	at ahqw.a(:com.google.android.gms@14799037@14.7.99 (100400-223214910):4)
06-28 18:33:07.777  3093  5481 E NetRec  : 	at ahqt.getHeaders(:com.google.android.gms@14799037@14.7.99 (100400-223214910):2)
06-28 18:33:07.777  3093  5481 E NetRec  : 	at com.android.volley.toolbox.HttpClientStack.performRequest(:com.google.android.gms@14799037@14.7.99 (100400-223214910):9)
06-28 18:33:07.777  3093  5481 E NetRec  : 	at qph.performRequest(:com.google.android.gms@14799037@14.7.99 (100400-223214910):1)
06-28 18:33:07.777  3093  5481 E NetRec  : 	at bpq.executeRequest(:com.google.android.gms@14799037@14.7.99 (100400-223214910):1)
06-28 18:33:07.777  3093  5481 E NetRec  : 	at com.android.volley.toolbox.BasicNetwork.performRequest(:com.google.android.gms@14799037@14.7.99 (100400-223214910):10)
06-28 18:33:07.777  3093  5481 E NetRec  : 	at qpi.performRequest(:com.google.android.gms@14799037@14.7.99 (100400-223214910):13)
06-28 18:33:07.777  3093  5481 E NetRec  : 	at com.android.volley.NetworkDispatcher.a(:com.google.android.gms@14799037@14.7.99 (100400-223214910):6)
06-28 18:33:07.777  3093  5481 E NetRec  : 	at com.android.volley.NetworkDispatcher.run(:com.google.android.gms@14799037@14.7.99 (100400-223214910):2)
06-28 18:33:07.777  3093  5481 E NetRec  : Caused by: ppw: 29503: 
06-28 18:33:07.777  3093  5481 E NetRec  : 	at pvq.a(:com.google.android.gms@14799037@14.7.99 (100400-223214910):3)
06-28 18:33:07.777  3093  5481 E NetRec  : 	at akei.b(:com.google.android.gms@14799037@14.7.99 (100400-223214910):3)
06-28 18:33:07.777  3093  5481 E NetRec  : 	at akgx.a(:com.google.android.gms@14799037@14.7.99 (100400-223214910):7)
06-28 18:33:07.777  3093  5481 E NetRec  : 	at yax.a(:com.google.android.gms@14799037@14.7.99 (100400-223214910):5)
06-28 18:33:07.777  3093  5481 E NetRec  : 	at ybc.run(:com.google.android.gms@14799037@14.7.99 (100400-223214910):34)
06-28 18:33:07.777  3093  5481 E NetRec  : 	at beyi.run(:com.google.android.gms@14799037@14.7.99 (100400-223214910):2)
06-28 18:33:07.777  3093  5481 E NetRec  : 	at qwc.run(:com.google.android.gms@14799037@14.7.99 (100400-223214910):21)
06-28 18:33:07.777  3093  5481 E NetRec  : 	at java.util.concurrent.ThreadPoolExecutor.runWorker(ThreadPoolExecutor.java:1167)
06-28 18:33:07.777  3093  5481 E NetRec  : 	at java.util.concurrent.ThreadPoolExecutor$Worker.run(ThreadPoolExecutor.java:641)
06-28 18:33:07.777  3093  5481 E NetRec  : 	at rbx.run(Unknown Source:7)
06-28 18:33:07.777  3093  5481 E NetRec  : 	at java.lang.Thread.run(Thread.java:784)
06-28 18:33:07.778  3093  5481 W NetRec  : [256] ahqw.a: No server tokens extracted.
06-28 18:33:07.779   648  1284 E peq_android: volume index exceed range: 65535
06-28 18:33:07.799   648  1284 E peq_android: volume index exceed range: 65535
06-28 18:33:07.819   648  1284 E peq_android: volume index exceed range: 65535
06-28 18:33:07.827  3093  5481 W Conscrypt: Could not set socket write timeout: java.net.SocketException: Socket closed
06-28 18:33:07.828  3093  5481 W Conscrypt: 	at com.google.android.gms.org.conscrypt.Platform.setSocketWriteTimeout(:com.google.android.gms@14799037@14.7.99 (100400-223214910):2)
06-28 18:33:07.828  3093  5481 W Conscrypt: 	at com.google.android.gms.org.conscrypt.ConscryptFileDescriptorSocket.setSoWriteTimeout(:com.google.android.gms@14799037@14.7.99 (100400-223214910):2)
06-28 18:33:07.837  3093  5481 V NativeCrypto: SSL handshake aborted: ssl=0x729ae884c8: I/O error during system call, Connection reset by peer
06-28 18:33:07.839   648  1284 E peq_android: volume index exceed range: 65535
06-28 18:33:07.859   648  1284 E peq_android: volume index exceed range: 65535
06-28 18:33:07.879   648  1284 E peq_android: volume index exceed range: 65535
06-28 18:33:07.899   648  1284 E peq_android: volume index exceed range: 65535
06-28 18:33:07.919   648  1284 E peq_android: volume index exceed range: 65535
06-28 18:33:07.939   648  1284 E peq_android: volume index exceed range: 65535
06-28 18:33:07.959   648  1284 E peq_android: volume index exceed range: 65535
06-28 18:33:07.974   650   650 I chatty  : uid=1000(system) /system/bin/surfaceflinger expire 1967 lines
06-28 18:33:07.979   648  1284 E peq_android: volume index exceed range: 65535
06-28 18:33:07.988  4411  4413 D vndksupport: Loading /vendor/lib64/hw/android.hardware.graphics.mapper@2.0-impl.so from current namespace instead of sphal namespace.
06-28 18:33:07.990  4411  4413 D vndksupport: Loading /vendor/lib64/hw/gralloc.kirin970.so from current namespace instead of sphal namespace.
06-28 18:33:07.999   648  1284 E peq_android: volume index exceed range: 65535
06-28 18:33:08.020   648  1284 E peq_android: volume index exceed range: 65535
06-28 18:33:08.039   648  1284 E peq_android: volume index exceed range: 65535
06-28 18:33:08.061   648  1284 E peq_android: volume index exceed range: 65535
06-28 18:33:08.078   626  1275 D asd_primary_out: L[0],R[0], continus 20 times!
06-28 18:33:08.079   648  1284 E peq_android: volume index exceed range: 65535
06-28 18:33:08.099   648  1284 E peq_android: volume index exceed range: 65535
06-28 18:33:08.119   648  1284 E peq_android: volume index exceed range: 65535
06-28 18:33:08.142   648  1284 E peq_android: volume index exceed range: 65535
06-28 18:33:08.142   574   594 W SocketListener: sending broadcast to Pid = 1114, Uid = 1000 
06-28 18:33:08.150  1114  1555 D NetdConnector: RCV <- {601 limit alert globalAlert wlan0}
06-28 18:33:08.151  1114  1555 D NetdConnector: RCV <- {601 limit alert globalAlert wlan0}
06-28 18:33:08.156  1114  1240 D NetdConnector: RCV unsolicited event from native daemon, event = 601
06-28 18:33:08.157  1114  1240 I NetworkStats: limitReached
06-28 18:33:08.159   648  1284 E peq_android: volume index exceed range: 65535
06-28 18:33:08.161  1114  1558 I NetworkStats: performPollLocked, pid = 1114
06-28 18:33:08.179   648  1284 E peq_android: volume index exceed range: 65535
06-28 18:33:08.190  1114  1558 W NetworkStatsFactory: mStatsXtProcUid: /proc/net/comm/stats does not exist!
06-28 18:33:08.190  1114  1558 D HwNetworkStatsService: hwRecordUidAndProcSnapshotLocked currentTime = 1561717988159
06-28 18:33:08.199   648  1284 E peq_android: volume index exceed range: 65535
06-28 18:33:08.200  1114  1558 I NetworkStatsFactory: javaReadNetworkStatsUidAndProcDetail. cost time = 9
06-28 18:33:08.220   648  1284 E peq_android: volume index exceed range: 65535
06-28 18:33:08.222  1114  1558 D NetdConnector: SND -> {2537 bandwidth setglobalalert 2097152}
06-28 18:33:08.224  1114  1555 D NetdConnector: RCV <- {200 2537 Bandwidth command succeeeded}
06-28 18:33:08.224  1114  1555 D NetdConnector: RCV <- {200 2537 Bandwidth command succeeeded}
06-28 18:33:08.226  2017  2247 E HSM_BG  : NatTrafficNotifyService:imsi is null, so return
06-28 18:33:08.239   648  1284 E peq_android: volume index exceed range: 65535
06-28 18:33:08.258   648  1284 E peq_android: volume index exceed range: 65535
06-28 18:33:08.279   648  1284 E peq_android: volume index exceed range: 65535
06-28 18:33:08.299   648  1284 E peq_android: volume index exceed range: 65535
06-28 18:33:08.319   648  1284 E peq_android: volume index exceed range: 65535
06-28 18:33:08.339   648  1284 E peq_android: volume index exceed range: 65535
06-28 18:33:08.359   648  1284 E peq_android: volume index exceed range: 65535
06-28 18:33:08.379   648  1284 E peq_android: volume index exceed range: 65535
06-28 18:33:08.399   648  1284 E peq_android: volume index exceed range: 65535
06-28 18:33:08.419   648  1284 E peq_android: volume index exceed range: 65535
06-28 18:33:08.439   648  1284 E peq_android: volume index exceed range: 65535
06-28 18:33:08.459   648  1284 E peq_android: volume index exceed range: 65535
06-28 18:33:08.478   626  1275 D asd_primary_out: L[0],R[0], continus 20 times!
06-28 18:33:08.479   648  1284 E peq_android: volume index exceed range: 65535
06-28 18:33:08.499   648  1284 E peq_android: volume index exceed range: 65535
06-28 18:33:08.520   648  1284 E peq_android: volume index exceed range: 65535
06-28 18:33:08.539   648  1284 E peq_android: volume index exceed range: 65535
06-28 18:33:08.559   648  1284 E peq_android: volume index exceed range: 65535
06-28 18:33:08.575   776   776 E Thermal-daemon: [pa_0] temp_new :39  temp_old :38
06-28 18:33:08.577   776   776 E Thermal-daemon: Report temperature: [pa_0] temp :39  report_threshold:1
06-28 18:33:08.579   648  1284 E peq_android: volume index exceed range: 65535
06-28 18:33:08.599   648  1284 E peq_android: volume index exceed range: 65535
06-28 18:33:08.619   648  1284 E peq_android: volume index exceed range: 65535
06-28 18:33:08.639   648  1284 E peq_android: volume index exceed range: 65535
06-28 18:33:08.646  4420  4422 D vndksupport: Loading /vendor/lib64/hw/android.hardware.graphics.mapper@2.0-impl.so from current namespace instead of sphal namespace.
06-28 18:33:08.647  4420  4422 D vndksupport: Loading /vendor/lib64/hw/gralloc.kirin970.so from current namespace instead of sphal namespace.
06-28 18:33:08.660   648  1284 E peq_android: volume index exceed range: 65535
06-28 18:33:08.673   613   613 I chatty  : uid=1000(system) allocator@2.0-s expire 4 lines
06-28 18:33:08.679   648  1284 E peq_android: volume index exceed range: 65535
06-28 18:33:08.699   648  1284 E peq_android: volume index exceed range: 65535
06-28 18:33:08.719   648  1284 E peq_android: volume index exceed range: 65535
06-28 18:33:08.739   648  1284 E peq_android: volume index exceed range: 65535
06-28 18:33:08.759   648  1284 E peq_android: volume index exceed range: 65535
06-28 18:33:08.779   648  1284 E peq_android: volume index exceed range: 65535
06-28 18:33:08.800   648  1284 E peq_android: volume index exceed range: 65535
06-28 18:33:08.819   648  1284 E peq_android: volume index exceed range: 65535
06-28 18:33:08.839   648  1284 E peq_android: volume index exceed range: 65535
06-28 18:33:08.858   648  1284 E peq_android: volume index exceed range: 65535
06-28 18:33:08.878   626  1275 D asd_primary_out: L[0],R[0], continus 20 times!
06-28 18:33:08.881   648  1284 E peq_android: volume index exceed range: 65535
06-28 18:33:08.885   632   632 I HW_DISPLAY_EFFECT: hw_get_display_panel_type: panel info is blmax:8820,blmin:15,blmax_nit_actual:798,blmax_nit_standard:750,lcdtype:LCD,
06-28 18:33:08.885   632   632 I HW_DISPLAY_EFFECT: 
06-28 18:33:08.885   632   632 I HW_DISPLAY_EFFECT: hw_get_display_panel_type: lcd type is LCD
06-28 18:33:08.886  3693  3693 I chatty  : uid=10380(com.github.uiautomator) expire 4 lines
06-28 18:33:08.892  1952  2241 I chatty  : uid=1000(system) actions handler expire 12 lines
06-28 18:33:08.899   648  1284 E peq_android: volume index exceed range: 65535
06-28 18:33:08.919   648  1284 E peq_android: volume index exceed range: 65535
06-28 18:33:08.939   648  1284 E peq_android: volume index exceed range: 65535
06-28 18:33:08.951  1114  1471 V WindowManager: addWindow: Window{f845320 u0 Toast}
06-28 18:33:08.959   648  1284 E peq_android: volume index exceed range: 65535
06-28 18:33:08.979   648  1284 E peq_android: volume index exceed range: 65535
06-28 18:33:08.997   613  2641 I chatty  : uid=1000(system) HwBinder:613_3 expire 21 lines
06-28 18:33:08.999   648  1284 E peq_android: volume index exceed range: 65535
06-28 18:33:09.009  3693  4425 I chatty  : uid=10380(com.github.uiautomator) RenderThread expire 10 lines
06-28 18:33:09.019   648  1284 E peq_android: volume index exceed range: 65535
06-28 18:33:09.039   648  1284 E peq_android: volume index exceed range: 65535
06-28 18:33:09.059   648  1284 E peq_android: volume index exceed range: 65535
06-28 18:33:09.079   648  1284 E peq_android: volume index exceed range: 65535
06-28 18:33:09.097   650   933 I chatty  : uid=1000(system) unnamed expire 10 lines
06-28 18:33:09.100   648  1284 E peq_android: volume index exceed range: 65535
06-28 18:33:09.119   648  1284 E peq_android: volume index exceed range: 65535
06-28 18:33:09.139   648  1284 E peq_android: volume index exceed range: 65535
06-28 18:33:09.159   648  1284 E peq_android: volume index exceed range: 65535
06-28 18:33:09.179   648  1284 E peq_android: volume index exceed range: 65535
06-28 18:33:09.199   648  1284 E peq_android: volume index exceed range: 65535
06-28 18:33:09.219   648  1284 E peq_android: volume index exceed range: 65535
06-28 18:33:09.239   648  1284 E peq_android: volume index exceed range: 65535
06-28 18:33:09.259   648  1284 E peq_android: volume index exceed range: 65535
06-28 18:33:09.278   626  1275 D asd_primary_out: L[0],R[0], continus 20 times!
06-28 18:33:09.279   648  1284 E peq_android: volume index exceed range: 65535
06-28 18:33:09.299   648  1284 E peq_android: volume index exceed range: 65535
06-28 18:33:09.319   648  1284 E peq_android: volume index exceed range: 65535
06-28 18:33:09.339   648  1284 E peq_android: volume index exceed range: 65535
06-28 18:33:09.359   648  1284 E peq_android: volume index exceed range: 65535
06-28 18:33:09.379   648  1284 E peq_android: volume index exceed range: 65535
06-28 18:33:09.399   648  1284 E peq_android: volume index exceed range: 65535
06-28 18:33:09.419   648  1284 E peq_android: volume index exceed range: 65535
06-28 18:33:09.439   648  1284 E peq_android: volume index exceed range: 65535
06-28 18:33:09.459   648  1284 E peq_android: volume index exceed range: 65535
06-28 18:33:09.479   648  1284 E peq_android: volume index exceed range: 65535
06-28 18:33:09.499   648  1284 E peq_android: volume index exceed range: 65535
06-28 18:33:09.519   648  1284 E peq_android: volume index exceed range: 65535
06-28 18:33:09.539   648  1284 E peq_android: volume index exceed range: 65535
06-28 18:33:09.559   648  1284 E peq_android: volume index exceed range: 65535
06-28 18:33:09.579   648  1284 E peq_android: volume index exceed range: 65535
06-28 18:33:09.599   648  1284 E peq_android: volume index exceed range: 65535
06-28 18:33:09.619   648  1284 E peq_android: volume index exceed range: 65535
06-28 18:33:09.639   648  1284 E peq_android: volume index exceed range: 65535
06-28 18:33:09.659   648  1284 E peq_android: volume index exceed range: 65535
06-28 18:33:09.678   626  1275 D asd_primary_out: L[0],R[0], continus 20 times!
06-28 18:33:09.679   648  1284 E peq_android: volume index exceed range: 65535
06-28 18:33:09.699   648  1284 E peq_android: volume index exceed range: 65535
06-28 18:33:09.719   648  1284 E peq_android: volume index exceed range: 65535
06-28 18:33:09.739   648  1284 E peq_android: volume index exceed range: 65535
06-28 18:33:09.759   648  1284 E peq_android: volume index exceed range: 65535
06-28 18:33:09.770  4443  4445 D vndksupport: Loading /vendor/lib64/hw/android.hardware.graphics.mapper@2.0-impl.so from current namespace instead of sphal namespace.
06-28 18:33:09.772  4443  4445 D vndksupport: Loading /vendor/lib64/hw/gralloc.kirin970.so from current namespace instead of sphal namespace.
06-28 18:33:09.779   648  1284 E peq_android: volume index exceed range: 65535
06-28 18:33:09.798   648  1284 E peq_android: volume index exceed range: 65535
06-28 18:33:09.819   648  1284 E peq_android: volume index exceed range: 65535
06-28 18:33:09.839   648  1284 E peq_android: volume index exceed range: 65535
06-28 18:33:09.859   648  1284 E peq_android: volume index exceed range: 65535
06-28 18:33:09.879   648  1284 E peq_android: volume index exceed range: 65535
06-28 18:33:09.899   648  1284 E peq_android: volume index exceed range: 65535
06-28 18:33:09.919   648  1284 E peq_android: volume index exceed range: 65535
06-28 18:33:09.940   648  1284 E peq_android: volume index exceed range: 65535
06-28 18:33:09.959   648  1284 E peq_android: volume index exceed range: 65535
06-28 18:33:09.979   648  1284 E peq_android: volume index exceed range: 65535
06-28 18:33:09.999   648  1284 E peq_android: volume index exceed range: 65535
06-28 18:33:10.019   648  1284 E peq_android: volume index exceed range: 65535
06-28 18:33:10.039   648  1284 E peq_android: volume index exceed range: 65535
06-28 18:33:10.059   648  1284 E peq_android: volume index exceed range: 65535
06-28 18:33:10.079   648  1284 E peq_android: volume index exceed range: 65535
06-28 18:33:10.079   626  1275 D asd_primary_out: L[0],R[0], continus 20 times!
06-28 18:33:10.099   648  1284 E peq_android: volume index exceed range: 65535
06-28 18:33:10.107   646   646 E WifiHAL : enter wifi_get_link_stats
06-28 18:33:10.113  1114  1471 W ProcBatteryStats: timer is not running , not stop, name: android, uid: 1000, tag: dispatcher
06-28 18:33:10.120   648  1284 E peq_android: volume index exceed range: 65535
06-28 18:33:10.140   648  1284 E peq_android: volume index exceed range: 65535
06-28 18:33:10.159   648  1284 E peq_android: volume index exceed range: 65535
06-28 18:33:10.179   648  1284 E peq_android: volume index exceed range: 65535
06-28 18:33:10.199   648  1284 E peq_android: volume index exceed range: 65535
06-28 18:33:10.220   648  1284 E peq_android: volume index exceed range: 65535
06-28 18:33:10.239   648  1284 E peq_android: volume index exceed range: 65535
06-28 18:33:10.259   648  1284 E peq_android: volume index exceed range: 65535
06-28 18:33:10.279   648  1284 E peq_android: volume index exceed range: 65535
06-28 18:33:10.299   648  1284 E peq_android: volume index exceed range: 65535
06-28 18:33:10.308  4353  4353 D AwareBitmapCacher: handleInit disable com.huawei.android.pushagent
06-28 18:33:10.318  1114  1611 I chatty  : uid=1000(system) WiFiArpStateMac expire 2 lines
06-28 18:33:10.319   648  1284 E peq_android: volume index exceed range: 65535
06-28 18:33:10.339   648  1284 E peq_android: volume index exceed range: 65535
06-28 18:33:10.361   648  1284 E peq_android: volume index exceed range: 65535
06-28 18:33:10.379   648  1284 E peq_android: volume index exceed range: 65535
06-28 18:33:10.381   626  1582 I DlbDapDPProcess: process() called [3415500] times
06-28 18:33:10.381  4454  4456 D vndksupport: Loading /vendor/lib64/hw/android.hardware.graphics.mapper@2.0-impl.so from current namespace instead of sphal namespace.
06-28 18:33:10.382  4454  4456 D vndksupport: Loading /vendor/lib64/hw/gralloc.kirin970.so from current namespace instead of sphal namespace.
06-28 18:33:10.400   648  1284 E peq_android: volume index exceed range: 65535
06-28 18:33:10.420   648  1284 E peq_android: volume index exceed range: 65535
06-28 18:33:10.439   648  1284 E peq_android: volume index exceed range: 65535
06-28 18:33:10.458   648  1284 E peq_android: volume index exceed range: 65535
06-28 18:33:10.479   574   594 W SocketListener: sending broadcast to Pid = 1114, Uid = 1000 
06-28 18:33:10.479   626  1275 D asd_primary_out: L[0],R[0], continus 20 times!
06-28 18:33:10.479   648  1284 E peq_android: volume index exceed range: 65535
06-28 18:33:10.480  1114  1555 D NetdConnector: RCV <- {601 limit alert globalAlert wlan0}
06-28 18:33:10.480  1114  1555 D NetdConnector: RCV <- {601 limit alert globalAlert wlan0}
06-28 18:33:10.483  1114  1240 D NetdConnector: RCV unsolicited event from native daemon, event = 601
06-28 18:33:10.485  1114  1240 I NetworkStats: limitReached
06-28 18:33:10.486  1114  1558 I NetworkStats: performPollLocked, pid = 1114
06-28 18:33:10.499   648  1284 E peq_android: volume index exceed range: 65535
06-28 18:33:10.508  1114  1558 W NetworkStatsFactory: mStatsXtProcUid: /proc/net/comm/stats does not exist!
06-28 18:33:10.508  1114  1558 D HwNetworkStatsService: hwRecordUidAndProcSnapshotLocked currentTime = 1561717990484
06-28 18:33:10.519   648  1284 E peq_android: volume index exceed range: 65535
06-28 18:33:10.523  1114  1558 I NetworkStatsFactory: javaReadNetworkStatsUidAndProcDetail. cost time = 14
06-28 18:33:10.539   648  1284 E peq_android: volume index exceed range: 65535
06-28 18:33:10.553  1114  1558 D NetdConnector: SND -> {2538 bandwidth setglobalalert 2097152}
06-28 18:33:10.558  1114  1555 D NetdConnector: RCV <- {200 2538 Bandwidth command succeeeded}
06-28 18:33:10.559   648  1284 E peq_android: volume index exceed range: 65535
06-28 18:33:10.559  1114  1555 D NetdConnector: RCV <- {200 2538 Bandwidth command succeeeded}
06-28 18:33:10.561  2017  2247 E HSM_BG  : NatTrafficNotifyService:imsi is null, so return
06-28 18:33:10.579   648  1284 E peq_android: volume index exceed range: 65535
06-28 18:33:10.600   648  1284 E peq_android: volume index exceed range: 65535
06-28 18:33:10.619   648  1284 E peq_android: volume index exceed range: 65535
06-28 18:33:10.639   648  1284 E peq_android: volume index exceed range: 65535
06-28 18:33:10.659   648  1284 E peq_android: volume index exceed range: 65535
06-28 18:33:10.660  1114  1471 I ActivityManager: Force stopping com.mixgo.PropertySEO appid=10401 user=0: from pid 4460by app
06-28 18:33:10.662  1114  1471 I ActivityManager: Killing 3933:com.mixgo.PropertySEO/u0a401 (adj 0): stop com.mixgo.PropertySEOfrom pid 4460by app
06-28 18:33:10.668  1114  1471 D ActivityManager: cleanUpApplicationRecord app: ProcessRecord{ce16e78 3933:com.mixgo.PropertySEO/u0a401}, app.bad: false, restarting: false, allowRestart: true
06-28 18:33:10.669  1114  1226 I chatty  : uid=1000(system) ActivityManager expire 5 lines
06-28 18:33:10.669  1114  1471 W ActivityManager: Scheduling restart of crashed service com.mixgo.PropertySEO/cn.jpush.android.service.PushService in 1000ms
06-28 18:33:10.672  1114  1471 W ActivityManager: Force removing ActivityRecord{c50b4d5 u0 com.mixgo.PropertySEO/cn.jiguang.unity.push.UnityPluginActivity t215}: app died, no saved state
06-28 18:33:10.679   648  1284 E peq_android: volume index exceed range: 65535
06-28 18:33:10.687  1114  1471 W WindowManager: Failed to take screenshot. No visible windows for {taskId=215 appTokens=[AppWindowToken{68863db token=Token{73414ea ActivityRecord{c50b4d5 u0 com.mixgo.PropertySEO/cn.jiguang.unity.push.UnityPluginActivity t215}}}] mdr=false}
06-28 18:33:10.688  1114  1471 V WindowManager: removeAppToken: AppWindowToken{68863db token=Token{73414ea ActivityRecord{c50b4d5 u0 com.mixgo.PropertySEO/cn.jiguang.unity.push.UnityPluginActivity t215}}} delayed=false Callers=com.android.server.wm.DisplayContent.removeAppToken:1059 com.android.server.wm.AppWindowContainerController.removeContainer:301 com.android.server.am.ActivityRecord.removeWindowContainer:1152 com.android.server.am.ActivityStack.removeActivityFromHistoryLocked:4507 
06-28 18:33:10.688  1114  1471 V WindowManager: removeIfPossible: Window{2176cb4 u0 com.mixgo.PropertySEO/cn.jiguang.unity.push.UnityPluginActivity}
06-28 18:33:10.690  1114  1471 V WindowManager: postWindowRemoveCleanupLocked: Window{2176cb4 u0 com.mixgo.PropertySEO/cn.jiguang.unity.push.UnityPluginActivity}
06-28 18:33:10.690  1114  1471 V WindowManager: Removing Window{2176cb4 u0 com.mixgo.PropertySEO/cn.jiguang.unity.push.UnityPluginActivity} from AppWindowToken{68863db token=Token{73414ea ActivityRecord{c50b4d5 u0 com.mixgo.PropertySEO/cn.jiguang.unity.push.UnityPluginActivity t215}}}
06-28 18:33:10.698   648  1284 E peq_android: volume index exceed range: 65535
06-28 18:33:10.710  1114  1471 W HwActivityManagerServiceEx: setResumedActivityUncheckLocked start call, from: ActivityRecord{c50b4d5 u0 com.mixgo.PropertySEO/cn.jiguang.unity.push.UnityPluginActivity t-1 f}, to: ActivityRecord{bca02ee u0 com.huawei.android.launcher/.unihome.UniHomeLauncher t1}
06-28 18:33:10.710  1114  1471 W HwActivityManagerServiceEx: appSwitch from: com.mixgo.PropertySEO to: com.huawei.android.launcher
06-28 18:33:10.710  1114  1219 W HwActivityManagerServiceEx: HwActivityNotifier end call android.app.IHwActivityNotifier$Stub$Proxy@b0369a4 for returnToHome under user 0 cost 0
06-28 18:33:10.711  1114  1219 W HwActivityManagerServiceEx: HwActivityNotifier end call android.app.IHwActivityNotifier$Stub$Proxy@b3922e9 for appSwitch under user 0 cost 0
06-28 18:33:10.711  1114  1219 W HwActivityManagerServiceEx: HwActivityNotifier end call android.app.IHwActivityNotifier$Stub$Proxy@92d0b6e for appSwitch under user 0 cost 0
06-28 18:33:10.713  1993  4986 D Activity: pivotX = 117.0, pivotY = 1653.0, iconWidth = 170, iconHeight = 170, iconWidth = 170, flag = 0
06-28 18:33:10.715   648 25335 I AudioFlinger: setParameters(): io 0, keyvalue updateAppSilentUid=-1, calling pid 1952 calling uid 1000
06-28 18:33:10.715  1869  2319 I chatty  : uid=1000(system) EmcomThread expire 30 lines
06-28 18:33:10.719   648  1284 E peq_android: volume index exceed range: 65535
06-28 18:33:10.719  1952  2259 I chatty  : uid=1000(system) sdk thread expire 19 lines
06-28 18:33:10.719  1114  1471 D HwPhoneWindowManager: sensorRotation = -1 lastRotation:0
06-28 18:33:10.720  1114  1471 V WindowManager: notifyAppResumed: wasStopped=true AppWindowToken{616761c token=Token{3fbf38f ActivityRecord{bca02ee u0 com.huawei.android.launcher/.unihome.UniHomeLauncher t1}}}
06-28 18:33:10.721  2434  4069 E nearby  : CloseRangeAdapter:no such business type
06-28 18:33:10.728  1114  1471 V WindowManager: Checking 1 opening apps (frozen=false timeout=false), Track: relayout performsurface
06-28 18:33:10.728  1114  1471 V WindowManager: Check opening app=AppWindowToken{616761c token=Token{3fbf38f ActivityRecord{bca02ee u0 com.huawei.android.launcher/.unihome.UniHomeLauncher t1}}}: allDrawn=false startingDisplayed=false startingMoved=false isRelaunching()=false startingWindow=null
06-28 18:33:10.729  1114  1471 I ActivityManager:   Force stopping service ServiceRecord{dbb992b u0 com.mixgo.PropertySEO/cn.jpush.android.service.PushService}
06-28 18:33:10.730  1114  1456 V WindowManager: Checking 1 opening apps (frozen=false timeout=false), Track:  performsurface
06-28 18:33:10.730  1114  1456 V WindowManager: Check opening app=AppWindowToken{616761c token=Token{3fbf38f ActivityRecord{bca02ee u0 com.huawei.android.launcher/.unihome.UniHomeLauncher t1}}}: allDrawn=false startingDisplayed=false startingMoved=false isRelaunching()=false startingWindow=null
06-28 18:33:10.735  1993  2109 E HwLauncher: SettingsEx , no such field.
06-28 18:33:10.735  1993  2109 W HwLauncher: Clock getDataFormat the getSystemString failed.
06-28 18:33:10.736  1993  1993 D ZrHung.AppEyeUiProbe: notify runnable to start.
06-28 18:33:10.736  1993  2135 D ZrHung.AppEyeUiProbe: restart watching
06-28 18:33:10.736  1869  7124 I chatty  : uid=1000(system) Binder:1869_6 expire 3 lines
06-28 18:33:10.737  1114  1827 D HwLocationManagerService: on transact REMOVE_LOCATION_MODE uid is 10401 , packagename is com.mixgo.PropertySEO
06-28 18:33:10.737  1114  1827 D HwLocationManagerService: remove SupervisoryControlProc packagename=com.mixgo.PropertySEO
06-28 18:33:10.737  1114  1827 D HwLocationManagerService:  package has no request send yet
06-28 18:33:10.738   648  1284 D AudioFlinger: updateBypassState(bypass=1)
06-28 18:33:10.738   626  1281 D DlbDlbEffect: handle_EFFECT_CMD_SET_PARAM()
06-28 18:33:10.738   626  1281 D DlbEffectDapDp: updateProcessEnabled(enabled=1, bypassed=1, partialEnabled=0)
06-28 18:33:10.738   626  1281 D DlbCrossfadeProcess: setEnabled transitioning from DAP_ACTIVE state to FADE_TO_BYPASS
06-28 18:33:10.738   626  1281 D DlbEffectDapDp: updateProcessEnabled enter !!
06-28 18:33:10.738  1952  2773 I chatty  : uid=1000(system) GameSdkManagerT expire 5 lines
06-28 18:33:10.738  2461  2612 D WorkSource: i1=0 i2=0 N1=0: insert 2434 com.huawei.iconnect
06-28 18:33:10.738  2461  2612 D WorkSource: Insert in WorkSource{} @ 0 uid 2434 name com.huawei.iconnect
06-28 18:33:10.739  1869  2315 I BoosterSwitchP: notifyUidState do nothing
06-28 18:33:10.739  1869  2315 I DeepNoDisturbP: notifyUidState
06-28 18:33:10.739  1869  2315 I HidataAppQoeP: notifyUidState
06-28 18:33:10.739  1869  2315 I BrowserChrP: notifyUidState
06-28 18:33:10.739 25009 25022 I HiSearch9.0.2.303: [LauncherOverlayService]: LAUNCHER_INTERACTION from launcher and invoke id = -111
06-28 18:33:10.739 25009 25022 I HiSearch9.0.2.303: [LauncherOverlayService]: isOverlayClosed = true
06-28 18:33:10.739 25009 25022 I HiSearch9.0.2.303: [LauncherOverlayService]: LAUNCHER_INTERACTION from launcher and invoke, overlay closed, return. 
06-28 18:33:10.739  2461  2661 D BluetoothAdapter: isLeEnabled(): ON
06-28 18:33:10.741  1667  2234 I bt_stack: [INFO:gatt_api.cc(950)] GATT_Register 88005ae3-501f-6f38-fada-ac47b4923a11
06-28 18:33:10.741  1869  2315 I BoosterSwitchP: notifyUidState do nothing
06-28 18:33:10.741  1869  2315 I DeepNoDisturbP: notifyUidState
06-28 18:33:10.741  1869  2315 I HidataAppQoeP: notifyUidState
06-28 18:33:10.741  1869  2315 I BrowserChrP: notifyUidState
06-28 18:33:10.741  1667  2234 I bt_stack: [INFO:gatt_api.cc(970)] allocated gatt_if=6
06-28 18:33:10.741  1114  1827 I HwNetworkPolicy: onTransact, code = 203
06-28 18:33:10.741  2017  2506 I HwNetworkPolicyManager: getHwUidPolicy uid = 10070 policy = 0
06-28 18:33:10.741  2461  2482 D BluetoothLeScanner: onScannerRegistered() - status=0 scannerId=6 mScannerId=0
06-28 18:33:10.741  1114  1114 V AlarmManager: UninstallReceiver onReceive action:android.intent.action.PACKAGE_RESTARTED
06-28 18:33:10.741  1114  1114 I AlarmManager: remove com.android.server.-$$Lambda$AlarmManagerService$qehVSjTLWvtJYPGgKh2mkJ6ePnk@cb0b376 according to uid:10401
06-28 18:33:10.742  1667  2401 W Bth-btfreeze: BluetoothFreeze:tag: 181  uid: 1000  pid: 2461
06-28 18:33:10.744  1869  1869 I HwCoreAppHelperService: LocalReceiver receives:android.intent.action.PACKAGE_RESTARTED,pkg:com.mixgo.PropertySEO,uid:10401
06-28 18:33:10.745  1969  1969 D CarrierSvcBindHelper: No carrier app for: 0
06-28 18:33:10.745  1114  1114 V NotificationListeners: enabling notification listener for 0: ComponentInfo{com.baidu.searchbox/com.baidu.searchbox.lockscreen.notification.NotificationMonitorService}
06-28 18:33:10.745  3045  3045 E NfcNci  : NfcUtils error: APP do not have nfc permission
06-28 18:33:10.745  3045  3045 E NfcNci  : NfcUtils error: APP do not have nfc permission
06-28 18:33:10.745  1969  1969 D CarrierSvcBindHelper: No carrier app for: 1
06-28 18:33:10.748  1114  1827 D HwGameAssistantController: pid=1993, uid=10070, component=ComponentInfo{com.huawei.android.launcher/com.huawei.android.launcher.unihome.UniHomeLauncher}
06-28 18:33:10.748  1900 15673 I chatty  : uid=1000(system) Binder:1900_B expire 3 lines
06-28 18:33:10.748  1114  1827 I chatty  : uid=1000(system) Binder:1114_8 expire 3 lines
06-28 18:33:10.748  1114  1217 E ProcessInfoCollector: setAwareProcessState: fail to set state! pid: 3933, uid:10401, state:-1
06-28 18:33:10.748  1900  2185 I chatty  : uid=1000(system) OdmfCtrlThread expire 4 lines
06-28 18:33:10.748  1114  1217 E ProcessInfoCollector: getProcessInfo: failed to find this proc 
06-28 18:33:10.748  1114  1219 W HwActivityManagerServiceEx: HwActivityNotifier end call android.app.IHwActivityNotifier$Stub$Proxy@88cf16b for activityLifeState under user 0 cost 0
06-28 18:33:10.748  1993 13270 D HwRecentsTaskUtils: refreshToCache
06-28 18:33:10.748  1993 13270 D HwRecentsTaskUtils: searchFromDate
06-28 18:33:10.749  1114  1114 V NotificationListeners: binding: Intent { act=android.service.notification.NotificationListenerService cmp=com.baidu.searchbox/.lockscreen.notification.NotificationMonitorService (has extras) }
06-28 18:33:10.752  1114  4001 I chatty  : uid=1000(system) HwAPPQoEActivit expire 28 lines
06-28 18:33:10.752  1114  1243 D HwGameAssistantController: UPDATE: mCurFgPkg=com.huawei.android.launcher, mCurFgPid=1993, mCurIsGame=false
06-28 18:33:10.752  1114  1114 W NotificationListeners: Unable to bind notification listener service: Intent { act=android.service.notification.NotificationListenerService cmp=com.baidu.searchbox/.lockscreen.notification.NotificationMonitorService (has extras) }
06-28 18:33:10.752  1114  2469 V WindowManager: Checking 1 opening apps (frozen=false timeout=false), Track: relayout performsurface
06-28 18:33:10.752  1114  1114 W NotificationListeners: Not binding notification listener service ComponentInfo{android/com.android.server.emcom.grabservice.NotificationListener}: service not found
06-28 18:33:10.752  1114  2469 V WindowManager: Check opening app=AppWindowToken{616761c token=Token{3fbf38f ActivityRecord{bca02ee u0 com.huawei.android.launcher/.unihome.UniHomeLauncher t1}}}: allDrawn=false startingDisplayed=false startingMoved=false isRelaunching()=false startingWindow=null
06-28 18:33:10.752  1114  1114 W NotificationAssistants: rebindServices() ignore for NotificationAssistantService
06-28 18:33:10.752  1900  2190 I chatty  : uid=1000(system) OdmfDataThread expire 2 lines
06-28 18:33:10.753  1114  1621 I chatty  : uid=1000(system) HwAPPQoEStateMa expire 46 lines
06-28 18:33:10.753  1114  1619 I chatty  : uid=1000(system) HwArbitrationSt expire 40 lines
06-28 18:33:10.753  6701  6759 I [HwRecSys]OdmfCollectScheduler: handleMessage msg: 6
06-28 18:33:10.753  6701  6759 E [HwRecSys]HwRecSysService: Rec sys service not started.
06-28 18:33:10.754  1114  1827 I HwAudioService: now type = 255,reportForegroundAppType = 255,pkg = null,systemload = 255mVoipOptimizeInGameModetrue
06-28 18:33:10.754  1114  1114 I chatty  : uid=1000 system_server expire 4 lines
06-28 18:33:10.754  1114  2469 V HwPhoneWindowManager: updateSystemUiColorLw window=Window{12f7b0d u0 com.huawei.android.launcher/com.huawei.android.launcher.unihome.UniHomeLauncher},EmuiStyle=-1,StatusBarColor=0xfff2f2f2,NavigationBarColor=0x0, mLastIsEmuiLightStyle=-1, mForceNotchStatusBar=false
06-28 18:33:10.755   648  2158 I AudioFlinger: setParameters(): io 0, keyvalue game_mode=off, calling pid 1114 calling uid 1000
06-28 18:33:10.755  1114  2469 I chatty  : uid=1000(system) Binder:1114_C expire 23 lines
06-28 18:33:10.755   626  1281 I audio_hw_primary: soundtrigger_set_enforce voice_wake value 
06-28 18:33:10.755   626  1281 I spk_dev_interface: spk_set_parameters: use new smartpakit version
06-28 18:33:10.755   626  1281 I audio_hw_primary: update stream types 8
06-28 18:33:10.755   626  1281 I audio_custom: game mode exit.
06-28 18:33:10.756   626  1281 I dsp_soc : set primary algo bypass 0 succ
06-28 18:33:10.758  1993 13270 I RecentsTaskLoadPlan: to show tasks size is 7
06-28 18:33:10.759   648  1284 D AudioFlinger: updateBypassState(bypass=0)
06-28 18:33:10.759   626  1281 D DlbDlbEffect: handle_EFFECT_CMD_SET_PARAM()
06-28 18:33:10.759   626  1281 D DlbEffectDapDp: updateProcessEnabled(enabled=1, bypassed=0, partialEnabled=0)
06-28 18:33:10.759   626  1281 D DlbCrossfadeProcess: setEnabled transitioning from FADE_TO_BYPASS state to FADE_TO_ACTIVE
06-28 18:33:10.759   648  1284 I AudioTrackShared: server obtain null buf part1:0 rear:1085408 front:1085408 mFrameCount:2048
06-28 18:33:10.759   648  1284 E peq_android: volume index exceed range: 65535
06-28 18:33:10.759  1993  1993 W InputMethodManager: startInputReason = 1
