06-28 18:32:49.273  3693  4336 W QueryController: Could not detect idle state.
06-28 18:32:49.275  3693  4336 W AccessibilityInteractionClient: old interaction Id is: -1,current interaction Id is:4
06-28 18:32:49.280  3693  4336 W AccessibilityInteractionClient: old interaction Id is: -1,current interaction Id is:5
06-28 18:32:49.509  1849  1862 D HwLBSService.HwNLPPositionManager: getNLPStatus mNLPErrorcode: 2
06-28 18:32:50.286  3693  4336 W QueryController: Could not detect idle state.
06-28 18:32:50.288  3693  4336 W AccessibilityInteractionClient: old interaction Id is: -1,current interaction Id is:6
06-28 18:32:50.297  3693  4336 W AccessibilityInteractionClient: old interaction Id is: -1,current interaction Id is:7
06-28 18:32:50.367  1869  1976 I DeepNoDisturbP: handleStateChanged reason=8
06-28 18:32:50.367  1869  1976 I HidataAppQoeP: handleStateChanged reason=8
06-28 18:32:50.371  1869  1976 I BrowserChrP: handleStateChanged
06-28 18:32:50.508  1900  5205 I iMonitor: create: 910000007
06-28 18:32:50.508  1900  2069 D NcDft_GnssDataStatisticsManager: increaseGnssStatisticCount, counttype = 6
06-28 18:32:50.509  1900  5205 I iMonitor: create: 910009006
06-28 18:32:50.509  1900  5205 I iMonitor: create: 910009002
06-28 18:32:50.511  1900  5205 I iMonitor: create: 910009005
06-28 18:32:50.513  1900  2069 D NcDft_GnssDataBaseManager: check If statistic database exist, record Count=1
06-28 18:32:50.514  1969  2634 D PhoneInterfaceManager: [PhoneIntfMgr] isUserDataEnabled: subId=0 phoneId=0
06-28 18:32:50.515  1969  2634 D PhoneInterfaceManager: [PhoneIntfMgr] isUserDataEnabled: subId=0 retVal=true
06-28 18:32:50.516  1900  2069 D NcDft_GnssDataBaseManager: writeGnssDB  succ, rowChg=1
06-28 18:32:50.518  1900  5205 D NcDft_CommInfo: bluetooth IllegalAccessException | IllegalArgumentException | InvocationTargetException
06-28 18:32:50.518  1900  5205 D NcDft_CommInfo: bluetooth IllegalAccessException | IllegalArgumentException | InvocationTargetException
06-28 18:32:50.519  1900  5205 I iMonitor: create: 910009012
06-28 18:32:50.520  1900  5205 I iMonitor: send: 910000007
06-28 18:32:50.525   796  1102 I         : DPTEST  EventId is not need Hash
06-28 18:32:50.765  1114  1561 I chatty  : uid=1000(system) WifiService expire 64 lines
06-28 18:32:51.077   574   594 W SocketListener: sending broadcast to Pid = 1114, Uid = 1000 
06-28 18:32:51.078  1114  1555 D NetdConnector: RCV <- {601 limit alert globalAlert wlan0}
06-28 18:32:51.078  1114  1555 D NetdConnector: RCV <- {601 limit alert globalAlert wlan0}
06-28 18:32:51.079  1114  1240 D NetdConnector: RCV unsolicited event from native daemon, event = 601
06-28 18:32:51.081  1114  1240 I NetworkStats: limitReached
06-28 18:32:51.082  1114  1558 I NetworkStats: performPollLocked, pid = 1114
06-28 18:32:51.101  1114  1558 W NetworkStatsFactory: mStatsXtProcUid: /proc/net/comm/stats does not exist!
06-28 18:32:51.101  1114  1558 D HwNetworkStatsService: hwRecordUidAndProcSnapshotLocked currentTime = 1561717971081
06-28 18:32:51.116  1114  1558 I NetworkStatsFactory: javaReadNetworkStatsUidAndProcDetail. cost time = 14
06-28 18:32:51.145  1114  1558 D NetdConnector: SND -> {2530 bandwidth setglobalalert 2097152}
06-28 18:32:51.147  1114  1555 D NetdConnector: RCV <- {200 2530 Bandwidth command succeeeded}
06-28 18:32:51.148  1114  1555 D NetdConnector: RCV <- {200 2530 Bandwidth command succeeeded}
06-28 18:32:51.148  2017  2247 E HSM_BG  : NatTrafficNotifyService:imsi is null, so return
06-28 18:32:51.304  3693  4336 W QueryController: Could not detect idle state.
06-28 18:32:51.307  3693  4336 W AccessibilityInteractionClient: old interaction Id is: -1,current interaction Id is:8
06-28 18:32:51.312  3693  4336 W AccessibilityInteractionClient: old interaction Id is: -1,current interaction Id is:9
06-28 18:32:51.502  1900  2108 D HwWifiStatStore: handleMessage : 200
06-28 18:32:51.842   648  1284 I chatty  : uid=1041(audioserver) AudioOut_D expire 629 lines
06-28 18:32:51.987   646   646 E WifiHAL : enter wifi_get_link_stats
06-28 18:32:52.000  1114  1562 I chatty  : uid=1000(system) WifiStateMachin expire 26 lines
06-28 18:32:52.319  3693  4336 W QueryController: Could not detect idle state.
06-28 18:32:52.322  3693  4336 W AccessibilityInteractionClient: old interaction Id is: -1,current interaction Id is:10
06-28 18:32:52.328  3693  4336 W AccessibilityInteractionClient: old interaction Id is: -1,current interaction Id is:11
06-28 18:32:53.107  1114  1477 D HwBatteryService: onUEvent fcpStatus = 0,scpStatus =0,ovpStatus=0
06-28 18:32:53.108  1114  1477 I HwBatteryService: quick charge status : 0
06-28 18:32:53.108  1114  1477 I HwBatteryService: handleWirelessTxStatus
06-28 18:32:53.108  1114  1477 I HwBatteryService: switch not open, return, mWirelessTxFlag : 0
06-28 18:32:53.109  1114  1477 I UsbDeviceManager: water_intrused state= 0
06-28 18:32:53.336  3693  4336 W QueryController: Could not detect idle state.
06-28 18:32:53.338  3693  4336 W AccessibilityInteractionClient: old interaction Id is: -1,current interaction Id is:12
06-28 18:32:53.344  3693  4336 W AccessibilityInteractionClient: old interaction Id is: -1,current interaction Id is:13
06-28 18:32:53.563   776   776 E Thermal-daemon: [pa_0] temp_new :39  temp_old :38
06-28 18:32:53.564  1952 19959 I ThermalService: Receive temperature change, type: 1, temp: 39 from thermald
06-28 18:32:53.564  1952  2586 D HwThermalStateManager: Thermal type: 1 cur_temperature:39
06-28 18:32:53.565   776   776 E Thermal-daemon: Report temperature: [pa_0] temp :39  report_threshold:1
06-28 18:32:53.689   574   594 W SocketListener: sending broadcast to Pid = 1114, Uid = 1000 
06-28 18:32:53.690  1114  1555 D NetdConnector: RCV <- {601 limit alert globalAlert wlan0}
06-28 18:32:53.691  1114  1555 D NetdConnector: RCV <- {601 limit alert globalAlert wlan0}
06-28 18:32:53.692  1114  1240 D NetdConnector: RCV unsolicited event from native daemon, event = 601
06-28 18:32:53.693  1114  1240 I NetworkStats: limitReached
06-28 18:32:53.694  1114  1558 I NetworkStats: performPollLocked, pid = 1114
06-28 18:32:53.715  1114  1558 W NetworkStatsFactory: mStatsXtProcUid: /proc/net/comm/stats does not exist!
06-28 18:32:53.715  1114  1558 D HwNetworkStatsService: hwRecordUidAndProcSnapshotLocked currentTime = 1561717973693
06-28 18:32:53.729  1114  1558 I NetworkStatsFactory: javaReadNetworkStatsUidAndProcDetail. cost time = 13
06-28 18:32:53.755  1114  1558 D NetdConnector: SND -> {2531 bandwidth setglobalalert 2097152}
06-28 18:32:53.757  1114  1555 D NetdConnector: RCV <- {200 2531 Bandwidth command succeeeded}
06-28 18:32:53.758  1114  1555 D NetdConnector: RCV <- {200 2531 Bandwidth command succeeeded}
06-28 18:32:53.759  2017  2247 E HSM_BG  : NatTrafficNotifyService:imsi is null, so return
06-28 18:32:54.118  1166  1166 I aptouch_daemon: check_afe_status, afe[95 1 X1] [ctrl:X40020 ftr:X100] dif[22 -22] raw[32895 32501] [exp:X0 aN:0 lo:0]
06-28 18:32:54.310  3933  4044 I chatty  : uid=10401(com.mixgo.PropertySEO) com.google.android.webview:sandboxed_process0 expire 617 lines
06-28 18:32:54.349  3693  4336 W QueryController: Could not detect idle state.
06-28 18:32:54.351  3693  4336 W AccessibilityInteractionClient: old interaction Id is: -1,current interaction Id is:14
06-28 18:32:54.359  3693  4336 W AccessibilityInteractionClient: old interaction Id is: -1,current interaction Id is:15
06-28 18:32:54.511  1900  2108 D HwWifiStatStore: handleMessage : 200
06-28 18:32:55.007   646   646 E WifiHAL : enter wifi_get_link_stats
06-28 18:32:55.273  1114  1611 I chatty  : uid=1000(system) WiFiArpStateMac expire 11 lines
06-28 18:32:55.273  1114  1563 I chatty  : uid=1000(system) HwNcChrServiceI expire 2 lines
06-28 18:32:55.274  1900 15673 D NcDft_ServiceImpl: notifyNcDftEvent domain is : 1 ;eventID is: 1101 ;bundle is Bundle[mParcelledData.dataSize=28]
06-28 18:32:55.274  1900  2082 D HwWifiCHRStateManager: handleMessage : 1101
06-28 18:32:55.275  1900 15673 D NcDft_ServiceImpl: notifyNcDftEvent domain is : 1 ;eventID is: 1121 ;bundle is Bundle[mParcelledData.dataSize=84]
06-28 18:32:55.275  1900  2082 D HwWifiCHRStateManager: handleMessage : 1121
06-28 18:32:55.275  1900  2082 E HwCHRWifiRSSIGroupSummery: updatArpSummery mRSSI:0  HwCHRWifiRSSIGroup [rssi_index=4, rtt_tcp_packets=0, rtt_tcp_duration=0, rtt_lan_duration=99537, rtt_lan_failures=0, rtt_lan_succ=1948, rtt_lan_max=995, rtt_lan_min=0,same_area_frequency=0,adjacent_area_frequency=0]
06-28 18:32:55.367  3693  4336 W QueryController: Could not detect idle state.
06-28 18:32:55.369  3693  4336 W AccessibilityInteractionClient: old interaction Id is: -1,current interaction Id is:16
06-28 18:32:55.375  3693  4336 W AccessibilityInteractionClient: old interaction Id is: -1,current interaction Id is:17
06-28 18:32:56.110   574   594 W SocketListener: sending broadcast to Pid = 1114, Uid = 1000 
06-28 18:32:56.111  1114  1555 D NetdConnector: RCV <- {601 limit alert globalAlert wlan0}
06-28 18:32:56.111  1114  1555 D NetdConnector: RCV <- {601 limit alert globalAlert wlan0}
06-28 18:32:56.113  1114  1240 D NetdConnector: RCV unsolicited event from native daemon, event = 601
06-28 18:32:56.115  1114  1240 I NetworkStats: limitReached
06-28 18:32:56.117  1114  1558 I NetworkStats: performPollLocked, pid = 1114
06-28 18:32:56.139  1114  1558 W NetworkStatsFactory: mStatsXtProcUid: /proc/net/comm/stats does not exist!
06-28 18:32:56.139  1114  1558 D HwNetworkStatsService: hwRecordUidAndProcSnapshotLocked currentTime = 1561717976115
06-28 18:32:56.157  1114  1558 I NetworkStatsFactory: javaReadNetworkStatsUidAndProcDetail. cost time = 17
06-28 18:32:56.182  1114  1558 D NetdConnector: SND -> {2532 bandwidth setglobalalert 2097152}
06-28 18:32:56.184  1114  1555 D NetdConnector: RCV <- {200 2532 Bandwidth command succeeeded}
06-28 18:32:56.185  1114  1555 D NetdConnector: RCV <- {200 2532 Bandwidth command succeeeded}
06-28 18:32:56.185  2017  2247 E HSM_BG  : NatTrafficNotifyService:imsi is null, so return
06-28 18:32:56.208   731   731 W irqbalance: type=1400 audit(0.0:36540): avc: denied { dac_override } for capability=1 scontext=u:r:irqbalance:s0 tcontext=u:r:irqbalance:s0 tclass=capability permissive=0
06-28 18:32:56.211   731   731 I irqbalance: Decided to move irq 56 from cpu 0 to cpu 1
06-28 18:32:56.352  1114  1617 I chatty  : uid=1000(system) wifipro_uid_tcp expire 9 lines
06-28 18:32:56.380  3693  4336 W QueryController: Could not detect idle state.
06-28 18:32:56.381  3693  4336 W AccessibilityInteractionClient: old interaction Id is: -1,current interaction Id is:18
06-28 18:32:56.386  3693  4336 W AccessibilityInteractionClient: old interaction Id is: -1,current interaction Id is:19
06-28 18:32:56.780  1952 26416 I DownloadState: 2000 stop download over 30s.
06-28 18:32:57.395  3693  4336 W QueryController: Could not detect idle state.
06-28 18:32:57.398  3693  4336 W AccessibilityInteractionClient: old interaction Id is: -1,current interaction Id is:20
06-28 18:32:57.404  3693  4336 W AccessibilityInteractionClient: old interaction Id is: -1,current interaction Id is:21
06-28 18:32:57.517  1900  2108 D HwWifiStatStore: handleMessage : 200
06-28 18:32:58.027   646   646 E WifiHAL : enter wifi_get_link_stats
06-28 18:32:58.308   650  1510 I chatty  : uid=1000(system) Binder:650_3 expire 5 lines
06-28 18:32:58.410  3693  4336 W QueryController: Could not detect idle state.
06-28 18:32:58.412  3693  4336 W AccessibilityInteractionClient: old interaction Id is: -1,current interaction Id is:22
06-28 18:32:58.417  3693  4336 W AccessibilityInteractionClient: old interaction Id is: -1,current interaction Id is:23
06-28 18:32:58.526   574   594 W SocketListener: sending broadcast to Pid = 1114, Uid = 1000 
06-28 18:32:58.527  1114  1555 D NetdConnector: RCV <- {601 limit alert globalAlert wlan0}
06-28 18:32:58.528  1114  1555 D NetdConnector: RCV <- {601 limit alert globalAlert wlan0}
06-28 18:32:58.529  1114  1240 D NetdConnector: RCV unsolicited event from native daemon, event = 601
06-28 18:32:58.531  1114  1240 I NetworkStats: limitReached
06-28 18:32:58.532  1114  1558 I NetworkStats: performPollLocked, pid = 1114
06-28 18:32:58.555  1114  1558 W NetworkStatsFactory: mStatsXtProcUid: /proc/net/comm/stats does not exist!
06-28 18:32:58.555  1114  1558 D HwNetworkStatsService: hwRecordUidAndProcSnapshotLocked currentTime = 1561717978530
06-28 18:32:58.569  1114  1558 I NetworkStatsFactory: javaReadNetworkStatsUidAndProcDetail. cost time = 13
06-28 18:32:58.590  1114  1558 D NetdConnector: SND -> {2533 bandwidth setglobalalert 2097152}
06-28 18:32:58.595  1114  1555 D NetdConnector: RCV <- {200 2533 Bandwidth command succeeeded}
06-28 18:32:58.595  1114  1555 D NetdConnector: RCV <- {200 2533 Bandwidth command succeeeded}
06-28 18:32:58.596  2017  2247 E HSM_BG  : NatTrafficNotifyService:imsi is null, so return
06-28 18:32:59.426  3693  4336 W QueryController: Could not detect idle state.
06-28 18:32:59.428  3693  4336 W AccessibilityInteractionClient: old interaction Id is: -1,current interaction Id is:24
06-28 18:32:59.436  3693  4336 W AccessibilityInteractionClient: old interaction Id is: -1,current interaction Id is:25
06-28 18:33:00.003  1114  1114 V AlarmManager: Received TIME_TICK alarm; rescheduling
06-28 18:33:00.004  1114  1114 I HwAlarmManagerService: hwSetAlarm listenerTag: time_tick
06-28 18:33:00.021  1724  1724 E DateView: DateView,mCurrentTime: 1561717980021
06-28 18:33:00.032  1724  1724 I EventCenter: EventCenter Get :android.intent.action.TIME_TICK
06-28 18:33:00.055  1724  1724 W HwKeyguardDragHelper: AnimationBlocked 
06-28 18:33:00.064  1724  1724 E ndroid.systemu: No package ID ff found for ID 0xffffffff.
06-28 18:33:00.065  1724  1724 D WeatherHelper: City info empty
06-28 18:33:00.067  1724  1724 E ndroid.systemu: No package ID ff found for ID 0xffffffff.
06-28 18:33:00.068  1724  1724 D WeatherHelper: City info empty
06-28 18:33:00.068  1724  1724 D KeyguardUpdateMonitor: received broadcast android.intent.action.TIME_TICK
06-28 18:33:00.069  1724  1724 D KeyguardUpdateMonitor: handleTimeUpdate
06-28 18:33:00.069  1724  1898 I KeyguardStatusView: Runnable for refresh
06-28 18:33:00.073  1724  1724 D WeatherHelper: City info empty
06-28 18:33:00.073  1993  1993 I HwLauncher: Model  onReceive intent=Intent { act=android.intent.action.TIME_TICK flg=0x50200014 hwFlg=0x900 (has extras) }
06-28 18:33:00.073  1993  1993 I HwLauncher: Model  onReceive user=UserHandle{0}
06-28 18:33:00.095  1724  1724 W HwKeyguardDragHelper: AnimationBlocked 
06-28 18:33:00.104  3116  4559 I Step_LSC: 90003365|processHandleBroadcastAction action:android.intent.action.TIME_TICK
06-28 18:33:00.104  1114  3628 V BroadcastQueue: Finished with ordered broadcast BroadcastRecord{f1f68b5 u-1 android.intent.action.TIME_TICK}
06-28 18:33:00.113  3116  4559 I Step_SPUtils: 90003365|setAliveRecord  success: timestampArg=1561717980104 elapsedRealtimeArg=119179689
06-28 18:33:00.132  1724  1724 D WeatherHelper: City info empty
06-28 18:33:00.133  1724  1724 D DateTimeView: Change to single clock mode!
06-28 18:33:00.134  1724  1724 D WeatherHelper: City info empty
06-28 18:33:00.135  1724  1724 I ColorPickUitls: type = 2
06-28 18:33:00.135  1724  1724 D WeatherHelper: City info empty
06-28 18:33:00.135  1724  1724 D DateTimeView: Change to single clock mode!
06-28 18:33:00.136  1724  1724 D WeatherHelper: City info empty
06-28 18:33:00.136  1724  1724 I ColorPickUitls: type = 2
06-28 18:33:00.442  3693  4336 W QueryController: Could not detect idle state.
06-28 18:33:00.444  3693  4336 W AccessibilityInteractionClient: old interaction Id is: -1,current interaction Id is:26
06-28 18:33:00.448  3693  4336 W AccessibilityInteractionClient: old interaction Id is: -1,current interaction Id is:27
06-28 18:33:00.524  1900  2108 D HwWifiStatStore: handleMessage : 200
06-28 18:33:00.830   574   594 W SocketListener: sending broadcast to Pid = 1114, Uid = 1000 
06-28 18:33:00.832  1114  1555 D NetdConnector: RCV <- {601 limit alert globalAlert wlan0}
06-28 18:33:00.832  1114  1555 D NetdConnector: RCV <- {601 limit alert globalAlert wlan0}
06-28 18:33:00.833  1114  1240 D NetdConnector: RCV unsolicited event from native daemon, event = 601
06-28 18:33:00.835  1114  1240 I NetworkStats: limitReached
06-28 18:33:00.836  1114  1558 I NetworkStats: performPollLocked, pid = 1114
06-28 18:33:00.860  1114  1558 W NetworkStatsFactory: mStatsXtProcUid: /proc/net/comm/stats does not exist!
06-28 18:33:00.860  1114  1558 D HwNetworkStatsService: hwRecordUidAndProcSnapshotLocked currentTime = 1561717980835
06-28 18:33:00.871  1114  1558 I NetworkStatsFactory: javaReadNetworkStatsUidAndProcDetail. cost time = 11
06-28 18:33:00.893  1114  1558 D NetdConnector: SND -> {2534 bandwidth setglobalalert 2097152}
06-28 18:33:00.895  1114  1555 D NetdConnector: RCV <- {200 2534 Bandwidth command succeeeded}
06-28 18:33:00.895  2017  2247 E HSM_BG  : NatTrafficNotifyService:imsi is null, so return
06-28 18:33:00.896  1114  1555 D NetdConnector: RCV <- {200 2534 Bandwidth command succeeeded}
06-28 18:33:01.048   646   646 E WifiHAL : enter wifi_get_link_stats
06-28 18:33:01.212   731   731 W irqbalance: type=1400 audit(0.0:36541): avc: denied { dac_override } for capability=1 scontext=u:r:irqbalance:s0 tcontext=u:r:irqbalance:s0 tclass=capability permissive=0
06-28 18:33:01.216   731   731 I irqbalance: Decided to move irq 56 from cpu 0 to cpu 1
06-28 18:33:01.455  3693  4336 W QueryController: Could not detect idle state.
06-28 18:33:01.457  3693  4336 W AccessibilityInteractionClient: old interaction Id is: -1,current interaction Id is:28
06-28 18:33:01.465  3693  4336 W AccessibilityInteractionClient: old interaction Id is: -1,current interaction Id is:29
06-28 18:33:02.473  3693  4336 W QueryController: Could not detect idle state.
06-28 18:33:02.475  3693  4336 W AccessibilityInteractionClient: old interaction Id is: -1,current interaction Id is:30
06-28 18:33:02.481  3693  4336 W AccessibilityInteractionClient: old interaction Id is: -1,current interaction Id is:31
06-28 18:33:02.559  3693  3702 W System  : A resource failed to call end. 
06-28 18:33:02.566  3693  3702 I chatty  : uid=10380(com.github.uiautomator) FinalizerDaemon identical 39 lines
06-28 18:33:03.165   574   594 W SocketListener: sending broadcast to Pid = 1114, Uid = 1000 
06-28 18:33:03.166  1114  1555 D NetdConnector: RCV <- {601 limit alert globalAlert wlan0}
06-28 18:33:03.166  1114  1555 D NetdConnector: RCV <- {601 limit alert globalAlert wlan0}
06-28 18:33:03.168  1114  1240 D NetdConnector: RCV unsolicited event from native daemon, event = 601
06-28 18:33:03.170  1114  1240 I NetworkStats: limitReached
06-28 18:33:03.171  1114  1558 I NetworkStats: performPollLocked, pid = 1114
06-28 18:33:03.197  1114  1558 W NetworkStatsFactory: mStatsXtProcUid: /proc/net/comm/stats does not exist!
06-28 18:33:03.197  1114  1558 D HwNetworkStatsService: hwRecordUidAndProcSnapshotLocked currentTime = 1561717983170
06-28 18:33:03.211  1114  1558 I NetworkStatsFactory: javaReadNetworkStatsUidAndProcDetail. cost time = 14
06-28 18:33:03.233 30304 30321 E HiApp.DiagnoseReport: ConcurrentGlobalQueue#7{1768} <<< ERROR >>> PingDiagnoseLogger:ping -c 5 stores1.hispace.hicloud.com
06-28 18:33:03.233 30304 30321 E HiApp.DiagnoseReport: PING stores1.hispace.hicloud.com (118.194.55.39) 56(84) bytes of data.
06-28 18:33:03.233 30304 30321 E HiApp.DiagnoseReport: 
06-28 18:33:03.233 30304 30321 E HiApp.DiagnoseReport: --- stores1.hispace.hicloud.com ping statistics ---
06-28 18:33:03.233 30304 30321 E HiApp.DiagnoseReport: 5 packets transmitted, 0 received, 100% packet loss, time 4095ms
06-28 18:33:03.233 30304 30321 E HiApp.DiagnoseReport: ==============
06-28 18:33:03.233 30304 30321 E HiApp.DiagnoseReport: TraceDiagnoseLogger:ping -c 1 -t 30 stores1.hispace.hicloud.com
06-28 18:33:03.233 30304 30321 E HiApp.DiagnoseReport: PING stores1.hispace.hicloud.com (118.194.55.39) 56(84) bytes of data.
06-28 18:33:03.233 30304 30321 E HiApp.DiagnoseReport: 
06-28 18:33:03.233 30304 30321 E HiApp.DiagnoseReport: --- stores1.hispace.hicloud.com ping statistics ---
06-28 18:33:03.233 30304 30321 E HiApp.DiagnoseReport: 1 packets transmitted, 0 received, 100% packet loss, time 0ms
06-28 18:33:03.233 30304 30321 E HiApp.DiagnoseReport: ==============
06-28 18:33:03.233 30304 30321 E HiApp.DiagnoseReport: JspDiagnoseLogger:status:200
06-28 18:33:03.233 30304 30321 E HiApp.DiagnoseReport: content:
06-28 18:33:03.233 30304 30321 E HiApp.DiagnoseReport: 0;active
06-28 18:33:03.239  1114  1558 D NetdConnector: SND -> {2535 bandwidth setglobalalert 2097152}
06-28 18:33:03.241  1114  1555 D NetdConnector: RCV <- {200 2535 Bandwidth command succeeeded}
06-28 18:33:03.241  1114  1555 D NetdConnector: RCV <- {200 2535 Bandwidth command succeeeded}
06-28 18:33:03.241  2017  2247 E HSM_BG  : NatTrafficNotifyService:imsi is null, so return
06-28 18:33:03.487  3693  4336 I chatty  : uid=10380(com.github.uiautomator) NanoHttpd Reque expire 14 lines
06-28 18:33:03.571   776   776 I chatty  : uid=1000(system) /system/bin/thermal-daemon expire 2 lines
06-28 18:33:03.572  1952  2586 I chatty  : uid=1000(system) thermal-core-th expire 6 lines
06-28 18:33:03.573   776   776 E Thermal-daemon: [ap] temp_new :42  temp_old :41
06-28 18:33:03.573   776   776 E Thermal-daemon: Report temperature: [ap] temp :42  report_threshold:1
06-28 18:33:04.067   646   646 E WifiHAL : enter wifi_get_link_stats
06-28 18:33:04.505  3933  4044 I chatty  : uid=10401(com.mixgo.PropertySEO) com.google.android.webview:sandboxed_process0 expire 369 lines
06-28 18:33:04.527  3662  4478 W Conscrypt: Could not set socket write timeout: java.net.SocketException: Socket closed
06-28 18:33:04.528  3662  4478 W Conscrypt: 	at com.google.android.gms.org.conscrypt.Platform.setSocketWriteTimeout(:com.google.android.gms@14799037@14.7.99 (100400-223214910):2)
06-28 18:33:04.528  3662  4478 W Conscrypt: 	at com.google.android.gms.org.conscrypt.ConscryptFileDescriptorSocket.setSoWriteTimeout(:com.google.android.gms@14799037@14.7.99 (100400-223214910):2)
06-28 18:33:04.536  3662  4478 V NativeCrypto: SSL handshake aborted: ssl=0x7297b600c8: I/O error during system call, Connection reset by peer
06-28 18:33:05.117  1114  1471 I AlarmManager: remove alarm:Alarm{944eabb type 0 when 1561718210864 PendingIntent{665090b: PendingIntentRecord{9fb6a2e android broadcastIntent}}android} according to operation:344eb4a
06-28 18:33:05.127  5533  3537 I PushLog3414: [SocketRead_18:29:50-2298]dispatchIntent over(android/:210)
06-28 18:33:05.128  5533  5549 I PushLog3414: [ReceiverDispatcher-331]com.huawei.android.push.intent.MSG_RECEIVED alarm trigger, expectTriggerTime:0, current trigger time:1561717985128(android/:78)
06-28 18:33:05.129  5533  5549 I PushLog3414: [ReceiverDispatcher-331]Device type is :1 [1:NOT_GDPR, 2:GDPR](android/:397)
06-28 18:33:05.129  5533  5549 I PushLog3414: [ReceiverDispatcher-331]msgType: 2 [0:PassBy msg, 1:System notification, 2:normal notification](android/:402)
06-28 18:33:05.129  5533  5549 I PushLog3414: [ReceiverDispatcher-331]enter isSupportCtrlSocketV2, mHasCheckCtrlSocketVersion:true,mIsSupportCtrlSokceV2:true(android/:290)
06-28 18:33:05.130  5533  5549 I PushLog3414: [ReceiverDispatcher-331]ctrlSocket cmd is 2, param is 180(android/:117)
06-28 18:33:05.131  5533  5549 I PushLog3414: [ReceiverDispatcher-331]ctrlSocket success(android/:134)
06-28 18:33:05.133  5533  5549 I PushLog3414: [ReceiverDispatcher-331]needCheckAgreement:true(android/:77)
06-28 18:33:05.133  5533  5549 I PushLog3414: [ReceiverDispatcher-331]disAgree:false(android/:80)
06-28 18:33:05.134  5533  5549 I PushLog3414: [ReceiverDispatcher-331]com.huawei.android.thememanager is in notice white list, not valid token.(android/:110)
06-28 18:33:05.134  5533  5549 I PushLog3414: [ReceiverDispatcher-331]com.huawei.android.thememanager is in notice white list, not valid token.(android/:110)
06-28 18:33:05.136  5533  5549 I PushLog3414: [ReceiverDispatcher-331]areNotificationsEnabledForPackage:true(android/:627)
06-28 18:33:05.137  5533  5549 I PushLog3414: [ReceiverDispatcher-331]areNotificationsEnabledForPackage:true(android/:627)
06-28 18:33:05.138  5533  5549 I PushLog3414: [ReceiverDispatcher-331]com.huawei.android.thememanager  in user 0 ,uid is 10081(android/:651)
06-28 18:33:05.139  5533  5549 I PushLog3414: [ReceiverDispatcher-331]importance:3(android/:672)
06-28 18:33:05.140  5533  5549 I PushLog3414: [ReceiverDispatcher-331]receive a push msg,ctrl state:0, isDawn:false(android/:91)
06-28 18:33:05.142  5533  5549 I PushLog3414: [ReceiverDispatcher-331]areNotificationsEnabledForPackage:true(android/:627)
06-28 18:33:05.142  5533  5549 I PushLog3414: [ReceiverDispatcher-331]send selfshow msg to NC to display.(android/:103)
06-28 18:33:05.144  5533  5549 I PushLog3414: [ReceiverDispatcher-331]isSupportsMultiUsers: true(android/:758)
06-28 18:33:05.146  5533  5549 I PushLog3414: [ReceiverDispatcher-331]process cmdid to send to pushSrv:45, subCmdId:FF(android/:106)
06-28 18:33:05.148  5533  5549 I PushLog3414: [ReceiverDispatcher-331]send msg to remote srv success(android/:110)
06-28 18:33:05.148  5533  5549 I PushLog3414: [ReceiverDispatcher-331]rspPushMessage the response msg is :45,msgId:D757250887250D50,flag:00(android/:696)
06-28 18:33:05.150  1114  1222 I chatty  : uid=1000(system) ActivityManager expire 1 line
06-28 18:33:05.150  1114  1222 V ActivityManager: startProcess: name=com.huawei.android.pushagent app=null knownToBeDead=true thread=null pid=-1
06-28 18:33:05.151  1114  1471 W ProcBatteryStats: timer is running , not start, name: android, uid: 1000, tag: dispatcher
06-28 18:33:05.189  4353  4353 I         : power log dlsym ok
06-28 18:33:05.189  1114  1225 I ActivityManager: Start proc 4353:com.huawei.android.pushagent/u0a74 for broadcast com.huawei.android.pushagent/.PushEventReceiver
06-28 18:33:05.190  1114  1837 E ProcessInfoCollector: getProcessInfo: failed to find this proc 
06-28 18:33:05.197  4353  4353 I droid.pushagen: Reinit property: dalvik.vm.checkjni= false
06-28 18:33:05.200  4353  4353 E droid.pushagen: Not starting debugger since process cannot load the jdwp agent.
06-28 18:33:05.213  4353  4353 D ZrHung.AppEyeUiProbe: AppEyeUIP created.
06-28 18:33:05.217  4353  4353 D ActivityThread: Attach thread to application
06-28 18:33:05.272  4353  4353 I HwLogExceptionInner: Log blacklist 
06-28 18:33:05.279  4353  4353 I droid.pushagen: The ClassLoaderContext is a special shared library.
06-28 18:33:05.300  4353  4367 I HwApiCacheMangerEx: apicache path=/storage/emulated/0 state=mounted key=com.huawei.android.pushagent#10074#256
06-28 18:33:05.301  4353  4367 I HwApiCacheMangerEx: apicache path=/storage/emulated/0 state=mounted key=com.huawei.android.pushagent#10074#0
06-28 18:33:05.302  4353  4353 I AwareBitmapCacher: init processName:com.huawei.android.pushagent pid=4353 uid=10074
06-28 18:33:05.306  4353  4353 I PushLog : [main-1] init NC BI reporter.(/BIReporter.java:51)
06-28 18:33:05.322  4353  4353 I hianalytics: [2019-06-28 18:33:05.320 I/hianalytics/hianalytics 4353:1 null:2]
06-28 18:33:05.322  4353  4353 I hianalytics:  
06-28 18:33:05.322  4353  4353 I hianalytics: ============================================================================
06-28 18:33:05.322  4353  4353 I hianalytics: ====== HiAnalytics-2.0.0.307
06-28 18:33:05.322  4353  4353 I hianalytics: ============================================================================
06-28 18:33:05.322  4353  4367 E MemoryLeakMonitorManager: MemoryLeakMonitor.jar is not exist!
06-28 18:33:05.326  4353  4353 I PushLog : [main-1]push receive broadcast message, Intent:com.huawei.intent.action.PUSH pkgName:com.huawei.android.pushagent(/PushEventReceiver.java:38)
06-28 18:33:05.326  4353  4353 I PushLog90000300: [main-1]action is com.huawei.intent.action.PUSH(pushagent/PushEventReceiver.java:50)
06-28 18:33:05.329  4353  4353 I PushLog90000300: [main-1]run push selfshow(pushagent/PushEventReceiver.java:119)
06-28 18:33:05.330  4353  4353 I PushLog90000300: [main-1]getEmuiLevel:17(pushagent/BaseUtil.java:137)
06-28 18:33:05.333  1114  3628 V BroadcastQueue: Finished with ordered broadcast BroadcastRecord{97f1bd8 u0 com.huawei.intent.action.PUSH}
06-28 18:33:05.338  4353  4373 I PushLog90000300: [Thread-2-1710]exportedFlag:true(pushagent/CommFun.java:828)
06-28 18:33:05.338  4353  4373 I PushLog90000300: [Thread-2-1710]need permission:null(pushagent/CommFun.java:830)
06-28 18:33:05.339  4353  4373 E PushLog90000300: [Thread-2-1710]ClassNotFoundException:java.lang.ClassNotFoundException: dalvik.system.Zygote(pushagent/CommFun.java:213)
06-28 18:33:05.342  4353  4373 I PushLog90000300: [Thread-2-1710]get small icon from com.huawei.android.thememanager(pushagent/NotificationIconUtil.java:279)
06-28 18:33:05.347  4353  4373 E PushLog90000300: [Thread-2-1710]NoSuchFieldException failed,(pushagent/NotificationIconUtil.java:87)
06-28 18:33:05.347  4353  4373 E PushLog90000300: java.lang.NoSuchFieldException: https://wisemarket-img-drcn.dbankcdn.com/wiseoper-mktp-drcn-p01/3E18ECCEFFA7BC548D303551DAB0DF2B.png
06-28 18:33:05.347  4353  4373 E PushLog90000300: 	at java.lang.Class.getField(Class.java:1601)
06-28 18:33:05.347  4353  4373 E PushLog90000300: 	at com.huawei.android.pushselfshow.prepare.NotificationIconUtil.refectTogetResId(NotificationIconUtil.java:62)
06-28 18:33:05.347  4353  4373 E PushLog90000300: 	at com.huawei.android.pushselfshow.prepare.NotificationIconUtil.buildLeftIcon(NotificationIconUtil.java:152)
06-28 18:33:05.347  4353  4373 E PushLog90000300: 	at com.huawei.android.pushselfshow.prepare.PushNotification.getBuilderNotification(PushNotification.java:240)
06-28 18:33:05.347  4353  4373 E PushLog90000300: 	at com.huawei.android.pushselfshow.prepare.PushNotification.showNotification(PushNotification.java:102)
06-28 18:33:05.347  4353  4373 E PushLog90000300: 	at com.huawei.android.pushselfshow.prepare.PushSelfShowThread.run(PushSelfShowThread.java:39)
06-28 18:33:05.354  4353  4373 I PushLog90000300: [Thread-2-1710]proxyHost=null(pushagent/ProxyUtil.java:74)
06-28 18:33:05.354  4353  4373 I PushLog90000300: [Thread-2-1710]proxyPort=-1(pushagent/ProxyUtil.java:93)
06-28 18:33:05.359  4353  4373 D NetworkSecurityConfig: No Network Security Config specified, using platform default
06-28 18:33:05.470  4353  4373 D HwGalleryCacheManagerImpl: mIsEffect:false
06-28 18:33:05.473  4353  4373 D OpenGLRenderer: Skia GL Pipeline
06-28 18:33:05.474  4353  4373 I PushLog90000300: [Thread-2-1710]getEmuiLevel:17(pushagent/BaseUtil.java:137)
06-28 18:33:05.474  4353  4373 I PushLog90000300: [Thread-2-1710]huawei phone, and emui5.0, need not show large icon.(pushagent/NotificationIconUtil.java:189)
06-28 18:33:05.475  4353  4373 I PushLog90000300: [Thread-2-1710]getEmuiLevel:17(pushagent/BaseUtil.java:137)
06-28 18:33:05.477  4353  4373 I PushLog90000300: [Thread-2-1710]uid:10081(pushagent/PushNotification.java:429)
06-28 18:33:05.480  4353  4373 I PushLog90000300: [Thread-2-1710]createChannelForTargetPackage success, target pkg is com.huawei.android.thememanager(pushagent/PushNotification.java:394)
06-28 18:33:05.481  1114  1574 I chatty  : uid=1000(system) ranker expire 1 line
06-28 18:33:05.486  1114  3628 V HwNotificationManagerService: Notification Center targetPkg:com.huawei.android.thememanager
06-28 18:33:05.487  1114  3628 I NotificationService: enqueueNotificationInternal: pkg=com.huawei.android.thememanager id=1874763102 notification=Notification(channel=com.huawei.android.pushagent pri=0 contentView=null vibrate=null sound=default tick defaults=0x1 flags=0x10 color=0x00000000 vis=PRIVATE)
06-28 18:33:05.488  1114  3628 I NotificationService: NC 10074 calling 10081
06-28 18:33:05.497  1114  3628 I NotificationService: enqueueNotificationInternal Channel Info : pkg=com.huawei.android.thememanager id=1874763102 importance =3
06-28 18:33:05.505  4353  4373 I PushLog90000300: [Thread-2-1710] init NC BI reporter.(pushagent/BIReporter.java:51)
06-28 18:33:05.506  4353  4373 I HiAnalytics: [2019-06-28 18:33:05.505 I/hianalytics/HiAnalytics 4353:1710 null:18] Builder.setCollectURL(int type,String collectURL) is execute.
06-28 18:33:05.506  4353  4373 I HiAnalytics: [2019-06-28 18:33:05.506 I/hianalytics/HiAnalytics 4353:1710 null:4] Builder.setChannel(String channel) is execute.
06-28 18:33:05.506  4353  4373 I HiAnalytics: [2019-06-28 18:33:05.506 I/hianalytics/HiAnalytics 4353:1710 null:4] Builder.create() is execute.
06-28 18:33:05.507  4353  4373 I hianalytics: [2019-06-28 18:33:05.507 I/hianalytics/hianalytics 4353:1710 null:2]
06-28 18:33:05.507  4353  4373 I hianalytics:  
06-28 18:33:05.507  4353  4373 I hianalytics: ============================================================================
06-28 18:33:05.507  4353  4373 I hianalytics: ====== HiAnalytics-2.0.0.307
06-28 18:33:05.507  4353  4373 I hianalytics: ============================================================================
06-28 18:33:05.507  4353  4373 I PushLog90000300: [Thread-2-1710]Report BI event, cmd =cosa, msgid = 661527, eventId = 0,notifyId= 1874763102(pushagent/BIReporter.java:109)
06-28 18:33:05.507  1114  1114 V HwNotificationManagerService: isHwSoundAllow pkg=com.huawei.android.thememanager, channelId=com.huawei.android.pushagent, userId=0, cfg=1
06-28 18:33:05.508  4353  4373 I HiAnalytics: [2019-06-28 18:33:05.508 I/hianalytics/HiAnalytics 4353:1710 null:4] HiAnalytics.onEvent(String eventId, Map<String, String> mapValue) is execute.
06-28 18:33:05.509  4353  4373 I HiAnalytics: [2019-06-28 18:33:05.509 I/hianalytics/HiAnalytics 4353:1710 null:4] HiAnalytics.onReport() is execute.
06-28 18:33:05.509  4353  4373 I PushLog90000300: [Thread-2-1710]report success(pushagent/BIReporter.java:138)
06-28 18:33:05.511  1952  2110 I chatty  : uid=1000(system) core expire 73 lines
06-28 18:33:05.512  1114  1114 V NotificationService: Playing sound content://settings/system/notification_sound with attributes AudioAttributes: usage=USAGE_NOTIFICATION content=CONTENT_TYPE_SONIFICATION flags=0x0 tags= bundle=null
06-28 18:33:05.512  1724  5872 I RingtonePlayer: playAsync(uri=content://settings/system/notification_sound, user=UserHandle{0})
06-28 18:33:05.513  1724  5872 I RingtonePlayer: acquireWakeLock. held : false
06-28 18:33:05.523  1724  4384 D MediaPlayerNative: MediaPlayer::setVolume(1.000000, 1.000000)
06-28 18:33:05.526  1114  8995 I chatty  : uid=1000(system) Binder:1114_17 expire 16 lines
06-28 18:33:05.527  1724  4384 W MediaStore: IllegalArgumentException when getDataColumn
06-28 18:33:05.529  1724  4384 I MediaPlayerNative: setDataSource(172, 0, 576460752303423487)
06-28 18:33:05.531   769 13951 D NuPlayer: hw fadein is disabled!
06-28 18:33:05.531   769 13951 D NuPlayerDriver: NuPlayerDriver(0xe6f58700) created, clientPid(1724)
06-28 18:33:05.532  1114  1471 I chatty  : uid=1000(system) Binder:1114_3 expire 9 lines
06-28 18:33:05.533  1667 30663 V AudioManager: mPlaybackCallbackList.size:1
06-28 18:33:05.533   769 13951 D GenericSource: GenericSource
06-28 18:33:05.533   769 13951 I GenericSource: resetDataSource
06-28 18:33:05.533   769 13951 I NuPlayer: setDataSourceAsync fd 37/0/21315 source: 0xe74cbf00
06-28 18:33:05.533   769 13951 I GenericSource: setDataSource 37/0/21315
06-28 18:33:05.533   769 13951 I GenericSource: resetDataSource
06-28 18:33:05.533  1667  2475 D AudioManager: dispatching onPlaybackConfigChanged()
06-28 18:33:05.533   769  4386 I NuPlayer: kWhatSetAudioSink
06-28 18:33:05.533   769  4386 I NuPlayer: kWhatSetDataSource
06-28 18:33:05.534   769 13951 I NuPlayer: prepareAsync
06-28 18:33:05.535   769  4386 I NuPlayer: onMessageReceived kWhatPrepare
06-28 18:33:05.536   769  4387 I GenericSource: onPrepareAsync: mDataSource: 0
06-28 18:33:05.547   769  4387 D GenericSource: FileSource remote
06-28 18:33:05.549   769  4387 I GenericSource: IDataSource(FileSource): 0xe6f563e0 38 0 21315
06-28 18:33:05.550   767 11222 D MediaExtractorFactory: MediaExtractorFactory::CreateFromService  mime:(null)  uid:1013
06-28 18:33:05.554   767 11222 D MediaExtractorFactory: Created an extractor 'OggExtractor' with confidence 0.20
06-28 18:33:05.554   767 11222 I MediaExtractorService: extractor service created name = OggExtractor,  mime = (null),  uid = 1013 
06-28 18:33:05.555   769  4387 I GenericSource: initFromDataSource track[0]: audio/vorbis
06-28 18:33:05.555   769  4387 I GenericSource: initFromDataSource mSources.size(): 1  mIsSecure: 0  mime[0]: audio/vorbis
06-28 18:33:05.555   769  4387 I GenericSource: checkDrmInfo: No PSSH
06-28 18:33:05.556   769  4387 I GenericSource: finishPrepareAsync
06-28 18:33:05.556   769  4386 I NuPlayer: onSourceNotify() kWhatFlagsChanged  FLAG_CAN_PAUSE: 1  FLAG_CAN_SEEK_BACKWARD: 1 
06-28 18:33:05.556   769  4386 I NuPlayer: 				 FLAG_CAN_SEEK_FORWARD: 1  FLAG_CAN_SEEK: 1  FLAG_DYNAMIC_DURATION: 0 
06-28 18:33:05.556   769  4386 I NuPlayer: 				 FLAG_SECURE: 0  FLAG_PROTECTED: 0
06-28 18:33:05.556   769  4387 I NuPlayer: Source::notifyPrepared 0
06-28 18:33:05.556   769  4387 I GenericSource: onPrepareAsync: Done
06-28 18:33:05.556   769  4386 I NuPlayer: NuPlayer::onSourceNotify Source::kWhatPrepared source: 0xe74cbf00
06-28 18:33:05.559  3116  3459 E SQLiteLog: (1) 
06-28 18:33:05.564   574   594 W SocketListener: sending broadcast to Pid = 1114, Uid = 1000 
06-28 18:33:05.565  1114  1555 D NetdConnector: RCV <- {601 limit alert globalAlert wlan0}
06-28 18:33:05.565  1114  1555 D NetdConnector: RCV <- {601 limit alert globalAlert wlan0}
06-28 18:33:05.566  1114  1240 D NetdConnector: RCV unsolicited event from native daemon, event = 601
06-28 18:33:05.569  1114  1240 I NetworkStats: limitReached
06-28 18:33:05.571  1114  1558 I NetworkStats: performPollLocked, pid = 1114
06-28 18:33:05.571  1724  4384 V AudioManager: isMusicActiveRemotely...
06-28 18:33:05.573  1724  4384 V AudioManager: requestAudioFocus  streamType: 5  durationHint: 3
06-28 18:33:05.573  1724  4384 V AudioManager: registerAudioFocusListener...
06-28 18:33:05.576  1724  4384 V PlayerBase: baseStart() piid=2079
06-28 18:33:05.576  1724  4384 I MediaPlayer: [HSM] stayAwake true uid: 10030, pid: 1724
06-28 18:33:05.576  1869  2315 I chatty  : uid=1000(system) Binder:1869_5 expire 37 lines
06-28 18:33:05.577  1724  4384 I MediaPlayerNative: Pid:1724 MediaPlayer::start
06-28 18:33:05.577   769 13951 D NuPlayerDriver: start(0xe6f58700), state is 4, eos is 0
06-28 18:33:05.577  1724  4384 D MediaPlayerNative: Action:start, CurrentState:MEDIA_PLAYER_STARTED
06-28 18:33:05.577   769  4386 I NuPlayer: kWhatStart
06-28 18:33:05.577   769  4386 I NuPlayer: onStart: mCrypto: 0x0 (0)
06-28 18:33:05.577  1724  4383 I RingtonePlayer: releaseWakeLock.
06-28 18:33:05.578  1114  1114 D MediaRouterService: onAudioPlayerActiveStateChanged: uid=10030, active=true, restoreUid=10030
06-28 18:33:05.580   769  4386 I NuPlayer: Renderer::canCreateDirect() = 1 
06-28 18:33:05.581   648  1353 I chatty  : uid=1041(audioserver) Binder:648_3 expire 3 lines
06-28 18:33:05.582   769  4386 W HwExtendedMediaDirect: device is not aux_digital. device 2
06-28 18:33:05.582   769  4386 I GenericSource: start  needStop = 0 
06-28 18:33:05.584  1724  1724 I NotificationInflation1: start: entry=148802864
06-28 18:33:05.585  1667 30663 V AudioManager: mPlaybackCallbackList.size:1
06-28 18:33:05.585  1724  1846 D ReporterUtil:  e id:344 type:{pkg:com.huawei.android.thememanager,hw_type:null,hw_btw:false,onGoing:false,importance:3}
06-28 18:33:05.587  1724  1724 V MediaRouter: onRestoreRoute() : route=RouteInfo{ name=, description=null, status=null, category=RouteCategory{ name= types=ROUTE_TYPE_LIVE_AUDIO ROUTE_TYPE_LIVE_VIDEO  groupable=false }, supportedTypes=ROUTE_TYPE_LIVE_AUDIO ROUTE_TYPE_LIVE_VIDEO , presentationDisplay=null }
06-28 18:33:05.587  1724  1724 V MediaRouter: Selecting route: RouteInfo{ name=, description=null, status=null, category=RouteCategory{ name= types=ROUTE_TYPE_LIVE_AUDIO ROUTE_TYPE_LIVE_VIDEO  groupable=false }, supportedTypes=ROUTE_TYPE_LIVE_AUDIO ROUTE_TYPE_LIVE_VIDEO , presentationDisplay=null }
06-28 18:33:05.587  1667  2475 D AudioManager: dispatching onPlaybackConfigChanged()
06-28 18:33:05.589   776  2993 E Thermal-daemon: current_STD > IT_STD, result invalid. 
06-28 18:33:05.589   776  2993 E Thermal-daemon: device current too high (-54), during charging or current std is invalid. 
06-28 18:33:05.589   776  2993 E Thermal-daemon: latest temp -40000 at 2019/6/28, 10h:33m:5s.
06-28 18:33:05.590   776  2993 E Thermal-daemon: write_fd_value: /sys/class/hw_thermal/temp/ambient failed. count = -1, sizeof(data) = 4096 
06-28 18:33:05.590   776  2993 E Thermal-daemon: write amebient temp to node failed. 
06-28 18:33:05.590  1724  2965 I FakeShadowView: radius12
06-28 18:33:05.591  1724  1724 I NotificationInflation1: finish: entry=148802864
06-28 18:33:05.591  4353  4380 I HiAnalytics: [2019-06-28 18:33:05.591 I/hianalytics/HiAnalytics 4353:1713 null:4] run report
06-28 18:33:05.592  1724  1724 I NotificationInflation2: start: entry=148802864
06-28 18:33:05.593  4353  4380 W StorageUtil: [2019-06-28 18:33:05.593 W/hianalytics/StorageUtil 4353:1713 null:158] getInfoFromFile(): is not found file
06-28 18:33:05.593  1724  2973 I GlobalContext: Runnable for SerialExecutor
06-28 18:33:05.593  1724  2973 I NotificationInflation4: doInBackground is begin
06-28 18:33:05.593  4353  4380 I HiAnalytics: [2019-06-28 18:33:05.593 I/hianalytics/HiAnalytics 4353:1713 null:4] clear data file start!
06-28 18:33:05.597   769  4386 I NuPlayer: startPlaybackTimer() time      119185182245875 (onstart)
06-28 18:33:05.599   769  4386 I NuPlayer: scanning sources haveAudio=0, haveVideo=0
06-28 18:33:05.603   769  4386 I NuPlayer: determineAudioModeChange Renderer::canCreateDirect() = 1
06-28 18:33:05.604  4353  4391 I HiAnalytics: [2019-06-28 18:33:05.603 I/hianalytics/HiAnalytics 4353:1716 null:4]  begin to send event data
06-28 18:33:05.604   769  4386 I NuPlayer: instantiateDecoder audio Decoder
06-28 18:33:05.604   769  4392 E HwExtendedCodec: mime: audio/vorbis matching compontent failed!
06-28 18:33:05.607  4353  4391 I HiAnalytics: [2019-06-28 18:33:05.606 I/hianalytics/HiAnalytics 4353:1716 null:13] sendData RequestId : ae3708fa6322459cbecb08cd86f299ec
06-28 18:33:05.607  1114  1558 W NetworkStatsFactory: mStatsXtProcUid: /proc/net/comm/stats does not exist!
06-28 18:33:05.607  1114  1558 D HwNetworkStatsService: hwRecordUidAndProcSnapshotLocked currentTime = 1561717985570
06-28 18:33:05.607   769  4393 I OMXClient: IOmx service obtained
06-28 18:33:05.608  1724  2973 I NotificationInflation5: doInBackground is end
06-28 18:33:05.608  1724  1724 I NotificationInflation2: finish: entry=148802864
06-28 18:33:05.608  1724  1724 I NotificationInflation3: start: entry=148802864
06-28 18:33:05.609   779  4119 I OMXMaster: makeComponentInstance(OMX.google.vorbis.decoder) in omx@1.0-service process
06-28 18:33:05.612   769  4393 I ACodec  : In onAllocateComponent create compenent, codec name: OMX.google.vorbis.decoder
06-28 18:33:05.612   779  4119 E OMXNodeInstance: setConfig(0xe8128b60:google.vorbis.decoder, ??(0x6f700006)) ERROR: Undefined(0x80001001)
06-28 18:33:05.613   769  4393 W HwExtendedUtils: hw configLocalPlayBack err = -2147483648
06-28 18:33:05.613   769  4393 I HwExtendedCodec: mime is [audio/vorbis] at setAudioFormat
06-28 18:33:05.613   779  4119 E OMXNodeInstance: setConfig(0xe8128b60:google.vorbis.decoder, ConfigPriority(0x6f800002)) ERROR: Undefined(0x80001001)
06-28 18:33:05.613   769  4393 I ACodec  : codec does not support config priority (err -2147483648)
06-28 18:33:05.614   769  4393 I MediaCodec: MediaCodec will operate in async mode
06-28 18:33:05.615   769  4393 I ACodec  : onStart
06-28 18:33:05.616   779  4398 W SimpleSoftOMXComponent: onChangeState mState= 1, mTargetState = 1, state = 2
06-28 18:33:05.616   779  4398 W SimpleSoftOMXComponent: checkTransitions port is not populate
06-28 18:33:05.617  1114  1558 I NetworkStatsFactory: javaReadNetworkStatsUidAndProcDetail. cost time = 9
06-28 18:33:05.617   587   587 W AshmemAllocator: ashmem_create_region(32768) returning hidl_memory(0x79fa42c100, 32768)
06-28 18:33:05.619   587   587 W AshmemAllocator: ashmem_create_region(32768) returning hidl_memory(0x79fa42c100, 32768)
06-28 18:33:05.621   587   587 W AshmemAllocator: ashmem_create_region(32768) returning hidl_memory(0x79fa42c100, 32768)
06-28 18:33:05.622   587   587 W AshmemAllocator: ashmem_create_region(32768) returning hidl_memory(0x79fa42c100, 32768)
06-28 18:33:05.622   779  4119 W SimpleSoftOMXComponent: checkTransitions port is not populate
06-28 18:33:05.625  1724  4394 W HwPhoneLayoutInflater: onCreateView : ClassNotFoundException, In this case we want to let the base class take a crack at it
06-28 18:33:05.626  1724  4394 W HwPhoneLayoutInflater: onCreateView : ClassNotFoundException, In this case we want to let the base class take a crack at it
06-28 18:33:05.626  1724  4397 W HwPhoneLayoutInflater: onCreateView : ClassNotFoundException, In this case we want to let the base class take a crack at it
06-28 18:33:05.626  1724  4397 W HwPhoneLayoutInflater: onCreateView : ClassNotFoundException, In this case we want to let the base class take a crack at it
06-28 18:33:05.629   587   587 W AshmemAllocator: ashmem_create_region(32768) returning hidl_memory(0x79fa42c100, 32768)
06-28 18:33:05.631   587   587 I chatty  : uid=1000(system) allocator@1.0-s identical 2 lines
06-28 18:33:05.631   587   587 W AshmemAllocator: ashmem_create_region(32768) returning hidl_memory(0x79fa42c100, 32768)
06-28 18:33:05.632   779  4119 W SimpleSoftOMXComponent: checkTransitions mState = 1, mTargetState = 2
06-28 18:33:05.633   779  4398 W SimpleSoftOMXComponent: onChangeState mState= 2, mTargetState = 2, state = 3
06-28 18:33:05.633   779  4398 W SimpleSoftOMXComponent: checkTransitions mState = 2, mTargetState = 3
06-28 18:33:05.634  1724  4395 W HwPhoneLayoutInflater: onCreateView : ClassNotFoundException, In this case we want to let the base class take a crack at it
06-28 18:33:05.634  1724  4395 W HwPhoneLayoutInflater: onCreateView : ClassNotFoundException, In this case we want to let the base class take a crack at it
06-28 18:33:05.636  1724  4396 W HwPhoneLayoutInflater: onCreateView : ClassNotFoundException, In this case we want to let the base class take a crack at it
06-28 18:33:05.636  1724  4396 W HwPhoneLayoutInflater: onCreateView : ClassNotFoundException, In this case we want to let the base class take a crack at it
06-28 18:33:05.640  1724  4397 W HwPhoneLayoutInflater: onCreateView : ClassNotFoundException, In this case we want to let the base class take a crack at it
06-28 18:33:05.640  1724  4394 W HwPhoneLayoutInflater: onCreateView : ClassNotFoundException, In this case we want to let the base class take a crack at it
06-28 18:33:05.640  1724  4394 W HwPhoneLayoutInflater: onCreateView : ClassNotFoundException, In this case we want to let the base class take a crack at it
06-28 18:33:05.640  1724  4397 W HwPhoneLayoutInflater: onCreateView : ClassNotFoundException, In this case we want to let the base class take a crack at it
06-28 18:33:05.642  1114  1558 D NetdConnector: SND -> {2536 bandwidth setglobalalert 2097152}
06-28 18:33:05.643  1724  4394 W HwPhoneLayoutInflater: onCreateView : ClassNotFoundException, In this case we want to let the base class take a crack at it
06-28 18:33:05.643  1114  1555 D NetdConnector: RCV <- {200 2536 Bandwidth command succeeeded}
06-28 18:33:05.644  1114  1555 D NetdConnector: RCV <- {200 2536 Bandwidth command succeeeded}
06-28 18:33:05.644   587   587 W AshmemAllocator: ashmem_create_region(32768) returning hidl_memory(0x79fa42c100, 32768)
06-28 18:33:05.645  1724  4397 W HwPhoneLayoutInflater: onCreateView : ClassNotFoundException, In this case we want to let the base class take a crack at it
06-28 18:33:05.647   587   587 W AshmemAllocator: ashmem_create_region(32768) returning hidl_memory(0x79fa42c100, 32768)
06-28 18:33:05.648   587   587 W AshmemAllocator: ashmem_create_region(32768) returning hidl_memory(0x79fa42c100, 32768)
06-28 18:33:05.648  2017  2247 E HSM_BG  : NatTrafficNotifyService:imsi is null, so return
06-28 18:33:05.648   587   587 W AshmemAllocator: ashmem_create_region(32768) returning hidl_memory(0x79fa42c100, 32768)
06-28 18:33:05.649   779  4398 I HwExtendedUtils: Warning: base time clock is rollback!!
06-28 18:33:05.649  1724  4394 W HwPhoneLayoutInflater: onCreateView : ClassNotFoundException, In this case we want to let the base class take a crack at it
06-28 18:33:05.650  1724  4394 W HwPhoneLayoutInflater: onCreateView : ClassNotFoundException, In this case we want to let the base class take a crack at it
06-28 18:33:05.650  1724  4397 W HwPhoneLayoutInflater: onCreateView : ClassNotFoundException, In this case we want to let the base class take a crack at it
06-28 18:33:05.650  1724  4395 W HwPhoneLayoutInflater: onCreateView : ClassNotFoundException, In this case we want to let the base class take a crack at it
06-28 18:33:05.650  1724  4397 W HwPhoneLayoutInflater: onCreateView : ClassNotFoundException, In this case we want to let the base class take a crack at it
06-28 18:33:05.650   769  4389 D NuPlayerRenderer: openAudioSink: open AudioSink in NON-offload mode
06-28 18:33:05.653  1724  4396 W HwPhoneLayoutInflater: onCreateView : ClassNotFoundException, In this case we want to let the base class take a crack at it
06-28 18:33:05.653  1724  4396 W HwPhoneLayoutInflater: onCreateView : ClassNotFoundException, In this case we want to let the base class take a crack at it
06-28 18:33:05.656   648   997 I chatty  : uid=1041(audioserver) ApmAudio expire 6 lines
06-28 18:33:05.659  1724  4396 W HwPhoneLayoutInflater: onCreateView : ClassNotFoundException, In this case we want to let the base class take a crack at it
