06-28 18:32:17.810 31509 31509 D ZrHung.AppEyeUiProbe: notify runnable to start.
06-28 18:32:17.810 31509 31509 D ZrHung.AppEyeUiProbe: stop checker.
06-28 18:32:17.812  1869  1885 I BoosterSwitchP: notifyUidState do nothing
06-28 18:32:17.812  1869  1885 I DeepNoDisturbP: notifyUidState
06-28 18:32:17.812  1869  1885 I HidataAppQoeP: notifyUidState
06-28 18:32:17.812  1869  1885 I BrowserChrP: notifyUidState
06-28 18:32:17.813 31509 31509 D ActivityThread: Remove activity client record, r= ActivityRecord{eabecca token=android.os.BinderProxy@547628 {com.android.packageinstaller/com.android.packageinstaller.permission.ui.GrantPermissionsActivity}} token= android.os.BinderProxy@547628
06-28 18:32:17.814  1114  3628 V WindowManager: removeAppToken: AppWindowToken{f9b586e token=Token{a6c83e9 ActivityRecord{7bf9470 u0 com.android.packageinstaller/.permission.ui.GrantPermissionsActivity t215}}} delayed=false Callers=com.android.server.wm.DisplayContent.removeAppToken:1059 com.android.server.wm.AppWindowContainerController.removeContainer:301 com.android.server.am.ActivityRecord.removeWindowContainer:1152 com.android.server.am.ActivityStack.removeActivityFromHistoryLocked:4507 
06-28 18:32:17.844  1993 26431 D HwRecentsTaskUtils: refreshToCache
06-28 18:32:17.844  1993 26431 D HwRecentsTaskUtils: searchFromDate
06-28 18:32:17.850  1993 26431 I RecentsTaskLoadPlan: to show tasks size is 7
06-28 18:32:17.854   753  1599 E DE N ABT: mergeProcessorOperating:1225: COMPONENT_RGBW already has data, can't add new data with mode(0x1000000), mode:0x16->0x1000016
06-28 18:32:17.884  3933  3933 W UnityGfxDeviceW: type=1400 audit(0.0:36536): avc: granted { create } for name="26075d68ddf16a2666dea06398340ee9" scontext=u:r:untrusted_app:s0:c145,c257,c512,c768 tcontext=u:object_r:sdcardfs:s0:c145,c257,c512,c768 tclass=file
06-28 18:32:17.968  3933  3933 W UnityGfxDeviceW: type=1400 audit(0.0:36537): avc: granted { create } for name="3ab160c9ab33d0243a611239b9c87f7a" scontext=u:r:untrusted_app:s0:c145,c257,c512,c768 tcontext=u:object_r:sdcardfs:s0:c145,c257,c512,c768 tclass=file
06-28 18:32:18.121   468   468 E OEMINFO_NVM_SERVER:  oeminfo_get_info:index(155), oeminfo data not find !!!!
06-28 18:32:18.121   468   468 E OEMINFO_NVM_SERVER:  oeminfo_return_info: oeminfo return info fail.
06-28 18:32:18.121   468   468 E OEMINFO_NVM_SERVER:  oinv_cmd_handler: pid 507, operation oeminfo_getinfo and ret -1 fail.
06-28 18:32:18.121   507   507 E OEMINFO_NVM_CLIENT: oinv_recv_return: RET_FAIL return.
06-28 18:32:18.122   507   507 E OEMINFO_NVM_CLIENT: rmt_oeminfo_get_info: index(155) get data from server fail.
06-28 18:32:18.122   507   507 E         : read_oeminfo_signed_data: failed to get info oeminfo_idx:155 and total_byte:0
06-28 18:32:18.122   507   507 E         : init_oeminfo_signed_data_all:fail to read oeminfo oeminfo_idx:155 and oeminfo_sub_idx:-1
06-28 18:32:18.122   507   507 E         : get_original_data_by_fun_tag_and_sign_type: fail to init signed oeminfo signed all params
06-28 18:32:18.122   507   507 E         : read_udid_number: failed to get udid
06-28 18:32:18.122   507   507 E factory_operator: hw_get_device_info: read udid from oeminfo fail
06-28 18:32:18.240  1114  1114 I HwNormalizedSpline: mOminLevelMode:Day getBrightnessLevel lux =457.0,mDefaultBrightness=44.302532,mOCount=11
06-28 18:32:18.264   650  1521 I chatty  : uid=1000(system) Binder:650_4 expire 4 lines
06-28 18:32:18.273   642  1038 E PF_PH   : [perfRequest:536] PerfRequest failed for pid 635
06-28 18:32:18.273   642  1038 E PF_GENIUS: [perfRequest] perfRequest failed.
06-28 18:32:18.388  1114  1228 I ActivityManager: App 10401/com.mixgo.PropertySEO targets O+, restricted
06-28 18:32:18.391  1114  3628 V BroadcastQueue: Finished with ordered broadcast BroadcastRecord{1a85cb8 u0 cn.jpush.android.intent.REGISTRATION}
06-28 18:32:18.402  1114  3628 D CountryDetector: isValidCountryIso: CN
06-28 18:32:18.423  3933  4218 I chatty  : uid=10401(com.mixgo.PropertySEO) com.google.android.webview:sandboxed_process0 expire 3 lines
06-28 18:32:18.425  1114  1228 I ActivityManager: App 10401/com.mixgo.PropertySEO targets O+, restricted
06-28 18:32:18.429  1114  1817 V BroadcastQueue: Finished with ordered broadcast BroadcastRecord{f3fba91 u0 cn.jpush.android.intent.CONNECTION}
06-28 18:32:18.429  1114  1817 I ActivityManager: App 10401/com.mixgo.PropertySEO targets O+, restricted
06-28 18:32:18.429  3933  4243 I chatty  : uid=10401(com.mixgo.PropertySEO) com.google.android.webview:sandboxed_process0 expire 12 lines
06-28 18:32:18.430  1114  1817 V BroadcastQueue: Finished with ordered broadcast BroadcastRecord{cfcd5f7 u0 cn.jpush.android.intent.ACTION_REPORT_HISTORY}
06-28 18:32:18.430  1114  3628 I AlarmManager: remove alarm:Alarm{4e28c64 type 0 when 1561718227712 PendingIntent{3cd8188: PendingIntentRecord{f61879c com.mixgo.PropertySEO broadcastIntent}}com.mixgo.PropertySEO} according to operation:620cdf6
06-28 18:32:18.439  3933  4245 I chatty  : uid=10401(com.mixgo.PropertySEO) com.google.android.webview:sandboxed_process0 expire 3 lines
06-28 18:32:18.440  1969  5108 W PhoneInterfaceManager: shouldBlockLocation running ...
06-28 18:32:18.442  1969  5108 I PhoneInterfaceManager: shouldBlockLocation  ret:false
06-28 18:32:18.445  1969  5108 W PhoneInterfaceManager: shouldBlockLocation running ...
06-28 18:32:18.447  1969  5108 I PhoneInterfaceManager: shouldBlockLocation  ret:false
06-28 18:32:18.450  1969  5108 W PhoneInterfaceManager: shouldBlockLocation running ...
06-28 18:32:18.452  1969  5108 I PhoneInterfaceManager: shouldBlockLocation  ret:false
06-28 18:32:18.469  1114  1471 D HwLocationManagerService: uid is 10401 , isWifiConn is true , isMobileConn is false
06-28 18:32:18.469  1114  1471 I HwNetworkPolicy: onTransact, code = 203
06-28 18:32:18.469  1114  1471 I HwNetworkPolicyManager: getHwUidPolicy uid = 10401 policy = 0
06-28 18:32:18.469  1114  1471 D HwLocationManagerService: policy is 0 , wifiAccess is true, mobileAccess is true
06-28 18:32:18.469  1114  1471 D HwLocationManagerService: wifiAvaiable is true , mobileAvailable is false
06-28 18:32:18.469  1114  1471 I BackgroundPermManager: pkgName: com.mixgo.PropertySEO,pid: 3933 ,uidOf3RdApk: 10401 ,permType: 2 ,permCfg: 1
06-28 18:32:18.470  1114  1579 I chatty  : uid=1000(system) HwLbsLogger expire 4 lines
06-28 18:32:18.471  1849 25907 I chatty  : uid=1000(system) Binder:1849_8 expire 4 lines
06-28 18:32:18.472  1900  2068 I chatty  : uid=1000(system) NcChrGnssDftMan expire 4 lines
06-28 18:32:18.472  1900  2069 I chatty  : uid=1000(system) GnssDataStatist expire 9 lines
06-28 18:32:18.474  1114  1817 I NetworkStats: openSessionForUsageStats, pid = 1849, pkg = com.huawei.lbs
06-28 18:32:18.474  1114  1817 I NetworkStats: openSessionInternal,pid = 1849
06-28 18:32:18.474  1114  1817 I NetworkStats: performPollLocked, pid = 1114
06-28 18:32:18.482  1114  1817 W NetworkStatsFactory: mStatsXtProcUid: /proc/net/comm/stats does not exist!
06-28 18:32:18.482  1114  1817 D HwNetworkStatsService: hwRecordUidAndProcSnapshotLocked currentTime = 1561717938472
06-28 18:32:18.485  1114  1817 I NetworkStatsFactory: javaReadNetworkStatsUidAndProcDetail. cost time = 3
06-28 18:32:18.491  1114  1817 D HwNetworkStatsService: hwMaybeUidAndProcPersistLocked currentTime = 1561717938472
06-28 18:32:18.506   589  2303 I ArHal   : (ar_data_get_state:1225):id[2]
06-28 18:32:18.507  2017  2247 E HSM_BG  : NatTrafficNotifyService:imsi is null, so return
06-28 18:32:18.508   589  2303 I ArHal   : (ar_data_get_state:1225):id[2]
06-28 18:32:18.509   589  2303 I ArHal   : (ar_data_get_state:1225):id[2]
06-28 18:32:18.512  1114  3628 D WifiService: startScan, pid:1849, uid:1000, appName:com.huawei.lbs
06-28 18:32:18.512  1920  2495 D ARMoudle.HwActivityRecognition: getCurrentActivityExtend
06-28 18:32:18.513   589  2303 I ArHal   : (ar_data_get_state:1225):id[2]
06-28 18:32:18.514  1920  2495 D ARMoudle.HwActivityRecognition: hwActivityEvent:[ ActivityChangedExtendEvent:
06-28 18:32:18.514  1920  2495 D ARMoudle.HwActivityRecognition:     Activity='android.activity_recognition.relative_still', EventType=1, TimestampNs=104713889309269, Confidence=0
06-28 18:32:18.514  1920  2495 D ARMoudle.HwActivityRecognition:     Activity='android.activity_recognition.still', EventType=1, TimestampNs=117942089442914, Confidence=100
06-28 18:32:18.514  1920  2495 D ARMoudle.HwActivityRecognition: ]
06-28 18:32:18.514  1114  3628 D HwWifiService: Get wifiScanStrategy from iAware, WifiScanStrategy = [mCycle=1800000, mTimeStamp=117942089]
06-28 18:32:18.524   776   776 E Thermal-daemon: [shell_frame] temp_new :37  temp_old :36
06-28 18:32:18.525  1952  1990 I chatty  : uid=1000(system) Binder:1952_3 expire 3 lines
06-28 18:32:18.525   776   776 E Thermal-daemon: Report temperature: [shell_frame] temp :37  report_threshold:1
06-28 18:32:18.525   776   776 E Thermal-daemon: [charger_ic] temp_new :40  temp_old :39
06-28 18:32:18.526   776   776 E Thermal-daemon: Report temperature: [charger_ic] temp :40  report_threshold:1
06-28 18:32:18.704 31509 31530 D ZrHung.AppEyeUiProbe: Current Activity:false
06-28 18:32:18.704 31509 31530 D ZrHung.AppEyeUiProbe: not watching, wait.
06-28 18:32:18.708  3933  4244 I chatty  : uid=10401(com.mixgo.PropertySEO) com.google.android.webview:sandboxed_process0 expire 1 line
06-28 18:32:18.711   646   646 E WifiHAL : enter wifi_get_link_stats
06-28 18:32:18.936   642   703 W PF_SYS_WRAPPER: [sysOpenAndWriteStr:83] [GPU] write to /sys/class/devfreq/gpufreq/max_freq failed, errno=22 (Invalid argument) 
06-28 18:32:18.936   642   702 W PF_SYS_WRAPPER: [sysOpenAndWriteStr:83] [CPU_B] write to /sys/devices/system/cpu/cpu4/cpufreq/scaling_max_freq failed, errno=22 (Invalid argument) 
06-28 18:32:18.951   780  9105 I Pged-IPgedBinderService: ****action is 2, pid num is 2***
06-28 18:32:18.951   780  9105 I Pged-Freezer: thawPids
06-28 18:32:19.006  3933  4204 I chatty  : uid=10401(com.mixgo.PropertySEO) com.google.android.webview:sandboxed_process0 expire 2 lines
06-28 18:32:19.046 30304 30321 W HiApp.StoreAgent: pool-12-thread-2{1697} <<< WARN >>> doPostWithDnsParse() error, method:client.installResultRep, url:https://stores1.hispace.hicloud.com/hwmarket/api/encryptApi2, java.net.SocketTimeoutException: timeout
06-28 18:32:19.049 30304 30321 W HiApp.DNSUtil: pool-34-thread-1{1756} <<< WARN >>> getIpListByDNSBackup, DNSRequest, failReason = 3
06-28 18:32:19.051 30304  4254 E HttpRequest: user domainname to request
06-28 18:32:19.238  3933  3949 I chatty  : uid=10401(com.mixgo.PropertySEO) com.google.android.webview:sandboxed_process0 expire 1 line
06-28 18:32:19.356  3933  4257 I chatty  : uid=10401(com.mixgo.PropertySEO) com.google.android.webview:sandboxed_process0 expire 4 lines
06-28 18:32:20.043 30304  4253 E DNSOpenPort: latch.await awaitfinishtrue
06-28 18:32:20.046 30304 30321 E HiApp.StoreAgent: pool-12-thread-2{1697} <<< ERROR >>> invoke store error, exceptionType:SocketTimeoutException, url:https://stores1.hispace.hicloud.com/hwmarket/api/encryptApi2, method:client.installResultRep, retryTimes:0
06-28 18:32:20.055 30304 30321 W HiApp.StoreAgent: pool-12-thread-2{1697} <<< WARN >>> call store error! method:client.installResultRep, responseCode:1, retryTimes:1
06-28 18:32:20.378  1114  1817 I HwPackageManagerServiceEx: now 119139963 optNow true upgrade false BootCompleted true UserSwitching 0
06-28 18:32:20.433   760 31263 D installed: forkNotifyToRMS parcel pid=0, ppid=760, pkg=com.mixgo.PropertySEO, status=1, num=6, time=1561705232
06-28 18:32:20.434   760 31263 V installed: DexInv: --- BEGIN '/data/app/com.mixgo.PropertySEO-Dzq8clkG1tN8YGkScY_uBQ==/base.apk' ---
06-28 18:32:20.435   760 31263 D installed: forkNotifyToRMS parcel pid=4264, ppid=760, pkg=com.mixgo.PropertySEO, status=0, num=0, time=0
06-28 18:32:20.480  4264  4264 I dex2oat : /system/bin/dex2oat --input-vdex-fd=31 --output-vdex-fd=32 --compiler-filter=speed-profile -j1 --profile-file-fd=35 --classpath-dir=/data/app/com.mixgo.PropertySEO-Dzq8clkG1tN8YGkScY_uBQ== --class-loader-context=PCL[] --generate-mini-debug-info --compilation-reason=unknown
06-28 18:32:20.676  1114  1471 V BroadcastQueue: Finished with ordered broadcast BroadcastRecord{f6e0ad0 u0 com.google.android.intent.action.GCM_RECONNECT}
06-28 18:32:20.719  5533  5533 I chatty  : uid=1000(system) com.huawei.android.pushagent.PushService expire 1 line
06-28 18:32:20.720  1114  3628 V BroadcastQueue: Finished with ordered broadcast BroadcastRecord{21fa5ce u0 com.huawei.push.alarm.HEARTBEAT}
06-28 18:32:20.722  5533  5549 I chatty  : uid=1000(system) ReceiverDispatc expire 12 lines
06-28 18:32:20.852  5533  3537 I chatty  : uid=1000(system) SocketRead_18:2 expire 8 lines
06-28 18:32:20.853  1114  1471 I AlarmManager: remove alarm:Alarm{abdaa85 type 0 when 1561717950734 PendingIntent{7528cef: PendingIntentRecord{4f103fc android broadcastIntent}}android} according to operation:49450da
06-28 18:32:20.871  1114  3628 I AlarmManager: remove alarm:Alarm{b4863e8 type 1 when 1561718990710 PendingIntent{ac0869f: PendingIntentRecord{2584693 android broadcastIntent}}android} according to operation:9b36a01
06-28 18:32:21.176   731   731 W irqbalance: type=1400 audit(0.0:36538): avc: denied { dac_override } for capability=1 scontext=u:r:irqbalance:s0 tcontext=u:r:irqbalance:s0 tclass=capability permissive=0
06-28 18:32:21.179   731   731 I irqbalance: Decided to move irq 15 from cpu 0 to cpu 1
06-28 18:32:21.351  3662  3582 I ContentMaintenance: Internal cache bytes used: 0; limit: 100000000; download size: 0
06-28 18:32:21.359  3662  3582 I RealtimeCacheCleanup: Beginning Realtime garbage collection.
06-28 18:32:21.360  3662  3582 I RealtimeCacheCleanup: Finished Realtime garbage collection.
06-28 18:32:21.443  4264  4264 I dex2oat : Explicit concurrent copying GC freed 3189(485KB) AllocSpace objects, 0(0B) LOS objects, 96% free, 62KB/1598KB, paused 96us total 6.341ms
06-28 18:32:21.592  4264  4264 I dex2oat : dex2oat took 1.118s (1.115s cpu) (threads: 1) arena alloc=1402KB (1436496B) java alloc=78KB (80008B) native alloc=2MB (2413528B) free=4MB (4402216B)
06-28 18:32:21.602   760 31263 V installed: DexInv: --- END '/data/app/com.mixgo.PropertySEO-Dzq8clkG1tN8YGkScY_uBQ==/base.apk' (success) ---
06-28 18:32:21.603   760 31263 D installed: forkNotifyToRMS parcel pid=0, ppid=760, pkg=com.mixgo.PropertySEO, status=2, num=0, time=0
06-28 18:32:21.723   646   646 E WifiHAL : enter wifi_get_link_stats
06-28 18:32:22.367  1952  2121 I chatty  : uid=1000(system) cloud_config expire 4 lines
06-28 18:32:22.386  1114  1477 D HwBatteryService: onUEvent fcpStatus = 0,scpStatus =0,ovpStatus=0
06-28 18:32:22.388  1114  1477 I HwBatteryService: quick charge status : 0
06-28 18:32:22.388  1114  1477 I HwBatteryService: handleWirelessTxStatus
06-28 18:32:22.388  1114  1477 I HwBatteryService: switch not open, return, mWirelessTxFlag : 0
06-28 18:32:22.389  1114  1477 I UsbDeviceManager: water_intrused state= 0
06-28 18:32:22.396  1114  1798 I BatteryService: normal charge status : 1
06-28 18:32:22.410  1724  1724 D KeyguardUpdateMonitor: received broadcast android.intent.action.BATTERY_CHANGED
06-28 18:32:22.412  1724  1724 W KeyguardUpdateMonitor: ACTION_BATTERY_CHANGED AMP: 512000; Volt: 4800000
06-28 18:32:22.412  1724  1724 I KgBattery: (last-new)Status: 1 -> 1, chargeState=1 * branch=5
06-28 18:32:22.413  1724  1724 V KeyguardUpdateMonitor: RefreshBatteryInfo isBatteryLow: 100
06-28 18:32:22.413  1724  1724 W KeyguardUpdateMonitor: ChargingSpeed  Wattage: 2457600 ST: 5000000 --> 7500000
06-28 18:32:22.413  1724  1724 I KgBattery: BatteryInfo updated:  4lPC0
06-28 18:32:22.414  1724  1724 W AppHandler: sendMessage with obj100
06-28 18:32:22.414  1724  1724 D KeyguardUpdateMonitor: handleBatteryUpdate
06-28 18:32:22.414  1724  1724 I ColorPickUitls: type = 2
06-28 18:32:22.414  1724  1724 V KeyguardUpdateMonitor: RefreshBatteryInfo isBatteryLow: 100
06-28 18:32:22.414  1724  1724 W HwKgdBArea_BTY: updateBatteryInfo : false  true
06-28 18:32:22.414  1724  1724 W HwKgdBArea_BTY: updateBatteryInfo : false  true
06-28 18:32:22.414  1724  1724 W HwLockScreenPanel: Handle message: 100
06-28 18:32:22.414  1724  1724 W HwLockScreenPanel: refreshBatteryInfo: null
06-28 18:32:22.416  1724  1898 I KeyguardUtils: fpPath=sys/class/hw_power/charger/charge_data/chargerType, value=0
06-28 18:32:22.416  1724  1898 I KeyguardUtils: fpPath=sys/class/hw_power/charger/charge_data/chargerType, value=0
06-28 18:32:22.416  3693  3693 D UIABatteryMonitor: notify battery changed. current level 100
06-28 18:32:22.416  1724  1898 I KeyguardUtils: fpPath=sys/class/hw_power/charger/charge_data/chargerType, value=0
06-28 18:32:22.416  1724  1898 D KgBattery: BatteryInfo2: false; true; true; false; false; true
06-28 18:32:22.500  4270  4270 W dumpsys : type=1400 audit(0.0:36539): avc: denied { read } for name="pipe-max-size" dev="proc" ino=862467 scontext=u:r:shell:s0 tcontext=u:object_r:proc_pipe_conf:s0 tclass=file permissive=0
06-28 18:32:22.600 30304 30321 W HiApp.StoreAgent: pool-8-thread-1{1653} <<< WARN >>> doPostWithDnsParse() error, method:client.diffUpgrade2, url:https://stores1.hispace.hicloud.com/hwmarket/api/storeApi2, java.net.SocketTimeoutException: timeout
06-28 18:32:22.601 30304 30321 W HiApp.DNSUtil: pool-35-thread-1{1760} <<< WARN >>> getIpListByDNSBackup, DNSRequest, failReason = 3
06-28 18:32:22.607 30304 30321 E HiApp.StoreAgent: pool-8-thread-1{1653} <<< ERROR >>> invoke store error, exceptionType:SocketTimeoutException, url:https://stores1.hispace.hicloud.com/hwmarket/api/storeApi2, method:client.diffUpgrade2, retryTimes:0
06-28 18:32:22.617 30304 30321 W HiApp.StoreAgent: pool-8-thread-1{1653} <<< WARN >>> call store error! method:client.diffUpgrade2, responseCode:1, retryTimes:1
06-28 18:32:23.001  1952  2110 I chatty  : uid=1000(system) core expire 13 lines
06-28 18:32:23.223   642   642 E PF_PH   : [perfRequest:536] PerfRequest failed for pid 635
06-28 18:32:23.223   642   642 E PF_GENIUS: [perfRequest] perfRequest failed.
06-28 18:32:23.505  3933  3976 I chatty  : uid=10401(com.mixgo.PropertySEO) com.google.android.webview:sandboxed_process0 expire 2 lines
06-28 18:32:23.524  1969  5108 W PhoneInterfaceManager: shouldBlockLocation running ...
06-28 18:32:23.525  1969  5108 I PhoneInterfaceManager: shouldBlockLocation  ret:false
06-28 18:32:23.527  1849  1905 I chatty  : uid=1000(system) HwLocation expire 6 lines
06-28 18:32:23.532   776   776 E Thermal-daemon: [ap] temp_new :42  temp_old :41
06-28 18:32:23.532  1952 19959 I chatty  : uid=1000(system) Binder:1952_A expire 12 lines
06-28 18:32:23.533   776   776 E Thermal-daemon: Report temperature: [ap] temp :42  report_threshold:1
06-28 18:32:23.584   650   650 I chatty  : uid=1000(system) /system/bin/surfaceflinger expire 93 lines
06-28 18:32:24.334  1114  1561 I chatty  : uid=1000(system) WifiService expire 43 lines
06-28 18:32:24.336  1114  1647 I chatty  : uid=1000(system) HuaweiWifiWatch expire 14 lines
06-28 18:32:24.336  1114  1615 I chatty  : uid=1000(system) HwWifiConnectiv expire 4 lines
06-28 18:32:24.693   635   635 I chatty  : uid=1000(system) hwsched@1.0-ser expire 49 lines
06-28 18:32:24.756   646   646 E WifiHAL : enter wifi_get_link_stats
06-28 18:32:25.974  1724  1724 D StatusBarIconController: setIconVisibility icon is null or visibility not change visibility=false
06-28 18:32:25.978  1724  1724 D StatusBarIconController: setIconVisibility icon is null or visibility not change visibility=false
06-28 18:32:26.502 30304 30321 W HiApp.StoreAgent: pool-12-thread-2{1697} <<< WARN >>> doPostWithDnsParse() error, method:client.installResultRep, url:https://stores1.hispace.hicloud.com/hwmarket/api/encryptApi2, java.net.SocketTimeoutException: timeout
06-28 18:32:26.505 30304 30321 W HiApp.DNSUtil: pool-36-thread-1{1761} <<< WARN >>> getIpListByDNSBackup, DNSRequest, failReason = 3
06-28 18:32:26.509 30304 30321 E HiApp.StoreAgent: pool-12-thread-2{1697} <<< ERROR >>> invoke store error, exceptionType:SocketTimeoutException, url:https://stores1.hispace.hicloud.com/hwmarket/api/encryptApi2, method:client.installResultRep, retryTimes:1
06-28 18:32:26.511  1114  1817 I chatty  : uid=1000(system) Binder:1114_6 expire 24 lines
06-28 18:32:26.519  1849  1890 I chatty  : uid=1000(system) HwPosionManager expire 23 lines
06-28 18:32:26.519 30304 30321 W HiApp.StoreAgent: pool-12-thread-2{1697} <<< WARN >>> call store error! method:client.installResultRep, responseCode:1, retryTimes:2
06-28 18:32:26.521   589  2303 I ArHal   : (ar_data_get_state:1225):id[2]
06-28 18:32:26.543   796  1102 I         : DPTEST  EventId is not need Hash
06-28 18:32:26.805   648  1284 I chatty  : uid=1041(audioserver) AudioOut_D expire 552 lines
06-28 18:32:26.976  1724  1724 D StatusBarIconController: setIconVisibility icon is null or visibility not change visibility=false
06-28 18:32:26.977  1724  1724 D StatusBarIconController: setIconVisibility icon is null or visibility not change visibility=false
06-28 18:32:27.601 31253  4281 D AdBlock_AbsAdRequest: doRequest
06-28 18:32:27.627 31253  4281 D AdBlock_AbsAdRequest: getPostRequestParam param: apps=%5B%7B%22pkgName%22%3A%22com.mixgo.PropertySEO%22%2C%22versionCode%22%3A105%2C%22version%22%3A%221.05%22%7D%5D&buildNumber=EML-AL00+9.0.0.187%28C00E82R1P21%29&clientPackage=com.huawei.systemmanager&emuiVer=EmotionUI_9.0.0&firmwareVersion=9&locale=zh_CN&method=store.getControlStrategy&phoneType=EML-AL00&resolution=1080x2244&sysBits=2&ts=1561717947601&version=9.0.0.356
06-28 18:32:27.628 31253  4281 D HsmJoinRequest: https request.
06-28 18:32:27.631 31253  4281 D HsmJoinRequest: doPostRequest openConnection already!
06-28 18:32:27.631 31253  4281 D HsmGzipRequest: setRequestProperty jsonObject already!
06-28 18:32:27.634 31253  4281 D HsmGzipRequest: Get wakeLock now
06-28 18:32:27.671  1869  2319 I chatty  : uid=1000(system) EmcomThread expire 11 lines
06-28 18:32:27.672  1993  2117 I HwLauncher: SimpleAllAppsList  updatePackage : package[com.mixgo.PropertySEO] matched activity's size is 1 and data List size is 0
06-28 18:32:27.672  1667  1667 D avrcp-Avrcp: isBrowsableListUpdated: false
06-28 18:32:27.674  2017  4283 D HwSignedInfo: com.mixgo.PropertySEO,installer:
06-28 18:32:27.674  2017  4283 W HSM_BG  : SecurityProfileNetwork:no app need to check from network!
06-28 18:32:27.675  3189  3189 I HiBoard_MainView: onReceive intent.getAction() android.intent.action.PACKAGE_CHANGED
06-28 18:32:27.676  3189  3189 I HiBoard_MainView: ACTION_PACKAGE_CHANGED : packageName =com.mixgo.PropertySEO, stopedByuser =false
06-28 18:32:27.679  1993  2117 I HwLauncher: SimpleAllAppsList  findAndUpdateInfoInDB : found 0 shortcutInfo for package[com.mixgo.PropertySEO] in db
06-28 18:32:27.679  1993  2117 I HwLauncher: SimpleAllAppsList  updatePackage do not add new SimpleApplicationInfo,It's in normal now. package = com.mixgo.PropertySEO
06-28 18:32:27.679  1993  2117 W HwLauncher: SimpleLauncherModeNobody to tell about the new app.  Launcher is probably loading.
06-28 18:32:27.679  3045  3045 E NfcNci  : NfcUtils error: APP do not have nfc permission
06-28 18:32:27.680  1969  1969 I SmsApplication: updatedNeeded = true for userId = 0
06-28 18:32:27.682  3045  3045 E NfcNci  : NfcUtils error: APP do not have nfc permission
06-28 18:32:27.682  3045  3045 E NfcNci  : NfcUtils error: APP do not have nfc permission
06-28 18:32:27.687  1114  1114 V NotificationListeners: enabling notification listener for 0: ComponentInfo{com.baidu.searchbox/com.baidu.searchbox.lockscreen.notification.NotificationMonitorService}
06-28 18:32:27.688  1114  1114 V NotificationListeners: binding: Intent { act=android.service.notification.NotificationListenerService cmp=com.baidu.searchbox/.lockscreen.notification.NotificationMonitorService (has extras) }
06-28 18:32:27.689  1114  1114 W NotificationListeners: Unable to bind notification listener service: Intent { act=android.service.notification.NotificationListenerService cmp=com.baidu.searchbox/.lockscreen.notification.NotificationMonitorService (has extras) }
06-28 18:32:27.689  1114  1114 V NotificationListeners: enabling notification listener for 0: ComponentInfo{com.huawei.android.launcher/com.android.launcher.notification.NotificationListener}
06-28 18:32:27.689  1114  1114 V NotificationListeners: binding: Intent { act=android.service.notification.NotificationListenerService cmp=com.huawei.android.launcher/com.android.launcher.notification.NotificationListener (has extras) }
06-28 18:32:27.698  1114  1114 W NotificationListeners: Not binding notification listener service ComponentInfo{android/com.android.server.emcom.grabservice.NotificationListener}: service not found
06-28 18:32:27.698  1114  1114 W NotificationAssistants: rebindServices() ignore for NotificationAssistantService
06-28 18:32:27.700  1114  1114 D SecurityProfileService: updatePackageInformation,packageName:com.mixgo.PropertySEO
06-28 18:32:27.700  1114  1114 D SecurityProfileService: updateDomainPolicies,packageList:[com.mixgo.PropertySEO]
06-28 18:32:27.700  1114  1114 D SecurityProfileService: resolveActiveDomainPolicies packageName com.mixgo.PropertySEO
06-28 18:32:27.700  1114  1114 D SecurityProfileUtils: getInstalledApkPath name success,packageName:com.mixgo.PropertySEO,userId:0,ApkPath:/data/app/com.mixgo.PropertySEO-Dzq8clkG1tN8YGkScY_uBQ==/base.apk
06-28 18:32:27.700  1114  1114 D SecurityProfileService: selected1 policy:{"labels":[]}
06-28 18:32:27.700  1114  1114 D SecurityProfileService: selected2 policy:{"labels":[]}
06-28 18:32:27.701  1114  1560 D NetdConnector: SND -> {2525 firewall set_uid_rule standby 10152 allow}
06-28 18:32:27.701  1114  1114 D SecurityProfileDB: writing: {
06-28 18:32:27.701  1114  1114 D SecurityProfileDB:     "overlay_labels": {},
06-28 18:32:27.701  1114  1114 D SecurityProfileDB:     "domains": {
06-28 18:32:27.701  1114  1114 D SecurityProfileDB:         "com.huawei.smarthome": {
06-28 18:32:27.701  1114  1114 D SecurityProfileDB:             "policy_version": 6,
06-28 18:32:27.701  1114  1114 D SecurityProfileDB:             "apk_digest": {
06-28 18:32:27.701  1114  1114 D SecurityProfileDB:                 "digest_algorithm": "SHA-256",
06-28 18:32:27.701  1114  1114 D SecurityProfileDB:                 "digest": "8kAADpcRny0My5sa9TarBImvXnGs4epGshhmrbOt2Js=",
06-28 18:32:27.701  1114  1114 D SecurityProfileDB:                 "signature_scheme": "v2"
06-28 18:32:27.701  1114  1114 D SecurityProfileDB:             },
06-28 18:32:27.701  1114  1114 D SecurityProfileDB:             "rules": [],
06-28 18:32:27.701  1114  1114 D SecurityProfileDB:             "labels": [
06-28 18:32:27.701  1114  1114 D SecurityProfileDB:                 "NORMAL"
06-28 18:32:27.701  1114  1114 D SecurityProfileDB:             ]
06-28 18:32:27.701  1114  1114 D SecurityProfileDB:         },
06-28 18:32:27.701  1114  1114 D SecurityProfileDB:         "com.ximalaya.ting.android": {
06-28 18:32:27.701  1114  1114 D SecurityProfileDB:             "policy_version": 2,
06-28 18:32:27.701  1114  1114 D SecurityProfileDB:             "apk_digest": {
06-28 18:32:27.701  1114  1114 D SecurityProfileDB:                 "digest_algorithm": "SHA-256",
06-28 18:32:27.701  1114  1114 D SecurityProfileDB:                 "digest": "ltEwA2NUWdvMg5xpCVbO2OYvn5VUqmcGgsUQtvGID08=",
06-28 18:32:27.701  1114  1114 D SecurityProfileDB:                 "signature_scheme": "v2"
06-28 18:32:27.701  1114  1114 D SecurityProfileDB:             },
06-28 18:32:27.701  1114  1114 D SecurityProfileDB:             "rules": [],
06-28 18:32:27.701  1114  1114 D SecurityProfileDB:             "labels": [
06-28 18:32:27.701  1114  1114 D SecurityProfileDB:                 "NORMAL"
06-28 18:32:27.701  1114  1114 D SecurityProfileDB:             ]
06-28 18:32:27.701  1114  1114 D SecurityProfileDB:         },
06-28 18:32:27.701  1114  1114 D SecurityProfileDB:         "com.vmall.client": {
06-28 18:32:27.701  1114  1114 D SecurityProfileDB:             "policy_version": 3,
06-28 18:32:27.701  1114  1114 D SecurityProfileDB:             "apk_digest": {
06-28 18:32:27.701  1114  1114 D SecurityProfileDB:                 "digest_algorithm": "SHA-256",
06-28 18:32:27.701  1114  1114 D SecurityProfileDB:                 "digest": "MjshbEeBIuhNyAmxiJ8bUyQbdfOiMe4LVrdpyfyBLck=",
06-28 18:32:27.701  1114  1114 D SecurityProfileDB:                 "signature_scheme": "v2"
06-28 18:32:27.701  1114  1114 D SecurityProfileDB:             },
06-28 18:32:27.701  1114  1114 D SecurityProfileDB:             "rules": [],
06-28 18:32:27.701  1114  1114 D SecurityProfileDB:             "labels": [
06-28 18:32:27.701  1114  1114 D SecurityProfileDB:                 "NORMAL"
06-28 18:32:27.701  1114  1114 D SecurityProfileDB:             ]
06-28 18:32:27.701  1114  1114 D SecurityProfileDB:         },
06-28 18:32:27.701  1114  1114 D SecurityProfileDB:         "com.sankuai.meituan": {
06-28 18:32:27.701  1114  1114 D SecurityProfileDB:             "policy_version": 3,
06-28 18:32:27.701  1114  1114 D SecurityProfileDB:             "apk_digest": {
06-28 18:32:27.701  1114  1114 D SecurityProfileDB:                 "digest_algorithm": "SHA-256",
06-28 18:32:27.701  1114  1114 D SecurityProfileDB:                 "digest": "DKU1i0LxsGMELL1XP+nvBf2tmfscYNMyOD1Wcn81I\/g=",
06-28 18:32:27.701  1114  1114 D SecurityProfileDB:                 "signature_scheme": "v2"
06-28 18:32:27.701  1114  1114 D SecurityProfileDB:             },
06-28 18:32:27.701  1114  1114 D SecurityProfileDB:             "rules": [],
06-28 18:32:27.701  1114  1114 D SecurityProfileDB:             "labels": [
06-28 18:32:27.701  1114  1114 D SecurityProfileDB:                 "NORMAL"
06-28 18:32:27.701  1114  1114 D SecurityProfileDB:             ]
06-28 18:32:27.701  1114  1114 D SecurityProfileDB:         },
06-28 18:32:27.701  1114  1114 D SecurityProfileDB:         "com.sina.weibo": {
06-28 18:32:27.701  1114  1114 D SecurityProfileDB:             "policy_version": 2,
06-28 18:32:27.701  1114  1114 D SecurityProfileDB:             "apk_digest": {
06-28 18:32:27.701  1114  1114 D SecurityProfileDB:                 "digest_algorithm": "SHA-256",
06-28 18:32:27.701  1114  1114 D SecurityProfileDB:                 "digest": "l944bQfPHpM2fV55AYaYSJEECMdSHqTgLq9mpTzbsdM=",
06-28 18:32:27.701  1114  1114 D SecurityProfileDB:                 "signature_scheme": "v1_manifest"
06-28 18:32:27.701  1114  1114 D SecurityProfileDB:             },
06-28 18:32:27.701  1114  1114 D SecurityProfileDB:             "rules": [],
06-28 18:32:27.701  1114  1114 D SecurityProfileDB:             "labels": [
06-28 18:32:27.701  1114  1114 D SecurityProfileDB:                 "NORMAL"
06-28 18:32:27.701  1114  1114 D SecurityProfileDB:             ]
06-28 18:32:27.701  1114  1114 D SecurityProfileDB:         },
06-28 18:32:27.701  1114  1114 D SecurityProfileDB:         "com.jingdong.app.mall": {
06-28 18:32:27.701  1114  1114 D SecurityProfileDB:             "policy_version": 5,
06-28 18:32:27.701  1114  1114 D SecurityProfileDB:             "apk_digest": {
06-28 18:32:27.701  1114  1114 D SecurityProfileDB:                 "digest_algorithm": "SHA-256",
06-28 18:32:27.701  1114  1114 D SecurityProfileDB:                 "digest": "99vPRWT72SI4wpJtYTyp73R7n8DsnfCYKdJeFo\/XwQ4=",
06-28 18:32:27.701  1114  1114 D SecurityProfileDB:                 "signature_scheme": "v2"
06-28 18:32:27.701  1114  1114 D SecurityProfileDB:             },
06-28 18:32:27.701  1114  1114 D SecurityProfileDB:             "rules": [],
06-28 18:32:27.701  1114  1114 D SecurityProfileDB:             "labels": [
06-28 18:32:27.701  1114  1114 D SecurityProfileDB:                 "NORMAL"
06-28 18:32:27.701  1114  1114 D SecurityProfileDB:             ]
06-28 18:32:27.701  1114  1114 D SecurityProfileDB:         },
06-28 18:32:27.701  1114  1114 D SecurityProfileDB:         "com.huawei.skytone": {
06-28 18:32:27.701  1114  1114 D SecurityProfileDB:             "policy_version": 5,
06-28 18:32:27.701  1114  1114 D SecurityProfileDB:             "apk_digest": {
06-28 18:32:27.701  1114  1114 D SecurityProfileDB:                 "digest_algorithm": "SHA-256",
06-28 18:32:27.701  1114  1114 D SecurityProfileDB:                 "digest": "bQkvtDA621g+R22lmNBqKIBF1uTK9VrNkTR2wBkOVlo=",
06-28 18:32:27.701  1114  1114 D SecurityProfileDB:                 "signature_scheme": "v1_manifest"
06-28 18:32:27.701  1114  1114 D SecurityProfileDB:             },
06-28 18:32:27.701  1114  1114 D SecurityProfileDB:             "rules": [],
06-28 18:32:27.701  1114  1114 D SecurityProfileDB:             "labels": [
06-28 18:32:27.701  1114  1114 D SecurityProfileDB:                 "NORMAL"
06-28 18:32:27.701  1114  1114 D SecurityProfileDB:             ]
06-28 18:32:27.701  1114  1114 D SecurityProfileDB:         },
06-28 18:32:27.701  1114  1114 D SecurityProfileDB:         "com.netease.cloudmusic": {
06-28 18:32:27.701  1114  1114 D SecurityProfileDB:             "policy_version": 2,
06-28 18:32:27.701  1114  1114 D SecurityProfileDB:             "apk_digest": {
06-28 18:32:27.701  1114  1114 D SecurityProfileDB:                 "digest_algorithm": "SHA-256",
06-28 18:32:27.701  1114  1114 D SecurityProfileDB:                 "digest": "AyxPO+T8EMGK\/g8wVSPiiO2znTSj\/u2HjrUHL94IaQI=",
06-28 18:32:27.701  1114  1114 D SecurityProfileDB:                 "signature_scheme": "v2"
06-28 18:32:27.701  1114  1114 D SecurityProfileDB:             },
06-28 18:32:27.701  1114  1114 D SecurityProfileDB:             "rules": [],
06-28 18:32:27.701  1114  1114 D SecurityProfileDB:             "labels": [
06-28 18:32:27.701  1114  1114 D SecurityProfileDB:                 "NORMAL"
06-28 18:32:27.701  1114  1114 D SecurityProfileDB:             ]
06-28 18:32:27.701  1114  1114 D SecurityProfileDB:         },
06-28 18:32:27.701  1114  1114 D SecurityProfileDB:         "com.taobao.taobao": {
06-28 18:32:27.701  1114  1114 D SecurityProfileDB:             "policy_version": 3,
06-28 18:32:27.701  1114  1114 D SecurityProfileDB:             "apk_digest": {
06-28 18:32:27.701  1114  1114 D SecurityProfileDB:                 "digest_algorithm": "SHA-256",
06-28 18:32:27.701  1114  1114 D SecurityProfileDB:                 "digest": "Yc7yPxAixudfqvGFqS0oj7SvZRpuvuvMlU44navCvW8=",
06-28 18:32:27.701  1114  1114 D SecurityProfileDB:                 "signature_scheme": "v2"
06-28 18:32:27.701  1114  1114 D SecurityProfileDB:             },
06-28 18:32:27.701  1114  1114 D SecurityProfileDB:             "rules": [],
06-28 18:32:27.701  1114  1114 D SecurityProfileDB:             "labels": [
06-28 18:32:27.701  1114  1114 D SecurityProfileDB:                 "NORMAL"
06-28 18:32:27.701  1114  1114 D SecurityProfileDB:             ]
06-28 18:32:27.701  1114  1114 D SecurityProfileDB:         },
06-28 18:32:27.701  1114  1114 D SecurityProfileDB:         "com.microsoft.translator": {
06-28 18:32:27.701  1114  1114 D SecurityProfileDB:             "policy_version": 3,
06-28 18:32:27.701  1114  1114 D SecurityProfileDB:             "apk_digest": {
06-28 18:32:27.701  1114  1114 D SecurityProfileDB:                 "digest_algorithm": "SHA-256",
06-28 18:32:27.701  1114  1114 D SecurityProfileDB:                 "digest": "h7kdJ8VdY8vQT9aOfNo\/9PNwLECu4pmbofPgVoqUMM0=",
06-28 18:32:27.701  1114  1114 D SecurityProfileDB:                 "signature_scheme": "v1_manifest"
06-28 18:32:27.701  1114  1114 D SecurityProfileDB:             },
06-28 18:32:27.701  1114  1114 D SecurityProfileDB:             "rules": [],
06-28 18:32:27.701  1114  1114 D SecurityProfileDB:             "labels": [
06-28 18:32:27.701  1114  1114 D SecurityProfileDB:                 "NORMAL"
06-28 18:32:27.701  1114  1114 D SecurityProfileDB:             ]
06-28 18:32:27.701  1114  1114 D SecurityProfileDB:         },
06-28 18:32:27.701  1114  1114 D SecurityProfileDB:         "com.ss.android.article.news": {
06-28 18:32:27.701  1114  1114 D SecurityProfileDB:             "policy_version": 5,
06-28 18:32:27.701  1114  1114 D SecurityProfileDB:             "apk_digest": {
06-28 18:32:27.701  1114  1114 D SecurityProfileDB:                 "digest_algorithm": "SHA-256",
06-28 18:32:27.701  1114  1114 D SecurityProfileDB:                 "digest": "lUcykKsy6QxUGySDftJZyPcPXJR90W3wbtmKuHFjPGI=",
06-28 18:32:27.701  1114  1114 D SecurityProfileDB:                 "signature_scheme
06-28 18:32:27.703   516   516 I HisiKeyMaster: hisi_km_get_key_characteristics start
06-28 18:32:27.703   516   516 I HisiKeyMaster: Disable the enhanced crypto!
06-28 18:32:27.703   516   516 E teec_app_load: realpath open file erro(No such file or directory), path=/vendor/bin/07070707-0707-0707-0707-070707070707.sec
06-28 18:32:27.707  1114  1555 D NetdConnector: RCV <- {200 2525 Firewall command succeeded}
06-28 18:32:27.708  1114  1555 D NetdConnector: RCV <- {200 2525 Firewall command succeeded}
06-28 18:32:27.709  1969  1969 D CarrierSvcBindHelper: No carrier app for: 0
06-28 18:32:27.709  1969  1969 D CarrierSvcBindHelper: No carrier app for: 1
06-28 18:32:27.713  1114  1560 D NetdConnector: SND -> {2526 firewall set_uid_rule standby 10033 allow}
06-28 18:32:27.713   516   516 I HisiKeyMaster: hisi_km_get_key_characteristics success
06-28 18:32:27.714   516   516 I HisiKeyMaster: hisi_km_begin start
06-28 18:32:27.714   516   516 I HisiKeyMaster: Disable the enhanced crypto!
06-28 18:32:27.714   516   516 E teec_app_load: realpath open file erro(No such file or directory), path=/vendor/bin/07070707-0707-0707-0707-070707070707.sec
06-28 18:32:27.718  1114  1555 D NetdConnector: RCV <- {200 2526 Firewall command succeeded}
06-28 18:32:27.718  1114  1555 D NetdConnector: RCV <- {200 2526 Firewall command succeeded}
06-28 18:32:27.721   516   516 I HisiKeyMaster: out_params_buffer_len = 32
06-28 18:32:27.721   516   516 I HisiKeyMaster: hisi_km_begin success
06-28 18:32:27.723   516   516 I HisiKeyMaster: Disable the enhanced crypto!
06-28 18:32:27.723   516   516 E teec_app_load: realpath open file erro(No such file or directory), path=/vendor/bin/07070707-0707-0707-0707-070707070707.sec
06-28 18:32:27.753   516   516 I HisiKeyMaster: hisi_km_finish start
06-28 18:32:27.753   516   516 I HisiKeyMaster: Disable the enhanced crypto!
06-28 18:32:27.753   516   516 E teec_app_load: realpath open file erro(No such file or directory), path=/vendor/bin/07070707-0707-0707-0707-070707070707.sec
06-28 18:32:27.775   516   516 I HisiKeyMaster: output data size=16
06-28 18:32:27.775   516   516 I HisiKeyMaster: hisi_km_finish success
06-28 18:32:27.777  1114  1114 D SecurityProfileUtils: getInstalledApkPath name success,packageName:com.mixgo.PropertySEO,userId:0,ApkPath:/data/app/com.mixgo.PropertySEO-Dzq8clkG1tN8YGkScY_uBQ==/base.apk
06-28 18:32:27.778  1114  1114 E SecurityProfileService: Not found Exception No APK Signature Scheme v2 block in APK Signing Block
06-28 18:32:27.778  1114  1114 I SecurityProfileService: update PackageSigned Info Action:put, packageName:com.mixgo.PropertySEO,hasValidPolicy:false
06-28 18:32:27.779  1114  1114 D SecurityProfileDB: writing: {
06-28 18:32:27.779  1114  1114 D SecurityProfileDB:     "overlay_labels": {},
06-28 18:32:27.779  1114  1114 D SecurityProfileDB:     "domains": {
06-28 18:32:27.779  1114  1114 D SecurityProfileDB:         "com.huawei.smarthome": {
06-28 18:32:27.779  1114  1114 D SecurityProfileDB:             "policy_version": 6,
06-28 18:32:27.779  1114  1114 D SecurityProfileDB:             "apk_digest": {
06-28 18:32:27.779  1114  1114 D SecurityProfileDB:                 "digest_algorithm": "SHA-256",
06-28 18:32:27.779  1114  1114 D SecurityProfileDB:                 "digest": "8kAADpcRny0My5sa9TarBImvXnGs4epGshhmrbOt2Js=",
06-28 18:32:27.779  1114  1114 D SecurityProfileDB:                 "signature_scheme": "v2"
06-28 18:32:27.779  1114  1114 D SecurityProfileDB:             },
06-28 18:32:27.779  1114  1114 D SecurityProfileDB:             "rules": [],
06-28 18:32:27.779  1114  1114 D SecurityProfileDB:             "labels": [
06-28 18:32:27.779  1114  1114 D SecurityProfileDB:                 "NORMAL"
06-28 18:32:27.779  1114  1114 D SecurityProfileDB:             ]
06-28 18:32:27.779  1114  1114 D SecurityProfileDB:         },
06-28 18:32:27.779  1114  1114 D SecurityProfileDB:         "com.ximalaya.ting.android": {
06-28 18:32:27.779  1114  1114 D SecurityProfileDB:             "policy_version": 2,
06-28 18:32:27.779  1114  1114 D SecurityProfileDB:             "apk_digest": {
06-28 18:32:27.779  1114  1114 D SecurityProfileDB:                 "digest_algorithm": "SHA-256",
06-28 18:32:27.779  1114  1114 D SecurityProfileDB:                 "digest": "ltEwA2NUWdvMg5xpCVbO2OYvn5VUqmcGgsUQtvGID08=",
06-28 18:32:27.779  1114  1114 D SecurityProfileDB:                 "signature_scheme": "v2"
06-28 18:32:27.779  1114  1114 D SecurityProfileDB:             },
06-28 18:32:27.779  1114  1114 D SecurityProfileDB:             "rules": [],
06-28 18:32:27.779  1114  1114 D SecurityProfileDB:             "labels": [
06-28 18:32:27.779  1114  1114 D SecurityProfileDB:                 "NORMAL"
06-28 18:32:27.779  1114  1114 D SecurityProfileDB:             ]
06-28 18:32:27.779  1114  1114 D SecurityProfileDB:         },
06-28 18:32:27.779  1114  1114 D SecurityProfileDB:         "com.vmall.client": {
06-28 18:32:27.779  1114  1114 D SecurityProfileDB:             "policy_version": 3,
06-28 18:32:27.779  1114  1114 D SecurityProfileDB:             "apk_digest": {
06-28 18:32:27.779  1114  1114 D SecurityProfileDB:                 "digest_algorithm": "SHA-256",
06-28 18:32:27.779  1114  1114 D SecurityProfileDB:                 "digest": "MjshbEeBIuhNyAmxiJ8bUyQbdfOiMe4LVrdpyfyBLck=",
06-28 18:32:27.779  1114  1114 D SecurityProfileDB:                 "signature_scheme": "v2"
06-28 18:32:27.779  1114  1114 D SecurityProfileDB:             },
06-28 18:32:27.779  1114  1114 D SecurityProfileDB:             "rules": [],
06-28 18:32:27.779  1114  1114 D SecurityProfileDB:             "labels": [
06-28 18:32:27.779  1114  1114 D SecurityProfileDB:                 "NORMAL"
06-28 18:32:27.779  1114  1114 D SecurityProfileDB:             ]
06-28 18:32:27.779  1114  1114 D SecurityProfileDB:         },
06-28 18:32:27.779  1114  1114 D SecurityProfileDB:         "com.sankuai.meituan": {
06-28 18:32:27.779  1114  1114 D SecurityProfileDB:             "policy_version": 3,
06-28 18:32:27.779  1114  1114 D SecurityProfileDB:             "apk_digest": {
06-28 18:32:27.779  1114  1114 D SecurityProfileDB:                 "digest_algorithm": "SHA-256",
06-28 18:32:27.779  1114  1114 D SecurityProfileDB:                 "digest": "DKU1i0LxsGMELL1XP+nvBf2tmfscYNMyOD1Wcn81I\/g=",
06-28 18:32:27.779  1114  1114 D SecurityProfileDB:                 "signature_scheme": "v2"
06-28 18:32:27.779  1114  1114 D SecurityProfileDB:             },
06-28 18:32:27.779  1114  1114 D SecurityProfileDB:             "rules": [],
06-28 18:32:27.779  1114  1114 D SecurityProfileDB:             "labels": [
06-28 18:32:27.779  1114  1114 D SecurityProfileDB:                 "NORMAL"
06-28 18:32:27.779  1114  1114 D SecurityProfileDB:             ]
06-28 18:32:27.779  1114  1114 D SecurityProfileDB:         },
06-28 18:32:27.779  1114  1114 D SecurityProfileDB:         "com.sina.weibo": {
06-28 18:32:27.779  1114  1114 D SecurityProfileDB:             "policy_version": 2,
06-28 18:32:27.779  1114  1114 D SecurityProfileDB:             "apk_digest": {
06-28 18:32:27.779  1114  1114 D SecurityProfileDB:                 "digest_algorithm": "SHA-256",
06-28 18:32:27.779  1114  1114 D SecurityProfileDB:                 "digest": "l944bQfPHpM2fV55AYaYSJEECMdSHqTgLq9mpTzbsdM=",
06-28 18:32:27.779  1114  1114 D SecurityProfileDB:                 "signature_scheme": "v1_manifest"
06-28 18:32:27.779  1114  1114 D SecurityProfileDB:             },
06-28 18:32:27.779  1114  1114 D SecurityProfileDB:             "rules": [],
06-28 18:32:27.779  1114  1114 D SecurityProfileDB:             "labels": [
06-28 18:32:27.779  1114  1114 D SecurityProfileDB:                 "NORMAL"
06-28 18:32:27.779  1114  1114 D SecurityProfileDB:             ]
06-28 18:32:27.779  1114  1114 D SecurityProfileDB:         },
06-28 18:32:27.779  1114  1114 D SecurityProfileDB:         "com.jingdong.app.mall": {
06-28 18:32:27.779  1114  1114 D SecurityProfileDB:             "policy_version": 5,
06-28 18:32:27.779  1114  1114 D SecurityProfileDB:             "apk_digest": {
06-28 18:32:27.779  1114  1114 D SecurityProfileDB:                 "digest_algorithm": "SHA-256",
06-28 18:32:27.779  1114  1114 D SecurityProfileDB:                 "digest": "99vPRWT72SI4wpJtYTyp73R7n8DsnfCYKdJeFo\/XwQ4=",
06-28 18:32:27.779  1114  1114 D SecurityProfileDB:                 "signature_scheme": "v2"
06-28 18:32:27.779  1114  1114 D SecurityProfileDB:             },
06-28 18:32:27.779  1114  1114 D SecurityProfileDB:             "rules": [],
06-28 18:32:27.779  1114  1114 D SecurityProfileDB:             "labels": [
06-28 18:32:27.779  1114  1114 D SecurityProfileDB:                 "NORMAL"
06-28 18:32:27.779  1114  1114 D SecurityProfileDB:             ]
06-28 18:32:27.779  1114  1114 D SecurityProfileDB:         },
06-28 18:32:27.779  1114  1114 D SecurityProfileDB:         "com.huawei.skytone": {
06-28 18:32:27.779  1114  1114 D SecurityProfileDB:             "policy_version": 5,
06-28 18:32:27.779  1114  1114 D SecurityProfileDB:             "apk_digest": {
06-28 18:32:27.779  1114  1114 D SecurityProfileDB:                 "digest_algorithm": "SHA-256",
06-28 18:32:27.779  1114  1114 D SecurityProfileDB:                 "digest": "bQkvtDA621g+R22lmNBqKIBF1uTK9VrNkTR2wBkOVlo=",
06-28 18:32:27.779  1114  1114 D SecurityProfileDB:                 "signature_scheme": "v1_manifest"
06-28 18:32:27.779  1114  1114 D SecurityProfileDB:             },
06-28 18:32:27.779  1114  1114 D SecurityProfileDB:             "rules": [],
06-28 18:32:27.779  1114  1114 D SecurityProfileDB:             "labels": [
06-28 18:32:27.779  1114  1114 D SecurityProfileDB:                 "NORMAL"
06-28 18:32:27.779  1114  1114 D SecurityProfileDB:             ]
06-28 18:32:27.779  1114  1114 D SecurityProfileDB:         },
06-28 18:32:27.779  1114  1114 D SecurityProfileDB:         "com.netease.cloudmusic": {
06-28 18:32:27.779  1114  1114 D SecurityProfileDB:             "policy_version": 2,
06-28 18:32:27.779  1114  1114 D SecurityProfileDB:             "apk_digest": {
06-28 18:32:27.779  1114  1114 D SecurityProfileDB:                 "digest_algorithm": "SHA-256",
06-28 18:32:27.779  1114  1114 D SecurityProfileDB:                 "digest": "AyxPO+T8EMGK\/g8wVSPiiO2znTSj\/u2HjrUHL94IaQI=",
06-28 18:32:27.779  1114  1114 D SecurityProfileDB:                 "signature_scheme": "v2"
06-28 18:32:27.779  1114  1114 D SecurityProfileDB:             },
06-28 18:32:27.779  1114  1114 D SecurityProfileDB:             "rules": [],
06-28 18:32:27.779  1114  1114 D SecurityProfileDB:             "labels": [
06-28 18:32:27.779  1114  1114 D SecurityProfileDB:                 "NORMAL"
06-28 18:32:27.779  1114  1114 D SecurityProfileDB:             ]
06-28 18:32:27.779  1114  1114 D SecurityProfileDB:         },
06-28 18:32:27.779  1114  1114 D SecurityProfileDB:         "com.taobao.taobao": {
06-28 18:32:27.779  1114  1114 D SecurityProfileDB:             "policy_version": 3,
06-28 18:32:27.779  1114  1114 D SecurityProfileDB:             "apk_digest": {
06-28 18:32:27.779  1114  1114 D SecurityProfileDB:                 "digest_algorithm": "SHA-256",
06-28 18:32:27.779  1114  1114 D SecurityProfileDB:                 "digest": "Yc7yPxAixudfqvGFqS0oj7SvZRpuvuvMlU44navCvW8=",
06-28 18:32:27.779  1114  1114 D SecurityProfileDB:                 "signature_scheme": "v2"
06-28 18:32:27.779  1114  1114 D SecurityProfileDB:             },
06-28 18:32:27.779  1114  1114 D SecurityProfileDB:             "rules": [],
06-28 18:32:27.779  1114  1114 D SecurityProfileDB:             "labels": [
06-28 18:32:27.779  1114  1114 D SecurityProfileDB:                 "NORMAL"
06-28 18:32:27.779  1114  1114 D SecurityProfileDB:             ]
06-28 18:32:27.779  1114  1114 D SecurityProfileDB:         },
06-28 18:32:27.779  1114  1114 D SecurityProfileDB:         "com.microsoft.translator": {
06-28 18:32:27.779  1114  1114 D SecurityProfileDB:             "policy_version": 3,
06-28 18:32:27.779  1114  1114 D SecurityProfileDB:             "apk_digest": {
06-28 18:32:27.779  1114  1114 D SecurityProfileDB:                 "digest_algorithm": "SHA-256",
06-28 18:32:27.779  1114  1114 D SecurityProfileDB:                 "digest": "h7kdJ8VdY8vQT9aOfNo\/9PNwLECu4pmbofPgVoqUMM0=",
06-28 18:32:27.779  1114  1114 D SecurityProfileDB:                 "signature_scheme": "v1_manifest"
06-28 18:32:27.779  1114  1114 D SecurityProfileDB:             },
06-28 18:32:27.779  1114  1114 D SecurityProfileDB:             "rules": [],
06-28 18:32:27.779  1114  1114 D SecurityProfileDB:             "labels": [
06-28 18:32:27.779  1114  1114 D SecurityProfileDB:                 "NORMAL"
06-28 18:32:27.779  1114  1114 D SecurityProfileDB:             ]
06-28 18:32:27.779  1114  1114 D SecurityProfileDB:         },
06-28 18:32:27.779  1114  1114 D SecurityProfileDB:         "com.ss.android.article.news": {
06-28 18:32:27.779  1114  1114 D SecurityProfileDB:             "policy_version": 5,
06-28 18:32:27.779  1114  1114 D SecurityProfileDB:             "apk_digest": {
06-28 18:32:27.779  1114  1114 D SecurityProfileDB:                 "digest_algorithm": "SHA-256",
06-28 18:32:27.779  1114  1114 D SecurityProfileDB:                 "digest": "lUcykKsy6QxUGySDftJZyPcPXJR90W3wbtmKuHFjPGI=",
06-28 18:32:27.779  1114  1114 D SecurityProfileDB:                 "signature_scheme
06-28 18:32:27.781 25009 25009 I HiSearch9.0.2.303: [LauncherAppsCompatVLO]: LAUNCHER_RECENT_APPS onPackageChanged
