06-28 18:32:14.867  3693  3869 W AccessibilityInteractionClient: old interaction Id is: -1,current interaction Id is:111
06-28 18:32:14.890  1114  1114 I WindowManager: notifyAccessibilityButtonVisibilityChanged visible:false
06-28 18:32:14.910 31509 31509 D ViewRootImpl[GrantPermissionsActivity]: surface should not be released
06-28 18:32:14.912  3693  3869 W AccessibilityInteractionClient: old interaction Id is: -1,current interaction Id is:112
06-28 18:32:14.914  1869  1885 I BoosterSwitchP: notifyUidState do nothing
06-28 18:32:14.914  1869  1885 I DeepNoDisturbP: notifyUidState
06-28 18:32:14.914  1869  1885 I HidataAppQoeP: notifyUidState
06-28 18:32:14.914  1869  1885 I BrowserChrP: notifyUidState
06-28 18:32:14.914  1993 26431 D HwRecentsTaskUtils: refreshToCache
06-28 18:32:14.914  1993 26431 D HwRecentsTaskUtils: searchFromDate
06-28 18:32:14.917 31509 31509 D ActivityThread: Remove activity client record, r= ActivityRecord{d4b445c token=android.os.BinderProxy@9b0ffd7 {com.android.packageinstaller/com.android.packageinstaller.permission.ui.GrantPermissionsActivity}} token= android.os.BinderProxy@9b0ffd7
06-28 18:32:14.918  3693  3869 W AccessibilityInteractionClient: old interaction Id is: -1,current interaction Id is:113
06-28 18:32:14.918 31509 31509 W RollbackRuleDetector: RollbackRuleDetector already stop
06-28 18:32:14.920 31509 31533 W libEGL  : EGLNativeWindowType 0x7281a87010 disconnect failed
06-28 18:32:14.921  1114 11860 V WindowManager: removeIfPossible: Window{2b2e39b u0 com.android.packageinstaller/com.android.packageinstaller.permission.ui.GrantPermissionsActivity}
06-28 18:32:14.921  1993 26431 I RecentsTaskLoadPlan: to show tasks size is 7
06-28 18:32:14.924  1114 11860 V WindowManager: Not removing Window{2b2e39b u0 com.android.packageinstaller/com.android.packageinstaller.permission.ui.GrantPermissionsActivity EXITING} due to exit animation 
06-28 18:32:14.927  3693  3869 W ByMatcher: Node returned null child: android.view.accessibility.AccessibilityNodeInfo@80006f1b; boundsInParent: Rect(0, 0 - 1080, 2157); boundsInScreen: Rect(0, 86 - 1080, 2243); packageName: com.android.packageinstaller; className: android.widget.FrameLayout; text: null; error: null; maxTextLength: -1; contentDescription: null; tooltipText: null; viewIdResName: null; checkable: false; checked: false; focusable: false; focused: false; selected: false; clickable: false; longClickable: false; contextClickable: false; enabled: true; password: false; scrollable: false; importantForAccessibility: true; visible: true; actions: [AccessibilityAction: ACTION_SELECT - null, AccessibilityAction: ACTION_CLEAR_SELECTION - null, AccessibilityAction: ACTION_ACCESSIBILITY_FOCUS - null, AccessibilityAction: ACTION_SHOW_ON_SCREEN - null]
06-28 18:32:14.928  3933  3933 W UnityMain: type=1400 audit(0.0:36451): avc: granted { create } for name="com.mixgo.PropertySEO" scontext=u:r:untrusted_app:s0:c145,c257,c512,c768 tcontext=u:object_r:sdcardfs:s0:c145,c257,c512,c768 tclass=dir
06-28 18:32:14.928  3933  3933 W UnityMain: type=1400 audit(0.0:36452): avc: granted { create } for name="cache" scontext=u:r:untrusted_app:s0:c145,c257,c512,c768 tcontext=u:object_r:sdcardfs:s0:c145,c257,c512,c768 tclass=dir
06-28 18:32:14.928  3693  3869 W ByMatcher: Skipping null child (0 of 1)
06-28 18:32:14.928  1114 11860 V WindowManager: removeAppToken: AppWindowToken{bc8d808 token=Token{ecc39ab ActivityRecord{28d5ffa u0 com.android.packageinstaller/.permission.ui.GrantPermissionsActivity t215}}} delayed=true Callers=com.android.server.wm.DisplayContent.removeAppToken:1059 com.android.server.wm.AppWindowContainerController.removeContainer:301 com.android.server.am.ActivityRecord.removeWindowContainer:1152 com.android.server.am.ActivityStack.removeActivityFromHistoryLocked:4507 
06-28 18:32:14.928  3693  3869 W ByMatcher: Node returned null child: android.view.accessibility.AccessibilityNodeInfo@80006f1b; boundsInParent: Rect(0, 0 - 1080, 2157); boundsInScreen: Rect(0, 86 - 1080, 2243); packageName: com.android.packageinstaller; className: android.widget.FrameLayout; text: null; error: null; maxTextLength: -1; contentDescription: null; tooltipText: null; viewIdResName: null; checkable: false; checked: false; focusable: false; focused: false; selected: false; clickable: false; longClickable: false; contextClickable: false; enabled: true; password: false; scrollable: false; importantForAccessibility: true; visible: true; actions: [AccessibilityAction: ACTION_SELECT - null, AccessibilityAction: ACTION_CLEAR_SELECTION - null, AccessibilityAction: ACTION_ACCESSIBILITY_FOCUS - null, AccessibilityAction: ACTION_SHOW_ON_SCREEN - null]
06-28 18:32:14.928  1114 11860 V WindowManager: removeAppToken make exiting: AppWindowToken{bc8d808 token=Token{ecc39ab ActivityRecord{28d5ffa u0 com.android.packageinstaller/.permission.ui.GrantPermissionsActivity t215}}}
06-28 18:32:14.929  3693  3869 W ByMatcher: Skipping null child (0 of 1)
06-28 18:32:14.932  3933  3933 W UnityMain: type=1400 audit(0.0:36453): avc: granted { create } for name="d4e1906b53ed84ee1aae33e2beeb74cd" scontext=u:r:untrusted_app:s0:c145,c257,c512,c768 tcontext=u:object_r:sdcardfs:s0:c145,c257,c512,c768 tclass=file
06-28 18:32:14.932  3933  3933 W UnityMain: type=1400 audit(0.0:36454): avc: granted { create } for name="UnityShaderCache" scontext=u:r:untrusted_app:s0:c145,c257,c512,c768 tcontext=u:object_r:sdcardfs:s0:c145,c257,c512,c768 tclass=dir
06-28 18:32:14.932  3933  3933 W UnityMain: type=1400 audit(0.0:36455): avc: granted { create } for name="version" scontext=u:r:untrusted_app:s0:c145,c257,c512,c768 tcontext=u:object_r:sdcardfs:s0:c145,c257,c512,c768 tclass=file
06-28 18:32:14.945  3933  4044 I chatty  : uid=10401(com.mixgo.PropertySEO) com.google.android.webview:sandboxed_process0 expire 853 lines
06-28 18:32:14.960  3933  3933 W UnityGfxDeviceW: type=1400 audit(0.0:36456): avc: granted { create } for name="d98642ca3939db6934eaefdb754a00c3" scontext=u:r:untrusted_app:s0:c145,c257,c512,c768 tcontext=u:object_r:sdcardfs:s0:c145,c257,c512,c768 tclass=file
06-28 18:32:14.974   753  1599 E DE N ABT: mergeProcessorOperating:1225: COMPONENT_RGBW already has data, can't add new data with mode(0x1000000), mode:0x16->0x1000016
06-28 18:32:14.977   631  1072 I libRGBW37_ALGO: [RGBW_proc.575 ] [RGBW_MODE] input_mode:3,RGBW_output_mode:3
06-28 18:32:14.981  1114  8995 I chatty  : uid=1000(system) Binder:1114_17 expire 25 lines
06-28 18:32:14.981  3933  4102 I chatty  : uid=10401(com.mixgo.PropertySEO) com.google.android.webview:sandboxed_process0 expire 8 lines
06-28 18:32:14.981   648   997 I chatty  : uid=1041(audioserver) ApmAudio expire 15 lines
06-28 18:32:14.982  1114  1114 D MediaRouterService: onAudioPlayerActiveStateChanged: uid=10401, active=true, restoreUid=10401
06-28 18:32:14.982  1667 30663 V AudioManager: mPlaybackCallbackList.size:1
06-28 18:32:14.982  1667  2475 D AudioManager: dispatching onPlaybackConfigChanged()
06-28 18:32:14.984   648 25335 I chatty  : uid=1041(audioserver) Binder:648_7 expire 10 lines
06-28 18:32:14.987   648  1284 I chatty  : uid=1041(audioserver) AudioOut_D expire 561 lines
06-28 18:32:14.989   626  1520 I chatty  : uid=1041(audioserver) writer expire 38 lines
06-28 18:32:15.047  1114  1217 I PackageManager: writePermissionsSync -> user:0, put true:, Build.FINGERPRINT:HUAWEI/EML-AL00/HWEML:9/HUAWEIEML-AL00/187C00R1:user/release-keys, fingerprint:HUAWEI/EML-AL00/HWEML:9/HUAWEIEML-AL00/187C00R1:user/release-keys
06-28 18:32:15.066  1724  1724 I PhoneStatusBarView: mDelayedGetViewPositionOnScreen getLocationInWindow 0 0
06-28 18:32:15.066  1724  1724 I PhoneStatusBarView: mDelayedGetViewPositionOnScreen getLocationOnScreen 0 0
06-28 18:32:15.071   626  1582 I chatty  : uid=1041(audioserver) effect expire 11 lines
06-28 18:32:15.106  1114  1456 V WindowManager: Exit animation finished in Window{2b2e39b u0 com.android.packageinstaller/com.android.packageinstaller.permission.ui.GrantPermissionsActivity EXITING}: remove=true
06-28 18:32:15.106  1114  1456 E WindowManager: win=Window{2b2e39b u0 com.android.packageinstaller/com.android.packageinstaller.permission.ui.GrantPermissionsActivity EXITING} destroySurfaces: appStopped=false win.mWindowRemovalAllowed=true win.mRemoveOnExit=true
06-28 18:32:15.106  1114  1456 V WindowManager: postWindowRemoveCleanupLocked: Window{2b2e39b u0 com.android.packageinstaller/com.android.packageinstaller.permission.ui.GrantPermissionsActivity}
06-28 18:32:15.107  1114  1456 V WindowManager: Removing Window{2b2e39b u0 com.android.packageinstaller/com.android.packageinstaller.permission.ui.GrantPermissionsActivity} from AppWindowToken{bc8d808 token=Token{ecc39ab ActivityRecord{28d5ffa u0 com.android.packageinstaller/.permission.ui.GrantPermissionsActivity t215}}} mIsExiting=
06-28 18:32:15.110  1114  1456 V WindowManager: removeAppToken: AppWindowToken{bc8d808 token=Token{ecc39ab ActivityRecord{28d5ffa u0 com.android.packageinstaller/.permission.ui.GrantPermissionsActivity t215}}} delayed=false Callers=com.android.server.wm.AppWindowToken.removeImmediately:656 com.android.server.wm.AppWindowToken.removeIfPossible:664 com.android.server.wm.AppWindowToken.checkCompleteDeferredRemoval:670 com.android.server.wm.WindowContainer.checkCompleteDeferredRemoval:666 
06-28 18:32:15.196  3933  3933 W UnityGfxDeviceW: type=1400 audit(0.0:36457): avc: granted { create } for name="43d2f9472ccb8c7e5b92b86bc656adc1" scontext=u:r:untrusted_app:s0:c145,c257,c512,c768 tcontext=u:object_r:sdcardfs:s0:c145,c257,c512,c768 tclass=file
06-28 18:32:15.208  3933  3933 W UnityGfxDeviceW: type=1400 audit(0.0:36458): avc: granted { create } for name="3a3acfd8728a49666ff369c072ca7757" scontext=u:r:untrusted_app:s0:c145,c257,c512,c768 tcontext=u:object_r:sdcardfs:s0:c145,c257,c512,c768 tclass=file
06-28 18:32:15.212   642   702 W PF_SYS_WRAPPER: [sysOpenAndWriteStr:83] [CPU_B] write to /sys/devices/system/cpu/cpu4/cpufreq/scaling_max_freq failed, errno=22 (Invalid argument) 
06-28 18:32:15.212   642   703 W PF_SYS_WRAPPER: [sysOpenAndWriteStr:83] [GPU] write to /sys/class/devfreq/gpufreq/max_freq failed, errno=22 (Invalid argument) 
06-28 18:32:15.223  1114  2997 V BackupManagerConstants: getFullBackupRequiredNetworkType(...) returns 2
06-28 18:32:15.223  1114  2997 V BackupManagerConstants: getFullBackupRequireCharging(...) returns true
06-28 18:32:15.236  3933  3933 W UnityGfxDeviceW: type=1400 audit(0.0:36459): avc: granted { create } for name="583de5709c682e8af11a0daf5f9ea323" scontext=u:r:untrusted_app:s0:c145,c257,c512,c768 tcontext=u:object_r:sdcardfs:s0:c145,c257,c512,c768 tclass=file
06-28 18:32:15.248  3933  3933 W UnityGfxDeviceW: type=1400 audit(0.0:36460): avc: granted { create } for name="a04f503981082749db186d36e1941366" scontext=u:r:untrusted_app:s0:c145,c257,c512,c768 tcontext=u:object_r:sdcardfs:s0:c145,c257,c512,c768 tclass=file
06-28 18:32:15.272   626  1275 I chatty  : uid=1041(audioserver) HwBinder:626_1 expire 17 lines
06-28 18:32:15.292  3933  3933 W UnityGfxDeviceW: type=1400 audit(0.0:36461): avc: granted { create } for name="88328563f25b8da9fe94ada30c529d90" scontext=u:r:untrusted_app:s0:c145,c257,c512,c768 tcontext=u:object_r:sdcardfs:s0:c145,c257,c512,c768 tclass=file
06-28 18:32:15.317  1114  1114 I HwNormalizedSpline: mOminLevelMode:Day getBrightnessLevel lux =457.0,mDefaultBrightness=44.302532,mOCount=11
06-28 18:32:15.320  3933  3933 W UnityGfxDeviceW: type=1400 audit(0.0:36462): avc: granted { create } for name="3dbde895ebdcf9aee2b7cc48e63bb2fe" scontext=u:r:untrusted_app:s0:c145,c257,c512,c768 tcontext=u:object_r:sdcardfs:s0:c145,c257,c512,c768 tclass=file
06-28 18:32:15.359  1114 11860 I HwAudioServiceEx: VBR Enter package length 1
06-28 18:32:15.359  1114 11860 I HwAudioServiceEx: VBR Enter packageName:com.mixgo.PropertySEO
06-28 18:32:15.360  1114 11860 I HwAudioServiceEx: VBR HwAudioService:music app exit -1
06-28 18:32:15.364  3933  3933 W UnityGfxDeviceW: type=1400 audit(0.0:36463): avc: granted { create } for name="b3463cc87491cad5345d1df56f6c136b" scontext=u:r:untrusted_app:s0:c145,c257,c512,c768 tcontext=u:object_r:sdcardfs:s0:c145,c257,c512,c768 tclass=file
06-28 18:32:15.404  3933  3933 W UnityGfxDeviceW: type=1400 audit(0.0:36464): avc: granted { create } for name="3d03818ca23b519fa9148f107f2ec364" scontext=u:r:untrusted_app:s0:c145,c257,c512,c768 tcontext=u:object_r:sdcardfs:s0:c145,c257,c512,c768 tclass=file
06-28 18:32:15.436  3933  3933 W UnityGfxDeviceW: type=1400 audit(0.0:36465): avc: granted { create } for name="f606f62ad0dc149aac31356faabc4506" scontext=u:r:untrusted_app:s0:c145,c257,c512,c768 tcontext=u:object_r:sdcardfs:s0:c145,c257,c512,c768 tclass=file
06-28 18:32:15.443 31509 31530 D ZrHung.AppEyeUiProbe: Current Activity:false
06-28 18:32:15.444 31509 31530 D ZrHung.AppEyeUiProbe: not watching, wait.
06-28 18:32:15.464  3933  3933 W UnityGfxDeviceW: type=1400 audit(0.0:36466): avc: granted { create } for name="2234dbb50a64081b411b51d7640fc261" scontext=u:r:untrusted_app:s0:c145,c257,c512,c768 tcontext=u:object_r:sdcardfs:s0:c145,c257,c512,c768 tclass=file
06-28 18:32:15.496  3933  3933 W UnityGfxDeviceW: type=1400 audit(0.0:36467): avc: granted { create } for name="68794df11c2649b04ffa36ea770730c3" scontext=u:r:untrusted_app:s0:c145,c257,c512,c768 tcontext=u:object_r:sdcardfs:s0:c145,c257,c512,c768 tclass=file
06-28 18:32:15.524  3933  3933 W UnityGfxDeviceW: type=1400 audit(0.0:36468): avc: granted { create } for name="aaed4f533ab5153279f1ed0d05dc74be" scontext=u:r:untrusted_app:s0:c145,c257,c512,c768 tcontext=u:object_r:sdcardfs:s0:c145,c257,c512,c768 tclass=file
06-28 18:32:15.572  3933  3933 W UnityGfxDeviceW: type=1400 audit(0.0:36469): avc: granted { create } for name="bb3e92288a5144dcf37266fedcbf2021" scontext=u:r:untrusted_app:s0:c145,c257,c512,c768 tcontext=u:object_r:sdcardfs:s0:c145,c257,c512,c768 tclass=file
06-28 18:32:15.628  3933  3933 W UnityGfxDeviceW: type=1400 audit(0.0:36470): avc: granted { create } for name="bc1b97320a98bafa306931051e6132ec" scontext=u:r:untrusted_app:s0:c145,c257,c512,c768 tcontext=u:object_r:sdcardfs:s0:c145,c257,c512,c768 tclass=file
06-28 18:32:15.632   468   468 E OEMINFO_NVM_SERVER:  oeminfo_get_info:index(155), oeminfo data not find !!!!
06-28 18:32:15.633   468   468 E OEMINFO_NVM_SERVER:  oeminfo_return_info: oeminfo return info fail.
06-28 18:32:15.633   468   468 E OEMINFO_NVM_SERVER:  oinv_cmd_handler: pid 507, operation oeminfo_getinfo and ret -1 fail.
06-28 18:32:15.633   507   507 E OEMINFO_NVM_CLIENT: oinv_recv_return: RET_FAIL return.
06-28 18:32:15.633   507   507 E OEMINFO_NVM_CLIENT: rmt_oeminfo_get_info: index(155) get data from server fail.
06-28 18:32:15.633   507   507 E         : read_oeminfo_signed_data: failed to get info oeminfo_idx:155 and total_byte:0
06-28 18:32:15.633   507   507 E         : init_oeminfo_signed_data_all:fail to read oeminfo oeminfo_idx:155 and oeminfo_sub_idx:-1
06-28 18:32:15.633   507   507 E         : get_original_data_by_fun_tag_and_sign_type: fail to init signed oeminfo signed all params
06-28 18:32:15.633   507   507 E         : read_udid_number: failed to get udid
06-28 18:32:15.633   507   507 E factory_operator: hw_get_device_info: read udid from oeminfo fail
06-28 18:32:15.652   574  4124 D libc    : GetAddrInfoHandler addr: 168.0.1
06-28 18:32:15.664  3933  3933 W UnityGfxDeviceW: type=1400 audit(0.0:36471): avc: granted { create } for name="49a89c5b43aeba50436a7ec0f2bf4736" scontext=u:r:untrusted_app:s0:c145,c257,c512,c768 tcontext=u:object_r:sdcardfs:s0:c145,c257,c512,c768 tclass=file
06-28 18:32:15.692   646   646 E WifiHAL : enter wifi_get_link_stats
06-28 18:32:15.704  3933  3933 W UnityGfxDeviceW: type=1400 audit(0.0:36472): avc: granted { create } for name="540efc0edcb49d3757672c0e7754e843" scontext=u:r:untrusted_app:s0:c145,c257,c512,c768 tcontext=u:object_r:sdcardfs:s0:c145,c257,c512,c768 tclass=file
06-28 18:32:15.706  1114  1562 I chatty  : uid=1000(system) WifiStateMachin expire 22 lines
06-28 18:32:15.744  3933  3933 W UnityGfxDeviceW: type=1400 audit(0.0:36473): avc: granted { create } for name="7e630401b7d7edfd663a4eac15129c2c" scontext=u:r:untrusted_app:s0:c145,c257,c512,c768 tcontext=u:object_r:sdcardfs:s0:c145,c257,c512,c768 tclass=file
06-28 18:32:15.772  3933  3933 W UnityGfxDeviceW: type=1400 audit(0.0:36474): avc: granted { create } for name="1dfca2f3283e4362a38d127ba04fb0e1" scontext=u:r:untrusted_app:s0:c145,c257,c512,c768 tcontext=u:object_r:sdcardfs:s0:c145,c257,c512,c768 tclass=file
06-28 18:32:15.832  3933  3933 W UnityGfxDeviceW: type=1400 audit(0.0:36475): avc: granted { create } for name="2ca8bd22dba5c221bf309d1031dffe60" scontext=u:r:untrusted_app:s0:c145,c257,c512,c768 tcontext=u:object_r:sdcardfs:s0:c145,c257,c512,c768 tclass=file
06-28 18:32:15.888  3933  3933 W UnityGfxDeviceW: type=1400 audit(0.0:36476): avc: granted { create } for name="fbaa51ff9c87e21867332becb115c331" scontext=u:r:untrusted_app:s0:c145,c257,c512,c768 tcontext=u:object_r:sdcardfs:s0:c145,c257,c512,c768 tclass=file
06-28 18:32:15.916  3933  3933 W UnityGfxDeviceW: type=1400 audit(0.0:36477): avc: granted { create } for name="458d8a12274ba71bad24cd53efecb74f" scontext=u:r:untrusted_app:s0:c145,c257,c512,c768 tcontext=u:object_r:sdcardfs:s0:c145,c257,c512,c768 tclass=file
06-28 18:32:15.929  3693  3869 W QueryController: Could not detect idle state.
06-28 18:32:15.931  3693  3869 W AccessibilityInteractionClient: old interaction Id is: -1,current interaction Id is:115
06-28 18:32:15.939  3693  3869 W AccessibilityInteractionClient: old interaction Id is: -1,current interaction Id is:116
06-28 18:32:15.948  3933  3933 W UnityGfxDeviceW: type=1400 audit(0.0:36478): avc: granted { create } for name="c05f830bbc8cb775ea5060d94b804427" scontext=u:r:untrusted_app:s0:c145,c257,c512,c768 tcontext=u:object_r:sdcardfs:s0:c145,c257,c512,c768 tclass=file
06-28 18:32:15.976  3933  3933 W UnityGfxDeviceW: type=1400 audit(0.0:36479): avc: granted { create } for name="64ca4a8d26bc1a9b895d54cd54444500" scontext=u:r:untrusted_app:s0:c145,c257,c512,c768 tcontext=u:object_r:sdcardfs:s0:c145,c257,c512,c768 tclass=file
06-28 18:32:15.992  3933  3933 W UnityGfxDeviceW: type=1400 audit(0.0:36480): avc: granted { create } for name="66f068c1a9b81731c806a1198ec54f9b" scontext=u:r:untrusted_app:s0:c145,c257,c512,c768 tcontext=u:object_r:sdcardfs:s0:c145,c257,c512,c768 tclass=file
06-28 18:32:16.008  3933  3933 W UnityGfxDeviceW: type=1400 audit(0.0:36481): avc: granted { create } for name="6058275faabe47566914ff15a3ff79fd" scontext=u:r:untrusted_app:s0:c145,c257,c512,c768 tcontext=u:object_r:sdcardfs:s0:c145,c257,c512,c768 tclass=file
06-28 18:32:16.028  3933  3933 W UnityGfxDeviceW: type=1400 audit(0.0:36482): avc: granted { create } for name="8e5d1d196ee66fab5394797eead2343c" scontext=u:r:untrusted_app:s0:c145,c257,c512,c768 tcontext=u:object_r:sdcardfs:s0:c145,c257,c512,c768 tclass=file
06-28 18:32:16.056  3933  3933 W UnityGfxDeviceW: type=1400 audit(0.0:36483): avc: granted { create } for name="e8e8eee1b9d63cf104c86f4da7ccafc0" scontext=u:r:untrusted_app:s0:c145,c257,c512,c768 tcontext=u:object_r:sdcardfs:s0:c145,c257,c512,c768 tclass=file
06-28 18:32:16.510 30304 30327 W PackageParser: Ignoring duplicate uses-permissions/uses-permissions-sdk-m: android.permission.ACCESS_FINE_LOCATION in package: com.mixgo.PropertySEO at: Binary XML file line #42
06-28 18:32:16.510 30304 30327 W PackageParser: Ignoring duplicate uses-permissions/uses-permissions-sdk-m: android.permission.RECEIVE_USER_PRESENT in package: com.mixgo.PropertySEO at: Binary XML file line #45
06-28 18:32:16.510 30304 30327 W PackageParser: Ignoring duplicate uses-permissions/uses-permissions-sdk-m: android.permission.INTERNET in package: com.mixgo.PropertySEO at: Binary XML file line #46
06-28 18:32:16.510 30304 30327 W PackageParser: Ignoring duplicate uses-permissions/uses-permissions-sdk-m: android.permission.WAKE_LOCK in package: com.mixgo.PropertySEO at: Binary XML file line #47
06-28 18:32:16.510 30304 30327 W PackageParser: Ignoring duplicate uses-permissions/uses-permissions-sdk-m: android.permission.READ_PHONE_STATE in package: com.mixgo.PropertySEO at: Binary XML file line #48
06-28 18:32:16.510 30304 30327 W PackageParser: Ignoring duplicate uses-permissions/uses-permissions-sdk-m: android.permission.WRITE_EXTERNAL_STORAGE in package: com.mixgo.PropertySEO at: Binary XML file line #49
06-28 18:32:16.510 30304 30327 W PackageParser: Ignoring duplicate uses-permissions/uses-permissions-sdk-m: android.permission.READ_EXTERNAL_STORAGE in package: com.mixgo.PropertySEO at: Binary XML file line #50
06-28 18:32:16.510 30304 30327 W PackageParser: Ignoring duplicate uses-permissions/uses-permissions-sdk-m: android.permission.WRITE_SETTINGS in package: com.mixgo.PropertySEO at: Binary XML file line #51
06-28 18:32:16.510 30304 30327 W PackageParser: Ignoring duplicate uses-permissions/uses-permissions-sdk-m: android.permission.VIBRATE in package: com.mixgo.PropertySEO at: Binary XML file line #52
06-28 18:32:16.510 30304 30327 W PackageParser: Ignoring duplicate uses-permissions/uses-permissions-sdk-m: android.permission.MOUNT_UNMOUNT_FILESYSTEMS in package: com.mixgo.PropertySEO at: Binary XML file line #53
06-28 18:32:16.510 30304 30327 W PackageParser: Ignoring duplicate uses-permissions/uses-permissions-sdk-m: android.permission.ACCESS_NETWORK_STATE in package: com.mixgo.PropertySEO at: Binary XML file line #54
06-28 18:32:16.510 30304 30327 W PackageParser: Ignoring duplicate uses-permissions/uses-permissions-sdk-m: android.permission.SYSTEM_ALERT_WINDOW in package: com.mixgo.PropertySEO at: Binary XML file line #55
06-28 18:32:16.512 30304 30327 W PackageParser: No actions in intent filter at /data/app/com.mixgo.PropertySEO-Dzq8clkG1tN8YGkScY_uBQ==/base.apk Binary XML file line #173
06-28 18:32:16.532  3933  3933 W UnityGfxDeviceW: type=1400 audit(0.0:36491): avc: granted { create } for name="af7660a185258904d1ec0c9dbb35d06a" scontext=u:r:untrusted_app:s0:c145,c257,c512,c768 tcontext=u:object_r:sdcardfs:s0:c145,c257,c512,c768 tclass=file
06-28 18:32:16.556  3933  3933 W UnityGfxDeviceW: type=1400 audit(0.0:36492): avc: granted { create } for name="4081cef77dcdf7898ae65b4a654d563b" scontext=u:r:untrusted_app:s0:c145,c257,c512,c768 tcontext=u:object_r:sdcardfs:s0:c145,c257,c512,c768 tclass=file
06-28 18:32:16.580  3933  3933 W UnityGfxDeviceW: type=1400 audit(0.0:36493): avc: granted { create } for name="ff73b19f6f37c0e1ec79b354ebcc051b" scontext=u:r:untrusted_app:s0:c145,c257,c512,c768 tcontext=u:object_r:sdcardfs:s0:c145,c257,c512,c768 tclass=file
06-28 18:32:16.600  3933  3933 W UnityGfxDeviceW: type=1400 audit(0.0:36494): avc: granted { create } for name="2490f4ae25513e91805f1a8c5104a598" scontext=u:r:untrusted_app:s0:c145,c257,c512,c768 tcontext=u:object_r:sdcardfs:s0:c145,c257,c512,c768 tclass=file
06-28 18:32:16.616  3933  3933 W UnityGfxDeviceW: type=1400 audit(0.0:36495): avc: granted { create } for name="db391e251e2787b0f298dc20cabac358" scontext=u:r:untrusted_app:s0:c145,c257,c512,c768 tcontext=u:object_r:sdcardfs:s0:c145,c257,c512,c768 tclass=file
06-28 18:32:16.636  3933  3933 W UnityGfxDeviceW: type=1400 audit(0.0:36496): avc: granted { create } for name="6a802880c5972e43e8687a207eb8997f" scontext=u:r:untrusted_app:s0:c145,c257,c512,c768 tcontext=u:object_r:sdcardfs:s0:c145,c257,c512,c768 tclass=file
06-28 18:32:16.656  3933  3933 W UnityGfxDeviceW: type=1400 audit(0.0:36497): avc: granted { create } for name="fa5b733a7c2e9603bc5998e7a768a194" scontext=u:r:untrusted_app:s0:c145,c257,c512,c768 tcontext=u:object_r:sdcardfs:s0:c145,c257,c512,c768 tclass=file
06-28 18:32:16.672  3933  3933 W UnityGfxDeviceW: type=1400 audit(0.0:36498): avc: granted { create } for name="1289148e0b63241a0f1fd367942d6798" scontext=u:r:untrusted_app:s0:c145,c257,c512,c768 tcontext=u:object_r:sdcardfs:s0:c145,c257,c512,c768 tclass=file
06-28 18:32:16.692  3933  3933 W UnityGfxDeviceW: type=1400 audit(0.0:36499): avc: granted { create } for name="8a7712652d61e1cc93e46a4ec7676bb2" scontext=u:r:untrusted_app:s0:c145,c257,c512,c768 tcontext=u:object_r:sdcardfs:s0:c145,c257,c512,c768 tclass=file
06-28 18:32:16.712  3933  3933 W UnityGfxDeviceW: type=1400 audit(0.0:36500): avc: granted { create } for name="9024a570f2115ccd33b76511e8fc3c58" scontext=u:r:untrusted_app:s0:c145,c257,c512,c768 tcontext=u:object_r:sdcardfs:s0:c145,c257,c512,c768 tclass=file
06-28 18:32:16.728  3933  3933 W UnityGfxDeviceW: type=1400 audit(0.0:36501): avc: granted { create } for name="bf00736c74d549934b2bd6f3578a571a" scontext=u:r:untrusted_app:s0:c145,c257,c512,c768 tcontext=u:object_r:sdcardfs:s0:c145,c257,c512,c768 tclass=file
06-28 18:32:16.740  3933  3933 W UnityGfxDeviceW: type=1400 audit(0.0:36502): avc: granted { create } for name="b74e1a92bf3223ffc80a3bb15fdd3b9b" scontext=u:r:untrusted_app:s0:c145,c257,c512,c768 tcontext=u:object_r:sdcardfs:s0:c145,c257,c512,c768 tclass=file
06-28 18:32:16.756  3933  3933 W UnityGfxDeviceW: type=1400 audit(0.0:36503): avc: granted { create } for name="e2adc33db6e0812f5d5f9d79d92bfddf" scontext=u:r:untrusted_app:s0:c145,c257,c512,c768 tcontext=u:object_r:sdcardfs:s0:c145,c257,c512,c768 tclass=file
06-28 18:32:16.776  3933  3933 W UnityGfxDeviceW: type=1400 audit(0.0:36504): avc: granted { create } for name="1538f60849756cc9b83550817005a4da" scontext=u:r:untrusted_app:s0:c145,c257,c512,c768 tcontext=u:object_r:sdcardfs:s0:c145,c257,c512,c768 tclass=file
06-28 18:32:16.796  3933  3933 W UnityGfxDeviceW: type=1400 audit(0.0:36505): avc: granted { create } for name="a2e7835d5b2c77e625b40ab2834e24a4" scontext=u:r:untrusted_app:s0:c145,c257,c512,c768 tcontext=u:object_r:sdcardfs:s0:c145,c257,c512,c768 tclass=file
06-28 18:32:16.816  3933  3933 W UnityGfxDeviceW: type=1400 audit(0.0:36506): avc: granted { create } for name="3fdb42e98a4c4613809b4a8ee28f84eb" scontext=u:r:untrusted_app:s0:c145,c257,c512,c768 tcontext=u:object_r:sdcardfs:s0:c145,c257,c512,c768 tclass=file
06-28 18:32:16.832  3933  3933 W UnityGfxDeviceW: type=1400 audit(0.0:36507): avc: granted { create } for name="58cfe4da09eccceda32f3bbf33036c79" scontext=u:r:untrusted_app:s0:c145,c257,c512,c768 tcontext=u:object_r:sdcardfs:s0:c145,c257,c512,c768 tclass=file
06-28 18:32:16.860  3933  3933 W UnityGfxDeviceW: type=1400 audit(0.0:36508): avc: granted { create } for name="1b09b33624fe56a0efa70e45d811183c" scontext=u:r:untrusted_app:s0:c145,c257,c512,c768 tcontext=u:object_r:sdcardfs:s0:c145,c257,c512,c768 tclass=file
06-28 18:32:16.892  3933  3933 W UnityGfxDeviceW: type=1400 audit(0.0:36509): avc: granted { create } for name="cec75b9c9ca88309e7960b7d4f9f1cce" scontext=u:r:untrusted_app:s0:c145,c257,c512,c768 tcontext=u:object_r:sdcardfs:s0:c145,c257,c512,c768 tclass=file
06-28 18:32:16.904  3933  3933 W UnityGfxDeviceW: type=1400 audit(0.0:36510): avc: granted { create } for name="62ddfb3d809178b0357afc162103f823" scontext=u:r:untrusted_app:s0:c145,c257,c512,c768 tcontext=u:object_r:sdcardfs:s0:c145,c257,c512,c768 tclass=file
06-28 18:32:16.931   468   468 E OEMINFO_NVM_SERVER:  oeminfo_get_info:index(155), oeminfo data not find !!!!
06-28 18:32:16.932   468   468 E OEMINFO_NVM_SERVER:  oeminfo_return_info: oeminfo return info fail.
06-28 18:32:16.932   468   468 E OEMINFO_NVM_SERVER:  oinv_cmd_handler: pid 507, operation oeminfo_getinfo and ret -1 fail.
06-28 18:32:16.932   507   507 E OEMINFO_NVM_CLIENT: oinv_recv_return: RET_FAIL return.
06-28 18:32:16.932   507   507 E OEMINFO_NVM_CLIENT: rmt_oeminfo_get_info: index(155) get data from server fail.
06-28 18:32:16.932   507   507 E         : read_oeminfo_signed_data: failed to get info oeminfo_idx:155 and total_byte:0
06-28 18:32:16.932   507   507 E         : init_oeminfo_signed_data_all:fail to read oeminfo oeminfo_idx:155 and oeminfo_sub_idx:-1
06-28 18:32:16.932   507   507 E         : get_original_data_by_fun_tag_and_sign_type: fail to init signed oeminfo signed all params
06-28 18:32:16.932   507   507 E         : read_udid_number: failed to get udid
06-28 18:32:16.932   507   507 E factory_operator: hw_get_device_info: read udid from oeminfo fail
06-28 18:32:16.945  3693  3869 W QueryController: Could not detect idle state.
06-28 18:32:16.946  3693  3869 W AccessibilityInteractionClient: old interaction Id is: -1,current interaction Id is:117
06-28 18:32:16.952  3693  3869 W AccessibilityInteractionClient: old interaction Id is: -1,current interaction Id is:118
06-28 18:32:17.025  3693  3869 D UIAutomatorStub: URI: /jsonrpc/0, Method: POST, params, {NanoHttpd.QUERY_STRING=null}, files: {postData={"jsonrpc": "2.0", "id": "4215531fa3d1a9a06488ec7d78476ad7", "method": "deviceInfo", "params": {}}}
06-28 18:32:17.028  3693  3869 W QueryController: Could not detect idle state.
06-28 18:32:17.030  3693  3869 W AccessibilityInteractionClient: old interaction Id is: -1,current interaction Id is:119
06-28 18:32:17.039  3693  3869 W QueryController: Could not detect idle state.
06-28 18:32:17.041  3693  3869 I chatty  : uid=10380(com.github.uiautomator) identical 1 line
06-28 18:32:17.042  3693  3869 W QueryController: Could not detect idle state.
06-28 18:32:17.081  3693  3869 D UIAutomatorStub: URI: /jsonrpc/0, Method: POST, params, {NanoHttpd.QUERY_STRING=null}, files: {postData={"jsonrpc": "2.0", "id": "0053bfeb66ea3b094d5ef3b70ae5f0f8", "method": "click", "params": [302, 1292]}}
06-28 18:32:17.089  3693  3869 D InteractionController: clickNoSync (302, 1292)
06-28 18:32:17.127  1114  1790 W Watchdog: hungtask: writing kick
06-28 18:32:17.128  1114  1240 I chatty  : uid=1000(system) android.fg expire 4 lines
06-28 18:32:17.190   789   789 D SensorHub: batch called handle:0 sample_ns:200000000 latency_ns:0
06-28 18:32:17.190   789   789 E SensorHub: in batch, handle = 0, flags = 0, period_ns = 200000000, timeout = 0
06-28 18:32:17.193   789   789 I Sensors@1.0-impl: activate-0 enabled-1 fwkOals-1 camOals-0 fwkOcolor-1 camOcolor-0 fwkOtof-0 camOtof-0
06-28 18:32:17.193   789   789 D SensorHub: enableSensor-> handle: 0 enable : 1
06-28 18:32:17.193   789   789 D SensorHub: Channel activate-> handle: 0, enabled:1, err: 0
06-28 18:32:17.194   789   789 D SensorHub: batch called handle:0 sample_ns:20000000 latency_ns:0
06-28 18:32:17.194   789   789 E SensorHub: in batch, handle = 0, flags = 0, period_ns = 20000000, timeout = 0
06-28 18:32:17.207  1114 11860 D HwAudioService: startWatchingRoutes
06-28 18:32:17.207  1114 11860 D HwAudioService: linkVAtoDeathRe for vassistant
06-28 18:32:17.207  1114 11860 D HwAudioService: packageName:com.mixgo.PropertySEO
06-28 18:32:17.208  1114 11860 D MediaRouterService: Client com.mixgo.PropertySEO (pid 3933): Registered
06-28 18:32:17.312   789   909 D SensorHub: batch called handle:0 sample_ns:200000000 latency_ns:0
06-28 18:32:17.312   789   909 E SensorHub: in batch, handle = 0, flags = 0, period_ns = 200000000, timeout = 0
06-28 18:32:17.312   638   638 E uniperf server: uniPerfEvent doParse failed, cmdId=4400
06-28 18:32:17.312   638   638 D uniperf hal: do uniPerfEvent failed, cmdId=4400, ret=2
06-28 18:32:17.313   789   909 I Sensors@1.0-impl: activate-0 enabled-1 fwkOals-1 camOals-0 fwkOcolor-1 camOcolor-0 fwkOtof-0 camOtof-0
06-28 18:32:17.313   789   909 D SensorHub: enableSensor-> handle: 0 enable : 1
06-28 18:32:17.313   789   909 D SensorHub: Channel activate-> handle: 0, enabled:1, err: 0
06-28 18:32:17.314   789   789 D SensorHub: batch called handle:0 sample_ns:20000000 latency_ns:0
06-28 18:32:17.314   789   789 E SensorHub: in batch, handle = 0, flags = 0, period_ns = 20000000, timeout = 0
06-28 18:32:17.317   650   929 I chatty  : uid=1000(system) Binder:650_1 expire 2 lines
06-28 18:32:17.354  1114  1114 D MediaRouterService: onAudioPlayerActiveStateChanged: uid=10401, active=false, delaying
06-28 18:32:17.354   648  1353 I chatty  : uid=1041(audioserver) Binder:648_3 expire 23 lines
06-28 18:32:17.354  1667 30663 V AudioManager: mPlaybackCallbackList.size:1
06-28 18:32:17.355  1667 30663 V AudioManager: mPlaybackCallbackList.size:1
06-28 18:32:17.355  1667  2475 D AudioManager: dispatching onPlaybackConfigChanged()
06-28 18:32:17.355  1667  2475 D AudioManager: dispatching onPlaybackConfigChanged()
06-28 18:32:17.366   648  2158 I chatty  : uid=1041(audioserver) Binder:648_4 expire 14 lines
06-28 18:32:17.367   648 23237 I chatty  : uid=1041(audioserver) Binder:648_A expire 12 lines
06-28 18:32:17.372   626  1281 I chatty  : uid=1041(audioserver) HwBinder:626_2 expire 33 lines
06-28 18:32:17.373  3933  4063 I chatty  : uid=10401(com.mixgo.PropertySEO) com.google.android.webview:sandboxed_process0 expire 1 line
06-28 18:32:17.376  3933  4191 I chatty  : uid=10401(com.mixgo.PropertySEO) com.google.android.webview:sandboxed_process0 expire 7 lines
06-28 18:32:17.377  1114  1114 D MediaRouterService: onAudioPlayerActiveStateChanged: uid=10401, active=true, restoreUid=10401
06-28 18:32:17.378  1667 30663 V AudioManager: mPlaybackCallbackList.size:1
06-28 18:32:17.378  1667  2475 D AudioManager: dispatching onPlaybackConfigChanged()
06-28 18:32:17.432   648   998 I chatty  : uid=1041(audioserver) ApmOutput expire 12 lines
06-28 18:32:17.435  1114 11860 I ActivityManager: START u0 {act=android.content.pm.action.REQUEST_PERMISSIONS pkg=com.android.packageinstaller cmp=com.android.packageinstaller/.permission.ui.GrantPermissionsActivity (has extras)} from uid 10401
06-28 18:32:17.437  1114 11860 I ActivityManager: ActivityRecord info: ActivityInfo{d4006b3 com.android.packageinstaller.permission.ui.GrantPermissionsActivity}
06-28 18:32:17.439   755   815 I dubaid  : [AudioHandler.cpp] stopSession# Failed to find audio session: 1849
06-28 18:32:17.440  1114 11860 V WindowManager: addAppToken: AppWindowToken{f9b586e token=Token{a6c83e9 ActivityRecord{7bf9470 u0 com.android.packageinstaller/.permission.ui.GrantPermissionsActivity t215}}} controller={TaskWindowContainerController taskId=215} at 2147483647
06-28 18:32:17.445   780  9105 I Pged-IPgedBinderService: ****action is 1, pid num is 2***
06-28 18:32:17.445   780  9105 I Pged-Freezer: freezePids
06-28 18:32:17.445   780  9105 I Pged-Freezer: Freeze process: 30304
06-28 18:32:17.625  3933  4198 I chatty  : uid=10401(com.mixgo.PropertySEO) com.google.android.webview:sandboxed_process0 expire 6 lines
06-28 18:32:17.684  3933  3933 W UnityMain: type=1400 audit(0.0:36531): avc: granted { create } for name="values" scontext=u:r:untrusted_app:s0:c145,c257,c512,c768 tcontext=u:object_r:sdcardfs:s0:c145,c257,c512,c768 tclass=file
06-28 18:32:17.693  1114  1114 D MediaRouterService: onAudioPlayerActiveStateChanged: uid=10401, active=false, delaying
06-28 18:32:17.693  1667 30663 V AudioManager: mPlaybackCallbackList.size:1
06-28 18:32:17.693  1667 30663 V AudioManager: mPlaybackCallbackList.size:1
06-28 18:32:17.694  1667  2475 D AudioManager: dispatching onPlaybackConfigChanged()
06-28 18:32:17.694  1667  2475 D AudioManager: dispatching onPlaybackConfigChanged()
06-28 18:32:17.694   789   909 I Sensors@1.0-impl: activate-0 enabled-0 fwkOals-1 camOals-0 fwkOcolor-1 camOcolor-0 fwkOtof-0 camOtof-0
06-28 18:32:17.694   789   909 D SensorHub: enableSensor-> handle: 0 enable : 0
06-28 18:32:17.695   789   909 D SensorHub: Channel activate-> handle: 0, enabled:0, err: 0
06-28 18:32:17.695   789   909 D SensorHub: lib ver is 15
06-28 18:32:17.695   789   909 E SensorHub: get_acc_convert_coff = 1000.000000
06-28 18:32:17.696  1114  8995 V ActivityManager: Making visible and scheduling visibility: ActivityRecord{7bf9470 u0 com.android.packageinstaller/.permission.ui.GrantPermissionsActivity t215}
06-28 18:32:17.697  1114  8995 D HwPhoneWindowManager: sensorRotation = -1 lastRotation:0
06-28 18:32:17.698 31509 31509 W ActivityThread: handleWindowVisibility: no activity for token android.os.BinderProxy@547628
06-28 18:32:17.703  1114  8995 W HwActivityManagerServiceEx: appSwitch from: com.mixgo.PropertySEO to: com.android.packageinstaller
06-28 18:32:17.703 31509 31509 D ZrHung.AppEyeUiProbe: notify runnable to start.
06-28 18:32:17.703  1114  1219 W HwActivityManagerServiceEx: HwActivityNotifier end call android.app.IHwActivityNotifier$Stub$Proxy@b3922e9 for appSwitch under user 0 cost 0
06-28 18:32:17.704  1114  1219 W HwActivityManagerServiceEx: HwActivityNotifier end call android.app.IHwActivityNotifier$Stub$Proxy@92d0b6e for appSwitch under user 0 cost 1
06-28 18:32:17.704 31509 31509 V ActivityThread: Skipping new config:{1.0 ?mcc?mnc [zh_CN_#Hans,en_US] ldltr sw360dp w360dp h719dp 480dpi nrml long hdr port finger -keyb/v/h -nav/h winConfig={ mBounds=Rect(0, 0 - 0, 0) mAppBounds=Rect(0, 85 - 1080, 2244) mWindowingMode=fullscreen mActivityType=undefined} nonFullScreen=0 suim:1 s.9}, config:{1.0 ?mcc?mnc [zh_CN_#Hans,en_US] ldltr sw360dp w360dp h719dp 480dpi nrml long hdr port finger -keyb/v/h -nav/h winConfig={ mBounds=Rect(0, 0 - 0, 0) mAppBounds=Rect(0, 85 - 1080, 2244) mWindowingMode=fullscreen mActivityType=undefined} nonFullScreen=0 suim:1 s.9} for app:com.android.packageinstaller
06-28 18:32:17.704 31509 31530 D ZrHung.AppEyeUiProbe: restart watching
06-28 18:32:17.707  1114  8995 V WindowManager: Checking 1 opening apps (frozen=false timeout=false), Track: activitypause performsurface
06-28 18:32:17.707  1114  8995 V WindowManager: Check opening app=AppWindowToken{f9b586e token=Token{a6c83e9 ActivityRecord{7bf9470 u0 com.android.packageinstaller/.permission.ui.GrantPermissionsActivity t215}}}: allDrawn=false startingDisplayed=false startingMoved=false isRelaunching()=false startingWindow=null
06-28 18:32:17.709  2434  4069 E nearby  : CloseRangeAdapter:no such business type
06-28 18:32:17.710  1114  1219 W HwActivityManagerServiceEx: HwActivityNotifier end call android.app.IHwActivityNotifier$Stub$Proxy@88cf16b for activityLifeState under user 0 cost 1
06-28 18:32:17.710 31509 31509 V ActivityThread: callActivityOnCreate
06-28 18:32:17.711  1114  2469 I HwNetworkPolicy: onTransact, code = 203
06-28 18:32:17.711  2017  2506 I HwNetworkPolicyManager: getHwUidPolicy uid = 10042 policy = 0
06-28 18:32:17.713  2461  2612 D WorkSource: i1=0 i2=0 N1=0: insert 2434 com.huawei.iconnect
06-28 18:32:17.713  2461  2612 D WorkSource: Insert in WorkSource{} @ 0 uid 2434 name com.huawei.iconnect
06-28 18:32:17.713  1114  6779 I AlarmManager: remove alarm:Alarm{327c721 type 0 when 1561718227627 PendingIntent{d2a5b0f: PendingIntentRecord{f61879c com.mixgo.PropertySEO broadcastIntent}}com.mixgo.PropertySEO} according to operation:3cd8188
06-28 18:32:17.713 31509 31509 W VRSystemServiceManager: vr service is not alive
06-28 18:32:17.713  2461  2661 D BluetoothAdapter: isLeEnabled(): ON
06-28 18:32:17.714  1667  2234 I bt_stack: [INFO:gatt_api.cc(950)] GATT_Register 80fe5350-0f70-a8b6-21dc-3244bf18c895
06-28 18:32:17.714  1667  2234 I bt_stack: [INFO:gatt_api.cc(970)] allocated gatt_if=6
06-28 18:32:17.715  2461  2482 D BluetoothLeScanner: onScannerRegistered() - status=0 scannerId=6 mScannerId=0
06-28 18:32:17.715  1869  1885 I BoosterSwitchP: notifyUidState do nothing
06-28 18:32:17.715  1869  1885 I DeepNoDisturbP: notifyUidState
06-28 18:32:17.715  1869  1885 I HidataAppQoeP: notifyUidState
06-28 18:32:17.715  1869  1885 I BrowserChrP: notifyUidState
06-28 18:32:17.715  1667 30663 W Bth-btfreeze: BluetoothFreeze:tag: 181  uid: 1000  pid: 2461
06-28 18:32:17.718  1114  6779 I HwAudioService: now type = 255,reportForegroundAppType = 255,pkg = null,systemload = 255mVoipOptimizeInGameModetrue
06-28 18:32:17.722  3933  4225 I chatty  : uid=10401(com.mixgo.PropertySEO) com.google.android.webview:sandboxed_process0 expire 9 lines
06-28 18:32:17.723  3933  4226 I chatty  : uid=10401(com.mixgo.PropertySEO) com.google.android.webview:sandboxed_process0 expire 14 lines
06-28 18:32:17.724 31509 31509 I FLTAG_FM: loadFeature class:com.huawei.featurelayer.systemfeature.HwWidget.IHwSplineOverScrollerEx
06-28 18:32:17.724 31509 31509 I FLTAG_SFM: getRequireClassLoader() succ ! className: com.huawei.featurelayer.systemfeature.HwWidget.IHwSplineOverScrollerEx
06-28 18:32:17.724 31509 31509 D FeatureFactory: loadFeature() : com.huawei.featurelayer.systemfeature.HwWidget.IHwSplineOverScrollerEx
06-28 18:32:17.724 31509 31509 D FeatureFactory: loadFeature() new IHwSplineOverScrollerEx()
06-28 18:32:17.724 31509 31509 D HwSplineOverScrollerExImpl: initSplineOverScrollerImpl paras: android.widget.OverScroller$SplineOverScroller@375e240,com.android.packageinstaller.permission.ui.GrantPermissionsActivity@ae49ce6
06-28 18:32:17.724 31509 31509 D HwSplineOverScrollerExImpl: initSplineOverScrollerImpl: mScrollerVelocity is 0, value is 0
06-28 18:32:17.724 31509 31509 I FLTAG_FM: loadFeature class:com.huawei.featurelayer.systemfeature.HwWidget.IHwSplineOverScrollerEx
06-28 18:32:17.724 31509 31509 I FLTAG_SFM: getRequireClassLoader() succ ! className: com.huawei.featurelayer.systemfeature.HwWidget.IHwSplineOverScrollerEx
06-28 18:32:17.724 31509 31509 D FeatureFactory: loadFeature() : com.huawei.featurelayer.systemfeature.HwWidget.IHwSplineOverScrollerEx
06-28 18:32:17.724 31509 31509 D FeatureFactory: loadFeature() new IHwSplineOverScrollerEx()
06-28 18:32:17.724 31509 31509 D HwSplineOverScrollerExImpl: initSplineOverScrollerImpl paras: android.widget.OverScroller$SplineOverScroller@5d062be,com.android.packageinstaller.permission.ui.GrantPermissionsActivity@ae49ce6
06-28 18:32:17.724 31509 31509 D HwSplineOverScrollerExImpl: initSplineOverScrollerImpl: mScrollerVelocity is 0, value is 0
06-28 18:32:17.727 31509 31509 D HiTouch_PressGestureDetector: HiTouch on notch display, height corret:85
06-28 18:32:17.731 31509 31509 D ActivityThread: add activity client record, r= ActivityRecord{eabecca token=android.os.BinderProxy@547628 {com.android.packageinstaller/com.android.packageinstaller.permission.ui.GrantPermissionsActivity}} token= android.os.BinderProxy@547628
06-28 18:32:17.731 31509 31509 D ZrHung.AppEyeUiProbe: notify runnable to start.
06-28 18:32:17.732  1114  1471 D HwGameAssistantController: pid=31509, uid=10042, component=ComponentInfo{com.android.packageinstaller/com.android.packageinstaller.permission.ui.GrantPermissionsActivity}
06-28 18:32:17.732 31509 31509 D ZrHung.AppEyeUiProbe: notify runnable to start.
06-28 18:32:17.732 31509 31509 D ZrHung.AppEyeUiProbe: stop checker.
06-28 18:32:17.732  1114  1219 W HwActivityManagerServiceEx: HwActivityNotifier end call android.app.IHwActivityNotifier$Stub$Proxy@88cf16b for activityLifeState under user 0 cost 0
06-28 18:32:17.732  1114  1243 D HwGameAssistantController: UPDATE: mCurFgPkg=com.android.packageinstaller, mCurFgPid=31509, mCurIsGame=false
06-28 18:32:17.734  1114  8995 W HwActivityManagerServiceEx: appSwitch from: com.android.packageinstaller to: com.mixgo.PropertySEO
06-28 18:32:17.734  1114  1219 W HwActivityManagerServiceEx: HwActivityNotifier end call android.app.IHwActivityNotifier$Stub$Proxy@b3922e9 for appSwitch under user 0 cost 0
06-28 18:32:17.734  1114  1219 W HwActivityManagerServiceEx: HwActivityNotifier end call android.app.IHwActivityNotifier$Stub$Proxy@92d0b6e for appSwitch under user 0 cost 0
06-28 18:32:17.737  6701  6759 I [HwRecSys]OdmfCollectScheduler: handleMessage msg: 6
06-28 18:32:17.737  6701  6759 E [HwRecSys]HwRecSysService: Rec sys service not started.
06-28 18:32:17.740  1114  3628 D HwLocationManagerService: on transact ADD_LOCATION_MODE  uid is 10401 , expectedmode is 3 , packagename is com.mixgo.PropertySEO
06-28 18:32:17.740  1114  3628 D HwLocationManagerService: uid is 10401 , isWifiConn is true , isMobileConn is false
06-28 18:32:17.740  1114  3628 I HwNetworkPolicy: onTransact, code = 203
06-28 18:32:17.740  1114  3628 I HwNetworkPolicyManager: getHwUidPolicy uid = 10401 policy = 0
06-28 18:32:17.740  1114  3628 D HwLocationManagerService: policy is 0 , wifiAccess is true, mobileAccess is true
06-28 18:32:17.740  1114  3628 D HwLocationManagerService: wifiAvaiable is true , mobileAvailable is false
06-28 18:32:17.740  1114  3628 D HwLocationManagerService: addSupervisoryControlProc, mExpectedMode is network,packagename=com.mixgo.PropertySEO, mSupervisoryPkgList is {com.mixgo.PropertySEO=network}
06-28 18:32:17.740  1114  3628 D HwLocationManagerService:  package has no request send yet
06-28 18:32:17.741  1114  8995 D HwPhoneWindowManager: sensorRotation = -1 lastRotation:0
06-28 18:32:17.742  2461  2661 D BluetoothAdapter: isLeEnabled(): ON
06-28 18:32:17.742  1667 30663 W Bth-btfreeze: BluetoothFreeze:tag: 182  uid: 1000  pid: 2461
06-28 18:32:17.742  1114  8995 V WindowManager: notifyAppResumed: wasStopped=false AppWindowToken{68863db token=Token{73414ea ActivityRecord{c50b4d5 u0 com.mixgo.PropertySEO/cn.jiguang.unity.push.UnityPluginActivity t215}}}
06-28 18:32:17.743  1667 30663 W Bth-btfreeze: BluetoothFreeze:tag: 182  uid: 1000
06-28 18:32:17.743  1667 30663 W Bth-btfreeze: BluetoothFreeze:tag: 182  uid: 1000  pid: 2461
06-28 18:32:17.744  1114  8995 V WindowManager: Checking 1 opening apps (frozen=false timeout=false), Track: activitypause performsurface
06-28 18:32:17.744  1114  8995 V WindowManager: Check opening app=AppWindowToken{68863db token=Token{73414ea ActivityRecord{c50b4d5 u0 com.mixgo.PropertySEO/cn.jiguang.unity.push.UnityPluginActivity t215}}}: allDrawn=true startingDisplayed=false startingMoved=false isRelaunching()=false startingWindow=null
06-28 18:32:17.745  1114  8995 I WindowManager: closing apps count = 1
06-28 18:32:17.748  1114  1219 W HwActivityManagerServiceEx: HwActivityNotifier end call android.app.IHwActivityNotifier$Stub$Proxy@88cf16b for activityLifeState under user 0 cost 0
06-28 18:32:17.750   638  1895 E uniperf server: uniPerfEvent doParse failed, cmdId=4400
06-28 18:32:17.750   638  1895 D uniperf hal: do uniPerfEvent failed, cmdId=4400, ret=2
06-28 18:32:17.753  1114  6779 D HwGameAssistantController: pid=3933, uid=10401, component=ComponentInfo{com.mixgo.PropertySEO/cn.jiguang.unity.push.UnityPluginActivity}
06-28 18:32:17.753  1114  6779 I chatty  : uid=1000(system) Binder:1114_16 expire 4 lines
06-28 18:32:17.753  1114  1243 D HwGameAssistantController: UPDATE: mCurFgPkg=com.mixgo.PropertySEO, mCurFgPid=3933, mCurIsGame=false
06-28 18:32:17.753  1114  1219 W HwActivityManagerServiceEx: HwActivityNotifier end call android.app.IHwActivityNotifier$Stub$Proxy@88cf16b for activityLifeState under user 0 cost 0
06-28 18:32:17.754   646   646 D WifiHW  : chip is bcm bcm43xx
06-28 18:32:17.754   646   646 D         : Enter bcm_game_kog_adjust_speed: freq= 2437 mode= 6
06-28 18:32:17.755   646   646 D         : Enter wl_set_pmlock: pmlock= 0
06-28 18:32:17.755   646   646 D         : wl_set_pmlock: ret: 0
06-28 18:32:17.756  6701  6759 I [HwRecSys]OdmfCollectScheduler: handleMessage msg: 6
06-28 18:32:17.756   789   909 D SensorHub: batch called handle:0 sample_ns:200000000 latency_ns:0
06-28 18:32:17.756   789   909 E SensorHub: in batch, handle = 0, flags = 0, period_ns = 200000000, timeout = 0
06-28 18:32:17.756  6701  6759 E [HwRecSys]HwRecSysService: Rec sys service not started.
06-28 18:32:17.757   789   909 I Sensors@1.0-impl: activate-0 enabled-1 fwkOals-1 camOals-0 fwkOcolor-1 camOcolor-0 fwkOtof-0 camOtof-0
06-28 18:32:17.757   789   909 D SensorHub: enableSensor-> handle: 0 enable : 1
06-28 18:32:17.757   789   909 D SensorHub: Channel activate-> handle: 0, enabled:1, err: 0
06-28 18:32:17.757   789   909 D SensorHub: batch called handle:0 sample_ns:20000000 latency_ns:0
06-28 18:32:17.757   789   909 E SensorHub: in batch, handle = 0, flags = 0, period_ns = 20000000, timeout = 0
06-28 18:32:17.759  3693  3713 W AccessibilityInteractionClient: old interaction Id is: -1,current interaction Id is:2
06-28 18:32:17.761  3933  4222 E ActivityThread: Failed to find provider info for com.ss.android.article.news.DownloadProvider
06-28 18:32:17.763   755   815 I dubaid  : [AudioHandler.cpp] stopSession# Failed to find audio session: 1857
06-28 18:32:17.765  3933  3941 I chatty  : uid=10401(com.mixgo.PropertySEO) com.google.android.webview:sandboxed_process0 expire 2 lines
06-28 18:32:17.766  3933  4234 I chatty  : uid=10401(com.mixgo.PropertySEO) com.google.android.webview:sandboxed_process0 expire 3 lines
06-28 18:32:17.766  3933  4222 E ActivityThread: Failed to find provider info for com.ss.android.article.news.DownloadProvider
06-28 18:32:17.767  1114  1114 D MediaRouterService: onAudioPlayerActiveStateChanged: uid=10401, active=true, restoreUid=10401
06-28 18:32:17.767  1667 30663 V AudioManager: mPlaybackCallbackList.size:1
06-28 18:32:17.768  3933  3933 W com.google.android.webview:sandboxed_process0: type=1400 audit(0.0:36532): avc: granted { create } for comm=576F726B657220546872656164 name="156171793700000.595baa6f" scontext=u:r:untrusted_app:s0:c145,c257,c512,c768 tcontext=u:object_r:sdcardfs:s0:c145,c257,c512,c768 tclass=dir
06-28 18:32:17.768  3933  3933 W com.google.android.webview:sandboxed_process0: type=1400 audit(0.0:36533): avc: granted { create } for comm=576F726B657220546872656164 name="s" scontext=u:r:untrusted_app:s0:c145,c257,c512,c768 tcontext=u:object_r:sdcardfs:s0:c145,c257,c512,c768 tclass=file
06-28 18:32:17.768  3933  3933 W com.google.android.webview:sandboxed_process0: type=1400 audit(0.0:36534): avc: granted { create } for comm=576F726B657220546872656164 name="g" scontext=u:r:untrusted_app:s0:c145,c257,c512,c768 tcontext=u:object_r:sdcardfs:s0:c145,c257,c512,c768 tclass=file
06-28 18:32:17.768  3933  3933 W com.google.android.webview:sandboxed_process0: type=1400 audit(0.0:36535): avc: granted { create } for comm=576F726B657220546872656164 name="e" scontext=u:r:untrusted_app:s0:c145,c257,c512,c768 tcontext=u:object_r:sdcardfs:s0:c145,c257,c512,c768 tclass=file
06-28 18:32:17.768  1667  2475 D AudioManager: dispatching onPlaybackConfigChanged()
06-28 18:32:17.771  3693  3713 W AccessibilityInteractionClient: old interaction Id is: -1,current interaction Id is:3
06-28 18:32:17.771   626   979 I chatty  : uid=1041(audioserver) HwBinder:626_1 expire 3 lines
