06-28 18:37:34.904  1114  1555 D NetdConnector: RCV <- {200 2597 Firewall command succeeded}
06-28 18:37:34.906  1952  2773 I chatty  : uid=1000(system) GameSdkManagerT expire 6 lines
06-28 18:37:34.906  1114  1456 V WindowManager: Checking 1 opening apps (frozen=false timeout=false), Track: updateconfig performsurface
06-28 18:37:34.906  1114  1456 V WindowManager: Check opening app=AppWindowToken{c3d4f72 token=Token{df7a47d ActivityRecord{77f4ad4 u0 com.mixgo.PropertySEO/cn.jiguang.unity.push.UnityPluginActivity t221}}}: allDrawn=false startingDisplayed=true startingMoved=false isRelaunching()=false startingWindow=Window{b11c688 u0 Splash Screen com.mixgo.PropertySEO}
06-28 18:37:34.907  1114  1456 I WindowManager: closing apps count = 1
06-28 18:37:34.910  1114 12415 I HwNetworkPolicy: onTransact, code = 203
06-28 18:37:34.910  2017  2506 I HwNetworkPolicyManager: getHwUidPolicy uid = 10403 policy = 0
06-28 18:37:34.910  1952  2771 I chatty  : uid=1000(system) GameManager expire 2 lines
06-28 18:37:34.910  1869  1885 I BoosterSwitchP: notifyUidState do nothing
06-28 18:37:34.910  1869  1885 I DeepNoDisturbP: notifyUidState
06-28 18:37:34.910  1869  1885 I HidataAppQoeP: notifyUidState
06-28 18:37:34.910  1869  1885 I BrowserChrP: notifyUidState
06-28 18:37:34.911  1114  2129 I HwApsManagerConfig: APSLog -> getFps:[from:unkown source,pkgName:com.mixgo.PropertySEO,fps:-1]
06-28 18:37:34.911   635   635 I chatty  : uid=1000(system) hwsched@1.0-ser expire 55 lines
06-28 18:37:34.911   635  5343 I chatty  : uid=1000(system) hwsched@1.0-ser expire 1 line
06-28 18:37:34.912  1114  2129 I HwAudioService: now type = 255,reportForegroundAppType = 9,pkg = null,systemload = 255mVoipOptimizeInGameModetrue
06-28 18:37:34.913  1114  2129 D HwAudioService: support voip optinization during game mode.
06-28 18:37:34.913   626  6841 I chatty  : uid=1041(audioserver) HwBinder:626_5 expire 49 lines
06-28 18:37:34.913   635  6078 I chatty  : uid=1000(system) hwsched@1.0-ser expire 1 line
06-28 18:37:34.914  1952  2259 I chatty  : uid=1000(system) sdk thread expire 30 lines
06-28 18:37:34.915  1952  1966 I chatty  : uid=1000(system) Binder:1952_1 expire 3 lines
06-28 18:37:34.917   750 29088 D iTouchService: itouch currentPackageName=com.mixgo.PropertySEO
06-28 18:37:34.917   750 29088 D iTouchService: itouch appType=-5 appState=1 gameMode=2
06-28 18:37:34.917   750 29088 D iTouchService: itouch getCurrentParmID tempPkg=com.mixgo.xxx
06-28 18:37:34.917   750 29088 D iTouchService: itouch:game_switch is disable
06-28 18:37:34.917   750 29088 D iTouchService: itouch:styluspen_switch is disable
06-28 18:37:34.917   750 29088 D iTouchService: itouch:currentAppTypeName =|ITOUCHGAME|
06-28 18:37:34.918  1114  1114 D JobScheduler: Maybe queuing ready jobs...
06-28 18:37:34.921  6064  6077 I chatty  : uid=10403(com.mixgo.PropertySEO) expire 3 lines
06-28 18:37:34.924  1724  1724 D BarTransitions.HwPhoneStatusBarView: MODE_TRANSLUCENT -> MODE_TRANSPARENT animate=false
06-28 18:37:34.924  1724  1724 D BarTransitions.HwPhoneStatusBarView: applyModeBackground oldMode=MODE_TRANSLUCENT newMode=MODE_TRANSPARENT animate=false
06-28 18:37:34.925  1724  1724 D BarTransitions.HwNavigationBarView: MODE_TRANSLUCENT -> MODE_TRANSPARENT animate=false
06-28 18:37:34.925  1724  1724 D BarTransitions.HwNavigationBarView: applyModeBackground oldMode=MODE_TRANSLUCENT newMode=MODE_TRANSPARENT animate=false
06-28 18:37:34.935  6064  6086 I chatty  : uid=10403(com.mixgo.PropertySEO) expire 5 lines
06-28 18:37:34.937  6064  6082 I chatty  : uid=10403(com.mixgo.PropertySEO) expire 1 line
06-28 18:37:34.942  6064  6064 V ActivityThread: Skipping new config:{1.0 ?mcc?mnc [zh_CN_#Hans,en_US] ldltr sw360dp w360dp h719dp 480dpi nrml long hdr port finger -keyb/v/h -nav/h winConfig={ mBounds=Rect(0, 0 - 0, 0) mAppBounds=Rect(0, 85 - 1080, 2244) mWindowingMode=fullscreen mActivityType=undefined} nonFullScreen=0 suim:1 s.9}, config:{1.0 ?mcc?mnc [zh_CN_#Hans,en_US] ldltr sw360dp w360dp h719dp 480dpi nrml long hdr port finger -keyb/v/h -nav/h winConfig={ mBounds=Rect(0, 0 - 0, 0) mAppBounds=Rect(0, 85 - 1080, 2244) mWindowingMode=fullscreen mActivityType=undefined} nonFullScreen=0 suim:1 s.9} for app:com.mixgo.PropertySEO
06-28 18:37:34.951  6064  6064 V ActivityThread: callActivityOnCreate
06-28 18:37:34.976   780   780 W iaware  : type=1400 audit(0.0:36751): avc: denied { dac_override } for capability=1 scontext=u:r:hwpged:s0 tcontext=u:r:hwpged:s0 tclass=capability permissive=0
06-28 18:37:34.976   780   780 W iaware  : type=1400 audit(0.0:36752): avc: denied { dac_read_search } for capability=2 scontext=u:r:hwpged:s0 tcontext=u:r:hwpged:s0 tclass=capability permissive=0
06-28 18:37:34.980  1114  2129 I ActivityManager: START u0 {act=android.content.pm.action.REQUEST_PERMISSIONS pkg=com.android.packageinstaller cmp=com.android.packageinstaller/.permission.ui.GrantPermissionsActivity (has extras)} from uid 10403
06-28 18:37:34.980  1114  2129 I ActivityManager: ActivityRecord info: ActivityInfo{3356164 com.android.packageinstaller.permission.ui.GrantPermissionsActivity}
06-28 18:37:34.982   780   805 D AwareLog: iawared: workingset_process_command subCmd = 352, uid=10403, pid=6064, com.mixgo.PropertySEO
06-28 18:37:34.982   780   805 D AwareLog: iawared: workingsetStop com.mixgo.PropertySEO
06-28 18:37:34.984  1114  2129 V WindowManager: addAppToken: AppWindowToken{d1b7393 token=Token{a9f3082 ActivityRecord{8bf1fcd u0 com.android.packageinstaller/.permission.ui.GrantPermissionsActivity t221}}} controller={TaskWindowContainerController taskId=221} at 2147483647
06-28 18:37:34.989  6064  6064 D ActivityThread: add activity client record, r= ActivityRecord{cce73a6 token=android.os.BinderProxy@a2f1682 {com.mixgo.PropertySEO/cn.jiguang.unity.push.UnityPluginActivity}} token= android.os.BinderProxy@a2f1682
06-28 18:37:35.002  1114  2129 V WindowManager: addWindow: Window{2ffb5ef u0 com.mixgo.PropertySEO/cn.jiguang.unity.push.UnityPluginActivity}
06-28 18:37:35.003  1114  4501 D HwGameAssistantController: pid=6064, uid=10403, component=ComponentInfo{com.mixgo.PropertySEO/cn.jiguang.unity.push.UnityPluginActivity}
06-28 18:37:35.003  1900 15673 I chatty  : uid=1000(system) Binder:1900_B expire 12 lines
06-28 18:37:35.003  1114  4001 I chatty  : uid=1000(system) HwAPPQoEActivit expire 35 lines
06-28 18:37:35.003  1114  1243 D HwGameAssistantController: UPDATE: mCurFgPkg=com.mixgo.PropertySEO, mCurFgPid=6064, mCurIsGame=false
06-28 18:37:35.003  1114  1219 W HwActivityManagerServiceEx: HwActivityNotifier end call android.app.IHwActivityNotifier$Stub$Proxy@88cf16b for activityLifeState under user 0 cost 0
06-28 18:37:35.003  1900  2185 I chatty  : uid=1000(system) OdmfCtrlThread expire 10 lines
06-28 18:37:35.004  1114  1621 I chatty  : uid=1000(system) HwAPPQoEStateMa expire 58 lines
06-28 18:37:35.004  1114  1619 I chatty  : uid=1000(system) HwArbitrationSt expire 51 lines
06-28 18:37:35.004  1114  4501 V ActivityManager: Making visible and scheduling visibility: ActivityRecord{8bf1fcd u0 com.android.packageinstaller/.permission.ui.GrantPermissionsActivity t221}
06-28 18:37:35.005   646   646 D WifiHW  : chip is bcm bcm43xx
06-28 18:37:35.005  1114  4501 D HwPhoneWindowManager: sensorRotation = -1 lastRotation:0
06-28 18:37:35.005   646   646 D         : Enter bcm_game_kog_adjust_speed: freq= 2437 mode= 6
06-28 18:37:35.005   646   646 D         : Enter wl_set_pmlock: pmlock= 0
06-28 18:37:35.008 31509 31509 W ActivityThread: handleWindowVisibility: no activity for token android.os.BinderProxy@74fd7f6
06-28 18:37:35.009  1114  4501 W HwActivityManagerServiceEx: appSwitch from: com.mixgo.PropertySEO to: com.android.packageinstaller
06-28 18:37:35.009  1900  2190 I chatty  : uid=1000(system) OdmfDataThread expire 5 lines
06-28 18:37:35.009 31509 31509 D ZrHung.AppEyeUiProbe: notify runnable to start.
06-28 18:37:35.009 31509 31509 V ActivityThread: Skipping new config:{1.0 ?mcc?mnc [zh_CN_#Hans,en_US] ldltr sw360dp w360dp h719dp 480dpi nrml long hdr port finger -keyb/v/h -nav/h winConfig={ mBounds=Rect(0, 0 - 0, 0) mAppBounds=Rect(0, 85 - 1080, 2244) mWindowingMode=fullscreen mActivityType=undefined} nonFullScreen=0 suim:1 s.9}, config:{1.0 ?mcc?mnc [zh_CN_#Hans,en_US] ldltr sw360dp w360dp h719dp 480dpi nrml long hdr port finger -keyb/v/h -nav/h winConfig={ mBounds=Rect(0, 0 - 0, 0) mAppBounds=Rect(0, 85 - 1080, 2244) mWindowingMode=fullscreen mActivityType=undefined} nonFullScreen=0 suim:1 s.9} for app:com.android.packageinstaller
06-28 18:37:35.010  6701  6759 I [HwRecSys]OdmfCollectScheduler: handleMessage msg: 6
06-28 18:37:35.010  6701  6759 E [HwRecSys]HwRecSysService: Rec sys service not started.
06-28 18:37:35.010 31509 31530 D ZrHung.AppEyeUiProbe: restart watching
06-28 18:37:35.010  1114  1219 W HwActivityManagerServiceEx: HwActivityNotifier end call android.app.IHwActivityNotifier$Stub$Proxy@b3922e9 for appSwitch under user 0 cost 0
06-28 18:37:35.010  1114  1219 W HwActivityManagerServiceEx: HwActivityNotifier end call android.app.IHwActivityNotifier$Stub$Proxy@92d0b6e for appSwitch under user 0 cost 0
06-28 18:37:35.011   646   646 D         : wl_set_pmlock: ret: 0
06-28 18:37:35.012  1114  4501 V WindowManager: Checking 1 opening apps (frozen=false timeout=false), Track: activitypause performsurface
06-28 18:37:35.012  1114  4501 V WindowManager: Check opening app=AppWindowToken{d1b7393 token=Token{a9f3082 ActivityRecord{8bf1fcd u0 com.android.packageinstaller/.permission.ui.GrantPermissionsActivity t221}}}: allDrawn=false startingDisplayed=false startingMoved=false isRelaunching()=false startingWindow=null
06-28 18:37:35.013  1114  1219 W HwActivityManagerServiceEx: HwActivityNotifier end call android.app.IHwActivityNotifier$Stub$Proxy@88cf16b for activityLifeState under user 0 cost 0
06-28 18:37:35.013  1114  1456 V WindowManager: Checking 1 opening apps (frozen=false timeout=false), Track:  performsurface
06-28 18:37:35.013  1114  1456 V WindowManager: Check opening app=AppWindowToken{d1b7393 token=Token{a9f3082 ActivityRecord{8bf1fcd u0 com.android.packageinstaller/.permission.ui.GrantPermissionsActivity t221}}}: allDrawn=false startingDisplayed=false startingMoved=false isRelaunching()=false startingWindow=null
06-28 18:37:35.016  1114  1817 D PackageManager: resolve intent for uid:10403, matchs:3, res:ResolveInfo{62978fc com.huawei.android.launcher/.unihome.UniHomeLauncher m=0x108000}
06-28 18:37:35.016  1869  1885 I BoosterSwitchP: notifyUidState do nothing
06-28 18:37:35.016  1869  1885 I DeepNoDisturbP: notifyUidState
06-28 18:37:35.016  1869  1885 I HidataAppQoeP: notifyUidState
06-28 18:37:35.016  1869  1885 I BrowserChrP: notifyUidState
06-28 18:37:35.016  1114  4501 V WindowManager: Checking 1 opening apps (frozen=false timeout=false), Track: relayout performsurface
06-28 18:37:35.016  1114  4501 V WindowManager: Check opening app=AppWindowToken{d1b7393 token=Token{a9f3082 ActivityRecord{8bf1fcd u0 com.android.packageinstaller/.permission.ui.GrantPermissionsActivity t221}}}: allDrawn=false startingDisplayed=false startingMoved=false isRelaunching()=false startingWindow=null
06-28 18:37:35.017  1114  4501 I WindowManager: relayoutVisibleWindow: set isFormatChanged
06-28 18:37:35.018  2434  4069 E nearby  : CloseRangeAdapter:no such business type
06-28 18:37:35.019  1952  5532 I chatty  : uid=1000(system) Binder:1952_8 expire 1 line
06-28 18:37:35.021  1114 11658 I HwAudioService: now type = 9,reportForegroundAppType = 255,pkg = null,systemload = 9mVoipOptimizeInGameModetrue
06-28 18:37:35.021  1114  3628 I HwNetworkPolicy: onTransact, code = 203
06-28 18:37:35.021  6064  6092 I chatty  : uid=10403(com.mixgo.PropertySEO) expire 1 line
06-28 18:37:35.021  2017  2506 I HwNetworkPolicyManager: getHwUidPolicy uid = 10042 policy = 0
06-28 18:37:35.022  2461  2612 D WorkSource: i1=0 i2=0 N1=0: insert 2434 com.huawei.iconnect
06-28 18:37:35.022  2461  2612 D WorkSource: Insert in WorkSource{} @ 0 uid 2434 name com.huawei.iconnect
06-28 18:37:35.023  2461  2661 D BluetoothAdapter: isLeEnabled(): ON
06-28 18:37:35.024  1667  2234 I bt_stack: [INFO:gatt_api.cc(950)] GATT_Register c9f73890-9206-54df-fd77-5fa2170b19fa
06-28 18:37:35.024  1667  2234 I bt_stack: [INFO:gatt_api.cc(970)] allocated gatt_if=6
06-28 18:37:35.024  2461  2482 D BluetoothLeScanner: onScannerRegistered() - status=0 scannerId=6 mScannerId=0
06-28 18:37:35.024  1667  2401 W Bth-btfreeze: BluetoothFreeze:tag: 181  uid: 1000  pid: 2461
06-28 18:37:35.025 31509 31509 V ActivityThread: callActivityOnCreate
06-28 18:37:35.026 31509 31509 W VRSystemServiceManager: vr service is not alive
06-28 18:37:35.027  1952  4046 I chatty  : uid=1000(system) CallbackHandler expire 4 lines
06-28 18:37:35.043 31509 31509 D HiTouch_PressGestureDetector: HiTouch on notch display, height corret:85
06-28 18:37:35.043 31509 31509 D ActivityThread: add activity client record, r= ActivityRecord{a94c4d0 token=android.os.BinderProxy@74fd7f6 {com.android.packageinstaller/com.android.packageinstaller.permission.ui.GrantPermissionsActivity}} token= android.os.BinderProxy@74fd7f6
06-28 18:37:35.046 31509 31509 D ZrHung.AppEyeUiProbe: notify runnable to start.
06-28 18:37:35.047 31509 31533 D OpenGLRenderer:   HWUI Binary is  enabled
06-28 18:37:35.047 31509 31533 D OpenGLRenderer: disableOutlineDraw is true
06-28 18:37:35.052  1114  2129 V WindowManager: addWindow: Window{708be32 u0 com.android.packageinstaller/com.android.packageinstaller.permission.ui.GrantPermissionsActivity}
06-28 18:37:35.053  1114 11658 D HwGameAssistantController: pid=31509, uid=10042, component=ComponentInfo{com.android.packageinstaller/com.android.packageinstaller.permission.ui.GrantPermissionsActivity}
06-28 18:37:35.053  1114 11658 I chatty  : uid=1000(system) Binder:1114_1C expire 28 lines
06-28 18:37:35.053  1114  1243 D HwGameAssistantController: UPDATE: mCurFgPkg=com.android.packageinstaller, mCurFgPid=31509, mCurIsGame=false
06-28 18:37:35.053  1114  1219 W HwActivityManagerServiceEx: HwActivityNotifier end call android.app.IHwActivityNotifier$Stub$Proxy@88cf16b for activityLifeState under user 0 cost 0
06-28 18:37:35.053 31509 31533 D OpenGLRenderer:   HWUI Binary is  enabled
06-28 18:37:35.054 31509 31533 D OpenGLRenderer: disableOutlineDraw is true
06-28 18:37:35.055   753  1599 E DE N ABT: mergeProcessorOperating:1225: COMPONENT_RGBW already has data, can't add new data with mode(0x1000000), mode:0x16->0x1000016
06-28 18:37:35.055   631  1072 I libRGBW37_ALGO: [RGBW_proc.575 ] [RGBW_MODE] input_mode:3,RGBW_output_mode:3
06-28 18:37:35.058  6701  6759 I [HwRecSys]OdmfCollectScheduler: handleMessage msg: 6
06-28 18:37:35.058  6701  6759 E [HwRecSys]HwRecSysService: Rec sys service not started.
06-28 18:37:35.060  2017  5531 D HwSignedInfo: com.mixgo.PropertySEO,installer:
06-28 18:37:35.064  1114  4501 D PackageManager: resolve intent for uid:10042, matchs:3, res:ResolveInfo{5586783 com.huawei.android.launcher/.unihome.UniHomeLauncher m=0x108000}
06-28 18:37:35.065 31509  6096 I HiTouch_HiTouchSensor: enabledInPad = false,isPcCastMode = false
06-28 18:37:35.067  1114  2129 V WindowManager: Checking 1 opening apps (frozen=false timeout=false), Track: relayout performsurface
06-28 18:37:35.067  1114  2129 V WindowManager: Check opening app=AppWindowToken{d1b7393 token=Token{a9f3082 ActivityRecord{8bf1fcd u0 com.android.packageinstaller/.permission.ui.GrantPermissionsActivity t221}}}: allDrawn=false startingDisplayed=false startingMoved=false isRelaunching()=false startingWindow=null
06-28 18:37:35.070  1114  2129 W WindowManager: force to relayout later when size is 1*1 for:Window{708be32 u0 com.android.packageinstaller/com.android.packageinstaller.permission.ui.GrantPermissionsActivity}
06-28 18:37:35.071  1114  2129 V WindowManager: Checking 1 opening apps (frozen=false timeout=false), Track:  performsurface
06-28 18:37:35.071  1114  2129 V WindowManager: Check opening app=AppWindowToken{d1b7393 token=Token{a9f3082 ActivityRecord{8bf1fcd u0 com.android.packageinstaller/.permission.ui.GrantPermissionsActivity t221}}}: allDrawn=false startingDisplayed=false startingMoved=false isRelaunching()=false startingWindow=null
06-28 18:37:35.074 31509 31509 W InputMethodManager: startInputReason = 1
06-28 18:37:35.074 31509 31533 D mali_winsys: EGLint new_window_surface(egl_winsys_display *, void *, EGLSurface, EGLConfig, egl_winsys_surface **, EGLBoolean) returns 0x3000
06-28 18:37:35.077   613   613 I chatty  : uid=1000(system) allocator@2.0-s expire 4 lines
06-28 18:37:35.078 31509 31509 W InputMethodManager: startInputReason = 5
06-28 18:37:35.081 31509 31509 I FLTAG_FM: loadFeature class:com.huawei.featurelayer.systemfeature.HwWidget.IHwSplineOverScrollerEx
06-28 18:37:35.081 31509 31509 I FLTAG_SFM: getRequireClassLoader() succ ! className: com.huawei.featurelayer.systemfeature.HwWidget.IHwSplineOverScrollerEx
06-28 18:37:35.081 31509 31509 D FeatureFactory: loadFeature() : com.huawei.featurelayer.systemfeature.HwWidget.IHwSplineOverScrollerEx
06-28 18:37:35.081 31509 31509 D FeatureFactory: loadFeature() new IHwSplineOverScrollerEx()
06-28 18:37:35.081 31509 31509 D HwSplineOverScrollerExImpl: initSplineOverScrollerImpl paras: android.widget.OverScroller$SplineOverScroller@94c5de8,com.android.packageinstaller.permission.ui.GrantPermissionsActivity@131a664
06-28 18:37:35.081 31509 31509 D HwSplineOverScrollerExImpl: initSplineOverScrollerImpl: mScrollerVelocity is 0, value is 0
06-28 18:37:35.081 31509 31509 I FLTAG_FM: loadFeature class:com.huawei.featurelayer.systemfeature.HwWidget.IHwSplineOverScrollerEx
06-28 18:37:35.081 31509 31509 I FLTAG_SFM: getRequireClassLoader() succ ! className: com.huawei.featurelayer.systemfeature.HwWidget.IHwSplineOverScrollerEx
06-28 18:37:35.081 31509 31509 D FeatureFactory: loadFeature() : com.huawei.featurelayer.systemfeature.HwWidget.IHwSplineOverScrollerEx
06-28 18:37:35.081 31509 31509 D FeatureFactory: loadFeature() new IHwSplineOverScrollerEx()
06-28 18:37:35.081 31509 31509 D HwSplineOverScrollerExImpl: initSplineOverScrollerImpl paras: android.widget.OverScroller$SplineOverScroller@a7d7094,com.android.packageinstaller.permission.ui.GrantPermissionsActivity@131a664
06-28 18:37:35.081 31509 31509 D HwSplineOverScrollerExImpl: initSplineOverScrollerImpl: mScrollerVelocity is 0, value is 0
06-28 18:37:35.083  1114  1456 V WindowManager_visibility: updateAllDrawn Add AppWindowToken{d1b7393 token=Token{a9f3082 ActivityRecord{8bf1fcd u0 com.android.packageinstaller/.permission.ui.GrantPermissionsActivity t221}}}
06-28 18:37:35.083  1114  1456 V WindowManager_visibility: updateAllDrawn allDrawn=false interesting=1 drawn=1 relaunchCount=0 for AppWindowToken{d1b7393 token=Token{a9f3082 ActivityRecord{8bf1fcd u0 com.android.packageinstaller/.permission.ui.GrantPermissionsActivity t221}}}
06-28 18:37:35.084  1114  1456 V WindowManager: Checking 1 opening apps (frozen=false timeout=false), Track:  performsurface
06-28 18:37:35.084  1114  1456 V WindowManager: Check opening app=AppWindowToken{d1b7393 token=Token{a9f3082 ActivityRecord{8bf1fcd u0 com.android.packageinstaller/.permission.ui.GrantPermissionsActivity t221}}}: allDrawn=true startingDisplayed=false startingMoved=false isRelaunching()=false startingWindow=null
06-28 18:37:35.084  1114  1456 I WindowManager: closing apps count = 0
06-28 18:37:35.094  1114  1242 I chatty  : uid=1000(system) android.display expire 2 lines
06-28 18:37:35.095  1114  1242 D ActivityManager: EVENT_APP_ACTIVITY_DISPLAYED_FINISH reportData: com.android.packageinstaller/.permission.ui.GrantPermissionsActivity 31509 80
06-28 18:37:35.099  1993  2135 D ZrHung.AppEyeUiProbe: Current Activity:false
06-28 18:37:35.099  1993  2135 D ZrHung.AppEyeUiProbe: not watching, wait.
06-28 18:37:35.105  1114  4501 I WindowManager:   SURFACE SIZE 1080x2157: com.android.packageinstaller/com.android.packageinstaller.permission.ui.GrantPermissionsActivity
06-28 18:37:35.108  5838  5995 D UIAutomatorStub: URI: /jsonrpc/0, Method: POST, params, {NanoHttpd.QUERY_STRING=null}, files: {postData={"jsonrpc": "2.0", "id": "ea1927c0796304bbceec571b30fbe100", "method": "waitForExists", "params": [{"mask": 16777232, "childOrSibling": [], "childOrSiblingSelector": [], "className": "android.widget.LinearLayout", "instance": 1}, 2000]}}
06-28 18:37:35.112  1993 26431 D HwRecentsTaskUtils: refreshToCache
06-28 18:37:35.112  1993 26431 D HwRecentsTaskUtils: searchFromDate
06-28 18:37:35.113  5838  5995 W QueryController: Could not detect idle state.
06-28 18:37:35.118 31509 31533 W libEGL  : EGLNativeWindowType 0x7281f9c010 disconnect failed
06-28 18:37:35.118 31509 31533 D mali_winsys: EGLint new_window_surface(egl_winsys_display *, void *, EGLSurface, EGLConfig, egl_winsys_surface **, EGLBoolean) returns 0x3000
06-28 18:37:35.118  5838  5995 W AccessibilityInteractionClient: old interaction Id is: -1,current interaction Id is:0
06-28 18:37:35.120  5533  5533 I PushLog3414: [main-1]action is com.huawei.push.alarm.HEARTBEAT(android/:307)
06-28 18:37:35.120 31509 31509 I ViewRootImpl: jank_removeInvalidNode all the node in jank list is out of time
06-28 18:37:35.121  5533  5533 I PushLog3414: [main-1]dispatchIntent over(android/:210)
06-28 18:37:35.122  1114  9168 V BroadcastQueue: Finished with ordered broadcast BroadcastRecord{72ed7cf u0 com.huawei.push.alarm.HEARTBEAT}
06-28 18:37:35.123  5533  5549 I PushLog3414: [ReceiverDispatcher-331]com.huawei.push.alarm.HEARTBEAT alarm trigger, expectTriggerTime:0, current trigger time:1561718255123(android/:78)
06-28 18:37:35.123  5533  5549 I PushLog3414: [ReceiverDispatcher-331]heartbeatArrive(android/:140)
06-28 18:37:35.123  1993 26431 I RecentsTaskLoadPlan: to show tasks size is 7
06-28 18:37:35.126  5533  5549 I PushLog3414: [ReceiverDispatcher-331]heartbeatArrive, send heart beat(android/:147)
06-28 18:37:35.127  5533  5549 I PushLog3414: [ReceiverDispatcher-331]not support bastet in wifi(android/:101)
06-28 18:37:35.127  5533  5549 I PushLog3414: [ReceiverDispatcher-331]init push bastet failed!(android/:81)
06-28 18:37:35.129  5838  5995 I QueryController: Matched selector: UiSelector[CLASS=android.widget.LinearLayout, INSTANCE=1, COUNT=1] <<==>> [android.view.accessibility.AccessibilityNodeInfo@2e998; boundsInParent: Rect(0, 0 - 1056, 647); boundsInScreen: Rect(12, 1524 - 1068, 2171); packageName: com.android.packageinstaller; className: android.widget.LinearLayout; text: null; error: null; maxTextLength: -1; contentDescription: null; tooltipText: null; viewIdResName: null; checkable: false; checked: false; focusable: false; focused: false; selected: false; clickable: false; longClickable: false; contextClickable: false; enabled: true; password: false; scrollable: false; importantForAccessibility: false; visible: true; actions: [AccessibilityAction: ACTION_SELECT - null, AccessibilityAction: ACTION_CLEAR_SELECTION - null, AccessibilityAction: ACTION_ACCESSIBILITY_FOCUS - null, AccessibilityAction: ACTION_SHOW_ON_SCREEN - null]]
06-28 18:37:35.131  5533  5549 I PushLog3414: [ReceiverDispatcher-331] get charing (android/:840)
06-28 18:37:35.131  5533  5549 I PushLog3414: [ReceiverDispatcher-331] get charing true(android/:842)
06-28 18:37:35.131  5533  5549 I PushLog3414: [ReceiverDispatcher-331]set HEARTBEAT_RSP_TIMEOUT Alarm(android/:364)
06-28 18:37:35.131  5533  5549 I PushLog3414: [ReceiverDispatcher-331]enter AlarmTools:setExactAlarm(intent:Intent { act=com.huawei.android.push.intent.HEARTBEAT_RSP_TIMEOUT pkg=android } interval:10000ms(android/:24)
06-28 18:37:35.131  5533  5549 I PushLog3414: [ReceiverDispatcher-331]setExactAlarm expectTriggerTime:1561718265131(android/:27)
06-28 18:37:35.132  5533  5549 I PushLog3414: [ReceiverDispatcher-331]next Heartbeat timeout for push server is:5.0(android/:374)
06-28 18:37:35.132  5533  5549 I PushLog3414: [ReceiverDispatcher-331]process cmdid to send to pushSrv:DA, subCmdId:FF(android/:106)
06-28 18:37:35.132  5533  5549 I PushLog3414: [ReceiverDispatcher-331]send msg to remote srv success(android/:110)
06-28 18:37:35.135   614  1023 W hwcomposer: setGpuFreqBoost:148: boostGpuFreq succ !
06-28 18:37:35.151  1114  1456 V WindowManager_visibility: updateAllDrawn Add AppWindowToken{c3d4f72 token=Token{df7a47d ActivityRecord{77f4ad4 u0 com.mixgo.PropertySEO/cn.jiguang.unity.push.UnityPluginActivity t221}}}
06-28 18:37:35.152  1114  1456 V WindowManager_visibility: updateAllDrawn allDrawn=false interesting=1 drawn=1 relaunchCount=0 for AppWindowToken{c3d4f72 token=Token{df7a47d ActivityRecord{77f4ad4 u0 com.mixgo.PropertySEO/cn.jiguang.unity.push.UnityPluginActivity t221}}}
06-28 18:37:35.157  1114  1456 V WindowManager: removeIfPossible: Window{b11c688 u0 Splash Screen com.mixgo.PropertySEO}
06-28 18:37:35.157  1114  1242 D ActivityManager: EVENT_APP_ACTIVITY_DISPLAYED_FINISH reportData: com.mixgo.PropertySEO/cn.jiguang.unity.push.UnityPluginActivity 6064 302
06-28 18:37:35.158   631  1072 I libRGBW37_ALGO: [RGBW_proc.575 ] [RGBW_MODE] input_mode:0,RGBW_output_mode:2
06-28 18:37:35.163  1114  1456 V WindowManager: Not removing Window{b11c688 u0 Splash Screen com.mixgo.PropertySEO EXITING} due to exit animation 
06-28 18:37:35.195   796   897 W JankService: processEntry, not beta version or commercial log off
06-28 18:37:35.215  1993  2177 W libEGL  : EGLNativeWindowType 0x7268797010 disconnect failed
06-28 18:37:35.215  1724  1724 D ImageWallpaper: onVisibilityChanged: mVisible, visible=true, false
06-28 18:37:35.215  1724  1724 D ImageWallpaper: Visibility changed to visible=false
06-28 18:37:35.217   614  1023 W hwcomposer: setGpuFreqBoost:153: boostGpuFreq release !
06-28 18:37:35.220  1993  1993 D ViewRootImpl[UniHomeLauncher]: surface should not be released
06-28 18:37:35.221  1114 11658 D NotificationListeners: Removing active service ComponentInfo{com.huawei.android.launcher/com.android.launcher.notification.NotificationListener}
06-28 18:37:35.223  1114  1560 D NetdConnector: SND -> {2598 firewall set_uid_rule standby 10152 deny}
06-28 18:37:35.226  1114  1555 D NetdConnector: RCV <- {200 2598 Firewall command succeeded}
06-28 18:37:35.226  1114  1555 D NetdConnector: RCV <- {200 2598 Firewall command succeeded}
06-28 18:37:35.226  1114  1560 I chatty  : uid=1000(system) tworkPolicy.uid expire 4 lines
06-28 18:37:35.227  1114  1560 D NetdConnector: SND -> {2599 firewall set_uid_rule standby 10033 deny}
06-28 18:37:35.229  1114  1555 D NetdConnector: RCV <- {200 2599 Firewall command succeeded}
06-28 18:37:35.230  1114  1555 D NetdConnector: RCV <- {200 2599 Firewall command succeeded}
06-28 18:37:35.231  1114 11658 V WindowManager: notifyAppStopped: AppWindowToken{616761c token=Token{3fbf38f ActivityRecord{bca02ee u0 com.huawei.android.launcher/.unihome.UniHomeLauncher t1}}}
06-28 18:37:35.231  1114 11658 E WindowManager: win=Window{12f7b0d u0 com.huawei.android.launcher/com.huawei.android.launcher.unihome.UniHomeLauncher} destroySurfaces: appStopped=true win.mWindowRemovalAllowed=false win.mRemoveOnExit=false
06-28 18:37:35.233  1869  1885 I BoosterSwitchP: notifyUidState do nothing
06-28 18:37:35.233  1869  1885 I DeepNoDisturbP: notifyUidState
06-28 18:37:35.233  1869  1885 I HidataAppQoeP: notifyUidState
06-28 18:37:35.233  1869  1885 I BrowserChrP: notifyUidState
06-28 18:37:35.234  1952  2594 I chatty  : uid=1000(system) iAwareNRT expire 9 lines
06-28 18:37:35.249  5838  5995 D UIAutomatorStub: URI: /jsonrpc/0, Method: POST, params, {NanoHttpd.QUERY_STRING=null}, files: {postData={"jsonrpc": "2.0", "id": "19898b3802722eace74a0b7fee2c470b", "method": "waitForExists", "params": [{"mask": 2097152, "childOrSibling": [], "childOrSiblingSelector": [], "resourceId": "com.android.packageinstaller:id/current_page_text"}, 20000]}}
06-28 18:37:35.251  5838  5995 W QueryController: Could not detect idle state.
06-28 18:37:35.252  5838  5995 W AccessibilityInteractionClient: old interaction Id is: -1,current interaction Id is:1
06-28 18:37:35.256  5838  5995 W AccessibilityInteractionClient: old interaction Id is: -1,current interaction Id is:2
06-28 18:37:35.262  5838  5995 W AccessibilityInteractionClient: old interaction Id is: -1,current interaction Id is:3
06-28 18:37:35.262  1114  1456 V WindowManager: Exit animation finished in Window{b11c688 u0 Splash Screen com.mixgo.PropertySEO EXITING}: remove=true
06-28 18:37:35.262  1114  1456 E WindowManager: win=Window{b11c688 u0 Splash Screen com.mixgo.PropertySEO EXITING} destroySurfaces: appStopped=false win.mWindowRemovalAllowed=true win.mRemoveOnExit=true
06-28 18:37:35.263  1114  1456 V WindowManager: postWindowRemoveCleanupLocked: Window{b11c688 u0 Splash Screen com.mixgo.PropertySEO}
06-28 18:37:35.263  1114  1456 V WindowManager: Removing Window{b11c688 u0 Splash Screen com.mixgo.PropertySEO} from AppWindowToken{c3d4f72 token=Token{df7a47d ActivityRecord{77f4ad4 u0 com.mixgo.PropertySEO/cn.jiguang.unity.push.UnityPluginActivity t221}}}
06-28 18:37:35.280  1724  1724 W HwKeyguardDragHelper: AnimationBlocked 
06-28 18:37:35.280  1724  1724 I PhoneStatusBarView: setAlpha with value : 1.0
06-28 18:37:35.280  1724  1724 I PhoneStatusBarView: setAlpha with value : 1.0
06-28 18:37:35.283  5838  5995 W AccessibilityInteractionClient: old interaction Id is: -1,current interaction Id is:4
06-28 18:37:35.286  5838  5995 W AccessibilityInteractionClient: old interaction Id is: -1,current interaction Id is:5
06-28 18:37:35.287  5533  3537 I PushLog3414: [SocketRead_18:29:50-2298]process cmdid to receive from pushSrv:DB, subCmdId:FF(android/:269)
06-28 18:37:35.287  5838  5995 W AccessibilityInteractionClient: old interaction Id is: -1,current interaction Id is:6
06-28 18:37:35.288  1114  9168 I AlarmManager: remove alarm:Alarm{c5b52bf type 0 when 1561718265131 PendingIntent{dcd255c: PendingIntentRecord{4f103fc android broadcastIntent}}android} according to operation:4d29d8c
06-28 18:37:35.289  5533  3537 I PushLog3414: [SocketRead_18:29:50-2298]enter adjustHeartBeat:(findHeartBeat:true,isHearBeatTimeReq:true,RspTimeOut:false,beatInterval:270000,bestHBSuccessCount:0,range:[180000,300000])(android/:120)
06-28 18:37:35.289  5533  3537 I PushLog3414: [SocketRead_18:29:50-2298]judgeFindBestHB and isBestHBTimeOut: falseisOffset: false(android/:170)
06-28 18:37:35.290  5533  3537 I PushLog3414: [SocketRead_18:29:50-2298]after delayHeartBeatReq, nextHeartBeatTime, will be [270000,270000] ms later(android/:501)
06-28 18:37:35.291  5533  3537 I PushLog3414: [SocketRead_18:29:50-2298]dispatchIntent over(android/:210)
06-28 18:37:35.292  5533  5549 I PushLog3414: [ReceiverDispatcher-331]com.huawei.android.push.intent.MSG_RECEIVED alarm trigger, expectTriggerTime:0, current trigger time:1561718255292(android/:78)
06-28 18:37:35.292  1114  2129 I AlarmManager: remove alarm:Alarm{b9cecea type 1 when 1561719140870 PendingIntent{9b36a01: PendingIntentRecord{2584693 android broadcastIntent}}android} according to operation:8fc5bdb
06-28 18:37:35.317  5838  5995 D UIAutomatorStub: URI: /jsonrpc/0, Method: POST, params, {NanoHttpd.QUERY_STRING=null}, files: {postData={"jsonrpc": "2.0", "id": "fc5ce90a51cdfd5a606628911944d726", "method": "getText", "params": [{"mask": 2097152, "childOrSibling": [], "childOrSiblingSelector": [], "resourceId": "com.android.packageinstaller:id/current_page_text"}]}}
06-28 18:37:35.321  5838  5995 W QueryController: Could not detect idle state.
06-28 18:37:35.321  5838  5995 W AccessibilityInteractionClient: old interaction Id is: -1,current interaction Id is:7
06-28 18:37:35.326  5838  5995 W AccessibilityInteractionClient: old interaction Id is: -1,current interaction Id is:8
06-28 18:37:35.331  5838  5995 W AccessibilityInteractionClient: old interaction Id is: -1,current interaction Id is:9
06-28 18:37:35.343  5838  5995 W QueryController: Could not detect idle state.
06-28 18:37:35.343  5838  5995 W AccessibilityInteractionClient: old interaction Id is: -1,current interaction Id is:10
06-28 18:37:35.347  5838  5995 W AccessibilityInteractionClient: old interaction Id is: -1,current interaction Id is:11
06-28 18:37:35.352  5838  5995 W AccessibilityInteractionClient: old interaction Id is: -1,current interaction Id is:12
06-28 18:37:35.361  5838  5995 W QueryController: Could not detect idle state.
06-28 18:37:35.362  5838  5995 W AccessibilityInteractionClient: old interaction Id is: -1,current interaction Id is:13
06-28 18:37:35.380  5838  5995 D UIAutomatorStub: URI: /jsonrpc/0, Method: POST, params, {NanoHttpd.QUERY_STRING=null}, files: {postData={"jsonrpc": "2.0", "id": "d291e35bdab9e56dd588c00fc7e83e90", "method": "waitForExists", "params": [{"mask": 2097152, "childOrSibling": [], "childOrSiblingSelector": [], "resourceId": "com.android.packageinstaller:id/permission_allow_button"}, 20000]}}
06-28 18:37:35.382  5838  5995 W QueryController: Could not detect idle state.
06-28 18:37:35.382  5838  5995 W AccessibilityInteractionClient: old interaction Id is: -1,current interaction Id is:14
06-28 18:37:35.385  5838  5995 W AccessibilityInteractionClient: old interaction Id is: -1,current interaction Id is:15
06-28 18:37:35.390  5838  5995 W AccessibilityInteractionClient: old interaction Id is: -1,current interaction Id is:16
06-28 18:37:35.419  5838  5995 D UIAutomatorStub: URI: /jsonrpc/0, Method: POST, params, {NanoHttpd.QUERY_STRING=null}, files: {postData={"jsonrpc": "2.0", "id": "1364b4329fbcc61e63cdf71120f2724f", "method": "objInfo", "params": [{"mask": 2097152, "childOrSibling": [], "childOrSiblingSelector": [], "resourceId": "com.android.packageinstaller:id/permission_allow_button"}]}}
06-28 18:37:35.423  5838  5995 W QueryController: Could not detect idle state.
06-28 18:37:35.425  5838  5995 W AccessibilityInteractionClient: old interaction Id is: -1,current interaction Id is:17
06-28 18:37:35.428  5838  5995 W AccessibilityInteractionClient: old interaction Id is: -1,current interaction Id is:18
06-28 18:37:35.435  5838  5995 W AccessibilityInteractionClient: old interaction Id is: -1,current interaction Id is:19
06-28 18:37:35.448  5838  5995 W QueryController: Could not detect idle state.
06-28 18:37:35.448  5838  5995 W AccessibilityInteractionClient: old interaction Id is: -1,current interaction Id is:20
06-28 18:37:35.453  5838  5995 W QueryController: Could not detect idle state.
06-28 18:37:35.453  5838  5995 W AccessibilityInteractionClient: old interaction Id is: -1,current interaction Id is:21
06-28 18:37:35.454  5838  5995 W QueryController: Could not detect idle state.
06-28 18:37:35.455  5838  5995 W AccessibilityInteractionClient: old interaction Id is: -1,current interaction Id is:22
06-28 18:37:35.456  5838  5995 W QueryController: Could not detect idle state.
06-28 18:37:35.457  5838  5995 W AccessibilityInteractionClient: old interaction Id is: -1,current interaction Id is:23
06-28 18:37:35.457  5838  5995 W QueryController: Could not detect idle state.
06-28 18:37:35.457  5838  5995 W AccessibilityInteractionClient: old interaction Id is: -1,current interaction Id is:24
06-28 18:37:35.458  5838  5995 W QueryController: Could not detect idle state.
06-28 18:37:35.458  5838  5995 W AccessibilityInteractionClient: old interaction Id is: -1,current interaction Id is:25
06-28 18:37:35.459  5838  5995 W QueryController: Could not detect idle state.
06-28 18:37:35.459  5838  5995 W AccessibilityInteractionClient: old interaction Id is: -1,current interaction Id is:26
06-28 18:37:35.460  5838  5995 W QueryController: Could not detect idle state.
06-28 18:37:35.460  5838  5995 W AccessibilityInteractionClient: old interaction Id is: -1,current interaction Id is:27
06-28 18:37:35.460  5838  5995 W QueryController: Could not detect idle state.
06-28 18:37:35.461  5838  5995 W AccessibilityInteractionClient: old interaction Id is: -1,current interaction Id is:28
06-28 18:37:35.461  5838  5995 W QueryController: Could not detect idle state.
06-28 18:37:35.462  5838  5995 W AccessibilityInteractionClient: old interaction Id is: -1,current interaction Id is:29
06-28 18:37:35.462  5838  5995 W QueryController: Could not detect idle state.
06-28 18:37:35.462  5838  5995 W AccessibilityInteractionClient: old interaction Id is: -1,current interaction Id is:30
06-28 18:37:35.463  5838  5995 W QueryController: Could not detect idle state.
06-28 18:37:35.463  5838  5995 W AccessibilityInteractionClient: old interaction Id is: -1,current interaction Id is:31
06-28 18:37:35.464  5838  5995 W QueryController: Could not detect idle state.
06-28 18:37:35.464  5838  5995 W AccessibilityInteractionClient: old interaction Id is: -1,current interaction Id is:32
06-28 18:37:35.465  5838  5995 W QueryController: Could not detect idle state.
06-28 18:37:35.465  5838  5995 W AccessibilityInteractionClient: old interaction Id is: -1,current interaction Id is:33
06-28 18:37:35.466  5838  5995 W QueryController: Could not detect idle state.
06-28 18:37:35.466  5838  5995 W AccessibilityInteractionClient: old interaction Id is: -1,current interaction Id is:34
06-28 18:37:35.469  5838  5995 W QueryController: Could not detect idle state.
06-28 18:37:35.469 31253 31343 E HSM_SEC_UI: PermissionAppsController:notifyThePermissionAppsLoaded permissionType = 1024
06-28 18:37:35.469  5838  5995 W AccessibilityInteractionClient: old interaction Id is: -1,current interaction Id is:35
06-28 18:37:35.470  5838  5995 W QueryController: Could not detect idle state.
06-28 18:37:35.470  5838  5995 W AccessibilityInteractionClient: old interaction Id is: -1,current interaction Id is:36
06-28 18:37:35.480 31253  6103 I NetQuery: Cancel handle: 491406481408
06-28 18:37:35.480 31253  6103 I CloudHttpClient-Thread-33: Cancel called. id:70879667
06-28 18:37:35.480 31253  6103 I NetQuery: Destroy handle: 491406481408
06-28 18:37:35.481 31253  6103 I CacheQuery: Destroy handle: 492171644512
06-28 18:37:35.497 31253 31343 E HSM_SEC_UI: PermissionAppsController:notifyThePermissionAppsLoaded permissionType = 128
06-28 18:37:35.499  5838  5995 D UIAutomatorStub: URI: /jsonrpc/0, Method: POST, params, {NanoHttpd.QUERY_STRING=null}, files: {postData={"jsonrpc": "2.0", "id": "2bc6393ae4ed04dee80394a76dcce372", "method": "click", "params": [798.5, 2087.0]}}
06-28 18:37:35.499 31253 31343 E HSM_SEC_UI: PermissionAppsController:notifyThePermissionAppsLoaded permissionType = 134217728
06-28 18:37:35.503  5838  5995 D InteractionController: clickNoSync (798, 2087)
06-28 18:37:35.520  1114  1114 I HwNormalizedSpline: mOminLevelMode:Day getBrightnessLevel lux =457.0,mDefaultBrightness=44.302532,mOCount=11
06-28 18:37:35.540 31253 31343 E HSM_SEC_UI: PermissionAppsController:notifyThePermissionAppsLoaded permissionType = 8
06-28 18:37:35.602 31253 31343 E HSM_SEC_UI: PermissionAppsController:notifyThePermissionAppsLoaded permissionType = 256
06-28 18:37:35.602 31253 31343 E HSM_SEC_UI: SingleHwPermissionApps:loadPermissionAppList permission type is 1000000000000000000000000 size = 23
06-28 18:37:35.602 31253 31343 E HSM_SEC_UI: SingleHwPermissionApps:isApkOpAllow op is empty, or aom is null!
06-28 18:37:35.606 31253 31343 I chatty  : uid=1000(system) PermissionAppsC identical 53 lines
06-28 18:37:35.607 31509 31509 V AudioManager: playSoundEffect   effectType: 0
06-28 18:37:35.607 31509 31509 V AudioManager: querySoundEffectsEnabled...
06-28 18:37:35.617 31509 31509 D HwAppInnerBoostImpl: asyncReportData com.android.packageinstaller,2,1,1,0 interval=112
06-28 18:37:35.618   638 10316 E uniperf server: uniPerfEvent doParse failed, cmdId=4400
06-28 18:37:35.618   638 10316 D uniperf hal: do uniPerfEvent failed, cmdId=4400, ret=2
06-28 18:37:35.619  5838  5861 W AccessibilityInteractionClient: old interaction Id is: -1,current interaction Id is:0
06-28 18:37:35.622  5838  5995 D UIAutomatorStub: URI: /jsonrpc/0, Method: POST, params, {NanoHttpd.QUERY_STRING=null}, files: {postData={"jsonrpc": "2.0", "id": "febe5c7a02177c9dd101bbb9eca094ed", "method": "waitForExists", "params": [{"mask": 2097152, "childOrSibling": [], "childOrSiblingSelector": [], "resourceId": "com.android.packageinstaller:id/permission_allow_button"}, 20000]}}
06-28 18:37:35.625  5838  5995 W QueryController: Could not detect idle state.
06-28 18:37:35.631  5838  5995 W AccessibilityInteractionClient: old interaction Id is: -1,current interaction Id is:37
06-28 18:37:35.634  5838  5995 W AccessibilityInteractionClient: old interaction Id is: -1,current interaction Id is:38
06-28 18:37:35.639  5838  5995 W AccessibilityInteractionClient: old interaction Id is: -1,current interaction Id is:39
06-28 18:37:35.641  5838  5995 W AccessibilityInteractionClient: old interaction Id is: -1,current interaction Id is:40
06-28 18:37:35.643  5838  5995 W AccessibilityInteractionClient: old interaction Id is: -1,current interaction Id is:41
06-28 18:37:35.645  5838  5995 W AccessibilityInteractionClient: old interaction Id is: -1,current interaction Id is:42
06-28 18:37:35.660  1724  1724 W HwKeyguardDragHelper: AnimationBlocked 
06-28 18:37:35.660  1724  1724 I PhoneStatusBarView: setAlpha with value : 1.0
06-28 18:37:35.660  1724  1724 I PhoneStatusBarView: setAlpha with value : 1.0
06-28 18:37:35.669  5838  5995 D UIAutomatorStub: URI: /jsonrpc/0, Method: POST, params, {NanoHttpd.QUERY_STRING=null}, files: {postData={"jsonrpc": "2.0", "id": "78e3ebd302ea0bef2713a549211baf3b", "method": "objInfo", "params": [{"mask": 2097152, "childOrSibling": [], "childOrSiblingSelector": [], "resourceId": "com.android.packageinstaller:id/permission_allow_button"}]}}
06-28 18:37:35.671  5838  5995 W QueryController: Could not detect idle state.
06-28 18:37:35.671  5838  5995 W AccessibilityInteractionClient: old interaction Id is: -1,current interaction Id is:43
06-28 18:37:35.674  5838  5995 W AccessibilityInteractionClient: old interaction Id is: -1,current interaction Id is:44
06-28 18:37:35.680  5838  5995 W AccessibilityInteractionClient: old interaction Id is: -1,current interaction Id is:45
06-28 18:37:35.691  5838  5995 W QueryController: Could not detect idle state.
06-28 18:37:35.691  5838  5995 W AccessibilityInteractionClient: old interaction Id is: -1,current interaction Id is:46
06-28 18:37:35.694  5838  5995 W QueryController: Could not detect idle state.
06-28 18:37:35.694  5838  5995 W AccessibilityInteractionClient: old interaction Id is: -1,current interaction Id is:47
06-28 18:37:35.695  5838  5995 W QueryController: Could not detect idle state.
06-28 18:37:35.696  5838  5995 W AccessibilityInteractionClient: old interaction Id is: -1,current interaction Id is:48
06-28 18:37:35.696  5838  5995 W QueryController: Could not detect idle state.
06-28 18:37:35.697  5838  5995 W AccessibilityInteractionClient: old interaction Id is: -1,current interaction Id is:49
06-28 18:37:35.697  5838  5995 W QueryController: Could not detect idle state.
06-28 18:37:35.698  5838  5995 W AccessibilityInteractionClient: old interaction Id is: -1,current interaction Id is:50
06-28 18:37:35.699  5838  5995 W QueryController: Could not detect idle state.
06-28 18:37:35.699  5838  5995 W AccessibilityInteractionClient: old interaction Id is: -1,current interaction Id is:51
06-28 18:37:35.700  5838  5995 W QueryController: Could not detect idle state.
06-28 18:37:35.700  5838  5995 W AccessibilityInteractionClient: old interaction Id is: -1,current interaction Id is:52
06-28 18:37:35.700  5838  5995 W QueryController: Could not detect idle state.
06-28 18:37:35.701  5838  5995 W AccessibilityInteractionClient: old interaction Id is: -1,current interaction Id is:53
06-28 18:37:35.702  5838  5995 W QueryController: Could not detect idle state.
06-28 18:37:35.702  5838  5995 W AccessibilityInteractionClient: old interaction Id is: -1,current interaction Id is:54
06-28 18:37:35.702  5838  5995 W QueryController: Could not detect idle state.
06-28 18:37:35.702  5838  5995 W AccessibilityInteractionClient: old interaction Id is: -1,current interaction Id is:55
06-28 18:37:35.703  5838  5995 W QueryController: Could not detect idle state.
06-28 18:37:35.704  5838  5995 W AccessibilityInteractionClient: old interaction Id is: -1,current interaction Id is:56
06-28 18:37:35.704  5838  5995 W QueryController: Could not detect idle state.
06-28 18:37:35.705  5838  5995 W AccessibilityInteractionClient: old interaction Id is: -1,current interaction Id is:57
06-28 18:37:35.705  5838  5995 W QueryController: Could not detect idle state.
06-28 18:37:35.705  5838  5995 W AccessibilityInteractionClient: old interaction Id is: -1,current interaction Id is:58
06-28 18:37:35.706  5838  5995 W QueryController: Could not detect idle state.
06-28 18:37:35.706  5838  5995 W AccessibilityInteractionClient: old interaction Id is: -1,current interaction Id is:59
06-28 18:37:35.706  5838  5995 W QueryController: Could not detect idle state.
06-28 18:37:35.707  5838  5995 W AccessibilityInteractionClient: old interaction Id is: -1,current interaction Id is:60
06-28 18:37:35.709  5838  5995 W QueryController: Could not detect idle state.
06-28 18:37:35.710  5838  5995 W AccessibilityInteractionClient: old interaction Id is: -1,current interaction Id is:61
06-28 18:37:35.710  5838  5995 W QueryController: Could not detect idle state.
06-28 18:37:35.711  5838  5995 W AccessibilityInteractionClient: old interaction Id is: -1,current interaction Id is:62
06-28 18:37:35.741 31509 31509 I FLTAG_FM: loadFeature class:com.huawei.featurelayer.systemfeature.HwWidget.IHwSplineOverScrollerEx
06-28 18:37:35.741 31509 31509 I FLTAG_SFM: getRequireClassLoader() succ ! className: com.huawei.featurelayer.systemfeature.HwWidget.IHwSplineOverScrollerEx
06-28 18:37:35.741 31509 31509 D FeatureFactory: loadFeature() : com.huawei.featurelayer.systemfeature.HwWidget.IHwSplineOverScrollerEx
06-28 18:37:35.741 31509 31509 D FeatureFactory: loadFeature() new IHwSplineOverScrollerEx()
06-28 18:37:35.741 31509 31509 D HwSplineOverScrollerExImpl: initSplineOverScrollerImpl paras: android.widget.OverScroller$SplineOverScroller@3d1dacb,com.android.packageinstaller.permission.ui.GrantPermissionsActivity@131a664
06-28 18:37:35.741 31509 31509 D HwSplineOverScrollerExImpl: initSplineOverScrollerImpl: mScrollerVelocity is 0, value is 0
06-28 18:37:35.741 31509 31509 I FLTAG_FM: loadFeature class:com.huawei.featurelayer.systemfeature.HwWidget.IHwSplineOverScrollerEx
06-28 18:37:35.741 31509 31509 I FLTAG_SFM: getRequireClassLoader() succ ! className: com.huawei.featurelayer.systemfeature.HwWidget.IHwSplineOverScrollerEx
06-28 18:37:35.741 31509 31509 D FeatureFactory: loadFeature() : com.huawei.featurelayer.systemfeature.HwWidget.IHwSplineOverScrollerEx
06-28 18:37:35.741 31509 31509 D FeatureFactory: loadFeature() new IHwSplineOverScrollerEx()
06-28 18:37:35.741 31509 31509 D HwSplineOverScrollerExImpl: initSplineOverScrollerImpl paras: android.widget.OverScroller$SplineOverScroller@da158a7,com.android.packageinstaller.permission.ui.GrantPermissionsActivity@131a664
06-28 18:37:35.741 31509 31509 D HwSplineOverScrollerExImpl: initSplineOverScrollerImpl: mScrollerVelocity is 0, value is 0
06-28 18:37:35.742 31509 31509 W RollbackRuleDetector: RollbackRuleDetector already stop
06-28 18:37:35.770  5838  5995 D UIAutomatorStub: URI: /jsonrpc/0, Method: POST, params, {NanoHttpd.QUERY_STRING=null}, files: {postData={"jsonrpc": "2.0", "id": "217135c508070fae7ab930646490591b", "method": "click", "params": [798.5, 2087.0]}}
06-28 18:37:35.773  5838  5995 D InteractionController: clickNoSync (798, 2087)
06-28 18:37:35.846  1114  1217 I PackageManager: writePermissionsSync -> user:0, put true:, Build.FINGERPRINT:HUAWEI/EML-AL00/HWEML:9/HUAWEIEML-AL00/187C00R1:user/release-keys, fingerprint:HUAWEI/EML-AL00/HWEML:9/HUAWEIEML-AL00/187C00R1:user/release-keys
06-28 18:37:35.848 31253 31449 I chatty  : uid=1000(system) pool-3-thread-3 expire 2 lines
06-28 18:37:35.848 31253 31449 E System  :  * the BC provider is deprecated in this version of Android.
06-28 18:37:35.848 31253 31449 E System  :  * It will be removed in a future version of Android and your
06-28 18:37:35.848 31253 31449 E System  :  * application will no longer be able to request it.  Please see
06-28 18:37:35.848 31253 31449 E System  :  * https://android-developers.googleblog.com/2018/03/cryptography-changes-in-android-p.html
06-28 18:37:35.848 31253 31449 E System  :  * for more details.
06-28 18:37:35.873 31509 31509 D HwAppInnerBoostImpl: asyncReportData com.android.packageinstaller,2,1,2,0 interval=368
06-28 18:37:35.873   638 10316 E uniperf server: uniPerfEvent doParse failed, cmdId=4400
06-28 18:37:35.873   638 10316 D uniperf hal: do uniPerfEvent failed, cmdId=4400, ret=2
06-28 18:37:35.876 31509 31509 V AudioManager: playSoundEffect   effectType: 0
06-28 18:37:35.876 31509 31509 V AudioManager: querySoundEffectsEnabled...
06-28 18:37:35.877   520   530 D vold    : Remounting 10403 as mode read
06-28 18:37:35.882 31253 31449 E System  :  ******** DEPRECATED FUNCTIONALITY ********
06-28 18:37:35.882 31253 31449 E System  :  * The implementation of the CertificateFactory.X.509 algorithm from
06-28 18:37:35.882 31253 31449 E System  :  * the BC provider is deprecated in this version of Android.
06-28 18:37:35.882 31253 31449 E System  :  * It will be removed in a future version of Android and your
06-28 18:37:35.882 31253 31449 E System  :  * application will no longer be able to request it.  Please see
06-28 18:37:35.882 31253 31449 E System  :  * https://android-developers.googleblog.com/2018/03/cryptography-changes-in-android-p.html
06-28 18:37:35.882 31253 31449 E System  :  * for more details.
06-28 18:37:35.883   520   530 D vold    : Found matching PID 6064
