06-28 18:37:49.224  1114  1114 D SecurityProfileDB:             "rules": [],
06-28 18:37:49.224  1114  1114 D SecurityProfileDB:             "labels": [
06-28 18:37:49.224  1114  1114 D SecurityProfileDB:                 "NORMAL"
06-28 18:37:49.224  1114  1114 D SecurityProfileDB:             ]
06-28 18:37:49.224  1114  1114 D SecurityProfileDB:         },
06-28 18:37:49.224  1114  1114 D SecurityProfileDB:         "com.ss.android.article.news": {
06-28 18:37:49.224  1114  1114 D SecurityProfileDB:             "policy_version": 5,
06-28 18:37:49.224  1114  1114 D SecurityProfileDB:             "apk_digest": {
06-28 18:37:49.224  1114  1114 D SecurityProfileDB:                 "digest_algorithm": "SHA-256",
06-28 18:37:49.224  1114  1114 D SecurityProfileDB:                 "digest": "lUcykKsy6QxUGySDftJZyPcPXJR90W3wbtmKuHFjPGI=",
06-28 18:37:49.224  1114  1114 D SecurityProfileDB:                 "signature_scheme
06-28 18:37:49.226   516   516 I HisiKeyMaster: hisi_km_get_key_characteristics start
06-28 18:37:49.226   516   516 I HisiKeyMaster: Disable the enhanced crypto!
06-28 18:37:49.226   516   516 E teec_app_load: realpath open file erro(No such file or directory), path=/vendor/bin/07070707-0707-0707-0707-070707070707.sec
06-28 18:37:49.233   516   516 I HisiKeyMaster: hisi_km_get_key_characteristics success
06-28 18:37:49.234   516   516 I HisiKeyMaster: hisi_km_begin start
06-28 18:37:49.234   516   516 I HisiKeyMaster: Disable the enhanced crypto!
06-28 18:37:49.234   516   516 E teec_app_load: realpath open file erro(No such file or directory), path=/vendor/bin/07070707-0707-0707-0707-070707070707.sec
06-28 18:37:49.239 31253  6322 D AdBlock_AbsAdRequest: getPostRequestParam param: apps=%5B%7B%22pkgName%22%3A%22com.mixgo.PropertySEO%22%2C%22versionCode%22%3A105%2C%22version%22%3A%221.05%22%7D%5D&buildNumber=EML-AL00+9.0.0.187%28C00E82R1P21%29&clientPackage=com.huawei.systemmanager&emuiVer=EmotionUI_9.0.0&firmwareVersion=9&locale=zh_CN&method=store.getControlStrategy&phoneType=EML-AL00&resolution=1080x2244&sysBits=2&ts=1561718269221&version=9.0.0.356
06-28 18:37:49.239 31253  6322 D HsmJoinRequest: https request.
06-28 18:37:49.241   516   516 I HisiKeyMaster: out_params_buffer_len = 32
06-28 18:37:49.241   516   516 I HisiKeyMaster: hisi_km_begin success
06-28 18:37:49.242 31253  6322 D HsmJoinRequest: doPostRequest openConnection already!
06-28 18:37:49.242 31253  6322 D HsmGzipRequest: setRequestProperty jsonObject already!
06-28 18:37:49.243   516   516 I HisiKeyMaster: Disable the enhanced crypto!
06-28 18:37:49.243   516   516 E teec_app_load: realpath open file erro(No such file or directory), path=/vendor/bin/07070707-0707-0707-0707-070707070707.sec
06-28 18:37:49.244 31253  6322 D HsmGzipRequest: Get wakeLock now
06-28 18:37:49.259   516   516 I HisiKeyMaster: hisi_km_finish start
06-28 18:37:49.259   516   516 I HisiKeyMaster: Disable the enhanced crypto!
06-28 18:37:49.259   516   516 E teec_app_load: realpath open file erro(No such file or directory), path=/vendor/bin/07070707-0707-0707-0707-070707070707.sec
06-28 18:37:49.265   516   516 I HisiKeyMaster: output data size=16
06-28 18:37:49.265   516   516 I HisiKeyMaster: hisi_km_finish success
06-28 18:37:49.266  1114  1114 W Looper  : Slow dispatch took 122ms main h=android.app.ActivityThread$H c=android.app.-$$Lambda$LoadedApk$ReceiverDispatcher$Args$_BumDX2UKsnxLVrE6UJsJZkotuA@5b832e3 m=0
06-28 18:37:49.278  1114  1114 I Telecom-DefaultDialerCache: Refreshing default dialer for user 0: now com.android.contacts
06-28 18:37:49.280  1114  1114 D NotificationListeners: onServiceConnected, just remove the servicesBindingTag and add service.
06-28 18:37:49.427 31253  6322 D HsmGzipRequest: doPostRequest finally closeOutputStream!
06-28 18:37:49.439  1952  2110 I chatty  : uid=1000(system) core expire 2 lines
06-28 18:37:49.441  1952  2110 I AppFASManager: not allow set fas restriction in standby protect pkg : com.huawei.KoBackup
06-28 18:37:49.441  1952  2110 I AppFASManager: not allow set fas restriction in standby protect pkg : com.baidu.searchbox
06-28 18:37:49.441  1952  2110 I AppFASManager: not allow set fas restriction in standby protect pkg : com.huawei.gamebox
06-28 18:37:49.441  1952  2110 I AppFASManager: not allow set fas restriction in standby protect pkg : com.huawei.hisuite
06-28 18:37:49.442  1952  2110 I AppFASManager: not allow set fas restriction in standby protect pkg : com.vmall.client
06-28 18:37:49.442  1952  2110 I AppFASManager: not allow set fas restriction in standby protect pkg : com.android.email
06-28 18:37:49.442  1952  2110 I AppFASManager: not allow set fas restriction in standby protect pkg : com.eg.android.AlipayGphone
06-28 18:37:49.494 31253  6322 D HsmGzipRequest: Release wakeLock now
06-28 18:37:49.530  1114 11658 I AlarmManager: remove alarm:Alarm{e21914b type 1 when 1561722395887 PendingIntent{771a96a: PendingIntentRecord{991e728 com.huawei.systemmanager broadcastIntent}}com.huawei.systemmanager} according to operation:87dcc41
06-28 18:37:49.744   650  1522 I chatty  : uid=1000(system) Binder:650_5 expire 2 lines
06-28 18:37:50.018  3093  6313 W NetRec  : [5686] ahtr.a: Timeout after 2244 ms while waiting for score updates. Returning 1.
06-28 18:37:50.041  3093  6313 I NetRec  : [5686] ahtr.a: Still entries pending update, scheduling new refresh_scores_task refresh.
06-28 18:37:50.048  3093  6313 I NetRec  : [5686] ahtr.a: Completed refresh_scores_task score refresh task in 2304 ms, returning 1
06-28 18:37:50.055  1114 11658 V BroadcastQueue: Finished with ordered broadcast BroadcastRecord{d11f5e6 u0 com.google.android.gms.gcm.ACTION_SCHEDULE}
06-28 18:37:51.317  1849 12142 I chatty  : uid=1000(system) Binder:1849_4 expire 3 lines
06-28 18:37:51.318  1114 31752 I chatty  : uid=1000(system) Timer-73 expire 2 lines
06-28 18:37:51.472   789   909 D SensorHub: Get acc data 0.174585, -0.000967, 9.892257
06-28 18:37:51.596   646   646 E WifiHAL : enter wifi_get_link_stats
06-28 18:37:51.800  3093  5482 W Conscrypt: Could not set socket write timeout: java.net.SocketException: Socket closed
06-28 18:37:51.801  3093  5482 W Conscrypt: 	at com.google.android.gms.org.conscrypt.Platform.setSocketWriteTimeout(:com.google.android.gms@14799037@14.7.99 (100400-223214910):2)
06-28 18:37:51.801  3093  5482 W Conscrypt: 	at com.google.android.gms.org.conscrypt.ConscryptFileDescriptorSocket.setSoWriteTimeout(:com.google.android.gms@14799037@14.7.99 (100400-223214910):2)
06-28 18:37:51.882  3093  5482 V NativeCrypto: SSL handshake aborted: ssl=0x729944d188: I/O error during system call, Connection reset by peer
06-28 18:37:51.910  3093  3732 E akgr    : Phenotype API error. Event # brpy@d84c342f, EventCode: 12 [CONTEXT service_id=51 ]
06-28 18:37:51.910  3093  3732 E akgr    : akfn: 29503
06-28 18:37:51.910  3093  3732 E akgr    : 	at akgy.a(:com.google.android.gms@14799037@14.7.99 (100400-223214910):40)
06-28 18:37:51.910  3093  3732 E akgr    : 	at akgx.b(Unknown Source:2)
06-28 18:37:51.910  3093  3732 E akgr    : 	at akgr.a(:com.google.android.gms@14799037@14.7.99 (100400-223214910):107)
06-28 18:37:51.910  3093  3732 E akgr    : 	at akgr.a(:com.google.android.gms@14799037@14.7.99 (100400-223214910):101)
06-28 18:37:51.910  3093  3732 E akgr    : 	at ybc.run(:com.google.android.gms@14799037@14.7.99 (100400-223214910):27)
06-28 18:37:51.910  3093  3732 E akgr    : 	at beyi.run(:com.google.android.gms@14799037@14.7.99 (100400-223214910):2)
06-28 18:37:51.910  3093  3732 E akgr    : 	at qwc.run(:com.google.android.gms@14799037@14.7.99 (100400-223214910):21)
06-28 18:37:51.910  3093  3732 E akgr    : 	at java.util.concurrent.ThreadPoolExecutor.runWorker(ThreadPoolExecutor.java:1167)
06-28 18:37:51.910  3093  3732 E akgr    : 	at java.util.concurrent.ThreadPoolExecutor$Worker.run(ThreadPoolExecutor.java:641)
06-28 18:37:51.910  3093  3732 E akgr    : 	at rbx.run(Unknown Source:7)
06-28 18:37:51.910  3093  3732 E akgr    : 	at java.lang.Thread.run(Thread.java:784)
06-28 18:37:51.910  3093  3732 E AsyncOperation: serviceID=51, operation=GetCommittedConfigurationOperationCall
06-28 18:37:51.910  3093  3732 E AsyncOperation: OperationException[Status{statusCode=unknown status code: 29503, resolution=null}]
06-28 18:37:51.910  3093  3732 E AsyncOperation: 	at akgr.a(:com.google.android.gms@14799037@14.7.99 (100400-223214910):115)
06-28 18:37:51.910  3093  3732 E AsyncOperation: 	at akgr.a(:com.google.android.gms@14799037@14.7.99 (100400-223214910):101)
06-28 18:37:51.910  3093  3732 E AsyncOperation: 	at ybc.run(:com.google.android.gms@14799037@14.7.99 (100400-223214910):27)
06-28 18:37:51.910  3093  3732 E AsyncOperation: 	at beyi.run(:com.google.android.gms@14799037@14.7.99 (100400-223214910):2)
06-28 18:37:51.910  3093  3732 E AsyncOperation: 	at qwc.run(:com.google.android.gms@14799037@14.7.99 (100400-223214910):21)
06-28 18:37:51.910  3093  3732 E AsyncOperation: 	at java.util.concurrent.ThreadPoolExecutor.runWorker(ThreadPoolExecutor.java:1167)
06-28 18:37:51.910  3093  3732 E AsyncOperation: 	at java.util.concurrent.ThreadPoolExecutor$Worker.run(ThreadPoolExecutor.java:641)
06-28 18:37:51.910  3093  3732 E AsyncOperation: 	at rbx.run(Unknown Source:7)
06-28 18:37:51.910  3093  3732 E AsyncOperation: 	at java.lang.Thread.run(Thread.java:784)
06-28 18:37:51.912  3093  5482 E NetRec  : [257] ahqw.a: Could not retrieve server token for package com.google.android.apps.gcs
06-28 18:37:51.912  3093  5482 E NetRec  : java.util.concurrent.ExecutionException: ppw: 29503: 
06-28 18:37:51.912  3093  5482 E NetRec  : 	at arhb.b(:com.google.android.gms@14799037@14.7.99 (100400-223214910):2)
06-28 18:37:51.912  3093  5482 E NetRec  : 	at arhb.a(:com.google.android.gms@14799037@14.7.99 (100400-223214910):28)
06-28 18:37:51.912  3093  5482 E NetRec  : 	at ahqw.a(:com.google.android.gms@14799037@14.7.99 (100400-223214910):1)
06-28 18:37:51.912  3093  5482 E NetRec  : 	at ahqw.a(:com.google.android.gms@14799037@14.7.99 (100400-223214910):4)
06-28 18:37:51.912  3093  5482 E NetRec  : 	at ahqt.getHeaders(:com.google.android.gms@14799037@14.7.99 (100400-223214910):2)
06-28 18:37:51.912  3093  5482 E NetRec  : 	at com.android.volley.toolbox.HttpClientStack.performRequest(:com.google.android.gms@14799037@14.7.99 (100400-223214910):9)
06-28 18:37:51.912  3093  5482 E NetRec  : 	at qph.performRequest(:com.google.android.gms@14799037@14.7.99 (100400-223214910):1)
06-28 18:37:51.912  3093  5482 E NetRec  : 	at bpq.executeRequest(:com.google.android.gms@14799037@14.7.99 (100400-223214910):1)
06-28 18:37:51.912  3093  5482 E NetRec  : 	at com.android.volley.toolbox.BasicNetwork.performRequest(:com.google.android.gms@14799037@14.7.99 (100400-223214910):10)
06-28 18:37:51.912  3093  5482 E NetRec  : 	at qpi.performRequest(:com.google.android.gms@14799037@14.7.99 (100400-223214910):13)
06-28 18:37:51.912  3093  5482 E NetRec  : 	at com.android.volley.NetworkDispatcher.a(:com.google.android.gms@14799037@14.7.99 (100400-223214910):6)
06-28 18:37:51.912  3093  5482 E NetRec  : 	at com.android.volley.NetworkDispatcher.run(:com.google.android.gms@14799037@14.7.99 (100400-223214910):2)
06-28 18:37:51.912  3093  5482 E NetRec  : Caused by: ppw: 29503: 
06-28 18:37:51.912  3093  5482 E NetRec  : 	at pvq.a(:com.google.android.gms@14799037@14.7.99 (100400-223214910):3)
06-28 18:37:51.912  3093  5482 E NetRec  : 	at akei.b(:com.google.android.gms@14799037@14.7.99 (100400-223214910):3)
06-28 18:37:51.912  3093  5482 E NetRec  : 	at akgx.a(:com.google.android.gms@14799037@14.7.99 (100400-223214910):7)
06-28 18:37:51.912  3093  5482 E NetRec  : 	at yax.a(:com.google.android.gms@14799037@14.7.99 (100400-223214910):5)
06-28 18:37:51.912  3093  5482 E NetRec  : 	at ybc.run(:com.google.android.gms@14799037@14.7.99 (100400-223214910):34)
06-28 18:37:51.912  3093  5482 E NetRec  : 	at beyi.run(:com.google.android.gms@14799037@14.7.99 (100400-223214910):2)
06-28 18:37:51.912  3093  5482 E NetRec  : 	at qwc.run(:com.google.android.gms@14799037@14.7.99 (100400-223214910):21)
06-28 18:37:51.912  3093  5482 E NetRec  : 	at java.util.concurrent.ThreadPoolExecutor.runWorker(ThreadPoolExecutor.java:1167)
06-28 18:37:51.912  3093  5482 E NetRec  : 	at java.util.concurrent.ThreadPoolExecutor$Worker.run(ThreadPoolExecutor.java:641)
06-28 18:37:51.912  3093  5482 E NetRec  : 	at rbx.run(Unknown Source:7)
06-28 18:37:51.912  3093  5482 E NetRec  : 	at java.lang.Thread.run(Thread.java:784)
06-28 18:37:51.912  3093  5482 W NetRec  : [257] ahqw.a: No server tokens extracted.
06-28 18:37:51.928   574  6325 D libc    : GetAddrInfoHandler addr: 168.0.1
06-28 18:37:52.053  3093  5482 W Conscrypt: Could not set socket write timeout: java.net.SocketException: Socket closed
06-28 18:37:52.053  3093  5482 W Conscrypt: 	at com.google.android.gms.org.conscrypt.Platform.setSocketWriteTimeout(:com.google.android.gms@14799037@14.7.99 (100400-223214910):2)
06-28 18:37:52.053  3093  5482 W Conscrypt: 	at com.google.android.gms.org.conscrypt.ConscryptFileDescriptorSocket.setSoWriteTimeout(:com.google.android.gms@14799037@14.7.99 (100400-223214910):2)
06-28 18:37:52.141  3093  5482 V NativeCrypto: SSL handshake aborted: ssl=0x729944f408: I/O error during system call, Connection reset by peer
06-28 18:37:52.316  1900  5205 I chatty  : uid=1000(system) Timer-0 expire 18 lines
06-28 18:37:52.328  1969  2803 D PhoneInterfaceManager: [PhoneIntfMgr] isUserDataEnabled: subId=0 phoneId=0
06-28 18:37:52.329  1969  2803 D PhoneInterfaceManager: [PhoneIntfMgr] isUserDataEnabled: subId=0 retVal=true
06-28 18:37:52.343   796  1102 I         : DPTEST  EventId is not need Hash
06-28 18:37:52.620  1114  1617 I chatty  : uid=1000(system) wifipro_uid_tcp expire 10 lines
06-28 18:37:53.143   648  1284 I chatty  : uid=1041(audioserver) AudioOut_D expire 463 lines
06-28 18:37:54.616   646   646 E WifiHAL : enter wifi_get_link_stats
06-28 18:37:54.912   635   635 I chatty  : uid=1000(system) hwsched@1.0-ser expire 25 lines
06-28 18:37:55.860  1114  5061 I chatty  : uid=1000(system) mss_handler_thr expire 9 lines
06-28 18:37:56.478  1166  1166 I aptouch_daemon: check_afe_status, afe[95 1 X1] [ctrl:X40020 ftr:X100] dif[21 -22] raw[32898 32496] [exp:X0 aN:0 lo:0]
06-28 18:37:57.648   646   646 E WifiHAL : enter wifi_get_link_stats
06-28 18:37:57.661  6064  6136 I chatty  : uid=10403(com.mixgo.PropertySEO) expire 4 lines
06-28 18:37:57.724  6064  6136 D         : addLayerName, tid:6136
06-28 18:37:57.741  6064  6136 D         : addLayerName, tid:6136
06-28 18:37:57.757  6064  6136 D         : addLayerName, tid:6136
06-28 18:37:57.773  6064  6136 D         : addLayerName, tid:6136
06-28 18:37:57.790  6064  6136 D         : addLayerName, tid:6136
06-28 18:37:57.807  6064  6136 D         : addLayerName, tid:6136
06-28 18:37:57.823  6064  6136 D         : addLayerName, tid:6136
06-28 18:37:57.839  6064  6136 D         : addLayerName, tid:6136
06-28 18:37:57.856  6064  6136 D         : addLayerName, tid:6136
06-28 18:37:57.873  6064  6136 D         : addLayerName, tid:6136
06-28 18:37:57.889  6064  6136 D         : addLayerName, tid:6136
06-28 18:37:57.906  6064  6136 D         : addLayerName, tid:6136
06-28 18:37:57.923  6064  6136 D         : addLayerName, tid:6136
06-28 18:37:57.938  6064  6136 D         : addLayerName, tid:6136
06-28 18:37:57.956  6064  6136 D         : addLayerName, tid:6136
06-28 18:37:57.972  6064  6136 D         : addLayerName, tid:6136
06-28 18:37:57.987  6064  6136 D         : addLayerName, tid:6136
06-28 18:37:58.005  6064  6136 D         : addLayerName, tid:6136
06-28 18:37:58.021  6064  6136 D         : addLayerName, tid:6136
06-28 18:37:58.038  6064  6136 D         : addLayerName, tid:6136
06-28 18:37:58.054  6064  6136 D         : addLayerName, tid:6136
06-28 18:37:58.071  6064  6136 D         : addLayerName, tid:6136
06-28 18:37:58.086  6064  6136 D         : addLayerName, tid:6136
06-28 18:37:58.104  6064  6136 D         : addLayerName, tid:6136
06-28 18:37:58.119  6064  6136 D         : addLayerName, tid:6136
06-28 18:37:58.137  6064  6136 D         : addLayerName, tid:6136
06-28 18:37:58.154  6064  6136 D         : addLayerName, tid:6136
06-28 18:37:58.170  6064  6136 D         : addLayerName, tid:6136
06-28 18:37:58.187  6064  6136 D         : addLayerName, tid:6136
06-28 18:37:58.202  6064  6136 D         : addLayerName, tid:6136
06-28 18:37:58.220  6064  6136 D         : addLayerName, tid:6136
06-28 18:37:58.236  6064  6136 D         : addLayerName, tid:6136
06-28 18:37:58.253  6064  6136 D         : addLayerName, tid:6136
06-28 18:37:58.269  6064  6136 D         : addLayerName, tid:6136
06-28 18:37:58.286  6064  6136 D         : addLayerName, tid:6136
06-28 18:37:58.302  6064  6136 D         : addLayerName, tid:6136
06-28 18:37:58.319  6064  6136 D         : addLayerName, tid:6136
06-28 18:37:58.336  6064  6136 D         : addLayerName, tid:6136
06-28 18:37:58.351  6064  6136 D         : addLayerName, tid:6136
06-28 18:37:58.369  6064  6136 D         : addLayerName, tid:6136
06-28 18:37:58.385  6064  6136 D         : addLayerName, tid:6136
06-28 18:37:58.401  6064  6136 D         : addLayerName, tid:6136
06-28 18:37:58.418  6064  6136 D         : addLayerName, tid:6136
06-28 18:37:58.434  6064  6136 D         : addLayerName, tid:6136
06-28 18:37:58.451  6064  6136 D         : addLayerName, tid:6136
06-28 18:37:58.468  6064  6136 D         : addLayerName, tid:6136
06-28 18:37:58.484  6064  6136 D         : addLayerName, tid:6136
06-28 18:37:58.500  6064  6136 D         : addLayerName, tid:6136
06-28 18:37:58.517  6064  6136 D         : addLayerName, tid:6136
06-28 18:37:58.534  6064  6136 D         : addLayerName, tid:6136
06-28 18:37:58.550  6064  6136 D         : addLayerName, tid:6136
06-28 18:37:58.567  6064  6136 D         : addLayerName, tid:6136
06-28 18:37:58.583  6064  6136 D         : addLayerName, tid:6136
06-28 18:37:58.600  6064  6136 D         : addLayerName, tid:6136
06-28 18:37:58.616  6064  6136 D         : addLayerName, tid:6136
06-28 18:37:58.633  6064  6136 D         : addLayerName, tid:6136
06-28 18:37:58.635  1724  1724 D StatusBarIconController: setIconVisibility icon is null or visibility not change visibility=false
06-28 18:37:58.638  1724  1724 I chatty  : uid=10030(com.huawei.desktop.systemui) com.android.systemui identical 7 lines
06-28 18:37:58.639  1724  1724 D StatusBarIconController: setIconVisibility icon is null or visibility not change visibility=false
06-28 18:37:58.649  6064  6136 D         : addLayerName, tid:6136
06-28 18:37:58.666  6064  6136 D         : addLayerName, tid:6136
06-28 18:37:58.683  6064  6136 D         : addLayerName, tid:6136
06-28 18:37:58.699  6064  6136 D         : addLayerName, tid:6136
06-28 18:37:58.715  6064  6136 D         : addLayerName, tid:6136
06-28 18:37:58.732  6064  6136 D         : addLayerName, tid:6136
06-28 18:37:58.748  6064  6136 D         : addLayerName, tid:6136
06-28 18:37:58.765  6064  6136 D         : addLayerName, tid:6136
06-28 18:37:58.782  6064  6136 D         : addLayerName, tid:6136
06-28 18:37:58.798  6064  6136 D         : addLayerName, tid:6136
06-28 18:37:58.814  6064  6136 D         : addLayerName, tid:6136
06-28 18:37:58.831  6064  6136 D         : addLayerName, tid:6136
06-28 18:37:58.845   776   776 E Thermal-daemon: [ap] temp_new :41  temp_old :42
06-28 18:37:58.846  1952  2811 I ThermalService: Receive temperature change, type: 0, temp: 41 from thermald
06-28 18:37:58.846   776   776 E Thermal-daemon: Report temperature: [ap] temp :41  report_threshold:1
06-28 18:37:58.847  1952  2586 D HwThermalStateManager: Thermal type: 0 cur_temperature:41
06-28 18:37:58.847  6064  6136 D         : addLayerName, tid:6136
06-28 18:37:58.863  6064  6136 D         : addLayerName, tid:6136
06-28 18:37:58.881  6064  6136 D         : addLayerName, tid:6136
06-28 18:37:58.897  6064  6136 D         : addLayerName, tid:6136
06-28 18:37:58.901   626  1582 I chatty  : uid=1041(audioserver) effect expire 2 lines
06-28 18:37:58.913  6064  6136 D         : addLayerName, tid:6136
06-28 18:37:58.930  6064  6136 D         : addLayerName, tid:6136
06-28 18:37:58.946  6064  6136 D         : addLayerName, tid:6136
06-28 18:37:58.964  6064  6136 D         : addLayerName, tid:6136
06-28 18:37:58.979  6064  6136 D         : addLayerName, tid:6136
06-28 18:37:58.997  6064  6136 D         : addLayerName, tid:6136
06-28 18:37:59.013  6064  6136 D         : addLayerName, tid:6136
06-28 18:37:59.029  6064  6136 D         : addLayerName, tid:6136
06-28 18:37:59.045  6064  6136 D         : addLayerName, tid:6136
06-28 18:37:59.063  6064  6136 D         : addLayerName, tid:6136
06-28 18:37:59.079  6064  6136 D         : addLayerName, tid:6136
06-28 18:37:59.095  6064  6136 D         : addLayerName, tid:6136
06-28 18:37:59.112  6064  6136 D         : addLayerName, tid:6136
06-28 18:37:59.127  6064  6136 D         : addLayerName, tid:6136
06-28 18:37:59.145  6064  6136 D         : addLayerName, tid:6136
06-28 18:37:59.162  6064  6136 D         : addLayerName, tid:6136
06-28 18:37:59.178  6064  6136 D         : addLayerName, tid:6136
06-28 18:37:59.195  6064  6136 D         : addLayerName, tid:6136
06-28 18:37:59.211  6064  6136 D         : addLayerName, tid:6136
06-28 18:37:59.227  6064  6136 D         : addLayerName, tid:6136
06-28 18:37:59.243  6064  6136 D         : addLayerName, tid:6136
06-28 18:37:59.261  6064  6136 D         : addLayerName, tid:6136
06-28 18:37:59.278  6064  6136 D         : addLayerName, tid:6136
06-28 18:37:59.293  6064  6136 D         : addLayerName, tid:6136
06-28 18:37:59.310  6064  6136 D         : addLayerName, tid:6136
06-28 18:37:59.326  6064  6136 D         : addLayerName, tid:6136
06-28 18:37:59.343  6064  6136 D         : addLayerName, tid:6136
06-28 18:37:59.360  6064  6136 D         : addLayerName, tid:6136
06-28 18:37:59.377  6064  6136 D         : addLayerName, tid:6136
06-28 18:37:59.393  6064  6136 D         : addLayerName, tid:6136
06-28 18:37:59.409  6064  6136 D         : addLayerName, tid:6136
06-28 18:37:59.425  6064  6136 D         : addLayerName, tid:6136
06-28 18:37:59.442  6064  6136 D         : addLayerName, tid:6136
06-28 18:37:59.459  6064  6136 D         : addLayerName, tid:6136
06-28 18:37:59.475  6064  6136 D         : addLayerName, tid:6136
06-28 18:37:59.492  6064  6136 D         : addLayerName, tid:6136
06-28 18:37:59.508  6064  6136 D         : addLayerName, tid:6136
06-28 18:37:59.524  6064  6136 D         : addLayerName, tid:6136
06-28 18:37:59.541  6064  6136 D         : addLayerName, tid:6136
06-28 18:37:59.558  6064  6136 D         : addLayerName, tid:6136
06-28 18:37:59.575  6064  6136 D         : addLayerName, tid:6136
06-28 18:37:59.591  6064  6136 D         : addLayerName, tid:6136
06-28 18:37:59.607  6064  6136 D         : addLayerName, tid:6136
06-28 18:37:59.624  6064  6136 D         : addLayerName, tid:6136
06-28 18:37:59.638  1724  1724 D StatusBarIconController: setIconVisibility icon is null or visibility not change visibility=false
06-28 18:37:59.641  1724  1724 D StatusBarIconController: setIconVisibility icon is null or visibility not change visibility=false
06-28 18:37:59.641  1724  1724 D StatusBarIconController: setIconVisibility icon is null or visibility not change visibility=false
06-28 18:37:59.644  6064  6136 D         : addLayerName, tid:6136
06-28 18:37:59.656  6064  6136 D         : addLayerName, tid:6136
06-28 18:37:59.674  6064  6136 D         : addLayerName, tid:6136
06-28 18:37:59.690  6064  6136 D         : addLayerName, tid:6136
06-28 18:37:59.706  6064  6136 D         : addLayerName, tid:6136
06-28 18:37:59.724  6064  6136 D         : addLayerName, tid:6136
06-28 18:37:59.739  6064  6136 D         : addLayerName, tid:6136
06-28 18:37:59.755  6064  6136 D         : addLayerName, tid:6136
06-28 18:37:59.773  6064  6136 D         : addLayerName, tid:6136
06-28 18:37:59.791  6064  6136 D         : addLayerName, tid:6136
06-28 18:37:59.806  6064  6136 D         : addLayerName, tid:6136
06-28 18:37:59.822  6064  6136 D         : addLayerName, tid:6136
06-28 18:37:59.838  6064  6136 D         : addLayerName, tid:6136
06-28 18:37:59.855  6064  6136 D         : addLayerName, tid:6136
06-28 18:37:59.872  6064  6136 D         : addLayerName, tid:6136
06-28 18:37:59.887  6064  6136 D         : addLayerName, tid:6136
06-28 18:37:59.905  6064  6136 D         : addLayerName, tid:6136
06-28 18:37:59.921  6064  6136 D         : addLayerName, tid:6136
06-28 18:37:59.938  6064  6136 D         : addLayerName, tid:6136
06-28 18:37:59.955  6064  6136 D         : addLayerName, tid:6136
06-28 18:37:59.972  6064  6136 D         : addLayerName, tid:6136
06-28 18:37:59.988  6064  6136 D         : addLayerName, tid:6136
06-28 18:38:00.004  6064  6136 D         : addLayerName, tid:6136
06-28 18:38:00.004  1114  1114 V AlarmManager: Received TIME_TICK alarm; rescheduling
06-28 18:38:00.005  1114  1114 I HwAlarmManagerService: hwSetAlarm listenerTag: time_tick
06-28 18:38:00.008  1724  1724 E DateView: DateView,mCurrentTime: 1561718280008
06-28 18:38:00.021  6064  6136 D         : addLayerName, tid:6136
06-28 18:38:00.026  1724  1724 W HwKeyguardDragHelper: AnimationBlocked 
06-28 18:38:00.032  1724  1724 I EventCenter: EventCenter Get :android.intent.action.TIME_TICK
06-28 18:38:00.036  1724  1724 E ndroid.systemu: No package ID ff found for ID 0xffffffff.
06-28 18:38:00.036  1724  1724 D WeatherHelper: City info empty
06-28 18:38:00.038  6064  6136 D         : addLayerName, tid:6136
06-28 18:38:00.038  1724  1724 E ndroid.systemu: No package ID ff found for ID 0xffffffff.
06-28 18:38:00.038  1724  1724 D WeatherHelper: City info empty
06-28 18:38:00.039  1724  1724 D KeyguardUpdateMonitor: received broadcast android.intent.action.TIME_TICK
06-28 18:38:00.040  1724  1724 D KeyguardUpdateMonitor: handleTimeUpdate
06-28 18:38:00.040  1724  1898 I KeyguardStatusView: Runnable for refresh
06-28 18:38:00.041  1724  1724 D WeatherHelper: City info empty
06-28 18:38:00.042  1993  1993 I HwLauncher: Model  onReceive intent=Intent { act=android.intent.action.TIME_TICK flg=0x50200014 hwFlg=0x900 (has extras) }
06-28 18:38:00.042  1993  1993 I HwLauncher: Model  onReceive user=UserHandle{0}
06-28 18:38:00.054  6064  6136 D         : addLayerName, tid:6136
06-28 18:38:00.065  1724  1724 W HwKeyguardDragHelper: AnimationBlocked 
06-28 18:38:00.071  6064  6136 D         : addLayerName, tid:6136
06-28 18:38:00.072  3116  4559 I Step_LSC: 90003365|processHandleBroadcastAction action:android.intent.action.TIME_TICK
06-28 18:38:00.073  1114 11860 V BroadcastQueue: Finished with ordered broadcast BroadcastRecord{fc0dec3 u-1 android.intent.action.TIME_TICK}
06-28 18:38:00.081  3116  4559 I Step_SPUtils: 90003365|setAliveRecord  success: timestampArg=1561718280073 elapsedRealtimeArg=119479657
06-28 18:38:00.086  6064  6136 D         : addLayerName, tid:6136
06-28 18:38:00.103  6064  6136 D         : addLayerName, tid:6136
06-28 18:38:00.119  6064  6136 D         : addLayerName, tid:6136
06-28 18:38:00.133  1724  1724 D WeatherHelper: City info empty
06-28 18:38:00.134  1724  1724 D DateTimeView: Change to single clock mode!
06-28 18:38:00.134  1724  1724 D WeatherHelper: City info empty
06-28 18:38:00.135  6064  6136 D         : addLayerName, tid:6136
06-28 18:38:00.135  1724  1724 I ColorPickUitls: type = 2
06-28 18:38:00.135  1724  1724 D WeatherHelper: City info empty
06-28 18:38:00.136  1724  1724 D DateTimeView: Change to single clock mode!
06-28 18:38:00.136  1724  1724 D WeatherHelper: City info empty
06-28 18:38:00.137  1724  1724 I ColorPickUitls: type = 2
06-28 18:38:00.151  6064  6136 D         : addLayerName, tid:6136
06-28 18:38:00.169  6064  6136 D         : addLayerName, tid:6136
06-28 18:38:00.186  6064  6136 D         : addLayerName, tid:6136
06-28 18:38:00.202  6064  6136 D         : addLayerName, tid:6136
06-28 18:38:00.218  6064  6136 D         : addLayerName, tid:6136
06-28 18:38:00.235  6064  6136 D         : addLayerName, tid:6136
06-28 18:38:00.251  6064  6136 D         : addLayerName, tid:6136
06-28 18:38:00.267  6064  6136 D         : addLayerName, tid:6136
06-28 18:38:00.285  6064  6136 D         : addLayerName, tid:6136
06-28 18:38:00.301  6064  6136 D         : addLayerName, tid:6136
06-28 18:38:00.305  1114  1477 D HwBatteryService: onUEvent fcpStatus = 0,scpStatus =0,ovpStatus=0
06-28 18:38:00.307  1114  1477 I HwBatteryService: quick charge status : 0
06-28 18:38:00.308  1114  1477 I HwBatteryService: handleWirelessTxStatus
06-28 18:38:00.308  1114  1477 I HwBatteryService: switch not open, return, mWirelessTxFlag : 0
06-28 18:38:00.309  1114  1477 I UsbDeviceManager: water_intrused state= 0
06-28 18:38:00.312  1114  1798 I BatteryService: normal charge status : 1
06-28 18:38:00.319  6064  6136 D         : addLayerName, tid:6136
06-28 18:38:00.319  1724  1724 D KeyguardUpdateMonitor: received broadcast android.intent.action.BATTERY_CHANGED
06-28 18:38:00.319  1724  1724 W KeyguardUpdateMonitor: ACTION_BATTERY_CHANGED AMP: 512000; Volt: 4800000
06-28 18:38:00.319  1724  1724 I KgBattery: (last-new)Status: 1 -> 1, chargeState=1 * branch=5
06-28 18:38:00.320  1724  1724 V KeyguardUpdateMonitor: RefreshBatteryInfo isBatteryLow: 100
06-28 18:38:00.320  1724  1724 W KeyguardUpdateMonitor: ChargingSpeed  Wattage: 2457600 ST: 5000000 --> 7500000
06-28 18:38:00.320  1724  1724 I KgBattery: BatteryInfo updated:  4lPC0
06-28 18:38:00.320  1724  1724 W AppHandler: sendMessage with obj100
06-28 18:38:00.320  1724  1724 D KeyguardUpdateMonitor: handleBatteryUpdate
06-28 18:38:00.320  1724  1724 I ColorPickUitls: type = 2
06-28 18:38:00.320  1724  1724 V KeyguardUpdateMonitor: RefreshBatteryInfo isBatteryLow: 100
06-28 18:38:00.320  1724  1724 W HwKgdBArea_BTY: updateBatteryInfo : false  true
06-28 18:38:00.320  1724  1724 W HwKgdBArea_BTY: updateBatteryInfo : false  true
06-28 18:38:00.321  1724  1724 W HwLockScreenPanel: Handle message: 100
06-28 18:38:00.321  1724  1724 W HwLockScreenPanel: refreshBatteryInfo: null
06-28 18:38:00.322  1724  1898 I KeyguardUtils: fpPath=sys/class/hw_power/charger/charge_data/chargerType, value=0
06-28 18:38:00.323  1724  1898 I KeyguardUtils: fpPath=sys/class/hw_power/charger/charge_data/chargerType, value=0
06-28 18:38:00.323  1724  1898 D KgBattery: BatteryInfo2: false; true; true; false; false; true
06-28 18:38:00.324  1114 11860 I BackgroundPermManager: pkgName: com.mixgo.PropertySEO,pid: 6064 ,uidOf3RdApk: 10403 ,permType: 2 ,permCfg: 0
06-28 18:38:00.324  1114  1812 I chatty  : uid=1000(system) LocationThread expire 3 lines
06-28 18:38:00.327  1952  2110 D DeviceMonitor: GPS request stop:com.mixgo.PropertySEO pid:6064 interval(s): -1 reqId:b04680
06-28 18:38:00.328  1849  1849 I chatty  : uid=1000(system) com.huawei.lbs expire 44 lines
06-28 18:38:00.331  1952  1952 I MsgReceiver: intent action: android.intent.action.BATTERY_CHANGED
06-28 18:38:00.331  5838  5838 D UIABatteryMonitor: notify battery changed. current level 100
06-28 18:38:00.336  6064  6136 D         : addLayerName, tid:6136
06-28 18:38:00.339  1114  2129 I NetworkStats: openSessionForUsageStats, pid = 1849, pkg = com.huawei.lbs
06-28 18:38:00.339  1114  2129 I NetworkStats: openSessionInternal,pid = 1849
06-28 18:38:00.340  1114  2129 I NetworkStats: performPollLocked, pid = 1114
06-28 18:38:00.343  1114 11658 I chatty  : uid=1000(system) Binder:1114_1C expire 17 lines
06-28 18:38:00.344  1114 11658 D HwLocationManagerService: uid is 10403 , isWifiConn is true , isMobileConn is false
06-28 18:38:00.344  1114 11658 I HwNetworkPolicy: onTransact, code = 203
06-28 18:38:00.344  1114 11658 I HwNetworkPolicyManager: getHwUidPolicy uid = 10403 policy = 0
06-28 18:38:00.344  1114 11658 D HwLocationManagerService: policy is 0 , wifiAccess is true, mobileAccess is true
06-28 18:38:00.344  1114 11658 D HwLocationManagerService: wifiAvaiable is true , mobileAvailable is false
06-28 18:38:00.346  1114 11658 I BackgroundPermManager: pkgName: com.mixgo.PropertySEO,pid: 6064 ,uidOf3RdApk: 10403 ,permType: 2 ,permCfg: 1
06-28 18:38:00.352  6064  6136 D         : addLayerName, tid:6136
06-28 18:38:00.356  1114  1813 I chatty  : uid=1000(system) LocationManager expire 4 lines
06-28 18:38:00.368  1114  2129 W NetworkStatsFactory: mStatsXtProcUid: /proc/net/comm/stats does not exist!
06-28 18:38:00.368  1114  2129 D HwNetworkStatsService: hwRecordUidAndProcSnapshotLocked currentTime = 1561718280339
06-28 18:38:00.369  6064  6136 D         : addLayerName, tid:6136
06-28 18:38:00.377  1114  2129 I NetworkStatsFactory: javaReadNetworkStatsUidAndProcDetail. cost time = 8
06-28 18:38:00.379  1114  2129 D HwNetworkStatsService: hwMaybeUidAndProcPersistLocked currentTime = 1561718280339
06-28 18:38:00.385  6064  6136 D         : addLayerName, tid:6136
06-28 18:38:00.386  2017  2247 E HSM_BG  : NatTrafficNotifyService:imsi is null, so return
06-28 18:38:00.391  1114  2129 I NetworkStats: openSessionForUsageStats, pid = 1849, pkg = com.huawei.lbs
06-28 18:38:00.391  1114  2129 I NetworkStats: openSessionInternal,pid = 1849
06-28 18:38:00.392  1114  2129 I NetworkStats: performPollLocked, pid = 1114
06-28 18:38:00.401  6064  6136 D         : addLayerName, tid:6136
06-28 18:38:00.406  1114  2129 W NetworkStatsFactory: mStatsXtProcUid: /proc/net/comm/stats does not exist!
06-28 18:38:00.406  1114  2129 D HwNetworkStatsService: hwRecordUidAndProcSnapshotLocked currentTime = 1561718280390
06-28 18:38:00.412  6327  6327 W dumpsys : type=1400 audit(0.0:36841): avc: denied { read } for name="pipe-max-size" dev="proc" ino=862467 scontext=u:r:shell:s0 tcontext=u:object_r:proc_pipe_conf:s0 tclass=file permissive=0
06-28 18:38:00.415  1114  2129 I NetworkStatsFactory: javaReadNetworkStatsUidAndProcDetail. cost time = 9
06-28 18:38:00.417  1114  2129 D HwNetworkStatsService: hwMaybeUidAndProcPersistLocked currentTime = 1561718280390
06-28 18:38:00.418  6064  6136 D         : addLayerName, tid:6136
06-28 18:38:00.424   589  2303 I ArHal   : (ar_data_get_state:1225):id[2]
06-28 18:38:00.425  2017  2247 E HSM_BG  : NatTrafficNotifyService:imsi is null, so return
06-28 18:38:00.429   589  2303 I ArHal   : (ar_data_get_state:1225):id[2]
06-28 18:38:00.434   589  2303 I ArHal   : (ar_data_get_state:1225):id[2]
06-28 18:38:00.436  1849  1849 D HwLBSService.HwNLPWifiScanManager: HwNLPScanStartScan : true
06-28 18:38:00.437  1849  1849 D HwLBSService.HwNLPAccManager: cleanAccMangerCache mSDKLocatinList.size : 0
06-28 18:38:00.438  6064  6136 D         : addLayerName, tid:6136
06-28 18:38:00.440  1849  1906 D HwLBSService.HwNLPWifiScanManager:  confirmWifiScanTime  timeMin:  118276891mLastScanTimeSinceboot:  118276935currentboottime:  119480025
06-28 18:38:00.440  1849  1906 D HwLBSService.HwNLPWifiScanManager:  HwNLPScanStartScan start
06-28 18:38:00.441  1114 13262 D WifiService: startScan, pid:1849, uid:1000, appName:com.huawei.lbs
06-28 18:38:00.441  1114 13262 I chatty  : uid=1000(system) Binder:1114_1F expire 13 lines
06-28 18:38:00.442  1920  7189 D ARMoudle.HwActivityRecognition: getCurrentActivityExtend
06-28 18:38:00.442   589  2303 I ArHal   : (ar_data_get_state:1225):id[2]
06-28 18:38:00.444  1920  7189 D ARMoudle.HwActivityRecognition: hwActivityEvent:[ ActivityChangedExtendEvent:
06-28 18:38:00.444  1920  7189 D ARMoudle.HwActivityRecognition:     Activity='android.activity_recognition.relative_still', EventType=1, TimestampNs=104713889309269, Confidence=0
06-28 18:38:00.444  1920  7189 D ARMoudle.HwActivityRecognition:     Activity='android.activity_recognition.still', EventType=1, TimestampNs=117942089442914, Confidence=100
06-28 18:38:00.444  1920  7189 D ARMoudle.HwActivityRecognition: ]
06-28 18:38:00.445  1114 13262 D HwWifiService: Get wifiScanStrategy from iAware, WifiScanStrategy = [mCycle=1800000, mTimeStamp=117942089]
06-28 18:38:00.448  1849  1849 D HwLBSService.HwNLPWifiScanManager: isScanned: false
06-28 18:38:00.450  6064  6136 D         : addLayerName, tid:6136
06-28 18:38:00.466  6064  6136 D         : addLayerName, tid:6136
06-28 18:38:00.482  6064  6136 D         : addLayerName, tid:6136
06-28 18:38:00.498  6064  6136 D         : addLayerName, tid:6136
06-28 18:38:00.515  6064  6136 D         : addLayerName, tid:6136
06-28 18:38:00.531  6064  6136 D         : addLayerName, tid:6136
06-28 18:38:00.548  6064  6136 D         : addLayerName, tid:6136
06-28 18:38:00.566  6064  6136 D         : addLayerName, tid:6136
06-28 18:38:00.582  6064  6136 D         : addLayerName, tid:6136
06-28 18:38:00.598  6064  6136 D         : addLayerName, tid:6136
06-28 18:38:00.612  1114  1562 I chatty  : uid=1000(system) WifiStateMachin expire 49 lines
06-28 18:38:00.615  6064  6136 D         : addLayerName, tid:6136
06-28 18:38:00.621  1114  1561 I chatty  : uid=1000(system) WifiService expire 37 lines
06-28 18:38:00.626  1114  1631 I chatty  : uid=1000(system) WifiProStateMac expire 20 lines
06-28 18:38:00.630  6064  6136 D         : addLayerName, tid:6136
06-28 18:38:00.634  1114  1562 I HwAlarmManagerService: hwSetAlarm listenerTag: WriteBufferAlarm
06-28 18:38:00.647  6064  6136 D         : addLayerName, tid:6136
06-28 18:38:00.665  6064  6136 D         : addLayerName, tid:6136
06-28 18:38:00.666  1114  1563 I chatty  : uid=1000(system) HwNcChrServiceI expire 2 lines
06-28 18:38:00.666  1900  2082 I chatty  : uid=1000(system) HwWifiCHRStateM expire 2 lines
06-28 18:38:00.667  1900 15673 I chatty  : uid=1000(system) Binder:1900_B expire 1 line
06-28 18:38:00.667  1900  2082 E HwCHRWifiRSSIGroupSummery: updatArpSummery mRSSI:0  HwCHRWifiRSSIGroup [rssi_index=4, rtt_tcp_packets=0, rtt_tcp_duration=0, rtt_lan_duration=99640, rtt_lan_failures=0, rtt_lan_succ=1953, rtt_lan_max=995, rtt_lan_min=0,same_area_frequency=0,adjacent_area_frequency=0]
06-28 18:38:00.680   646   646 E WifiHAL : enter wifi_get_link_stats
06-28 18:38:00.685  6064  6136 D         : addLayerName, tid:6136
06-28 18:38:00.698  6064  6136 D         : addLayerName, tid:6136
06-28 18:38:00.714  6064  6136 D         : addLayerName, tid:6136
06-28 18:38:00.730  6064  6136 D         : addLayerName, tid:6136
06-28 18:38:00.747  6064  6136 D         : addLayerName, tid:6136
06-28 18:38:00.764  6064  6136 D         : addLayerName, tid:6136
06-28 18:38:00.781  6064  6136 D         : addLayerName, tid:6136
06-28 18:38:00.797  6064  6136 D         : addLayerName, tid:6136
06-28 18:38:00.814  6064  6136 D         : addLayerName, tid:6136
06-28 18:38:00.829  6064  6136 D         : addLayerName, tid:6136
06-28 18:38:00.847  6064  6136 D         : addLayerName, tid:6136
06-28 18:38:00.864  6064  6136 D         : addLayerName, tid:6136
06-28 18:38:00.879  6064  6136 D         : addLayerName, tid:6136
06-28 18:38:00.896  6064  6136 D         : addLayerName, tid:6136
06-28 18:38:00.913  6064  6136 D         : addLayerName, tid:6136
06-28 18:38:00.929  6064  6136 D         : addLayerName, tid:6136
06-28 18:38:00.946  6064  6136 D         : addLayerName, tid:6136
06-28 18:38:00.963  6064  6136 D         : addLayerName, tid:6136
06-28 18:38:00.979  6064  6136 D         : addLayerName, tid:6136
06-28 18:38:00.995  6064  6136 D         : addLayerName, tid:6136
06-28 18:38:01.012  6064  6136 D         : addLayerName, tid:6136
06-28 18:38:01.028  6064  6136 D         : addLayerName, tid:6136
06-28 18:38:01.045  6064  6136 D         : addLayerName, tid:6136
06-28 18:38:01.062  6064  6136 D         : addLayerName, tid:6136
06-28 18:38:01.078  6064  6136 D         : addLayerName, tid:6136
06-28 18:38:01.094  6064  6136 D         : addLayerName, tid:6136
06-28 18:38:01.111  6064  6136 D         : addLayerName, tid:6136
06-28 18:38:01.127  6064  6136 D         : addLayerName, tid:6136
06-28 18:38:01.144  6064  6136 D         : addLayerName, tid:6136
06-28 18:38:01.161  6064  6136 D         : addLayerName, tid:6136
06-28 18:38:01.178  6064  6136 D         : addLayerName, tid:6136
06-28 18:38:01.194  6064  6136 D         : addLayerName, tid:6136
06-28 18:38:01.210  6064  6136 D         : addLayerName, tid:6136
06-28 18:38:01.223  1900  2108 D HwWifiStatStore: handleMessage : 200
06-28 18:38:01.227  6064  6136 D         : addLayerName, tid:6136
06-28 18:38:01.243  6064  6136 D         : addLayerName, tid:6136
06-28 18:38:01.260  6064  6136 D         : addLayerName, tid:6136
06-28 18:38:01.276  6064  6136 D         : addLayerName, tid:6136
06-28 18:38:01.293  6064  6136 D         : addLayerName, tid:6136
06-28 18:38:01.309  6064  6136 D         : addLayerName, tid:6136
06-28 18:38:01.326  6064  6136 D         : addLayerName, tid:6136
06-28 18:38:01.342  6064  6136 D         : addLayerName, tid:6136
06-28 18:38:01.359  6064  6136 D         : addLayerName, tid:6136
06-28 18:38:01.375  6064  6136 D         : addLayerName, tid:6136
06-28 18:38:01.391  6064  6136 D         : addLayerName, tid:6136
06-28 18:38:01.408  6064  6136 D         : addLayerName, tid:6136
06-28 18:38:01.425  6064  6136 D         : addLayerName, tid:6136
06-28 18:38:01.442  6064  6136 D         : addLayerName, tid:6136
06-28 18:38:01.458  6064  6136 D         : addLayerName, tid:6136
06-28 18:38:01.475  6064  6136 D         : addLayerName, tid:6136
06-28 18:38:01.492  6064  6136 D         : addLayerName, tid:6136
06-28 18:38:01.507  6064  6136 D         : addLayerName, tid:6136
06-28 18:38:01.523  6064  6136 D         : addLayerName, tid:6136
06-28 18:38:01.528   731   731 W irqbalance: type=1400 audit(0.0:36842): avc: denied { dac_override } for capability=1 scontext=u:r:irqbalance:s0 tcontext=u:r:irqbalance:s0 tclass=capability permissive=0
06-28 18:38:01.532   731   731 W irqbalance: type=1400 audit(0.0:36848): avc: denied { dac_override } for capability=1 scontext=u:r:irqbalance:s0 tcontext=u:r:irqbalance:s0 tclass=capability permissive=0
06-28 18:38:01.532   731   731 W irqbalance: type=1400 audit(0.0:36849): avc: denied { dac_override } for capability=1 scontext=u:r:irqbalance:s0 tcontext=u:r:irqbalance:s0 tclass=capability permissive=0
06-28 18:38:01.532   731   731 W irqbalance: type=1400 audit(0.0:36851): avc: denied { dac_override } for capability=1 scontext=u:r:irqbalance:s0 tcontext=u:r:irqbalance:s0 tclass=capability permissive=0
06-28 18:38:01.534   731   731 I irqbalance: Centralize irq 80 to cpu 0
06-28 18:38:01.535   731   731 I irqbalance: Centralize irq 69 to cpu 0
06-28 18:38:01.536   731   731 I irqbalance: Centralize irq 16 to cpu 0
06-28 18:38:01.537   731   731 I irqbalance: Centralize irq 17 to cpu 0
06-28 18:38:01.537   731   731 I irqbalance: Centralize irq 67 to cpu 0
06-28 18:38:01.537   731   731 I irqbalance: Centralize irq 455 to cpu 0
06-28 18:38:01.538   731   731 I irqbalance: Centralize irq 70 to cpu 0
06-28 18:38:01.538   731   731 I irqbalance: Centralize irq 79 to cpu 0
06-28 18:38:01.538   731   731 I irqbalance: Centralize irq 112 to cpu 0
06-28 18:38:01.539   731   731 I irqbalance: Centralize irq 128 to cpu 0
06-28 18:38:01.541  6064  6136 D         : addLayerName, tid:6136
06-28 18:38:01.558  6064  6136 D         : addLayerName, tid:6136
06-28 18:38:01.574  6064  6136 D         : addLayerName, tid:6136
06-28 18:38:01.590  6064  6136 D         : addLayerName, tid:6136
06-28 18:38:01.607  6064  6136 D         : addLayerName, tid:6136
06-28 18:38:01.623  6064  6136 D         : addLayerName, tid:6136
06-28 18:38:01.640  6064  6136 D         : addLayerName, tid:6136
06-28 18:38:01.642  1724  1724 D StatusBarIconController: setIconVisibility icon is null or visibility not change visibility=false
06-28 18:38:01.643  1724  1724 D StatusBarIconController: setIconVisibility icon is null or visibility not change visibility=false
06-28 18:38:01.657  6064  6136 D         : addLayerName, tid:6136
06-28 18:38:01.673  6064  6136 D         : addLayerName, tid:6136
06-28 18:38:01.689  6064  6136 D         : addLayerName, tid:6136
06-28 18:38:01.707  6064  6136 D         : addLayerName, tid:6136
06-28 18:38:01.722  6064  6136 D         : addLayerName, tid:6136
06-28 18:38:01.739  6064  6136 D         : addLayerName, tid:6136
06-28 18:38:01.755  6064  6136 D         : addLayerName, tid:6136
06-28 18:38:01.772  6064  6136 D         : addLayerName, tid:6136
06-28 18:38:01.789  6064  6136 D         : addLayerName, tid:6136
06-28 18:38:01.805  6064  6136 D         : addLayerName, tid:6136
06-28 18:38:01.822  6064  6136 D         : addLayerName, tid:6136
06-28 18:38:01.838  6064  6136 D         : addLayerName, tid:6136
06-28 18:38:01.854  6064  6136 D         : addLayerName, tid:6136
06-28 18:38:01.871  6064  6136 D         : addLayerName, tid:6136
06-28 18:38:01.888  6064  6136 D         : addLayerName, tid:6136
06-28 18:38:01.904  6064  6136 D         : addLayerName, tid:6136
06-28 18:38:01.921  6064  6136 D         : addLayerName, tid:6136
06-28 18:38:01.937  6064  6136 D         : addLayerName, tid:6136
06-28 18:38:01.953  6064  6136 D         : addLayerName, tid:6136
06-28 18:38:01.971  6064  6136 D         : addLayerName, tid:6136
06-28 18:38:01.988  6064  6136 D         : addLayerName, tid:6136
06-28 18:38:02.003  6064  6136 D         : addLayerName, tid:6136
06-28 18:38:02.020  6064  6136 D         : addLayerName, tid:6136
06-28 18:38:02.037  6064  6136 D         : addLayerName, tid:6136
06-28 18:38:02.054  6064  6136 D         : addLayerName, tid:6136
06-28 18:38:02.070  6064  6136 D         : addLayerName, tid:6136
06-28 18:38:02.086  6064  6136 D         : addLayerName, tid:6136
06-28 18:38:02.103  6064  6136 D         : addLayerName, tid:6136
06-28 18:38:02.120  6064  6136 D         : addLayerName, tid:6136
06-28 18:38:02.136  6064  6136 D         : addLayerName, tid:6136
06-28 18:38:02.152  6064  6136 D         : addLayerName, tid:6136
06-28 18:38:02.169  6064  6136 D         : addLayerName, tid:6136
06-28 18:38:02.185  6064  6136 D         : addLayerName, tid:6136
06-28 18:38:02.202  6064  6136 D         : addLayerName, tid:6136
06-28 18:38:02.219  6064  6136 D         : addLayerName, tid:6136
06-28 18:38:02.235  6064  6136 D         : addLayerName, tid:6136
06-28 18:38:02.251  6064  6136 D         : addLayerName, tid:6136
06-28 18:38:02.267  6064  6136 D         : addLayerName, tid:6136
06-28 18:38:02.284  6064  6136 D         : addLayerName, tid:6136
06-28 18:38:02.301  6064  6136 D         : addLayerName, tid:6136
06-28 18:38:02.317  6064  6136 D         : addLayerName, tid:6136
06-28 18:38:02.334  6064  6136 D         : addLayerName, tid:6136
06-28 18:38:02.350  6064  6136 D         : addLayerName, tid:6136
06-28 18:38:02.367  6064  6136 D         : addLayerName, tid:6136
06-28 18:38:02.382  6064  6136 D         : addLayerName, tid:6136
06-28 18:38:02.399  3093  8102 E Uploader: Clearcut transport failed to make network request.
06-28 18:38:02.399  3093  8102 E Uploader: java.net.SocketTimeoutException: failed to connect to play.googleapis.com/172.217.160.74 (port 443) from /192.168.0.137 (port 35734) after 60000ms
06-28 18:38:02.399  3093  8102 E Uploader: 	at libcore.io.IoBridge.connectErrno(IoBridge.java:185)
06-28 18:38:02.399  3093  8102 E Uploader: 	at libcore.io.IoBridge.connect(IoBridge.java:129)
06-28 18:38:02.399  3093  8102 E Uploader: 	at java.net.PlainSocketImpl.socketConnect(PlainSocketImpl.java:137)
06-28 18:38:02.399  3093  8102 E Uploader: 	at java.net.AbstractPlainSocketImpl.doConnect(AbstractPlainSocketImpl.java:391)
06-28 18:38:02.399  3093  8102 E Uploader: 	at java.net.AbstractPlainSocketImpl.connectToAddress(AbstractPlainSocketImpl.java:231)
06-28 18:38:02.399  3093  8102 E Uploader: 	at java.net.AbstractPlainSocketImpl.connect(AbstractPlainSocketImpl.java:213)
06-28 18:38:02.399  3093  8102 E Uploader: 	at java.net.SocksSocketImpl.connect(SocksSocketImpl.java:436)
06-28 18:38:02.399  3093  8102 E Uploader: 	at java.net.Socket.connect(Socket.java:621)
06-28 18:38:02.399  3093  8102 E Uploader: 	at com.android.okhttp.internal.Platform.connectSocket(Platform.java:145)
06-28 18:38:02.399  3093  8102 E Uploader: 	at com.android.okhttp.internal.io.RealConnection.connectSocket(RealConnection.java:141)
06-28 18:38:02.399  3093  8102 E Uploader: 	at com.android.okhttp.internal.io.RealConnection.connect(RealConnection.java:112)
06-28 18:38:02.399  3093  8102 E Uploader: 	at com.android.okhttp.internal.http.StreamAllocation.findConnection(StreamAllocation.java:184)
06-28 18:38:02.399  3093  8102 E Uploader: 	at com.android.okhttp.internal.http.StreamAllocation.findHealthyConnection(StreamAllocation.java:126)
06-28 18:38:02.399  3093  8102 E Uploader: 	at com.android.okhttp.internal.http.StreamAllocation.newStream(StreamAllocation.java:95)
06-28 18:38:02.399  3093  8102 E Uploader: 	at com.android.okhttp.internal.http.HttpEngine.connect(HttpEngine.java:281)
06-28 18:38:02.399  3093  8102 E Uploader: 	at com.android.okhttp.internal.http.HttpEngine.sendRequest(HttpEngine.java:224)
06-28 18:38:02.399  3093  8102 E Uploader: 	at com.android.okhttp.internal.huc.HttpURLConnectionImpl.execute(HttpURLConnectionImpl.java:461)
06-28 18:38:02.399  3093  8102 E Uploader: 	at com.android.okhttp.internal.huc.HttpURLConnectionImpl.connect(HttpURLConnectionImpl.java:127)
06-28 18:38:02.399  3093  8102 E Uploader: 	at com.android.okhttp.internal.huc.HttpURLConnectionImpl.getOutputStream(HttpURLConnectionImpl.java:258)
06-28 18:38:02.399  3093  8102 E Uploader: 	at com.android.okhttp.internal.huc.DelegatingHttpsURLConnection.getOutputStream(DelegatingHttpsURLConnection.java:218)
06-28 18:38:02.399  3093  8102 E Uploader: 	at com.android.okhttp.internal.huc.HttpsURLConnectionImpl.getOutputStream(HttpsURLConnectionImpl.java:26)
06-28 18:38:02.399  3093  8102 E Uploader: 	at zyc.a(:com.google.android.gms@14799037@14.7.99 (100400-223214910):37)
06-28 18:38:02.399  3093  8102 E Uploader: 	at zyc.execute(:com.google.android.gms@14799037@14.7.99 (100400-223214910):8)
06-28 18:38:02.399  3093  8102 E Uploader: 	at zyc.execute(:com.google.android.gms@14799037@14.7.99 (100400-223214910):7)
06-28 18:38:02.399  3093  8102 E Uploader: 	at pjz.a(:com.google.android.gms@14799037@14.7.99 (100400-223214910):10)
