06-28 18:37:10.055  1114  1114 D SecurityProfileDB:         "com.huawei.skytone": {
06-28 18:37:10.055  1114  1114 D SecurityProfileDB:             "policy_version": 5,
06-28 18:37:10.055  1114  1114 D SecurityProfileDB:             "apk_digest": {
06-28 18:37:10.055  1114  1114 D SecurityProfileDB:                 "digest_algorithm": "SHA-256",
06-28 18:37:10.055  1114  1114 D SecurityProfileDB:                 "digest": "bQkvtDA621g+R22lmNBqKIBF1uTK9VrNkTR2wBkOVlo=",
06-28 18:37:10.055  1114  1114 D SecurityProfileDB:                 "signature_scheme": "v1_manifest"
06-28 18:37:10.055  1114  1114 D SecurityProfileDB:             },
06-28 18:37:10.055  1114  1114 D SecurityProfileDB:             "rules": [],
06-28 18:37:10.055  1114  1114 D SecurityProfileDB:             "labels": [
06-28 18:37:10.055  1114  1114 D SecurityProfileDB:                 "NORMAL"
06-28 18:37:10.055  1114  1114 D SecurityProfileDB:             ]
06-28 18:37:10.055  1114  1114 D SecurityProfileDB:         },
06-28 18:37:10.055  1114  1114 D SecurityProfileDB:         "com.netease.cloudmusic": {
06-28 18:37:10.055  1114  1114 D SecurityProfileDB:             "policy_version": 2,
06-28 18:37:10.055  1114  1114 D SecurityProfileDB:             "apk_digest": {
06-28 18:37:10.055  1114  1114 D SecurityProfileDB:                 "digest_algorithm": "SHA-256",
06-28 18:37:10.055  1114  1114 D SecurityProfileDB:                 "digest": "AyxPO+T8EMGK\/g8wVSPiiO2znTSj\/u2HjrUHL94IaQI=",
06-28 18:37:10.055  1114  1114 D SecurityProfileDB:                 "signature_scheme": "v2"
06-28 18:37:10.055  1114  1114 D SecurityProfileDB:             },
06-28 18:37:10.055  1114  1114 D SecurityProfileDB:             "rules": [],
06-28 18:37:10.055  1114  1114 D SecurityProfileDB:             "labels": [
06-28 18:37:10.055  1114  1114 D SecurityProfileDB:                 "NORMAL"
06-28 18:37:10.055  1114  1114 D SecurityProfileDB:             ]
06-28 18:37:10.055  1114  1114 D SecurityProfileDB:         },
06-28 18:37:10.055  1114  1114 D SecurityProfileDB:         "com.taobao.taobao": {
06-28 18:37:10.055  1114  1114 D SecurityProfileDB:             "policy_version": 3,
06-28 18:37:10.055  1114  1114 D SecurityProfileDB:             "apk_digest": {
06-28 18:37:10.055  1114  1114 D SecurityProfileDB:                 "digest_algorithm": "SHA-256",
06-28 18:37:10.055  1114  1114 D SecurityProfileDB:                 "digest": "Yc7yPxAixudfqvGFqS0oj7SvZRpuvuvMlU44navCvW8=",
06-28 18:37:10.055  1114  1114 D SecurityProfileDB:                 "signature_scheme": "v2"
06-28 18:37:10.055  1114  1114 D SecurityProfileDB:             },
06-28 18:37:10.055  1114  1114 D SecurityProfileDB:             "rules": [],
06-28 18:37:10.055  1114  1114 D SecurityProfileDB:             "labels": [
06-28 18:37:10.055  1114  1114 D SecurityProfileDB:                 "NORMAL"
06-28 18:37:10.055  1114  1114 D SecurityProfileDB:             ]
06-28 18:37:10.055  1114  1114 D SecurityProfileDB:         },
06-28 18:37:10.055  1114  1114 D SecurityProfileDB:         "com.microsoft.translator": {
06-28 18:37:10.055  1114  1114 D SecurityProfileDB:             "policy_version": 3,
06-28 18:37:10.055  1114  1114 D SecurityProfileDB:             "apk_digest": {
06-28 18:37:10.055  1114  1114 D SecurityProfileDB:                 "digest_algorithm": "SHA-256",
06-28 18:37:10.055  1114  1114 D SecurityProfileDB:                 "digest": "h7kdJ8VdY8vQT9aOfNo\/9PNwLECu4pmbofPgVoqUMM0=",
06-28 18:37:10.055  1114  1114 D SecurityProfileDB:                 "signature_scheme": "v1_manifest"
06-28 18:37:10.055  1114  1114 D SecurityProfileDB:             },
06-28 18:37:10.055  1114  1114 D SecurityProfileDB:             "rules": [],
06-28 18:37:10.055  1114  1114 D SecurityProfileDB:             "labels": [
06-28 18:37:10.055  1114  1114 D SecurityProfileDB:                 "NORMAL"
06-28 18:37:10.055  1114  1114 D SecurityProfileDB:             ]
06-28 18:37:10.055  1114  1114 D SecurityProfileDB:         },
06-28 18:37:10.055  1114  1114 D SecurityProfileDB:         "com.ss.android.article.news": {
06-28 18:37:10.055  1114  1114 D SecurityProfileDB:             "policy_version": 5,
06-28 18:37:10.055  1114  1114 D SecurityProfileDB:             "apk_digest": {
06-28 18:37:10.055  1114  1114 D SecurityProfileDB:                 "digest_algorithm": "SHA-256",
06-28 18:37:10.055  1114  1114 D SecurityProfileDB:                 "digest": "lUcykKsy6QxUGySDftJZyPcPXJR90W3wbtmKuHFjPGI=",
06-28 18:37:10.055  1114  1114 D SecurityProfileDB:                 "signature_scheme
06-28 18:37:10.066  1114  1222 W BroadcastQueue: Background execution not allowed: receiving Intent { act=android.intent.action.PACKAGE_REMOVED dat=package:com.mixgo.PropertySEO flg=0x4000010 (has extras) } to com.huawei.gameassistant/com.gameassistant.gamedata.receiver.RemovePackageIntentReceiver
06-28 18:37:10.091  1114 11860 V HwNotificationManagerService: Notification db cfg changed
06-28 18:37:10.093  1114  1217 W ContextImpl: Calling a method in the system process without a qualified user: android.app.ContextImpl.startService:1796 com.android.server.security.trustspace.TrustSpaceManagerService.handlePackageDisappeared:294 com.android.server.security.trustspace.TrustSpaceManagerService.access$800:57 com.android.server.security.trustspace.TrustSpaceManagerService$MyPackageMonitor.onPackageRemoved:169 com.android.internal.content.PackageMonitor.onReceive:370 
06-28 18:37:10.117  1114  1114 W Looper  : Slow dispatch took 137ms main h=android.app.ActivityThread$H c=android.app.-$$Lambda$LoadedApk$ReceiverDispatcher$Args$_BumDX2UKsnxLVrE6UJsJZkotuA@7e7663a m=0
06-28 18:37:10.145  1114  9129 W HwAlarmManagerService: isContainsAppUidInWorksource-->happend NameNotFoundException
06-28 18:37:10.145  1114  9129 W HwAlarmManagerService: isContainsAppUidInWorksource-->happend NameNotFoundException
06-28 18:37:10.150  1114  1114 D NetdConnector: SND -> {2583 network permission user clear 10402}
06-28 18:37:10.150  1114  1555 D NetdConnector: RCV <- {200 2583 success}
06-28 18:37:10.150  1114  1555 D NetdConnector: RCV <- {200 2583 success}
06-28 18:37:10.151  1114  1114 D WifiService: onReceive, action:android.intent.action.PACKAGE_FULLY_REMOVED
06-28 18:37:10.151  1114  1114 D WifiService: onReceive, action:android.intent.action.PACKAGE_FULLY_REMOVED no handle
06-28 18:37:10.170  1114  9129 I HwAlarmManagerService: hwSetAlarm listenerTag: *job.delay*
06-28 18:37:10.171  1114  9129 I JobScheduler.Time: mNextDelayExpiredElapsedMillis: 119444517
06-28 18:37:10.172  1114  1114 V AlarmManager: UninstallReceiver onReceive action:android.intent.action.UID_REMOVED
06-28 18:37:10.175  1114  1114 D NotificationListeners: onServiceConnected, just remove the servicesBindingTag and add service.
06-28 18:37:10.175  1114  1114 I [SPMN]  : insert GLOBAL -- name = zen_mode, package = android, user = 0, value = 0
06-28 18:37:10.188  1114  5977 V HwNotificationManagerService: HwCfgLoadingRunnable: Starts 
06-28 18:37:10.189 31253 31253 W ContextImpl: Calling a method in the system process without a qualified user: android.app.ContextImpl.startService:1796 android.content.ContextWrapper.startService:664 android.content.ContextWrapper.startService:664 com.huawei.systemmanager.antivirus.utils.AntiVirusTools.deleteVirusApk:723 com.huawei.systemmanager.antivirus.AntiVirusReceiver.handlerPackageRemoved:55 
06-28 18:37:10.191  1114 11658 E PowerManagerService: Exception when search wack lock :java.lang.IllegalArgumentException: Wake lock not active: android.os.BinderProxy@db8d5fc from uid 10021
06-28 18:37:10.194  1114  1114 W Looper  : Drained
06-28 18:37:10.201  1114  5977 D RankingHelper: RankingHelper: setSysMgrCfgMap: get default channel cfg size:113
06-28 18:37:10.201  1114  5977 V HwNotificationManagerService: HwCfgLoadingRunnable: get cfg size:180
06-28 18:37:10.203  1114  5977 V HwNotificationManagerService: HwCfgLoadingRunnable: Ends. 
06-28 18:37:10.212 31253 31311 W ContextImpl: Calling a method in the system process without a qualified user: android.app.ContextImpl.startService:1796 android.content.ContextWrapper.startService:664 com.huawei.systemmanager.spacecleanner.receiver.SpaceCleanReceiver.checkRarelyUsedApp:100 com.huawei.systemmanager.spacecleanner.receiver.SpaceCleanReceiver.doInBackground:46 java.lang.reflect.Method.invoke:-2 
06-28 18:37:10.224  1114  4778 D PackageManager: resolve intent for uid:10021, matchs:3, res:ResolveInfo{28c8d4a com.huawei.android.launcher/.unihome.UniHomeLauncher m=0x108000}
06-28 18:37:10.233  1114  5851 W BroadcastQueue: Background execution not allowed: receiving Intent { act=android.intent.action.PACKAGE_REMOVED dat=package:com.mixgo.PropertySEO flg=0x4000010 (has extras) } to com.ss.android.article.video/com.taobao.agoo.AgooCommondReceiver
06-28 18:37:10.233  1114  9129 D HwSecurityService: find this Resident Plugin
06-28 18:37:10.234  1114  1222 W BroadcastQueue: Background execution not allowed: receiving Intent { act=android.intent.action.PACKAGE_REMOVED dat=package:com.mixgo.PropertySEO flg=0x4000010 (has extras) } to com.ss.android.article.video/com.aliyun.AliyunMessageReceiver
06-28 18:37:10.234  1114  1222 W BroadcastQueue: Background execution not allowed: receiving Intent { act=android.intent.action.PACKAGE_REMOVED dat=package:com.mixgo.PropertySEO flg=0x4000010 (has extras) } to com.ss.android.article.video/com.huawei.android.pushagent.PushEventReceiver
06-28 18:37:10.234  1114  1222 W BroadcastQueue: Background execution not allowed: receiving Intent { act=android.intent.action.PACKAGE_REMOVED dat=package:com.mixgo.PropertySEO flg=0x4000010 (has extras) } to com.ss.android.article.video/com.taobao.accs.EventReceiver
06-28 18:37:10.234  1114  1222 W BroadcastQueue: Background execution not allowed: receiving Intent { act=android.intent.action.PACKAGE_REMOVED dat=package:com.mixgo.PropertySEO flg=0x4000010 (has extras) } to com.ss.android.article.video/com.ss.android.message.MessageReceiver
06-28 18:37:10.234  1114  2200 D HwAddViewManager: handleMessage msg=1
06-28 18:37:10.234  1114  2200 D HwAddViewManager: index:0 remove package:com.mixgo.PropertySEO
06-28 18:37:10.234  1114  2200 I HwAddViewManager: remove done, size 1
06-28 18:37:10.235  1114  1222 W BroadcastQueue: Background execution not allowed: receiving Intent { act=android.intent.action.PACKAGE_REMOVED dat=package:com.mixgo.PropertySEO flg=0x4000010 (has extras) } to com.ss.android.article.video/com.baidu.android.pushservice.RegistrationReceiver
06-28 18:37:10.235  1114  1222 V BroadcastQueue: Finished with ordered broadcast BroadcastRecord{dcc4128 u0 android.intent.action.PACKAGE_REMOVED}
06-28 18:37:10.235  1114  1222 I ActivityManager: App 10014/com.android.documentsui targets O+, restricted
06-28 18:37:10.272  1114  2129 V BroadcastQueue: Finished with ordered broadcast BroadcastRecord{a20e4bb u0 android.intent.action.PACKAGE_FULLY_REMOVED}
06-28 18:37:10.312  1114  9168 W HwAlarmManagerService: isContainsAppUidInWorksource-->happend NameNotFoundException
06-28 18:37:10.312  1114  9168 W HwAlarmManagerService: isContainsAppUidInWorksource-->happend NameNotFoundException
06-28 18:37:10.330  1114  1823 V BroadcastQueue: Finished with ordered broadcast BroadcastRecord{9548dd8 u0 android.intent.action.UID_REMOVED}
06-28 18:37:10.414  1114  1827 D PackageManager: resolve intent for uid:10021, matchs:3, res:ResolveInfo{60adcfa com.huawei.android.launcher/.unihome.UniHomeLauncher m=0x108000}
06-28 18:37:10.484  1114 11860 E PowerManagerService: Exception when search wack lock :java.lang.IllegalArgumentException: Wake lock not active: android.os.BinderProxy@db8d5fc from uid 10021
06-28 18:37:10.530  1114 11860 D PackageManager: resolve intent for uid:10021, matchs:3, res:ResolveInfo{55072ab com.huawei.android.launcher/.unihome.UniHomeLauncher m=0x108000}
06-28 18:37:10.549  1114  2129 D PackageManager: resolve intent for uid:10021, matchs:3, res:ResolveInfo{1731d08 com.huawei.android.launcher/.unihome.UniHomeLauncher m=0x108000}
06-28 18:37:11.852   574   594 W SocketListener: sending broadcast to Pid = 1114, Uid = 1000 
06-28 18:37:11.854  1114  1555 D NetdConnector: RCV <- {601 limit alert globalAlert wlan0}
06-28 18:37:11.856  1114  1555 D NetdConnector: RCV <- {601 limit alert globalAlert wlan0}
06-28 18:37:11.858  1114  1240 D NetdConnector: RCV unsolicited event from native daemon, event = 601
06-28 18:37:11.860  1114  1240 I NetworkStats: limitReached
06-28 18:37:11.862  1114  1558 I NetworkStats: performPollLocked, pid = 1114
06-28 18:37:11.887  1114  1558 W NetworkStatsFactory: mStatsXtProcUid: /proc/net/comm/stats does not exist!
06-28 18:37:11.887  1114  1558 D HwNetworkStatsService: hwRecordUidAndProcSnapshotLocked currentTime = 1561718231861
06-28 18:37:11.902  1114  1558 I NetworkStatsFactory: javaReadNetworkStatsUidAndProcDetail. cost time = 14
06-28 18:37:11.926  1114  1558 D NetdConnector: SND -> {2584 bandwidth setglobalalert 2097152}
06-28 18:37:11.928  1114  1555 D NetdConnector: RCV <- {200 2584 Bandwidth command succeeeded}
06-28 18:37:11.928  1114  1555 D NetdConnector: RCV <- {200 2584 Bandwidth command succeeeded}
06-28 18:37:12.622  1114  1827 V BroadcastQueue: Finished with ordered broadcast BroadcastRecord{d0bfca1 u0 com.google.android.gms.gcm.ACTION_SCHEDULE}
06-28 18:37:12.647  1114  9129 W HwAlarmManagerService: isContainsAppUidInWorksource-->happend NameNotFoundException
06-28 18:37:12.647  1114  9129 W HwAlarmManagerService: isContainsAppUidInWorksource-->happend NameNotFoundException
06-28 18:37:13.813  1114  2129 I HwNormalizedAutomaticBrightnessController: ThermalMode set auto MaxBrightness=216,mappingBrightness=216
06-28 18:37:13.813  1114  1246 I DisplayPowerController: mPowerRequest.useSmartBacklight : false
06-28 18:37:14.021  1869  1976 I DeepNoDisturbP: handleStateChanged reason=8
06-28 18:37:14.021  1869  1976 I HidataAppQoeP: handleStateChanged reason=8
06-28 18:37:14.026  1869  1976 I BrowserChrP: handleStateChanged
06-28 18:37:14.360   574   594 W SocketListener: sending broadcast to Pid = 1114, Uid = 1000 
06-28 18:37:14.362  1114  1555 D NetdConnector: RCV <- {601 limit alert globalAlert wlan0}
06-28 18:37:14.363  1114  1555 D NetdConnector: RCV <- {601 limit alert globalAlert wlan0}
06-28 18:37:14.364  1114  1240 D NetdConnector: RCV unsolicited event from native daemon, event = 601
06-28 18:37:14.366  1114  1240 I NetworkStats: limitReached
06-28 18:37:14.367  1114  1558 I NetworkStats: performPollLocked, pid = 1114
06-28 18:37:14.387  1114  1558 W NetworkStatsFactory: mStatsXtProcUid: /proc/net/comm/stats does not exist!
06-28 18:37:14.388  1114  1558 D HwNetworkStatsService: hwRecordUidAndProcSnapshotLocked currentTime = 1561718234366
06-28 18:37:14.401  1114  1558 I NetworkStatsFactory: javaReadNetworkStatsUidAndProcDetail. cost time = 13
06-28 18:37:14.424  1114  1558 D NetdConnector: SND -> {2585 bandwidth setglobalalert 2097152}
06-28 18:37:14.426  1114  1555 D NetdConnector: RCV <- {200 2585 Bandwidth command succeeeded}
06-28 18:37:14.427  1114  1555 D NetdConnector: RCV <- {200 2585 Bandwidth command succeeeded}
06-28 18:37:16.365   574   594 W SocketListener: sending broadcast to Pid = 1114, Uid = 1000 
06-28 18:37:16.367  1114  1555 D NetdConnector: RCV <- {601 limit alert globalAlert wlan0}
06-28 18:37:16.368  1114  1555 D NetdConnector: RCV <- {601 limit alert globalAlert wlan0}
06-28 18:37:16.369  1114  1240 D NetdConnector: RCV unsolicited event from native daemon, event = 601
06-28 18:37:16.371  1114  1240 I NetworkStats: limitReached
06-28 18:37:16.373  1114  1558 I NetworkStats: performPollLocked, pid = 1114
06-28 18:37:16.392  1114  1558 W NetworkStatsFactory: mStatsXtProcUid: /proc/net/comm/stats does not exist!
06-28 18:37:16.392  1114  1558 D HwNetworkStatsService: hwRecordUidAndProcSnapshotLocked currentTime = 1561718236371
06-28 18:37:16.403  1114  1558 I NetworkStatsFactory: javaReadNetworkStatsUidAndProcDetail. cost time = 11
06-28 18:37:16.424  1114  1558 D NetdConnector: SND -> {2586 bandwidth setglobalalert 2097152}
06-28 18:37:16.426  1114  1555 D NetdConnector: RCV <- {200 2586 Bandwidth command succeeeded}
06-28 18:37:16.426  1114  1555 D NetdConnector: RCV <- {200 2586 Bandwidth command succeeeded}
--------- beginning of main
06-28 18:37:16.492   731   731 W irqbalance: type=1400 audit(0.0:36734): avc: denied { dac_override } for capability=1 scontext=u:r:irqbalance:s0 tcontext=u:r:irqbalance:s0 tclass=capability permissive=0
06-28 18:37:16.492   731   731 W irqbalance: type=1400 audit(0.0:36735): avc: denied { dac_override } for capability=1 scontext=u:r:irqbalance:s0 tcontext=u:r:irqbalance:s0 tclass=capability permissive=0
06-28 18:37:16.492   731   731 W irqbalance: type=1400 audit(0.0:36736): avc: denied { dac_override } for capability=1 scontext=u:r:irqbalance:s0 tcontext=u:r:irqbalance:s0 tclass=capability permissive=0
06-28 18:37:16.492   731   731 W irqbalance: type=1400 audit(0.0:36737): avc: denied { dac_override } for capability=1 scontext=u:r:irqbalance:s0 tcontext=u:r:irqbalance:s0 tclass=capability permissive=0
06-28 18:37:16.496   731   731 I irqbalance: Decided to move irq 16 from cpu 0 to cpu 1
06-28 18:37:16.497   731   731 I irqbalance: Decided to move irq 67 from cpu 0 to cpu 1
06-28 18:37:16.497   731   731 I irqbalance: Decided to move irq 70 from cpu 0 to cpu 1
06-28 18:37:16.497   731   731 I irqbalance: Decided to move irq 112 from cpu 0 to cpu 1
06-28 18:37:16.497   731   731 I irqbalance: Decided to move irq 80 from cpu 0 to cpu 1
06-28 18:37:16.924   574   598 D         : Received kernel message payload: chr_event 9
06-28 18:37:16.924   574   598 I         : netd received web stat infomation,trigger chr report!
06-28 18:37:16.924   574   598 I         : netd received web stat infomation,trigger chr report!
06-28 18:37:16.924   574   598 I         : ReportType 0 0 0 0 0 0 0 0 0 0 0 0 0 0 0 0 0 0 0 0 0 0 0 0 0 0 0 0 0 0 0 0 0 0 0 0 0 0 0 0 0 0 0 0 0 0 0 0 0 0 0 0 0 0 0 0 0 0 0 0 0 0 0 0 0 0 0 0 0 0 0 0 0 0 0 0 0 0 0 0 0 0 0 0 0 0 0 0 0 0 0 0 0 0 0 0 0 0 0 0 0 0 0 0 0 0 0 0 0 0 0 0 0 0 0 0 0 0 0 0 0 0 0 0 0 0 0 0 0 0 0 0 0 0 0 0 0 0 0 0 0 0 0 0 0 0 0 0 0 0 0 0 0 0 0 0 0 0 0 0 0 0 0 0 0 0 0 0 0 0 0 0 0 0 0 0 0 0 0 0 0 0 0 0 0 0 0 0 0 0 0 0 0 0 0 0 0 0 0 0 0 0 0 0 0 0 0 0 0 0 0 0 0 0 0 0 0 0 0 0 0 0 0 0 0 0 0 0 0 ReportType 0 0 0 0 0 0 0 14 0 0 0 0 0 0 0 0 0 0 0 0 0 0 0 0 0 0 0 0 0 0 0 0 0 0 0 0 0 0 0 0 0 0 0 0 0 0 0 0 0 0 0 0 0 0 0 0 0 0 0 0 0 0 0 0 0 0 0 0 0 0 0 0 0 0 0 0 0 0 0 0 0 0 0 0 0 0 0 0 0 0 0 0 0 0 0 0 0 0 0 0 0 0 0 0 0 0 0 0 0 0 0 0 0 0 0 0 0 0 0 0 0 0 0 0 0 0 0 0 0 0 0 0 0 0 0 0 0 0 0 0 0 0 0 0 0 0 0 0 0 0 0 0 0 0 0 0 0 0 0 0 0 0 0 0 0 0 0 0 0 0 0 0 0 0 0 0 0 0 0 0 0 0 0 0 0 0 0 0 0 0 0 0 0 0 0 0 0 0 0 0 0 0 0 0 0 0 0 0 0 0 0 0 0 0 0 0 0 0 0 0 0 0 0 0 0 0 0 0 0
06-28 18:37:16.925   574   598 W SocketListener: sending broadcast to Pid = 1114, Uid = 1000 
06-28 18:37:16.927  1114  1555 D NetdConnector: RCV <- {661 ReportType 0 0 0 0 0 0 0 0 0 0 0 0 0 0 0 0 0 0 0 0 0 0 0 0 0 0 0 0 0 0 0 0 0 0 0 0 0 0 0 0 0 0 0 0 0 0 0 0 0 0 0 0 0 0 0 0 0 0 0 0 0 0 0 0 0 0 0 0 0 0 0 0 0 0 0 0 0 0 0 0 0 0 0 0 0 0 0 0 0 0 0 0 0 0 0 0 0 0 0 0 0 0 0 0 0 0 0 0 0 0 0 0 0 0 0 0 0 0 0 0 0 0 0 0 0 0 0 0 0 0 0 0 0 0 0 0 0 0 0 0 0 0 0 0 0 0 0 0 0 0 0 0 0 0 0 0 0 0 0 0 0 0 0 0 0 0 0 0 0 0 0 0 0 0 0 0 0 0 0 0 0 0 0 0 0 0 0 0 0 0 0 0 0 0 0 0 0 0 0 0 0 0 0 0 0 0 0 0 0 0 0 0 0 0 0 0 0 0 0 0 0 0 0 0 0 0 0 0 0 ReportType 0 0 0 0 0 0 0 14 0 0 0 0 0 0 0 0 0 0 0 0 0 0 0 0 0 0 0 0 0 0 0 0 0 0 0 0 0 0 0 0 0 0 0 0 0 0 0 0 0 0 0 0 0 0 0 0 0 0 0 0 0 0 0 0 0 0 0 0 0 0 0 0 0 0 0 0 0 0 0 0 0 0 0 0 0 0 0 0 0 0 0 0 0 0 0 0 0 0 0 0 0 0 0 0 0 0 0 0 0 0 0 0 0 0 0 0 0 0 0 0 0 0 0 0 0 0 0 0 0 0 0 0 0 0 0 0 0 0 0 0 0 0 0 0 0 0 0 0 0 0 0 0 0 0 0 0 0 0 0 0 0 0 0 0 0 0 0 0 0 0 0 0 0 0 0 0 0 0 0 0 0 0 0 0 0 0 0 0 0 0 0 0 0 0 0 0 0 0 0 0 0 0 0 0 0 0 0 0 0 0 0 0 0 0 0 0 0 0 0 0 0 0 0 0 0 0 0 0 0}
06-28 18:37:16.929  1114  1555 D NetdConnector: RCV <- {661 ReportType 0 0 0 0 0 0 0 0 0 0 0 0 0 0 0 0 0 0 0 0 0 0 0 0 0 0 0 0 0 0 0 0 0 0 0 0 0 0 0 0 0 0 0 0 0 0 0 0 0 0 0 0 0 0 0 0 0 0 0 0 0 0 0 0 0 0 0 0 0 0 0 0 0 0 0 0 0 0 0 0 0 0 0 0 0 0 0 0 0 0 0 0 0 0 0 0 0 0 0 0 0 0 0 0 0 0 0 0 0 0 0 0 0 0 0 0 0 0 0 0 0 0 0 0 0 0 0 0 0 0 0 0 0 0 0 0 0 0 0 0 0 0 0 0 0 0 0 0 0 0 0 0 0 0 0 0 0 0 0 0 0 0 0 0 0 0 0 0 0 0 0 0 0 0 0 0 0 0 0 0 0 0 0 0 0 0 0 0 0 0 0 0 0 0 0 0 0 0 0 0 0 0 0 0 0 0 0 0 0 0 0 0 0 0 0 0 0 0 0 0 0 0 0 0 0 0 0 0 0 ReportType 0 0 0 0 0 0 0 14 0 0 0 0 0 0 0 0 0 0 0 0 0 0 0 0 0 0 0 0 0 0 0 0 0 0 0 0 0 0 0 0 0 0 0 0 0 0 0 0 0 0 0 0 0 0 0 0 0 0 0 0 0 0 0 0 0 0 0 0 0 0 0 0 0 0 0 0 0 0 0 0 0 0 0 0 0 0 0 0 0 0 0 0 0 0 0 0 0 0 0 0 0 0 0 0 0 0 0 0 0 0 0 0 0 0 0 0 0 0 0 0 0 0 0 0 0 0 0 0 0 0 0 0 0 0 0 0 0 0 0 0 0 0 0 0 0 0 0 0 0 0 0 0 0 0 0 0 0 0 0 0 0 0 0 0 0 0 0 0 0 0 0 0 0 0 0 0 0 0 0 0 0 0 0 0 0 0 0 0 0 0 0 0 0 0 0 0 0 0 0 0 0 0 0 0 0 0 0 0 0 0 0 0 0 0 0 0 0 0 0 0 0 0 0 0 0 0 0 0 0}
06-28 18:37:16.931  1114  1240 D NetdConnector: RCV unsolicited event from native daemon, event = 661
06-28 18:37:16.937  1114  1240 D HwNetworkManagementService: onEvent receive Web Stat Report:661 ReportType 0 0 0 0 0 0 0 0 0 0 0 0 0 0 0 0 0 0 0 0 0 0 0 0 0 0 0 0 0 0 0 0 0 0 0 0 0 0 0 0 0 0 0 0 0 0 0 0 0 0 0 0 0 0 0 0 0 0 0 0 0 0 0 0 0 0 0 0 0 0 0 0 0 0 0 0 0 0 0 0 0 0 0 0 0 0 0 0 0 0 0 0 0 0 0 0 0 0 0 0 0 0 0 0 0 0 0 0 0 0 0 0 0 0 0 0 0 0 0 0 0 0 0 0 0 0 0 0 0 0 0 0 0 0 0 0 0 0 0 0 0 0 0 0 0 0 0 0 0 0 0 0 0 0 0 0 0 0 0 0 0 0 0 0 0 0 0 0 0 0 0 0 0 0 0 0 0 0 0 0 0 0 0 0 0 0 0 0 0 0 0 0 0 0 0 0 0 0 0 0 0 0 0 0 0 0 0 0 0 0 0 0 0 0 0 0 0 0 0 0 0 0 0 0 0 0 0 0 0 ReportType 0 0 0 0 0 0 0 14 0 0 0 0 0 0 0 0 0 0 0 0 0 0 0 0 0 0 0 0 0 0 0 0 0 0 0 0 0 0 0 0 0 0 0 0 0 0 0 0 0 0 0 0 0 0 0 0 0 0 0 0 0 0 0 0 0 0 0 0 0 0 0 0 0 0 0 0 0 0 0 0 0 0 0 0 0 0 0 0 0 0 0 0 0 0 0 0 0 0 0 0 0 0 0 0 0 0 0 0 0 0 0 0 0 0 0 0 0 0 0 0 0 0 0 0 0 0 0 0 0 0 0 0 0 0 0 0 0 0 0 0 0 0 0 0 0 0 0 0 0 0 0 0 0 0 0 0 0 0 0 0 0 0 0 0 0 0 0 0 0 0 0 0 0 0 0 0 0 0 0 0 0 0 0 0 0 0 0 0 0 0 0 0 0 0 0 0 0 0 0 0 0 0 0 0 0 0 0 0 0 0 0 0 0 0 0 0 0 0 0 0 0 0 0 0 0 0 0 0 0
06-28 18:37:17.153  1114  1790 W Watchdog: hungtask: writing kick
06-28 18:37:17.154  1114  1240 I chatty  : uid=1000(system) android.fg expire 4 lines
06-28 18:37:18.367   574   594 W SocketListener: sending broadcast to Pid = 1114, Uid = 1000 
06-28 18:37:18.369  1114  1555 D NetdConnector: RCV <- {601 limit alert globalAlert wlan0}
06-28 18:37:18.370  1114  1555 D NetdConnector: RCV <- {601 limit alert globalAlert wlan0}
06-28 18:37:18.371  1114  1240 D NetdConnector: RCV unsolicited event from native daemon, event = 601
06-28 18:37:18.372   646   646 E WifiHAL : enter wifi_get_link_stats
06-28 18:37:18.373  1114  1240 I NetworkStats: limitReached
06-28 18:37:18.374  1114  1558 I NetworkStats: performPollLocked, pid = 1114
06-28 18:37:18.394  1114  1558 W NetworkStatsFactory: mStatsXtProcUid: /proc/net/comm/stats does not exist!
06-28 18:37:18.394  1114  1558 D HwNetworkStatsService: hwRecordUidAndProcSnapshotLocked currentTime = 1561718238374
06-28 18:37:18.407  1114  1558 I NetworkStatsFactory: javaReadNetworkStatsUidAndProcDetail. cost time = 12
06-28 18:37:18.427  1114  1558 D NetdConnector: SND -> {2587 bandwidth setglobalalert 2097152}
06-28 18:37:18.429  1114  1555 D NetdConnector: RCV <- {200 2587 Bandwidth command succeeeded}
06-28 18:37:18.430  1114  1555 D NetdConnector: RCV <- {200 2587 Bandwidth command succeeeded}
06-28 18:37:18.432  2017  2247 E HSM_BG  : NatTrafficNotifyService:imsi is null, so return
06-28 18:37:18.478  1114  1812 I chatty  : uid=1000(system) LocationThread expire 14 lines
06-28 18:37:18.809   776   776 E Thermal-daemon: [pa_0] temp_new :38  temp_old :39
06-28 18:37:18.811   776   776 E Thermal-daemon: Report temperature: [pa_0] temp :38  report_threshold:1
06-28 18:37:19.035  2461  2661 I nearby  : BleCoexistenceLimitManager:choose limits:BleScanParameter{scanWindowMillis=60, scanIntervalMillis=1200}, BleAdvParameter{interval=100}
06-28 18:37:19.038  2461  2661 I BluetoothLeScanner: updateScanParams
06-28 18:37:19.038  2461  2661 D BluetoothAdapter: isLeEnabled(): ON
06-28 18:37:19.038  2461  2661 E BluetoothLeScanner: updateLeScanParams win:60 ivl:1200
06-28 18:37:19.824  1114  5061 I chatty  : uid=1000(system) mss_handler_thr expire 12 lines
06-28 18:37:20.025  1869  1976 I DeepNoDisturbP: handleStateChanged reason=8
06-28 18:37:20.025  1869  1976 I HidataAppQoeP: handleStateChanged reason=8
06-28 18:37:20.029  1869  1976 I BrowserChrP: handleStateChanged
06-28 18:37:20.371   574   594 W SocketListener: sending broadcast to Pid = 1114, Uid = 1000 
06-28 18:37:20.373  1114  1555 D NetdConnector: RCV <- {601 limit alert globalAlert wlan0}
06-28 18:37:20.374  1114  1555 D NetdConnector: RCV <- {601 limit alert globalAlert wlan0}
06-28 18:37:20.375  1114  1240 D NetdConnector: RCV unsolicited event from native daemon, event = 601
06-28 18:37:20.377  1114  1240 I NetworkStats: limitReached
06-28 18:37:20.379  1114  1558 I NetworkStats: performPollLocked, pid = 1114
06-28 18:37:20.397  1114  1558 W NetworkStatsFactory: mStatsXtProcUid: /proc/net/comm/stats does not exist!
06-28 18:37:20.398  1114  1558 D HwNetworkStatsService: hwRecordUidAndProcSnapshotLocked currentTime = 1561718240378
06-28 18:37:20.409  1114  1558 I NetworkStatsFactory: javaReadNetworkStatsUidAndProcDetail. cost time = 11
06-28 18:37:20.433  1114  1558 D NetdConnector: SND -> {2588 bandwidth setglobalalert 2097152}
06-28 18:37:20.436  1114  1555 D NetdConnector: RCV <- {200 2588 Bandwidth command succeeeded}
06-28 18:37:20.436  1114  1555 D NetdConnector: RCV <- {200 2588 Bandwidth command succeeeded}
06-28 18:37:20.437  2017  2247 E HSM_BG  : NatTrafficNotifyService:imsi is null, so return
06-28 18:37:20.580  1114  1562 I chatty  : uid=1000(system) WifiStateMachin expire 26 lines
06-28 18:37:20.590  1114  1561 I chatty  : uid=1000(system) WifiService expire 43 lines
06-28 18:37:21.395   646   646 E WifiHAL : enter wifi_get_link_stats
06-28 18:37:21.496   731   731 W irqbalance: type=1400 audit(0.0:36738): avc: denied { dac_override } for capability=1 scontext=u:r:irqbalance:s0 tcontext=u:r:irqbalance:s0 tclass=capability permissive=0
06-28 18:37:21.500   731   731 W irqbalance: type=1400 audit(0.0:36739): avc: denied { dac_override } for capability=1 scontext=u:r:irqbalance:s0 tcontext=u:r:irqbalance:s0 tclass=capability permissive=0
06-28 18:37:21.500   731   731 I chatty  : uid=0(root) /vendor/bin/irqbalance identical 7 lines
06-28 18:37:21.500   731   731 W irqbalance: type=1400 audit(0.0:36741): avc: denied { dac_override } for capability=1 scontext=u:r:irqbalance:s0 tcontext=u:r:irqbalance:s0 tclass=capability permissive=0
06-28 18:37:21.500   731   731 W irqbalance: type=1400 audit(0.0:36742): avc: denied { dac_override } for capability=1 scontext=u:r:irqbalance:s0 tcontext=u:r:irqbalance:s0 tclass=capability permissive=0
06-28 18:37:21.502   731   731 I irqbalance: Decided to move irq 455 from cpu 0 to cpu 1
06-28 18:37:21.503   731   731 I irqbalance: Decided to move irq 128 from cpu 0 to cpu 1
06-28 18:37:21.503   731   731 I irqbalance: Decided to move irq 69 from cpu 0 to cpu 1
06-28 18:37:21.504   731   731 I irqbalance: Decided to move irq 21 from cpu 0 to cpu 1
06-28 18:37:21.504   731   731 I irqbalance: Decided to move irq 79 from cpu 0 to cpu 1
06-28 18:37:22.376   574   594 W SocketListener: sending broadcast to Pid = 1114, Uid = 1000 
06-28 18:37:22.379  1114  1555 D NetdConnector: RCV <- {601 limit alert globalAlert wlan0}
06-28 18:37:22.380  1114  1555 D NetdConnector: RCV <- {601 limit alert globalAlert wlan0}
06-28 18:37:22.381  1114  1240 D NetdConnector: RCV unsolicited event from native daemon, event = 601
06-28 18:37:22.383  1114  1240 I NetworkStats: limitReached
06-28 18:37:22.384  1114  1558 I NetworkStats: performPollLocked, pid = 1114
06-28 18:37:22.403  1114  1558 W NetworkStatsFactory: mStatsXtProcUid: /proc/net/comm/stats does not exist!
06-28 18:37:22.403  1114  1558 D HwNetworkStatsService: hwRecordUidAndProcSnapshotLocked currentTime = 1561718242383
06-28 18:37:22.417  1114  1558 I NetworkStatsFactory: javaReadNetworkStatsUidAndProcDetail. cost time = 13
06-28 18:37:22.438  1114  1558 D NetdConnector: SND -> {2589 bandwidth setglobalalert 2097152}
06-28 18:37:22.440  1114  1555 D NetdConnector: RCV <- {200 2589 Bandwidth command succeeeded}
06-28 18:37:22.441  1114  1555 D NetdConnector: RCV <- {200 2589 Bandwidth command succeeeded}
06-28 18:37:22.441  2017  2247 E HSM_BG  : NatTrafficNotifyService:imsi is null, so return
06-28 18:37:22.641   796 27279 I subscribe: onTransact: received NATIVE_HIVIEW_UPLOADREADY, content = [uploadReadyParam=1561718252639;10000;2]
06-28 18:37:22.641   796 27279 I subscribe: handle_client_upload_ready, into
06-28 18:37:22.641   796 27279 E subscribe: deadline_time is 1561718252639
06-28 18:37:22.641   796 27279 E subscribe: wait_time_len is 0
06-28 18:37:22.641   796 27279 E subscribe: special_tag is 2
06-28 18:37:22.642   796 27279 I iMonitor: create: 902500004
06-28 18:37:22.645   796 27279 I iMonitor: send: 902500004
06-28 18:37:22.645   796 27279 I iMonitor: create: 902500004
06-28 18:37:22.645   796 27279 I chatty  : uid=0(root) Binder:796_2 identical 355 lines
06-28 18:37:22.645   796 27279 I iMonitor: create: 902500004
06-28 18:37:22.646   796 27279 I iMonitor: send: 902500004
06-28 18:37:22.647   796 27279 I iMonitor: create: 902500004
06-28 18:37:22.647   796 27279 I iMonitor: send: 902500004
06-28 18:37:22.648   796 27279 I iMonitor: create: 902500004
06-28 18:37:22.648   796 27279 I iMonitor: create: 902500004
06-28 18:37:22.648   796 27279 I iMonitor: send: 902500004
06-28 18:37:22.648   796 27279 I iMonitor: create: 902500004
06-28 18:37:22.649   796 27279 I iMonitor: create: 902500004
06-28 18:37:22.650   796 27279 I iMonitor: send: 902500004
06-28 18:37:22.650   796 27279 I iMonitor: create: 902500004
06-28 18:37:22.650   796  1102 I         : DPTEST  EventId is not need Hash
06-28 18:37:22.651   796 27279 I iMonitor: send: 902500004
06-28 18:37:22.651   796 27279 I iMonitor: create: 902500004
06-28 18:37:22.653   796 27279 I iMonitor: create: 902500004
06-28 18:37:22.656   796 27279 I iMonitor: send: 902500004
06-28 18:37:22.656   796  1102 I         : DPTEST  EventId is not need Hash
06-28 18:37:22.657   796 27279 I iMonitor: create: 902500004
06-28 18:37:22.659   796 27279 I iMonitor: send: 902500004
06-28 18:37:22.661   796  1102 I         : DPTEST  EventId is not need Hash
06-28 18:37:22.661   796 27279 I iMonitor: create: 902500004
06-28 18:37:22.663   796 27279 I iMonitor: send: 902500004
06-28 18:37:22.663   796 27279 I iMonitor: create: 902500004
06-28 18:37:22.666   796  1102 I         : DPTEST  EventId is not need Hash
06-28 18:37:22.666   796 27279 I iMonitor: create: 902500004
06-28 18:37:22.666   796 27279 I iMonitor: create: 902500004
06-28 18:37:22.670   796 27279 I iMonitor: create: 902500004
06-28 18:37:22.670   796  1102 I         : DPTEST  EventId is not need Hash
06-28 18:37:22.674   796  1102 I         : DPTEST  EventId is not need Hash
06-28 18:37:22.675   796 27279 I iMonitor: create: 902500004
06-28 18:37:22.676   796  1102 I         : DPTEST  EventId is not need Hash
06-28 18:37:22.676   796 27279 I iMonitor: send: 902500004
06-28 18:37:22.677   796 27279 I iMonitor: create: 902500004
06-28 18:37:22.677   796 27279 I iMonitor: create: 902500004
06-28 18:37:22.678   796 27279 I iMonitor: send: 902500004
06-28 18:37:22.678   796 27279 I iMonitor: create: 902500004
06-28 18:37:22.678   796  1102 I         : DPTEST  EventId is not need Hash
06-28 18:37:22.679   796 27279 I iMonitor: send: 902500004
06-28 18:37:22.679   796 27279 I iMonitor: create: 902500004
06-28 18:37:22.680   796 27279 I iMonitor: send: 902500004
06-28 18:37:22.680   796 27279 I iMonitor: create: 902500004
06-28 18:37:22.680   796 27279 I iMonitor: send: 902500004
06-28 18:37:22.680   796 27279 I iMonitor: create: 902500004
06-28 18:37:22.681   796 27279 I iMonitor: send: 902500004
06-28 18:37:22.681   796 27279 I iMonitor: create: 902500004
06-28 18:37:22.681   796  1102 I         : DPTEST  EventId is not need Hash
06-28 18:37:22.682   796 27279 I iMonitor: send: 902500004
06-28 18:37:22.682   796 27279 I iMonitor: create: 902500004
06-28 18:37:22.683   796 27279 I iMonitor: create: 902500004
06-28 18:37:22.684   796 27279 I iMonitor: send: 902500004
06-28 18:37:22.684   796 27279 I iMonitor: create: 902500004
06-28 18:37:22.685   796  1102 I         : DPTEST  EventId is not need Hash
06-28 18:37:22.686   796 27279 I iMonitor: send: 902500004
06-28 18:37:22.686   796 27279 I iMonitor: create: 902500004
06-28 18:37:22.686   796 27279 I iMonitor: create: 902500004
06-28 18:37:22.687   796 27279 I iMonitor: send: 902500004
06-28 18:37:22.687   796 27279 I iMonitor: create: 902500008
06-28 18:37:22.687   796  1102 I         : DPTEST  EventId is not need Hash
06-28 18:37:22.688   796 27279 I iMonitor: send: 902500008
06-28 18:37:22.688   796 27279 I iMonitor: create: 902010006
06-28 18:37:22.689   796 27279 I iMonitor: send: 902010006
06-28 18:37:22.689   796 27279 I iMonitor: create: 902500004
06-28 18:37:22.689   796 27279 I iMonitor: create: 902500004
06-28 18:37:22.689   796  1102 I         : DPTEST  EventId is not need Hash
06-28 18:37:22.690   796 27279 E         : get_cfg_dir_list_type: cust_policy_dirs:/system/emui/base:/system/emui/china:/vendor/etc:/odm/etc:/product/etc:/odm/hw_odm/EML-AL00:/product/region_comm/china:/product/hw_oem/EML-AL00:/preload/EML-AL00/all/cn:/cust/global:/cust/hw/cn:/version/cust/all/cn:/version/special_cust/EML-AL00/all/cn 
06-28 18:37:22.690   796 27279 E         : get_cfg_dir_list_type: cust_policy_dirs:/system/emui/base:/system/emui/china:/vendor/etc:/odm/etc:/product/etc:/odm/hw_odm/EML-AL00:/product/region_comm/china:/product/hw_oem/EML-AL00:/preload/EML-AL00/all/cn:/cust/global:/cust/hw/cn:/version/cust/all/cn:/version/special_cust/EML-AL00/all/cn 
06-28 18:37:22.692   796  1102 I         : DPTEST  EventId is not need Hash
06-28 18:37:22.708   796  1102 I chatty  : uid=0(root) E_L identical 7 lines
06-28 18:37:22.710   796  1102 I         : DPTEST  EventId is not need Hash
06-28 18:37:23.814   776   776 E Thermal-daemon: [pa_0] temp_new :39  temp_old :38
06-28 18:37:23.816  1952  2586 I chatty  : uid=1000(system) thermal-core-th expire 10 lines
06-28 18:37:23.816   776   776 E Thermal-daemon: Report temperature: [pa_0] temp :39  report_threshold:1
06-28 18:37:23.817   776   776 E Thermal-daemon: [ap] temp_new :42  temp_old :41
06-28 18:37:23.817   776   776 E Thermal-daemon: Report temperature: [ap] temp :42  report_threshold:1
06-28 18:37:24.380   574   594 W SocketListener: sending broadcast to Pid = 1114, Uid = 1000 
06-28 18:37:24.384  1114  1555 D NetdConnector: RCV <- {601 limit alert globalAlert wlan0}
06-28 18:37:24.385  1114  1555 D NetdConnector: RCV <- {601 limit alert globalAlert wlan0}
06-28 18:37:24.386  1114  1240 D NetdConnector: RCV unsolicited event from native daemon, event = 601
06-28 18:37:24.388  1114  1240 I NetworkStats: limitReached
06-28 18:37:24.389  1114  1558 I NetworkStats: performPollLocked, pid = 1114
06-28 18:37:24.406  1114  1558 W NetworkStatsFactory: mStatsXtProcUid: /proc/net/comm/stats does not exist!
06-28 18:37:24.406  1114  1558 D HwNetworkStatsService: hwRecordUidAndProcSnapshotLocked currentTime = 1561718244388
06-28 18:37:24.412   646   646 E WifiHAL : enter wifi_get_link_stats
06-28 18:37:24.418  1114  1558 I NetworkStatsFactory: javaReadNetworkStatsUidAndProcDetail. cost time = 12
06-28 18:37:24.439  1114  1558 D NetdConnector: SND -> {2590 bandwidth setglobalalert 2097152}
06-28 18:37:24.441  1114  1555 D NetdConnector: RCV <- {200 2590 Bandwidth command succeeeded}
06-28 18:37:24.442  1114  1555 D NetdConnector: RCV <- {200 2590 Bandwidth command succeeeded}
06-28 18:37:24.442  2017  2247 E HSM_BG  : NatTrafficNotifyService:imsi is null, so return
06-28 18:37:24.934  1114  1530 I chatty  : uid=1000(system) AlarmManager expire 4 lines
06-28 18:37:24.935  1114  1114 D JobScheduler.Time: Delay-expired alarm fired
06-28 18:37:24.935  1114  1114 I JobScheduler.Time: onControllerStateChanged
06-28 18:37:24.936  1114  1114 W HwAlarmManagerService: isContainsAppUidInWorksource-->happend NameNotFoundException
06-28 18:37:24.936  1114  1114 W HwAlarmManagerService: isContainsAppUidInWorksource-->happend NameNotFoundException
06-28 18:37:24.944  1114  1114 I HwAlarmManagerService: hwSetAlarm listenerTag: *job.delay*
06-28 18:37:24.945  1114  1114 I JobScheduler.Time: mNextDelayExpiredElapsedMillis: 121004694
06-28 18:37:24.946  1114  1114 D JobScheduler: Maybe queuing ready jobs...
06-28 18:37:24.976  1114  2129 V BroadcastQueue: Finished with ordered broadcast BroadcastRecord{2fe8c23 u0 com.huawei.hwsystemmanager.power.SCHEDULE_RECORD_REMAING_TIME_SCENE}
06-28 18:37:24.995 31128 31128 I Finsky  : [1] com.google.android.finsky.scheduler.JobSchedulerEngine$PhoneskyJobSchedulerJobService.onStartJob(3): onJobSchedulerWakeup with jobId 9000
06-28 18:37:24.999  1114  5851 I JobScheduler.Time: onControllerStateChanged
06-28 18:37:25.000  1114  1114 D JobScheduler: queuing all ready jobs for execution:
06-28 18:37:25.001 31128 31128 I Finsky  : [1] nvu.a(21): Scheduling fallback job with id: 9034, and delay: 43200000 ms
06-28 18:37:25.003  1114  2129 I AlarmManager: remove alarm:Alarm{95478aa type 2 when 184150391 PendingIntent{1a1369c: PendingIntentRecord{ca83d5c com.android.vending broadcastIntent}}com.android.vending} according to operation:4694f95
06-28 18:37:25.008 31128 31128 I Finsky  : [1] nvu.a(5): Scheduling fallback in 64799995 (absolute: 184244587)
06-28 18:37:25.137 31128 31128 I Finsky  : [1] nwc.handleMessage(10): DeviceState: DeviceState{currentTime=1561718245133, isCharging=true, isIdle=false, netAny=true, netNotRoaming=true, netUnmetered=true}
06-28 18:37:25.142 31128  5947 I Finsky  : [755] nxi.b(7): Jobs in database: 1-1337 12-1 26-1414141414 
06-28 18:37:25.145 31128 31128 I Finsky  : [1] nvv.a(45): Running job: 12-1
06-28 18:37:25.152 31128 31128 I Finsky  : [1] com.google.android.finsky.contentsync.ContentSyncJob.a(23): ContentSyncJob started
06-28 18:37:25.152 31128 31128 I Finsky  : [1] nwc.handleMessage(81): RunningQueue size: 1, PendingQueue size: 0
06-28 18:37:25.153 31128 31128 I Finsky  : [1] nwc.handleMessage(90): Running queue: 12-1 
06-28 18:37:25.154 31128 31168 I Finsky  : [647] dbo.a(5): Completed 0 account content syncs with 0 successful.
06-28 18:37:25.155 31128 31128 I Finsky  : [1] com.google.android.finsky.contentsync.ContentSyncJob.a(21): Installation state replication succeeded.
06-28 18:37:25.155 31128 31128 I Finsky  : [1] nxb.a(11): jobFinished: 12-1. TimeElapsed: 10ms
06-28 18:37:25.159 31128 31128 I Finsky  : [1] nvv.a(10): Job 12-1 finished
06-28 18:37:25.160 31128 31128 I Finsky  : [1] nwc.handleMessage(81): RunningQueue size: 0, PendingQueue size: 0
06-28 18:37:25.160 31128 31128 I Finsky  : [1] nwc.handleMessage(27): Executor finished
06-28 18:37:25.174  1114  1114 D JobScheduler: queuing all ready jobs for execution:
06-28 18:37:25.176 31128 31128 I Finsky  : [1] nxi.b(7): Jobs in database: 1-1337 26-1414141414 
06-28 18:37:25.176 31128 31128 I Finsky  : [1] nva.a(66): ConstraintMapping: 1-1337,  -> L: 4392556ms, D: 47592556ms, C: false, I: false, N: NET_ANY
06-28 18:37:25.177 31128 31128 I Finsky  : [1] nva.a(66): ConstraintMapping: 26-1414141414,  -> L: 10214825ms, D: 11114825ms, C: false, I: false, N: NET_NONE
06-28 18:37:25.178 31128 31128 I Finsky  : [1] com.google.android.finsky.scheduler.JobSchedulerEngine.a(42): Cancelling existing job with id: 9003
06-28 18:37:25.179 31128 31128 I Finsky  : [1] com.google.android.finsky.scheduler.JobSchedulerEngine.a(4): Scheduling job Id: 9001, L: 4392556, D: 47592556, C: false, I: false, N: 1
06-28 18:37:25.187 31128 31128 I Finsky  : [1] com.google.android.finsky.scheduler.JobSchedulerEngine.a(4): Scheduling job Id: 9002, L: 10214825, D: 11114825, C: false, I: false, N: 0
06-28 18:37:25.229  1952  2110 I chatty  : uid=1000(system) core expire 49 lines
06-28 18:37:26.385   574   594 W SocketListener: sending broadcast to Pid = 1114, Uid = 1000 
06-28 18:37:26.386  1114  1555 D NetdConnector: RCV <- {601 limit alert globalAlert wlan0}
06-28 18:37:26.387  1114  1555 D NetdConnector: RCV <- {601 limit alert globalAlert wlan0}
06-28 18:37:26.388  1114  1240 D NetdConnector: RCV unsolicited event from native daemon, event = 601
06-28 18:37:26.389  1114  1240 I NetworkStats: limitReached
06-28 18:37:26.390  1114  1558 I NetworkStats: performPollLocked, pid = 1114
06-28 18:37:26.406  1114  1558 W NetworkStatsFactory: mStatsXtProcUid: /proc/net/comm/stats does not exist!
06-28 18:37:26.406  1114  1558 D HwNetworkStatsService: hwRecordUidAndProcSnapshotLocked currentTime = 1561718246389
06-28 18:37:26.415  1114  1558 I NetworkStatsFactory: javaReadNetworkStatsUidAndProcDetail. cost time = 9
06-28 18:37:26.481  1114  1558 D NetdConnector: SND -> {2591 bandwidth setglobalalert 2097152}
06-28 18:37:26.483  1114  1555 D NetdConnector: RCV <- {200 2591 Bandwidth command succeeeded}
06-28 18:37:26.483  1114  1555 D NetdConnector: RCV <- {200 2591 Bandwidth command succeeeded}
06-28 18:37:26.484  2017  2247 E HSM_BG  : NatTrafficNotifyService:imsi is null, so return
06-28 18:37:26.599  1114  5851 V BroadcastQueue: Finished with ordered broadcast BroadcastRecord{9a4dc4d u0 com.google.android.intent.action.GCM_RECONNECT}
06-28 18:37:27.432   646   646 E WifiHAL : enter wifi_get_link_stats
06-28 18:37:28.387   574   594 W SocketListener: sending broadcast to Pid = 1114, Uid = 1000 
06-28 18:37:28.389  1114  1555 D NetdConnector: RCV <- {601 limit alert globalAlert wlan0}
06-28 18:37:28.390  1114  1555 D NetdConnector: RCV <- {601 limit alert globalAlert wlan0}
06-28 18:37:28.392  1114  1240 D NetdConnector: RCV unsolicited event from native daemon, event = 601
06-28 18:37:28.393  1114  1240 I NetworkStats: limitReached
06-28 18:37:28.395  1114  1558 I NetworkStats: performPollLocked, pid = 1114
06-28 18:37:28.415  1114  1558 W NetworkStatsFactory: mStatsXtProcUid: /proc/net/comm/stats does not exist!
06-28 18:37:28.415  1114  1558 D HwNetworkStatsService: hwRecordUidAndProcSnapshotLocked currentTime = 1561718248393
06-28 18:37:28.427  1114  1558 I NetworkStatsFactory: javaReadNetworkStatsUidAndProcDetail. cost time = 11
06-28 18:37:28.450  1114  1558 D NetdConnector: SND -> {2592 bandwidth setglobalalert 2097152}
06-28 18:37:28.453  1114  1555 D NetdConnector: RCV <- {200 2592 Bandwidth command succeeeded}
06-28 18:37:28.454  2017  2247 E HSM_BG  : NatTrafficNotifyService:imsi is null, so return
06-28 18:37:28.454  1114  1555 D NetdConnector: RCV <- {200 2592 Bandwidth command succeeeded}
06-28 18:37:28.598  1114  1647 I chatty  : uid=1000(system) HuaweiWifiWatch expire 11 lines
06-28 18:37:29.585  1114  1477 D HwBatteryService: onUEvent fcpStatus = 0,scpStatus =0,ovpStatus=0
06-28 18:37:29.587  1114  1477 I HwBatteryService: quick charge status : 0
06-28 18:37:29.587  1114  1477 I HwBatteryService: handleWirelessTxStatus
06-28 18:37:29.587  1114  1477 I HwBatteryService: switch not open, return, mWirelessTxFlag : 0
06-28 18:37:29.588  1114  1477 I UsbDeviceManager: water_intrused state= 0
06-28 18:37:29.594  1114  1798 I BatteryService: normal charge status : 1
06-28 18:37:29.601  1724  1724 D KeyguardUpdateMonitor: received broadcast android.intent.action.BATTERY_CHANGED
06-28 18:37:29.602  1724  1724 W KeyguardUpdateMonitor: ACTION_BATTERY_CHANGED AMP: 512000; Volt: 4900000
06-28 18:37:29.602  1724  1724 I KgBattery: (last-new)Status: 1 -> 1, chargeState=1 * branch=5
06-28 18:37:29.602  1724  1724 V KeyguardUpdateMonitor: RefreshBatteryInfo isBatteryLow: 100
06-28 18:37:29.602  1724  1724 W KeyguardUpdateMonitor: ChargingSpeed  Wattage: 2508800 ST: 5000000 --> 7500000
06-28 18:37:29.602  1724  1724 I KgBattery: BatteryInfo updated:  4lPC0
06-28 18:37:29.602  1724  1724 W AppHandler: sendMessage with obj100
06-28 18:37:29.602  1724  1724 D KeyguardUpdateMonitor: handleBatteryUpdate
06-28 18:37:29.602  1724  1724 I ColorPickUitls: type = 2
06-28 18:37:29.602  1724  1724 V KeyguardUpdateMonitor: RefreshBatteryInfo isBatteryLow: 100
06-28 18:37:29.602  1114  1114 I chatty  : uid=1000 system_server expire 13 lines
06-28 18:37:29.602  1724  1724 W HwKgdBArea_BTY: updateBatteryInfo : false  true
06-28 18:37:29.603  1724  1724 W HwKgdBArea_BTY: updateBatteryInfo : false  true
06-28 18:37:29.603  1724  1724 W HwLockScreenPanel: Handle message: 100
06-28 18:37:29.603  1724  1724 W HwLockScreenPanel: refreshBatteryInfo: null
06-28 18:37:29.604  1724  1898 I KeyguardUtils: fpPath=sys/class/hw_power/charger/charge_data/chargerType, value=0
06-28 18:37:29.604  1724  1898 I chatty  : uid=10030(com.huawei.desktop.systemui) KG_Background_H identical 2 lines
06-28 18:37:29.605  1724  1898 I KeyguardUtils: fpPath=sys/class/hw_power/charger/charge_data/chargerType, value=0
06-28 18:37:29.605  1724  1898 D KgBattery: BatteryInfo2: false; true; true; false; false; true
06-28 18:37:29.615  1952  1952 I chatty  : uid=1000(system) com.huawei.powergenie expire 1 line
06-28 18:37:29.620  5838  5838 D UIABatteryMonitor: notify battery changed. current level 100
06-28 18:37:29.708  5993  5993 W dumpsys : type=1400 audit(0.0:36743): avc: denied { read } for name="pipe-max-size" dev="proc" ino=862467 scontext=u:r:shell:s0 tcontext=u:object_r:proc_pipe_conf:s0 tclass=file permissive=0
06-28 18:37:30.056  5838  5995 D UIAutomatorStub: URI: /jsonrpc/0, Method: POST, params, {NanoHttpd.QUERY_STRING=null}, files: {postData={"jsonrpc": "2.0", "id": "c8fabb0c78ea172330fcf53606b0aaae", "method": "getWatchers", "params": {}}}
06-28 18:37:30.138  5838  5995 D UIAutomatorStub: URI: /jsonrpc/0, Method: POST, params, {NanoHttpd.QUERY_STRING=null}, files: {postData={"jsonrpc": "2.0", "id": "0a95628cfcd5ef3c78eae53e5bef601f", "method": "runWatchersOnWindowsChange", "params": [false]}}
06-28 18:37:30.183  5838  5995 D UIAutomatorStub: URI: /jsonrpc/0, Method: POST, params, {NanoHttpd.QUERY_STRING=null}, files: {postData={"jsonrpc": "2.0", "id": "c5fb36d8e9abfe86be8629979e7220ca", "method": "registerClickUiObjectWatcher", "params": ["\u5141\u8bb8", [{"mask": 1, "childOrSibling": [], "childOrSiblingSelector": [], "text": "\u5141\u8bb8"}], {"mask": 1, "childOrSibling": [], "childOrSiblingSelector": [], "text": "\u5141\u8bb8"}]}}
06-28 18:37:30.275  5838  5995 D UIAutomatorStub: URI: /jsonrpc/0, Method: POST, params, {NanoHttpd.QUERY_STRING=null}, files: {postData={"jsonrpc": "2.0", "id": "8fb97c8a248115c2131d000f79fa4bb3", "method": "registerClickUiObjectWatcher", "params": ["\u7ee7\u7eed\u5b89\u88c5", [{"mask": 1, "childOrSibling": [], "childOrSiblingSelector": [], "text": "\u7ee7\u7eed\u5b89\u88c5"}], {"mask": 1, "childOrSibling": [], "childOrSiblingSelector": [], "text": "\u7ee7\u7eed\u5b89\u88c5"}]}}
06-28 18:37:30.296  5838  5995 D UIAutomatorStub: URI: /jsonrpc/0, Method: POST, params, {NanoHttpd.QUERY_STRING=null}, files: {postData={"jsonrpc": "2.0", "id": "dbd195c4876beed621b63af37af662ff", "method": "registerClickUiObjectWatcher", "params": ["\u5141\u8bb8\u5b89\u88c5", [{"mask": 1, "childOrSibling": [], "childOrSiblingSelector": [], "text": "\u5141\u8bb8\u5b89\u88c5"}], {"mask": 1, "childOrSibling": [], "childOrSiblingSelector": [], "text": "\u5141\u8bb8\u5b89\u88c5"}]}}
06-28 18:37:30.314  5838  5995 D UIAutomatorStub: URI: /jsonrpc/0, Method: POST, params, {NanoHttpd.QUERY_STRING=null}, files: {postData={"jsonrpc": "2.0", "id": "110d559fd56f606386351f4c4a22184f", "method": "registerClickUiObjectWatcher", "params": ["\u59cb\u7ec8\u5141\u8bb8", [{"mask": 1, "childOrSibling": [], "childOrSiblingSelector": [], "text": "\u59cb\u7ec8\u5141\u8bb8"}], {"mask": 1, "childOrSibling": [], "childOrSiblingSelector": [], "text": "\u59cb\u7ec8\u5141\u8bb8"}]}}
06-28 18:37:30.340  5838  5995 D UIAutomatorStub: URI: /jsonrpc/0, Method: POST, params, {NanoHttpd.QUERY_STRING=null}, files: {postData={"jsonrpc": "2.0", "id": "412159232bf68e059a6018fe2f7aea33", "method": "registerClickUiObjectWatcher", "params": ["\u5b89\u88c5", [{"mask": 1, "childOrSibling": [], "childOrSiblingSelector": [], "text": "\u5b89\u88c5"}], {"mask": 1, "childOrSibling": [], "childOrSiblingSelector": [], "text": "\u5b89\u88c5"}]}}
06-28 18:37:30.368  5838  5995 D UIAutomatorStub: URI: /jsonrpc/0, Method: POST, params, {NanoHttpd.QUERY_STRING=null}, files: {postData={"jsonrpc": "2.0", "id": "4cad0bdcf1b41c26bceac39b2982fbd1", "method": "registerClickUiObjectWatcher", "params": ["\u91cd\u65b0\u5b89\u88c5", [{"mask": 1, "childOrSibling": [], "childOrSiblingSelector": [], "text": "\u91cd\u65b0\u5b89\u88c5"}], {"mask": 1, "childOrSibling": [], "childOrSiblingSelector": [], "text": "\u91cd\u65b0\u5b89\u88c5"}]}}
06-28 18:37:30.392  5838  5995 D UIAutomatorStub: URI: /jsonrpc/0, Method: POST, params, {NanoHttpd.QUERY_STRING=null}, files: {postData={"jsonrpc": "2.0", "id": "76e6c438836c8f4269f99b44e0d4f937", "method": "getWatchers", "params": {}}}
06-28 18:37:30.398   574   594 W SocketListener: sending broadcast to Pid = 1114, Uid = 1000 
06-28 18:37:30.399  1114  1555 D NetdConnector: RCV <- {601 limit alert globalAlert lo}
06-28 18:37:30.400  1114  1555 D NetdConnector: RCV <- {601 limit alert globalAlert lo}
06-28 18:37:30.401  1114  1240 D NetdConnector: RCV unsolicited event from native daemon, event = 601
06-28 18:37:30.404  1114  1240 I NetworkStats: limitReached
06-28 18:37:30.406  1114  1558 I NetworkStats: performPollLocked, pid = 1114
06-28 18:37:30.424  5838  5995 D UIAutomatorStub: URI: /jsonrpc/0, Method: POST, params, {NanoHttpd.QUERY_STRING=null}, files: {postData={"jsonrpc": "2.0", "id": "493e48053bbaf06a74811658b0082e12", "method": "runWatchersOnWindowsChange", "params": [true]}}
06-28 18:37:30.429  1114  1558 W NetworkStatsFactory: mStatsXtProcUid: /proc/net/comm/stats does not exist!
