06-28 18:24:43.866   508   508 D pmomd   : dubai_send_data# new inquires arrived, timestamp=1561717483866
06-28 18:24:43.866   508   508 D pmomd   : free_list# free list, count=0
06-28 18:24:43.866   508   508 D pmomd   : add_element# add element, count=1
06-28 18:24:43.866   508   508 D pmomd   : add_driver_data# add driver data
06-28 18:24:43.867   508   508 D pmomd   : add_element# add element, count=2
06-28 18:24:43.867   508   508 D pmomd   : add_1x_cas_data# add 1x cas data
06-28 18:24:43.867   508   508 D pmomd   : add_element# add element, count=3
06-28 18:24:43.867   508   508 D pmomd   : add_was_data# add was data modemId:10 fach:0 urapch:0 cellpch:0 dch:0 idle:9859
06-28 18:24:43.867   508   508 D pmomd   : add_element# add element, count=4
06-28 18:24:43.867   508   508 D pmomd   : add_was_data# add was data modemId:266 fach:0 urapch:0 cellpch:0 dch:0 idle:9859
06-28 18:24:43.867   508   508 D pmomd   : add_element# add element, count=5
06-28 18:24:43.867   508   508 D pmomd   : add_1x_cproc_data# add 1x cproc data
06-28 18:24:43.867   508   508 D pmomd   : send_data# send buffered log, buf_length=512, head_length=8, data_length=504
06-28 18:24:43.870   508   508 D pmomd   : free_list# free list, count=5
06-28 18:24:43.876  1993  1993 I ViewRootImpl: jank_removeInvalidNode all the node in jank list is out of time
06-28 18:24:43.878  1724  1724 D ImageWallpaper: onVisibilityChanged: mVisible, visible=false, true
06-28 18:24:43.878  1724  1724 D ImageWallpaper: Visibility changed to visible=true
06-28 18:24:43.878  1724  1724 D ImageWallpaper: Suppressed drawFrame since redraw is not needed and offsets have not changed.sf=Rect(0, 0 - 2244, 2244)
06-28 18:24:43.879  1114  1456 V WindowManager_visibility: updateAllDrawn Add AppWindowToken{616761c token=Token{3fbf38f ActivityRecord{bca02ee u0 com.huawei.android.launcher/.unihome.UniHomeLauncher t1}}}
06-28 18:24:43.880  1114  1456 V WindowManager_visibility: updateAllDrawn allDrawn=false interesting=1 drawn=1 relaunchCount=0 for AppWindowToken{616761c token=Token{3fbf38f ActivityRecord{bca02ee u0 com.huawei.android.launcher/.unihome.UniHomeLauncher t1}}}
06-28 18:24:43.880  1114  1456 V WindowManager: Checking 1 opening apps (frozen=false timeout=false), Track:  performsurface
06-28 18:24:43.880  1114  1456 V WindowManager: Check opening app=AppWindowToken{616761c token=Token{3fbf38f ActivityRecord{bca02ee u0 com.huawei.android.launcher/.unihome.UniHomeLauncher t1}}}: allDrawn=true startingDisplayed=false startingMoved=false isRelaunching()=false startingWindow=null
06-28 18:24:43.880  1114  1456 I WindowManager: closing apps count = 0
06-28 18:24:43.881  1114  1940 I chatty  : uid=1000(system) Binder:1114_9 expire 3 lines
06-28 18:24:43.881  1724  2602 I CommandQueue: updateBarBgColor
06-28 18:24:43.882  1724  2602 D CommandQueue: CommandQueue, setBarBackgroundColor
06-28 18:24:43.883  1724  1724 D TintManager: statusBarIconTint=99000000,navigationBarIconTint=99ffffff
06-28 18:24:43.884  1114  1456 I WindowManager: exit info has been reset.
06-28 18:24:43.903  1724  1724 D ImageWallpaper: onOffsetsChanged: xOffset=0.0, yOffset=0.0, xOffsetStep=0.0, yOffsetStep=0.0, xPixels=0, yPixels=0
06-28 18:24:43.903  1724  1724 D ImageWallpaper: Suppressed drawFrame since redraw is not needed and offsets have not changed.sf=Rect(0, 0 - 2244, 2244)
06-28 18:24:43.907  1724  1724 D StatusBarIconController: setIconVisibility icon is null or visibility not change visibility=true
06-28 18:24:43.908  1724  1724 D BarTransitions.HwPhoneStatusBarView: MODE_TRANSPARENT -> MODE_TRANSLUCENT animate=false
06-28 18:24:43.908  1724  1724 D BarTransitions.HwPhoneStatusBarView: applyModeBackground oldMode=MODE_TRANSPARENT newMode=MODE_TRANSLUCENT animate=false
06-28 18:24:43.908  1724  1724 D BarTransitions.HwNavigationBarView: MODE_TRANSPARENT -> MODE_TRANSLUCENT animate=false
06-28 18:24:43.908  1724  1724 D BarTransitions.HwNavigationBarView: applyModeBackground oldMode=MODE_TRANSPARENT newMode=MODE_TRANSLUCENT animate=false
06-28 18:24:43.912  1993  1993 W HwLauncher: FolderIcon drawSelectedLabel bitmap null
06-28 18:24:43.912  1993  1993 W HwLauncher: FolderIcon drawSelectedLabel bitmap null
06-28 18:24:43.913  1724  1724 D ImageWallpaper: onOffsetsChanged: xOffset=0.0, yOffset=0.0, xOffsetStep=0.0, yOffsetStep=0.0, xPixels=0, yPixels=0
06-28 18:24:43.913  1724  1724 D ImageWallpaper: Suppressed drawFrame since redraw is not needed and offsets have not changed.sf=Rect(0, 0 - 2244, 2244)
06-28 18:24:43.913  1993  1993 W HwLauncher: FolderIcon drawSelectedLabel bitmap null
06-28 18:24:43.916  1993  1993 W HwLauncher: FolderIcon drawSelectedLabel bitmap null
06-28 18:24:43.932   648   997 I chatty  : uid=1041(audioserver) ApmAudio expire 16 lines
06-28 18:24:43.933   626  1288 I chatty  : uid=1041(audioserver) HwBinder:626_3 expire 87 lines
06-28 18:24:43.934   631  1072 I libRGBW37_ALGO: [RGBW_proc.575 ] [RGBW_MODE] input_mode:0,RGBW_output_mode:2
06-28 18:24:43.934   755   815 I dubaid  : [AudioHandler.cpp] stopSession# Failed to find audio session: 1817
06-28 18:24:43.946  1114 10297 I ActivityManager: Force stopping com.mixgo.PropertySEO appid=10400 user=0: from pid 3030by app
06-28 18:24:43.951  1869  1869 I HwCoreAppHelperService: LocalReceiver receives:android.intent.action.PACKAGE_RESTARTED,pkg:com.mixgo.PropertySEO,uid:10400
06-28 18:24:43.951  3045  3045 E NfcNci  : NfcUtils error: APP do not have nfc permission
06-28 18:24:43.952  3045  3045 E NfcNci  : NfcUtils error: APP do not have nfc permission
06-28 18:24:43.952  1114  1114 V AlarmManager: UninstallReceiver onReceive action:android.intent.action.PACKAGE_RESTARTED
06-28 18:24:43.952  1969  1969 D CarrierSvcBindHelper: No carrier app for: 0
06-28 18:24:43.952  1114  1114 I AlarmManager: remove com.android.server.-$$Lambda$AlarmManagerService$qehVSjTLWvtJYPGgKh2mkJ6ePnk@b708f0e according to uid:10400
06-28 18:24:43.952  1114  1114 V NotificationListeners: enabling notification listener for 0: ComponentInfo{com.baidu.searchbox/com.baidu.searchbox.lockscreen.notification.NotificationMonitorService}
06-28 18:24:43.952  1969  1969 D CarrierSvcBindHelper: No carrier app for: 1
06-28 18:24:43.952  1114  1114 V NotificationListeners: binding: Intent { act=android.service.notification.NotificationListenerService cmp=com.baidu.searchbox/.lockscreen.notification.NotificationMonitorService (has extras) }
06-28 18:24:43.953  1114  1114 W NotificationListeners: Unable to bind notification listener service: Intent { act=android.service.notification.NotificationListenerService cmp=com.baidu.searchbox/.lockscreen.notification.NotificationMonitorService (has extras) }
06-28 18:24:43.953  1114  1114 W NotificationListeners: Not binding notification listener service ComponentInfo{android/com.android.server.emcom.grabservice.NotificationListener}: service not found
06-28 18:24:43.953  1114  1114 W NotificationAssistants: rebindServices() ignore for NotificationAssistantService
06-28 18:24:44.018  1773  2960 W libEGL  : EGLNativeWindowType 0x7282f87010 disconnect failed
06-28 18:24:44.020  1114  6160 V WindowManager: removeIfPossible: Window{70d3886 u0 Toast}
06-28 18:24:44.023  1114  6160 V WindowManager: Not removing Window{70d3886 u0 Toast EXITING} due to exit animation 
06-28 18:24:44.037   755   814 D dubaid  : [QueryService.cpp] handleQueryData# mask=0x1fff, flags=7, top=2
06-28 18:24:44.068   755   814 D dubaid  : [QueryService.cpp] handleBalanceFinished# All requested components balance accounting have been finished
06-28 18:24:44.069  1952  2811 I chatty  : uid=1000(system) Binder:1952_5 expire 44 lines
06-28 18:24:44.138   626  1275 I chatty  : uid=1041(audioserver) HwBinder:626_1 expire 14 lines
06-28 18:24:44.155  1114  1456 V WindowManager: Exit animation finished in Window{70d3886 u0 Toast EXITING}: remove=true
06-28 18:24:44.175  1114  1456 V WindowManager: postWindowRemoveCleanupLocked: Window{70d3886 u0 Toast}
06-28 18:24:44.175  1114  1456 V WindowManager: Removing Window{70d3886 u0 Toast} from WindowToken{467f561 android.os.BinderProxy@8d480c8}
06-28 18:24:44.201   780   805 D AwareLog: iawared: workingset_process_command subCmd = 354, uid=10400, pid=0, com.mixgo.PropertySEO
06-28 18:24:44.201   780   805 D AwareLog: iawared: workingset_send_preread_msg com.mixgo.PropertySEO
06-28 18:24:44.201   780   805 D AwareLog: iawared: workingsetStart com.mixgo.PropertySEO in monitor0
06-28 18:24:44.204   780  9105 I Pged-IPgedBinderService: ****action is 1, pid num is 2***
06-28 18:24:44.204   780  9105 I Pged-Freezer: freezePids
06-28 18:24:44.204   780  9105 I Pged-Freezer: Freeze process: 30304
06-28 18:24:44.204  1114 10297 I ActivityManager: START u0 {flg=0x10000000 cmp=com.mixgo.PropertySEO/cn.jiguang.unity.push.UnityPluginActivity} from uid 2000
06-28 18:24:44.205  1114 10297 I ActivityManager: ActivityRecord info: ActivityInfo{c2629d4 cn.jiguang.unity.push.UnityPluginActivity}
06-28 18:24:44.207  1952  2239 I chatty  : uid=1000(system) fast_hibernatio expire 1 line
06-28 18:24:44.212  1114 10297 V WindowManager: addAppToken: AppWindowToken{6a60f40 token=Token{13b6ac3 ActivityRecord{4d4c672 u0 com.mixgo.PropertySEO/cn.jiguang.unity.push.UnityPluginActivity t213}}} controller={TaskWindowContainerController taskId=213} at 2147483647
06-28 18:24:44.213  1114  1219 W HwActivityManagerServiceEx: HwActivityNotifier end call android.app.IHwActivityNotifier$Stub$Proxy@88cf16b for activityLifeState under user 0 cost 0
06-28 18:24:44.213 25009 25022 I HiSearch9.0.2.303: [LauncherOverlayService]: LAUNCHER_INTERACTION from launcher and invoke id = -222
06-28 18:24:44.213 25009 25022 I HiSearch9.0.2.303: [LauncherOverlayService]: isOverlayClosed = true
06-28 18:24:44.213 25009 25022 I HiSearch9.0.2.303: [LauncherOverlayService]: LAUNCHER_INTERACTION from launcher and invoke, overlay closed, return. 
06-28 18:24:44.214  1993  1993 D ZrHung.AppEyeUiProbe: stop checker.
06-28 18:24:44.214  1993  3039 D MotionDetectionManager: stopMotionAppsReco motionApps: 403
06-28 18:24:44.214  1993  3039 D MotionDetectionManager: stopMotionAppsReco not recognition motionApps 403
06-28 18:24:44.214  1993  3039 W HwLauncher: Launcher.MotionManager stopMotionAppsReco service flg 403 is unavailable
06-28 18:24:44.215  1114  1456 I chatty  : uid=1000(system) android.anim expire 15 lines
06-28 18:24:44.217  1114  6160 V ActivityManager: startProcess: name=com.mixgo.PropertySEO app=null knownToBeDead=true thread=null pid=-1
06-28 18:24:44.218  1114  6160 V ActivityManager: startProcess: name=com.mixgo.PropertySEO app=ProcessRecord{e4159ed 0:com.mixgo.PropertySEO/u0a400} knownToBeDead=true thread=null pid=0
06-28 18:24:44.218   780   805 D AwareLog: iawared: workingset_process_command subCmd = 354, uid=10400, pid=0, com.mixgo.PropertySEO
06-28 18:24:44.218   780   805 D AwareLog: iawared: workingsetStart com.mixgo.PropertySEO in monitor0
06-28 18:24:44.220  1114  1456 V WindowManager: addWindow: Window{5e6a7e9 u0 Splash Screen com.mixgo.PropertySEO}
06-28 18:24:44.222  1993  3042 W HwLauncher: getDownloadInfo return null!
06-28 18:24:44.222  1114  1219 W HwActivityManagerServiceEx: HwActivityNotifier end call android.app.IHwActivityNotifier$Stub$Proxy@88cf16b for activityLifeState under user 0 cost 0
06-28 18:24:44.223  1114  3043 D PackageManager: resolve intent for uid:1000, matchs:3, res:ResolveInfo{32cfb9c com.huawei.android.launcher/.unihome.UniHomeLauncher m=0x108000}
06-28 18:24:44.223  1114  3043 I chatty  : uid=1000 system_server expire 1 line
06-28 18:24:44.226  1114  1581 I HwAudioServiceEx: check HiRes Icon false
06-28 18:24:44.231  3044  3044 I         : power log dlsym ok
06-28 18:24:44.234  1114  1225 I ActivityManager: Start proc 3044:com.mixgo.PropertySEO/u0a400 for activity com.mixgo.PropertySEO/cn.jiguang.unity.push.UnityPluginActivity
06-28 18:24:44.235  1114  1837 E ProcessInfoCollector: getProcessInfo: failed to find this proc 
06-28 18:24:44.235  1114  1581 I chatty  : uid=1000(system) Thread-17 expire 2 lines
06-28 18:24:44.235  3044  3044 I chatty  : uid=10400(com.mixgo.PropertySEO) expire 36 lines
06-28 18:24:44.236   780   780 W iaware  : type=1400 audit(0.0:36390): avc: denied { dac_override } for capability=1 scontext=u:r:hwpged:s0 tcontext=u:r:hwpged:s0 tclass=capability permissive=0
06-28 18:24:44.236   780   780 W iaware  : type=1400 audit(0.0:36391): avc: denied { dac_read_search } for capability=2 scontext=u:r:hwpged:s0 tcontext=u:r:hwpged:s0 tclass=capability permissive=0
06-28 18:24:44.237   780   805 D AwareLog: iawared: workingset_process_command subCmd = 350, uid=10400, pid=3044, com.mixgo.PropertySEO
06-28 18:24:44.238  1724  1724 D StatusBarIconController: setIconVisibility icon is null or visibility not change visibility=false
06-28 18:24:44.240   780   805 E AwareLog: iawared: workingset_path_check Failed to lstat(/data/system/iaware/workingset/): Permission denied
06-28 18:24:44.240   780   805 E AwareLog: iawared: workingset_path_check Failed to create directory(/data/system/iaware/workingset/): Permission denied
06-28 18:24:44.240   780   805 D AwareLog: iawared: workingsetStart com.mixgo.PropertySEO in monitor0
06-28 18:24:44.247  3044  3044 D ActivityThread: Attach thread to application
06-28 18:24:44.250  1114  6160 D HwPhoneWindowManager: sensorRotation = -1 lastRotation:0
06-28 18:24:44.258  1114  6160 W HwActivityManagerServiceEx: appSwitch from: com.huawei.android.launcher to: com.mixgo.PropertySEO
06-28 18:24:44.258  1114  1219 W HwActivityManagerServiceEx: HwActivityNotifier end call android.app.IHwActivityNotifier$Stub$Proxy@b3922e9 for appSwitch under user 0 cost 0
06-28 18:24:44.258  1114  1219 W HwActivityManagerServiceEx: HwActivityNotifier end call android.app.IHwActivityNotifier$Stub$Proxy@92d0b6e for appSwitch under user 0 cost 0
06-28 18:24:44.261  2461  2661 D BluetoothAdapter: isLeEnabled(): ON
06-28 18:24:44.261  1667  2633 W Bth-btfreeze: BluetoothFreeze:tag: 182  uid: 1000  pid: 2461
06-28 18:24:44.261  1114  1456 V WindowManager: Checking 1 opening apps (frozen=false timeout=false), Track: updateconfig performsurface
06-28 18:24:44.261  1114  1456 V WindowManager: Check opening app=AppWindowToken{6a60f40 token=Token{13b6ac3 ActivityRecord{4d4c672 u0 com.mixgo.PropertySEO/cn.jiguang.unity.push.UnityPluginActivity t213}}}: allDrawn=false startingDisplayed=true startingMoved=false isRelaunching()=false startingWindow=Window{5e6a7e9 u0 Splash Screen com.mixgo.PropertySEO}
06-28 18:24:44.261  1114  1456 I WindowManager: closing apps count = 1
06-28 18:24:44.262  1667  2633 W Bth-btfreeze: BluetoothFreeze:tag: 182  uid: 1000
06-28 18:24:44.262  1114  1471 D HwLocationManagerService: on transact ADD_LOCATION_MODE  uid is 10400 , expectedmode is 3 , packagename is com.mixgo.PropertySEO
06-28 18:24:44.262  1667  2633 W Bth-btfreeze: BluetoothFreeze:tag: 182  uid: 1000  pid: 2461
06-28 18:24:44.262  1114  1471 D HwLocationManagerService: uid is 10400 , isWifiConn is true , isMobileConn is false
06-28 18:24:44.262  1114  1471 I HwNetworkPolicy: onTransact, code = 203
06-28 18:24:44.262  1114  1471 I HwNetworkPolicyManager: getHwUidPolicy uid = 10400 policy = 0
06-28 18:24:44.262  1114  1471 D HwLocationManagerService: policy is 0 , wifiAccess is true, mobileAccess is true
06-28 18:24:44.262  1114  1471 D HwLocationManagerService: wifiAvaiable is true , mobileAvailable is false
06-28 18:24:44.262  1114  1471 D HwLocationManagerService: addSupervisoryControlProc, mExpectedMode is network,packagename=com.mixgo.PropertySEO, mSupervisoryPkgList is {com.mixgo.PropertySEO=network}
06-28 18:24:44.262  1114  1471 D HwLocationManagerService:  package has no request send yet
06-28 18:24:44.263  1952  2586 I chatty  : uid=1000(system) thermal-core-th expire 2 lines
06-28 18:24:44.276  1724  1724 D BarTransitions.HwPhoneStatusBarView: MODE_TRANSLUCENT -> MODE_TRANSPARENT animate=false
06-28 18:24:44.276  1724  1724 D BarTransitions.HwPhoneStatusBarView: applyModeBackground oldMode=MODE_TRANSLUCENT newMode=MODE_TRANSPARENT animate=false
06-28 18:24:44.277  1724  1724 D BarTransitions.HwNavigationBarView: MODE_TRANSLUCENT -> MODE_TRANSPARENT animate=false
06-28 18:24:44.277  1724  1724 D BarTransitions.HwNavigationBarView: applyModeBackground oldMode=MODE_TRANSLUCENT newMode=MODE_TRANSPARENT animate=false
06-28 18:24:44.277  1869  1882 I BoosterSwitchP: notifyUidState do nothing
06-28 18:24:44.278  1869  1882 I DeepNoDisturbP: notifyUidState
06-28 18:24:44.278  1869  1882 I HidataAppQoeP: notifyUidState
06-28 18:24:44.278  1869  1882 I BrowserChrP: notifyUidState
06-28 18:24:44.278  1114  6779 I HwNetworkPolicy: onTransact, code = 203
06-28 18:24:44.278  2017  2506 I HwNetworkPolicyManager: getHwUidPolicy uid = 10400 policy = 0
06-28 18:24:44.281  1114  6160 I HwAudioService: now type = 255,reportForegroundAppType = 9,pkg = null,systemload = 255mVoipOptimizeInGameModetrue
06-28 18:24:44.282  1114  6160 D HwAudioService: support voip optinization during game mode.
06-28 18:24:44.283  1952  2771 I chatty  : uid=1000(system) GameManager expire 2 lines
06-28 18:24:44.283  1114  6160 I HwApsManagerConfig: APSLog -> getFps:[from:unkown source,pkgName:com.mixgo.PropertySEO,fps:-1]
06-28 18:24:44.284   635  2265 I chatty  : uid=1000(system) hwsched@1.0-ser expire 1 line
06-28 18:24:44.285  2461  2470 W JavaBinder: BinderProxy is being destroyed but the application did not call unlinkToDeath to unlink all of its death recipients beforehand.  Releasing leaked death recipient: com.huawei.nearby.controller.b$1
06-28 18:24:44.285  2461  2470 I chatty  : uid=1000(system) ReferenceQueueD identical 10 lines
06-28 18:24:44.285  2461  2470 W JavaBinder: BinderProxy is being destroyed but the application did not call unlinkToDeath to unlink all of its death recipients beforehand.  Releasing leaked death recipient: com.huawei.nearby.controller.b$1
06-28 18:24:44.285  2461  2470 W JavaBinder: BinderProxy is being destroyed but the application did not call unlinkToDeath to unlink all of its death recipients beforehand.  Releasing leaked death recipient: com.huawei.nearby.controller.b$1
06-28 18:24:44.285   635  3068 I chatty  : uid=1000(system) hwsched@1.0-ser expire 1 line
06-28 18:24:44.285  2461  2470 W JavaBinder: BinderProxy is being destroyed but the application did not call unlinkToDeath to unlink all of its death recipients beforehand.  Releasing leaked death recipient: com.huawei.nearby.controller.b$1
06-28 18:24:44.285  2461  2470 W JavaBinder: BinderProxy is being destroyed but the application did not call unlinkToDeath to unlink all of its death recipients beforehand.  Releasing leaked death recipient: com.huawei.nearby.controller.b$1
06-28 18:24:44.285  2461  2470 W JavaBinder: BinderProxy is being destroyed but the application did not call unlinkToDeath to unlink all of its death recipients beforehand.  Releasing leaked death recipient: com.huawei.nearby.controller.b$1
06-28 18:24:44.285  2461  2470 W JavaBinder: BinderProxy is being destroyed but the application did not call unlinkToDeath to unlink all of its death recipients beforehand.  Releasing leaked death recipient: com.huawei.nearby.controller.b$1
06-28 18:24:44.285  2461  2470 W JavaBinder: BinderProxy is being destroyed but the application did not call unlinkToDeath to unlink all of its death recipients beforehand.  Releasing leaked death recipient: com.huawei.nearby.controller.b$1
06-28 18:24:44.285  2461  2470 W JavaBinder: BinderProxy is being destroyed but the application did not call unlinkToDeath to unlink all of its death recipients beforehand.  Releasing leaked death recipient: com.huawei.nearby.controller.b$1
06-28 18:24:44.285  2461  2470 W JavaBinder: BinderProxy is being destroyed but the application did not call unlinkToDeath to unlink all of its death recipients beforehand.  Releasing leaked death recipient: com.huawei.nearby.controller.b$1
06-28 18:24:44.286  2461  2470 W JavaBinder: BinderProxy is being destroyed but the application did not call unlinkToDeath to unlink all of its death recipients beforehand.  Releasing leaked death recipient: com.huawei.nearby.controller.b$1
06-28 18:24:44.288  1900  2108 D HwWifiStatStore: handleMessage : 200
06-28 18:24:44.288   750 29088 D iTouchService: itouch currentPackageName=com.mixgo.PropertySEO
06-28 18:24:44.288   750 29088 D iTouchService: itouch appType=-5 appState=1 gameMode=2
06-28 18:24:44.288   750 29088 D iTouchService: itouch getCurrentParmID tempPkg=com.mixgo.xxx
06-28 18:24:44.288   750 29088 D iTouchService: itouch:game_switch is disable
06-28 18:24:44.288   750 29088 D iTouchService: itouch:styluspen_switch is disable
06-28 18:24:44.288   750 29088 D iTouchService: itouch:currentAppTypeName =|ITOUCHGAME|
06-28 18:24:44.290  3044  3067 I chatty  : uid=10400(com.mixgo.PropertySEO) expire 3 lines
06-28 18:24:44.311  3044  3072 I chatty  : uid=10400(com.mixgo.PropertySEO) expire 1 line
06-28 18:24:44.315  3044  3074 I chatty  : uid=10400(com.mixgo.PropertySEO) expire 2 lines
06-28 18:24:44.319  1993 26431 D HwRecentsTaskUtils: refreshToCache
06-28 18:24:44.319  1993 26431 D HwRecentsTaskUtils: searchFromDate
06-28 18:24:44.319  3044  3044 V ActivityThread: Skipping new config:{1.0 ?mcc?mnc [zh_CN_#Hans,en_US] ldltr sw360dp w360dp h719dp 480dpi nrml long hdr port finger -keyb/v/h -nav/h winConfig={ mBounds=Rect(0, 0 - 0, 0) mAppBounds=Rect(0, 85 - 1080, 2244) mWindowingMode=fullscreen mActivityType=undefined} nonFullScreen=0 suim:1 s.9}, config:{1.0 ?mcc?mnc [zh_CN_#Hans,en_US] ldltr sw360dp w360dp h719dp 480dpi nrml long hdr port finger -keyb/v/h -nav/h winConfig={ mBounds=Rect(0, 0 - 0, 0) mAppBounds=Rect(0, 85 - 1080, 2244) mWindowingMode=fullscreen mActivityType=undefined} nonFullScreen=0 suim:1 s.9} for app:com.mixgo.PropertySEO
06-28 18:24:44.325  1993 26431 I RecentsTaskLoadPlan: to show tasks size is 7
06-28 18:24:44.326   646   646 E WifiHAL : enter wifi_get_link_stats
06-28 18:24:44.327  3044  3044 V ActivityThread: callActivityOnCreate
06-28 18:24:44.347  3044  3044 D ActivityThread: add activity client record, r= ActivityRecord{cce73a6 token=android.os.BinderProxy@9746193 {com.mixgo.PropertySEO/cn.jiguang.unity.push.UnityPluginActivity}} token= android.os.BinderProxy@9746193
06-28 18:24:44.359  1114  6160 V WindowManager: addWindow: Window{10c7615 u0 com.mixgo.PropertySEO/cn.jiguang.unity.push.UnityPluginActivity}
06-28 18:24:44.361  1114 13295 D HwGameAssistantController: pid=3044, uid=10400, component=ComponentInfo{com.mixgo.PropertySEO/cn.jiguang.unity.push.UnityPluginActivity}
06-28 18:24:44.361  1114 13295 I chatty  : uid=1000(system) Binder:1114_20 expire 3 lines
06-28 18:24:44.361  1900  3767 I OPCollectLog: AppChangeImpl:pid: 3044 uid: 10400 pkg: com.mixgo.PropertySEO class: cn.jiguang.unity.push.UnityPluginActivity
06-28 18:24:44.361  1900  2185 I OPCollectLog: HwForegroundAppAction:handleMessage 
06-28 18:24:44.361  1114  1243 D HwGameAssistantController: UPDATE: mCurFgPkg=com.mixgo.PropertySEO, mCurFgPid=3044, mCurIsGame=false
06-28 18:24:44.361  1114  1219 W HwActivityManagerServiceEx: HwActivityNotifier end call android.app.IHwActivityNotifier$Stub$Proxy@88cf16b for activityLifeState under user 0 cost 0
06-28 18:24:44.361  1900  2185 I OPCollectLog: Action:HwForegroundAppAction executed successfully
06-28 18:24:44.364   646   646 D WifiHW  : chip is bcm bcm43xx
06-28 18:24:44.364   646   646 D         : Enter bcm_game_kog_adjust_speed: freq= 2437 mode= 6
06-28 18:24:44.364   646   646 D         : Enter wl_set_pmlock: pmlock= 0
06-28 18:24:44.365   646   646 D         : wl_set_pmlock: ret: 0
06-28 18:24:44.366  6701  6759 I [HwRecSys]OdmfCollectScheduler: handleMessage msg: 6
06-28 18:24:44.366  6701  6759 E [HwRecSys]HwRecSysService: Rec sys service not started.
06-28 18:24:44.366  1900  2190 I OPCollectLog: OdmfHelper:insert dsCollectEncrypt success 
06-28 18:24:44.372  1114  6160 D PackageManager: resolve intent for uid:10400, matchs:3, res:ResolveInfo{786dd2a com.huawei.android.launcher/.unihome.UniHomeLauncher m=0x108000}
06-28 18:24:44.372  3044  3082 I chatty  : uid=10400(com.mixgo.PropertySEO) expire 1 line
06-28 18:24:44.373  1114  9173 I WindowManager: relayoutVisibleWindow: set isFormatChanged
06-28 18:24:44.376  1114  9173 V HwPhoneWindowManager: updateSystemUiColorLw window=Window{10c7615 u0 com.mixgo.PropertySEO/cn.jiguang.unity.push.UnityPluginActivity},EmuiStyle=0,StatusBarColor=0xff000000,NavigationBarColor=0xff000000, mLastIsEmuiLightStyle=-1, mForceNotchStatusBar=false
06-28 18:24:44.376  1114  9173 I chatty  : uid=1000(system) Binder:1114_1A expire 20 lines
06-28 18:24:44.376  1724 12786 I CommandQueue: updateBarBgColor
06-28 18:24:44.376  1724 12786 D CommandQueue: CommandQueue, setBarBackgroundColor
06-28 18:24:44.377  1724  1724 D TintManager: statusBarIconTint=99ffffff,navigationBarIconTint=99ffffff
06-28 18:24:44.388  1724  1724 D StatusBarIconController: setIconVisibility icon is null or visibility not change visibility=true
06-28 18:24:44.403   753  1599 E DE N ABT: mergeProcessorOperating:1225: COMPONENT_RGBW already has data, can't add new data with mode(0x1000000), mode:0x16->0x1000016
06-28 18:24:44.409   631  1072 I libRGBW37_ALGO: [RGBW_proc.575 ] [RGBW_MODE] input_mode:3,RGBW_output_mode:3
06-28 18:24:44.455  1114  1456 V WindowManager_visibility: updateAllDrawn Add AppWindowToken{6a60f40 token=Token{13b6ac3 ActivityRecord{4d4c672 u0 com.mixgo.PropertySEO/cn.jiguang.unity.push.UnityPluginActivity t213}}}
06-28 18:24:44.456  1114  1456 V WindowManager_visibility: updateAllDrawn allDrawn=false interesting=1 drawn=1 relaunchCount=0 for AppWindowToken{6a60f40 token=Token{13b6ac3 ActivityRecord{4d4c672 u0 com.mixgo.PropertySEO/cn.jiguang.unity.push.UnityPluginActivity t213}}}
06-28 18:24:44.461  1114  1242 I chatty  : uid=1000(system) android.display expire 1 line
06-28 18:24:44.462  1114  1242 D ActivityManager: EVENT_APP_ACTIVITY_DISPLAYED_FINISH reportData: com.mixgo.PropertySEO/cn.jiguang.unity.push.UnityPluginActivity 3044 241
06-28 18:24:44.462  1114  1456 V WindowManager: removeIfPossible: Window{5e6a7e9 u0 Splash Screen com.mixgo.PropertySEO}
06-28 18:24:44.465  1114  1456 V WindowManager: Not removing Window{5e6a7e9 u0 Splash Screen com.mixgo.PropertySEO EXITING} due to exit animation 
06-28 18:24:44.467  3044  3079 I chatty  : uid=10400(com.mixgo.PropertySEO) expire 37 lines
06-28 18:24:44.482  1773  2765 D UIAutomatorStub: URI: /jsonrpc/0, Method: POST, params, {NanoHttpd.QUERY_STRING=null}, files: {postData={"jsonrpc": "2.0", "id": "1016aa54f476e8ab7a0e893de40c134d", "method": "waitForExists", "params": [{"mask": 1, "childOrSibling": [], "childOrSiblingSelector": [], "text": "ECOPROP"}, 30000]}}
06-28 18:24:44.484  1773  2765 W QueryController: Could not detect idle state.
06-28 18:24:44.485  1773  2765 W AccessibilityInteractionClient: old interaction Id is: -1,current interaction Id is:104
06-28 18:24:44.491  1114  1114 I WindowManager: notifyAccessibilityButtonVisibilityChanged visible:false
06-28 18:24:44.494  1724  1724 W HwKeyguardDragHelper: AnimationBlocked 
06-28 18:24:44.494  1724  1724 I PhoneStatusBarView: setAlpha with value : 1.0
06-28 18:24:44.494  1724  1724 I PhoneStatusBarView: setAlpha with value : 1.0
06-28 18:24:44.506   614  1023 W hwcomposer: setGpuFreqBoost:148: boostGpuFreq succ !
06-28 18:24:44.510  1773  2765 W AccessibilityInteractionClient: old interaction Id is: -1,current interaction Id is:105
06-28 18:24:44.518  1773  2765 W AccessibilityInteractionClient: old interaction Id is: -1,current interaction Id is:106
06-28 18:24:44.520  1773  2765 W AccessibilityInteractionClient: old interaction Id is: -1,current interaction Id is:107
06-28 18:24:44.522  1773  2765 W AccessibilityInteractionClient: old interaction Id is: -1,current interaction Id is:108
06-28 18:24:44.523  1773  2765 W AccessibilityInteractionClient: old interaction Id is: -1,current interaction Id is:109
06-28 18:24:44.554  1993  2177 W libEGL  : EGLNativeWindowType 0x7268797010 disconnect failed
06-28 18:24:44.554  1724  1724 D ImageWallpaper: onVisibilityChanged: mVisible, visible=true, false
06-28 18:24:44.554  1724  1724 D ImageWallpaper: Visibility changed to visible=false
06-28 18:24:44.555   614  1023 W hwcomposer: setGpuFreqBoost:153: boostGpuFreq release !
06-28 18:24:44.562  1993  1993 D ViewRootImpl[UniHomeLauncher]: surface should not be released
06-28 18:24:44.563  1114 10297 D NotificationListeners: Removing active service ComponentInfo{com.huawei.android.launcher/com.android.launcher.notification.NotificationListener}
06-28 18:24:44.566  3044  3138 I chatty  : uid=10400(com.mixgo.PropertySEO) expire 566 lines
06-28 18:24:44.567  1114  1560 D NetdConnector: SND -> {2493 firewall set_uid_rule standby 10152 deny}
06-28 18:24:44.569  1114  1456 V WindowManager: Exit animation finished in Window{5e6a7e9 u0 Splash Screen com.mixgo.PropertySEO EXITING}: remove=true
06-28 18:24:44.569  1114  1456 E WindowManager: win=Window{5e6a7e9 u0 Splash Screen com.mixgo.PropertySEO EXITING} destroySurfaces: appStopped=false win.mWindowRemovalAllowed=true win.mRemoveOnExit=true
06-28 18:24:44.569  1114  1456 V WindowManager: postWindowRemoveCleanupLocked: Window{5e6a7e9 u0 Splash Screen com.mixgo.PropertySEO}
06-28 18:24:44.569  1114  1456 V WindowManager: Removing Window{5e6a7e9 u0 Splash Screen com.mixgo.PropertySEO} from AppWindowToken{6a60f40 token=Token{13b6ac3 ActivityRecord{4d4c672 u0 com.mixgo.PropertySEO/cn.jiguang.unity.push.UnityPluginActivity t213}}}
06-28 18:24:44.571  1114 10297 V WindowManager: notifyAppStopped: AppWindowToken{616761c token=Token{3fbf38f ActivityRecord{bca02ee u0 com.huawei.android.launcher/.unihome.UniHomeLauncher t1}}}
06-28 18:24:44.571  1114 10297 E WindowManager: win=Window{12f7b0d u0 com.huawei.android.launcher/com.huawei.android.launcher.unihome.UniHomeLauncher} destroySurfaces: appStopped=true win.mWindowRemovalAllowed=false win.mRemoveOnExit=false
06-28 18:24:44.573  1869  1882 I BoosterSwitchP: notifyUidState do nothing
06-28 18:24:44.573  1869  1882 I DeepNoDisturbP: notifyUidState
06-28 18:24:44.573  1869  1882 I HidataAppQoeP: notifyUidState
06-28 18:24:44.573  1869  1882 I BrowserChrP: notifyUidState
06-28 18:24:44.585  3175  3175 E         : iptables cmd:iptables-restore
06-28 18:24:44.585  3044  3187 I chatty  : uid=10400(com.mixgo.PropertySEO) expire 8 lines
06-28 18:24:44.586  1114  1114 D MediaRouterService: onAudioPlayerActiveStateChanged: uid=10400, active=true, restoreUid=10400
06-28 18:24:44.586  1667  2401 V AudioManager: mPlaybackCallbackList.size:1
06-28 18:24:44.586  1667  2475 D AudioManager: dispatching onPlaybackConfigChanged()
06-28 18:24:44.603  3191  3191 E         : iptables cmd:ip6tables-restore
06-28 18:24:44.605  1114  1555 D NetdConnector: RCV <- {200 2493 Firewall command succeeded}
06-28 18:24:44.606  1114  1555 D NetdConnector: RCV <- {200 2493 Firewall command succeeded}
06-28 18:24:44.606  1114  1560 I chatty  : uid=1000(system) tworkPolicy.uid expire 2 lines
06-28 18:24:44.607  1114  1560 D NetdConnector: SND -> {2494 firewall set_uid_rule standby 10033 deny}
06-28 18:24:44.611  1114  1555 D NetdConnector: RCV <- {200 2494 Firewall command succeeded}
06-28 18:24:44.611  1114  1555 D NetdConnector: RCV <- {200 2494 Firewall command succeeded}
06-28 18:24:44.662   780   805 D AwareLog: iawared: workingset_process_command subCmd = 351, uid=10400, pid=3044, com.mixgo.PropertySEO
06-28 18:24:44.662   780   805 D AwareLog: iawared: workingsetPause com.mixgo.PropertySEO
06-28 18:24:44.767  1114  1114 I HwNormalizedSpline: mOminLevelMode:Day getBrightnessLevel lux =453.0,mDefaultBrightness=44.171944,mOCount=11
06-28 18:24:44.811   796   897 I iMonitor: create: 902010006
06-28 18:24:44.814   796   897 I iMonitor: send: 902010006
06-28 18:24:44.817   796  1102 I         : DPTEST  EventId is not need Hash
06-28 18:24:44.817  1993  2135 D ZrHung.AppEyeUiProbe: Current Activity:false
06-28 18:24:44.817  1993  2135 D ZrHung.AppEyeUiProbe: not watching, wait.
06-28 18:24:44.818   789   789 I chatty  : uid=1000(system) sensors@1.0-ser expire 7 lines
06-28 18:24:44.826  1114  6160 D HwAudioService: startWatchingRoutes
06-28 18:24:44.826  1114  6160 D HwAudioService: linkVAtoDeathRe for vassistant
06-28 18:24:44.826  1114  6160 D HwAudioService: packageName:com.mixgo.PropertySEO
06-28 18:24:44.826  1114  6160 D MediaRouterService: Client com.mixgo.PropertySEO (pid 3044): Registered
06-28 18:24:44.827   796   897 E JankService: specialActionEntryHandler: should reset and not report
06-28 18:24:44.827   796   897 E JankService: specialActionEntryHandler: should reset and not report
06-28 18:24:44.884  1724  1724 W HwKeyguardDragHelper: AnimationBlocked 
06-28 18:24:44.885  1724  1724 I PhoneStatusBarView: setAlpha with value : 1.0
06-28 18:24:44.885  1724  1724 I PhoneStatusBarView: setAlpha with value : 1.0
06-28 18:24:44.909   789   789 D SensorHub: batch called handle:0 sample_ns:200000000 latency_ns:0
06-28 18:24:44.909   789   789 E SensorHub: in batch, handle = 0, flags = 0, period_ns = 200000000, timeout = 0
06-28 18:24:44.909   789   789 I Sensors@1.0-impl: activate-0 enabled-1 fwkOals-1 camOals-0 fwkOcolor-1 camOcolor-0 fwkOtof-0 camOtof-0
06-28 18:24:44.909   789   789 D SensorHub: enableSensor-> handle: 0 enable : 1
06-28 18:24:44.909   789   789 D SensorHub: Channel activate-> handle: 0, enabled:1, err: 0
06-28 18:24:44.909   789   789 D SensorHub: batch called handle:0 sample_ns:20000000 latency_ns:0
06-28 18:24:44.909   789   789 E SensorHub: in batch, handle = 0, flags = 0, period_ns = 20000000, timeout = 0
06-28 18:24:44.939  1114  1114 D MediaRouterService: onAudioPlayerActiveStateChanged: uid=10400, active=false, delaying
06-28 18:24:44.939  1667  2401 V AudioManager: mPlaybackCallbackList.size:1
06-28 18:24:44.940  1667  2475 D AudioManager: dispatching onPlaybackConfigChanged()
06-28 18:24:44.940  1667  2401 V AudioManager: mPlaybackCallbackList.size:1
06-28 18:24:44.940  1667  2475 D AudioManager: dispatching onPlaybackConfigChanged()
06-28 18:24:44.948  3044  3147 I chatty  : uid=10400(com.mixgo.PropertySEO) expire 1 line
06-28 18:24:44.951  3044  3194 I chatty  : uid=10400(com.mixgo.PropertySEO) expire 7 lines
06-28 18:24:44.951  1114  1114 D MediaRouterService: onAudioPlayerActiveStateChanged: uid=10400, active=true, restoreUid=10400
06-28 18:24:44.952  1667  2401 V AudioManager: mPlaybackCallbackList.size:1
06-28 18:24:44.952  1667  2475 D AudioManager: dispatching onPlaybackConfigChanged()
06-28 18:24:44.980   780   805 D AwareLog: iawared: workingset_process_command subCmd = 352, uid=10400, pid=3044, com.mixgo.PropertySEO
06-28 18:24:44.980  1114  6160 I ActivityManager: START u0 {act=android.content.pm.action.REQUEST_PERMISSIONS pkg=com.android.packageinstaller cmp=com.android.packageinstaller/.permission.ui.GrantPermissionsActivity (has extras)} from uid 10400
06-28 18:24:44.980   780   805 D AwareLog: iawared: workingsetStop com.mixgo.PropertySEO
06-28 18:24:44.980  1114  6160 I ActivityManager: ActivityRecord info: ActivityInfo{cf24efb com.android.packageinstaller.permission.ui.GrantPermissionsActivity}
06-28 18:24:44.983  1114  6160 V WindowManager: addAppToken: AppWindowToken{e55356 token=Token{7977971 ActivityRecord{85e4b18 u0 com.android.packageinstaller/.permission.ui.GrantPermissionsActivity t213}}} controller={TaskWindowContainerController taskId=213} at 2147483647
06-28 18:24:45.000  1952  2110 I chatty  : uid=1000(system) core expire 15 lines
06-28 18:24:45.018   648   998 I chatty  : uid=1041(audioserver) ApmOutput expire 8 lines
06-28 18:24:45.020   755   815 I dubaid  : [AudioHandler.cpp] stopSession# Failed to find audio session: 1825
06-28 18:24:45.167  3044  3208 I chatty  : uid=10400(com.mixgo.PropertySEO) expire 5 lines
06-28 18:24:45.248   613   613 I GRALLOC : getCallingPid=650, shrFd=31,fmt=0x1,intFmt=0x200000001,btStrd=4352,size=9973760,pid=613 
06-28 18:24:45.248   613   613 I GRALLOC : 	 yuv=2,w=1080,h=2244,Stride u=0 v=0,offset u=0 v=0 
06-28 18:24:45.248   613   613 I GRALLOC : 	 iova_size=9973760,conUsg=0xb00,proUsg=0xb00,	 strd=1088,[afbc]HdrStrd=1088 PyldStrd=69632 Scrmbl=2,ionhnd = 1 
06-28 18:24:45.259  1114  1114 D MediaRouterService: onAudioPlayerActiveStateChanged: uid=10400, active=false, delaying
06-28 18:24:45.260  1667  2401 V AudioManager: mPlaybackCallbackList.size:1
06-28 18:24:45.260   648 25335 I chatty  : uid=1041(audioserver) Binder:648_7 expire 23 lines
06-28 18:24:45.260  1667  2475 D AudioManager: dispatching onPlaybackConfigChanged()
06-28 18:24:45.260  1667  2401 V AudioManager: mPlaybackCallbackList.size:1
06-28 18:24:45.260  1667  2475 D AudioManager: dispatching onPlaybackConfigChanged()
06-28 18:24:45.262   789   789 I Sensors@1.0-impl: activate-0 enabled-0 fwkOals-1 camOals-0 fwkOcolor-1 camOcolor-0 fwkOtof-0 camOtof-0
06-28 18:24:45.262   789   789 D SensorHub: enableSensor-> handle: 0 enable : 0
06-28 18:24:45.262   789   789 D SensorHub: Channel activate-> handle: 0, enabled:0, err: 0
06-28 18:24:45.262   789   789 D SensorHub: lib ver is 15
06-28 18:24:45.262   789   789 E SensorHub: get_acc_convert_coff = 1000.000000
06-28 18:24:45.264  1114  1940 V ActivityManager: Making visible and scheduling visibility: ActivityRecord{85e4b18 u0 com.android.packageinstaller/.permission.ui.GrantPermissionsActivity t213}
06-28 18:24:45.265  1114  1940 D HwPhoneWindowManager: sensorRotation = -1 lastRotation:0
06-28 18:24:45.265 31509 31509 W ActivityThread: handleWindowVisibility: no activity for token android.os.BinderProxy@dabd588
06-28 18:24:45.271  1114  1940 W HwActivityManagerServiceEx: appSwitch from: com.mixgo.PropertySEO to: com.android.packageinstaller
06-28 18:24:45.271 31509 31509 D ZrHung.AppEyeUiProbe: notify runnable to start.
06-28 18:24:45.271  1114  1219 W HwActivityManagerServiceEx: HwActivityNotifier end call android.app.IHwActivityNotifier$Stub$Proxy@b3922e9 for appSwitch under user 0 cost 0
06-28 18:24:45.271 31509 31530 D ZrHung.AppEyeUiProbe: restart watching
06-28 18:24:45.271  1114  1219 W HwActivityManagerServiceEx: HwActivityNotifier end call android.app.IHwActivityNotifier$Stub$Proxy@92d0b6e for appSwitch under user 0 cost 0
06-28 18:24:45.271 31509 31509 V ActivityThread: Skipping new config:{1.0 ?mcc?mnc [zh_CN_#Hans,en_US] ldltr sw360dp w360dp h719dp 480dpi nrml long hdr port finger -keyb/v/h -nav/h winConfig={ mBounds=Rect(0, 0 - 0, 0) mAppBounds=Rect(0, 85 - 1080, 2244) mWindowingMode=fullscreen mActivityType=undefined} nonFullScreen=0 suim:1 s.9}, config:{1.0 ?mcc?mnc [zh_CN_#Hans,en_US] ldltr sw360dp w360dp h719dp 480dpi nrml long hdr port finger -keyb/v/h -nav/h winConfig={ mBounds=Rect(0, 0 - 0, 0) mAppBounds=Rect(0, 85 - 1080, 2244) mWindowingMode=fullscreen mActivityType=undefined} nonFullScreen=0 suim:1 s.9} for app:com.android.packageinstaller
06-28 18:24:45.274  1114  1940 V WindowManager: Checking 1 opening apps (frozen=false timeout=false), Track: activitypause performsurface
06-28 18:24:45.274  1114  1940 V WindowManager: Check opening app=AppWindowToken{e55356 token=Token{7977971 ActivityRecord{85e4b18 u0 com.android.packageinstaller/.permission.ui.GrantPermissionsActivity t213}}}: allDrawn=false startingDisplayed=false startingMoved=false isRelaunching()=false startingWindow=null
06-28 18:24:45.277 31509 31509 V ActivityThread: callActivityOnCreate
06-28 18:24:45.277  1114  1219 W HwActivityManagerServiceEx: HwActivityNotifier end call android.app.IHwActivityNotifier$Stub$Proxy@88cf16b for activityLifeState under user 0 cost 0
06-28 18:24:45.279 31509 31509 W VRSystemServiceManager: vr service is not alive
06-28 18:24:45.280  1952  1990 I chatty  : uid=1000(system) Binder:1952_3 expire 1 line
06-28 18:24:45.280  1952  1966 I chatty  : uid=1000(system) Binder:1952_1 expire 1 line
06-28 18:24:45.280  2434  4069 E nearby  : CloseRangeAdapter:no such business type
06-28 18:24:45.282  1114  1471 I HwNetworkPolicy: onTransact, code = 203
06-28 18:24:45.282  2017  2506 I HwNetworkPolicyManager: getHwUidPolicy uid = 10042 policy = 0
06-28 18:24:45.283  1869  1882 I BoosterSwitchP: notifyUidState do nothing
06-28 18:24:45.283  1869  1882 I DeepNoDisturbP: notifyUidState
06-28 18:24:45.283  1869  1882 I HidataAppQoeP: notifyUidState
06-28 18:24:45.283  1869  1882 I BrowserChrP: notifyUidState
06-28 18:24:45.284  2461  2612 D WorkSource: i1=0 i2=0 N1=0: insert 2434 com.huawei.iconnect
06-28 18:24:45.285  2461  2612 D WorkSource: Insert in WorkSource{} @ 0 uid 2434 name com.huawei.iconnect
06-28 18:24:45.285  2461  2661 D BluetoothAdapter: isLeEnabled(): ON
06-28 18:24:45.285  1952  4046 I chatty  : uid=1000(system) CallbackHandler expire 1 line
06-28 18:24:45.286  1667  2234 I bt_stack: [INFO:gatt_api.cc(950)] GATT_Register 5d3b9426-205d-3b56-3e0e-35dad1311819
06-28 18:24:45.286  1667  2234 I bt_stack: [INFO:gatt_api.cc(970)] allocated gatt_if=6
06-28 18:24:45.286  2461  2482 D BluetoothLeScanner: onScannerRegistered() - status=0 scannerId=6 mScannerId=0
06-28 18:24:45.287  1667  2401 W Bth-btfreeze: BluetoothFreeze:tag: 181  uid: 1000  pid: 2461
06-28 18:24:45.287  1114  1471 I HwAudioService: now type = 9,reportForegroundAppType = 255,pkg = null,systemload = 9mVoipOptimizeInGameModetrue
06-28 18:24:45.293  1114  9129 I AlarmManager: remove alarm:Alarm{6ddf2cf type 0 when 1561717775168 PendingIntent{b8cdfd7: PendingIntentRecord{e9a752c com.mixgo.PropertySEO broadcastIntent}}com.mixgo.PropertySEO} according to operation:983772e
06-28 18:24:45.295 31509 31509 I FLTAG_FM: loadFeature class:com.huawei.featurelayer.systemfeature.HwWidget.IHwSplineOverScrollerEx
06-28 18:24:45.295 31509 31509 I FLTAG_SFM: getRequireClassLoader() succ ! className: com.huawei.featurelayer.systemfeature.HwWidget.IHwSplineOverScrollerEx
06-28 18:24:45.295 31509 31509 D FeatureFactory: loadFeature() : com.huawei.featurelayer.systemfeature.HwWidget.IHwSplineOverScrollerEx
06-28 18:24:45.295 31509 31509 D FeatureFactory: loadFeature() new IHwSplineOverScrollerEx()
06-28 18:24:45.295 31509 31509 D HwSplineOverScrollerExImpl: initSplineOverScrollerImpl paras: android.widget.OverScroller$SplineOverScroller@dadcda0,com.android.packageinstaller.permission.ui.GrantPermissionsActivity@dda7b46
06-28 18:24:45.295 31509 31509 D HwSplineOverScrollerExImpl: initSplineOverScrollerImpl: mScrollerVelocity is 0, value is 0
06-28 18:24:45.295 31509 31509 I FLTAG_FM: loadFeature class:com.huawei.featurelayer.systemfeature.HwWidget.IHwSplineOverScrollerEx
06-28 18:24:45.295 31509 31509 I FLTAG_SFM: getRequireClassLoader() succ ! className: com.huawei.featurelayer.systemfeature.HwWidget.IHwSplineOverScrollerEx
06-28 18:24:45.295 31509 31509 D FeatureFactory: loadFeature() : com.huawei.featurelayer.systemfeature.HwWidget.IHwSplineOverScrollerEx
06-28 18:24:45.295 31509 31509 D FeatureFactory: loadFeature() new IHwSplineOverScrollerEx()
06-28 18:24:45.295 31509 31509 D HwSplineOverScrollerExImpl: initSplineOverScrollerImpl paras: android.widget.OverScroller$SplineOverScroller@9b223cc,com.android.packageinstaller.permission.ui.GrantPermissionsActivity@dda7b46
06-28 18:24:45.295 31509 31509 D HwSplineOverScrollerExImpl: initSplineOverScrollerImpl: mScrollerVelocity is 0, value is 0
06-28 18:24:45.297  3044  3229 I chatty  : uid=10400(com.mixgo.PropertySEO) expire 9 lines
06-28 18:24:45.298  3044  3230 I chatty  : uid=10400(com.mixgo.PropertySEO) expire 7 lines
06-28 18:24:45.302 31509 31509 D HiTouch_PressGestureDetector: HiTouch on notch display, height corret:85
06-28 18:24:45.306 31509 31509 D ActivityThread: add activity client record, r= ActivityRecord{e85f356 token=android.os.BinderProxy@dabd588 {com.android.packageinstaller/com.android.packageinstaller.permission.ui.GrantPermissionsActivity}} token= android.os.BinderProxy@dabd588
06-28 18:24:45.307 31509 31509 D ZrHung.AppEyeUiProbe: notify runnable to start.
06-28 18:24:45.307  1114  9129 D HwGameAssistantController: pid=31509, uid=10042, component=ComponentInfo{com.android.packageinstaller/com.android.packageinstaller.permission.ui.GrantPermissionsActivity}
06-28 18:24:45.307  1900  3767 I OPCollectLog: AppChangeImpl:pid: 31509 uid: 10042 pkg: com.android.packageinstaller class: com.android.packageinstaller.permission.ui.GrantPermissionsActivity
06-28 18:24:45.307  1114  9129 I chatty  : uid=1000(system) Binder:1114_18 expire 3 lines
06-28 18:24:45.307  1114  1243 D HwGameAssistantController: UPDATE: mCurFgPkg=com.android.packageinstaller, mCurFgPid=31509, mCurIsGame=false
06-28 18:24:45.307  1900  2185 I OPCollectLog: HwForegroundAppAction:handleMessage 
06-28 18:24:45.307 31509 31509 D ZrHung.AppEyeUiProbe: notify runnable to start.
06-28 18:24:45.307 31509 31509 D ZrHung.AppEyeUiProbe: stop checker.
06-28 18:24:45.307  1900  2185 I OPCollectLog: Action:HwForegroundAppAction executed successfully
06-28 18:24:45.308  1114  1219 W HwActivityManagerServiceEx: HwActivityNotifier end call android.app.IHwActivityNotifier$Stub$Proxy@88cf16b for activityLifeState under user 0 cost 1
06-28 18:24:45.308  1114 10297 W HwActivityManagerServiceEx: appSwitch from: com.android.packageinstaller to: com.mixgo.PropertySEO
06-28 18:24:45.311  1114  1219 W HwActivityManagerServiceEx: HwActivityNotifier end call android.app.IHwActivityNotifier$Stub$Proxy@b3922e9 for appSwitch under user 0 cost 0
06-28 18:24:45.312  1114  1219 W HwActivityManagerServiceEx: HwActivityNotifier end call android.app.IHwActivityNotifier$Stub$Proxy@92d0b6e for appSwitch under user 0 cost 1
06-28 18:24:45.312  1952  2110 I chatty  : uid=1000(system) core expire 3 lines
06-28 18:24:45.313  1952  2241 I chatty  : uid=1000(system) actions handler expire 2 lines
06-28 18:24:45.314  1952  2594 I chatty  : uid=1000(system) iAwareNRT expire 2 lines
06-28 18:24:45.315  1869  2319 D XEngineProcessor: gameInfo = null inGameSpace false
06-28 18:24:45.315  1869  2319 D HicomMonitor: onForegroundAppChanged is called
06-28 18:24:45.315  1869  2319 D SmartcareProc: onForegroundAppChanged, pkgName:com.mixgo.PropertySEO
06-28 18:24:45.315  1869  2319 D HicomMonitor: onForegroundAppChanged is called
06-28 18:24:45.315  1114 10297 D HwPhoneWindowManager: sensorRotation = -1 lastRotation:0
06-28 18:24:45.315  1114  9129 D HwLocationManagerService: on transact ADD_LOCATION_MODE  uid is 10400 , expectedmode is 3 , packagename is com.mixgo.PropertySEO
06-28 18:24:45.315  1114  9129 D HwLocationManagerService: uid is 10400 , isWifiConn is true , isMobileConn is false
06-28 18:24:45.315  1114  9129 I HwNetworkPolicy: onTransact, code = 203
06-28 18:24:45.316  1114  9129 I HwNetworkPolicyManager: getHwUidPolicy uid = 10400 policy = 0
06-28 18:24:45.316  1114  9129 D HwLocationManagerService: policy is 0 , wifiAccess is true, mobileAccess is true
06-28 18:24:45.316  1114  9129 D HwLocationManagerService: wifiAvaiable is true , mobileAvailable is false
06-28 18:24:45.316  1114  9129 D HwLocationManagerService: addSupervisoryControlProc, mExpectedMode is network,packagename=com.mixgo.PropertySEO, mSupervisoryPkgList is {com.mixgo.PropertySEO=network}
06-28 18:24:45.316  1114  9129 D HwLocationManagerService:  package has no request send yet
06-28 18:24:45.316  1114 10297 V WindowManager: notifyAppResumed: wasStopped=false AppWindowToken{6a60f40 token=Token{13b6ac3 ActivityRecord{4d4c672 u0 com.mixgo.PropertySEO/cn.jiguang.unity.push.UnityPluginActivity t213}}}
06-28 18:24:45.317  1900  2190 I OPCollectLog: OdmfHelper:insert dsCollectEncrypt success 
06-28 18:24:45.317  2461  2661 D BluetoothAdapter: isLeEnabled(): ON
06-28 18:24:45.317  1667  2401 W Bth-btfreeze: BluetoothFreeze:tag: 182  uid: 1000  pid: 2461
06-28 18:24:45.318  1667  2401 W Bth-btfreeze: BluetoothFreeze:tag: 182  uid: 1000
06-28 18:24:45.318  1667  2401 W Bth-btfreeze: BluetoothFreeze:tag: 182  uid: 1000  pid: 2461
06-28 18:24:45.318  1114 10297 V WindowManager: Checking 1 opening apps (frozen=false timeout=false), Track: activitypause performsurface
06-28 18:24:45.318  1114 10297 V WindowManager: Check opening app=AppWindowToken{6a60f40 token=Token{13b6ac3 ActivityRecord{4d4c672 u0 com.mixgo.PropertySEO/cn.jiguang.unity.push.UnityPluginActivity t213}}}: allDrawn=true startingDisplayed=false startingMoved=false isRelaunching()=false startingWindow=null
06-28 18:24:45.318  1114 10297 I WindowManager: closing apps count = 1
06-28 18:24:45.319  6701  6759 I [HwRecSys]OdmfCollectScheduler: handleMessage msg: 6
06-28 18:24:45.320  6701  6759 E [HwRecSys]HwRecSysService: Rec sys service not started.
06-28 18:24:45.320  1952  2110 I chatty  : uid=1000(system) core expire 8 lines
06-28 18:24:45.322  1114  1219 W HwActivityManagerServiceEx: HwActivityNotifier end call android.app.IHwActivityNotifier$Stub$Proxy@88cf16b for activityLifeState under user 0 cost 0
06-28 18:24:45.322  1952  2259 I chatty  : uid=1000(system) sdk thread expire 6 lines
06-28 18:24:45.323  1952  2586 I chatty  : uid=1000(system) thermal-core-th expire 1 line
06-28 18:24:45.323  1952  1990 I chatty  : uid=1000(system) Binder:1952_3 expire 2 lines
06-28 18:24:45.325  3044  3228 E ActivityThread: Failed to find provider info for com.ss.android.article.news.DownloadProvider
06-28 18:24:45.325  1114  2564 D HwGameAssistantController: pid=3044, uid=10400, component=ComponentInfo{com.mixgo.PropertySEO/cn.jiguang.unity.push.UnityPluginActivity}
06-28 18:24:45.325  1114  2564 I chatty  : uid=1000(system) Binder:1114_D expire 3 lines
06-28 18:24:45.326  1900  3767 I OPCollectLog: AppChangeImpl:pid: 3044 uid: 10400 pkg: com.mixgo.PropertySEO class: cn.jiguang.unity.push.UnityPluginActivity
06-28 18:24:45.326  1900  2185 I OPCollectLog: HwForegroundAppAction:handleMessage 
06-28 18:24:45.326  1114  1219 W HwActivityManagerServiceEx: HwActivityNotifier end call android.app.IHwActivityNotifier$Stub$Proxy@88cf16b for activityLifeState under user 0 cost 1
06-28 18:24:45.326  1900  2185 I OPCollectLog: Action:HwForegroundAppAction executed successfully
