06-28 18:23:55.772  1773  2765 W AccessibilityInteractionClient: old interaction Id is: -1,current interaction Id is:15
06-28 18:23:55.876   646   646 E WifiHAL : enter wifi_get_link_stats
06-28 18:23:56.546   635   635 I chatty  : uid=1000(system) hwsched@1.0-ser expire 25 lines
06-28 18:23:56.779  1773  2765 W QueryController: Could not detect idle state.
06-28 18:23:56.781  1773  2765 W AccessibilityInteractionClient: old interaction Id is: -1,current interaction Id is:16
06-28 18:23:56.786  1773  2765 W AccessibilityInteractionClient: old interaction Id is: -1,current interaction Id is:17
06-28 18:23:57.796  1773  2765 W QueryController: Could not detect idle state.
06-28 18:23:57.800  1773  2765 W AccessibilityInteractionClient: old interaction Id is: -1,current interaction Id is:18
06-28 18:23:57.801  2219  2398 I chatty  : uid=10400(com.mixgo.PropertySEO) expire 616 lines
06-28 18:23:57.806  1773  2765 W AccessibilityInteractionClient: old interaction Id is: -1,current interaction Id is:19
06-28 18:23:58.813  1773  2765 W QueryController: Could not detect idle state.
06-28 18:23:58.815  1773  2765 W AccessibilityInteractionClient: old interaction Id is: -1,current interaction Id is:20
06-28 18:23:58.821  1773  2765 W AccessibilityInteractionClient: old interaction Id is: -1,current interaction Id is:21
06-28 18:23:58.908   646   646 E WifiHAL : enter wifi_get_link_stats
06-28 18:23:58.930  1114  1562 I chatty  : uid=1000(system) WifiStateMachin expire 22 lines
06-28 18:23:59.015 30304 30321 W HiApp.StoreAgent: pool-12-thread-1{1681} <<< WARN >>> doPostWithDnsParse() error, method:client.installResultRep, url:https://stores1.hispace.hicloud.com/hwmarket/api/encryptApi2, java.net.SocketTimeoutException: timeout
06-28 18:23:59.018 30304 30321 W HiApp.DNSUtil: pool-32-thread-1{1743} <<< WARN >>> getIpListByDNSBackup, DNSRequest, failReason = 3
06-28 18:23:59.022 30304 30321 E HiApp.StoreAgent: pool-12-thread-1{1681} <<< ERROR >>> invoke store error, exceptionType:SocketTimeoutException, url:https://stores1.hispace.hicloud.com/hwmarket/api/encryptApi2, method:client.installResultRep, retryTimes:3
06-28 18:23:59.043 30304 30321 W HiApp.StoreAgent: pool-8-thread-1{1653} <<< WARN >>> doPostWithDnsParse() error, method:client.diffUpgrade2, url:https://stores1.hispace.hicloud.com/hwmarket/api/storeApi2, java.net.SocketTimeoutException: timeout
06-28 18:23:59.048 30304 30321 W HiApp.DNSUtil: pool-33-thread-1{1744} <<< WARN >>> getIpListByDNSBackup, DNSRequest, failReason = 3
06-28 18:23:59.057 30304 30321 E HiApp.StoreAgent: pool-8-thread-1{1653} <<< ERROR >>> invoke store error, exceptionType:SocketTimeoutException, url:https://stores1.hispace.hicloud.com/hwmarket/api/storeApi2, method:client.diffUpgrade2, retryTimes:3
06-28 18:23:59.062 30304 30321 E HiApp.UpdateManager/UpdateCheckImpl: pool-8-thread-1{1653} <<< ERROR >>> get app update msg failed,responseCode is 1
06-28 18:23:59.735   650  1522 I chatty  : uid=1000(system) Binder:650_5 expire 5 lines
06-28 18:23:59.828  1773  2765 W QueryController: Could not detect idle state.
06-28 18:23:59.829  1773  2765 W AccessibilityInteractionClient: old interaction Id is: -1,current interaction Id is:22
06-28 18:23:59.836  1773  2765 W AccessibilityInteractionClient: old interaction Id is: -1,current interaction Id is:23
06-28 18:23:59.887  1114  1647 I chatty  : uid=1000(system) HuaweiWifiWatch expire 12 lines
06-28 18:24:00.002  1114  1114 V AlarmManager: Received TIME_TICK alarm; rescheduling
06-28 18:24:00.004  1114  1114 I HwAlarmManagerService: hwSetAlarm listenerTag: time_tick
06-28 18:24:00.013  1724  1724 E DateView: DateView,mCurrentTime: 1561717440013
06-28 18:24:00.021  1724  1724 I EventCenter: EventCenter Get :android.intent.action.TIME_TICK
06-28 18:24:00.035  1724  1724 W HwKeyguardDragHelper: AnimationBlocked 
06-28 18:24:00.041  1724  1724 E ndroid.systemu: No package ID ff found for ID 0xffffffff.
06-28 18:24:00.042  1724  1724 D WeatherHelper: City info empty
06-28 18:24:00.043  1724  1724 E ndroid.systemu: No package ID ff found for ID 0xffffffff.
06-28 18:24:00.044  1724  1724 D WeatherHelper: City info empty
06-28 18:24:00.045  1724  1724 D KeyguardUpdateMonitor: received broadcast android.intent.action.TIME_TICK
06-28 18:24:00.046  1724  1724 D KeyguardUpdateMonitor: handleTimeUpdate
06-28 18:24:00.046  1724  1898 I KeyguardStatusView: Runnable for refresh
06-28 18:24:00.047  1724  1724 D WeatherHelper: City info empty
06-28 18:24:00.050  1993  1993 I HwLauncher: Model  onReceive intent=Intent { act=android.intent.action.TIME_TICK flg=0x50200014 hwFlg=0x900 (has extras) }
06-28 18:24:00.050  1993  1993 I HwLauncher: Model  onReceive user=UserHandle{0}
06-28 18:24:00.071  1114  1817 V BroadcastQueue: Finished with ordered broadcast BroadcastRecord{fd8d66d u-1 android.intent.action.TIME_TICK}
06-28 18:24:00.074  3116  4559 I Step_LSC: 90003365|processHandleBroadcastAction action:android.intent.action.TIME_TICK
06-28 18:24:00.076  1724  1724 W HwKeyguardDragHelper: AnimationBlocked 
06-28 18:24:00.082  3116  4559 I Step_SPUtils: 90003365|setAliveRecord  success: timestampArg=1561717440075 elapsedRealtimeArg=118639659
06-28 18:24:00.122  1724  1724 D WeatherHelper: City info empty
06-28 18:24:00.123  1724  1724 D DateTimeView: Change to single clock mode!
06-28 18:24:00.123  1724  1724 D WeatherHelper: City info empty
06-28 18:24:00.124  1724  1724 I ColorPickUitls: type = 2
06-28 18:24:00.124  1724  1724 D WeatherHelper: City info empty
06-28 18:24:00.126  1724  1724 D DateTimeView: Change to single clock mode!
06-28 18:24:00.127  1724  1724 D WeatherHelper: City info empty
06-28 18:24:00.128  1724  1724 I ColorPickUitls: type = 2
06-28 18:24:00.270  1114  1812 I chatty  : uid=1000(system) LocationThread expire 3 lines
06-28 18:24:00.270  1114  1817 I BackgroundPermManager: pkgName: com.mixgo.PropertySEO,pid: 2219 ,uidOf3RdApk: 10400 ,permType: 2 ,permCfg: 0
06-28 18:24:00.274  1849  1849 I chatty  : uid=1000(system) com.huawei.lbs expire 42 lines
06-28 18:24:00.280  1114 12415 I NetworkStats: openSessionForUsageStats, pid = 1849, pkg = com.huawei.lbs
06-28 18:24:00.280  1114 12415 I NetworkStats: openSessionInternal,pid = 1849
06-28 18:24:00.280  1114 12415 I NetworkStats: performPollLocked, pid = 1114
06-28 18:24:00.281  1114  6779 D HwLocationManagerService: uid is 10400 , isWifiConn is true , isMobileConn is false
06-28 18:24:00.282  1114  6779 I HwNetworkPolicy: onTransact, code = 203
06-28 18:24:00.282  1114  6779 I HwNetworkPolicyManager: getHwUidPolicy uid = 10400 policy = 0
06-28 18:24:00.282  1114  6779 D HwLocationManagerService: policy is 0 , wifiAccess is true, mobileAccess is true
06-28 18:24:00.282  1114  6779 D HwLocationManagerService: wifiAvaiable is true , mobileAvailable is false
06-28 18:24:00.284  1114  6779 I BackgroundPermManager: pkgName: com.mixgo.PropertySEO,pid: 2219 ,uidOf3RdApk: 10400 ,permType: 2 ,permCfg: 1
06-28 18:24:00.285  1114  6779 I chatty  : uid=1000(system) Binder:1114_16 expire 21 lines
06-28 18:24:00.294  1114  1813 I chatty  : uid=1000(system) LocationManager expire 4 lines
06-28 18:24:00.304  1114 12415 W NetworkStatsFactory: mStatsXtProcUid: /proc/net/comm/stats does not exist!
06-28 18:24:00.305  1114 12415 D HwNetworkStatsService: hwRecordUidAndProcSnapshotLocked currentTime = 1561717440280
06-28 18:24:00.319  1114 12415 I NetworkStatsFactory: javaReadNetworkStatsUidAndProcDetail. cost time = 13
06-28 18:24:00.324  1114 12415 D HwNetworkStatsService: hwMaybeUidAndProcPersistLocked currentTime = 1561717440280
06-28 18:24:00.334  2017  2247 E HSM_BG  : NatTrafficNotifyService:imsi is null, so return
06-28 18:24:00.341  1114  6779 I NetworkStats: openSessionForUsageStats, pid = 1849, pkg = com.huawei.lbs
06-28 18:24:00.341  1114  6779 I NetworkStats: openSessionInternal,pid = 1849
06-28 18:24:00.342  1114  6779 I NetworkStats: performPollLocked, pid = 1114
06-28 18:24:00.357  1114  6779 W NetworkStatsFactory: mStatsXtProcUid: /proc/net/comm/stats does not exist!
06-28 18:24:00.357  1114  6779 D HwNetworkStatsService: hwRecordUidAndProcSnapshotLocked currentTime = 1561717440340
06-28 18:24:00.368  1114  6779 I NetworkStatsFactory: javaReadNetworkStatsUidAndProcDetail. cost time = 10
06-28 18:24:00.371  1114  6779 D HwNetworkStatsService: hwMaybeUidAndProcPersistLocked currentTime = 1561717440340
06-28 18:24:00.380   589  2303 I ArHal   : (ar_data_get_state:1225):id[2]
06-28 18:24:00.380  2017  2247 E HSM_BG  : NatTrafficNotifyService:imsi is null, so return
06-28 18:24:00.385   589  2303 I ArHal   : (ar_data_get_state:1225):id[2]
06-28 18:24:00.389   589  2303 I ArHal   : (ar_data_get_state:1225):id[2]
06-28 18:24:00.392  1849  1849 D HwLBSService.HwNLPPositionManager: getLocModestatus key = com.mixgo.PropertySEO and value = 1
06-28 18:24:00.392  1849  1849 D HwLBSService.HwNLPEngine: requestWifiScan isHighPrecision : true
06-28 18:24:00.392  1849  1849 D HwLBSService.HwNLPWifiScanManager: HwNLPScanStartScan : true
06-28 18:24:00.392  1849  1849 D HwLBSService.HwNLPAccManager: cleanAccMangerCache mSDKLocatinList.size : 0
06-28 18:24:00.399  1849  1906 D HwLBSService.HwNLPWifiScanManager:  confirmWifiScanTime  timeMin:  118276891mLastScanTimeSinceboot:  118276935currentboottime:  118639983
06-28 18:24:00.399  1849  1906 D HwLBSService.HwNLPWifiScanManager:  HwNLPScanStartScan start
06-28 18:24:00.399  1114 12415 D WifiService: startScan, pid:1849, uid:1000, appName:com.huawei.lbs
06-28 18:24:00.399  1114 12415 I chatty  : uid=1000(system) Binder:1114_1E expire 6 lines
06-28 18:24:00.400  1920  7189 D ARMoudle.HwActivityRecognition: getCurrentActivityExtend
06-28 18:24:00.401   589  2303 I ArHal   : (ar_data_get_state:1225):id[2]
06-28 18:24:00.402  1920  7189 D ARMoudle.HwActivityRecognition: hwActivityEvent:[ ActivityChangedExtendEvent:
06-28 18:24:00.402  1920  7189 D ARMoudle.HwActivityRecognition:     Activity='android.activity_recognition.relative_still', EventType=1, TimestampNs=104713889309269, Confidence=0
06-28 18:24:00.402  1920  7189 D ARMoudle.HwActivityRecognition:     Activity='android.activity_recognition.still', EventType=1, TimestampNs=117942089442914, Confidence=100
06-28 18:24:00.402  1920  7189 D ARMoudle.HwActivityRecognition: ]
06-28 18:24:00.403  1114 12415 D HwWifiService: Get wifiScanStrategy from iAware, WifiScanStrategy = [mCycle=1800000, mTimeStamp=117942089]
06-28 18:24:00.408  1849  1849 D HwLBSService.HwNLPWifiScanManager: isScanned: false
06-28 18:24:00.843  1773  2765 W QueryController: Could not detect idle state.
06-28 18:24:00.845  1773  2765 W AccessibilityInteractionClient: old interaction Id is: -1,current interaction Id is:24
06-28 18:24:00.851  1773  2765 W AccessibilityInteractionClient: old interaction Id is: -1,current interaction Id is:25
06-28 18:24:01.862  1773  2765 W QueryController: Could not detect idle state.
06-28 18:24:01.865  1773  2765 W AccessibilityInteractionClient: old interaction Id is: -1,current interaction Id is:26
06-28 18:24:01.870  1773  2765 W AccessibilityInteractionClient: old interaction Id is: -1,current interaction Id is:27
06-28 18:24:01.936   646   646 E WifiHAL : enter wifi_get_link_stats
06-28 18:24:01.954  1724  1724 D StatusBarIconController: setIconVisibility icon is null or visibility not change visibility=false
06-28 18:24:01.955  1724  1724 D StatusBarIconController: setIconVisibility icon is null or visibility not change visibility=false
06-28 18:24:01.956  1724  1724 D StatusBarIconController: setIconVisibility icon is null or visibility not change visibility=false
06-28 18:24:02.878  1773  2765 W QueryController: Could not detect idle state.
06-28 18:24:02.881  1773  2765 W AccessibilityInteractionClient: old interaction Id is: -1,current interaction Id is:28
06-28 18:24:02.886  1773  2765 W AccessibilityInteractionClient: old interaction Id is: -1,current interaction Id is:29
06-28 18:24:02.956  1724  1724 D StatusBarIconController: setIconVisibility icon is null or visibility not change visibility=false
06-28 18:24:02.957  1724  1724 D StatusBarIconController: setIconVisibility icon is null or visibility not change visibility=false
06-28 18:24:02.957  1724  1724 D StatusBarIconController: setIconVisibility icon is null or visibility not change visibility=false
06-28 18:24:03.081   776   776 E Thermal-daemon: [charger_ic] temp_new :40  temp_old :41
06-28 18:24:03.082   776   776 E Thermal-daemon: Report temperature: [charger_ic] temp :40  report_threshold:1
06-28 18:24:03.764  1114  1114 D JobScheduler.Time: Delay-expired alarm fired
06-28 18:24:03.764  1114  1114 I JobScheduler.Time: onControllerStateChanged
06-28 18:24:03.765  1114  1114 W HwAlarmManagerService: isContainsAppUidInWorksource-->happend NameNotFoundException
06-28 18:24:03.765  1114  1114 W HwAlarmManagerService: isContainsAppUidInWorksource-->happend NameNotFoundException
06-28 18:24:03.768  1114  1114 I HwAlarmManagerService: hwSetAlarm listenerTag: *job.delay*
06-28 18:24:03.769  1114  1114 I JobScheduler.Time: mNextDelayExpiredElapsedMillis: 121004694
06-28 18:24:03.769  1114  1114 D JobScheduler: Maybe queuing ready jobs...
06-28 18:24:03.791  1114 12415 V BroadcastQueue: Finished with ordered broadcast BroadcastRecord{a3156ee u0 com.google.android.gms.gcm.ACTION_CHECK_QUEUE}
06-28 18:24:03.804 31128 31128 I Finsky  : [1] com.google.android.finsky.scheduler.JobSchedulerEngine$PhoneskyJobSchedulerJobService.onStartJob(3): onJobSchedulerWakeup with jobId 9000
06-28 18:24:03.810  1114  1817 I JobScheduler.Time: onControllerStateChanged
06-28 18:24:03.810  1114  1114 D JobScheduler: queuing all ready jobs for execution:
06-28 18:24:03.811 31128 31128 I Finsky  : [1] nvu.a(21): Scheduling fallback job with id: 9034, and delay: 43200000 ms
06-28 18:24:03.820  1114 12415 I AlarmManager: remove alarm:Alarm{f2f8c08 type 2 when 183408109 PendingIntent{cec50fb: PendingIntentRecord{ca83d5c com.android.vending broadcastIntent}}com.android.vending} according to operation:18d3dab
06-28 18:24:03.825 31128 31128 I Finsky  : [1] nvu.a(5): Scheduling fallback in 64799993 (absolute: 183443402)
06-28 18:24:03.832  3093  4349 D WorkSource: Insert in WorkSource{} @ 0 uid 10021 name com.google.android.gms
06-28 18:24:03.832  3093  4349 D WorkSource: Insert in WorkSource{} @ 0 uid 10021 name com.google.android.gms
06-28 18:24:03.852  3093  4349 D WorkSource: Insert in WorkSource{} @ 0 uid 10021 name com.google.android.gms
06-28 18:24:03.853  1114  6779 W HwAlarmManagerService: isContainsAppUidInWorksource-->happend NameNotFoundException
06-28 18:24:03.853  1114  6779 W HwAlarmManagerService: isContainsAppUidInWorksource-->happend NameNotFoundException
06-28 18:24:03.862   626  1582 I chatty  : uid=1041(audioserver) effect expire 10 lines
06-28 18:24:03.892  3093  2827 I NetRec  : [5598] ahtr.a: Refreshing scores for 52 networks.
06-28 18:24:03.895  1773  2765 W QueryController: Could not detect idle state.
06-28 18:24:03.896  1773  2765 W AccessibilityInteractionClient: old interaction Id is: -1,current interaction Id is:30
06-28 18:24:03.904  1773  2765 W AccessibilityInteractionClient: old interaction Id is: -1,current interaction Id is:31
06-28 18:24:03.947 31128 31128 I Finsky  : [1] nwc.handleMessage(10): DeviceState: DeviceState{currentTime=1561717443943, isCharging=true, isIdle=false, netAny=true, netNotRoaming=true, netUnmetered=true}
06-28 18:24:03.955 31128  2828 I Finsky  : [726] nxi.b(7): Jobs in database: 1-1337 12-1 26-1414141414 
06-28 18:24:03.958 31128 31128 I Finsky  : [1] nvv.a(45): Running job: 12-1
06-28 18:24:03.961 31128 31128 I Finsky  : [1] com.google.android.finsky.contentsync.ContentSyncJob.a(23): ContentSyncJob started
06-28 18:24:03.962 31128 31128 I Finsky  : [1] nwc.handleMessage(81): RunningQueue size: 1, PendingQueue size: 0
06-28 18:24:03.962 31128 31128 I Finsky  : [1] nwc.handleMessage(90): Running queue: 12-1 
06-28 18:24:03.964 31128 31168 I Finsky  : [647] dbo.a(5): Completed 0 account content syncs with 0 successful.
06-28 18:24:03.965 31128 31128 I Finsky  : [1] com.google.android.finsky.contentsync.ContentSyncJob.a(21): Installation state replication succeeded.
06-28 18:24:03.965 31128 31128 I Finsky  : [1] nxb.a(11): jobFinished: 12-1. TimeElapsed: 7ms
06-28 18:24:03.968 31128 31128 I Finsky  : [1] nvv.a(10): Job 12-1 finished
06-28 18:24:03.968 31128 31128 I Finsky  : [1] nwc.handleMessage(81): RunningQueue size: 0, PendingQueue size: 0
06-28 18:24:03.969 31128 31128 I Finsky  : [1] nwc.handleMessage(27): Executor finished
06-28 18:24:03.979  1114  1114 D JobScheduler: queuing all ready jobs for execution:
06-28 18:24:03.979 31128 31128 I Finsky  : [1] nxi.b(7): Jobs in database: 1-1337 26-1414141414 
06-28 18:24:03.980 31128 31128 I Finsky  : [1] nva.a(66): ConstraintMapping: 1-1337,  -> L: 5193752ms, D: 48393752ms, C: false, I: false, N: NET_ANY
06-28 18:24:03.980 31128 31128 I Finsky  : [1] nva.a(66): ConstraintMapping: 26-1414141414,  -> L: 11016021ms, D: 11916021ms, C: false, I: false, N: NET_NONE
06-28 18:24:03.981 31128 31128 I Finsky  : [1] com.google.android.finsky.scheduler.JobSchedulerEngine.a(42): Cancelling existing job with id: 9003
06-28 18:24:03.982 31128 31128 I Finsky  : [1] com.google.android.finsky.scheduler.JobSchedulerEngine.a(4): Scheduling job Id: 9001, L: 5193752, D: 48393752, C: false, I: false, N: 1
06-28 18:24:03.984 31128 31128 I Finsky  : [1] com.google.android.finsky.scheduler.JobSchedulerEngine.a(4): Scheduling job Id: 9002, L: 11016021, D: 11916021, C: false, I: false, N: 0
06-28 18:24:04.917  1773  2765 W QueryController: Could not detect idle state.
06-28 18:24:04.919  1773  2765 W AccessibilityInteractionClient: old interaction Id is: -1,current interaction Id is:32
06-28 18:24:04.924  1773  2765 W AccessibilityInteractionClient: old interaction Id is: -1,current interaction Id is:33
06-28 18:24:04.963   646   646 E WifiHAL : enter wifi_get_link_stats
06-28 18:24:05.413  1849  1906 D TelephonyManager: getAllCellInfo calling app is com.huawei.lbs
06-28 18:24:05.417  1969  2813 W PhoneInterfaceManager: shouldBlockLocation running ...
06-28 18:24:05.417  1969  2813 I PhoneInterfaceManager: shouldBlockLocation  ret:false
06-28 18:24:05.420  1849  1906 E HwLBSService.HwNLPWifiScanManager:  cellInfosize :  0
06-28 18:24:05.420  1849  1905 D HwLBSService.HwNLPEngine:   handleMessage: HWNLP_LOC_SCAN_READY 
06-28 18:24:05.420  1849  1905 D HwLBSService.HwNLPEngine:  handlerRequestSDKLocation type :  6 , ctx : 46
06-28 18:24:05.420  1849  1905 D HwLBSService.HwNLPEngine:  handlerRequestSDKLocation  :  all null
06-28 18:24:05.532   731   731 W irqbalance: type=1400 audit(0.0:36378): avc: denied { dac_override } for capability=1 scontext=u:r:irqbalance:s0 tcontext=u:r:irqbalance:s0 tclass=capability permissive=0
06-28 18:24:05.532   731   731 W irqbalance: type=1400 audit(0.0:36379): avc: denied { dac_override } for capability=1 scontext=u:r:irqbalance:s0 tcontext=u:r:irqbalance:s0 tclass=capability permissive=0
06-28 18:24:05.532   731   731 W irqbalance: type=1400 audit(0.0:36380): avc: denied { dac_override } for capability=1 scontext=u:r:irqbalance:s0 tcontext=u:r:irqbalance:s0 tclass=capability permissive=0
06-28 18:24:05.536   731   731 W irqbalance: type=1400 audit(0.0:36381): avc: denied { dac_override } for capability=1 scontext=u:r:irqbalance:s0 tcontext=u:r:irqbalance:s0 tclass=capability permissive=0
06-28 18:24:05.536   731   731 I chatty  : uid=0(root) /vendor/bin/irqbalance identical 3 lines
06-28 18:24:05.536   731   731 W irqbalance: type=1400 audit(0.0:36385): avc: denied { dac_override } for capability=1 scontext=u:r:irqbalance:s0 tcontext=u:r:irqbalance:s0 tclass=capability permissive=0
06-28 18:24:05.536   731   731 W irqbalance: type=1400 audit(0.0:36386): avc: denied { dac_override } for capability=1 scontext=u:r:irqbalance:s0 tcontext=u:r:irqbalance:s0 tclass=capability permissive=0
06-28 18:24:05.537   731   731 I irqbalance: Centralize irq 80 to cpu 0
06-28 18:24:05.538   731   731 I irqbalance: Centralize irq 69 to cpu 0
06-28 18:24:05.539   731   731 I irqbalance: Centralize irq 16 to cpu 0
06-28 18:24:05.539   731   731 I irqbalance: Centralize irq 67 to cpu 0
06-28 18:24:05.540   731   731 I irqbalance: Centralize irq 455 to cpu 0
06-28 18:24:05.540   731   731 I irqbalance: Centralize irq 70 to cpu 0
06-28 18:24:05.540   731   731 I irqbalance: Centralize irq 79 to cpu 0
06-28 18:24:05.541   731   731 I irqbalance: Centralize irq 112 to cpu 0
06-28 18:24:05.541   731   731 I irqbalance: Centralize irq 128 to cpu 0
06-28 18:24:05.931  1773  2765 W QueryController: Could not detect idle state.
06-28 18:24:05.933  1773  2765 W AccessibilityInteractionClient: old interaction Id is: -1,current interaction Id is:34
06-28 18:24:05.938  1773  2765 W AccessibilityInteractionClient: old interaction Id is: -1,current interaction Id is:35
06-28 18:24:05.959  1724  1724 D StatusBarIconController: setIconVisibility icon is null or visibility not change visibility=false
06-28 18:24:05.962  1724  1724 D StatusBarIconController: setIconVisibility icon is null or visibility not change visibility=false
06-28 18:24:06.138  3093  2827 W NetRec  : [5598] ahtr.a: Timeout after 2241 ms while waiting for score updates. Returning 1.
06-28 18:24:06.168  3093  2827 I NetRec  : [5598] ahtr.a: Still entries pending update, scheduling new rapid_refresh_scores_task refresh.
06-28 18:24:06.180  3093  2827 I NetRec  : [5598] ahtr.a: Completed rapid_refresh_scores_task score refresh task in 2313 ms, returning 1
06-28 18:24:06.181  1114  6779 V BroadcastQueue: Finished with ordered broadcast BroadcastRecord{e20738 u0 com.google.android.gms.gcm.ACTION_SCHEDULE}
06-28 18:24:06.204  3093 10815 D WorkSource: Insert in WorkSource{} @ 0 uid 10021 name com.google.android.gms
06-28 18:24:06.205  1114  6779 W HwAlarmManagerService: isContainsAppUidInWorksource-->happend NameNotFoundException
06-28 18:24:06.205  1114  6779 W HwAlarmManagerService: isContainsAppUidInWorksource-->happend NameNotFoundException
06-28 18:24:06.949  1773  2765 W QueryController: Could not detect idle state.
06-28 18:24:06.951  1773  2765 W AccessibilityInteractionClient: old interaction Id is: -1,current interaction Id is:36
06-28 18:24:06.956   635   635 I chatty  : uid=1000(system) hwsched@1.0-ser expire 25 lines
06-28 18:24:06.956  1773  2765 W AccessibilityInteractionClient: old interaction Id is: -1,current interaction Id is:37
06-28 18:24:06.961  1724  1724 D StatusBarIconController: setIconVisibility icon is null or visibility not change visibility=false
06-28 18:24:06.963  1724  1724 D StatusBarIconController: setIconVisibility icon is null or visibility not change visibility=false
06-28 18:24:07.369  3116  3178 D LogUtil_LogConfig: getLogFile(): logFilePath = /data/data/com.huawei.health/files/com.huawei.health/com.huawei.health_DaemonService/
06-28 18:24:07.369  3116  3178 D LogUtil_LogConfig: obtainSavePath(): path = 1
06-28 18:24:07.369  3116  3178 D LogUtil_LogConfig: acquireMaxLogFileLengthContainsOffset describe: com.huawei.health:DaemonService result:5242880
06-28 18:24:07.369  3116  3178 D LogUtil_LogConfig: getLogFileRoot(): logFilePath = /data/data/com.huawei.health/files/com.huawei.health/com.huawei.health_DaemonService/
06-28 18:24:07.893  1114  4002 I chatty  : uid=1000(system) MobileQosDetect expire 10 lines
06-28 18:24:07.970  1773  2765 W QueryController: Could not detect idle state.
06-28 18:24:07.973  1773  2765 W AccessibilityInteractionClient: old interaction Id is: -1,current interaction Id is:38
06-28 18:24:07.977  1773  2765 W AccessibilityInteractionClient: old interaction Id is: -1,current interaction Id is:39
06-28 18:24:07.978  2219  2398 I chatty  : uid=10400(com.mixgo.PropertySEO) expire 613 lines
06-28 18:24:07.982   646   646 E WifiHAL : enter wifi_get_link_stats
06-28 18:24:08.399  1849  1890 D HwLBSService.HwNLPPositionManager:   handleMessage: MSG_SESSION_TIMEOUT 
06-28 18:24:08.399  1849  1890 D HwLBSService.HwNLPAccManager: getHwNLPAccFusionLocation, mSDKLocatinList.size: 0
06-28 18:24:08.400  1849  1890 D HwLBSService.HwNLPAccManager: clear mSDKLocationList
06-28 18:24:08.400  1849  1890 D ARMoudle.HwActivityRecognition: getCurrentActivityExtend
06-28 18:24:08.401   589  2303 I ArHal   : (ar_data_get_state:1225):id[2]
06-28 18:24:08.406  1849  1890 D ARMoudle.HwActivityRecognition: hwActivityEvent:[ ActivityChangedExtendEvent:
06-28 18:24:08.406  1849  1890 D ARMoudle.HwActivityRecognition:     Activity='android.activity_recognition.relative_still', EventType=1, TimestampNs=104713889309269, Confidence=0
06-28 18:24:08.406  1849  1890 D ARMoudle.HwActivityRecognition:     Activity='android.activity_recognition.still', EventType=1, TimestampNs=117942089442914, Confidence=100
06-28 18:24:08.406  1849  1890 D ARMoudle.HwActivityRecognition: ]
06-28 18:24:08.406  1849  1890 D HwLBSService.HwNLPSRManager: activity is 0, tempConfidence is 100
06-28 18:24:08.406  1849  1890 D HwLBSService.HwNLPSRManager: getCurrentActivityExtend ok, currentActivity: ******
06-28 18:24:08.406  1849  1890 D HwLBSService.HwNLPSRManager: arInterval: 705902 ms
06-28 18:24:08.406  1849  1890 D HwLBSService.HwNLPCachedManager: arTimeStamp: 117942089442914, arMotionState: 0, dataSource: data_from_AR, arRelativeTime: 705895 ms
06-28 18:24:08.407  1849  1890 D HwLBSService.HwNLPCachedManager: AR is valid, activity type is 0
06-28 18:24:08.407  1849  1890 D HwLBSService.HwNLPCachedManager: nlpRelativeTime: 876505 ms
06-28 18:24:08.407  1849  1890 D HwLBSService.HwNLPCachedManager: getCachedLocation no cached_loc
06-28 18:24:08.407  1849  1890 D HwLBSService.HwNLPLogServices:  updateLocStatus : 2
06-28 18:24:08.407  1849  1890 D HwLBSService.HwNLPPositionManager: reportCacheLocation failed
06-28 18:24:08.407  1849  1890 D HwLBSService.HwNLPLogServices:  SessionFinish mCollectCount: 27 , errortype : 0
06-28 18:24:08.407  1849  1890 D HwLBSService.NLPPreferences: getUserConfirmedPreference, USER_CONFIRMED: userSwitch 1 startupSwitch 1 spResult true result true
06-28 18:24:08.408  1849  1890 D HwLBSService.HwNLPLogServices: updateHwNLPErrorEvent.
06-28 18:24:08.408  1849  1890 I iMonitor: create: 910009050
06-28 18:24:08.408  1849  1890 I iMonitor: create: 910009056
06-28 18:24:08.408  1849  1890 I iMonitor: create: 910009048
06-28 18:24:08.408  1849  1890 I iMonitor: create: 910009006
06-28 18:24:08.409  1849  1890 I iMonitor: create: 910000008
06-28 18:24:08.409  1849  1890 I iMonitor: send: 910000008
06-28 18:24:08.419   796  1102 I         : DPTEST  EventId is not need Hash
06-28 18:24:08.983  1773  2765 W QueryController: Could not detect idle state.
06-28 18:24:08.986  1773  2765 W AccessibilityInteractionClient: old interaction Id is: -1,current interaction Id is:40
06-28 18:24:08.991  1773  2765 W AccessibilityInteractionClient: old interaction Id is: -1,current interaction Id is:41
06-28 18:24:09.965  1724  1724 D StatusBarIconController: setIconVisibility icon is null or visibility not change visibility=false
06-28 18:24:09.966  1724  1724 D StatusBarIconController: setIconVisibility icon is null or visibility not change visibility=false
06-28 18:24:10.001  1773  2765 W QueryController: Could not detect idle state.
06-28 18:24:10.003  1773  2765 W AccessibilityInteractionClient: old interaction Id is: -1,current interaction Id is:42
06-28 18:24:10.013  1773  2765 W AccessibilityInteractionClient: old interaction Id is: -1,current interaction Id is:43
06-28 18:24:10.304  1900  3767 I chatty  : uid=1000(system) Binder:1900_6 expire 1 line
06-28 18:24:10.307  1114  6779 I BackgroundPermManager: pkgName: com.mixgo.PropertySEO,pid: 2219 ,uidOf3RdApk: 10400 ,permType: 2 ,permCfg: 0
06-28 18:24:10.308  1952  2110 I chatty  : uid=1000(system) core expire 32 lines
06-28 18:24:10.310  1849  1861 D HwLBSService.HwNLPLocationProvider: bootTime: 118649 s, source: WorkSource{}
06-28 18:24:10.310  1849  1849 D HwLBSService.HwNLPPositionManager: setRequest  ProviderRequest[OFF] , WorkSource{}
06-28 18:24:10.310  1849  1849 D HwLBSService.NLPPreferences: getUserConfirmedPreference, USER_CONFIRMED: userSwitch 1 startupSwitch 1 spResult true result true
06-28 18:24:10.310  1849  1849 D HwLBSService.HwNLPLogServices: updataRequestInfo  requestTime : 1561717450310, mMinDis : 2147483647, interval : 9223372036854775807APKName : []
06-28 18:24:10.311  1849  1849 D HwLBSService.HwNLPLogServices: dataflowStatistics  uid:1000, pid :1849
06-28 18:24:10.315  1849  1849 I NetworkStatsManager: querySummary callingPid = 1849
06-28 18:24:10.315  1114  1471 I NetworkStats: openSessionForUsageStats, pid = 1849, pkg = com.huawei.lbs
06-28 18:24:10.315  1114  1471 I NetworkStats: openSessionInternal,pid = 1849
06-28 18:24:10.316  1114  1471 I NetworkStats: performPollLocked, pid = 1114
06-28 18:24:10.336  1114  1471 W NetworkStatsFactory: mStatsXtProcUid: /proc/net/comm/stats does not exist!
06-28 18:24:10.336  1114  1471 D HwNetworkStatsService: hwRecordUidAndProcSnapshotLocked currentTime = 1561717450315
06-28 18:24:10.348  1114  1471 I NetworkStatsFactory: javaReadNetworkStatsUidAndProcDetail. cost time = 12
06-28 18:24:10.353  1114  1471 D HwNetworkStatsService: hwMaybeUidAndProcPersistLocked currentTime = 1561717450315
06-28 18:24:10.361  1849  1849 D HwLBSService.HwNLPLogServices: dataflowStatistics uid:1000 rx:0 tx:0, summaryTotal : 0
06-28 18:24:10.361  1849  1849 D HwLBSService.HwNLPPositionManager: updateRequirements  mEnabled :false, mRequest :ProviderRequest[OFF]
06-28 18:24:10.361  1849  1849 D HwLBSService.HwNLPPositionManager: disableProvider   name: network
06-28 18:24:10.361  1849  1849 D HwLBSService.HwFusionManager: HwNLPFusionClear 
06-28 18:24:10.361  1849  1849 E HwLBSService.HwNLPDBManager: closedb 
06-28 18:24:10.361  1849  1849 D HwLBSService.HwNLPEngine: removeSDKLocation  
06-28 18:24:10.363  2017  2247 E HSM_BG  : NatTrafficNotifyService:imsi is null, so return
06-28 18:24:10.540   731   731 W irqbalance: type=1400 audit(0.0:36387): avc: denied { dac_override } for capability=1 scontext=u:r:irqbalance:s0 tcontext=u:r:irqbalance:s0 tclass=capability permissive=0
06-28 18:24:10.540   731   731 W irqbalance: type=1400 audit(0.0:36388): avc: denied { dac_override } for capability=1 scontext=u:r:irqbalance:s0 tcontext=u:r:irqbalance:s0 tclass=capability permissive=0
06-28 18:24:10.545   731   731 I irqbalance: Centralize irq 80 to cpu 0
06-28 18:24:10.546   731   731 I irqbalance: Centralize irq 112 to cpu 0
06-28 18:24:10.869  1114  1477 D HwBatteryService: onUEvent fcpStatus = 0,scpStatus =0,ovpStatus=0
06-28 18:24:10.870  1114  1477 I HwBatteryService: quick charge status : 0
06-28 18:24:10.874  1114  1477 I HwBatteryService: handleWirelessTxStatus
06-28 18:24:10.874  1114  1477 I HwBatteryService: switch not open, return, mWirelessTxFlag : 0
06-28 18:24:10.874  1114  1477 I UsbDeviceManager: water_intrused state= 0
06-28 18:24:10.875  1114  1798 I BatteryService: normal charge status : 1
06-28 18:24:10.884  1114  1114 I chatty  : uid=1000 system_server expire 13 lines
06-28 18:24:10.886  1724  1724 D KeyguardUpdateMonitor: received broadcast android.intent.action.BATTERY_CHANGED
06-28 18:24:10.887  1724  1724 W KeyguardUpdateMonitor: ACTION_BATTERY_CHANGED AMP: 512000; Volt: 4800000
06-28 18:24:10.887  1724  1724 I KgBattery: (last-new)Status: 1 -> 1, chargeState=1 * branch=5
06-28 18:24:10.887  1724  1724 V KeyguardUpdateMonitor: RefreshBatteryInfo isBatteryLow: 100
06-28 18:24:10.887  1724  1724 W KeyguardUpdateMonitor: ChargingSpeed  Wattage: 2457600 ST: 5000000 --> 7500000
06-28 18:24:10.887  1724  1724 I KgBattery: BatteryInfo updated:  4lPC0
06-28 18:24:10.887  1724  1724 W AppHandler: sendMessage with obj100
06-28 18:24:10.887  1724  1724 D KeyguardUpdateMonitor: handleBatteryUpdate
06-28 18:24:10.887  1724  1724 I ColorPickUitls: type = 2
06-28 18:24:10.887  1724  1724 V KeyguardUpdateMonitor: RefreshBatteryInfo isBatteryLow: 100
06-28 18:24:10.887  1724  1724 W HwKgdBArea_BTY: updateBatteryInfo : false  true
06-28 18:24:10.888  1724  1724 W HwKgdBArea_BTY: updateBatteryInfo : false  true
06-28 18:24:10.888  1724  1724 W HwLockScreenPanel: Handle message: 100
06-28 18:24:10.888  1724  1724 W HwLockScreenPanel: refreshBatteryInfo: null
06-28 18:24:10.890  1724  1898 I KeyguardUtils: fpPath=sys/class/hw_power/charger/charge_data/chargerType, value=0
06-28 18:24:10.890  1724  1898 I chatty  : uid=10030(com.huawei.desktop.systemui) KG_Background_H identical 1 line
06-28 18:24:10.890  1724  1898 I KeyguardUtils: fpPath=sys/class/hw_power/charger/charge_data/chargerType, value=0
06-28 18:24:10.890  1724  1898 D KgBattery: BatteryInfo2: false; true; true; false; false; true
06-28 18:24:10.895  1952  1952 I chatty  : uid=1000(system) com.huawei.powergenie expire 1 line
06-28 18:24:10.897  1773  1773 D UIABatteryMonitor: notify battery changed. current level 100
06-28 18:24:10.900  1724  1898 W ExHandler: KG_Background_Handle_Thread running too long, use 12  { when=-13ms callback=com.android.keyguard.hwlockscreen.magazine.MagazineDetailView$3 target=com.huawei.keyguard.basetype.ExHandler }
06-28 18:24:10.952  1114  1561 I chatty  : uid=1000(system) WifiService expire 28 lines
06-28 18:24:10.960  2865  2865 W dumpsys : type=1400 audit(0.0:36389): avc: denied { read } for name="pipe-max-size" dev="proc" ino=862467 scontext=u:r:shell:s0 tcontext=u:object_r:proc_pipe_conf:s0 tclass=file permissive=0
06-28 18:24:10.967  1724  1724 D StatusBarIconController: setIconVisibility icon is null or visibility not change visibility=false
06-28 18:24:10.968  1724  1724 D StatusBarIconController: setIconVisibility icon is null or visibility not change visibility=false
06-28 18:24:11.009   646   646 E WifiHAL : enter wifi_get_link_stats
06-28 18:24:11.020  1773  2765 W QueryController: Could not detect idle state.
06-28 18:24:11.022  1773  2765 W AccessibilityInteractionClient: old interaction Id is: -1,current interaction Id is:44
06-28 18:24:11.023  1114  1562 I chatty  : uid=1000(system) WifiStateMachin expire 26 lines
06-28 18:24:11.027  1773  2765 W AccessibilityInteractionClient: old interaction Id is: -1,current interaction Id is:45
06-28 18:24:11.289  1849  1861 D HwLBSService.HwNLPPositionManager: getNLPStatus mNLPErrorcode: 2
06-28 18:24:12.033  1773  2765 W QueryController: Could not detect idle state.
06-28 18:24:12.035  1773  2765 W AccessibilityInteractionClient: old interaction Id is: -1,current interaction Id is:46
06-28 18:24:12.044  1773  2765 W AccessibilityInteractionClient: old interaction Id is: -1,current interaction Id is:47
06-28 18:24:12.292  1900  5205 I chatty  : uid=1000(system) Timer-0 expire 3 lines
06-28 18:24:12.293  1900  2069 I chatty  : uid=1000(system) GnssDataStatist expire 2 lines
06-28 18:24:12.293  1900  5205 I chatty  : uid=1000(system) Timer-0 expire 1 line
06-28 18:24:12.295  1900  5205 I iMonitor: create: 910009005
06-28 18:24:12.297  1969  2813 D PhoneInterfaceManager: [PhoneIntfMgr] isUserDataEnabled: subId=0 phoneId=0
06-28 18:24:12.298  1969  2813 D PhoneInterfaceManager: [PhoneIntfMgr] isUserDataEnabled: subId=0 retVal=true
06-28 18:24:12.298  1900  2069 D NcDft_GnssDataBaseManager: writeGnssDB  succ, rowChg=1
06-28 18:24:12.300  1900  5205 D NcDft_CommInfo: bluetooth IllegalAccessException | IllegalArgumentException | InvocationTargetException
06-28 18:24:12.301  1900  5205 D NcDft_CommInfo: bluetooth IllegalAccessException | IllegalArgumentException | InvocationTargetException
06-28 18:24:12.302  1900  5205 I iMonitor: create: 910009012
06-28 18:24:12.303  1900  5205 I iMonitor: send: 910000007
06-28 18:24:12.314   796  1102 I         : DPTEST  EventId is not need Hash
06-28 18:24:13.051  1773  2765 W QueryController: Could not detect idle state.
06-28 18:24:13.054  1773  2765 W AccessibilityInteractionClient: old interaction Id is: -1,current interaction Id is:48
06-28 18:24:13.064  1773  2765 W AccessibilityInteractionClient: old interaction Id is: -1,current interaction Id is:49
06-28 18:24:13.516   648  1284 I chatty  : uid=1041(audioserver) AudioOut_D expire 532 lines
06-28 18:24:14.033   646   646 E WifiHAL : enter wifi_get_link_stats
06-28 18:24:14.071  1773  2765 W QueryController: Could not detect idle state.
06-28 18:24:14.073  1773  2765 W AccessibilityInteractionClient: old interaction Id is: -1,current interaction Id is:50
06-28 18:24:14.079  1773  2765 W AccessibilityInteractionClient: old interaction Id is: -1,current interaction Id is:51
06-28 18:24:14.227  1900  2108 D HwWifiStatStore: handleMessage : 200
06-28 18:24:15.086  1773  2765 W QueryController: Could not detect idle state.
06-28 18:24:15.088  1773  2765 W AccessibilityInteractionClient: old interaction Id is: -1,current interaction Id is:52
06-28 18:24:15.094  1773  2765 W AccessibilityInteractionClient: old interaction Id is: -1,current interaction Id is:53
06-28 18:24:16.103  1773  2765 W QueryController: Could not detect idle state.
06-28 18:24:16.105  1773  2765 W AccessibilityInteractionClient: old interaction Id is: -1,current interaction Id is:54
06-28 18:24:16.110  1773  2765 W AccessibilityInteractionClient: old interaction Id is: -1,current interaction Id is:55
06-28 18:24:17.054   646   646 E WifiHAL : enter wifi_get_link_stats
06-28 18:24:17.081  1114  1790 W Watchdog: hungtask: writing kick
06-28 18:24:17.083  1114  1240 I chatty  : uid=1000(system) android.fg expire 2 lines
06-28 18:24:17.100   635   635 I chatty  : uid=1000(system) hwsched@1.0-ser expire 26 lines
06-28 18:24:17.120  1773  2765 W QueryController: Could not detect idle state.
06-28 18:24:17.122  1773  2765 W AccessibilityInteractionClient: old interaction Id is: -1,current interaction Id is:56
06-28 18:24:17.127  1773  2765 W AccessibilityInteractionClient: old interaction Id is: -1,current interaction Id is:57
06-28 18:24:17.232  1900  2108 D HwWifiStatStore: handleMessage : 200
06-28 18:24:18.094   776   776 E Thermal-daemon: [ap] temp_new :41  temp_old :42
06-28 18:24:18.095   776   776 E Thermal-daemon: Report temperature: [ap] temp :41  report_threshold:1
06-28 18:24:18.107  2219  2398 I chatty  : uid=10400(com.mixgo.PropertySEO) expire 632 lines
06-28 18:24:18.139  1773  2765 W QueryController: Could not detect idle state.
06-28 18:24:18.142  1773  2765 W AccessibilityInteractionClient: old interaction Id is: -1,current interaction Id is:58
06-28 18:24:18.147  1773  2765 W AccessibilityInteractionClient: old interaction Id is: -1,current interaction Id is:59
06-28 18:24:19.153  1773  2765 W QueryController: Could not detect idle state.
06-28 18:24:19.155  1773  2765 W AccessibilityInteractionClient: old interaction Id is: -1,current interaction Id is:60
06-28 18:24:19.161  1773  2765 W AccessibilityInteractionClient: old interaction Id is: -1,current interaction Id is:61
06-28 18:24:19.572   650   650 I chatty  : uid=1000(system) /system/bin/surfaceflinger expire 74 lines
06-28 18:24:19.582  2908  2912 D vndksupport: Loading /vendor/lib64/hw/android.hardware.graphics.mapper@2.0-impl.so from current namespace instead of sphal namespace.
06-28 18:24:19.584  2908  2912 D vndksupport: Loading /vendor/lib64/hw/gralloc.kirin970.so from current namespace instead of sphal namespace.
06-28 18:24:19.589   613   613 I chatty  : uid=1000(system) allocator@2.0-s expire 10 lines
06-28 18:24:20.092   646   646 E WifiHAL : enter wifi_get_link_stats
06-28 18:24:20.236  1900  2108 D HwWifiStatStore: handleMessage : 200
06-28 18:24:20.421  1773  2765 D UIAutomatorStub: URI: /jsonrpc/0, Method: POST, params, {NanoHttpd.QUERY_STRING=null}, files: {postData={"jsonrpc": "2.0", "id": "8353384cae8cc46e2dd8ae4acdc18450", "method": "waitForExists", "params": [{"mask": 1, "childOrSibling": [], "childOrSiblingSelector": [], "text": "ECOPROP"}, 20000]}}
06-28 18:24:20.431  1773  2765 W QueryController: Could not detect idle state.
06-28 18:24:20.435  1773  2765 W AccessibilityInteractionClient: old interaction Id is: -1,current interaction Id is:62
06-28 18:24:20.439  1773  2765 W AccessibilityInteractionClient: old interaction Id is: -1,current interaction Id is:63
06-28 18:24:21.446  1773  2765 W QueryController: Could not detect idle state.
06-28 18:24:21.448  1773  2765 W AccessibilityInteractionClient: old interaction Id is: -1,current interaction Id is:64
06-28 18:24:21.453  1773  2765 W AccessibilityInteractionClient: old interaction Id is: -1,current interaction Id is:65
06-28 18:24:21.976  1114  1561 I chatty  : uid=1000(system) WifiService expire 60 lines
06-28 18:24:21.987  1724  1724 D StatusBarIconController: setIconVisibility icon is null or visibility not change visibility=false
06-28 18:24:21.989  1724  1724 D StatusBarIconController: setIconVisibility icon is null or visibility not change visibility=false
06-28 18:24:22.461  1773  2765 W QueryController: Could not detect idle state.
06-28 18:24:22.464  1773  2765 W AccessibilityInteractionClient: old interaction Id is: -1,current interaction Id is:66
06-28 18:24:22.470  1773  2765 W AccessibilityInteractionClient: old interaction Id is: -1,current interaction Id is:67
06-28 18:24:22.838  3662  4479 W Conscrypt: Could not set socket write timeout: java.net.SocketException: Socket closed
06-28 18:24:22.838  3662  4479 W Conscrypt: 	at com.google.android.gms.org.conscrypt.Platform.setSocketWriteTimeout(:com.google.android.gms@14799037@14.7.99 (100400-223214910):2)
06-28 18:24:22.838  3662  4479 W Conscrypt: 	at com.google.android.gms.org.conscrypt.ConscryptFileDescriptorSocket.setSoWriteTimeout(:com.google.android.gms@14799037@14.7.99 (100400-223214910):2)
06-28 18:24:22.849  3662  4479 V NativeCrypto: SSL handshake aborted: ssl=0x729ae75408: I/O error during system call, Connection reset by peer
06-28 18:24:22.852  3662 31409 E ChromeSync: [Sync,SyncIntentOperation] Error handling the intent: Intent { act=android.intent.action.PACKAGE_ADDED dat=package:com.mixgo.PropertySEO flg=0x4000010 cmp=com.google.android.gms/.chimera.GmsIntentOperationService (has extras) }.
06-28 18:24:22.871  3662 31409 I Auth    : [SupervisedAccountIntentOperation] onHandleIntent(): android.intent.action.PACKAGE_ADDED
06-28 18:24:22.871  3662 31409 I Auth    : [SupervisedAccountIntentOperation] This operation is disabled
06-28 18:24:22.871  3662 31409 I ChromeSync: [Sync,SyncIntentOperation] Handling the intent: Intent { act=android.intent.action.PACKAGE_ADDED dat=package:com.mixgo.PropertySEO flg=0x4000010 cmp=com.google.android.gms/.chimera.GmsIntentOperationService (has extras) }.
06-28 18:24:22.875  3662 31409 I ChromeSync: [Persistence,AffiliationManager] Fetching affiliations from the server.
06-28 18:24:22.885  1114  1471 I chatty  : uid=1000(system) Binder:1114_3 expire 1 line
06-28 18:24:22.901  1114  1817 I chatty  : uid=1000(system) Binder:1114_6 expire 1 line
06-28 18:24:22.933  3662  2922 I PeopleContactsSync: triggerPendingContactsCleanup: no accounts
06-28 18:24:22.934  3662  3662 D WorkSource: i1=0 i2=0 N1=0: insert 10021 com.google.android.gms
06-28 18:24:22.934  3662  3662 D WorkSource: Insert in WorkSource{} @ 0 uid 10021 name com.google.android.gms
06-28 18:24:22.943  3662  3768 D WorkSource: i1=1 i2=0 N1=1: insert 10356 com.mixgo.PropertySEO
06-28 18:24:22.944  3662  3768 D WorkSource: Insert in WorkSource{10021 com.google.android.gms} @ 1 uid 10356 name com.mixgo.PropertySEO
06-28 18:24:22.944  1114  6299 E PowerManagerService: Exception when search wack lock :java.lang.IllegalArgumentException: Wake lock not active: android.os.BinderProxy@a8c2a02 from uid 10021
06-28 18:24:22.947  1114  1817 E PowerManagerService: Exception when search wack lock :java.lang.IllegalArgumentException: Wake lock not active: android.os.BinderProxy@a8c2a02 from uid 10021
06-28 18:24:22.967  3662  1495 D WorkSource: i1=0 i2=0 N1=1: insert 10021 com.google.android.gms
06-28 18:24:22.967  3662  1495 D WorkSource: Insert in WorkSource{10356 com.mixgo.PropertySEO} @ 0 uid 10021 name com.google.android.gms
06-28 18:24:22.968  1114  1471 E PowerManagerService: Exception when search wack lock :java.lang.IllegalArgumentException: Wake lock not active: android.os.BinderProxy@a8c2a02 from uid 10021
06-28 18:24:22.969  1114 12415 E PowerManagerService: Exception when search wack lock :java.lang.IllegalArgumentException: Wake lock not active: android.os.BinderProxy@a8c2a02 from uid 10021
06-28 18:24:22.988  1724  1724 D StatusBarIconController: setIconVisibility icon is null or visibility not change visibility=false
06-28 18:24:22.989  1724  1724 D StatusBarIconController: setIconVisibility icon is null or visibility not change visibility=false
06-28 18:24:23.097   776   776 E Thermal-daemon: [pa_0] temp_new :39  temp_old :40
06-28 18:24:23.100   776   776 E Thermal-daemon: Report temperature: [pa_0] temp :39  report_threshold:1
06-28 18:24:23.126   646   646 E WifiHAL : enter wifi_get_link_stats
06-28 18:24:23.160  3662  3993 I Icing   : IndexChimeraService.getServiceInterface callingPackage=com.google.android.gms componentName=AppsCorpus serviceId=32
06-28 18:24:23.163  3662  3991 I Icing   : IndexChimeraService.getServiceInterface callingPackage=com.google.android.gms componentName=AppsCorpus serviceId=36
06-28 18:24:23.211  1114  6153 D PackageManager: resolve intent for uid:10021, matchs:3, res:ResolveInfo{40665bd com.huawei.android.launcher/.unihome.UniHomeLauncher m=0x108000}
06-28 18:24:23.244  1900  2108 D HwWifiStatStore: handleMessage : 200
06-28 18:24:23.261  3662  2929 I Icing   : Usage reports ok 2, Failed Usage reports 0, indexed 0, rejected 0, imm upload false
06-28 18:24:23.284  1114 10297 D PackageManager: resolve intent for uid:10021, matchs:3, res:ResolveInfo{6e717b2 com.huawei.android.launcher/.unihome.UniHomeLauncher m=0x108000}
06-28 18:24:23.284  3662  2929 I Icing   : Usage reports ok 0, Failed Usage reports 0, indexed 0, rejected 0, imm upload false
06-28 18:24:23.476  1773  2765 W QueryController: Could not detect idle state.
06-28 18:24:23.477  1773  2765 W AccessibilityInteractionClient: old interaction Id is: -1,current interaction Id is:68
06-28 18:24:23.481  1773  2765 W AccessibilityInteractionClient: old interaction Id is: -1,current interaction Id is:69
06-28 18:24:23.903  1114  1647 I chatty  : uid=1000(system) HuaweiWifiWatch expire 10 lines
06-28 18:24:23.904  1114  1617 I chatty  : uid=1000(system) wifipro_uid_tcp expire 10 lines
06-28 18:24:24.268  3662  2929 I Icing   : Indexing com.google.android.gms-internal.3p:MobileApplication from com.google.android.gms
06-28 18:24:24.302  3662  2929 I Icing   : Indexing done com.google.android.gms-internal.3p:MobileApplication
06-28 18:24:24.305  3662  2929 I Icing   : Indexing com.google.android.gms-internal.3p:MusicGroup from com.google.android.gms
06-28 18:24:24.317  3662  2929 I Icing   : Indexing com.google.android.gms-apps from com.google.android.gms
06-28 18:24:24.326  1114 10297 I chatty  : uid=1000(system) Binder:1114_1B expire 13 lines
06-28 18:24:24.384  3662  2929 I Icing   : Indexing com.google.android.gms-internal.3p:DigitalDocument from com.google.android.gms
06-28 18:24:24.402  3662  2929 I Icing   : Indexing done com.google.android.gms-internal.3p:MusicGroup
06-28 18:24:24.403  3662  2929 I Icing   : Indexing com.google.android.gms-internal.3p:Event from com.google.android.gms
06-28 18:24:24.417  3662  2929 I Icing   : Indexing done com.google.android.gms-apps
06-28 18:24:24.418  3662  2929 I Icing   : Indexing com.google.android.gms-internal.3p:Photograph from com.google.android.gms
06-28 18:24:24.432  3662  2929 I Icing   : Indexing done com.google.android.gms-internal.3p:DigitalDocument
06-28 18:24:24.434  3662  2929 I Icing   : Indexing com.google.android.gms-internal.3p:MusicRecording from com.google.android.gms
06-28 18:24:24.445  3662  2929 I Icing   : Indexing done com.google.android.gms-internal.3p:Event
06-28 18:24:24.449  3662  2929 I Icing   : Indexing done com.google.android.gms-internal.3p:Photograph
06-28 18:24:24.452  3662  2929 I Icing   : Indexing done com.google.android.gms-internal.3p:MusicRecording
06-28 18:24:24.492  1773  2765 W QueryController: Could not detect idle state.
06-28 18:24:24.494  1773  2765 W AccessibilityInteractionClient: old interaction Id is: -1,current interaction Id is:70
06-28 18:24:24.498  1773  2765 W AccessibilityInteractionClient: old interaction Id is: -1,current interaction Id is:71
06-28 18:24:25.503  1773  2765 W QueryController: Could not detect idle state.
06-28 18:24:25.505  1773  2765 W AccessibilityInteractionClient: old interaction Id is: -1,current interaction Id is:72
06-28 18:24:25.511  1773  2765 W AccessibilityInteractionClient: old interaction Id is: -1,current interaction Id is:73
06-28 18:24:25.897  1114  1611 I chatty  : uid=1000(system) WiFiArpStateMac expire 18 lines
06-28 18:24:26.107   574   598 D         : Received kernel message payload: chr_event 9
06-28 18:24:26.107   574   598 I         : netd received web stat infomation,trigger chr report!
06-28 18:24:26.107   574   598 I         : netd received web stat infomation,trigger chr report!
