06-28 18:24:45.327  1114  1243 D HwGameAssistantController: UPDATE: mCurFgPkg=com.mixgo.PropertySEO, mCurFgPid=3044, mCurIsGame=false
06-28 18:24:45.327  3044  3228 E ActivityThread: Failed to find provider info for com.ss.android.article.news.DownloadProvider
06-28 18:24:45.328   646   646 D WifiHW  : chip is bcm bcm43xx
06-28 18:24:45.328   646   646 D         : Enter bcm_game_kog_adjust_speed: freq= 2437 mode= 6
06-28 18:24:45.328   646   646 D         : Enter wl_set_pmlock: pmlock= 0
06-28 18:24:45.329  1952  4046 I chatty  : uid=1000(system) CallbackHandler expire 1 line
06-28 18:24:45.330   646   646 D         : wl_set_pmlock: ret: 0
06-28 18:24:45.331  1900  2190 I OPCollectLog: OdmfHelper:insert dsCollectEncrypt success 
06-28 18:24:45.332  6701  6759 I [HwRecSys]OdmfCollectScheduler: handleMessage msg: 6
06-28 18:24:45.332  6701  6759 E [HwRecSys]HwRecSysService: Rec sys service not started.
06-28 18:24:45.332  1952  2705 I chatty  : uid=1000(system) HandleHighTempT expire 1 line
06-28 18:24:45.332   755   815 I dubaid  : [AudioHandler.cpp] stopSession# Failed to find audio session: 1833
06-28 18:24:45.334   789   789 D SensorHub: batch called handle:0 sample_ns:200000000 latency_ns:0
06-28 18:24:45.334   789   789 E SensorHub: in batch, handle = 0, flags = 0, period_ns = 200000000, timeout = 0
06-28 18:24:45.334  1952  2110 I chatty  : uid=1000(system) core expire 2 lines
06-28 18:24:45.334  1952  2110 I SensorState: addSensor,mHandles:{0=1}
06-28 18:24:45.335   789   789 I Sensors@1.0-impl: activate-0 enabled-1 fwkOals-1 camOals-0 fwkOcolor-1 camOcolor-0 fwkOtof-0 camOtof-0
06-28 18:24:45.335   789   789 D SensorHub: enableSensor-> handle: 0 enable : 1
06-28 18:24:45.335   789   789 D SensorHub: Channel activate-> handle: 0, enabled:1, err: 0
06-28 18:24:45.335   789   789 D SensorHub: batch called handle:0 sample_ns:20000000 latency_ns:0
06-28 18:24:45.335   789   789 E SensorHub: in batch, handle = 0, flags = 0, period_ns = 20000000, timeout = 0
06-28 18:24:45.337   574  3240 D libc    : GetAddrInfoHandler addr: 168.0.1
06-28 18:24:45.340  1952  2110 I PGAudioState: AUDIO_CREATAE_TRACK, audioInfo : [trackId : 255, sessionId : 1841, type : audio_out, threadType : MIXER, streamType : MUSIC, pid : 3044, uid : 10400, createState : new, playState : stop, audioTrackVolume: 1.0, finalVolume : 0.0, loop : false, stopByZeroTime : 0]
06-28 18:24:45.342  3044  3241 I chatty  : uid=10400(com.mixgo.PropertySEO) expire 3 lines
06-28 18:24:45.343  1114  1114 D MediaRouterService: onAudioPlayerActiveStateChanged: uid=10400, active=true, restoreUid=10400
06-28 18:24:45.343  1667  2401 V AudioManager: mPlaybackCallbackList.size:1
06-28 18:24:45.343  1667  2475 D AudioManager: dispatching onPlaybackConfigChanged()
06-28 18:24:45.349  1952  2110 I PGAudioState: AUDIO_ADD_ACTIVE_TRACK, track id : 255
06-28 18:24:45.349  1869  1882 E HsmCoreServiceImpl: onTransact in code is: 102
06-28 18:24:45.349  1869  1882 I MediaProcessHandler: processOp opType: 0, uid: 10400, pid: 3044
06-28 18:24:45.349  1952  2110 I PGAudioState: not start audio out because audio inactive pid: 3044 uid:10400
06-28 18:24:45.349  1869  1882 I MediaProcessHandler: executedCallBack opType: 0 mMediaStatusObservers.size=0
06-28 18:24:45.351  1952  2705 I ThermalTraceDBManager: addHighTempDistributionToDB sucessfull!
06-28 18:24:45.353   613   613 I GRALLOC : getCallingPid=650, shrFd=31,fmt=0x1,intFmt=0x200000001,btStrd=4352,size=9973760,pid=613 
06-28 18:24:45.353   613   613 I GRALLOC : 	 yuv=2,w=1080,h=2244,Stride u=0 v=0,offset u=0 v=0 
06-28 18:24:45.353   613   613 I GRALLOC : 	 iova_size=9973760,conUsg=0xb00,proUsg=0xb00,	 strd=1088,[afbc]HdrStrd=1088 PyldStrd=69632 Scrmbl=2,ionhnd = 1 
06-28 18:24:45.358   613   613 I GRALLOC : getCallingPid=650, shrFd=31,fmt=0x1,intFmt=0x200000001,btStrd=4352,size=9973760,pid=613 
06-28 18:24:45.358   613   613 I GRALLOC : 	 yuv=2,w=1080,h=2244,Stride u=0 v=0,offset u=0 v=0 
06-28 18:24:45.358   613   613 I GRALLOC : 	 iova_size=9973760,conUsg=0xb00,proUsg=0xb00,	 strd=1088,[afbc]HdrStrd=1088 PyldStrd=69632 Scrmbl=2,ionhnd = 1 
06-28 18:24:45.360 31509 31509 D ZrHung.AppEyeUiProbe: notify runnable to start.
06-28 18:24:45.361 31509 31509 D ZrHung.AppEyeUiProbe: stop checker.
06-28 18:24:45.362  1869  1882 I BoosterSwitchP: notifyUidState do nothing
06-28 18:24:45.362  1869  1882 I DeepNoDisturbP: notifyUidState
06-28 18:24:45.362  1869  1882 I HidataAppQoeP: notifyUidState
06-28 18:24:45.362  1869  1882 I BrowserChrP: notifyUidState
06-28 18:24:45.363 31509 31509 D ActivityThread: Remove activity client record, r= ActivityRecord{e85f356 token=android.os.BinderProxy@dabd588 {com.android.packageinstaller/com.android.packageinstaller.permission.ui.GrantPermissionsActivity}} token= android.os.BinderProxy@dabd588
06-28 18:24:45.363  1952  2594 W AwareLog: SmartIO2DMEPlugin: unknown process state: 1
06-28 18:24:45.363  1114  9129 V WindowManager: removeAppToken: AppWindowToken{e55356 token=Token{7977971 ActivityRecord{85e4b18 u0 com.android.packageinstaller/.permission.ui.GrantPermissionsActivity t213}}} delayed=false Callers=com.android.server.wm.DisplayContent.removeAppToken:1059 com.android.server.wm.AppWindowContainerController.removeContainer:301 com.android.server.am.ActivityRecord.removeWindowContainer:1152 com.android.server.am.ActivityStack.removeActivityFromHistoryLocked:4507 
06-28 18:24:45.364  1114 10297 D CountryDetector: isValidCountryIso: CN
06-28 18:24:45.364  1952  2773 E AwareLog: GameSdkConfigReader: GameSdkLog: idNameMap: null
06-28 18:24:45.403  3044  3237 I chatty  : uid=10400(com.mixgo.PropertySEO) expire 2 lines
06-28 18:24:45.417   753  1599 E DE N ABT: mergeProcessorOperating:1225: COMPONENT_RGBW already has data, can't add new data with mode(0x1000000), mode:0x16->0x1000016
06-28 18:24:45.417  1993  4986 D HwRecentsTaskUtils: refreshToCache
06-28 18:24:45.417  1993  4986 D HwRecentsTaskUtils: searchFromDate
06-28 18:24:45.421  1869 14011 E HsmCoreServiceImpl: onTransact in code is: 103
06-28 18:24:45.421  1869 14011 I MediaProcessHandler: playingUids: 10400|
06-28 18:24:45.424  1993  4986 I RecentsTaskLoadPlan: to show tasks size is 7
06-28 18:24:45.428  3044  3226 I chatty  : uid=10400(com.mixgo.PropertySEO) expire 2 lines
06-28 18:24:45.430  1114  1228 I ActivityManager: App 10400/com.mixgo.PropertySEO targets O+, restricted
06-28 18:24:45.433  1114  9129 I AlarmManager: remove alarm:Alarm{3fb8b19 type 0 when 1561717775292 PendingIntent{983772e: PendingIntentRecord{e9a752c com.mixgo.PropertySEO broadcastIntent}}com.mixgo.PropertySEO} according to operation:a767a60
06-28 18:24:45.433  3044  3249 I chatty  : uid=10400(com.mixgo.PropertySEO) expire 1 line
06-28 18:24:45.433  1114  2564 V BroadcastQueue: Finished with ordered broadcast BroadcastRecord{eec0e63 u0 cn.jpush.android.intent.CONNECTION}
06-28 18:24:45.433  1114  2564 I ActivityManager: App 10400/com.mixgo.PropertySEO targets O+, restricted
06-28 18:24:45.437  1114  9129 V BroadcastQueue: Finished with ordered broadcast BroadcastRecord{4d207de u0 cn.jpush.android.intent.ACTION_REPORT_HISTORY}
06-28 18:24:45.498  1114  1242 W WindowManager: Unable to start animation, surface is null or no children.
06-28 18:24:45.530  1114  1125 I chatty  : uid=1000(system) HeapTaskDaemon expire 1 line
06-28 18:24:45.531  1773  2765 W QueryController: Could not detect idle state.
06-28 18:24:45.532  1773  2765 W AccessibilityInteractionClient: old interaction Id is: -1,current interaction Id is:110
06-28 18:24:45.534  1773  2765 W AccessibilityInteractionClient: old interaction Id is: -1,current interaction Id is:111
06-28 18:24:45.540  1114  1123 I chatty  : uid=1000(system) FinalizerDaemon expire 1 line
06-28 18:24:45.572   731   731 W irqbalance: type=1400 audit(0.0:36394): avc: denied { dac_override } for capability=1 scontext=u:r:irqbalance:s0 tcontext=u:r:irqbalance:s0 tclass=capability permissive=0
06-28 18:24:45.576   731   731 I irqbalance: Centralize irq 21 to cpu 0
06-28 18:24:45.659  1952  2110 I PGAudioState: stop from audioTrack, pid:  sessionId: 1841
06-28 18:24:45.709   780  9105 I Pged-IPgedBinderService: ****action is 2, pid num is 2***
06-28 18:24:45.709   780  9105 I Pged-Freezer: thawPids
06-28 18:24:45.710  1952  2239 D PgedBinderAdapter: unfrz ok, pid: [30304]
06-28 18:24:45.825  1114  1114 I HwNormalizedSpline: mOminLevelMode:Day getBrightnessLevel lux =453.0,mDefaultBrightness=44.171944,mOCount=11
06-28 18:24:45.880   642  1038 E PF_PH   : [perfRequest:536] PerfRequest failed for pid 635
06-28 18:24:45.880   642  1038 E PF_GENIUS: [perfRequest] perfRequest failed.
06-28 18:24:45.885  1724  1724 I PhoneStatusBarView: mDelayedGetViewPositionOnScreen getLocationInWindow 0 0
06-28 18:24:45.885  1724  1724 I PhoneStatusBarView: mDelayedGetViewPositionOnScreen getLocationOnScreen 0 0
06-28 18:24:45.982  1952 26416 I DownloadState: @@@@@@@@@@@@ uid :2000 download :true
06-28 18:24:45.982  1952 26416 I PGServer: report state:5 event type:1 pid:0 uid:2000 pkg:null to pid: 1114
06-28 18:24:46.272 31509 31530 D ZrHung.AppEyeUiProbe: Current Activity:false
06-28 18:24:46.272 31509 31530 D ZrHung.AppEyeUiProbe: not watching, wait.
06-28 18:24:46.481   642   702 W PF_SYS_WRAPPER: [sysOpenAndWriteStr:83] [CPU_B] write to /sys/devices/system/cpu/cpu4/cpufreq/scaling_max_freq failed, errno=22 (Invalid argument) 
06-28 18:24:46.481   642   703 W PF_SYS_WRAPPER: [sysOpenAndWriteStr:83] [GPU] write to /sys/class/devfreq/gpufreq/max_freq failed, errno=22 (Invalid argument) 
06-28 18:24:46.538  1773  2765 W QueryController: Could not detect idle state.
06-28 18:24:46.542  1773  2765 W AccessibilityInteractionClient: old interaction Id is: -1,current interaction Id is:112
06-28 18:24:46.552  1773  2765 W AccessibilityInteractionClient: old interaction Id is: -1,current interaction Id is:113
06-28 18:24:46.835  1900  3767 D NcDft_ServiceImpl: notifyNcDftEvent domain is : 1 ;eventID is: 1101 ;bundle is Bundle[mParcelledData.dataSize=28]
06-28 18:24:46.835  1900  2082 D HwWifiCHRStateManager: handleMessage : 1101
06-28 18:24:46.836  1900  3767 D NcDft_ServiceImpl: notifyNcDftEvent domain is : 1 ;eventID is: 1121 ;bundle is Bundle[mParcelledData.dataSize=84]
06-28 18:24:46.836  1900  2082 D HwWifiCHRStateManager: handleMessage : 1121
06-28 18:24:46.836  1900  2082 E HwCHRWifiRSSIGroupSummery: updatArpSummery mRSSI:0  HwCHRWifiRSSIGroup [rssi_index=4, rtt_tcp_packets=0, rtt_tcp_duration=0, rtt_lan_duration=98756, rtt_lan_failures=0, rtt_lan_succ=1940, rtt_lan_max=995, rtt_lan_min=0,same_area_frequency=0,adjacent_area_frequency=0]
06-28 18:24:46.927  1114  1533 I chatty  : uid=1000(system) sManagerService expire 1 line
06-28 18:24:47.027  1724  1724 D StatusBarIconController: setIconVisibility icon is null or visibility not change visibility=false
06-28 18:24:47.028  1724  1724 I chatty  : uid=10030(com.huawei.desktop.systemui) com.android.systemui identical 4 lines
06-28 18:24:47.028  1724  1724 D StatusBarIconController: setIconVisibility icon is null or visibility not change visibility=false
06-28 18:24:47.083  1114  1790 W Watchdog: hungtask: writing kick
06-28 18:24:47.113   789   789 D SensorHub: Get acc data 0.160421, -0.018771, 10.035268
06-28 18:24:47.291  1900  2108 D HwWifiStatStore: handleMessage : 200
06-28 18:24:47.338   646   646 E WifiHAL : enter wifi_get_link_stats
06-28 18:24:47.574  1773  2765 W QueryController: Could not detect idle state.
06-28 18:24:47.578  1773  2765 W AccessibilityInteractionClient: old interaction Id is: -1,current interaction Id is:114
06-28 18:24:47.584  1773  2765 W AccessibilityInteractionClient: old interaction Id is: -1,current interaction Id is:115
06-28 18:24:48.029  1724  1724 D StatusBarIconController: setIconVisibility icon is null or visibility not change visibility=false
06-28 18:24:48.031  1724  1724 D StatusBarIconController: setIconVisibility icon is null or visibility not change visibility=false
06-28 18:24:48.117   776   776 E Thermal-daemon: [charger_ic] temp_new :41  temp_old :40
06-28 18:24:48.119  1952  2811 I ThermalService: Receive temperature change, type: 2, temp: 41 from thermald
06-28 18:24:48.119  1952  2586 D HwThermalStateManager: Thermal type: 2 cur_temperature:41
06-28 18:24:48.121   776   776 E Thermal-daemon: Report temperature: [charger_ic] temp :41  report_threshold:1
06-28 18:24:48.122   776   776 E Thermal-daemon: [pa_0] temp_new :40  temp_old :39
06-28 18:24:48.125  1952  2811 I ThermalService: Receive temperature change, type: 1, temp: 40 from thermald
06-28 18:24:48.125  1952  2586 D HwThermalStateManager: Thermal type: 1 cur_temperature:40
06-28 18:24:48.125   776   776 E Thermal-daemon: Report temperature: [pa_0] temp :40  report_threshold:1
06-28 18:24:48.134   776   776 E Thermal-daemon: [ap] temp_new :42  temp_old :41
06-28 18:24:48.135  1952  2811 I ThermalService: Receive temperature change, type: 0, temp: 42 from thermald
06-28 18:24:48.135   776   776 E Thermal-daemon: Report temperature: [ap] temp :42  report_threshold:1
06-28 18:24:48.135  1952  2586 D HwThermalStateManager: Thermal type: 0 cur_temperature:42
06-28 18:24:48.590  1773  2765 W QueryController: Could not detect idle state.
06-28 18:24:48.594  1773  2765 W AccessibilityInteractionClient: old interaction Id is: -1,current interaction Id is:116
06-28 18:24:48.598  1773  2765 W AccessibilityInteractionClient: old interaction Id is: -1,current interaction Id is:117
06-28 18:24:49.034  1724  1724 D StatusBarIconController: setIconVisibility icon is null or visibility not change visibility=false
06-28 18:24:49.035  1724  1724 D StatusBarIconController: setIconVisibility icon is null or visibility not change visibility=false
06-28 18:24:49.036  1724  1724 D StatusBarIconController: setIconVisibility icon is null or visibility not change visibility=false
06-28 18:24:49.070   635   635 I chatty  : uid=1000(system) hwsched@1.0-ser expire 20 lines
06-28 18:24:49.605  1773  2765 W QueryController: Could not detect idle state.
06-28 18:24:49.609  1773  2765 W AccessibilityInteractionClient: old interaction Id is: -1,current interaction Id is:118
06-28 18:24:49.612  1773  2765 W AccessibilityInteractionClient: old interaction Id is: -1,current interaction Id is:119
06-28 18:24:49.700   776  2993 E Thermal-daemon: current_STD > IT_STD, result invalid. 
06-28 18:24:49.700   776  2993 E Thermal-daemon: device current too high (-79), during charging or current std is invalid. 
06-28 18:24:49.700   776  2993 E Thermal-daemon: latest temp -40000 at 2019/6/28, 10h:24m:49s.
06-28 18:24:49.701   776  2993 E Thermal-daemon: write_fd_value: /sys/class/hw_thermal/temp/ambient failed. count = -1, sizeof(data) = 4096 
06-28 18:24:49.701   776  2993 E Thermal-daemon: write amebient temp to node failed. 
06-28 18:24:49.705  1773  1782 W System  : A resource failed to call end. 
06-28 18:24:49.709  1773  1782 I chatty  : uid=10380(com.github.uiautomator) FinalizerDaemon identical 34 lines
06-28 18:24:49.709  1773  1782 W System  : A resource failed to call end. 
06-28 18:24:49.710  1773  1782 W System  : A resource failed to call end. 
06-28 18:24:49.711  1773  1782 W System  : A resource failed to call end. 
06-28 18:24:49.712  1773  1782 W System  : A resource failed to call end. 
06-28 18:24:49.713  1773  1782 W System  : A resource failed to call end. 
06-28 18:24:50.295  1900  2108 D HwWifiStatStore: handleMessage : 200
06-28 18:24:50.350  1114  1217 I chatty  : uid=1000(system) android.bg expire 1 line
06-28 18:24:50.372   646   646 E WifiHAL : enter wifi_get_link_stats
06-28 18:24:50.507  1166  1166 I aptouch_daemon: check_afe_status, afe[95 1 X1] [ctrl:X40020 ftr:X100] dif[20 -26] raw[32910 32530] [exp:X0 aN:0 lo:0]
06-28 18:24:50.621  1773  2765 W QueryController: Could not detect idle state.
06-28 18:24:50.624  1773  2765 W AccessibilityInteractionClient: old interaction Id is: -1,current interaction Id is:120
06-28 18:24:50.629  1773  2765 W AccessibilityInteractionClient: old interaction Id is: -1,current interaction Id is:121
06-28 18:24:50.838   642   642 E PF_PH   : [perfRequest:536] PerfRequest failed for pid 635
06-28 18:24:50.838   642   642 E PF_GENIUS: [perfRequest] perfRequest failed.
06-28 18:24:50.989  1952 26416 I DownloadState: 2000 stop download, curr: 1451638348, base: 1451638348, delta: 0
06-28 18:24:50.989  1952 26416 I DownloadState: @@@@@@@@@@@@ uid :2000 download :false
06-28 18:24:50.989  1952 26416 I PGServer: report state:5 event type:2 pid:0 uid:2000 pkg:null to pid: 1114
06-28 18:24:51.035  1724  1724 D StatusBarIconController: setIconVisibility icon is null or visibility not change visibility=false
06-28 18:24:51.037  1724  1724 D StatusBarIconController: setIconVisibility icon is null or visibility not change visibility=false
06-28 18:24:51.072   648  1284 I chatty  : uid=1041(audioserver) AudioOut_D expire 449 lines
06-28 18:24:51.635  1773  2765 W QueryController: Could not detect idle state.
06-28 18:24:51.640  1773  2765 W AccessibilityInteractionClient: old interaction Id is: -1,current interaction Id is:122
06-28 18:24:51.645  1773  2765 W AccessibilityInteractionClient: old interaction Id is: -1,current interaction Id is:123
06-28 18:24:51.859  1114  1611 I chatty  : uid=1000(system) WiFiArpStateMac expire 8 lines
06-28 18:24:52.652  1773  2765 W QueryController: Could not detect idle state.
06-28 18:24:52.654  1773  2765 W AccessibilityInteractionClient: old interaction Id is: -1,current interaction Id is:124
06-28 18:24:52.659  1773  2765 W AccessibilityInteractionClient: old interaction Id is: -1,current interaction Id is:125
06-28 18:24:53.038  1724  1724 D StatusBarIconController: setIconVisibility icon is null or visibility not change visibility=false
06-28 18:24:53.040  1724  1724 D StatusBarIconController: setIconVisibility icon is null or visibility not change visibility=false
06-28 18:24:53.301  1900  2108 D HwWifiStatStore: handleMessage : 200
06-28 18:24:53.409   646   646 E WifiHAL : enter wifi_get_link_stats
06-28 18:24:53.433  1114  1562 I chatty  : uid=1000(system) WifiStateMachin expire 26 lines
06-28 18:24:53.670  1773  2765 W QueryController: Could not detect idle state.
06-28 18:24:53.674  1773  2765 W AccessibilityInteractionClient: old interaction Id is: -1,current interaction Id is:126
06-28 18:24:53.682  1773  2765 W AccessibilityInteractionClient: old interaction Id is: -1,current interaction Id is:127
06-28 18:24:54.040  1724  1724 D StatusBarIconController: setIconVisibility icon is null or visibility not change visibility=false
06-28 18:24:54.041  1724  1724 D StatusBarIconController: setIconVisibility icon is null or visibility not change visibility=false
06-28 18:24:54.042  1724  1724 D StatusBarIconController: setIconVisibility icon is null or visibility not change visibility=false
06-28 18:24:54.427  3044  3087 I chatty  : uid=10400(com.mixgo.PropertySEO) expire 1 line
06-28 18:24:54.688  1773  2765 W QueryController: Could not detect idle state.
06-28 18:24:54.690  1773  2765 W AccessibilityInteractionClient: old interaction Id is: -1,current interaction Id is:128
06-28 18:24:54.698  1773  2765 W AccessibilityInteractionClient: old interaction Id is: -1,current interaction Id is:129
06-28 18:24:54.702  3044  3138 I chatty  : uid=10400(com.mixgo.PropertySEO) expire 589 lines
06-28 18:24:55.706  1773  2765 W QueryController: Could not detect idle state.
06-28 18:24:55.708  1773  2765 W AccessibilityInteractionClient: old interaction Id is: -1,current interaction Id is:130
06-28 18:24:55.714  1773  2765 W AccessibilityInteractionClient: old interaction Id is: -1,current interaction Id is:131
06-28 18:24:55.936  1114  1647 I chatty  : uid=1000(system) HuaweiWifiWatch expire 6 lines
06-28 18:24:56.307  1900  2108 D HwWifiStatStore: handleMessage : 200
06-28 18:24:56.438   646   646 E WifiHAL : enter wifi_get_link_stats
06-28 18:24:56.718  1773  2765 W QueryController: Could not detect idle state.
06-28 18:24:56.721  1773  2765 W AccessibilityInteractionClient: old interaction Id is: -1,current interaction Id is:132
06-28 18:24:56.725  1773  2765 W AccessibilityInteractionClient: old interaction Id is: -1,current interaction Id is:133
06-28 18:24:57.735  1773  2765 W QueryController: Could not detect idle state.
06-28 18:24:57.737  1773  2765 W AccessibilityInteractionClient: old interaction Id is: -1,current interaction Id is:134
06-28 18:24:57.743  1773  2765 W AccessibilityInteractionClient: old interaction Id is: -1,current interaction Id is:135
06-28 18:24:58.749  1773  2765 W QueryController: Could not detect idle state.
06-28 18:24:58.752  1773  2765 W AccessibilityInteractionClient: old interaction Id is: -1,current interaction Id is:136
06-28 18:24:58.756  1773  2765 W AccessibilityInteractionClient: old interaction Id is: -1,current interaction Id is:137
06-28 18:24:59.313  1900  2108 D HwWifiStatStore: handleMessage : 200
06-28 18:24:59.460   646   646 E WifiHAL : enter wifi_get_link_stats
06-28 18:24:59.742   635   635 I chatty  : uid=1000(system) hwsched@1.0-ser expire 29 lines
06-28 18:24:59.765  1773  2765 W QueryController: Could not detect idle state.
06-28 18:24:59.767  1773  2765 W AccessibilityInteractionClient: old interaction Id is: -1,current interaction Id is:138
06-28 18:24:59.773  1773  2765 W AccessibilityInteractionClient: old interaction Id is: -1,current interaction Id is:139
06-28 18:24:59.808   650   929 I chatty  : uid=1000(system) Binder:650_1 expire 2 lines
06-28 18:25:00.006  1114  1114 V AlarmManager: Received TIME_TICK alarm; rescheduling
06-28 18:25:00.007  1114  1114 I HwAlarmManagerService: hwSetAlarm listenerTag: time_tick
06-28 18:25:00.012  1724  1724 E DateView: DateView,mCurrentTime: 1561717500012
06-28 18:25:00.021  1724  1724 I EventCenter: EventCenter Get :android.intent.action.TIME_TICK
06-28 18:25:00.043  1724  1724 W HwKeyguardDragHelper: AnimationBlocked 
06-28 18:25:00.049  1724  1724 E ndroid.systemu: No package ID ff found for ID 0xffffffff.
06-28 18:25:00.050  1724  1724 D WeatherHelper: City info empty
06-28 18:25:00.051  1724  1724 E ndroid.systemu: No package ID ff found for ID 0xffffffff.
06-28 18:25:00.053  1724  1724 D WeatherHelper: City info empty
06-28 18:25:00.054  1724  1724 D KeyguardUpdateMonitor: received broadcast android.intent.action.TIME_TICK
06-28 18:25:00.055  1724  1724 D KeyguardUpdateMonitor: handleTimeUpdate
06-28 18:25:00.055  1724  1898 I KeyguardStatusView: Runnable for refresh
06-28 18:25:00.058  1724  1724 D WeatherHelper: City info empty
06-28 18:25:00.059  1993  1993 I HwLauncher: Model  onReceive intent=Intent { act=android.intent.action.TIME_TICK flg=0x50200014 hwFlg=0x900 (has extras) }
06-28 18:25:00.059  1993  1993 I HwLauncher: Model  onReceive user=UserHandle{0}
06-28 18:25:00.083  1724  1724 W HwKeyguardDragHelper: AnimationBlocked 
06-28 18:25:00.092  3116  4559 I Step_LSC: 90003365|processHandleBroadcastAction action:android.intent.action.TIME_TICK
06-28 18:25:00.096  1114  2564 V BroadcastQueue: Finished with ordered broadcast BroadcastRecord{28ae6db u-1 android.intent.action.TIME_TICK}
06-28 18:25:00.103  3116  4559 I Step_SPUtils: 90003365|setAliveRecord  success: timestampArg=1561717500093 elapsedRealtimeArg=118699678
06-28 18:25:00.121  1724  1724 D WeatherHelper: City info empty
06-28 18:25:00.122  1724  1724 D DateTimeView: Change to single clock mode!
06-28 18:25:00.122  1724  1724 D WeatherHelper: City info empty
06-28 18:25:00.123  1724  1724 I ColorPickUitls: type = 2
06-28 18:25:00.123  1724  1724 D WeatherHelper: City info empty
06-28 18:25:00.124  1724  1724 D DateTimeView: Change to single clock mode!
06-28 18:25:00.124  1724  1724 D WeatherHelper: City info empty
06-28 18:25:00.124  1724  1724 I ColorPickUitls: type = 2
06-28 18:25:00.155   574   598 D         : Received kernel message payload: chr_event 9
06-28 18:25:00.155   574   598 I         : netd received web stat infomation,trigger chr report!
06-28 18:25:00.155   574   598 I         : netd received web stat infomation,trigger chr report!
06-28 18:25:00.155   574   598 I         : ReportType 0 0 0 0 0 0 0 0 0 0 0 0 0 0 0 0 0 0 0 0 0 0 0 0 0 0 0 0 0 0 0 0 0 0 0 0 0 0 0 0 0 0 0 0 0 0 0 0 0 0 0 0 0 0 0 0 0 0 0 0 0 0 0 0 0 0 0 0 0 0 0 0 0 0 0 0 0 0 0 0 0 0 0 0 0 0 0 0 0 0 0 0 0 0 0 0 0 0 0 0 0 0 0 0 0 0 0 0 0 0 0 0 0 0 0 0 0 0 0 0 0 0 0 0 0 0 0 0 0 0 0 0 0 0 0 0 0 0 0 0 0 0 0 0 0 0 0 0 0 0 0 0 0 0 0 0 0 0 0 0 0 0 0 0 0 0 0 0 0 0 0 0 0 0 0 0 0 0 0 0 0 0 0 0 0 0 0 0 0 0 0 0 0 0 0 0 0 0 0 0 0 0 0 0 0 0 0 0 0 0 0 0 0 0 0 0 0 0 0 0 0 0 0 0 0 0 0 0 0 ReportType 0 158 0 0 0 0 0 6 0 0 0 0 0 0 4 2 0 0 0 0 0 0 0 0 0 0 0 0 0 0 0 0 0 0 0 0 0 0 0 0 0 0 0 0 0 0 0 0 0 0 0 0 0 0 0 0 0 0 0 0 0 0 0 0 0 0 0 0 0 0 0 0 0 0 0 0 0 0 0 0 0 0 0 0 0 0 0 0 0 0 0 0 0 0 0 0 0 0 0 0 0 0 0 0 0 0 0 0 0 0 0 0 0 0 0 0 0 0 0 0 0 0 0 0 0 0 0 0 0 0 0 0 0 0 0 0 0 0 0 0 0 0 0 0 0 0 0 0 0 0 0 0 0 0 0 0 0 0 0 0 0 0 0 0 0 0 0 0 0 0 0 0 0 0 0 0 0 0 0 0 0 0 0 0 0 0 0 0 0 0 0 0 0 0 0 0 0 0 0 0 0 0 0 0 0 0 0 0 0 0 0 0 54 10 16 0 0 0 0 0 0 0 0 0 0 0 0 0 0
06-28 18:25:00.156   574   598 W SocketListener: sending broadcast to Pid = 1114, Uid = 1000 
06-28 18:25:00.158  1114  1555 D NetdConnector: RCV <- {661 ReportType 0 0 0 0 0 0 0 0 0 0 0 0 0 0 0 0 0 0 0 0 0 0 0 0 0 0 0 0 0 0 0 0 0 0 0 0 0 0 0 0 0 0 0 0 0 0 0 0 0 0 0 0 0 0 0 0 0 0 0 0 0 0 0 0 0 0 0 0 0 0 0 0 0 0 0 0 0 0 0 0 0 0 0 0 0 0 0 0 0 0 0 0 0 0 0 0 0 0 0 0 0 0 0 0 0 0 0 0 0 0 0 0 0 0 0 0 0 0 0 0 0 0 0 0 0 0 0 0 0 0 0 0 0 0 0 0 0 0 0 0 0 0 0 0 0 0 0 0 0 0 0 0 0 0 0 0 0 0 0 0 0 0 0 0 0 0 0 0 0 0 0 0 0 0 0 0 0 0 0 0 0 0 0 0 0 0 0 0 0 0 0 0 0 0 0 0 0 0 0 0 0 0 0 0 0 0 0 0 0 0 0 0 0 0 0 0 0 0 0 0 0 0 0 0 0 0 0 0 0 ReportType 0 158 0 0 0 0 0 6 0 0 0 0 0 0 4 2 0 0 0 0 0 0 0 0 0 0 0 0 0 0 0 0 0 0 0 0 0 0 0 0 0 0 0 0 0 0 0 0 0 0 0 0 0 0 0 0 0 0 0 0 0 0 0 0 0 0 0 0 0 0 0 0 0 0 0 0 0 0 0 0 0 0 0 0 0 0 0 0 0 0 0 0 0 0 0 0 0 0 0 0 0 0 0 0 0 0 0 0 0 0 0 0 0 0 0 0 0 0 0 0 0 0 0 0 0 0 0 0 0 0 0 0 0 0 0 0 0 0 0 0 0 0 0 0 0 0 0 0 0 0 0 0 0 0 0 0 0 0 0 0 0 0 0 0 0 0 0 0 0 0 0 0 0 0 0 0 0 0 0 0 0 0 0 0 0 0 0 0 0 0 0 0 0 0 0 0 0 0 0 0 0 0 0 0 0 0 0 0 0 0 0 0 54 10 16 0 0 0 0 0 0 0 0 0 0 0 0 0 0}
06-28 18:25:00.160  1114  1555 D NetdConnector: RCV <- {661 ReportType 0 0 0 0 0 0 0 0 0 0 0 0 0 0 0 0 0 0 0 0 0 0 0 0 0 0 0 0 0 0 0 0 0 0 0 0 0 0 0 0 0 0 0 0 0 0 0 0 0 0 0 0 0 0 0 0 0 0 0 0 0 0 0 0 0 0 0 0 0 0 0 0 0 0 0 0 0 0 0 0 0 0 0 0 0 0 0 0 0 0 0 0 0 0 0 0 0 0 0 0 0 0 0 0 0 0 0 0 0 0 0 0 0 0 0 0 0 0 0 0 0 0 0 0 0 0 0 0 0 0 0 0 0 0 0 0 0 0 0 0 0 0 0 0 0 0 0 0 0 0 0 0 0 0 0 0 0 0 0 0 0 0 0 0 0 0 0 0 0 0 0 0 0 0 0 0 0 0 0 0 0 0 0 0 0 0 0 0 0 0 0 0 0 0 0 0 0 0 0 0 0 0 0 0 0 0 0 0 0 0 0 0 0 0 0 0 0 0 0 0 0 0 0 0 0 0 0 0 0 ReportType 0 158 0 0 0 0 0 6 0 0 0 0 0 0 4 2 0 0 0 0 0 0 0 0 0 0 0 0 0 0 0 0 0 0 0 0 0 0 0 0 0 0 0 0 0 0 0 0 0 0 0 0 0 0 0 0 0 0 0 0 0 0 0 0 0 0 0 0 0 0 0 0 0 0 0 0 0 0 0 0 0 0 0 0 0 0 0 0 0 0 0 0 0 0 0 0 0 0 0 0 0 0 0 0 0 0 0 0 0 0 0 0 0 0 0 0 0 0 0 0 0 0 0 0 0 0 0 0 0 0 0 0 0 0 0 0 0 0 0 0 0 0 0 0 0 0 0 0 0 0 0 0 0 0 0 0 0 0 0 0 0 0 0 0 0 0 0 0 0 0 0 0 0 0 0 0 0 0 0 0 0 0 0 0 0 0 0 0 0 0 0 0 0 0 0 0 0 0 0 0 0 0 0 0 0 0 0 0 0 0 0 0 54 10 16 0 0 0 0 0 0 0 0 0 0 0 0 0 0}
06-28 18:25:00.164  1114  1240 D NetdConnector: RCV unsolicited event from native daemon, event = 661
06-28 18:25:00.172  1114  1240 D HwNetworkManagementService: onEvent receive Web Stat Report:661 ReportType 0 0 0 0 0 0 0 0 0 0 0 0 0 0 0 0 0 0 0 0 0 0 0 0 0 0 0 0 0 0 0 0 0 0 0 0 0 0 0 0 0 0 0 0 0 0 0 0 0 0 0 0 0 0 0 0 0 0 0 0 0 0 0 0 0 0 0 0 0 0 0 0 0 0 0 0 0 0 0 0 0 0 0 0 0 0 0 0 0 0 0 0 0 0 0 0 0 0 0 0 0 0 0 0 0 0 0 0 0 0 0 0 0 0 0 0 0 0 0 0 0 0 0 0 0 0 0 0 0 0 0 0 0 0 0 0 0 0 0 0 0 0 0 0 0 0 0 0 0 0 0 0 0 0 0 0 0 0 0 0 0 0 0 0 0 0 0 0 0 0 0 0 0 0 0 0 0 0 0 0 0 0 0 0 0 0 0 0 0 0 0 0 0 0 0 0 0 0 0 0 0 0 0 0 0 0 0 0 0 0 0 0 0 0 0 0 0 0 0 0 0 0 0 0 0 0 0 0 0 ReportType 0 158 0 0 0 0 0 6 0 0 0 0 0 0 4 2 0 0 0 0 0 0 0 0 0 0 0 0 0 0 0 0 0 0 0 0 0 0 0 0 0 0 0 0 0 0 0 0 0 0 0 0 0 0 0 0 0 0 0 0 0 0 0 0 0 0 0 0 0 0 0 0 0 0 0 0 0 0 0 0 0 0 0 0 0 0 0 0 0 0 0 0 0 0 0 0 0 0 0 0 0 0 0 0 0 0 0 0 0 0 0 0 0 0 0 0 0 0 0 0 0 0 0 0 0 0 0 0 0 0 0 0 0 0 0 0 0 0 0 0 0 0 0 0 0 0 0 0 0 0 0 0 0 0 0 0 0 0 0 0 0 0 0 0 0 0 0 0 0 0 0 0 0 0 0 0 0 0 0 0 0 0 0 0 0 0 0 0 0 0 0 0 0 0 0 0 0 0 0 0 0 0 0 0 0 0 0 0 0 0 0 0 54 10 16 0 0 0 0 0 0 0 0 0 0 0 0 0 0
06-28 18:25:00.178  3093  5484 W Conscrypt: Could not set socket write timeout: java.net.SocketException: Socket closed
06-28 18:25:00.178  3093  5484 W Conscrypt: 	at com.google.android.gms.org.conscrypt.Platform.setSocketWriteTimeout(:com.google.android.gms@14799037@14.7.99 (100400-223214910):2)
06-28 18:25:00.178  3093  5484 W Conscrypt: 	at com.google.android.gms.org.conscrypt.ConscryptFileDescriptorSocket.setSoWriteTimeout(:com.google.android.gms@14799037@14.7.99 (100400-223214910):2)
06-28 18:25:00.189  3093  5484 V NativeCrypto: SSL handshake aborted: ssl=0x7299419508: I/O error during system call, Connection reset by peer
06-28 18:25:00.212  3093  3732 E akgr    : Phenotype API error. Event # brpy@89ee47a7, EventCode: 12 [CONTEXT service_id=51 ]
06-28 18:25:00.212  3093  3732 E akgr    : akfn: 29503
06-28 18:25:00.212  3093  3732 E akgr    : 	at akgy.a(:com.google.android.gms@14799037@14.7.99 (100400-223214910):40)
06-28 18:25:00.212  3093  3732 E akgr    : 	at akgx.b(Unknown Source:2)
06-28 18:25:00.212  3093  3732 E akgr    : 	at akgr.a(:com.google.android.gms@14799037@14.7.99 (100400-223214910):107)
06-28 18:25:00.212  3093  3732 E akgr    : 	at akgr.a(:com.google.android.gms@14799037@14.7.99 (100400-223214910):101)
06-28 18:25:00.212  3093  3732 E akgr    : 	at ybc.run(:com.google.android.gms@14799037@14.7.99 (100400-223214910):27)
06-28 18:25:00.212  3093  3732 E akgr    : 	at beyi.run(:com.google.android.gms@14799037@14.7.99 (100400-223214910):2)
06-28 18:25:00.212  3093  3732 E akgr    : 	at qwc.run(:com.google.android.gms@14799037@14.7.99 (100400-223214910):21)
06-28 18:25:00.212  3093  3732 E akgr    : 	at java.util.concurrent.ThreadPoolExecutor.runWorker(ThreadPoolExecutor.java:1167)
06-28 18:25:00.212  3093  3732 E akgr    : 	at java.util.concurrent.ThreadPoolExecutor$Worker.run(ThreadPoolExecutor.java:641)
06-28 18:25:00.212  3093  3732 E akgr    : 	at rbx.run(Unknown Source:7)
06-28 18:25:00.212  3093  3732 E akgr    : 	at java.lang.Thread.run(Thread.java:784)
06-28 18:25:00.214  3093  3732 E AsyncOperation: serviceID=51, operation=GetCommittedConfigurationOperationCall
06-28 18:25:00.214  3093  3732 E AsyncOperation: OperationException[Status{statusCode=unknown status code: 29503, resolution=null}]
06-28 18:25:00.214  3093  3732 E AsyncOperation: 	at akgr.a(:com.google.android.gms@14799037@14.7.99 (100400-223214910):115)
06-28 18:25:00.214  3093  3732 E AsyncOperation: 	at akgr.a(:com.google.android.gms@14799037@14.7.99 (100400-223214910):101)
06-28 18:25:00.214  3093  3732 E AsyncOperation: 	at ybc.run(:com.google.android.gms@14799037@14.7.99 (100400-223214910):27)
06-28 18:25:00.214  3093  3732 E AsyncOperation: 	at beyi.run(:com.google.android.gms@14799037@14.7.99 (100400-223214910):2)
06-28 18:25:00.214  3093  3732 E AsyncOperation: 	at qwc.run(:com.google.android.gms@14799037@14.7.99 (100400-223214910):21)
06-28 18:25:00.214  3093  3732 E AsyncOperation: 	at java.util.concurrent.ThreadPoolExecutor.runWorker(ThreadPoolExecutor.java:1167)
06-28 18:25:00.214  3093  3732 E AsyncOperation: 	at java.util.concurrent.ThreadPoolExecutor$Worker.run(ThreadPoolExecutor.java:641)
06-28 18:25:00.214  3093  3732 E AsyncOperation: 	at rbx.run(Unknown Source:7)
06-28 18:25:00.214  3093  3732 E AsyncOperation: 	at java.lang.Thread.run(Thread.java:784)
06-28 18:25:00.216  3093  5484 E NetRec  : [259] ahqw.a: Could not retrieve server token for package com.google.android.apps.gcs
06-28 18:25:00.216  3093  5484 E NetRec  : java.util.concurrent.ExecutionException: ppw: 29503: 
06-28 18:25:00.216  3093  5484 E NetRec  : 	at arhb.b(:com.google.android.gms@14799037@14.7.99 (100400-223214910):2)
06-28 18:25:00.216  3093  5484 E NetRec  : 	at arhb.a(:com.google.android.gms@14799037@14.7.99 (100400-223214910):28)
06-28 18:25:00.216  3093  5484 E NetRec  : 	at ahqw.a(:com.google.android.gms@14799037@14.7.99 (100400-223214910):1)
06-28 18:25:00.216  3093  5484 E NetRec  : 	at ahqw.a(:com.google.android.gms@14799037@14.7.99 (100400-223214910):4)
06-28 18:25:00.216  3093  5484 E NetRec  : 	at ahqt.getHeaders(:com.google.android.gms@14799037@14.7.99 (100400-223214910):2)
06-28 18:25:00.216  3093  5484 E NetRec  : 	at com.android.volley.toolbox.HttpClientStack.performRequest(:com.google.android.gms@14799037@14.7.99 (100400-223214910):9)
06-28 18:25:00.216  3093  5484 E NetRec  : 	at qph.performRequest(:com.google.android.gms@14799037@14.7.99 (100400-223214910):1)
06-28 18:25:00.216  3093  5484 E NetRec  : 	at bpq.executeRequest(:com.google.android.gms@14799037@14.7.99 (100400-223214910):1)
06-28 18:25:00.216  3093  5484 E NetRec  : 	at com.android.volley.toolbox.BasicNetwork.performRequest(:com.google.android.gms@14799037@14.7.99 (100400-223214910):10)
06-28 18:25:00.216  3093  5484 E NetRec  : 	at qpi.performRequest(:com.google.android.gms@14799037@14.7.99 (100400-223214910):13)
06-28 18:25:00.216  3093  5484 E NetRec  : 	at com.android.volley.NetworkDispatcher.a(:com.google.android.gms@14799037@14.7.99 (100400-223214910):6)
06-28 18:25:00.216  3093  5484 E NetRec  : 	at com.android.volley.NetworkDispatcher.run(:com.google.android.gms@14799037@14.7.99 (100400-223214910):2)
06-28 18:25:00.216  3093  5484 E NetRec  : Caused by: ppw: 29503: 
06-28 18:25:00.216  3093  5484 E NetRec  : 	at pvq.a(:com.google.android.gms@14799037@14.7.99 (100400-223214910):3)
06-28 18:25:00.216  3093  5484 E NetRec  : 	at akei.b(:com.google.android.gms@14799037@14.7.99 (100400-223214910):3)
06-28 18:25:00.216  3093  5484 E NetRec  : 	at akgx.a(:com.google.android.gms@14799037@14.7.99 (100400-223214910):7)
06-28 18:25:00.216  3093  5484 E NetRec  : 	at yax.a(:com.google.android.gms@14799037@14.7.99 (100400-223214910):5)
06-28 18:25:00.216  3093  5484 E NetRec  : 	at ybc.run(:com.google.android.gms@14799037@14.7.99 (100400-223214910):34)
06-28 18:25:00.216  3093  5484 E NetRec  : 	at beyi.run(:com.google.android.gms@14799037@14.7.99 (100400-223214910):2)
06-28 18:25:00.216  3093  5484 E NetRec  : 	at qwc.run(:com.google.android.gms@14799037@14.7.99 (100400-223214910):21)
06-28 18:25:00.216  3093  5484 E NetRec  : 	at java.util.concurrent.ThreadPoolExecutor.runWorker(ThreadPoolExecutor.java:1167)
06-28 18:25:00.216  3093  5484 E NetRec  : 	at java.util.concurrent.ThreadPoolExecutor$Worker.run(ThreadPoolExecutor.java:641)
06-28 18:25:00.216  3093  5484 E NetRec  : 	at rbx.run(Unknown Source:7)
06-28 18:25:00.216  3093  5484 E NetRec  : 	at java.lang.Thread.run(Thread.java:784)
06-28 18:25:00.216  3093  5484 W NetRec  : [259] ahqw.a: No server tokens extracted.
06-28 18:25:00.259  3093  5484 W Conscrypt: Could not set socket write timeout: java.net.SocketException: Socket closed
06-28 18:25:00.260  3093  5484 W Conscrypt: 	at com.google.android.gms.org.conscrypt.Platform.setSocketWriteTimeout(:com.google.android.gms@14799037@14.7.99 (100400-223214910):2)
06-28 18:25:00.260  3093  5484 W Conscrypt: 	at com.google.android.gms.org.conscrypt.ConscryptFileDescriptorSocket.setSoWriteTimeout(:com.google.android.gms@14799037@14.7.99 (100400-223214910):2)
06-28 18:25:00.272  3093  5484 V NativeCrypto: SSL handshake aborted: ssl=0x729944ea48: I/O error during system call, Connection reset by peer
06-28 18:25:00.780  1773  2765 W QueryController: Could not detect idle state.
06-28 18:25:00.782  1773  2765 W AccessibilityInteractionClient: old interaction Id is: -1,current interaction Id is:140
06-28 18:25:00.787  1773  2765 W AccessibilityInteractionClient: old interaction Id is: -1,current interaction Id is:141
06-28 18:25:01.699   626  1582 I chatty  : uid=1041(audioserver) effect expire 3 lines
06-28 18:25:01.793  1773  2765 W QueryController: Could not detect idle state.
06-28 18:25:01.795  1773  2765 W AccessibilityInteractionClient: old interaction Id is: -1,current interaction Id is:142
06-28 18:25:01.800  1773  2765 W AccessibilityInteractionClient: old interaction Id is: -1,current interaction Id is:143
06-28 18:25:01.892   648  1284 I chatty  : uid=1041(audioserver) AudioOut_D expire 393 lines
06-28 18:25:02.281  1114  5061 I chatty  : uid=1000(system) mss_handler_thr expire 6 lines
06-28 18:25:02.320  1900  2108 D HwWifiStatStore: handleMessage : 200
06-28 18:25:02.480   646   646 E WifiHAL : enter wifi_get_link_stats
06-28 18:25:02.811  1773  2765 W QueryController: Could not detect idle state.
06-28 18:25:02.814  1773  2765 W AccessibilityInteractionClient: old interaction Id is: -1,current interaction Id is:144
06-28 18:25:02.818  1773  2765 W AccessibilityInteractionClient: old interaction Id is: -1,current interaction Id is:145
06-28 18:25:03.143   776   776 E Thermal-daemon: [charger_ic] temp_new :40  temp_old :41
06-28 18:25:03.143  1952  2811 I ThermalService: Receive temperature change, type: 2, temp: 40 from thermald
06-28 18:25:03.144   776   776 E Thermal-daemon: Report temperature: [charger_ic] temp :40  report_threshold:1
06-28 18:25:03.145  1952  2586 D HwThermalStateManager: Thermal type: 2 cur_temperature:40
06-28 18:25:03.823  1773  2765 W QueryController: Could not detect idle state.
06-28 18:25:03.825  1773  2765 W AccessibilityInteractionClient: old interaction Id is: -1,current interaction Id is:146
06-28 18:25:03.830  1773  2765 W AccessibilityInteractionClient: old interaction Id is: -1,current interaction Id is:147
06-28 18:25:04.429  3044  3087 I chatty  : uid=10400(com.mixgo.PropertySEO) expire 1 line
06-28 18:25:04.433  3044  3138 I chatty  : uid=10400(com.mixgo.PropertySEO) expire 61 lines
06-28 18:25:04.838  1773  2765 W QueryController: Could not detect idle state.
06-28 18:25:04.841  1773  2765 W AccessibilityInteractionClient: old interaction Id is: -1,current interaction Id is:148
06-28 18:25:04.846  1773  2765 W AccessibilityInteractionClient: old interaction Id is: -1,current interaction Id is:149
06-28 18:25:05.323  1900  2108 D HwWifiStatStore: handleMessage : 200
06-28 18:25:05.441  3044  3138 D         : addLayerName, tid:3138
06-28 18:25:05.458  3044  3138 D         : addLayerName, tid:3138
06-28 18:25:05.474  3044  3138 D         : addLayerName, tid:3138
06-28 18:25:05.490  3044  3138 D         : addLayerName, tid:3138
06-28 18:25:05.499   646   646 E WifiHAL : enter wifi_get_link_stats
06-28 18:25:05.508  3044  3138 D         : addLayerName, tid:3138
06-28 18:25:05.523  3044  3138 D         : addLayerName, tid:3138
06-28 18:25:05.540  3044  3138 D         : addLayerName, tid:3138
06-28 18:25:05.557  3044  3138 D         : addLayerName, tid:3138
06-28 18:25:05.573  3044  3138 D         : addLayerName, tid:3138
06-28 18:25:05.590  3044  3138 D         : addLayerName, tid:3138
06-28 18:25:05.606  3044  3138 D         : addLayerName, tid:3138
06-28 18:25:05.622  3044  3138 D         : addLayerName, tid:3138
06-28 18:25:05.640  3044  3138 D         : addLayerName, tid:3138
06-28 18:25:05.655  3044  3138 D         : addLayerName, tid:3138
06-28 18:25:05.673  3044  3138 D         : addLayerName, tid:3138
06-28 18:25:05.689  3044  3138 D         : addLayerName, tid:3138
06-28 18:25:05.705  3044  3138 D         : addLayerName, tid:3138
06-28 18:25:05.722  3044  3138 D         : addLayerName, tid:3138
06-28 18:25:05.738  3044  3138 D         : addLayerName, tid:3138
06-28 18:25:05.754  3044  3138 D         : addLayerName, tid:3138
06-28 18:25:05.771  3044  3138 D         : addLayerName, tid:3138
06-28 18:25:05.788  3044  3138 D         : addLayerName, tid:3138
06-28 18:25:05.805  3044  3138 D         : addLayerName, tid:3138
06-28 18:25:05.821  3044  3138 D         : addLayerName, tid:3138
06-28 18:25:05.837  3044  3138 D         : addLayerName, tid:3138
06-28 18:25:05.852  1773  2765 W QueryController: Could not detect idle state.
06-28 18:25:05.854  1773  2765 W AccessibilityInteractionClient: old interaction Id is: -1,current interaction Id is:150
06-28 18:25:05.854  3044  3138 D         : addLayerName, tid:3138
06-28 18:25:05.859  1773  2765 W AccessibilityInteractionClient: old interaction Id is: -1,current interaction Id is:151
06-28 18:25:05.871  3044  3138 D         : addLayerName, tid:3138
06-28 18:25:05.888  3044  3138 D         : addLayerName, tid:3138
06-28 18:25:05.904  3044  3138 D         : addLayerName, tid:3138
06-28 18:25:05.920  3044  3138 D         : addLayerName, tid:3138
06-28 18:25:05.937  3044  3138 D         : addLayerName, tid:3138
06-28 18:25:05.953  3044  3138 D         : addLayerName, tid:3138
06-28 18:25:05.970  3044  3138 D         : addLayerName, tid:3138
06-28 18:25:05.986  3044  3138 D         : addLayerName, tid:3138
06-28 18:25:06.003  3044  3138 D         : addLayerName, tid:3138
06-28 18:25:06.020  3044  3138 D         : addLayerName, tid:3138
06-28 18:25:06.035  3044  3138 D         : addLayerName, tid:3138
06-28 18:25:06.036  1114  1561 I chatty  : uid=1000(system) WifiService expire 11 lines
06-28 18:25:06.053  3044  3138 D         : addLayerName, tid:3138
06-28 18:25:06.069  3044  3138 D         : addLayerName, tid:3138
06-28 18:25:06.086  3044  3138 D         : addLayerName, tid:3138
06-28 18:25:06.102  3044  3138 D         : addLayerName, tid:3138
06-28 18:25:06.118  3044  3138 D         : addLayerName, tid:3138
06-28 18:25:06.135  3044  3138 D         : addLayerName, tid:3138
06-28 18:25:06.150  3044  3138 D         : addLayerName, tid:3138
06-28 18:25:06.167  3044  3138 D         : addLayerName, tid:3138
06-28 18:25:06.185  3044  3138 D         : addLayerName, tid:3138
06-28 18:25:06.201  3044  3138 D         : addLayerName, tid:3138
06-28 18:25:06.218  3044  3138 D         : addLayerName, tid:3138
06-28 18:25:06.234  3044  3138 D         : addLayerName, tid:3138
06-28 18:25:06.251  3044  3138 D         : addLayerName, tid:3138
06-28 18:25:06.267  3044  3138 D         : addLayerName, tid:3138
06-28 18:25:06.283  3044  3138 D         : addLayerName, tid:3138
06-28 18:25:06.300  3044  3138 D         : addLayerName, tid:3138
06-28 18:25:06.317  3044  3138 D         : addLayerName, tid:3138
06-28 18:25:06.333  3044  3138 D         : addLayerName, tid:3138
06-28 18:25:06.349  3044  3138 D         : addLayerName, tid:3138
06-28 18:25:06.366  3044  3138 D         : addLayerName, tid:3138
06-28 18:25:06.382  3044  3138 D         : addLayerName, tid:3138
06-28 18:25:06.399  3044  3138 D         : addLayerName, tid:3138
06-28 18:25:06.416  3044  3138 D         : addLayerName, tid:3138
06-28 18:25:06.432  3044  3138 D         : addLayerName, tid:3138
06-28 18:25:06.449  3044  3138 D         : addLayerName, tid:3138
06-28 18:25:06.465  3044  3138 D         : addLayerName, tid:3138
06-28 18:25:06.482  3044  3138 D         : addLayerName, tid:3138
06-28 18:25:06.498  3044  3138 D         : addLayerName, tid:3138
06-28 18:25:06.514  3044  3138 D         : addLayerName, tid:3138
06-28 18:25:06.531  3044  3138 D         : addLayerName, tid:3138
06-28 18:25:06.547  3044  3138 D         : addLayerName, tid:3138
06-28 18:25:06.566  3044  3138 D         : addLayerName, tid:3138
06-28 18:25:06.581  3044  3138 D         : addLayerName, tid:3138
06-28 18:25:06.598  3044  3138 D         : addLayerName, tid:3138
06-28 18:25:06.613  3044  3138 D         : addLayerName, tid:3138
06-28 18:25:06.631  3044  3138 D         : addLayerName, tid:3138
06-28 18:25:06.647  3044  3138 D         : addLayerName, tid:3138
06-28 18:25:06.662  3044  3138 D         : addLayerName, tid:3138
06-28 18:25:06.681  3044  3138 D         : addLayerName, tid:3138
06-28 18:25:06.697  3044  3138 D         : addLayerName, tid:3138
06-28 18:25:06.713  3044  3138 D         : addLayerName, tid:3138
06-28 18:25:06.730  3044  3138 D         : addLayerName, tid:3138
06-28 18:25:06.746  3044  3138 D         : addLayerName, tid:3138
06-28 18:25:06.762  3044  3138 D         : addLayerName, tid:3138
06-28 18:25:06.780  3044  3138 D         : addLayerName, tid:3138
06-28 18:25:06.795  3044  3138 D         : addLayerName, tid:3138
06-28 18:25:06.812  3044  3138 D         : addLayerName, tid:3138
06-28 18:25:06.829  3044  3138 D         : addLayerName, tid:3138
06-28 18:25:06.845  3044  3138 D         : addLayerName, tid:3138
06-28 18:25:06.862  3044  3138 D         : addLayerName, tid:3138
06-28 18:25:06.866  1773  2765 W QueryController: Could not detect idle state.
06-28 18:25:06.869  1773  2765 W AccessibilityInteractionClient: old interaction Id is: -1,current interaction Id is:152
06-28 18:25:06.875  1773  2765 W AccessibilityInteractionClient: old interaction Id is: -1,current interaction Id is:153
06-28 18:25:06.879  3044  3138 D         : addLayerName, tid:3138
06-28 18:25:06.895  3044  3138 D         : addLayerName, tid:3138
06-28 18:25:06.911  3044  3138 D         : addLayerName, tid:3138
06-28 18:25:06.928  3044  3138 D         : addLayerName, tid:3138
06-28 18:25:06.943  3044  3138 D         : addLayerName, tid:3138
06-28 18:25:06.960  3044  3138 D         : addLayerName, tid:3138
06-28 18:25:06.977  3044  3138 D         : addLayerName, tid:3138
06-28 18:25:06.994  3044  3138 D         : addLayerName, tid:3138
06-28 18:25:07.010  3044  3138 D         : addLayerName, tid:3138
06-28 18:25:07.027  3044  3138 D         : addLayerName, tid:3138
06-28 18:25:07.044  3044  3138 D         : addLayerName, tid:3138
06-28 18:25:07.060  3044  3138 D         : addLayerName, tid:3138
06-28 18:25:07.078  3044  3138 D         : addLayerName, tid:3138
06-28 18:25:07.088  3093  5481 W Conscrypt: Could not set socket write timeout: java.net.SocketException: Socket closed
06-28 18:25:07.088  3093  5481 W Conscrypt: 	at com.google.android.gms.org.conscrypt.Platform.setSocketWriteTimeout(:com.google.android.gms@14799037@14.7.99 (100400-223214910):2)
06-28 18:25:07.088  3093  5481 W Conscrypt: 	at com.google.android.gms.org.conscrypt.ConscryptFileDescriptorSocket.setSoWriteTimeout(:com.google.android.gms@14799037@14.7.99 (100400-223214910):2)
06-28 18:25:07.094  3044  3138 D         : addLayerName, tid:3138
06-28 18:25:07.099  3093  5481 V NativeCrypto: SSL handshake aborted: ssl=0x729ae884c8: I/O error during system call, Connection reset by peer
06-28 18:25:07.110  3044  3138 D         : addLayerName, tid:3138
06-28 18:25:07.125  3044  3138 D         : addLayerName, tid:3138
06-28 18:25:07.142  3044  3138 D         : addLayerName, tid:3138
06-28 18:25:07.159  3044  3138 D         : addLayerName, tid:3138
06-28 18:25:07.176  3044  3138 D         : addLayerName, tid:3138
06-28 18:25:07.192  3044  3138 D         : addLayerName, tid:3138
06-28 18:25:07.209  3044  3138 D         : addLayerName, tid:3138
06-28 18:25:07.226  3044  3138 D         : addLayerName, tid:3138
06-28 18:25:07.242  3044  3138 D         : addLayerName, tid:3138
06-28 18:25:07.258  3044  3138 D         : addLayerName, tid:3138
06-28 18:25:07.275  3044  3138 D         : addLayerName, tid:3138
06-28 18:25:07.292  3044  3138 D         : addLayerName, tid:3138
06-28 18:25:07.307  3044  3138 D         : addLayerName, tid:3138
06-28 18:25:07.324  3044  3138 D         : addLayerName, tid:3138
06-28 18:25:07.341  3044  3138 D         : addLayerName, tid:3138
06-28 18:25:07.357  3044  3138 D         : addLayerName, tid:3138
06-28 18:25:07.374  3044  3138 D         : addLayerName, tid:3138
06-28 18:25:07.393  3044  3138 D         : addLayerName, tid:3138
06-28 18:25:07.396  3116  3178 D LogUtil_LogConfig: getLogFile(): logFilePath = /data/data/com.huawei.health/files/com.huawei.health/com.huawei.health_DaemonService/
06-28 18:25:07.397  3116  3178 D LogUtil_LogConfig: obtainSavePath(): path = 1
06-28 18:25:07.397  3116  3178 D LogUtil_LogConfig: acquireMaxLogFileLengthContainsOffset describe: com.huawei.health:DaemonService result:5242880
06-28 18:25:07.397  3116  3178 D LogUtil_LogConfig: getLogFileRoot(): logFilePath = /data/data/com.huawei.health/files/com.huawei.health/com.huawei.health_DaemonService/
06-28 18:25:07.407  3044  3138 D         : addLayerName, tid:3138
06-28 18:25:07.423  3044  3138 D         : addLayerName, tid:3138
06-28 18:25:07.440  3044  3138 D         : addLayerName, tid:3138
06-28 18:25:07.455  3044  3138 D         : addLayerName, tid:3138
06-28 18:25:07.473  3044  3138 D         : addLayerName, tid:3138
06-28 18:25:07.489  3044  3138 D         : addLayerName, tid:3138
06-28 18:25:07.507  3044  3138 D         : addLayerName, tid:3138
06-28 18:25:07.522  3044  3138 D         : addLayerName, tid:3138
06-28 18:25:07.539  3044  3138 D         : addLayerName, tid:3138
06-28 18:25:07.555  3044  3138 D         : addLayerName, tid:3138
06-28 18:25:07.572  3044  3138 D         : addLayerName, tid:3138
06-28 18:25:07.589  3044  3138 D         : addLayerName, tid:3138
06-28 18:25:07.605  3044  3138 D         : addLayerName, tid:3138
06-28 18:25:07.621  3044  3138 D         : addLayerName, tid:3138
06-28 18:25:07.638  3044  3138 D         : addLayerName, tid:3138
06-28 18:25:07.655  3044  3138 D         : addLayerName, tid:3138
06-28 18:25:07.670  3044  3138 D         : addLayerName, tid:3138
06-28 18:25:07.688  3044  3138 D         : addLayerName, tid:3138
06-28 18:25:07.704  3044  3138 D         : addLayerName, tid:3138
06-28 18:25:07.720  3044  3138 D         : addLayerName, tid:3138
06-28 18:25:07.737  3044  3138 D         : addLayerName, tid:3138
06-28 18:25:07.754  3044  3138 D         : addLayerName, tid:3138
06-28 18:25:07.770  3044  3138 D         : addLayerName, tid:3138
06-28 18:25:07.786  3044  3138 D         : addLayerName, tid:3138
06-28 18:25:07.803  3044  3138 D         : addLayerName, tid:3138
06-28 18:25:07.820  3044  3138 D         : addLayerName, tid:3138
06-28 18:25:07.837  3044  3138 D         : addLayerName, tid:3138
06-28 18:25:07.853  3044  3138 D         : addLayerName, tid:3138
06-28 18:25:07.869  3044  3138 D         : addLayerName, tid:3138
06-28 18:25:07.880  1773  2765 W QueryController: Could not detect idle state.
