06-28 18:23:13.551  1114  1114 D SecurityProfileDB:                 "NORMAL"
06-28 18:23:13.551  1114  1114 D SecurityProfileDB:             ]
06-28 18:23:13.551  1114  1114 D SecurityProfileDB:         },
06-28 18:23:13.551  1114  1114 D SecurityProfileDB:         "com.ximalaya.ting.android": {
06-28 18:23:13.551  1114  1114 D SecurityProfileDB:             "policy_version": 2,
06-28 18:23:13.551  1114  1114 D SecurityProfileDB:             "apk_digest": {
06-28 18:23:13.551  1114  1114 D SecurityProfileDB:                 "digest_algorithm": "SHA-256",
06-28 18:23:13.551  1114  1114 D SecurityProfileDB:                 "digest": "ltEwA2NUWdvMg5xpCVbO2OYvn5VUqmcGgsUQtvGID08=",
06-28 18:23:13.551  1114  1114 D SecurityProfileDB:                 "signature_scheme": "v2"
06-28 18:23:13.551  1114  1114 D SecurityProfileDB:             },
06-28 18:23:13.551  1114  1114 D SecurityProfileDB:             "rules": [],
06-28 18:23:13.551  1114  1114 D SecurityProfileDB:             "labels": [
06-28 18:23:13.551  1114  1114 D SecurityProfileDB:                 "NORMAL"
06-28 18:23:13.551  1114  1114 D SecurityProfileDB:             ]
06-28 18:23:13.551  1114  1114 D SecurityProfileDB:         },
06-28 18:23:13.551  1114  1114 D SecurityProfileDB:         "com.vmall.client": {
06-28 18:23:13.551  1114  1114 D SecurityProfileDB:             "policy_version": 3,
06-28 18:23:13.551  1114  1114 D SecurityProfileDB:             "apk_digest": {
06-28 18:23:13.551  1114  1114 D SecurityProfileDB:                 "digest_algorithm": "SHA-256",
06-28 18:23:13.551  1114  1114 D SecurityProfileDB:                 "digest": "MjshbEeBIuhNyAmxiJ8bUyQbdfOiMe4LVrdpyfyBLck=",
06-28 18:23:13.551  1114  1114 D SecurityProfileDB:                 "signature_scheme": "v2"
06-28 18:23:13.551  1114  1114 D SecurityProfileDB:             },
06-28 18:23:13.551  1114  1114 D SecurityProfileDB:             "rules": [],
06-28 18:23:13.551  1114  1114 D SecurityProfileDB:             "labels": [
06-28 18:23:13.551  1114  1114 D SecurityProfileDB:                 "NORMAL"
06-28 18:23:13.551  1114  1114 D SecurityProfileDB:             ]
06-28 18:23:13.551  1114  1114 D SecurityProfileDB:         },
06-28 18:23:13.551  1114  1114 D SecurityProfileDB:         "com.sankuai.meituan": {
06-28 18:23:13.551  1114  1114 D SecurityProfileDB:             "policy_version": 3,
06-28 18:23:13.551  1114  1114 D SecurityProfileDB:             "apk_digest": {
06-28 18:23:13.551  1114  1114 D SecurityProfileDB:                 "digest_algorithm": "SHA-256",
06-28 18:23:13.551  1114  1114 D SecurityProfileDB:                 "digest": "DKU1i0LxsGMELL1XP+nvBf2tmfscYNMyOD1Wcn81I\/g=",
06-28 18:23:13.551  1114  1114 D SecurityProfileDB:                 "signature_scheme": "v2"
06-28 18:23:13.551  1114  1114 D SecurityProfileDB:             },
06-28 18:23:13.551  1114  1114 D SecurityProfileDB:             "rules": [],
06-28 18:23:13.551  1114  1114 D SecurityProfileDB:             "labels": [
06-28 18:23:13.551  1114  1114 D SecurityProfileDB:                 "NORMAL"
06-28 18:23:13.551  1114  1114 D SecurityProfileDB:             ]
06-28 18:23:13.551  1114  1114 D SecurityProfileDB:         },
06-28 18:23:13.551  1114  1114 D SecurityProfileDB:         "com.sina.weibo": {
06-28 18:23:13.551  1114  1114 D SecurityProfileDB:             "policy_version": 2,
06-28 18:23:13.551  1114  1114 D SecurityProfileDB:             "apk_digest": {
06-28 18:23:13.551  1114  1114 D SecurityProfileDB:                 "digest_algorithm": "SHA-256",
06-28 18:23:13.551  1114  1114 D SecurityProfileDB:                 "digest": "l944bQfPHpM2fV55AYaYSJEECMdSHqTgLq9mpTzbsdM=",
06-28 18:23:13.551  1114  1114 D SecurityProfileDB:                 "signature_scheme": "v1_manifest"
06-28 18:23:13.551  1114  1114 D SecurityProfileDB:             },
06-28 18:23:13.551  1114  1114 D SecurityProfileDB:             "rules": [],
06-28 18:23:13.551  1114  1114 D SecurityProfileDB:             "labels": [
06-28 18:23:13.551  1114  1114 D SecurityProfileDB:                 "NORMAL"
06-28 18:23:13.551  1114  1114 D SecurityProfileDB:             ]
06-28 18:23:13.551  1114  1114 D SecurityProfileDB:         },
06-28 18:23:13.551  1114  1114 D SecurityProfileDB:         "com.jingdong.app.mall": {
06-28 18:23:13.551  1114  1114 D SecurityProfileDB:             "policy_version": 5,
06-28 18:23:13.551  1114  1114 D SecurityProfileDB:             "apk_digest": {
06-28 18:23:13.551  1114  1114 D SecurityProfileDB:                 "digest_algorithm": "SHA-256",
06-28 18:23:13.551  1114  1114 D SecurityProfileDB:                 "digest": "99vPRWT72SI4wpJtYTyp73R7n8DsnfCYKdJeFo\/XwQ4=",
06-28 18:23:13.551  1114  1114 D SecurityProfileDB:                 "signature_scheme": "v2"
06-28 18:23:13.551  1114  1114 D SecurityProfileDB:             },
06-28 18:23:13.551  1114  1114 D SecurityProfileDB:             "rules": [],
06-28 18:23:13.551  1114  1114 D SecurityProfileDB:             "labels": [
06-28 18:23:13.551  1114  1114 D SecurityProfileDB:                 "NORMAL"
06-28 18:23:13.551  1114  1114 D SecurityProfileDB:             ]
06-28 18:23:13.551  1114  1114 D SecurityProfileDB:         },
06-28 18:23:13.551  1114  1114 D SecurityProfileDB:         "com.huawei.skytone": {
06-28 18:23:13.551  1114  1114 D SecurityProfileDB:             "policy_version": 5,
06-28 18:23:13.551  1114  1114 D SecurityProfileDB:             "apk_digest": {
06-28 18:23:13.551  1114  1114 D SecurityProfileDB:                 "digest_algorithm": "SHA-256",
06-28 18:23:13.551  1114  1114 D SecurityProfileDB:                 "digest": "bQkvtDA621g+R22lmNBqKIBF1uTK9VrNkTR2wBkOVlo=",
06-28 18:23:13.551  1114  1114 D SecurityProfileDB:                 "signature_scheme": "v1_manifest"
06-28 18:23:13.551  1114  1114 D SecurityProfileDB:             },
06-28 18:23:13.551  1114  1114 D SecurityProfileDB:             "rules": [],
06-28 18:23:13.551  1114  1114 D SecurityProfileDB:             "labels": [
06-28 18:23:13.551  1114  1114 D SecurityProfileDB:                 "NORMAL"
06-28 18:23:13.551  1114  1114 D SecurityProfileDB:             ]
06-28 18:23:13.551  1114  1114 D SecurityProfileDB:         },
06-28 18:23:13.551  1114  1114 D SecurityProfileDB:         "com.netease.cloudmusic": {
06-28 18:23:13.551  1114  1114 D SecurityProfileDB:             "policy_version": 2,
06-28 18:23:13.551  1114  1114 D SecurityProfileDB:             "apk_digest": {
06-28 18:23:13.551  1114  1114 D SecurityProfileDB:                 "digest_algorithm": "SHA-256",
06-28 18:23:13.551  1114  1114 D SecurityProfileDB:                 "digest": "AyxPO+T8EMGK\/g8wVSPiiO2znTSj\/u2HjrUHL94IaQI=",
06-28 18:23:13.551  1114  1114 D SecurityProfileDB:                 "signature_scheme": "v2"
06-28 18:23:13.551  1114  1114 D SecurityProfileDB:             },
06-28 18:23:13.551  1114  1114 D SecurityProfileDB:             "rules": [],
06-28 18:23:13.551  1114  1114 D SecurityProfileDB:             "labels": [
06-28 18:23:13.551  1114  1114 D SecurityProfileDB:                 "NORMAL"
06-28 18:23:13.551  1114  1114 D SecurityProfileDB:             ]
06-28 18:23:13.551  1114  1114 D SecurityProfileDB:         },
06-28 18:23:13.551  1114  1114 D SecurityProfileDB:         "com.taobao.taobao": {
06-28 18:23:13.551  1114  1114 D SecurityProfileDB:             "policy_version": 3,
06-28 18:23:13.551  1114  1114 D SecurityProfileDB:             "apk_digest": {
06-28 18:23:13.551  1114  1114 D SecurityProfileDB:                 "digest_algorithm": "SHA-256",
06-28 18:23:13.551  1114  1114 D SecurityProfileDB:                 "digest": "Yc7yPxAixudfqvGFqS0oj7SvZRpuvuvMlU44navCvW8=",
06-28 18:23:13.551  1114  1114 D SecurityProfileDB:                 "signature_scheme": "v2"
06-28 18:23:13.551  1114  1114 D SecurityProfileDB:             },
06-28 18:23:13.551  1114  1114 D SecurityProfileDB:             "rules": [],
06-28 18:23:13.551  1114  1114 D SecurityProfileDB:             "labels": [
06-28 18:23:13.551  1114  1114 D SecurityProfileDB:                 "NORMAL"
06-28 18:23:13.551  1114  1114 D SecurityProfileDB:             ]
06-28 18:23:13.551  1114  1114 D SecurityProfileDB:         },
06-28 18:23:13.551  1114  1114 D SecurityProfileDB:         "com.microsoft.translator": {
06-28 18:23:13.551  1114  1114 D SecurityProfileDB:             "policy_version": 3,
06-28 18:23:13.551  1114  1114 D SecurityProfileDB:             "apk_digest": {
06-28 18:23:13.551  1114  1114 D SecurityProfileDB:                 "digest_algorithm": "SHA-256",
06-28 18:23:13.551  1114  1114 D SecurityProfileDB:                 "digest": "h7kdJ8VdY8vQT9aOfNo\/9PNwLECu4pmbofPgVoqUMM0=",
06-28 18:23:13.551  1114  1114 D SecurityProfileDB:                 "signature_scheme": "v1_manifest"
06-28 18:23:13.551  1114  1114 D SecurityProfileDB:             },
06-28 18:23:13.551  1114  1114 D SecurityProfileDB:             "rules": [],
06-28 18:23:13.551  1114  1114 D SecurityProfileDB:             "labels": [
06-28 18:23:13.551  1114  1114 D SecurityProfileDB:                 "NORMAL"
06-28 18:23:13.551  1114  1114 D SecurityProfileDB:             ]
06-28 18:23:13.551  1114  1114 D SecurityProfileDB:         },
06-28 18:23:13.551  1114  1114 D SecurityProfileDB:         "com.ss.android.article.news": {
06-28 18:23:13.551  1114  1114 D SecurityProfileDB:             "policy_version": 5,
06-28 18:23:13.551  1114  1114 D SecurityProfileDB:             "apk_digest": {
06-28 18:23:13.551  1114  1114 D SecurityProfileDB:                 "digest_algorithm": "SHA-256",
06-28 18:23:13.551  1114  1114 D SecurityProfileDB:                 "digest": "lUcykKsy6QxUGySDftJZyPcPXJR90W3wbtmKuHFjPGI=",
06-28 18:23:13.551  1114  1114 D SecurityProfileDB:                 "signature_scheme
06-28 18:23:13.557 31253 31253 W ContextImpl: Calling a method in the system process without a qualified user: android.app.ContextImpl.startService:1796 android.content.ContextWrapper.startService:664 android.content.ContextWrapper.startService:664 com.huawei.systemmanager.antivirus.utils.AntiVirusTools.deleteVirusApk:723 com.huawei.systemmanager.antivirus.AntiVirusReceiver.handlerPackageRemoved:55 
06-28 18:23:13.600 31253 31311 W ContextImpl: Calling a method in the system process without a qualified user: android.app.ContextImpl.startService:1796 android.content.ContextWrapper.startService:664 com.huawei.systemmanager.spacecleanner.receiver.SpaceCleanReceiver.checkRarelyUsedApp:100 com.huawei.systemmanager.spacecleanner.receiver.SpaceCleanReceiver.doInBackground:46 java.lang.reflect.Method.invoke:-2 
06-28 18:23:13.603  1114  5851 D HwSecurityService: find this Resident Plugin
06-28 18:23:13.604  1114  2200 D HwAddViewManager: handleMessage msg=1
06-28 18:23:13.604  1114  2200 D HwAddViewManager: index:0 remove package:com.mixgo.PropertySEO
06-28 18:23:13.604  1114  2200 I HwAddViewManager: remove done, size 1
06-28 18:23:13.613  1114  6779 W BroadcastQueue: Background execution not allowed: receiving Intent { act=android.intent.action.PACKAGE_REMOVED dat=package:com.mixgo.PropertySEO flg=0x4000010 (has extras) } to com.ss.android.article.video/com.taobao.agoo.AgooCommondReceiver
06-28 18:23:13.613  1114  1114 W Looper  : Slow dispatch took 139ms main h=android.app.ActivityThread$H c=android.app.-$$Lambda$LoadedApk$ReceiverDispatcher$Args$_BumDX2UKsnxLVrE6UJsJZkotuA@f70295b m=0
06-28 18:23:13.616  1114  1222 W BroadcastQueue: Background execution not allowed: receiving Intent { act=android.intent.action.PACKAGE_REMOVED dat=package:com.mixgo.PropertySEO flg=0x4000010 (has extras) } to com.ss.android.article.video/com.aliyun.AliyunMessageReceiver
06-28 18:23:13.617  1114  1222 W BroadcastQueue: Background execution not allowed: receiving Intent { act=android.intent.action.PACKAGE_REMOVED dat=package:com.mixgo.PropertySEO flg=0x4000010 (has extras) } to com.ss.android.article.video/com.huawei.android.pushagent.PushEventReceiver
06-28 18:23:13.618  1114  1222 W BroadcastQueue: Background execution not allowed: receiving Intent { act=android.intent.action.PACKAGE_REMOVED dat=package:com.mixgo.PropertySEO flg=0x4000010 (has extras) } to com.ss.android.article.video/com.taobao.accs.EventReceiver
06-28 18:23:13.618  1114  1222 W BroadcastQueue: Background execution not allowed: receiving Intent { act=android.intent.action.PACKAGE_REMOVED dat=package:com.mixgo.PropertySEO flg=0x4000010 (has extras) } to com.ss.android.article.video/com.ss.android.message.MessageReceiver
06-28 18:23:13.618  1114  1222 W BroadcastQueue: Background execution not allowed: receiving Intent { act=android.intent.action.PACKAGE_REMOVED dat=package:com.mixgo.PropertySEO flg=0x4000010 (has extras) } to com.ss.android.article.video/com.baidu.android.pushservice.RegistrationReceiver
06-28 18:23:13.618  1114  1222 V BroadcastQueue: Finished with ordered broadcast BroadcastRecord{437198f u0 android.intent.action.PACKAGE_REMOVED}
06-28 18:23:13.618  1114  1222 I ActivityManager: App 10014/com.android.documentsui targets O+, restricted
06-28 18:23:13.642  1114  6779 V BroadcastQueue: Finished with ordered broadcast BroadcastRecord{11f3936 u0 android.intent.action.PACKAGE_FULLY_REMOVED}
06-28 18:23:13.663  1114  1114 D NetdConnector: SND -> {2481 network permission user clear 10399}
06-28 18:23:13.664  1114  1555 D NetdConnector: RCV <- {200 2481 success}
06-28 18:23:13.664  1114  1555 D NetdConnector: RCV <- {200 2481 success}
06-28 18:23:13.666  1114  1114 D WifiService: onReceive, action:android.intent.action.PACKAGE_FULLY_REMOVED
06-28 18:23:13.666  1114  1114 D WifiService: onReceive, action:android.intent.action.PACKAGE_FULLY_REMOVED no handle
06-28 18:23:13.672  1114  1114 V AlarmManager: UninstallReceiver onReceive action:android.intent.action.UID_REMOVED
06-28 18:23:13.674  1114  1217 W ContextImpl: Calling a method in the system process without a qualified user: android.app.ContextImpl.startService:1796 com.android.server.security.trustspace.TrustSpaceManagerService.handlePackageDisappeared:294 com.android.server.security.trustspace.TrustSpaceManagerService.access$800:57 com.android.server.security.trustspace.TrustSpaceManagerService$MyPackageMonitor.onPackageRemoved:169 com.android.internal.content.PackageMonitor.onReceive:370 
06-28 18:23:13.682  1114  1114 I [SPMN]  : insert GLOBAL -- name = zen_mode, package = android, user = 0, value = 0
06-28 18:23:13.689  1114  2062 V HwNotificationManagerService: HwCfgLoadingRunnable: Starts 
06-28 18:23:13.689  1114  1114 W Looper  : Drained
06-28 18:23:13.706  1114  2062 D RankingHelper: RankingHelper: setSysMgrCfgMap: get default channel cfg size:113
06-28 18:23:13.706  1114  2062 V HwNotificationManagerService: HwCfgLoadingRunnable: get cfg size:180
06-28 18:23:13.706  1114  2062 V HwNotificationManagerService: HwCfgLoadingRunnable: Ends. 
06-28 18:23:13.717  1114  4501 W HwAlarmManagerService: isContainsAppUidInWorksource-->happend NameNotFoundException
06-28 18:23:13.717  1114  4501 W HwAlarmManagerService: isContainsAppUidInWorksource-->happend NameNotFoundException
06-28 18:23:13.719  1114  4501 I HwAlarmManagerService: hwSetAlarm listenerTag: *job.delay*
06-28 18:23:13.719  1114  4501 I JobScheduler.Time: mNextDelayExpiredElapsedMillis: 118607994
06-28 18:23:13.724  1114  6779 W HwAlarmManagerService: isContainsAppUidInWorksource-->happend NameNotFoundException
06-28 18:23:13.724  1114  6779 W HwAlarmManagerService: isContainsAppUidInWorksource-->happend NameNotFoundException
06-28 18:23:13.763  1114  4501 V BroadcastQueue: Finished with ordered broadcast BroadcastRecord{c0a41 u0 android.intent.action.UID_REMOVED}
06-28 18:23:13.873  1114  4501 D PackageManager: resolve intent for uid:10021, matchs:3, res:ResolveInfo{6afa64 com.huawei.android.launcher/.unihome.UniHomeLauncher m=0x108000}
06-28 18:23:13.920  1114  4501 D PackageManager: resolve intent for uid:10021, matchs:3, res:ResolveInfo{55ca093 com.huawei.android.launcher/.unihome.UniHomeLauncher m=0x108000}
06-28 18:23:13.938  1114  4501 E PowerManagerService: Exception when search wack lock :java.lang.IllegalArgumentException: Wake lock not active: android.os.BinderProxy@1d40d05 from uid 10021
06-28 18:23:13.997  1114  8995 D PackageManager: resolve intent for uid:10021, matchs:3, res:ResolveInfo{60f58d0 com.huawei.android.launcher/.unihome.UniHomeLauncher m=0x108000}
06-28 18:23:14.020  1114  3628 D PackageManager: resolve intent for uid:10021, matchs:3, res:ResolveInfo{27860c9 com.huawei.android.launcher/.unihome.UniHomeLauncher m=0x108000}
06-28 18:23:16.044  1114  8995 V BroadcastQueue: Finished with ordered broadcast BroadcastRecord{f34a3ce u0 com.google.android.gms.gcm.ACTION_SCHEDULE}
06-28 18:23:16.064  1114  6779 W HwAlarmManagerService: isContainsAppUidInWorksource-->happend NameNotFoundException
06-28 18:23:16.065  1114  6779 W HwAlarmManagerService: isContainsAppUidInWorksource-->happend NameNotFoundException
06-28 18:23:17.075  1114  1790 W Watchdog: hungtask: writing kick
06-28 18:23:28.411  1114  1114 D JobScheduler.Time: Delay-expired alarm fired
06-28 18:23:28.411  1114  1114 I JobScheduler.Time: onControllerStateChanged
06-28 18:23:28.413  1114  1114 W HwAlarmManagerService: isContainsAppUidInWorksource-->happend NameNotFoundException
06-28 18:23:28.413  1114  1114 W HwAlarmManagerService: isContainsAppUidInWorksource-->happend NameNotFoundException
06-28 18:23:28.449  1114  1114 I HwAlarmManagerService: hwSetAlarm listenerTag: *job.delay*
06-28 18:23:28.451  1114  1560 D NetdConnector: SND -> {2482 firewall set_uid_rule standby 10015 allow}
06-28 18:23:28.451  1114  1114 I JobScheduler.Time: mNextDelayExpiredElapsedMillis: 121004694
06-28 18:23:28.452  1114  1114 D JobScheduler: Maybe queuing ready jobs...
06-28 18:23:28.460  1114  1555 D NetdConnector: RCV <- {200 2482 Firewall command succeeded}
06-28 18:23:28.461  1114  1555 D NetdConnector: RCV <- {200 2482 Firewall command succeeded}
06-28 18:23:28.475  1114  3628 V BroadcastQueue: Finished with ordered broadcast BroadcastRecord{380bf32 u0 com.tencent.tmsdk.HeartBeatPlot.ACTION_HEARTBEAT_PLOT_ALARM_CYCLE}
06-28 18:23:28.492  1114  2564 W HwAlarmManagerService: isContainsAppUidInWorksource-->happend NameNotFoundException
06-28 18:23:28.493  1114  2564 W HwAlarmManagerService: isContainsAppUidInWorksource-->happend NameNotFoundException
06-28 18:23:28.493  1114  3628 V BroadcastQueue: Finished with ordered broadcast BroadcastRecord{d9035df u0 action_keep_alive_after_send_end}
06-28 18:23:28.498  1114  2564 I HwAlarmManagerService: hwSetAlarm listenerTag: *job.deadline*
06-28 18:23:28.499  1114  2564 I JobScheduler.Time: mNextJobExpiredElapsedMillis: 119508058
06-28 18:23:28.514  1114  1560 D NetdConnector: SND -> {2483 firewall set_uid_rule standby 10015 deny}
06-28 18:23:28.518  1114  6779 I JobScheduler.Time: onControllerStateChanged
06-28 18:23:28.520  1114  1114 D JobScheduler: queuing all ready jobs for execution:
06-28 18:23:28.521  1114  1555 D NetdConnector: RCV <- {200 2483 Firewall command succeeded}
06-28 18:23:28.522  1114  1555 D NetdConnector: RCV <- {200 2483 Firewall command succeeded}
06-28 18:23:28.526  1114  6779 I AlarmManager: remove alarm:Alarm{e6d2518 type 2 when 183123949 PendingIntent{7464bd3: PendingIntentRecord{ca83d5c com.android.vending broadcastIntent}}com.android.vending} according to operation:cec50fb
06-28 18:23:28.529  1114  1217 D NetdConnector: SND -> {2484 firewall set_uid_rule standby 10015 allow}
06-28 18:23:28.535  1114  1555 D NetdConnector: RCV <- {200 2484 Firewall command succeeded}
06-28 18:23:28.536  1114  1555 D NetdConnector: RCV <- {200 2484 Firewall command succeeded}
06-28 18:23:28.538  1114  1114 D JobScheduler: queuing all ready jobs for execution:
06-28 18:23:28.555  1114  4501 I JobScheduler.Time: onControllerStateChanged
06-28 18:23:28.556  1114  4501 W HwAlarmManagerService: isContainsAppUidInWorksource-->happend NameNotFoundException
06-28 18:23:28.556  1114  4501 W HwAlarmManagerService: isContainsAppUidInWorksource-->happend NameNotFoundException
06-28 18:23:28.563  1114  4501 I HwAlarmManagerService: hwSetAlarm listenerTag: *job.deadline*
06-28 18:23:28.563  1114  4501 I JobScheduler.Time: mNextJobExpiredElapsedMillis: 121004694
06-28 18:23:28.563  1114  1114 D JobScheduler: queuing all ready jobs for execution:
06-28 18:23:28.564  1114  1114 I chatty  : uid=1000 system_server identical 1 line
06-28 18:23:28.640  1114  1114 D JobScheduler: queuing all ready jobs for execution:
06-28 18:23:32.980  1114  1273 D SecurityProfileService: [SEAPP_TimeUsage]verifyPackage begin:1561717412980
06-28 18:23:32.980  1114  1273 D SecurityProfileService: verifyPackage apkPath:/data/app/vmdl341661887.tmp/base.apk
06-28 18:23:32.981  1114  1273 E SecurityProfileService: Not found Exception No APK Signature Scheme v2 block in APK Signing Block
06-28 18:23:32.981  1114  1273 D SecurityProfileService: [SEAPP_TimeUsage]verifyPackage end:1561717412981, Total usage:1ms
06-28 18:23:33.002  1114  1273 W PackageParser: Ignoring duplicate uses-permissions/uses-permissions-sdk-m: android.permission.ACCESS_FINE_LOCATION in package: com.mixgo.PropertySEO at: Binary XML file line #42
06-28 18:23:33.002  1114  1273 W PackageParser: Ignoring duplicate uses-permissions/uses-permissions-sdk-m: android.permission.RECEIVE_USER_PRESENT in package: com.mixgo.PropertySEO at: Binary XML file line #45
06-28 18:23:33.002  1114  1273 W PackageParser: Ignoring duplicate uses-permissions/uses-permissions-sdk-m: android.permission.INTERNET in package: com.mixgo.PropertySEO at: Binary XML file line #46
06-28 18:23:33.002  1114  1273 W PackageParser: Ignoring duplicate uses-permissions/uses-permissions-sdk-m: android.permission.WAKE_LOCK in package: com.mixgo.PropertySEO at: Binary XML file line #47
06-28 18:23:33.002  1114  1273 W PackageParser: Ignoring duplicate uses-permissions/uses-permissions-sdk-m: android.permission.READ_PHONE_STATE in package: com.mixgo.PropertySEO at: Binary XML file line #48
06-28 18:23:33.002  1114  1273 W PackageParser: Ignoring duplicate uses-permissions/uses-permissions-sdk-m: android.permission.WRITE_EXTERNAL_STORAGE in package: com.mixgo.PropertySEO at: Binary XML file line #49
06-28 18:23:33.002  1114  1273 W PackageParser: Ignoring duplicate uses-permissions/uses-permissions-sdk-m: android.permission.READ_EXTERNAL_STORAGE in package: com.mixgo.PropertySEO at: Binary XML file line #50
06-28 18:23:33.002  1114  1273 W PackageParser: Ignoring duplicate uses-permissions/uses-permissions-sdk-m: android.permission.WRITE_SETTINGS in package: com.mixgo.PropertySEO at: Binary XML file line #51
06-28 18:23:33.002  1114  1273 W PackageParser: Ignoring duplicate uses-permissions/uses-permissions-sdk-m: android.permission.VIBRATE in package: com.mixgo.PropertySEO at: Binary XML file line #52
06-28 18:23:33.002  1114  1273 W PackageParser: Ignoring duplicate uses-permissions/uses-permissions-sdk-m: android.permission.MOUNT_UNMOUNT_FILESYSTEMS in package: com.mixgo.PropertySEO at: Binary XML file line #53
06-28 18:23:33.002  1114  1273 W PackageParser: Ignoring duplicate uses-permissions/uses-permissions-sdk-m: android.permission.ACCESS_NETWORK_STATE in package: com.mixgo.PropertySEO at: Binary XML file line #54
06-28 18:23:33.002  1114  1273 W PackageParser: Ignoring duplicate uses-permissions/uses-permissions-sdk-m: android.permission.SYSTEM_ALERT_WINDOW in package: com.mixgo.PropertySEO at: Binary XML file line #55
06-28 18:23:33.004  1114  1273 W PackageParser: No actions in intent filter at /data/app/vmdl341661887.tmp/base.apk Binary XML file line #173
06-28 18:23:33.120  1114  1273 D PackageManager: installPackageLI-> install derivePackageAbi case, pkg=Package{b93223a com.mixgo.PropertySEO}, primaryCpuAbi=armeabi-v7a
06-28 18:23:33.123  1114  1273 D PackageManager: mFrozenPackages add package:com.mixgo.PropertySEO
06-28 18:23:33.292  1114  1273 D PackageManager: mFrozenPackages remove package:com.mixgo.PropertySEO
06-28 18:23:33.481  1114  1273 I HwPackageManagerService: AntiMalware is closed
06-28 18:23:33.483  1114  1273 V BackupManagerService: restoreAtInstall pkg=com.mixgo.PropertySEO token=17 restoreSet=0
06-28 18:23:33.485  1114  1273 V BackupManagerService: Finishing install immediately
06-28 18:23:33.491  1114  4501 I AlarmManager: remove alarm:Alarm{66b1d19 type 1 when 1561717678474 PendingIntent{8cf31de: PendingIntentRecord{8ea840d com.huawei.systemmanager broadcastIntent}}com.huawei.systemmanager} according to operation:11e0fbf
06-28 18:23:33.509  1114  1273 W ContextImpl: Calling a method in the system process without a qualified user: android.app.ContextImpl.sendBroadcast:1208 com.android.server.pm.HwPackageManagerService.parseInstalledPkgInfo:2926 com.android.server.pm.PackageManagerService.parseInstalledPkgInfo:26786 com.android.server.pm.PackageManagerService.access$1000:504 com.android.server.pm.PackageManagerService$PackageHandler.doHandleMessage:1921 
06-28 18:23:33.513  1114  1273 V HwPackageManagerService: POST_INSTALL:  pkgName = com.mixgo.PropertySEO, pkgUri = /data/app/vmdl341661887.tmp;, pkgInstalledPath = /data/app/vmdl341661887.tmp, pkgInstallerPackageName = , pkgVerName = 1.05, pkgVerCode = 105, resultCode = 1, pkgUpdate = false, pkgMetaHash = f9a0cf8c266a0cd465c479e29e48ab460267ba132d22d340317738a47fff0888
06-28 18:23:33.561  1114  1217 I PackageManager: writePermissionsSync -> user:0, put true:, Build.FINGERPRINT:HUAWEI/EML-AL00/HWEML:9/HUAWEIEML-AL00/187C00R1:user/release-keys, fingerprint:HUAWEI/EML-AL00/HWEML:9/HUAWEIEML-AL00/187C00R1:user/release-keys
06-28 18:23:33.572  1114  1217 I [SPMN]  : insert SECURE -- name = accessibility_enabled, package = android, user = 0, value = 1
06-28 18:23:33.572  1114  1559 D NetdConnector: SND -> {2485 firewall set_uid_rule standby 10400 deny}
06-28 18:23:33.581  1114  1555 D NetdConnector: RCV <- {200 2485 Firewall command succeeded}
06-28 18:23:33.581  1114  1555 D NetdConnector: RCV <- {200 2485 Firewall command succeeded}
06-28 18:23:33.591  1869  1869 I PreDnsQuery: onReceive: intent = android.intent.action.PACKAGE_ADDED
06-28 18:23:33.613  1114  1114 V NotificationListeners: enabling notification listener for 0: ComponentInfo{com.baidu.searchbox/com.baidu.searchbox.lockscreen.notification.NotificationMonitorService}
06-28 18:23:33.641  1114  1114 V NotificationListeners: binding: Intent { act=android.service.notification.NotificationListenerService cmp=com.baidu.searchbox/.lockscreen.notification.NotificationMonitorService (has extras) }
06-28 18:23:33.662  1114  1114 W NotificationListeners: Unable to bind notification listener service: Intent { act=android.service.notification.NotificationListenerService cmp=com.baidu.searchbox/.lockscreen.notification.NotificationMonitorService (has extras) }
06-28 18:23:33.662  1114  1114 W NotificationListeners: Not binding notification listener service ComponentInfo{android/com.android.server.emcom.grabservice.NotificationListener}: service not found
06-28 18:23:33.662  1114  1114 W NotificationAssistants: rebindServices() ignore for NotificationAssistantService
06-28 18:23:33.663  1114  1114 D SecurityProfileService: updatePackageInformation,packageName:com.mixgo.PropertySEO
06-28 18:23:33.663  1114  1114 D SecurityProfileService: updateDomainPolicies,packageList:[com.mixgo.PropertySEO]
06-28 18:23:33.663  1114  1114 D SecurityProfileService: resolveActiveDomainPolicies packageName com.mixgo.PropertySEO
06-28 18:23:33.664  1114  1114 D SecurityProfileUtils: getInstalledApkPath name success,packageName:com.mixgo.PropertySEO,userId:0,ApkPath:/data/app/com.mixgo.PropertySEO-rqOca-3fPi4PMmbzCxz_5g==/base.apk
06-28 18:23:33.664  1114  1114 D SecurityProfileService: selected1 policy:{"labels":[]}
06-28 18:23:33.664  1114  1114 D SecurityProfileService: selected2 policy:{"labels":[]}
06-28 18:23:33.665  1114  1114 D SecurityProfileDB: writing: {
06-28 18:23:33.665  1114  1114 D SecurityProfileDB:     "overlay_labels": {},
06-28 18:23:33.665  1114  1114 D SecurityProfileDB:     "domains": {
06-28 18:23:33.665  1114  1114 D SecurityProfileDB:         "com.huawei.smarthome": {
06-28 18:23:33.665  1114  1114 D SecurityProfileDB:             "policy_version": 6,
06-28 18:23:33.665  1114  1114 D SecurityProfileDB:             "apk_digest": {
06-28 18:23:33.665  1114  1114 D SecurityProfileDB:                 "digest_algorithm": "SHA-256",
06-28 18:23:33.665  1114  1114 D SecurityProfileDB:                 "digest": "8kAADpcRny0My5sa9TarBImvXnGs4epGshhmrbOt2Js=",
06-28 18:23:33.665  1114  1114 D SecurityProfileDB:                 "signature_scheme": "v2"
06-28 18:23:33.665  1114  1114 D SecurityProfileDB:             },
06-28 18:23:33.665  1114  1114 D SecurityProfileDB:             "rules": [],
06-28 18:23:33.665  1114  1114 D SecurityProfileDB:             "labels": [
06-28 18:23:33.665  1114  1114 D SecurityProfileDB:                 "NORMAL"
06-28 18:23:33.665  1114  1114 D SecurityProfileDB:             ]
06-28 18:23:33.665  1114  1114 D SecurityProfileDB:         },
06-28 18:23:33.665  1114  1114 D SecurityProfileDB:         "com.ximalaya.ting.android": {
06-28 18:23:33.665  1114  1114 D SecurityProfileDB:             "policy_version": 2,
06-28 18:23:33.665  1114  1114 D SecurityProfileDB:             "apk_digest": {
06-28 18:23:33.665  1114  1114 D SecurityProfileDB:                 "digest_algorithm": "SHA-256",
06-28 18:23:33.665  1114  1114 D SecurityProfileDB:                 "digest": "ltEwA2NUWdvMg5xpCVbO2OYvn5VUqmcGgsUQtvGID08=",
06-28 18:23:33.665  1114  1114 D SecurityProfileDB:                 "signature_scheme": "v2"
06-28 18:23:33.665  1114  1114 D SecurityProfileDB:             },
06-28 18:23:33.665  1114  1114 D SecurityProfileDB:             "rules": [],
06-28 18:23:33.665  1114  1114 D SecurityProfileDB:             "labels": [
06-28 18:23:33.665  1114  1114 D SecurityProfileDB:                 "NORMAL"
06-28 18:23:33.665  1114  1114 D SecurityProfileDB:             ]
06-28 18:23:33.665  1114  1114 D SecurityProfileDB:         },
06-28 18:23:33.665  1114  1114 D SecurityProfileDB:         "com.vmall.client": {
06-28 18:23:33.665  1114  1114 D SecurityProfileDB:             "policy_version": 3,
06-28 18:23:33.665  1114  1114 D SecurityProfileDB:             "apk_digest": {
06-28 18:23:33.665  1114  1114 D SecurityProfileDB:                 "digest_algorithm": "SHA-256",
06-28 18:23:33.665  1114  1114 D SecurityProfileDB:                 "digest": "MjshbEeBIuhNyAmxiJ8bUyQbdfOiMe4LVrdpyfyBLck=",
06-28 18:23:33.665  1114  1114 D SecurityProfileDB:                 "signature_scheme": "v2"
06-28 18:23:33.665  1114  1114 D SecurityProfileDB:             },
06-28 18:23:33.665  1114  1114 D SecurityProfileDB:             "rules": [],
06-28 18:23:33.665  1114  1114 D SecurityProfileDB:             "labels": [
06-28 18:23:33.665  1114  1114 D SecurityProfileDB:                 "NORMAL"
06-28 18:23:33.665  1114  1114 D SecurityProfileDB:             ]
06-28 18:23:33.665  1114  1114 D SecurityProfileDB:         },
06-28 18:23:33.665  1114  1114 D SecurityProfileDB:         "com.sankuai.meituan": {
06-28 18:23:33.665  1114  1114 D SecurityProfileDB:             "policy_version": 3,
06-28 18:23:33.665  1114  1114 D SecurityProfileDB:             "apk_digest": {
06-28 18:23:33.665  1114  1114 D SecurityProfileDB:                 "digest_algorithm": "SHA-256",
06-28 18:23:33.665  1114  1114 D SecurityProfileDB:                 "digest": "DKU1i0LxsGMELL1XP+nvBf2tmfscYNMyOD1Wcn81I\/g=",
06-28 18:23:33.665  1114  1114 D SecurityProfileDB:                 "signature_scheme": "v2"
06-28 18:23:33.665  1114  1114 D SecurityProfileDB:             },
06-28 18:23:33.665  1114  1114 D SecurityProfileDB:             "rules": [],
06-28 18:23:33.665  1114  1114 D SecurityProfileDB:             "labels": [
06-28 18:23:33.665  1114  1114 D SecurityProfileDB:                 "NORMAL"
06-28 18:23:33.665  1114  1114 D SecurityProfileDB:             ]
06-28 18:23:33.665  1114  1114 D SecurityProfileDB:         },
06-28 18:23:33.665  1114  1114 D SecurityProfileDB:         "com.sina.weibo": {
06-28 18:23:33.665  1114  1114 D SecurityProfileDB:             "policy_version": 2,
06-28 18:23:33.665  1114  1114 D SecurityProfileDB:             "apk_digest": {
06-28 18:23:33.665  1114  1114 D SecurityProfileDB:                 "digest_algorithm": "SHA-256",
06-28 18:23:33.665  1114  1114 D SecurityProfileDB:                 "digest": "l944bQfPHpM2fV55AYaYSJEECMdSHqTgLq9mpTzbsdM=",
06-28 18:23:33.665  1114  1114 D SecurityProfileDB:                 "signature_scheme": "v1_manifest"
06-28 18:23:33.665  1114  1114 D SecurityProfileDB:             },
06-28 18:23:33.665  1114  1114 D SecurityProfileDB:             "rules": [],
06-28 18:23:33.665  1114  1114 D SecurityProfileDB:             "labels": [
06-28 18:23:33.665  1114  1114 D SecurityProfileDB:                 "NORMAL"
06-28 18:23:33.665  1114  1114 D SecurityProfileDB:             ]
06-28 18:23:33.665  1114  1114 D SecurityProfileDB:         },
06-28 18:23:33.665  1114  1114 D SecurityProfileDB:         "com.jingdong.app.mall": {
06-28 18:23:33.665  1114  1114 D SecurityProfileDB:             "policy_version": 5,
06-28 18:23:33.665  1114  1114 D SecurityProfileDB:             "apk_digest": {
06-28 18:23:33.665  1114  1114 D SecurityProfileDB:                 "digest_algorithm": "SHA-256",
06-28 18:23:33.665  1114  1114 D SecurityProfileDB:                 "digest": "99vPRWT72SI4wpJtYTyp73R7n8DsnfCYKdJeFo\/XwQ4=",
06-28 18:23:33.665  1114  1114 D SecurityProfileDB:                 "signature_scheme": "v2"
06-28 18:23:33.665  1114  1114 D SecurityProfileDB:             },
06-28 18:23:33.665  1114  1114 D SecurityProfileDB:             "rules": [],
06-28 18:23:33.665  1114  1114 D SecurityProfileDB:             "labels": [
06-28 18:23:33.665  1114  1114 D SecurityProfileDB:                 "NORMAL"
06-28 18:23:33.665  1114  1114 D SecurityProfileDB:             ]
06-28 18:23:33.665  1114  1114 D SecurityProfileDB:         },
06-28 18:23:33.665  1114  1114 D SecurityProfileDB:         "com.huawei.skytone": {
06-28 18:23:33.665  1114  1114 D SecurityProfileDB:             "policy_version": 5,
06-28 18:23:33.665  1114  1114 D SecurityProfileDB:             "apk_digest": {
06-28 18:23:33.665  1114  1114 D SecurityProfileDB:                 "digest_algorithm": "SHA-256",
06-28 18:23:33.665  1114  1114 D SecurityProfileDB:                 "digest": "bQkvtDA621g+R22lmNBqKIBF1uTK9VrNkTR2wBkOVlo=",
06-28 18:23:33.665  1114  1114 D SecurityProfileDB:                 "signature_scheme": "v1_manifest"
06-28 18:23:33.665  1114  1114 D SecurityProfileDB:             },
06-28 18:23:33.665  1114  1114 D SecurityProfileDB:             "rules": [],
06-28 18:23:33.665  1114  1114 D SecurityProfileDB:             "labels": [
06-28 18:23:33.665  1114  1114 D SecurityProfileDB:                 "NORMAL"
06-28 18:23:33.665  1114  1114 D SecurityProfileDB:             ]
06-28 18:23:33.665  1114  1114 D SecurityProfileDB:         },
06-28 18:23:33.665  1114  1114 D SecurityProfileDB:         "com.netease.cloudmusic": {
06-28 18:23:33.665  1114  1114 D SecurityProfileDB:             "policy_version": 2,
06-28 18:23:33.665  1114  1114 D SecurityProfileDB:             "apk_digest": {
06-28 18:23:33.665  1114  1114 D SecurityProfileDB:                 "digest_algorithm": "SHA-256",
06-28 18:23:33.665  1114  1114 D SecurityProfileDB:                 "digest": "AyxPO+T8EMGK\/g8wVSPiiO2znTSj\/u2HjrUHL94IaQI=",
06-28 18:23:33.665  1114  1114 D SecurityProfileDB:                 "signature_scheme": "v2"
06-28 18:23:33.665  1114  1114 D SecurityProfileDB:             },
06-28 18:23:33.665  1114  1114 D SecurityProfileDB:             "rules": [],
06-28 18:23:33.665  1114  1114 D SecurityProfileDB:             "labels": [
06-28 18:23:33.665  1114  1114 D SecurityProfileDB:                 "NORMAL"
06-28 18:23:33.665  1114  1114 D SecurityProfileDB:             ]
06-28 18:23:33.665  1114  1114 D SecurityProfileDB:         },
06-28 18:23:33.665  1114  1114 D SecurityProfileDB:         "com.taobao.taobao": {
06-28 18:23:33.665  1114  1114 D SecurityProfileDB:             "policy_version": 3,
06-28 18:23:33.665  1114  1114 D SecurityProfileDB:             "apk_digest": {
06-28 18:23:33.665  1114  1114 D SecurityProfileDB:                 "digest_algorithm": "SHA-256",
06-28 18:23:33.665  1114  1114 D SecurityProfileDB:                 "digest": "Yc7yPxAixudfqvGFqS0oj7SvZRpuvuvMlU44navCvW8=",
06-28 18:23:33.665  1114  1114 D SecurityProfileDB:                 "signature_scheme": "v2"
06-28 18:23:33.665  1114  1114 D SecurityProfileDB:             },
06-28 18:23:33.665  1114  1114 D SecurityProfileDB:             "rules": [],
06-28 18:23:33.665  1114  1114 D SecurityProfileDB:             "labels": [
06-28 18:23:33.665  1114  1114 D SecurityProfileDB:                 "NORMAL"
06-28 18:23:33.665  1114  1114 D SecurityProfileDB:             ]
06-28 18:23:33.665  1114  1114 D SecurityProfileDB:         },
06-28 18:23:33.665  1114  1114 D SecurityProfileDB:         "com.microsoft.translator": {
06-28 18:23:33.665  1114  1114 D SecurityProfileDB:             "policy_version": 3,
06-28 18:23:33.665  1114  1114 D SecurityProfileDB:             "apk_digest": {
06-28 18:23:33.665  1114  1114 D SecurityProfileDB:                 "digest_algorithm": "SHA-256",
06-28 18:23:33.665  1114  1114 D SecurityProfileDB:                 "digest": "h7kdJ8VdY8vQT9aOfNo\/9PNwLECu4pmbofPgVoqUMM0=",
06-28 18:23:33.665  1114  1114 D SecurityProfileDB:                 "signature_scheme": "v1_manifest"
06-28 18:23:33.665  1114  1114 D SecurityProfileDB:             },
06-28 18:23:33.665  1114  1114 D SecurityProfileDB:             "rules": [],
06-28 18:23:33.665  1114  1114 D SecurityProfileDB:             "labels": [
06-28 18:23:33.665  1114  1114 D SecurityProfileDB:                 "NORMAL"
06-28 18:23:33.665  1114  1114 D SecurityProfileDB:             ]
06-28 18:23:33.665  1114  1114 D SecurityProfileDB:         },
06-28 18:23:33.665  1114  1114 D SecurityProfileDB:         "com.ss.android.article.news": {
06-28 18:23:33.665  1114  1114 D SecurityProfileDB:             "policy_version": 5,
06-28 18:23:33.665  1114  1114 D SecurityProfileDB:             "apk_digest": {
06-28 18:23:33.665  1114  1114 D SecurityProfileDB:                 "digest_algorithm": "SHA-256",
06-28 18:23:33.665  1114  1114 D SecurityProfileDB:                 "digest": "lUcykKsy6QxUGySDftJZyPcPXJR90W3wbtmKuHFjPGI=",
06-28 18:23:33.665  1114  1114 D SecurityProfileDB:                 "signature_scheme
06-28 18:23:33.670  1114  4501 I HwNetworkPolicy: onTransact, code = 202
06-28 18:23:33.670  2017  2017 I HwNetworkPolicyManager: removeHwUidPolicy uid = 10400 policy = -1 opPackageName = com.huawei.systemmanager
06-28 18:23:33.676  2017  5075 W ContextImpl: Calling a method in the system process without a qualified user: android.app.ContextImpl.startService:1796 android.content.ContextWrapper.startService:664 com.huawei.systemmanager.spacecleanner.receiver.SpaceCleanReceiver.checkRarelyUsedApp:100 com.huawei.systemmanager.spacecleanner.receiver.SpaceCleanReceiver.doInBackground:46 java.lang.reflect.Method.invoke:-2 
06-28 18:23:33.694 13352 13352 W ContextImpl: Calling a method in the system process without a qualified user: android.app.ContextImpl.startService:1796 android.content.ContextWrapper.startService:664 android.content.ContextWrapper.startService:664 com.android.settings.applications.BlackListReceiver.onReceive:41 android.app.ActivityThread.handleReceiver:3856 
06-28 18:23:33.735  1114  5851 D HwNetworkManagementService: code == CODE_SET_APK_DL_STRATEGY
06-28 18:23:33.735  1114  5851 D HwNetworkManagementService: CODE_SET_APK_DL_STRATEGY, pkgName=[com.baidu.searchbox, com.android.browser], needReset=false
06-28 18:23:33.735  1114  5851 D HwNetworkManagementService: convertPkgNameToUid, pkgName=[com.baidu.searchbox, com.android.browser]
06-28 18:23:33.735  1114  5851 D HwNetworkManagementService: convertPkgNameToUid, pkg=com.baidu.searchbox, uid=10125, under user.id=0
06-28 18:23:33.735  1114  5851 D HwNetworkManagementService: convertPkgNameToUid, pkg=com.android.browser, uid=10104, under user.id=0
06-28 18:23:33.735  1114  5851 D HwNetworkManagementService: CODE_SET_APK_DL_STRATEGY, appUidList=[10125;10104;]
06-28 18:23:33.735  1114  5851 D HwNetworkManagementService: setApkDlFilterRules, appUidList=[10125;10104;], needReset=false
06-28 18:23:33.736  1114  5851 D NetdConnector: SND -> {2486 hwfilter set_apkdl_strategy_rule 10125;10104; not_reset}
06-28 18:23:33.737  1114  1555 D NetdConnector: RCV <- {200 2486 success}
06-28 18:23:33.737  1114  1555 D NetdConnector: RCV <- {200 2486 success}
06-28 18:23:33.755  1114  1217 W ContextImpl: Calling a method in the system process without a qualified user: android.app.ContextImpl.startService:1796 com.android.server.security.trustspace.TrustSpaceManagerService.handlePackageAppeared:251 com.android.server.security.trustspace.TrustSpaceManagerService.access$700:57 com.android.server.security.trustspace.TrustSpaceManagerService$MyPackageMonitor.onPackageAdded:165 com.android.internal.content.PackageMonitor.onReceive:342 
06-28 18:23:33.761  1114  1217 I UKeyManagerService: app is added. The packageName is : com.mixgo.PropertySEOuid = 10400
06-28 18:23:33.761  1114  1217 D UKeyManagerService: calling in false android.uid.system:1000
06-28 18:23:33.761  1114  1217 I UKeyManagerService: The app is not ukey application, packageName : com.mixgo.PropertySEO
06-28 18:23:33.772  1114  9173 W HwAlarmManagerService: isContainsAppUidInWorksource-->happend NameNotFoundException
06-28 18:23:33.773  1114  9173 W HwAlarmManagerService: isContainsAppUidInWorksource-->happend NameNotFoundException
06-28 18:23:33.775  1114  1114 D SecurityProfileUtils: getInstalledApkPath name success,packageName:com.mixgo.PropertySEO,userId:0,ApkPath:/data/app/com.mixgo.PropertySEO-rqOca-3fPi4PMmbzCxz_5g==/base.apk
06-28 18:23:33.776  1114  1114 E SecurityProfileService: Not found Exception No APK Signature Scheme v2 block in APK Signing Block
06-28 18:23:33.776  1114  1114 I SecurityProfileService: update PackageSigned Info Action:put, packageName:com.mixgo.PropertySEO,hasValidPolicy:false
06-28 18:23:33.777  1114  1114 D SecurityProfileDB: writing: {
06-28 18:23:33.777  1114  1114 D SecurityProfileDB:     "overlay_labels": {},
06-28 18:23:33.777  1114  1114 D SecurityProfileDB:     "domains": {
06-28 18:23:33.777  1114  1114 D SecurityProfileDB:         "com.huawei.smarthome": {
06-28 18:23:33.777  1114  1114 D SecurityProfileDB:             "policy_version": 6,
06-28 18:23:33.777  1114  1114 D SecurityProfileDB:             "apk_digest": {
06-28 18:23:33.777  1114  1114 D SecurityProfileDB:                 "digest_algorithm": "SHA-256",
06-28 18:23:33.777  1114  1114 D SecurityProfileDB:                 "digest": "8kAADpcRny0My5sa9TarBImvXnGs4epGshhmrbOt2Js=",
06-28 18:23:33.777  1114  1114 D SecurityProfileDB:                 "signature_scheme": "v2"
06-28 18:23:33.777  1114  1114 D SecurityProfileDB:             },
06-28 18:23:33.777  1114  1114 D SecurityProfileDB:             "rules": [],
06-28 18:23:33.777  1114  1114 D SecurityProfileDB:             "labels": [
06-28 18:23:33.777  1114  1114 D SecurityProfileDB:                 "NORMAL"
06-28 18:23:33.777  1114  1114 D SecurityProfileDB:             ]
06-28 18:23:33.777  1114  1114 D SecurityProfileDB:         },
06-28 18:23:33.777  1114  1114 D SecurityProfileDB:         "com.ximalaya.ting.android": {
06-28 18:23:33.777  1114  1114 D SecurityProfileDB:             "policy_version": 2,
06-28 18:23:33.777  1114  1114 D SecurityProfileDB:             "apk_digest": {
06-28 18:23:33.777  1114  1114 D SecurityProfileDB:                 "digest_algorithm": "SHA-256",
06-28 18:23:33.777  1114  1114 D SecurityProfileDB:                 "digest": "ltEwA2NUWdvMg5xpCVbO2OYvn5VUqmcGgsUQtvGID08=",
06-28 18:23:33.777  1114  1114 D SecurityProfileDB:                 "signature_scheme": "v2"
06-28 18:23:33.777  1114  1114 D SecurityProfileDB:             },
06-28 18:23:33.777  1114  1114 D SecurityProfileDB:             "rules": [],
06-28 18:23:33.777  1114  1114 D SecurityProfileDB:             "labels": [
06-28 18:23:33.777  1114  1114 D SecurityProfileDB:                 "NORMAL"
06-28 18:23:33.777  1114  1114 D SecurityProfileDB:             ]
06-28 18:23:33.777  1114  1114 D SecurityProfileDB:         },
06-28 18:23:33.777  1114  1114 D SecurityProfileDB:         "com.vmall.client": {
06-28 18:23:33.777  1114  1114 D SecurityProfileDB:             "policy_version": 3,
06-28 18:23:33.777  1114  1114 D SecurityProfileDB:             "apk_digest": {
06-28 18:23:33.777  1114  1114 D SecurityProfileDB:                 "digest_algorithm": "SHA-256",
06-28 18:23:33.777  1114  1114 D SecurityProfileDB:                 "digest": "MjshbEeBIuhNyAmxiJ8bUyQbdfOiMe4LVrdpyfyBLck=",
06-28 18:23:33.777  1114  1114 D SecurityProfileDB:                 "signature_scheme": "v2"
06-28 18:23:33.777  1114  1114 D SecurityProfileDB:             },
06-28 18:23:33.777  1114  1114 D SecurityProfileDB:             "rules": [],
06-28 18:23:33.777  1114  1114 D SecurityProfileDB:             "labels": [
06-28 18:23:33.777  1114  1114 D SecurityProfileDB:                 "NORMAL"
06-28 18:23:33.777  1114  1114 D SecurityProfileDB:             ]
06-28 18:23:33.777  1114  1114 D SecurityProfileDB:         },
06-28 18:23:33.777  1114  1114 D SecurityProfileDB:         "com.sankuai.meituan": {
06-28 18:23:33.777  1114  1114 D SecurityProfileDB:             "policy_version": 3,
06-28 18:23:33.777  1114  1114 D SecurityProfileDB:             "apk_digest": {
06-28 18:23:33.777  1114  1114 D SecurityProfileDB:                 "digest_algorithm": "SHA-256",
06-28 18:23:33.777  1114  1114 D SecurityProfileDB:                 "digest": "DKU1i0LxsGMELL1XP+nvBf2tmfscYNMyOD1Wcn81I\/g=",
06-28 18:23:33.777  1114  1114 D SecurityProfileDB:                 "signature_scheme": "v2"
06-28 18:23:33.777  1114  1114 D SecurityProfileDB:             },
06-28 18:23:33.777  1114  1114 D SecurityProfileDB:             "rules": [],
06-28 18:23:33.777  1114  1114 D SecurityProfileDB:             "labels": [
06-28 18:23:33.777  1114  1114 D SecurityProfileDB:                 "NORMAL"
06-28 18:23:33.777  1114  1114 D SecurityProfileDB:             ]
06-28 18:23:33.777  1114  1114 D SecurityProfileDB:         },
06-28 18:23:33.777  1114  1114 D SecurityProfileDB:         "com.sina.weibo": {
06-28 18:23:33.777  1114  1114 D SecurityProfileDB:             "policy_version": 2,
06-28 18:23:33.777  1114  1114 D SecurityProfileDB:             "apk_digest": {
06-28 18:23:33.777  1114  1114 D SecurityProfileDB:                 "digest_algorithm": "SHA-256",
06-28 18:23:33.777  1114  1114 D SecurityProfileDB:                 "digest": "l944bQfPHpM2fV55AYaYSJEECMdSHqTgLq9mpTzbsdM=",
06-28 18:23:33.777  1114  1114 D SecurityProfileDB:                 "signature_scheme": "v1_manifest"
06-28 18:23:33.777  1114  1114 D SecurityProfileDB:             },
06-28 18:23:33.777  1114  1114 D SecurityProfileDB:             "rules": [],
06-28 18:23:33.777  1114  1114 D SecurityProfileDB:             "labels": [
06-28 18:23:33.777  1114  1114 D SecurityProfileDB:                 "NORMAL"
06-28 18:23:33.777  1114  1114 D SecurityProfileDB:             ]
06-28 18:23:33.777  1114  1114 D SecurityProfileDB:         },
06-28 18:23:33.777  1114  1114 D SecurityProfileDB:         "com.jingdong.app.mall": {
06-28 18:23:33.777  1114  1114 D SecurityProfileDB:             "policy_version": 5,
06-28 18:23:33.777  1114  1114 D SecurityProfileDB:             "apk_digest": {
06-28 18:23:33.777  1114  1114 D SecurityProfileDB:                 "digest_algorithm": "SHA-256",
06-28 18:23:33.777  1114  1114 D SecurityProfileDB:                 "digest": "99vPRWT72SI4wpJtYTyp73R7n8DsnfCYKdJeFo\/XwQ4=",
06-28 18:23:33.777  1114  1114 D SecurityProfileDB:                 "signature_scheme": "v2"
06-28 18:23:33.777  1114  1114 D SecurityProfileDB:             },
06-28 18:23:33.777  1114  1114 D SecurityProfileDB:             "rules": [],
06-28 18:23:33.777  1114  1114 D SecurityProfileDB:             "labels": [
06-28 18:23:33.777  1114  1114 D SecurityProfileDB:                 "NORMAL"
06-28 18:23:33.777  1114  1114 D SecurityProfileDB:             ]
06-28 18:23:33.777  1114  1114 D SecurityProfileDB:         },
06-28 18:23:33.777  1114  1114 D SecurityProfileDB:         "com.huawei.skytone": {
06-28 18:23:33.777  1114  1114 D SecurityProfileDB:             "policy_version": 5,
06-28 18:23:33.777  1114  1114 D SecurityProfileDB:             "apk_digest": {
06-28 18:23:33.777  1114  1114 D SecurityProfileDB:                 "digest_algorithm": "SHA-256",
06-28 18:23:33.777  1114  1114 D SecurityProfileDB:                 "digest": "bQkvtDA621g+R22lmNBqKIBF1uTK9VrNkTR2wBkOVlo=",
06-28 18:23:33.777  1114  1114 D SecurityProfileDB:                 "signature_scheme": "v1_manifest"
06-28 18:23:33.777  1114  1114 D SecurityProfileDB:             },
06-28 18:23:33.777  1114  1114 D SecurityProfileDB:             "rules": [],
06-28 18:23:33.777  1114  1114 D SecurityProfileDB:             "labels": [
06-28 18:23:33.777  1114  1114 D SecurityProfileDB:                 "NORMAL"
06-28 18:23:33.777  1114  1114 D SecurityProfileDB:             ]
06-28 18:23:33.777  1114  1114 D SecurityProfileDB:         },
06-28 18:23:33.777  1114  1114 D SecurityProfileDB:         "com.netease.cloudmusic": {
06-28 18:23:33.777  1114  1114 D SecurityProfileDB:             "policy_version": 2,
06-28 18:23:33.777  1114  1114 D SecurityProfileDB:             "apk_digest": {
06-28 18:23:33.777  1114  1114 D SecurityProfileDB:                 "digest_algorithm": "SHA-256",
06-28 18:23:33.777  1114  1114 D SecurityProfileDB:                 "digest": "AyxPO+T8EMGK\/g8wVSPiiO2znTSj\/u2HjrUHL94IaQI=",
06-28 18:23:33.777  1114  1114 D SecurityProfileDB:                 "signature_scheme": "v2"
