06-28 18:58:40.046  2017  2506 I HwNetworkPolicyManager: getHwUidPolicy uid = 10407 policy = 0
06-28 18:58:40.051  1114  1737 I HwApsManagerConfig: APSLog -> getFps:[from:unkown source,pkgName:com.mixgo.PropertySEO,fps:-1]
06-28 18:58:40.051  1114  1737 I HwAudioService: now type = 255,reportForegroundAppType = 9,pkg = null,systemload = 255mVoipOptimizeInGameModetrue
06-28 18:58:40.052  1114  1737 D HwAudioService: support voip optinization during game mode.
06-28 18:58:40.083  9931  9931 V ActivityThread: Skipping new config:{1.0 ?mcc?mnc [zh_CN_#Hans,en_US] ldltr sw360dp w360dp h719dp 480dpi nrml long hdr port finger -keyb/v/h -nav/h winConfig={ mBounds=Rect(0, 0 - 0, 0) mAppBounds=Rect(0, 85 - 1080, 2244) mWindowingMode=fullscreen mActivityType=undefined} nonFullScreen=0 suim:1 s.9}, config:{1.0 ?mcc?mnc [zh_CN_#Hans,en_US] ldltr sw360dp w360dp h719dp 480dpi nrml long hdr port finger -keyb/v/h -nav/h winConfig={ mBounds=Rect(0, 0 - 0, 0) mAppBounds=Rect(0, 85 - 1080, 2244) mWindowingMode=fullscreen mActivityType=undefined} nonFullScreen=0 suim:1 s.9} for app:com.mixgo.PropertySEO
06-28 18:58:40.091  9931  9931 V ActivityThread: callActivityOnCreate
06-28 18:58:40.115  1114  1737 I ActivityManager: START u0 {act=android.content.pm.action.REQUEST_PERMISSIONS pkg=com.android.packageinstaller cmp=com.android.packageinstaller/.permission.ui.GrantPermissionsActivity (has extras)} from uid 10407
06-28 18:58:40.116  1114  1737 I ActivityManager: ActivityRecord info: ActivityInfo{21fee26 com.android.packageinstaller.permission.ui.GrantPermissionsActivity}
06-28 18:58:40.119  1114  1737 V WindowManager: addAppToken: AppWindowToken{30970bd token=Token{843a014 ActivityRecord{98c2a67 u0 com.android.packageinstaller/.permission.ui.GrantPermissionsActivity t232}}} controller={TaskWindowContainerController taskId=232} at 2147483647
06-28 18:58:40.124  9931  9931 D ActivityThread: add activity client record, r= ActivityRecord{cce73a6 token=android.os.BinderProxy@9746193 {com.mixgo.PropertySEO/cn.jiguang.unity.push.UnityPluginActivity}} token= android.os.BinderProxy@9746193
06-28 18:58:40.135  1114  6160 V WindowManager: addWindow: Window{3615bb9 u0 com.mixgo.PropertySEO/cn.jiguang.unity.push.UnityPluginActivity}
06-28 18:58:40.136  1114  1137 D HwGameAssistantController: pid=9931, uid=10407, component=ComponentInfo{com.mixgo.PropertySEO/cn.jiguang.unity.push.UnityPluginActivity}
06-28 18:58:40.136  1114  1243 D HwGameAssistantController: UPDATE: mCurFgPkg=com.mixgo.PropertySEO, mCurFgPid=9931, mCurIsGame=false
06-28 18:58:40.137  1114  1219 W HwActivityManagerServiceEx: HwActivityNotifier end call android.app.IHwActivityNotifier$Stub$Proxy@88cf16b for activityLifeState under user 0 cost 0
06-28 18:58:40.137  1114  6160 V ActivityManager: Making visible and scheduling visibility: ActivityRecord{98c2a67 u0 com.android.packageinstaller/.permission.ui.GrantPermissionsActivity t232}
06-28 18:58:40.138  1114  6160 D HwPhoneWindowManager: sensorRotation = -1 lastRotation:0
06-28 18:58:40.142  1114  6160 W HwActivityManagerServiceEx: appSwitch from: com.mixgo.PropertySEO to: com.android.packageinstaller
06-28 18:58:40.143  1114  1219 W HwActivityManagerServiceEx: HwActivityNotifier end call android.app.IHwActivityNotifier$Stub$Proxy@b3922e9 for appSwitch under user 0 cost 0
06-28 18:58:40.143  1114  1219 W HwActivityManagerServiceEx: HwActivityNotifier end call android.app.IHwActivityNotifier$Stub$Proxy@92d0b6e for appSwitch under user 0 cost 0
06-28 18:58:40.144 31509 31509 V ActivityThread: Skipping new config:{1.0 ?mcc?mnc [zh_CN_#Hans,en_US] ldltr sw360dp w360dp h719dp 480dpi nrml long hdr port finger -keyb/v/h -nav/h winConfig={ mBounds=Rect(0, 0 - 0, 0) mAppBounds=Rect(0, 85 - 1080, 2244) mWindowingMode=fullscreen mActivityType=undefined} nonFullScreen=0 suim:1 s.9}, config:{1.0 ?mcc?mnc [zh_CN_#Hans,en_US] ldltr sw360dp w360dp h719dp 480dpi nrml long hdr port finger -keyb/v/h -nav/h winConfig={ mBounds=Rect(0, 0 - 0, 0) mAppBounds=Rect(0, 85 - 1080, 2244) mWindowingMode=fullscreen mActivityType=undefined} nonFullScreen=0 suim:1 s.9} for app:com.android.packageinstaller
06-28 18:58:40.145  1114  6160 V WindowManager: Checking 1 opening apps (frozen=false timeout=false), Track: activitypause performsurface
06-28 18:58:40.146  1114  6160 V WindowManager: Check opening app=AppWindowToken{30970bd token=Token{843a014 ActivityRecord{98c2a67 u0 com.android.packageinstaller/.permission.ui.GrantPermissionsActivity t232}}}: allDrawn=false startingDisplayed=false startingMoved=false isRelaunching()=false startingWindow=null
06-28 18:58:40.147  1114  1219 W HwActivityManagerServiceEx: HwActivityNotifier end call android.app.IHwActivityNotifier$Stub$Proxy@88cf16b for activityLifeState under user 0 cost 0
06-28 18:58:40.148  1114  1137 D PackageManager: resolve intent for uid:10407, matchs:3, res:ResolveInfo{47c9bfe com.huawei.android.launcher/.unihome.UniHomeLauncher m=0x108000}
06-28 18:58:40.152  1114  5851 V WindowManager: Checking 1 opening apps (frozen=false timeout=false), Track: relayout performsurface
06-28 18:58:40.152  1114  5851 V WindowManager: Check opening app=AppWindowToken{30970bd token=Token{843a014 ActivityRecord{98c2a67 u0 com.android.packageinstaller/.permission.ui.GrantPermissionsActivity t232}}}: allDrawn=false startingDisplayed=false startingMoved=false isRelaunching()=false startingWindow=null
06-28 18:58:40.152  1114  5851 I WindowManager: relayoutVisibleWindow: set isFormatChanged
06-28 18:58:40.155 31509 31509 V ActivityThread: callActivityOnCreate
06-28 18:58:40.160  1869 14011 I BoosterSwitchP: notifyUidState do nothing
06-28 18:58:40.160  1869 14011 I DeepNoDisturbP: notifyUidState
06-28 18:58:40.160  1869 14011 I HidataAppQoeP: notifyUidState
06-28 18:58:40.160  1869 14011 I BrowserChrP: notifyUidState
06-28 18:58:40.162  1114  5851 I HwNetworkPolicy: onTransact, code = 203
06-28 18:58:40.163  2017  2506 I HwNetworkPolicyManager: getHwUidPolicy uid = 10042 policy = 0
06-28 18:58:40.171  1114  2129 I HwAudioService: now type = 9,reportForegroundAppType = 255,pkg = null,systemload = 9mVoipOptimizeInGameModetrue
06-28 18:58:40.173 31509 31509 D ActivityThread: add activity client record, r= ActivityRecord{c850fb8 token=android.os.BinderProxy@382c1a3 {com.android.packageinstaller/com.android.packageinstaller.permission.ui.GrantPermissionsActivity}} token= android.os.BinderProxy@382c1a3
06-28 18:58:40.182  1114  1137 V WindowManager: addWindow: Window{a993644 u0 com.android.packageinstaller/com.android.packageinstaller.permission.ui.GrantPermissionsActivity}
06-28 18:58:40.183  1114  1817 D HwGameAssistantController: pid=31509, uid=10042, component=ComponentInfo{com.android.packageinstaller/com.android.packageinstaller.permission.ui.GrantPermissionsActivity}
06-28 18:58:40.183  1114  1243 D HwGameAssistantController: UPDATE: mCurFgPkg=com.android.packageinstaller, mCurFgPid=31509, mCurIsGame=false
06-28 18:58:40.183  1114  1219 W HwActivityManagerServiceEx: HwActivityNotifier end call android.app.IHwActivityNotifier$Stub$Proxy@88cf16b for activityLifeState under user 0 cost 0
06-28 18:58:40.194  1114  1137 D PackageManager: resolve intent for uid:10042, matchs:3, res:ResolveInfo{e5d032d com.huawei.android.launcher/.unihome.UniHomeLauncher m=0x108000}
06-28 18:58:40.196  1114  6160 V WindowManager: Checking 1 opening apps (frozen=false timeout=false), Track: relayout performsurface
06-28 18:58:40.196  1114  6160 V WindowManager: Check opening app=AppWindowToken{30970bd token=Token{843a014 ActivityRecord{98c2a67 u0 com.android.packageinstaller/.permission.ui.GrantPermissionsActivity t232}}}: allDrawn=false startingDisplayed=false startingMoved=false isRelaunching()=false startingWindow=null
06-28 18:58:40.199  1114  6160 W WindowManager: force to relayout later when size is 1*1 for:Window{a993644 u0 com.android.packageinstaller/com.android.packageinstaller.permission.ui.GrantPermissionsActivity}
06-28 18:58:40.200  1114  6160 V WindowManager: Checking 1 opening apps (frozen=false timeout=false), Track:  performsurface
06-28 18:58:40.200  1114  6160 V WindowManager: Check opening app=AppWindowToken{30970bd token=Token{843a014 ActivityRecord{98c2a67 u0 com.android.packageinstaller/.permission.ui.GrantPermissionsActivity t232}}}: allDrawn=false startingDisplayed=false startingMoved=false isRelaunching()=false startingWindow=null
06-28 18:58:40.212  1114  1456 V WindowManager_visibility: updateAllDrawn Add AppWindowToken{30970bd token=Token{843a014 ActivityRecord{98c2a67 u0 com.android.packageinstaller/.permission.ui.GrantPermissionsActivity t232}}}
06-28 18:58:40.213  1114  1456 V WindowManager_visibility: updateAllDrawn allDrawn=false interesting=1 drawn=1 relaunchCount=0 for AppWindowToken{30970bd token=Token{843a014 ActivityRecord{98c2a67 u0 com.android.packageinstaller/.permission.ui.GrantPermissionsActivity t232}}}
06-28 18:58:40.213  1114  1456 V WindowManager: Checking 1 opening apps (frozen=false timeout=false), Track:  performsurface
06-28 18:58:40.213  1114  1456 V WindowManager: Check opening app=AppWindowToken{30970bd token=Token{843a014 ActivityRecord{98c2a67 u0 com.android.packageinstaller/.permission.ui.GrantPermissionsActivity t232}}}: allDrawn=true startingDisplayed=false startingMoved=false isRelaunching()=false startingWindow=null
06-28 18:58:40.213  1114  1456 I WindowManager: closing apps count = 0
06-28 18:58:40.225  1114  1242 D ActivityManager: EVENT_APP_ACTIVITY_DISPLAYED_FINISH reportData: com.android.packageinstaller/.permission.ui.GrantPermissionsActivity 31509 76
06-28 18:58:40.234  1114 10297 I WindowManager:   SURFACE SIZE 1080x2157: com.android.packageinstaller/com.android.packageinstaller.permission.ui.GrantPermissionsActivity
06-28 18:58:40.277  1114  1456 V WindowManager_visibility: updateAllDrawn Add AppWindowToken{fc06584 token=Token{4f3df97 ActivityRecord{50d7a16 u0 com.mixgo.PropertySEO/cn.jiguang.unity.push.UnityPluginActivity t232}}}
06-28 18:58:40.277  1114  1456 V WindowManager_visibility: updateAllDrawn allDrawn=false interesting=1 drawn=1 relaunchCount=0 for AppWindowToken{fc06584 token=Token{4f3df97 ActivityRecord{50d7a16 u0 com.mixgo.PropertySEO/cn.jiguang.unity.push.UnityPluginActivity t232}}}
06-28 18:58:40.283  1114  1456 V WindowManager: removeIfPossible: Window{b65eaa u0 Splash Screen com.mixgo.PropertySEO}
06-28 18:58:40.283  1114  1242 D ActivityManager: EVENT_APP_ACTIVITY_DISPLAYED_FINISH reportData: com.mixgo.PropertySEO/cn.jiguang.unity.push.UnityPluginActivity 9931 308
06-28 18:58:40.294  1114  1456 V WindowManager: Not removing Window{b65eaa u0 Splash Screen com.mixgo.PropertySEO EXITING} due to exit animation 
06-28 18:58:40.336  1114 10297 D NotificationListeners: Removing active service ComponentInfo{com.huawei.android.launcher/com.android.launcher.notification.NotificationListener}
06-28 18:58:40.339  1114  1560 D NetdConnector: SND -> {2718 firewall set_uid_rule standby 10152 deny}
06-28 18:58:40.345  1114 10297 V WindowManager: notifyAppStopped: AppWindowToken{616761c token=Token{3fbf38f ActivityRecord{bca02ee u0 com.huawei.android.launcher/.unihome.UniHomeLauncher t1}}}
06-28 18:58:40.345  1114 10297 E WindowManager: win=Window{12f7b0d u0 com.huawei.android.launcher/com.huawei.android.launcher.unihome.UniHomeLauncher} destroySurfaces: appStopped=true win.mWindowRemovalAllowed=false win.mRemoveOnExit=false
06-28 18:58:40.345  1114  1555 D NetdConnector: RCV <- {200 2718 Firewall command succeeded}
06-28 18:58:40.345  1114  1555 D NetdConnector: RCV <- {200 2718 Firewall command succeeded}
06-28 18:58:40.346  1869  1882 I BoosterSwitchP: notifyUidState do nothing
06-28 18:58:40.346  1869  1882 I DeepNoDisturbP: notifyUidState
06-28 18:58:40.346  1869  1882 I HidataAppQoeP: notifyUidState
06-28 18:58:40.346  1869  1882 I BrowserChrP: notifyUidState
06-28 18:58:40.348  1114  1560 D NetdConnector: SND -> {2719 firewall set_uid_rule standby 10033 deny}
06-28 18:58:40.350  1114  1555 D NetdConnector: RCV <- {200 2719 Firewall command succeeded}
06-28 18:58:40.350  1114  1555 D NetdConnector: RCV <- {200 2719 Firewall command succeeded}
06-28 18:58:40.409  1114  1456 V WindowManager: Exit animation finished in Window{b65eaa u0 Splash Screen com.mixgo.PropertySEO EXITING}: remove=true
06-28 18:58:40.409  1114  1456 E WindowManager: win=Window{b65eaa u0 Splash Screen com.mixgo.PropertySEO EXITING} destroySurfaces: appStopped=false win.mWindowRemovalAllowed=true win.mRemoveOnExit=true
06-28 18:58:40.409  1114  1456 V WindowManager: postWindowRemoveCleanupLocked: Window{b65eaa u0 Splash Screen com.mixgo.PropertySEO}
06-28 18:58:40.409  1114  1456 V WindowManager: Removing Window{b65eaa u0 Splash Screen com.mixgo.PropertySEO} from AppWindowToken{fc06584 token=Token{4f3df97 ActivityRecord{50d7a16 u0 com.mixgo.PropertySEO/cn.jiguang.unity.push.UnityPluginActivity t232}}}
06-28 18:58:40.650  1114  1114 I HwNormalizedSpline: mOminLevelMode:Day getBrightnessLevel lux =470.0,mDefaultBrightness=44.726948,mOCount=11
06-28 18:58:40.967   520   530 D vold    : Remounting 10407 as mode read
06-28 18:58:40.967  1114  1217 I PackageManager: writePermissionsSync -> user:0, put true:, Build.FINGERPRINT:HUAWEI/EML-AL00/HWEML:9/HUAWEIEML-AL00/187C00R1:user/release-keys, fingerprint:HUAWEI/EML-AL00/HWEML:9/HUAWEIEML-AL00/187C00R1:user/release-keys
06-28 18:58:40.973   520   530 D vold    : Found matching PID 9931
06-28 18:58:41.005   520   529 D vold    : Remounting 10407 as mode write
06-28 18:58:41.010   520   529 D vold    : Found matching PID 9931
06-28 18:58:41.221  1114  1137 I AlarmManager: remove alarm:Alarm{b63ea28 type 1 when 1561719681390 PendingIntent{dd31341: PendingIntentRecord{540bc24 com.huawei.systemmanager broadcastIntent}}com.huawei.systemmanager} according to operation:80330e6
06-28 18:58:41.228  1114  6160 I AlarmManager: remove alarm:Alarm{d417572 type 1 when 1561719711261 PendingIntent{ed3edc3: PendingIntentRecord{a7fd640 com.huawei.systemmanager broadcastIntent}}com.huawei.systemmanager} according to operation:135e979
06-28 18:58:41.412  1114  1737 W HwActivityManagerServiceEx: appSwitch from: com.android.packageinstaller to: com.mixgo.PropertySEO
06-28 18:58:41.413  1114  1219 W HwActivityManagerServiceEx: HwActivityNotifier end call android.app.IHwActivityNotifier$Stub$Proxy@b3922e9 for appSwitch under user 0 cost 0
06-28 18:58:41.413  1114  1737 V HwPhoneWindowManager: updateSystemUiColorLw window=Window{3615bb9 u0 com.mixgo.PropertySEO/cn.jiguang.unity.push.UnityPluginActivity},EmuiStyle=0,StatusBarColor=0xff000000,NavigationBarColor=0xff000000, mLastIsEmuiLightStyle=-1, mForceNotchStatusBar=false
06-28 18:58:41.413  1114  1219 W HwActivityManagerServiceEx: HwActivityNotifier end call android.app.IHwActivityNotifier$Stub$Proxy@92d0b6e for appSwitch under user 0 cost 0
06-28 18:58:41.417  1114  1737 D HwPhoneWindowManager: sensorRotation = -1 lastRotation:0
06-28 18:58:41.418  1114  1737 V WindowManager: notifyAppResumed: wasStopped=false AppWindowToken{fc06584 token=Token{4f3df97 ActivityRecord{50d7a16 u0 com.mixgo.PropertySEO/cn.jiguang.unity.push.UnityPluginActivity t232}}}
06-28 18:58:41.419  1724 24792 I CommandQueue: updateBarBgColor
06-28 18:58:41.419  1724 24792 D CommandQueue: CommandQueue, setBarBackgroundColor
06-28 18:58:41.420  1114  1737 V WindowManager: Checking 1 opening apps (frozen=false timeout=false), Track: activitypause performsurface
06-28 18:58:41.420  1114  1737 V WindowManager: Check opening app=AppWindowToken{fc06584 token=Token{4f3df97 ActivityRecord{50d7a16 u0 com.mixgo.PropertySEO/cn.jiguang.unity.push.UnityPluginActivity t232}}}: allDrawn=true startingDisplayed=false startingMoved=false isRelaunching()=false startingWindow=null
06-28 18:58:41.420  1114  1737 I WindowManager: closing apps count = 1
06-28 18:58:41.422  1114  5851 D HwLocationManagerService: on transact ADD_LOCATION_MODE  uid is 10407 , expectedmode is 3 , packagename is com.mixgo.PropertySEO
06-28 18:58:41.422  1114  5851 D HwLocationManagerService: uid is 10407 , isWifiConn is true , isMobileConn is false
06-28 18:58:41.422  1114  5851 I HwNetworkPolicy: onTransact, code = 203
06-28 18:58:41.422  1114  5851 I HwNetworkPolicyManager: getHwUidPolicy uid = 10407 policy = 0
06-28 18:58:41.422  1114  5851 D HwLocationManagerService: policy is 0 , wifiAccess is true, mobileAccess is true
06-28 18:58:41.422  1114  5851 D HwLocationManagerService: wifiAvaiable is true , mobileAvailable is false
06-28 18:58:41.422  1114  5851 D HwLocationManagerService: addSupervisoryControlProc, mExpectedMode is network,packagename=com.mixgo.PropertySEO, mSupervisoryPkgList is {com.mixgo.PropertySEO=network}
06-28 18:58:41.422  1114  5851 D HwLocationManagerService:  package has no request send yet
06-28 18:58:41.450  1114  1219 W HwActivityManagerServiceEx: HwActivityNotifier end call android.app.IHwActivityNotifier$Stub$Proxy@88cf16b for activityLifeState under user 0 cost 0
06-28 18:58:41.454  1114  6160 D HwGameAssistantController: pid=9931, uid=10407, component=ComponentInfo{com.mixgo.PropertySEO/cn.jiguang.unity.push.UnityPluginActivity}
06-28 18:58:41.454  1114  1243 D HwGameAssistantController: UPDATE: mCurFgPkg=com.mixgo.PropertySEO, mCurFgPid=9931, mCurIsGame=false
06-28 18:58:41.455  1114  1219 W HwActivityManagerServiceEx: HwActivityNotifier end call android.app.IHwActivityNotifier$Stub$Proxy@88cf16b for activityLifeState under user 0 cost 0
06-28 18:58:41.477  1869  1882 I BoosterSwitchP: notifyUidState do nothing
06-28 18:58:41.477  1869  1882 I DeepNoDisturbP: notifyUidState
06-28 18:58:41.477  1869  1882 I HidataAppQoeP: notifyUidState
06-28 18:58:41.477  1869  1882 I BrowserChrP: notifyUidState
06-28 18:58:41.477 31509 31509 D ActivityThread: Remove activity client record, r= ActivityRecord{c850fb8 token=android.os.BinderProxy@382c1a3 {com.android.packageinstaller/com.android.packageinstaller.permission.ui.GrantPermissionsActivity}} token= android.os.BinderProxy@382c1a3
06-28 18:58:41.480  1114 13295 V WindowManager: removeIfPossible: Window{a993644 u0 com.android.packageinstaller/com.android.packageinstaller.permission.ui.GrantPermissionsActivity}
06-28 18:58:41.482  1114 13295 V WindowManager: Not removing Window{a993644 u0 com.android.packageinstaller/com.android.packageinstaller.permission.ui.GrantPermissionsActivity EXITING} due to exit animation 
06-28 18:58:41.488  1114 13295 V WindowManager: removeAppToken: AppWindowToken{30970bd token=Token{843a014 ActivityRecord{98c2a67 u0 com.android.packageinstaller/.permission.ui.GrantPermissionsActivity t232}}} delayed=true Callers=com.android.server.wm.DisplayContent.removeAppToken:1059 com.android.server.wm.AppWindowContainerController.removeContainer:301 com.android.server.am.ActivityRecord.removeWindowContainer:1152 com.android.server.am.ActivityStack.removeActivityFromHistoryLocked:4507 
06-28 18:58:41.488  1114 13295 V WindowManager: removeAppToken make exiting: AppWindowToken{30970bd token=Token{843a014 ActivityRecord{98c2a67 u0 com.android.packageinstaller/.permission.ui.GrantPermissionsActivity t232}}}
06-28 18:58:41.515  1114  1114 I WindowManager: notifyAccessibilityButtonVisibilityChanged visible:false
06-28 18:58:41.585  1114  1114 D MediaRouterService: onAudioPlayerActiveStateChanged: uid=10407, active=true, restoreUid=10407
06-28 18:58:41.648  1114  1217 I PackageManager: writePermissionsSync -> user:0, put true:, Build.FINGERPRINT:HUAWEI/EML-AL00/HWEML:9/HUAWEIEML-AL00/187C00R1:user/release-keys, fingerprint:HUAWEI/EML-AL00/HWEML:9/HUAWEIEML-AL00/187C00R1:user/release-keys
06-28 18:58:41.664  1114  1456 V WindowManager: Exit animation finished in Window{a993644 u0 com.android.packageinstaller/com.android.packageinstaller.permission.ui.GrantPermissionsActivity EXITING}: remove=true
06-28 18:58:41.664  1114  1456 E WindowManager: win=Window{a993644 u0 com.android.packageinstaller/com.android.packageinstaller.permission.ui.GrantPermissionsActivity EXITING} destroySurfaces: appStopped=false win.mWindowRemovalAllowed=true win.mRemoveOnExit=true
06-28 18:58:41.665  1114  1456 V WindowManager: postWindowRemoveCleanupLocked: Window{a993644 u0 com.android.packageinstaller/com.android.packageinstaller.permission.ui.GrantPermissionsActivity}
06-28 18:58:41.665  1114  1456 V WindowManager: Removing Window{a993644 u0 com.android.packageinstaller/com.android.packageinstaller.permission.ui.GrantPermissionsActivity} from AppWindowToken{30970bd token=Token{843a014 ActivityRecord{98c2a67 u0 com.android.packageinstaller/.permission.ui.GrantPermissionsActivity t232}}} mIsExiting=
06-28 18:58:41.668  1114  1456 V WindowManager: removeAppToken: AppWindowToken{30970bd token=Token{843a014 ActivityRecord{98c2a67 u0 com.android.packageinstaller/.permission.ui.GrantPermissionsActivity t232}}} delayed=false Callers=com.android.server.wm.AppWindowToken.removeImmediately:656 com.android.server.wm.AppWindowToken.removeIfPossible:664 com.android.server.wm.AppWindowToken.checkCompleteDeferredRemoval:670 com.android.server.wm.WindowContainer.checkCompleteDeferredRemoval:666 
06-28 18:58:41.729  1114  2997 V BackupManagerConstants: getFullBackupRequiredNetworkType(...) returns 2
06-28 18:58:41.729  1114  2997 V BackupManagerConstants: getFullBackupRequireCharging(...) returns true
06-28 18:58:41.917  1114  1114 I HwNormalizedSpline: mOminLevelMode:Day getBrightnessLevel lux =470.0,mDefaultBrightness=44.726948,mOCount=11
06-28 18:58:41.959  1114  6160 I HwAudioServiceEx: VBR Enter package length 1
06-28 18:58:41.959  1114  6160 I HwAudioServiceEx: VBR Enter packageName:com.mixgo.PropertySEO
06-28 18:58:41.960  1114  6160 I HwAudioServiceEx: VBR HwAudioService:music app exit -1
06-28 18:58:42.720  1114 13295 I HwAlarmManagerService: hwSetAlarm listenerTag: GeneratePolicyRunner_COLLECT_REPEAT_TAG
06-28 18:58:43.810  1114 13295 D HwAudioService: startWatchingRoutes
06-28 18:58:43.810  1114 13295 D HwAudioService: linkVAtoDeathRe for vassistant
06-28 18:58:43.810  1114 13295 D HwAudioService: packageName:com.mixgo.PropertySEO
06-28 18:58:43.810  1114 13295 D MediaRouterService: Client com.mixgo.PropertySEO (pid 9931): Registered
06-28 18:58:43.956  1114  1114 D MediaRouterService: onAudioPlayerActiveStateChanged: uid=10407, active=false, delaying
06-28 18:58:43.979  1114  1114 D MediaRouterService: onAudioPlayerActiveStateChanged: uid=10407, active=true, restoreUid=10407
06-28 18:58:44.021  1114  6160 I ActivityManager: START u0 {act=android.content.pm.action.REQUEST_PERMISSIONS pkg=com.android.packageinstaller cmp=com.android.packageinstaller/.permission.ui.GrantPermissionsActivity (has extras)} from uid 10407
06-28 18:58:44.022  1114  6160 I ActivityManager: ActivityRecord info: ActivityInfo{31737b8 com.android.packageinstaller.permission.ui.GrantPermissionsActivity}
06-28 18:58:44.025  1114  6160 V WindowManager: addAppToken: AppWindowToken{831acf7 token=Token{256a0f6 ActivityRecord{42cf991 u0 com.android.packageinstaller/.permission.ui.GrantPermissionsActivity t232}}} controller={TaskWindowContainerController taskId=232} at 2147483647
06-28 18:58:44.162  1114  6160 W ContextImpl: Calling a method in the system process without a qualified user: android.app.ContextImpl.sendBroadcast:1208 com.android.server.HwConnectivityManagerImpl.sendIntentDnsEvent:795 com.android.server.HwConnectivityManagerImpl.onDnsEvent:660 com.android.server.connectivity.NetdEventListenerService.onDnsEvent:222 android.net.metrics.INetdEventListener$Stub.onTransact:70 
06-28 18:58:44.296  1114  1114 D MediaRouterService: onAudioPlayerActiveStateChanged: uid=10407, active=false, delaying
06-28 18:58:44.299  1114  5851 V ActivityManager: Making visible and scheduling visibility: ActivityRecord{42cf991 u0 com.android.packageinstaller/.permission.ui.GrantPermissionsActivity t232}
06-28 18:58:44.300  1114  5851 D HwPhoneWindowManager: sensorRotation = -1 lastRotation:0
06-28 18:58:44.306  1114  5851 W HwActivityManagerServiceEx: appSwitch from: com.mixgo.PropertySEO to: com.android.packageinstaller
06-28 18:58:44.306  1114  1219 W HwActivityManagerServiceEx: HwActivityNotifier end call android.app.IHwActivityNotifier$Stub$Proxy@b3922e9 for appSwitch under user 0 cost 0
06-28 18:58:44.306  1114  1219 W HwActivityManagerServiceEx: HwActivityNotifier end call android.app.IHwActivityNotifier$Stub$Proxy@92d0b6e for appSwitch under user 0 cost 0
06-28 18:58:44.307 31509 31509 V ActivityThread: Skipping new config:{1.0 ?mcc?mnc [zh_CN_#Hans,en_US] ldltr sw360dp w360dp h719dp 480dpi nrml long hdr port finger -keyb/v/h -nav/h winConfig={ mBounds=Rect(0, 0 - 0, 0) mAppBounds=Rect(0, 85 - 1080, 2244) mWindowingMode=fullscreen mActivityType=undefined} nonFullScreen=0 suim:1 s.9}, config:{1.0 ?mcc?mnc [zh_CN_#Hans,en_US] ldltr sw360dp w360dp h719dp 480dpi nrml long hdr port finger -keyb/v/h -nav/h winConfig={ mBounds=Rect(0, 0 - 0, 0) mAppBounds=Rect(0, 85 - 1080, 2244) mWindowingMode=fullscreen mActivityType=undefined} nonFullScreen=0 suim:1 s.9} for app:com.android.packageinstaller
06-28 18:58:44.310  1114  5851 V WindowManager: Checking 1 opening apps (frozen=false timeout=false), Track: activitypause performsurface
06-28 18:58:44.310  1114  5851 V WindowManager: Check opening app=AppWindowToken{831acf7 token=Token{256a0f6 ActivityRecord{42cf991 u0 com.android.packageinstaller/.permission.ui.GrantPermissionsActivity t232}}}: allDrawn=false startingDisplayed=false startingMoved=false isRelaunching()=false startingWindow=null
06-28 18:58:44.312  1114  1219 W HwActivityManagerServiceEx: HwActivityNotifier end call android.app.IHwActivityNotifier$Stub$Proxy@88cf16b for activityLifeState under user 0 cost 1
06-28 18:58:44.312 31509 31509 V ActivityThread: callActivityOnCreate
06-28 18:58:44.315  1869  1882 I BoosterSwitchP: notifyUidState do nothing
06-28 18:58:44.315  1869  1882 I DeepNoDisturbP: notifyUidState
06-28 18:58:44.315  1869  1882 I HidataAppQoeP: notifyUidState
06-28 18:58:44.315  1869  1882 I BrowserChrP: notifyUidState
06-28 18:58:44.317  1114  6160 I HwNetworkPolicy: onTransact, code = 203
06-28 18:58:44.317  2017  2506 I HwNetworkPolicyManager: getHwUidPolicy uid = 10042 policy = 0
06-28 18:58:44.322  1114  6160 I HwAudioService: now type = 255,reportForegroundAppType = 255,pkg = null,systemload = 255mVoipOptimizeInGameModetrue
06-28 18:58:44.323  1114  2452 I AlarmManager: remove alarm:Alarm{4f6b985 type 0 when 1561719814211 PendingIntent{de41764: PendingIntentRecord{4969dcd com.mixgo.PropertySEO broadcastIntent}}com.mixgo.PropertySEO} according to operation:538eefc
06-28 18:58:44.332 31509 31509 D ActivityThread: add activity client record, r= ActivityRecord{9141a86 token=android.os.BinderProxy@6df5144 {com.android.packageinstaller/com.android.packageinstaller.permission.ui.GrantPermissionsActivity}} token= android.os.BinderProxy@6df5144
06-28 18:58:44.333  1114  6160 D HwGameAssistantController: pid=31509, uid=10042, component=ComponentInfo{com.android.packageinstaller/com.android.packageinstaller.permission.ui.GrantPermissionsActivity}
06-28 18:58:44.333  1114  1243 D HwGameAssistantController: UPDATE: mCurFgPkg=com.android.packageinstaller, mCurFgPid=31509, mCurIsGame=false
06-28 18:58:44.333  1114  1219 W HwActivityManagerServiceEx: HwActivityNotifier end call android.app.IHwActivityNotifier$Stub$Proxy@88cf16b for activityLifeState under user 0 cost 0
06-28 18:58:44.334  1114  2452 W HwActivityManagerServiceEx: appSwitch from: com.android.packageinstaller to: com.mixgo.PropertySEO
06-28 18:58:44.334  1114  1219 W HwActivityManagerServiceEx: HwActivityNotifier end call android.app.IHwActivityNotifier$Stub$Proxy@b3922e9 for appSwitch under user 0 cost 0
06-28 18:58:44.334  1114  1219 W HwActivityManagerServiceEx: HwActivityNotifier end call android.app.IHwActivityNotifier$Stub$Proxy@92d0b6e for appSwitch under user 0 cost 0
06-28 18:58:44.340  1114  6160 D HwLocationManagerService: on transact ADD_LOCATION_MODE  uid is 10407 , expectedmode is 3 , packagename is com.mixgo.PropertySEO
06-28 18:58:44.341  1114  6160 D HwLocationManagerService: uid is 10407 , isWifiConn is true , isMobileConn is false
06-28 18:58:44.341  1114  6160 I HwNetworkPolicy: onTransact, code = 203
06-28 18:58:44.341  1114  6160 I HwNetworkPolicyManager: getHwUidPolicy uid = 10407 policy = 0
06-28 18:58:44.341  1114  6160 D HwLocationManagerService: policy is 0 , wifiAccess is true, mobileAccess is true
06-28 18:58:44.341  1114  6160 D HwLocationManagerService: wifiAvaiable is true , mobileAvailable is false
06-28 18:58:44.341  1114  6160 D HwLocationManagerService: addSupervisoryControlProc, mExpectedMode is network,packagename=com.mixgo.PropertySEO, mSupervisoryPkgList is {com.mixgo.PropertySEO=network}
06-28 18:58:44.341  1114  6160 D HwLocationManagerService:  package has no request send yet
06-28 18:58:44.341  1114  2452 D HwPhoneWindowManager: sensorRotation = -1 lastRotation:0
06-28 18:58:44.342  1114  2452 V WindowManager: notifyAppResumed: wasStopped=false AppWindowToken{fc06584 token=Token{4f3df97 ActivityRecord{50d7a16 u0 com.mixgo.PropertySEO/cn.jiguang.unity.push.UnityPluginActivity t232}}}
06-28 18:58:44.344  1114  2452 V WindowManager: Checking 1 opening apps (frozen=false timeout=false), Track: activitypause performsurface
06-28 18:58:44.344  1114  2452 V WindowManager: Check opening app=AppWindowToken{fc06584 token=Token{4f3df97 ActivityRecord{50d7a16 u0 com.mixgo.PropertySEO/cn.jiguang.unity.push.UnityPluginActivity t232}}}: allDrawn=true startingDisplayed=false startingMoved=false isRelaunching()=false startingWindow=null
06-28 18:58:44.344  1114  2452 I WindowManager: closing apps count = 1
06-28 18:58:44.347   574   598 W SocketListener: sending broadcast to Pid = 1114, Uid = 1000 
06-28 18:58:44.347  1114  1219 W HwActivityManagerServiceEx: HwActivityNotifier end call android.app.IHwActivityNotifier$Stub$Proxy@88cf16b for activityLifeState under user 0 cost 0
06-28 18:58:44.348  1114  1555 D NetdConnector: RCV <- {661 ReportType 0 0 0 0 0 0 0 0 0 0 0 0 0 0 0 0 0 0 0 0 0 0 0 0 0 0 0 0 0 0 0 0 0 0 0 0 0 0 0 0 0 0 0 0 0 0 0 0 0 0 0 0 0 0 0 0 0 0 0 0 0 0 0 0 0 0 0 0 0 0 0 0 0 0 0 0 0 0 0 0 0 0 0 0 0 0 0 0 0 0 0 0 0 0 0 0 0 0 0 0 0 0 0 0 0 0 0 0 0 0 0 0 0 0 0 0 0 0 0 0 0 0 0 0 0 0 0 0 0 0 0 0 0 0 0 0 0 0 0 0 0 0 0 0 0 0 0 0 0 0 0 0 0 0 0 0 0 0 0 0 0 0 0 0 0 0 0 0 0 0 0 0 0 0 0 0 0 0 0 0 0 0 0 0 0 0 0 0 0 0 0 0 0 0 0 0 0 0 0 0 0 0 0 0 0 0 0 0 0 0 0 0 0 0 0 0 0 0 0 0 0 0 0 0 0 0 0 0 0 ReportType 0 278 72 1 0 0 1 11 1 0 0 0 0 0 6 1 0 0 0 1 0 0 0 0 0 0 0 0 0 0 0 0 0 0 0 0 0 0 0 0 0 0 0 0 0 0 0 0 0 0 0 0 0 0 0 0 0 0 0 0 0 0 0 0 0 0 0 0 0 0 0 0 0 0 0 0 0 0 0 0 0 0 0 0 0 0 0 0 0 0 0 0 0 0 0 0 0 0 0 0 0 0 0 0 0 0 0 0 0 0 0 0 0 0 0 0 0 0 0 0 0 0 0 0 0 0 0 0 0 0 0 0 0 0 0 0 0 0 0 0 0 0 0 0 0 0 0 0 0 0 0 0 0 0 0 0 0 0 0 0 0 0 0 0 0 0 0 0 0 0 0 0 0 0 0 0 0 0 0 0 0 0 0 0 0 0 0 0 0 0 0 0 0 0 0 0 0 0 0 0 0 0 0 0 0 0 0 0 0 0 0 0 57 0 14 72 72 72 0 0 0 0 0 0 0 0 32 4 1}
06-28 18:58:44.349  1114  1555 D NetdConnector: RCV <- {661 ReportType 0 0 0 0 0 0 0 0 0 0 0 0 0 0 0 0 0 0 0 0 0 0 0 0 0 0 0 0 0 0 0 0 0 0 0 0 0 0 0 0 0 0 0 0 0 0 0 0 0 0 0 0 0 0 0 0 0 0 0 0 0 0 0 0 0 0 0 0 0 0 0 0 0 0 0 0 0 0 0 0 0 0 0 0 0 0 0 0 0 0 0 0 0 0 0 0 0 0 0 0 0 0 0 0 0 0 0 0 0 0 0 0 0 0 0 0 0 0 0 0 0 0 0 0 0 0 0 0 0 0 0 0 0 0 0 0 0 0 0 0 0 0 0 0 0 0 0 0 0 0 0 0 0 0 0 0 0 0 0 0 0 0 0 0 0 0 0 0 0 0 0 0 0 0 0 0 0 0 0 0 0 0 0 0 0 0 0 0 0 0 0 0 0 0 0 0 0 0 0 0 0 0 0 0 0 0 0 0 0 0 0 0 0 0 0 0 0 0 0 0 0 0 0 0 0 0 0 0 0 ReportType 0 278 72 1 0 0 1 11 1 0 0 0 0 0 6 1 0 0 0 1 0 0 0 0 0 0 0 0 0 0 0 0 0 0 0 0 0 0 0 0 0 0 0 0 0 0 0 0 0 0 0 0 0 0 0 0 0 0 0 0 0 0 0 0 0 0 0 0 0 0 0 0 0 0 0 0 0 0 0 0 0 0 0 0 0 0 0 0 0 0 0 0 0 0 0 0 0 0 0 0 0 0 0 0 0 0 0 0 0 0 0 0 0 0 0 0 0 0 0 0 0 0 0 0 0 0 0 0 0 0 0 0 0 0 0 0 0 0 0 0 0 0 0 0 0 0 0 0 0 0 0 0 0 0 0 0 0 0 0 0 0 0 0 0 0 0 0 0 0 0 0 0 0 0 0 0 0 0 0 0 0 0 0 0 0 0 0 0 0 0 0 0 0 0 0 0 0 0 0 0 0 0 0 0 0 0 0 0 0 0 0 0 57 0 14 72 72 72 0 0 0 0 0 0 0 0 32 4 1}
06-28 18:58:44.349  1114  1240 D NetdConnector: RCV unsolicited event from native daemon, event = 661
06-28 18:58:44.351  1114  1240 D HwNetworkManagementService: onEvent receive Web Stat Report:661 ReportType 0 0 0 0 0 0 0 0 0 0 0 0 0 0 0 0 0 0 0 0 0 0 0 0 0 0 0 0 0 0 0 0 0 0 0 0 0 0 0 0 0 0 0 0 0 0 0 0 0 0 0 0 0 0 0 0 0 0 0 0 0 0 0 0 0 0 0 0 0 0 0 0 0 0 0 0 0 0 0 0 0 0 0 0 0 0 0 0 0 0 0 0 0 0 0 0 0 0 0 0 0 0 0 0 0 0 0 0 0 0 0 0 0 0 0 0 0 0 0 0 0 0 0 0 0 0 0 0 0 0 0 0 0 0 0 0 0 0 0 0 0 0 0 0 0 0 0 0 0 0 0 0 0 0 0 0 0 0 0 0 0 0 0 0 0 0 0 0 0 0 0 0 0 0 0 0 0 0 0 0 0 0 0 0 0 0 0 0 0 0 0 0 0 0 0 0 0 0 0 0 0 0 0 0 0 0 0 0 0 0 0 0 0 0 0 0 0 0 0 0 0 0 0 0 0 0 0 0 0 ReportType 0 278 72 1 0 0 1 11 1 0 0 0 0 0 6 1 0 0 0 1 0 0 0 0 0 0 0 0 0 0 0 0 0 0 0 0 0 0 0 0 0 0 0 0 0 0 0 0 0 0 0 0 0 0 0 0 0 0 0 0 0 0 0 0 0 0 0 0 0 0 0 0 0 0 0 0 0 0 0 0 0 0 0 0 0 0 0 0 0 0 0 0 0 0 0 0 0 0 0 0 0 0 0 0 0 0 0 0 0 0 0 0 0 0 0 0 0 0 0 0 0 0 0 0 0 0 0 0 0 0 0 0 0 0 0 0 0 0 0 0 0 0 0 0 0 0 0 0 0 0 0 0 0 0 0 0 0 0 0 0 0 0 0 0 0 0 0 0 0 0 0 0 0 0 0 0 0 0 0 0 0 0 0 0 0 0 0 0 0 0 0 0 0 0 0 0 0 0 0 0 0 0 0 0 0 0 0 0 0 0 0 0 57 0 14 72 72 72 0 0 0 0 0 0 0 0 32 4 1
06-28 18:58:44.351  1114  1240 W ContextImpl: Calling a method in the system process without a qualified user: android.app.ContextImpl.sendBroadcast:1208 com.android.server.HwNetworkManagementService.sendWebStatMessage:1299 com.android.server.HwServiceFactoryImpl$HwNetworkManagementServiceImpl.sendWebStatMessage:732 com.android.server.NetworkManagementService$NetdCallbackReceiver.onEvent:1095 com.android.server.NativeDaemonConnector.handleMessage:176 
06-28 18:58:44.353  1114  5851 D HwGameAssistantController: pid=9931, uid=10407, component=ComponentInfo{com.mixgo.PropertySEO/cn.jiguang.unity.push.UnityPluginActivity}
06-28 18:58:44.354  1114  1219 W HwActivityManagerServiceEx: HwActivityNotifier end call android.app.IHwActivityNotifier$Stub$Proxy@88cf16b for activityLifeState under user 0 cost 0
06-28 18:58:44.354  1114  1243 D HwGameAssistantController: UPDATE: mCurFgPkg=com.mixgo.PropertySEO, mCurFgPid=9931, mCurIsGame=false
06-28 18:58:44.357  9931 10136 E ActivityThread: Failed to find provider info for com.ss.android.article.news.DownloadProvider
06-28 18:58:44.360  9931 10136 E ActivityThread: Failed to find provider info for com.ss.android.article.news.DownloadProvider
06-28 18:58:44.369  1114  1114 D MediaRouterService: onAudioPlayerActiveStateChanged: uid=10407, active=true, restoreUid=10407
06-28 18:58:44.386  1869  1882 I BoosterSwitchP: notifyUidState do nothing
06-28 18:58:44.386  1869  1882 I DeepNoDisturbP: notifyUidState
06-28 18:58:44.386  1869  1882 I HidataAppQoeP: notifyUidState
06-28 18:58:44.386  1869  1882 I BrowserChrP: notifyUidState
06-28 18:58:44.386 31509 31509 D ActivityThread: Remove activity client record, r= ActivityRecord{9141a86 token=android.os.BinderProxy@6df5144 {com.android.packageinstaller/com.android.packageinstaller.permission.ui.GrantPermissionsActivity}} token= android.os.BinderProxy@6df5144
06-28 18:58:44.387  1114  6160 V WindowManager: removeAppToken: AppWindowToken{831acf7 token=Token{256a0f6 ActivityRecord{42cf991 u0 com.android.packageinstaller/.permission.ui.GrantPermissionsActivity t232}}} delayed=false Callers=com.android.server.wm.DisplayContent.removeAppToken:1059 com.android.server.wm.AppWindowContainerController.removeContainer:301 com.android.server.am.ActivityRecord.removeWindowContainer:1152 com.android.server.am.ActivityStack.removeActivityFromHistoryLocked:4507 
06-28 18:58:44.851  1114  1114 I HwNormalizedSpline: mOminLevelMode:Day getBrightnessLevel lux =470.0,mDefaultBrightness=44.726948,mOCount=11
06-28 18:58:46.115  1114  1228 I ActivityManager: App 10407/com.mixgo.PropertySEO targets O+, restricted
06-28 18:58:46.123  1114 10297 V BroadcastQueue: Finished with ordered broadcast BroadcastRecord{d2e3739 u0 cn.jpush.android.intent.REGISTRATION}
06-28 18:58:46.168  1114  6160 D CountryDetector: isValidCountryIso: CN
06-28 18:58:46.201  1114  1228 I ActivityManager: App 10407/com.mixgo.PropertySEO targets O+, restricted
06-28 18:58:46.205  1114  6160 V BroadcastQueue: Finished with ordered broadcast BroadcastRecord{97117e u0 cn.jpush.android.intent.CONNECTION}
06-28 18:58:46.215  1114  1228 I ActivityManager: App 10407/com.mixgo.PropertySEO targets O+, restricted
06-28 18:58:46.218  1114 10297 I AlarmManager: remove alarm:Alarm{d320df5 type 0 when 1561719814323 PendingIntent{538eefc: PendingIntentRecord{4969dcd com.mixgo.PropertySEO broadcastIntent}}com.mixgo.PropertySEO} according to operation:140f2c
06-28 18:58:46.219  1114  6160 V BroadcastQueue: Finished with ordered broadcast BroadcastRecord{d1b06df u0 cn.jpush.android.intent.ACTION_REPORT_HISTORY}
06-28 18:58:46.281  1114  2452 D HwLocationManagerService: uid is 10407 , isWifiConn is true , isMobileConn is false
06-28 18:58:46.281  1114  2452 I HwNetworkPolicy: onTransact, code = 203
06-28 18:58:46.281  1114  2452 I HwNetworkPolicyManager: getHwUidPolicy uid = 10407 policy = 0
06-28 18:58:46.281  1114  2452 D HwLocationManagerService: policy is 0 , wifiAccess is true, mobileAccess is true
06-28 18:58:46.281  1114  2452 D HwLocationManagerService: wifiAvaiable is true , mobileAvailable is false
06-28 18:58:46.282  1114  2452 I BackgroundPermManager: pkgName: com.mixgo.PropertySEO,pid: 9931 ,uidOf3RdApk: 10407 ,permType: 2 ,permCfg: 1
06-28 18:58:46.288  1114  6160 I NetworkStats: openSessionForUsageStats, pid = 1849, pkg = com.huawei.lbs
06-28 18:58:46.288  1114  6160 I NetworkStats: openSessionInternal,pid = 1849
06-28 18:58:46.289  1114  6160 I NetworkStats: performPollLocked, pid = 1114
06-28 18:58:46.302  1114  6160 W NetworkStatsFactory: mStatsXtProcUid: /proc/net/comm/stats does not exist!
06-28 18:58:46.303  1114  6160 D HwNetworkStatsService: hwRecordUidAndProcSnapshotLocked currentTime = 1561719526287
06-28 18:58:46.313  1114  6160 I NetworkStatsFactory: javaReadNetworkStatsUidAndProcDetail. cost time = 10
06-28 18:58:46.325  1114  6160 D HwNetworkStatsService: hwMaybeUidAndProcPersistLocked currentTime = 1561719526287
06-28 18:58:46.363  1114  1812 D HwLocalLocationProvider: this loc is Better than Last Location
06-28 18:58:46.367  1114 10160 D HwLocalLocationProvider: cellid is Exist, update  cellinfo to DB
06-28 18:58:46.367  1114 10160 D HwLocalLocationProvider: update loc to cell database
06-28 18:58:46.371  1114 10162 D HwLocalLocationProvider: update loc to bssid database
06-28 18:58:46.377  1114  6160 I BackgroundPermManager: pkgName: com.mixgo.PropertySEO,pid: 9931 ,uidOf3RdApk: 10407 ,permType: 2 ,permCfg: 0
06-28 18:58:46.383  1114  2452 I NetworkStats: openSessionForUsageStats, pid = 1849, pkg = com.huawei.lbs
06-28 18:58:46.383  1114  2452 I NetworkStats: openSessionInternal,pid = 1849
06-28 18:58:46.384  1114  2452 I NetworkStats: performPollLocked, pid = 1114
06-28 18:58:46.394  1114  1812 W ProcBatteryStats: timer is running , not start, name: android, uid: 1000, tag: *location*
06-28 18:58:46.397   788   788 D libgps  : proxy_gps_inject_location: called.
06-28 18:58:46.398  1114  1812 W ProcBatteryStats: timer is not running , not stop, name: android, uid: 1000, tag: *location*
06-28 18:58:46.399  1114  2452 W NetworkStatsFactory: mStatsXtProcUid: /proc/net/comm/stats does not exist!
06-28 18:58:46.399  1114  2452 D HwNetworkStatsService: hwRecordUidAndProcSnapshotLocked currentTime = 1561719526382
06-28 18:58:46.403  1114  2452 I NetworkStatsFactory: javaReadNetworkStatsUidAndProcDetail. cost time = 4
06-28 18:58:46.405  1114  2452 D HwNetworkStatsService: hwMaybeUidAndProcPersistLocked currentTime = 1561719526382
06-28 18:58:47.257  1114  1790 W Watchdog: hungtask: writing kick
06-28 18:58:48.999  1114  6160 V BroadcastQueue: Finished with ordered broadcast BroadcastRecord{818f2d7 u0 com.google.android.intent.action.GCM_RECONNECT}
06-28 18:58:49.079  1114  6160 I HwPackageManagerServiceEx: now 120728663 optNow true upgrade false BootCompleted true UserSwitching 0
06-28 18:58:51.625   574   594 W SocketListener: sending broadcast to Pid = 1114, Uid = 1000 
06-28 18:58:51.626  1114  1555 D NetdConnector: RCV <- {601 limit alert globalAlert wlan0}
06-28 18:58:51.627  1114  1555 D NetdConnector: RCV <- {601 limit alert globalAlert wlan0}
06-28 18:58:51.629  1114  1240 D NetdConnector: RCV unsolicited event from native daemon, event = 601
06-28 18:58:51.631  1114  1240 I NetworkStats: limitReached
06-28 18:58:51.632  1114  1558 I NetworkStats: performPollLocked, pid = 1114
06-28 18:58:51.652  1114  1558 W NetworkStatsFactory: mStatsXtProcUid: /proc/net/comm/stats does not exist!
06-28 18:58:51.652  1114  1558 D HwNetworkStatsService: hwRecordUidAndProcSnapshotLocked currentTime = 1561719531631
06-28 18:58:51.665  1114  1558 I NetworkStatsFactory: javaReadNetworkStatsUidAndProcDetail. cost time = 12
06-28 18:58:51.673  1114  1558 D NetdConnector: SND -> {2720 bandwidth setglobalalert 2097152}
06-28 18:58:51.675  1114  1555 D NetdConnector: RCV <- {200 2720 Bandwidth command succeeeded}
06-28 18:58:51.676  1114  1555 D NetdConnector: RCV <- {200 2720 Bandwidth command succeeeded}
06-28 18:58:54.008   574   594 W SocketListener: sending broadcast to Pid = 1114, Uid = 1000 
06-28 18:58:54.009  1114  1555 D NetdConnector: RCV <- {601 limit alert globalAlert wlan0}
06-28 18:58:54.010  1114  1555 D NetdConnector: RCV <- {601 limit alert globalAlert wlan0}
06-28 18:58:54.011  1114  1240 D NetdConnector: RCV unsolicited event from native daemon, event = 601
06-28 18:58:54.013  1114  1240 I NetworkStats: limitReached
06-28 18:58:54.014  1114  1558 I NetworkStats: performPollLocked, pid = 1114
06-28 18:58:54.045  1114  1558 W NetworkStatsFactory: mStatsXtProcUid: /proc/net/comm/stats does not exist!
06-28 18:58:54.045  1114  1558 D HwNetworkStatsService: hwRecordUidAndProcSnapshotLocked currentTime = 1561719534012
06-28 18:58:54.056  1114  1558 I NetworkStatsFactory: javaReadNetworkStatsUidAndProcDetail. cost time = 10
06-28 18:58:54.080  1114  1558 D NetdConnector: SND -> {2721 bandwidth setglobalalert 2097152}
06-28 18:58:54.081  1114  1555 D NetdConnector: RCV <- {200 2721 Bandwidth command succeeeded}
06-28 18:58:54.082  1114  1555 D NetdConnector: RCV <- {200 2721 Bandwidth command succeeeded}
06-28 18:58:54.299  1114  1114 V NotificationListeners: enabling notification listener for 0: ComponentInfo{com.baidu.searchbox/com.baidu.searchbox.lockscreen.notification.NotificationMonitorService}
06-28 18:58:54.299  1114  1114 V NotificationListeners: binding: Intent { act=android.service.notification.NotificationListenerService cmp=com.baidu.searchbox/.lockscreen.notification.NotificationMonitorService (has extras) }
06-28 18:58:54.300  1114  1114 W NotificationListeners: Unable to bind notification listener service: Intent { act=android.service.notification.NotificationListenerService cmp=com.baidu.searchbox/.lockscreen.notification.NotificationMonitorService (has extras) }
06-28 18:58:54.300  1114  1114 V NotificationListeners: enabling notification listener for 0: ComponentInfo{com.huawei.android.launcher/com.android.launcher.notification.NotificationListener}
06-28 18:58:54.300  1114  1114 V NotificationListeners: binding: Intent { act=android.service.notification.NotificationListenerService cmp=com.huawei.android.launcher/com.android.launcher.notification.NotificationListener (has extras) }
06-28 18:58:54.309  1114  1114 W NotificationListeners: Not binding notification listener service ComponentInfo{android/com.android.server.emcom.grabservice.NotificationListener}: service not found
06-28 18:58:54.309  1114  1114 W NotificationAssistants: rebindServices() ignore for NotificationAssistantService
06-28 18:58:54.315  1114  1114 D SecurityProfileService: updatePackageInformation,packageName:com.mixgo.PropertySEO
06-28 18:58:54.315  1114  1114 D SecurityProfileService: updateDomainPolicies,packageList:[com.mixgo.PropertySEO]
06-28 18:58:54.315  1114  1114 D SecurityProfileService: resolveActiveDomainPolicies packageName com.mixgo.PropertySEO
06-28 18:58:54.315  1114  1114 D SecurityProfileUtils: getInstalledApkPath name success,packageName:com.mixgo.PropertySEO,userId:0,ApkPath:/data/app/com.mixgo.PropertySEO-xmzLAx4zt8q90CgZ1TZCqA==/base.apk
06-28 18:58:54.316  1114  1114 D SecurityProfileService: selected1 policy:{"labels":[]}
06-28 18:58:54.316  1114  1114 D SecurityProfileService: selected2 policy:{"labels":[]}
06-28 18:58:54.317  1114  1114 D SecurityProfileDB: writing: {
06-28 18:58:54.317  1114  1114 D SecurityProfileDB:     "overlay_labels": {},
06-28 18:58:54.317  1114  1114 D SecurityProfileDB:     "domains": {
06-28 18:58:54.317  1114  1114 D SecurityProfileDB:         "com.huawei.smarthome": {
06-28 18:58:54.317  1114  1114 D SecurityProfileDB:             "policy_version": 6,
06-28 18:58:54.317  1114  1114 D SecurityProfileDB:             "apk_digest": {
06-28 18:58:54.317  1114  1114 D SecurityProfileDB:                 "digest_algorithm": "SHA-256",
06-28 18:58:54.317  1114  1114 D SecurityProfileDB:                 "digest": "8kAADpcRny0My5sa9TarBImvXnGs4epGshhmrbOt2Js=",
06-28 18:58:54.317  1114  1114 D SecurityProfileDB:                 "signature_scheme": "v2"
06-28 18:58:54.317  1114  1114 D SecurityProfileDB:             },
06-28 18:58:54.317  1114  1114 D SecurityProfileDB:             "rules": [],
06-28 18:58:54.317  1114  1114 D SecurityProfileDB:             "labels": [
06-28 18:58:54.317  1114  1114 D SecurityProfileDB:                 "NORMAL"
06-28 18:58:54.317  1114  1114 D SecurityProfileDB:             ]
06-28 18:58:54.317  1114  1114 D SecurityProfileDB:         },
06-28 18:58:54.317  1114  1114 D SecurityProfileDB:         "com.ximalaya.ting.android": {
06-28 18:58:54.317  1114  1114 D SecurityProfileDB:             "policy_version": 2,
06-28 18:58:54.317  1114  1114 D SecurityProfileDB:             "apk_digest": {
06-28 18:58:54.317  1114  1114 D SecurityProfileDB:                 "digest_algorithm": "SHA-256",
06-28 18:58:54.317  1114  1114 D SecurityProfileDB:                 "digest": "ltEwA2NUWdvMg5xpCVbO2OYvn5VUqmcGgsUQtvGID08=",
06-28 18:58:54.317  1114  1114 D SecurityProfileDB:                 "signature_scheme": "v2"
06-28 18:58:54.317  1114  1114 D SecurityProfileDB:             },
06-28 18:58:54.317  1114  1114 D SecurityProfileDB:             "rules": [],
06-28 18:58:54.317  1114  1114 D SecurityProfileDB:             "labels": [
06-28 18:58:54.317  1114  1114 D SecurityProfileDB:                 "NORMAL"
06-28 18:58:54.317  1114  1114 D SecurityProfileDB:             ]
06-28 18:58:54.317  1114  1114 D SecurityProfileDB:         },
06-28 18:58:54.317  1114  1114 D SecurityProfileDB:         "com.vmall.client": {
06-28 18:58:54.317  1114  1114 D SecurityProfileDB:             "policy_version": 3,
06-28 18:58:54.317  1114  1114 D SecurityProfileDB:             "apk_digest": {
06-28 18:58:54.317  1114  1114 D SecurityProfileDB:                 "digest_algorithm": "SHA-256",
06-28 18:58:54.317  1114  1114 D SecurityProfileDB:                 "digest": "MjshbEeBIuhNyAmxiJ8bUyQbdfOiMe4LVrdpyfyBLck=",
06-28 18:58:54.317  1114  1114 D SecurityProfileDB:                 "signature_scheme": "v2"
06-28 18:58:54.317  1114  1114 D SecurityProfileDB:             },
06-28 18:58:54.317  1114  1114 D SecurityProfileDB:             "rules": [],
06-28 18:58:54.317  1114  1114 D SecurityProfileDB:             "labels": [
06-28 18:58:54.317  1114  1114 D SecurityProfileDB:                 "NORMAL"
06-28 18:58:54.317  1114  1114 D SecurityProfileDB:             ]
06-28 18:58:54.317  1114  1114 D SecurityProfileDB:         },
06-28 18:58:54.317  1114  1114 D SecurityProfileDB:         "com.sankuai.meituan": {
06-28 18:58:54.317  1114  1114 D SecurityProfileDB:             "policy_version": 3,
06-28 18:58:54.317  1114  1114 D SecurityProfileDB:             "apk_digest": {
06-28 18:58:54.317  1114  1114 D SecurityProfileDB:                 "digest_algorithm": "SHA-256",
06-28 18:58:54.317  1114  1114 D SecurityProfileDB:                 "digest": "DKU1i0LxsGMELL1XP+nvBf2tmfscYNMyOD1Wcn81I\/g=",
06-28 18:58:54.317  1114  1114 D SecurityProfileDB:                 "signature_scheme": "v2"
06-28 18:58:54.317  1114  1114 D SecurityProfileDB:             },
06-28 18:58:54.317  1114  1114 D SecurityProfileDB:             "rules": [],
06-28 18:58:54.317  1114  1114 D SecurityProfileDB:             "labels": [
06-28 18:58:54.317  1114  1114 D SecurityProfileDB:                 "NORMAL"
06-28 18:58:54.317  1114  1114 D SecurityProfileDB:             ]
06-28 18:58:54.317  1114  1114 D SecurityProfileDB:         },
06-28 18:58:54.317  1114  1114 D SecurityProfileDB:         "com.sina.weibo": {
06-28 18:58:54.317  1114  1114 D SecurityProfileDB:             "policy_version": 2,
06-28 18:58:54.317  1114  1114 D SecurityProfileDB:             "apk_digest": {
06-28 18:58:54.317  1114  1114 D SecurityProfileDB:                 "digest_algorithm": "SHA-256",
06-28 18:58:54.317  1114  1114 D SecurityProfileDB:                 "digest": "l944bQfPHpM2fV55AYaYSJEECMdSHqTgLq9mpTzbsdM=",
06-28 18:58:54.317  1114  1114 D SecurityProfileDB:                 "signature_scheme": "v1_manifest"
06-28 18:58:54.317  1114  1114 D SecurityProfileDB:             },
06-28 18:58:54.317  1114  1114 D SecurityProfileDB:             "rules": [],
06-28 18:58:54.317  1114  1114 D SecurityProfileDB:             "labels": [
06-28 18:58:54.317  1114  1114 D SecurityProfileDB:                 "NORMAL"
06-28 18:58:54.317  1114  1114 D SecurityProfileDB:             ]
06-28 18:58:54.317  1114  1114 D SecurityProfileDB:         },
06-28 18:58:54.317  1114  1114 D SecurityProfileDB:         "com.jingdong.app.mall": {
06-28 18:58:54.317  1114  1114 D SecurityProfileDB:             "policy_version": 5,
06-28 18:58:54.317  1114  1114 D SecurityProfileDB:             "apk_digest": {
06-28 18:58:54.317  1114  1114 D SecurityProfileDB:                 "digest_algorithm": "SHA-256",
06-28 18:58:54.317  1114  1114 D SecurityProfileDB:                 "digest": "99vPRWT72SI4wpJtYTyp73R7n8DsnfCYKdJeFo\/XwQ4=",
