06-28 18:59:52.559  1114  1558 D HwNetworkStatsService: hwRecordUidAndProcSnapshotLocked currentTime = 1561719592533
06-28 18:59:52.576  1114  1558 I NetworkStatsFactory: javaReadNetworkStatsUidAndProcDetail. cost time = 16
06-28 18:59:52.601  1114  1558 D NetdConnector: SND -> {2746 bandwidth setglobalalert 2097152}
06-28 18:59:52.603  1114  1555 D NetdConnector: RCV <- {200 2746 Bandwidth command succeeeded}
06-28 18:59:52.604  1114  1555 D NetdConnector: RCV <- {200 2746 Bandwidth command succeeeded}
--------- beginning of main
06-28 18:59:56.120  9931 10002 D         : addLayerName, tid:10002
06-28 18:59:56.127   646   646 E WifiHAL : enter wifi_get_link_stats
06-28 18:59:56.139  9931 10002 D         : addLayerName, tid:10002
06-28 18:59:56.153  9931 10002 D         : addLayerName, tid:10002
06-28 18:59:56.170  9931 10002 D         : addLayerName, tid:10002
06-28 18:59:56.186  9931 10002 D         : addLayerName, tid:10002
06-28 18:59:56.202  9931 10002 D         : addLayerName, tid:10002
06-28 18:59:56.219  9931 10002 D         : addLayerName, tid:10002
06-28 18:59:56.235  9931 10002 D         : addLayerName, tid:10002
06-28 18:59:56.252  9931 10002 D         : addLayerName, tid:10002
06-28 18:59:56.268  9931 10002 D         : addLayerName, tid:10002
06-28 18:59:56.284  9931  9931 W GC_start_routin: type=1400 audit(0.0:37964): avc: granted { create } for name="vendor.640b21e9189fbf5f809e.js.map" scontext=u:r:untrusted_app:s0:c151,c257,c512,c768 tcontext=u:object_r:sdcardfs:s0:c151,c257,c512,c768 tclass=file
06-28 18:59:56.285  9931 10002 D         : addLayerName, tid:10002
06-28 18:59:56.302  9931 10002 D         : addLayerName, tid:10002
06-28 18:59:56.318  9931 10002 D         : addLayerName, tid:10002
06-28 18:59:56.328  9931  9931 W GC_start_routin: type=1400 audit(0.0:37965): avc: granted { create } for name="jsVersion.txt" scontext=u:r:untrusted_app:s0:c151,c257,c512,c768 tcontext=u:object_r:sdcardfs:s0:c151,c257,c512,c768 tclass=file
06-28 18:59:56.335  9931 10002 D         : addLayerName, tid:10002
06-28 18:59:56.346  9931 10201 I Unity   : 
06-28 18:59:56.346  9931 10201 I Unity   :  
06-28 18:59:56.346  9931 10201 I Unity   : (Filename: /Users/builduser/buildslave/unity/build/artifacts/generated/common/runtime/DebugBindings.gen.cpp Line: 51)
06-28 18:59:56.346  9931 10201 I Unity   : 
06-28 18:59:56.351  9931 10002 D         : addLayerName, tid:10002
06-28 18:59:56.376  9931 10002 D         : addLayerName, tid:10002
06-28 18:59:56.414  9931  9955 I Unity   : url:file:///storage/emulated/0/Android/data/com.mixgo.PropertySEO/files/StreamingAssets/index.html
06-28 18:59:56.414  9931  9955 I Unity   :  
06-28 18:59:56.414  9931  9955 I Unity   : (Filename: /Users/builduser/buildslave/unity/build/artifacts/generated/common/runtime/DebugBindings.gen.cpp Line: 51)
06-28 18:59:56.414  9931  9955 I Unity   : 
06-28 18:59:56.433  9931  9931 I WebViewFactory: Loading com.google.android.webview version 71.0.3578.99 (code 357809950)
06-28 18:59:56.476  9931  9931 I cr_LibraryLoader: Time to load native libraries: 3 ms (timestamps 6057-6060)
06-28 18:59:56.482  9931  9931 I chromium: [INFO:library_loader_hooks.cc(36)] Chromium logging enabled: level = 0, default verbosity = 0
06-28 18:59:56.482  9931  9931 I cr_LibraryLoader: Expected native library version number "71.0.3578.99", actual native library version number "71.0.3578.99"
06-28 18:59:56.486  1114  1217 D NetdConnector: SND -> {2747 firewall set_uid_rule standby 10095 allow}
06-28 18:59:56.491  1114  1555 D NetdConnector: RCV <- {200 2747 Firewall command succeeded}
06-28 18:59:56.492  1114  1555 D NetdConnector: RCV <- {200 2747 Firewall command succeeded}
06-28 18:59:56.495  1114  1114 D JobScheduler: Maybe queuing ready jobs...
06-28 18:59:56.503  9931 10206 W cr_ChildProcLH: Create a new ChildConnectionAllocator with package name = com.google.android.webview, sandboxed = true
06-28 18:59:56.505  1114 10297 V ActivityManager: startProcess: name=com.google.android.webview:sandboxed_process0 app=null knownToBeDead=true thread=null pid=-1
06-28 18:59:56.512  9931  9931 I cr_BrowserStartup: Initializing chromium process, singleProcess=false
06-28 18:59:56.526 10209 10209 I dboxed_process: Reinit property: dalvik.vm.checkjni= false
06-28 18:59:56.527  1114  1225 I ActivityManager: Start proc 10209:com.google.android.webview:sandboxed_process0/u0i49 for webview_service com.mixgo.PropertySEO/org.chromium.content.app.SandboxedProcessService0
06-28 18:59:56.528 10209 10209 E dboxed_process: Not starting debugger since process cannot load the jdwp agent.
06-28 18:59:56.529  1114  1837 E ProcessInfoCollector: getProcessInfo: failed to find this proc 
06-28 18:59:56.533 10209 10209 D ZrHung.AppEyeUiProbe: AppEyeUIP created.
06-28 18:59:56.536 10209 10209 D ActivityThread: Attach thread to application
06-28 18:59:56.552 10209 10209 W queued-work-loo: type=1400 audit(0.0:37966): avc: denied { read } for name="SharedRes" dev="sdd61" ino=2997 scontext=u:r:isolated_app:s0:c49,c256,c512,c768 tcontext=u:object_r:media_rw_data_file:s0 tclass=dir permissive=0
06-28 18:59:56.564   504   504 E ServiceManager: try to find service failed, not allowed access from isolated processes.
06-28 18:59:56.564   504   504 E ServiceManager: try to find service failed, not allowed access from isolated processes.
06-28 18:59:56.565 10209 10209 I HwLogExceptionInner: Log blacklist 
06-28 18:59:56.567   504   504 E ServiceManager: try to find service failed, not allowed access from isolated processes.
06-28 18:59:56.567   504   504 E ServiceManager: try to find service failed, not allowed access from isolated processes.
06-28 18:59:56.574 10209 10209 I LoadedApk: No resource references to update in package com.google.android.webview
06-28 18:59:56.574   504   504 E ServiceManager: try to find service failed, not allowed access from isolated processes.
06-28 18:59:56.577  9931  9931 D ConnectivityManager: requestNetwork and the calling app is: com.mixgo.PropertySEO
06-28 18:59:56.578  1114 10297 D ConnectivityService: requestNetwork for uid/pid:10407/9931 NetworkRequest [ TRACK_DEFAULT id=288, [ Capabilities: INTERNET&NOT_RESTRICTED&TRUSTED Uid: 10407] ]
06-28 18:59:56.578   504   504 E ServiceManager: try to find service failed, not allowed access from isolated processes.
06-28 18:59:56.578  1114  1568 D ConnectivityService: rematching NetworkAgentInfo [WIFI () - 104]
06-28 18:59:56.578  1114  1568 D ConnectivityService:  network has: [ Transports: WIFI Capabilities: NOT_METERED&INTERNET&NOT_RESTRICTED&TRUSTED&NOT_VPN&VALIDATED&NOT_ROAMING&FOREGROUND&NOT_CONGESTED&NOT_SUSPENDED LinkUpBandwidth>=1048576Kbps LinkDnBandwidth>=1048576Kbps SignalStrength: -50 SSID: "TP-LINK_2.4G_07A58B"]
06-28 18:59:56.578  1114  1568 D ConnectivityService: Network NetworkAgentInfo [WIFI () - 104] was already satisfying request 12. No change.
06-28 18:59:56.579  1114  1568 D ConnectivityService: Network NetworkAgentInfo [WIFI () - 104] was already satisfying request 1. No change.
06-28 18:59:56.579  1114  1568 D ConnectivityService: Network NetworkAgentInfo [WIFI () - 104] was already satisfying request 8. No change.
06-28 18:59:56.579  1114  1568 D ConnectivityService: Network NetworkAgentInfo [WIFI () - 104] was already satisfying request 5. No change.
06-28 18:59:56.579  1114  1568 D ConnectivityService: Network NetworkAgentInfo [WIFI () - 104] was already satisfying request 282. No change.
06-28 18:59:56.579  1114  1568 D ConnectivityService: currentScore = 0, newScore = 60
06-28 18:59:56.579 10209 10209 I AwareBitmapCacher: init processName:com.google.android.webview:sandboxed_process0 pid=10209 uid=99049
06-28 18:59:56.579  1114  1568 D ConnectivityService: rematch for NetworkAgentInfo [WIFI () - 104]
06-28 18:59:56.579  1114  1568 D ConnectivityService:    accepting network in place of null
06-28 18:59:56.579  1114  1568 D ConnectivityService: sending new Min Network Score(60): NetworkRequest [ TRACK_DEFAULT id=288, [ Capabilities: INTERNET&NOT_RESTRICTED&TRUSTED Uid: 10407] ]
06-28 18:59:56.580  1114 10297 D ConnectivityService: listenForNetwork for uid/pid:10407/9931 NetworkRequest [ LISTEN id=289, [ Capabilities: INTERNET&NOT_RESTRICTED&TRUSTED Uid: 10407] ]
06-28 18:59:56.580  1969  1969 D VSimPhoneSwitcherNetworkListener: got request NetworkRequest [ TRACK_DEFAULT id=288, [ Capabilities: INTERNET&NOT_RESTRICTED&TRUSTED Uid: 10407] ] with score 60
06-28 18:59:56.580  1114  1568 D ConnectivityService: rematching NetworkAgentInfo [WIFI () - 104]
06-28 18:59:56.580  1114  1568 D ConnectivityService:  network has: [ Transports: WIFI Capabilities: NOT_METERED&INTERNET&NOT_RESTRICTED&TRUSTED&NOT_VPN&VALIDATED&NOT_ROAMING&FOREGROUND&NOT_CONGESTED&NOT_SUSPENDED LinkUpBandwidth>=1048576Kbps LinkDnBandwidth>=1048576Kbps SignalStrength: -50 SSID: "TP-LINK_2.4G_07A58B"]
06-28 18:59:56.580  1114  1568 D ConnectivityService: Network NetworkAgentInfo [WIFI () - 104] was already satisfying request 12. No change.
06-28 18:59:56.580  1114  1568 D ConnectivityService: Network NetworkAgentInfo [WIFI () - 104] was already satisfying request 1. No change.
06-28 18:59:56.580  1114  1568 D ConnectivityService: Network NetworkAgentInfo [WIFI () - 104] was already satisfying request 8. No change.
06-28 18:59:56.580  1114  1568 D ConnectivityService: Network NetworkAgentInfo [WIFI () - 104] was already satisfying request 5. No change.
06-28 18:59:56.580  1114  1568 D ConnectivityService: Network NetworkAgentInfo [WIFI () - 104] was already satisfying request 282. No change.
06-28 18:59:56.580  1114  1568 D ConnectivityService: Network NetworkAgentInfo [WIFI () - 104] was already satisfying request 288. No change.
06-28 18:59:56.580  1114  1623 I chatty  : uid=1000(system) EthernetService expire 4 lines
06-28 18:59:56.580 10209 10228 E MemoryLeakMonitorManager: MemoryLeakMonitor.jar is not exist!
06-28 18:59:56.583  1969  1969 D VSimPhoneSwitcherNetworkListener: got request NetworkRequest [ TRACK_DEFAULT id=288, [ Capabilities: INTERNET&NOT_RESTRICTED&TRUSTED Uid: 10407] ] with score 60
06-28 18:59:56.583 10209 10209 I cr_ChildProcessService: Creating new ChildProcessService pid=10209
06-28 18:59:56.583  1969  1969 D PhoneSwitcherNetworkRequstListener: got request NetworkRequest [ TRACK_DEFAULT id=288, [ Capabilities: INTERNET&NOT_RESTRICTED&TRUSTED Uid: 10407] ] with score 60
06-28 18:59:56.583  1969  1969 D PhoneSwitcherNetworkRequstListener: got request NetworkRequest [ TRACK_DEFAULT id=288, [ Capabilities: INTERNET&NOT_RESTRICTED&TRUSTED Uid: 10407] ] with score 60
06-28 18:59:56.583  9931 10002 D         : addLayerName, tid:10002
06-28 18:59:56.587  9931 10002 D         : addLayerName, tid:10002
06-28 18:59:56.590  9931  9931 D HiTouch_PressGestureDetector: HiTouch on notch display, height corret:85
06-28 18:59:56.595  9931 10002 D         : addLayerName, tid:10002
06-28 18:59:56.611  9931 10002 D         : addLayerName, tid:10002
06-28 18:59:56.614  9931  9931 D ConnectivityManager: requestNetwork and the calling app is: com.mixgo.PropertySEO
06-28 18:59:56.614  1114  5851 D ConnectivityService: requestNetwork for uid/pid:10407/9931 NetworkRequest [ TRACK_DEFAULT id=290, [ Capabilities: INTERNET&NOT_RESTRICTED&TRUSTED Uid: 10407] ]
06-28 18:59:56.615  1114  1568 D ConnectivityService: rematching NetworkAgentInfo [WIFI () - 104]
06-28 18:59:56.615  1114  1568 D ConnectivityService:  network has: [ Transports: WIFI Capabilities: NOT_METERED&INTERNET&NOT_RESTRICTED&TRUSTED&NOT_VPN&VALIDATED&NOT_ROAMING&FOREGROUND&NOT_CONGESTED&NOT_SUSPENDED LinkUpBandwidth>=1048576Kbps LinkDnBandwidth>=1048576Kbps SignalStrength: -50 SSID: "TP-LINK_2.4G_07A58B"]
06-28 18:59:56.615  1114  1568 D ConnectivityService: Network NetworkAgentInfo [WIFI () - 104] was already satisfying request 12. No change.
06-28 18:59:56.615  1114  1568 D ConnectivityService: Network NetworkAgentInfo [WIFI () - 104] was already satisfying request 1. No change.
06-28 18:59:56.615  1114  1568 D ConnectivityService: Network NetworkAgentInfo [WIFI () - 104] was already satisfying request 8. No change.
06-28 18:59:56.615  1114  1568 D ConnectivityService: Network NetworkAgentInfo [WIFI () - 104] was already satisfying request 5. No change.
06-28 18:59:56.615  1114  1568 D ConnectivityService: Network NetworkAgentInfo [WIFI () - 104] was already satisfying request 282. No change.
06-28 18:59:56.615  1114  1568 D ConnectivityService: Network NetworkAgentInfo [WIFI () - 104] was already satisfying request 288. No change.
06-28 18:59:56.615  1114  1568 D ConnectivityService: currentScore = 0, newScore = 60
06-28 18:59:56.615  1114  1568 D ConnectivityService: rematch for NetworkAgentInfo [WIFI () - 104]
06-28 18:59:56.615  1114  1568 D ConnectivityService:    accepting network in place of null
06-28 18:59:56.615  1114  1568 D ConnectivityService: sending new Min Network Score(60): NetworkRequest [ TRACK_DEFAULT id=290, [ Capabilities: INTERNET&NOT_RESTRICTED&TRUSTED Uid: 10407] ]
06-28 18:59:56.616  1114  5851 D ConnectivityService: listenForNetwork for uid/pid:10407/9931 NetworkRequest [ LISTEN id=291, [ Capabilities: INTERNET&NOT_RESTRICTED&TRUSTED Uid: 10407] ]
06-28 18:59:56.616  1969  1969 D VSimPhoneSwitcherNetworkListener: got request NetworkRequest [ TRACK_DEFAULT id=290, [ Capabilities: INTERNET&NOT_RESTRICTED&TRUSTED Uid: 10407] ] with score 60
06-28 18:59:56.616  1969  1969 D PhoneSwitcherNetworkRequstListener: got request NetworkRequest [ TRACK_DEFAULT id=290, [ Capabilities: INTERNET&NOT_RESTRICTED&TRUSTED Uid: 10407] ] with score 60
06-28 18:59:56.616  1969  1969 D PhoneSwitcherNetworkRequstListener: got request NetworkRequest [ TRACK_DEFAULT id=290, [ Capabilities: INTERNET&NOT_RESTRICTED&TRUSTED Uid: 10407] ] with score 60
06-28 18:59:56.617  1114  1568 D ConnectivityService: rematching NetworkAgentInfo [WIFI () - 104]
06-28 18:59:56.617  1114  1568 D ConnectivityService:  network has: [ Transports: WIFI Capabilities: NOT_METERED&INTERNET&NOT_RESTRICTED&TRUSTED&NOT_VPN&VALIDATED&NOT_ROAMING&FOREGROUND&NOT_CONGESTED&NOT_SUSPENDED LinkUpBandwidth>=1048576Kbps LinkDnBandwidth>=1048576Kbps SignalStrength: -50 SSID: "TP-LINK_2.4G_07A58B"]
06-28 18:59:56.617  1114  1568 D ConnectivityService: Network NetworkAgentInfo [WIFI () - 104] was already satisfying request 12. No change.
06-28 18:59:56.617  1114  1568 D ConnectivityService: Network NetworkAgentInfo [WIFI () - 104] was already satisfying request 1. No change.
06-28 18:59:56.617  1114  1568 D ConnectivityService: Network NetworkAgentInfo [WIFI () - 104] was already satisfying request 8. No change.
06-28 18:59:56.617  1114  1568 D ConnectivityService: Network NetworkAgentInfo [WIFI () - 104] was already satisfying request 5. No change.
06-28 18:59:56.617  1114  1568 D ConnectivityService: Network NetworkAgentInfo [WIFI () - 104] was already satisfying request 282. No change.
06-28 18:59:56.617  1114  1568 D ConnectivityService: Network NetworkAgentInfo [WIFI () - 104] was already satisfying request 288. No change.
06-28 18:59:56.617  1114  1568 D ConnectivityService: Network NetworkAgentInfo [WIFI () - 104] was already satisfying request 290. No change.
06-28 18:59:56.618  1969  1969 D VSimPhoneSwitcherNetworkListener: got request NetworkRequest [ TRACK_DEFAULT id=290, [ Capabilities: INTERNET&NOT_RESTRICTED&TRUSTED Uid: 10407] ] with score 60
06-28 18:59:56.629  9931 10002 D         : addLayerName, tid:10002
06-28 18:59:56.646  9931 10002 D         : addLayerName, tid:10002
06-28 18:59:56.664  9931 10002 D         : addLayerName, tid:10002
06-28 18:59:56.671  9931 10231 V AudioManager: isWiredHeadsetOn...
06-28 18:59:56.673  9931 10231 W cr_media: Requires BLUETOOTH permission
06-28 18:59:56.675  9931 10239 I iGraphics: [0030080c] opt app: 0
06-28 18:59:56.682  9931 10002 D         : addLayerName, tid:10002
06-28 18:59:56.687 10209 10227 E Parcel  : createBinderArrayList() errorinvalid N-1
06-28 18:59:56.689 10209 10237 I cr_LibraryLoader: Time to load native libraries: 1 ms (timestamps 6273-6274)
06-28 18:59:56.691 10209 10237 I chromium: [INFO:library_loader_hooks.cc(36)] Chromium logging enabled: level = 0, default verbosity = 0
06-28 18:59:56.691 10209 10237 I cr_LibraryLoader: Expected native library version number "71.0.3578.99", actual native library version number "71.0.3578.99"
06-28 18:59:56.706  9931 10002 D         : addLayerName, tid:10002
06-28 18:59:56.710  9931 10242 W cr_CrashFileManager: /data/user/0/com.mixgo.PropertySEO/cache/WebView/Crash Reports does not exist or is not a directory
06-28 18:59:56.711  9931 10002 D         : addLayerName, tid:10002
06-28 18:59:56.729  9931 10002 D         : addLayerName, tid:10002
06-28 18:59:56.739  9931 10239 W AudioCapabilities: Unsupported mime audio/ac4
06-28 18:59:56.741  9931 10239 W AudioCapabilities: Unsupported mime audio/eac3-joc
06-28 18:59:56.745  9931 10002 D         : addLayerName, tid:10002
06-28 18:59:56.764  9931 10002 D         : addLayerName, tid:10002
06-28 18:59:56.765  9931 10239 W VideoCapabilities: Unrecognized profile 4 for video/hevc
06-28 18:59:56.768  9931 10239 W VideoCapabilities: Unrecognized profile/level 0/0 for video/mpeg2
06-28 18:59:56.768  9931 10239 W VideoCapabilities: Unrecognized profile/level 0/2 for video/mpeg2
06-28 18:59:56.768  9931 10239 W VideoCapabilities: Unrecognized profile/level 0/3 for video/mpeg2
06-28 18:59:56.768  9931 10239 I VideoCapabilities: Unsupported profile 5 for video/mpeg2
06-28 18:59:56.768  9931 10239 I chatty  : uid=10407(com.mixgo.PropertySEO) identical 9 lines
06-28 18:59:57.261  1114 10297 V WindowManager: addWindow: Window{62d2503 u0 com.mixgo.PropertySEO/cn.jiguang.unity.push.UnityPluginActivity}
06-28 18:59:57.270  1114 10297 D PackageManager: resolve intent for uid:10407, matchs:3, res:ResolveInfo{5d1dc80 com.huawei.android.launcher/.unihome.UniHomeLauncher m=0x108000}
06-28 18:59:57.271  9931 10258 I chatty  : uid=10407(com.mixgo.PropertySEO) expire 1 line
06-28 18:59:57.277  1114  2452 I chatty  : uid=1000(system) Binder:1114_B expire 43 lines
06-28 18:59:57.290  1114  2452 D HwLocationManagerService: uid is 10407 , isWifiConn is true , isMobileConn is false
06-28 18:59:57.290  1114  2452 I HwNetworkPolicy: onTransact, code = 203
06-28 18:59:57.290  1114  2452 I HwNetworkPolicyManager: getHwUidPolicy uid = 10407 policy = 0
06-28 18:59:57.290  1114  2452 D HwLocationManagerService: policy is 0 , wifiAccess is true, mobileAccess is true
06-28 18:59:57.290  1114  2452 D HwLocationManagerService: wifiAvaiable is true , mobileAvailable is false
06-28 18:59:57.290  1114  2452 I BackgroundPermManager: pkgName: com.mixgo.PropertySEO,pid: 9931 ,uidOf3RdApk: 10407 ,permType: 2 ,permCfg: 1
06-28 18:59:57.291  1114  5851 V WindowManager_visibility: updateAllDrawn Add AppWindowToken{fc06584 token=Token{4f3df97 ActivityRecord{50d7a16 u0 com.mixgo.PropertySEO/cn.jiguang.unity.push.UnityPluginActivity t232}}}
06-28 18:59:57.292  1114  5851 V WindowManager_visibility: updateAllDrawn allDrawn=false interesting=1 drawn=1 relaunchCount=0 for AppWindowToken{fc06584 token=Token{4f3df97 ActivityRecord{50d7a16 u0 com.mixgo.PropertySEO/cn.jiguang.unity.push.UnityPluginActivity t232}}}
06-28 18:59:57.294  1114  2129 I chatty  : uid=1000(system) Binder:1114_A expire 63 lines
06-28 18:59:57.295  1114  2129 D HwLocationManagerService: uid is 10407 , isWifiConn is true , isMobileConn is false
06-28 18:59:57.295  1114  2129 I HwNetworkPolicy: onTransact, code = 203
06-28 18:59:57.295  1114  2129 I HwNetworkPolicyManager: getHwUidPolicy uid = 10407 policy = 0
06-28 18:59:57.295  1114  2129 D HwLocationManagerService: policy is 0 , wifiAccess is true, mobileAccess is true
06-28 18:59:57.295  1114  2129 D HwLocationManagerService: wifiAvaiable is true , mobileAvailable is false
06-28 18:59:57.295  1114  1812 I chatty  : uid=1000(system) LocationThread expire 52 lines
06-28 18:59:57.295  1900  1946 I chatty  : uid=1000(system) Binder:1900_3 expire 4 lines
06-28 18:59:57.296  1114  2129 I BackgroundPermManager: pkgName: com.mixgo.PropertySEO,pid: 9931 ,uidOf3RdApk: 10407 ,permType: 2 ,permCfg: 1
06-28 18:59:57.299  1849  1849 I chatty  : uid=1000(system) com.huawei.lbs expire 108 lines
06-28 18:59:57.300  1900  2068 I chatty  : uid=1000(system) NcChrGnssDftMan expire 3 lines
06-28 18:59:57.300  1900  2069 I chatty  : uid=1000(system) GnssDataStatist expire 3 lines
06-28 18:59:57.302   635   635 I chatty  : uid=1000(system) hwsched@1.0-ser expire 12 lines
06-28 18:59:57.307  1114  5851 I chatty  : uid=1000(system) Binder:1114_12 expire 3 lines
06-28 18:59:57.309  9931 10257 I chatty  : uid=10407(com.mixgo.PropertySEO) expire 50 lines
06-28 18:59:57.317   613   613 I chatty  : uid=1000(system) allocator@2.0-s expire 2 lines
06-28 18:59:57.319  1114  2452 I NetworkStats: openSessionForUsageStats, pid = 1849, pkg = com.huawei.lbs
06-28 18:59:57.319  1114  2452 I NetworkStats: openSessionInternal,pid = 1849
06-28 18:59:57.319  1114  2452 I NetworkStats: performPollLocked, pid = 1114
06-28 18:59:57.346  1114  2452 W NetworkStatsFactory: mStatsXtProcUid: /proc/net/comm/stats does not exist!
06-28 18:59:57.346  1114  2452 D HwNetworkStatsService: hwRecordUidAndProcSnapshotLocked currentTime = 1561719597331
06-28 18:59:57.356  1114  2452 I NetworkStatsFactory: javaReadNetworkStatsUidAndProcDetail. cost time = 10
06-28 18:59:57.376  1114  2452 D HwNetworkStatsService: hwMaybeUidAndProcPersistLocked currentTime = 1561719597331
06-28 18:59:57.409  2017  2247 E HSM_BG  : NatTrafficNotifyService:imsi is null, so return
06-28 18:59:57.409   589  2303 I ArHal   : (ar_data_get_state:1225):id[2]
06-28 18:59:57.415   589  2303 I ArHal   : (ar_data_get_state:1225):id[2]
06-28 18:59:57.421  1114 10297 I chatty  : uid=1000(system) Binder:1114_1B expire 19 lines
06-28 18:59:57.425  1114  1812 D HwLocalLocationProvider: this loc is Better than Last Location
06-28 18:59:57.439  1114  1456 V WindowManager_visibility: updateAllDrawn Add AppWindowToken{fc06584 token=Token{4f3df97 ActivityRecord{50d7a16 u0 com.mixgo.PropertySEO/cn.jiguang.unity.push.UnityPluginActivity t232}}}
06-28 18:59:57.443  1114 10264 D HwLocalLocationProvider: cellid is Exist, update  cellinfo to DB
06-28 18:59:57.443  1114 10264 D HwLocalLocationProvider: update loc to cell database
06-28 18:59:57.444  1114  1456 V WindowManager_visibility: updateAllDrawn allDrawn=false interesting=2 drawn=2 relaunchCount=0 for AppWindowToken{fc06584 token=Token{4f3df97 ActivityRecord{50d7a16 u0 com.mixgo.PropertySEO/cn.jiguang.unity.push.UnityPluginActivity t232}}}
06-28 18:59:57.445   796  1102 I         : DPTEST  EventId is not need Hash
06-28 18:59:57.458   796   897 W JankService: processEntry, not beta version or commercial log off
06-28 18:59:57.458  1114 10267 D HwLocalLocationProvider: update loc to bssid database
06-28 18:59:57.460  1114  1812 W ProcBatteryStats: timer is running , not start, name: android, uid: 1000, tag: *location*
06-28 18:59:57.481   788   788 D libgps  : proxy_gps_inject_location: called.
06-28 18:59:57.485  1114  1812 W ProcBatteryStats: timer is not running , not stop, name: android, uid: 1000, tag: *location*
06-28 18:59:57.652  1114  1611 I chatty  : uid=1000(system) WiFiArpStateMac expire 20 lines
06-28 18:59:57.770  1900  2108 D HwWifiStatStore: handleMessage : 200
06-28 18:59:58.028   796   897 W JankService: processEntry, not beta version or commercial log off
06-28 18:59:58.238   776  2993 E Thermal-daemon: device current too high (-36), during charging or current std is invalid. 
06-28 18:59:58.238   776  2993 E Thermal-daemon: latest temp -40000 at 2019/6/28, 10h:59m:58s.
06-28 18:59:58.238   776  2993 E Thermal-daemon: write_fd_value: /sys/class/hw_thermal/temp/ambient failed. count = -1, sizeof(data) = 4096 
06-28 18:59:58.238   776  2993 E Thermal-daemon: write amebient temp to node failed. 
06-28 18:59:58.240  1900  1946 D NcDft_ServiceImpl: notifyNcDftEvent domain is : 0 ;eventID is: 31 ;List is [APKSTOPPROVIDER, e9486fe, , apkstop, 1561719598239]
06-28 18:59:58.240  1114  2129 I BackgroundPermManager: pkgName: com.mixgo.PropertySEO,pid: 9931 ,uidOf3RdApk: 10407 ,permType: 2 ,permCfg: 0
06-28 18:59:58.245  1952  2110 I chatty  : uid=1000(system) core expire 50 lines
06-28 18:59:58.249  1114 10297 I NetworkStats: openSessionForUsageStats, pid = 1849, pkg = com.huawei.lbs
06-28 18:59:58.249  1114 10297 I NetworkStats: openSessionInternal,pid = 1849
06-28 18:59:58.250  1114 10297 I NetworkStats: performPollLocked, pid = 1114
06-28 18:59:58.266  1114 10297 W NetworkStatsFactory: mStatsXtProcUid: /proc/net/comm/stats does not exist!
06-28 18:59:58.266  1114 10297 D HwNetworkStatsService: hwRecordUidAndProcSnapshotLocked currentTime = 1561719598248
06-28 18:59:58.276  1114 10297 I NetworkStatsFactory: javaReadNetworkStatsUidAndProcDetail. cost time = 9
06-28 18:59:58.279  1114 10297 D HwNetworkStatsService: hwMaybeUidAndProcPersistLocked currentTime = 1561719598248
06-28 18:59:58.285  2017  2247 E HSM_BG  : NatTrafficNotifyService:imsi is null, so return
06-28 18:59:58.352  3662  4479 W Conscrypt: Could not set socket write timeout: java.net.SocketException: Socket closed
06-28 18:59:58.353  3662  4479 W Conscrypt: 	at com.google.android.gms.org.conscrypt.Platform.setSocketWriteTimeout(:com.google.android.gms@14799037@14.7.99 (100400-223214910):2)
06-28 18:59:58.353  3662  4479 W Conscrypt: 	at com.google.android.gms.org.conscrypt.ConscryptFileDescriptorSocket.setSoWriteTimeout(:com.google.android.gms@14799037@14.7.99 (100400-223214910):2)
06-28 18:59:58.501  3662  4479 V NativeCrypto: SSL handshake aborted: ssl=0x729ae75408: I/O error during system call, Connection reset by peer
06-28 18:59:58.861  9931 10001 I chatty  : uid=10407(com.mixgo.PropertySEO) expire 2 lines
06-28 18:59:58.977  1114  1561 I chatty  : uid=1000(system) WifiService expire 71 lines
06-28 18:59:59.152   646   646 E WifiHAL : enter wifi_get_link_stats
06-28 18:59:59.165  1114  1562 I chatty  : uid=1000(system) WifiStateMachin expire 41 lines
06-28 18:59:59.747  9711 10281 I chatty  : uid=10380(com.github.uiautomator) expire 153 lines
06-28 18:59:59.763  9711  9733 I chatty  : uid=10380(com.github.uiautomator) UiAutomation expire 33 lines
06-28 18:59:59.787   648  1284 I chatty  : uid=1041(audioserver) AudioOut_D expire 466 lines
06-28 19:00:00.000   755  1476 I dubaid  : [HourlyRoutine.cpp] handleTimerExpired# Hourly routine start at 19 o'clock
06-28 19:00:00.002   626  6841 I chatty  : uid=1041(audioserver) HwBinder:626_5 expire 55 lines
06-28 19:00:00.005  1869  2312 I chatty  : uid=1000(system) BufferedLogHand expire 1 line
06-28 19:00:00.007  1114  1114 V AlarmManager: Received TIME_TICK alarm; rescheduling
06-28 19:00:00.008  1114  1114 I HwAlarmManagerService: hwSetAlarm listenerTag: time_tick
06-28 19:00:00.009  1724  1724 E DateView: DateView,mCurrentTime: 1561719600009
06-28 19:00:00.037  1724  1724 W HwKeyguardDragHelper: AnimationBlocked 
06-28 19:00:00.039  1724  1724 I EventCenter: EventCenter Get :android.intent.action.TIME_TICK
06-28 19:00:00.039  1724  1724 E ndroid.systemu: No package ID ff found for ID 0xffffffff.
06-28 19:00:00.040  1724  1724 D WeatherHelper: City info empty
06-28 19:00:00.046   648  1353 I chatty  : uid=1041(audioserver) Binder:648_3 expire 4 lines
06-28 19:00:00.047  1724  1724 E ndroid.systemu: No package ID ff found for ID 0xffffffff.
06-28 19:00:00.048  1724  1724 D WeatherHelper: City info empty
06-28 19:00:00.048  1724  1724 D KeyguardUpdateMonitor: received broadcast android.intent.action.TIME_TICK
06-28 19:00:00.049  1724  1724 D KeyguardUpdateMonitor: handleTimeUpdate
06-28 19:00:00.049  1724  1898 I KeyguardStatusView: Runnable for refresh
06-28 19:00:00.050  1993  1993 I HwLauncher: Model  onReceive intent=Intent { act=android.intent.action.TIME_TICK flg=0x50200014 hwFlg=0x900 (has extras) }
06-28 19:00:00.050  1993  1993 I HwLauncher: Model  onReceive user=UserHandle{0}
06-28 19:00:00.050  1724  1724 D WeatherHelper: City info empty
06-28 19:00:00.061  1724  1724 W HwKeyguardDragHelper: AnimationBlocked 
06-28 19:00:00.064  1114  2129 V BroadcastQueue: Finished with ordered broadcast BroadcastRecord{780a2d u-1 android.intent.action.TIME_TICK}
06-28 19:00:00.065  3116  4559 I Step_LSC: 90003365|processHandleBroadcastAction action:android.intent.action.TIME_TICK
06-28 19:00:00.068   508   508 D pmomd   : dubai_send_data# new inquires arrived, timestamp=1561719600068
06-28 19:00:00.069   508   508 D pmomd   : free_list# free list, count=0
06-28 19:00:00.069   508   508 D pmomd   : add_element# add element, count=1
06-28 19:00:00.069   508   508 D pmomd   : add_driver_data# add driver data
06-28 19:00:00.069   508   508 D pmomd   : add_element# add element, count=2
06-28 19:00:00.069   508   508 D pmomd   : add_1x_cas_data# add 1x cas data
06-28 19:00:00.069   508   508 D pmomd   : add_element# add element, count=3
06-28 19:00:00.069   508   508 D pmomd   : add_was_data# add was data modemId:10 fach:0 urapch:0 cellpch:0 dch:0 idle:11050
06-28 19:00:00.069   508   508 D pmomd   : add_element# add element, count=4
06-28 19:00:00.069   508   508 D pmomd   : add_was_data# add was data modemId:266 fach:0 urapch:0 cellpch:0 dch:0 idle:11050
06-28 19:00:00.069   508   508 D pmomd   : add_element# add element, count=5
06-28 19:00:00.069   508   508 D pmomd   : add_1x_cproc_data# add 1x cproc data
06-28 19:00:00.069   508   508 D pmomd   : send_data# send buffered log, buf_length=512, head_length=8, data_length=504
06-28 19:00:00.071   508   508 D pmomd   : free_list# free list, count=5
06-28 19:00:00.072  3116  4559 I Step_SPUtils: 90003365|setAliveRecord  success: timestampArg=1561719600065 elapsedRealtimeArg=120799650
06-28 19:00:00.106   755  1476 I dubaid  : [HourlyRoutine.cpp] handleBalanceFinished# Blanace finished in the round(2019-06-28 19:00:00)
06-28 19:00:00.138  1724  1724 D WeatherHelper: City info empty
06-28 19:00:00.139  1724  1724 D DateTimeView: Change to single clock mode!
06-28 19:00:00.139  1724  1724 D WeatherHelper: City info empty
06-28 19:00:00.139  1724  1724 I ColorPickUitls: type = 2
06-28 19:00:00.139  1724  1724 D WeatherHelper: City info empty
06-28 19:00:00.139  1724  1724 D DateTimeView: Change to single clock mode!
06-28 19:00:00.140  1724  1724 D WeatherHelper: City info empty
06-28 19:00:00.140  1724  1724 I ColorPickUitls: type = 2
06-28 19:00:00.223   755  1476 I dubaid  : [HourlyRoutine.cpp] checkUpload# Commercial user shouldn't upload hourly data
06-28 19:00:00.223   755  1476 D dubaid  : [HourlyRoutine.cpp] roundFinished# Voting round of this hour(2019-06-28 19:00:00) of is finished
06-28 19:00:00.315  1724  1724 D BarTransitions.HwPhoneStatusBarView: MODE_TRANSPARENT -> MODE_TRANSLUCENT animate=false
06-28 19:00:00.315  1724  1724 D BarTransitions.HwPhoneStatusBarView: applyModeBackground oldMode=MODE_TRANSPARENT newMode=MODE_TRANSLUCENT animate=false
06-28 19:00:00.316  1724  1724 D BarTransitions.HwNavigationBarView: MODE_TRANSPARENT -> MODE_OPAQUE animate=false
06-28 19:00:00.316  1724  1724 D BarTransitions.HwNavigationBarView: applyModeBackground oldMode=MODE_TRANSPARENT newMode=MODE_OPAQUE animate=false
06-28 19:00:00.420  1114  1540 I chatty  : uid=1000(system) InputDispatcher expire 1 line
06-28 19:00:00.421  1114  1223 I chatty  : uid=1000(system) android.ui expire 21 lines
06-28 19:00:00.421   796  3743 D iMonitor: [ZeroHung]dumpEvent: event: cat=1, wp_id=23, ts=1561719600, no=25, cmdbuf=, msg=MT:120720225099286 120720702626370 2
06-28 19:00:00.423   796  3743 D iMonitor: [ZeroHung]parseLogType: cmdbuf is empty
06-28 19:00:00.423   796  3743 D iMonitor: [ZeroHung]eventProc: cmd=, log_type=0.
06-28 19:00:00.423   796  3743 E         : get_cfg_dir_list_type: cust_policy_dirs:/system/emui/base:/system/emui/china:/vendor/etc:/odm/etc:/product/etc:/odm/hw_odm/EML-AL00:/product/region_comm/china:/product/hw_oem/EML-AL00:/preload/EML-AL00/all/cn:/cust/global:/cust/hw/cn:/version/cust/all/cn:/version/special_cust/EML-AL00/all/cn 
06-28 19:00:00.424   796  3743 I chatty  : uid=0(root) hguard identical 2 lines
06-28 19:00:00.424   796  3743 E         : get_cfg_dir_list_type: cust_policy_dirs:/system/emui/base:/system/emui/china:/vendor/etc:/odm/etc:/product/etc:/odm/hw_odm/EML-AL00:/product/region_comm/china:/product/hw_oem/EML-AL00:/preload/EML-AL00/all/cn:/cust/global:/cust/hw/cn:/version/cust/all/cn:/version/special_cust/EML-AL00/all/cn 
06-28 19:00:00.530   638 10316 E uniperf server: uniPerfEvent doParse failed, cmdId=4400
06-28 19:00:00.530   638 10316 D uniperf hal: do uniPerfEvent failed, cmdId=4400, ret=2
06-28 19:00:00.534  1114 10297 D HwInputMethodManagerService: ------------startInput--------------
06-28 19:00:00.534  1114 10297 D HwInputMethodManagerService: hideSecSoftInput = false
06-28 19:00:00.777  1900  2108 D HwWifiStatStore: handleMessage : 200
06-28 19:00:00.780 10287 10289 D vndksupport: Loading /vendor/lib64/hw/android.hardware.graphics.mapper@2.0-impl.so from current namespace instead of sphal namespace.
06-28 19:00:00.781 10287 10289 D vndksupport: Loading /vendor/lib64/hw/gralloc.kirin970.so from current namespace instead of sphal namespace.
06-28 19:00:00.895   574   594 W SocketListener: sending broadcast to Pid = 1114, Uid = 1000 
06-28 19:00:00.896  1114  1555 D NetdConnector: RCV <- {601 limit alert globalAlert wlan0}
06-28 19:00:00.897  1114  1555 D NetdConnector: RCV <- {601 limit alert globalAlert wlan0}
06-28 19:00:00.898  1114  1240 D NetdConnector: RCV unsolicited event from native daemon, event = 601
06-28 19:00:00.899  1114  1240 I NetworkStats: limitReached
06-28 19:00:00.899  1114  1558 I NetworkStats: performPollLocked, pid = 1114
06-28 19:00:00.913  1114  1558 W NetworkStatsFactory: mStatsXtProcUid: /proc/net/comm/stats does not exist!
06-28 19:00:00.913  1114  1558 D HwNetworkStatsService: hwRecordUidAndProcSnapshotLocked currentTime = 1561719600897
06-28 19:00:00.924  1114  1558 I NetworkStatsFactory: javaReadNetworkStatsUidAndProcDetail. cost time = 10
06-28 19:00:00.931  2017  2247 E HSM_BG  : NatTrafficNotifyService:imsi is null, so return
06-28 19:00:00.932  1114  1558 D NetdConnector: SND -> {2748 bandwidth setglobalalert 2097152}
06-28 19:00:00.933  1114  1555 D NetdConnector: RCV <- {200 2748 Bandwidth command succeeeded}
06-28 19:00:00.934  1114  1555 D NetdConnector: RCV <- {200 2748 Bandwidth command succeeeded}
06-28 19:00:01.160 10296 10299 D vndksupport: Loading /vendor/lib64/hw/android.hardware.graphics.mapper@2.0-impl.so from current namespace instead of sphal namespace.
06-28 19:00:01.160 10296 10299 D vndksupport: Loading /vendor/lib64/hw/gralloc.kirin970.so from current namespace instead of sphal namespace.
06-28 19:00:01.275  1114  1477 D HwBatteryService: onUEvent fcpStatus = 0,scpStatus =0,ovpStatus=0
06-28 19:00:01.276  1114  1477 I HwBatteryService: quick charge status : 0
06-28 19:00:01.276  1114  1477 I HwBatteryService: handleWirelessTxStatus
06-28 19:00:01.276  1114  1477 I HwBatteryService: switch not open, return, mWirelessTxFlag : 0
06-28 19:00:01.277  1114  1477 I UsbDeviceManager: water_intrused state= 0
06-28 19:00:01.278  1114  1798 I BatteryService: normal charge status : 1
06-28 19:00:01.284  1724  1724 D KeyguardUpdateMonitor: received broadcast android.intent.action.BATTERY_CHANGED
06-28 19:00:01.284  1724  1724 W KeyguardUpdateMonitor: ACTION_BATTERY_CHANGED AMP: 512000; Volt: 4700000
06-28 19:00:01.286  1952  1952 I chatty  : uid=1000(system) com.huawei.powergenie expire 1 line
06-28 19:00:01.288  1724  1724 I KgBattery: (last-new)Status: 1 -> 1, chargeState=1 * branch=5
06-28 19:00:01.288  1724  1724 V KeyguardUpdateMonitor: RefreshBatteryInfo isBatteryLow: 100
06-28 19:00:01.288  1724  1724 W KeyguardUpdateMonitor: ChargingSpeed  Wattage: 2406400 ST: 5000000 --> 7500000
06-28 19:00:01.288  1724  1724 I KgBattery: BatteryInfo updated:  4lPC0
06-28 19:00:01.288  1724  1724 W AppHandler: sendMessage with obj100
06-28 19:00:01.288  1724  1724 D KeyguardUpdateMonitor: handleBatteryUpdate
06-28 19:00:01.288  1724  1724 I ColorPickUitls: type = 2
06-28 19:00:01.288  1724  1724 V KeyguardUpdateMonitor: RefreshBatteryInfo isBatteryLow: 100
06-28 19:00:01.289  1724  1724 W HwKgdBArea_BTY: updateBatteryInfo : false  true
06-28 19:00:01.289  1724  1724 W HwKgdBArea_BTY: updateBatteryInfo : false  true
06-28 19:00:01.289  1724  1724 W HwLockScreenPanel: Handle message: 100
06-28 19:00:01.289  1724  1724 W HwLockScreenPanel: refreshBatteryInfo: null
06-28 19:00:01.290  1724  1898 I KeyguardUtils: fpPath=sys/class/hw_power/charger/charge_data/chargerType, value=0
06-28 19:00:01.290  1724  1898 I chatty  : uid=10030(com.huawei.desktop.systemui) KG_Background_H identical 2 lines
06-28 19:00:01.291  1724  1898 I KeyguardUtils: fpPath=sys/class/hw_power/charger/charge_data/chargerType, value=0
06-28 19:00:01.291  1724  1898 D KgBattery: BatteryInfo2: false; true; true; false; false; true
06-28 19:00:01.292  9711  9711 I chatty  : uid=10380(com.github.uiautomator) expire 6 lines
06-28 19:00:01.323   632   632 I HW_DISPLAY_EFFECT: hw_get_display_panel_type: panel info is blmax:8820,blmin:15,blmax_nit_actual:798,blmax_nit_standard:750,lcdtype:LCD,
06-28 19:00:01.323   632   632 I HW_DISPLAY_EFFECT: 
06-28 19:00:01.323   632   632 I HW_DISPLAY_EFFECT: hw_get_display_panel_type: lcd type is LCD
06-28 19:00:01.329  1952  2241 I chatty  : uid=1000(system) actions handler expire 12 lines
06-28 19:00:01.340 10305 10305 W dumpsys : type=1400 audit(0.0:37967): avc: denied { read } for name="pipe-max-size" dev="proc" ino=862467 scontext=u:r:shell:s0 tcontext=u:object_r:proc_pipe_conf:s0 tclass=file permissive=0
06-28 19:00:01.367  1114  2452 V WindowManager: addWindow: Window{4f49747 u0 Toast}
06-28 19:00:01.391   650  1521 I chatty  : uid=1000(system) Binder:650_4 expire 3 lines
06-28 19:00:01.395  9711 10306 I chatty  : uid=10380(com.github.uiautomator) RenderThread expire 10 lines
06-28 19:00:01.424  1114  5061 I chatty  : uid=1000(system) mss_handler_thr expire 11 lines
06-28 19:00:01.451   650   933 I chatty  : uid=1000(system) unnamed expire 12 lines
06-28 19:00:01.583 10209 10209 D AwareBitmapCacher: handleInit disable com.google.android.webview:sandboxed_process0
06-28 19:00:01.617   635   635 I GameScheduler: Tracked thread change from 10257 to 10002
06-28 19:00:01.782  1114  4002 I chatty  : uid=1000(system) MobileQosDetect expire 5 lines
06-28 19:00:01.879  1114  1114 E PowerManagerService: Exception when search wack lock :java.lang.IllegalArgumentException: Wake lock not active: android.os.Binder@30d0d01 from uid 1000
06-28 19:00:01.879  1114  2452 V BroadcastQueue: Finished with ordered broadcast BroadcastRecord{1b7283f u0 com.google.android.gms.gcm.ACTION_CHECK_QUEUE}
06-28 19:00:01.882  1900  1900 I BDLog   : BD.BDService:receive:com.huawei.bd.action.heartbeat_hour
06-28 19:00:01.883  1900  1900 I BDLog   : BD.BDService:end:com.huawei.bd.action.heartbeat_hour
06-28 19:00:01.884  1900 10322 I BDLog   : BD.Scheduler:Hour task coming
06-28 19:00:01.884  1114  2452 V BroadcastQueue: Finished with ordered broadcast BroadcastRecord{5d4e06a u0 com.huawei.bd.action.heartbeat_hour}
06-28 19:00:01.893  1114  2452 V BroadcastQueue: Finished with ordered broadcast BroadcastRecord{400095b u0 com.huawei.hwsystemmanager.power.SCHEDULE_RECORD_POWER_CONSUME}
06-28 19:00:01.908  1900 10322 D BDLog   : BD.BDCollector:Usagestats collectLocalInfo ok
06-28 19:00:01.909  1900  2154 D BDLog   : BD.BDRecorder:LocalInfoEvent {infoID:131100, content=7305800681916199_5cHMHLtvrdFPBvlvS8hc/AVW22bHXQuwHJ4vTBxVPKA=
06-28 19:00:01.909  1900  2154 D BDLog   : , priority=5}
06-28 19:00:01.934  3093  4349 D WorkSource: Insert in WorkSource{} @ 0 uid 10021 name com.google.android.gms
06-28 19:00:01.934  3093  4349 D WorkSource: Insert in WorkSource{} @ 0 uid 10021 name com.google.android.gms
06-28 19:00:01.955  3093  4349 D WorkSource: Insert in WorkSource{} @ 0 uid 10021 name com.google.android.gms
06-28 19:00:01.956  1114  5851 W HwAlarmManagerService: isContainsAppUidInWorksource-->happend NameNotFoundException
06-28 19:00:01.956  1114  5851 W HwAlarmManagerService: isContainsAppUidInWorksource-->happend NameNotFoundException
06-28 19:00:01.993  3093 10324 I NetRec  : [5813] ahtr.a: Refreshing scores for 52 networks.
06-28 19:00:01.996  1952  2811 I chatty  : uid=1000(system) Binder:1952_5 expire 11 lines
06-28 19:00:02.172   646   646 E WifiHAL : enter wifi_get_link_stats
06-28 19:00:02.221 10328 10330 D vndksupport: Loading /vendor/lib64/hw/android.hardware.graphics.mapper@2.0-impl.so from current namespace instead of sphal namespace.
06-28 19:00:02.222 10328 10330 D vndksupport: Loading /vendor/lib64/hw/gralloc.kirin970.so from current namespace instead of sphal namespace.
06-28 19:00:02.800 10337 10339 D vndksupport: Loading /vendor/lib64/hw/android.hardware.graphics.mapper@2.0-impl.so from current namespace instead of sphal namespace.
06-28 19:00:02.801 10337 10339 D vndksupport: Loading /vendor/lib64/hw/gralloc.kirin970.so from current namespace instead of sphal namespace.
06-28 19:00:02.872   635   635 I AISched FPS: currentfps 59,detected fps 60,flag 0,high 28,low 14,sleepPercent 0.927386,old 8,new 8
06-28 19:00:03.103  1114  5851 I ActivityManager: Force stopping com.mixgo.PropertySEO appid=10407 user=0: from pid 10342by app
06-28 19:00:03.104  1114  5851 I ActivityManager: Killing 9931:com.mixgo.PropertySEO/u0a407 (adj 0): stop com.mixgo.PropertySEOfrom pid 10342by app
06-28 19:00:03.106  1114  5851 D ActivityManager: cleanUpApplicationRecord app: ProcessRecord{bf1a16d 9931:com.mixgo.PropertySEO/u0a407}, app.bad: false, restarting: false, allowRestart: true
06-28 19:00:03.107  1114  1226 I chatty  : uid=1000(system) ActivityManager expire 7 lines
06-28 19:00:03.108   635   635 E GameScheduler: Call cmd PERF_CTRL_GET_SCHED_STAT fail, tid=10002, errno=2 (No such file or directory) 
06-28 19:00:03.109   635   635 E GameScheduler: bind fail, tid=10002, fd[38], cpuDomain=1, errno=22 (Invalid argument) 
06-28 19:00:03.116 10209 10209 I cr_ChildProcessService: Destroying ChildProcessService pid=10209
06-28 19:00:03.135  1114  5851 W ActivityManager: Scheduling restart of crashed service com.mixgo.PropertySEO/cn.jpush.android.service.PushService in 1000ms
06-28 19:00:03.137  1114  5851 W ActivityManager: Force removing ActivityRecord{50d7a16 u0 com.mixgo.PropertySEO/cn.jiguang.unity.push.UnityPluginActivity t232}: app died, no saved state
06-28 19:00:03.142  1114  1114 I WindowManager: notifyAccessibilityButtonVisibilityChanged visible:true
06-28 19:00:03.148  1114  5851 W WindowManager: Failed to take screenshot. No visible windows for {taskId=232 appTokens=[AppWindowToken{fc06584 token=Token{4f3df97 ActivityRecord{50d7a16 u0 com.mixgo.PropertySEO/cn.jiguang.unity.push.UnityPluginActivity t232}}}] mdr=false}
06-28 19:00:03.149  1114  5851 V WindowManager: removeAppToken: AppWindowToken{fc06584 token=Token{4f3df97 ActivityRecord{50d7a16 u0 com.mixgo.PropertySEO/cn.jiguang.unity.push.UnityPluginActivity t232}}} delayed=false Callers=com.android.server.wm.DisplayContent.removeAppToken:1059 com.android.server.wm.AppWindowContainerController.removeContainer:301 com.android.server.am.ActivityRecord.removeWindowContainer:1152 com.android.server.am.ActivityStack.removeActivityFromHistoryLocked:4507 
06-28 19:00:03.149  1114  5851 V WindowManager: removeIfPossible: Window{62d2503 u0 com.mixgo.PropertySEO/cn.jiguang.unity.push.UnityPluginActivity}
06-28 19:00:03.149  1709  1709 I Zygote  : Process 10209 exited cleanly (0)
06-28 19:00:03.151  1114  5851 V WindowManager: postWindowRemoveCleanupLocked: Window{62d2503 u0 com.mixgo.PropertySEO/cn.jiguang.unity.push.UnityPluginActivity}
06-28 19:00:03.151  1114  5851 V WindowManager: Removing Window{62d2503 u0 com.mixgo.PropertySEO/cn.jiguang.unity.push.UnityPluginActivity} from AppWindowToken{fc06584 token=Token{4f3df97 ActivityRecord{50d7a16 u0 com.mixgo.PropertySEO/cn.jiguang.unity.push.UnityPluginActivity t232}}}
06-28 19:00:03.156  1114  5851 V WindowManager: removeIfPossible: Window{3615bb9 u0 com.mixgo.PropertySEO/cn.jiguang.unity.push.UnityPluginActivity}
06-28 19:00:03.157  1114  5851 V WindowManager: postWindowRemoveCleanupLocked: Window{3615bb9 u0 com.mixgo.PropertySEO/cn.jiguang.unity.push.UnityPluginActivity}
06-28 19:00:03.157  1114  5851 V WindowManager: Removing Window{3615bb9 u0 com.mixgo.PropertySEO/cn.jiguang.unity.push.UnityPluginActivity} from AppWindowToken{fc06584 token=Token{4f3df97 ActivityRecord{50d7a16 u0 com.mixgo.PropertySEO/cn.jiguang.unity.push.UnityPluginActivity t232}}}
06-28 19:00:03.175  1114  5851 W HwActivityManagerServiceEx: setResumedActivityUncheckLocked start call, from: ActivityRecord{50d7a16 u0 com.mixgo.PropertySEO/cn.jiguang.unity.push.UnityPluginActivity t-1 f}, to: ActivityRecord{bca02ee u0 com.huawei.android.launcher/.unihome.UniHomeLauncher t1}
06-28 19:00:03.175  1114  5851 W HwActivityManagerServiceEx: appSwitch from: com.mixgo.PropertySEO to: com.huawei.android.launcher
06-28 19:00:03.175  1114  1219 W HwActivityManagerServiceEx: HwActivityNotifier end call android.app.IHwActivityNotifier$Stub$Proxy@b0369a4 for returnToHome under user 0 cost 0
06-28 19:00:03.175  1114  1219 W HwActivityManagerServiceEx: HwActivityNotifier end call android.app.IHwActivityNotifier$Stub$Proxy@b3922e9 for appSwitch under user 0 cost 0
06-28 19:00:03.176  1114  1219 W HwActivityManagerServiceEx: HwActivityNotifier end call android.app.IHwActivityNotifier$Stub$Proxy@92d0b6e for appSwitch under user 0 cost 1
06-28 19:00:03.176  1869  7124 I chatty  : uid=1000(system) Binder:1869_6 expire 6 lines
06-28 19:00:03.177  1114  5851 I ActivityManager: Killing 10209:com.google.android.webview:sandboxed_process0/u0a407i49 (adj 0): isolated not needed
06-28 19:00:03.180  1993 26137 D Activity: pivotX = 117.0, pivotY = 1653.0, iconWidth = 170, iconHeight = 170, iconWidth = 170, flag = 0
06-28 19:00:03.181  1869  2319 I chatty  : uid=1000(system) EmcomThread expire 26 lines
06-28 19:00:03.183  1952  2594 I chatty  : uid=1000(system) iAwareNRT expire 9 lines
06-28 19:00:03.185  1952  2259 I chatty  : uid=1000(system) sdk thread expire 23 lines
06-28 19:00:03.186  1952  2586 I chatty  : uid=1000(system) thermal-core-th expire 3 lines
06-28 19:00:03.187  1114  5851 D HwPhoneWindowManager: sensorRotation = -1 lastRotation:0
06-28 19:00:03.188  1114  5851 V WindowManager: notifyAppResumed: wasStopped=true AppWindowToken{616761c token=Token{3fbf38f ActivityRecord{bca02ee u0 com.huawei.android.launcher/.unihome.UniHomeLauncher t1}}}
06-28 19:00:03.193  2434  4069 E nearby  : CloseRangeAdapter:no such business type
06-28 19:00:03.195   755   814 D dubaid  : [QueryService.cpp] handleRequestQueryData# start=1561719524341, end=1561719603185
06-28 19:00:03.196   626   979 I chatty  : uid=1041(audioserver) HwBinder:626_1 expire 89 lines
06-28 19:00:03.196   755   814 D dubaid  : [QueryService.cpp] handleQueryData# mask=0x1fff, flags=7, top=2
06-28 19:00:03.196  1952  2598 I chatty  : uid=1000(system) ThermalTraceThr expire 1 line
06-28 19:00:03.205  1114  5851 V WindowManager: Checking 1 opening apps (frozen=false timeout=false), Track: relayout performsurface
06-28 19:00:03.205  1114  5851 V WindowManager: Check opening app=AppWindowToken{616761c token=Token{3fbf38f ActivityRecord{bca02ee u0 com.huawei.android.launcher/.unihome.UniHomeLauncher t1}}}: allDrawn=false startingDisplayed=false startingMoved=false isRelaunching()=false startingWindow=null
06-28 19:00:03.206  1114  5851 I ActivityManager:   Force stopping service ServiceRecord{e7d45d0 u0 com.mixgo.PropertySEO/cn.jpush.android.service.PushService}
06-28 19:00:03.208  1114  1456 V WindowManager: Checking 1 opening apps (frozen=false timeout=false), Track:  performsurface
06-28 19:00:03.208  1114  1456 V WindowManager: Check opening app=AppWindowToken{616761c token=Token{3fbf38f ActivityRecord{bca02ee u0 com.huawei.android.launcher/.unihome.UniHomeLauncher t1}}}: allDrawn=false startingDisplayed=false startingMoved=false isRelaunching()=false startingWindow=null
06-28 19:00:03.209  1993  2109 E HwLauncher: SettingsEx , no such field.
06-28 19:00:03.209  1993  2109 W HwLauncher: Clock getDataFormat the getSystemString failed.
06-28 19:00:03.211  2461  2612 D WorkSource: i1=0 i2=0 N1=0: insert 2434 com.huawei.iconnect
06-28 19:00:03.211  2461  2612 D WorkSource: Insert in WorkSource{} @ 0 uid 2434 name com.huawei.iconnect
06-28 19:00:03.211  1993  1993 D ZrHung.AppEyeUiProbe: notify runnable to start.
06-28 19:00:03.211  1993  2135 D ZrHung.AppEyeUiProbe: restart watching
06-28 19:00:03.212  2461  2661 D BluetoothAdapter: isLeEnabled(): ON
06-28 19:00:03.212 25009 25022 I HiSearch9.0.2.303: [LauncherOverlayService]: LAUNCHER_INTERACTION from launcher and invoke id = -111
06-28 19:00:03.212 25009 25022 I HiSearch9.0.2.303: [LauncherOverlayService]: isOverlayClosed = true
06-28 19:00:03.212 25009 25022 I HiSearch9.0.2.303: [LauncherOverlayService]: LAUNCHER_INTERACTION from launcher and invoke, overlay closed, return. 
06-28 19:00:03.214  1114 10297 D ActivityManager: cleanUpApplicationRecord app: ProcessRecord{e73e19e 10209:com.google.android.webview:sandboxed_process0/u0a407i49}, app.bad: false, restarting: false, allowRestart: true
06-28 19:00:03.216  1114 10297 V WindowManager: Checking 1 opening apps (frozen=false timeout=false), Track:  performsurface
06-28 19:00:03.217  1114 10297 V WindowManager: Check opening app=AppWindowToken{616761c token=Token{3fbf38f ActivityRecord{bca02ee u0 com.huawei.android.launcher/.unihome.UniHomeLauncher t1}}}: allDrawn=false startingDisplayed=false startingMoved=false isRelaunching()=false startingWindow=null
06-28 19:00:03.219  1667  2234 I bt_stack: [INFO:gatt_api.cc(950)] GATT_Register 1dadc675-d23c-13e5-4f3c-0549317fc5e0
06-28 19:00:03.220  1667  2234 I bt_stack: [INFO:gatt_api.cc(970)] allocated gatt_if=6
