06-28 19:00:06.786  1900  2108 D HwWifiStatStore: handleMessage : 200
06-28 19:00:06.876   635   635 I AISched FPS: currentfps 62,detected fps 60,flag 0,high 26,low 6,sleepPercent 0.907456,old 8,new 8
06-28 19:00:07.275 10359 10407 I chatty  : uid=10407(com.mixgo.PropertySEO) expire 5 lines
06-28 19:00:07.390  1166  1166 I aptouch_daemon: check_afe_status, afe[95 1 X1] [ctrl:X40020 ftr:X100] dif[28 -25] raw[32913 32550] [exp:X0 aN:0 lo:0]
06-28 19:00:07.478   635   635 I AISched common: Get_SDK_message {"gamePid":"10359","packageName":"com.mixgo.PropertySEO","threadNums":"1","keyTids":"[10546]","renderThread":"10546"}
06-28 19:00:07.478   635   635 I GameScheduler: GameSchedulerImpl::changeRenderTid - from 10408 to 10546
06-28 19:00:07.478   635   635 I GameScheduler: Tracked thread change from 10408 to 10546
06-28 19:00:07.895   638 10316 E uniperf server: uniPerfEvent doParse failed, cmdId=4400
06-28 19:00:07.895   638 10316 D uniperf hal: do uniPerfEvent failed, cmdId=4400, ret=2
06-28 19:00:07.900  1114 10297 D HwInputMethodManagerService: ------------startInput--------------
06-28 19:00:07.900  1114 10297 D HwInputMethodManagerService: hideSecSoftInput = false
06-28 19:00:08.097   638 10316 E uniperf server: uniPerfEvent doParse failed, cmdId=4401
06-28 19:00:08.097   638 10316 D uniperf hal: do uniPerfEvent failed, cmdId=4401, ret=2
06-28 19:00:08.147   638 10316 E uniperf server: uniPerfEvent doParse failed, cmdId=4400
06-28 19:00:08.147   638 10316 D uniperf hal: do uniPerfEvent failed, cmdId=4400, ret=2
06-28 19:00:08.204   646   646 E WifiHAL : enter wifi_get_link_stats
06-28 19:00:08.313  3116  3178 D LogUtil_LogConfig: getLogFile(): logFilePath = /data/data/com.huawei.health/files/com.huawei.health/com.huawei.health_DaemonService/
06-28 19:00:08.313  3116  3178 D LogUtil_LogConfig: obtainSavePath(): path = 1
06-28 19:00:08.314  3116  3178 D LogUtil_LogConfig: acquireMaxLogFileLengthContainsOffset describe: com.huawei.health:DaemonService result:5242880
06-28 19:00:08.314  3116  3178 D LogUtil_LogConfig: getLogFileRoot(): logFilePath = /data/data/com.huawei.health/files/com.huawei.health/com.huawei.health_DaemonService/
06-28 19:00:08.436   638 10316 E uniperf server: uniPerfEvent doParse failed, cmdId=4400
06-28 19:00:08.436   638 10316 D uniperf hal: do uniPerfEvent failed, cmdId=4400, ret=2
06-28 19:00:08.725   613  1029 I GRALLOC : getCallingPid=650, shrFd=31,fmt=0x1,intFmt=0x200000001,btStrd=4352,size=9973760,pid=613 
06-28 19:00:08.725   613  1029 I GRALLOC : 	 yuv=2,w=1080,h=2244,Stride u=0 v=0,offset u=0 v=0 
06-28 19:00:08.725   613  1029 I GRALLOC : 	 iova_size=9973760,conUsg=0xb00,proUsg=0xb00,	 strd=1088,[afbc]HdrStrd=1088 PyldStrd=69632 Scrmbl=2,ionhnd = 1 
06-28 19:00:08.800  1724  1724 D BarTransitions.HwPhoneStatusBarView: MODE_TRANSPARENT -> MODE_TRANSLUCENT animate=false
06-28 19:00:08.800  1724  1724 D BarTransitions.HwPhoneStatusBarView: applyModeBackground oldMode=MODE_TRANSPARENT newMode=MODE_TRANSLUCENT animate=false
06-28 19:00:08.801  1724  1724 D BarTransitions.HwNavigationBarView: MODE_TRANSPARENT -> MODE_OPAQUE animate=false
06-28 19:00:08.801  1724  1724 D BarTransitions.HwNavigationBarView: applyModeBackground oldMode=MODE_TRANSPARENT newMode=MODE_OPAQUE animate=false
06-28 19:00:09.045  1114  1228 I ActivityManager: App 10407/com.mixgo.PropertySEO targets O+, restricted
06-28 19:00:09.051  1114 10297 V BroadcastQueue: Finished with ordered broadcast BroadcastRecord{fcc8867 u0 cn.jpush.android.intent.RECEIVE_MESSAGE}
06-28 19:00:09.243   626  1582 I chatty  : uid=1041(audioserver) effect expire 1 line
06-28 19:00:09.792  1900  2108 D HwWifiStatStore: handleMessage : 200
06-28 19:00:09.813  1114  1647 I chatty  : uid=1000(system) HuaweiWifiWatch expire 10 lines
06-28 19:00:09.815  1114  1615 I chatty  : uid=1000(system) HwWifiConnectiv expire 3 lines
06-28 19:00:10.249   648  1284 I chatty  : uid=1041(audioserver) AudioOut_D expire 94 lines
06-28 19:00:10.370 10499 10499 D AwareBitmapCacher: handleInit disable com.google.android.webview:sandboxed_process0
06-28 19:00:10.387  3662  9836 V NativeCrypto: SSL handshake aborted: ssl=0x724e3f4948: I/O error during system call, Connection reset by peer
06-28 19:00:10.707  1114  1217 I chatty  : uid=1000(system) android.bg expire 1 line
06-28 19:00:11.220   646   646 E WifiHAL : enter wifi_get_link_stats
06-28 19:00:11.802 10359 10546 I chatty  : uid=10407(com.mixgo.PropertySEO) expire 12 lines
06-28 19:00:11.803 10359 10408 I chatty  : uid=10407(com.mixgo.PropertySEO) expire 43 lines
06-28 19:00:12.457   626  1582 I chatty  : uid=1041(audioserver) effect expire 1 line
06-28 19:00:12.503   648  1284 I chatty  : uid=1041(audioserver) AudioOut_D expire 96 lines
06-28 19:00:12.513 10359 10408 I chatty  : uid=10407(com.mixgo.PropertySEO) expire 142 lines
06-28 19:00:12.520 10359 10407 I chatty  : uid=10407(com.mixgo.PropertySEO) expire 3 lines
06-28 19:00:12.562 10359 10546 I chatty  : uid=10407(com.mixgo.PropertySEO) expire 36 lines
06-28 19:00:12.667   574   598 D         : Received kernel message payload: chr_event 9
06-28 19:00:12.667   574   598 I         : netd received web stat infomation,trigger chr report!
06-28 19:00:12.668   574   598 I         : netd received web stat infomation,trigger chr report!
06-28 19:00:12.668   574   598 I         : ReportType 0 0 0 0 0 0 0 0 0 0 0 0 0 0 0 0 0 0 0 0 0 0 0 0 0 0 0 0 0 0 0 0 0 0 0 0 0 0 0 0 0 0 0 0 0 0 0 0 0 0 0 0 0 0 0 0 0 0 0 0 0 0 0 0 0 0 0 0 0 0 0 0 0 0 0 0 0 0 0 0 0 0 0 0 0 0 0 0 0 0 0 0 0 0 0 0 0 0 0 0 0 0 0 0 0 0 0 0 0 0 0 0 0 0 0 0 0 0 0 0 0 0 0 0 0 0 0 0 0 0 0 0 0 0 0 0 0 0 0 0 0 0 0 0 0 0 0 0 0 0 0 0 0 0 0 0 0 0 0 0 0 0 0 0 0 0 0 0 0 0 0 0 0 0 0 0 0 0 0 0 0 0 0 0 0 0 0 0 0 0 0 0 0 0 0 0 0 0 0 0 0 0 0 0 0 0 0 0 0 0 0 0 0 0 0 0 0 0 0 0 0 0 0 0 0 0 0 0 0 ReportType 0 829 0 0 0 0 0 15 0 0 0 0 0 0 5 5 0 0 1 0 0 0 0 0 0 0 0 0 0 0 0 0 0 0 0 0 0 0 0 0 0 0 0 0 0 0 0 0 0 0 0 0 0 0 0 0 0 0 0 0 0 0 0 0 0 0 0 0 0 0 0 0 0 0 0 0 0 0 0 0 0 0 0 0 0 0 0 0 0 0 0 0 0 0 0 0 0 0 0 0 0 0 0 0 0 0 0 0 0 0 0 0 0 0 0 0 0 0 0 0 0 0 0 0 0 0 0 0 0 0 0 0 0 0 0 0 0 0 0 0 0 0 0 0 0 0 0 0 0 0 0 0 0 0 0 0 0 0 0 0 0 0 0 0 0 0 0 0 0 0 0 0 0 0 0 0 0 0 0 0 0 0 0 0 0 0 0 0 0 0 0 0 0 0 0 0 0 0 0 0 0 0 0 0 0 0 0 0 0 0 0 0 443 0 53 0 0 0 0 0 0 0 0 0 0 0 0 0 0
06-28 19:00:12.668   574   598 W SocketListener: sending broadcast to Pid = 1114, Uid = 1000 
06-28 19:00:12.670  1114  1555 D NetdConnector: RCV <- {661 ReportType 0 0 0 0 0 0 0 0 0 0 0 0 0 0 0 0 0 0 0 0 0 0 0 0 0 0 0 0 0 0 0 0 0 0 0 0 0 0 0 0 0 0 0 0 0 0 0 0 0 0 0 0 0 0 0 0 0 0 0 0 0 0 0 0 0 0 0 0 0 0 0 0 0 0 0 0 0 0 0 0 0 0 0 0 0 0 0 0 0 0 0 0 0 0 0 0 0 0 0 0 0 0 0 0 0 0 0 0 0 0 0 0 0 0 0 0 0 0 0 0 0 0 0 0 0 0 0 0 0 0 0 0 0 0 0 0 0 0 0 0 0 0 0 0 0 0 0 0 0 0 0 0 0 0 0 0 0 0 0 0 0 0 0 0 0 0 0 0 0 0 0 0 0 0 0 0 0 0 0 0 0 0 0 0 0 0 0 0 0 0 0 0 0 0 0 0 0 0 0 0 0 0 0 0 0 0 0 0 0 0 0 0 0 0 0 0 0 0 0 0 0 0 0 0 0 0 0 0 0 ReportType 0 829 0 0 0 0 0 15 0 0 0 0 0 0 5 5 0 0 1 0 0 0 0 0 0 0 0 0 0 0 0 0 0 0 0 0 0 0 0 0 0 0 0 0 0 0 0 0 0 0 0 0 0 0 0 0 0 0 0 0 0 0 0 0 0 0 0 0 0 0 0 0 0 0 0 0 0 0 0 0 0 0 0 0 0 0 0 0 0 0 0 0 0 0 0 0 0 0 0 0 0 0 0 0 0 0 0 0 0 0 0 0 0 0 0 0 0 0 0 0 0 0 0 0 0 0 0 0 0 0 0 0 0 0 0 0 0 0 0 0 0 0 0 0 0 0 0 0 0 0 0 0 0 0 0 0 0 0 0 0 0 0 0 0 0 0 0 0 0 0 0 0 0 0 0 0 0 0 0 0 0 0 0 0 0 0 0 0 0 0 0 0 0 0 0 0 0 0 0 0 0 0 0 0 0 0 0 0 0 0 0 0 443 0 53 0 0 0 0 0 0 0 0 0 0 0 0 0 0}
06-28 19:00:12.675  1114  1555 D NetdConnector: RCV <- {661 ReportType 0 0 0 0 0 0 0 0 0 0 0 0 0 0 0 0 0 0 0 0 0 0 0 0 0 0 0 0 0 0 0 0 0 0 0 0 0 0 0 0 0 0 0 0 0 0 0 0 0 0 0 0 0 0 0 0 0 0 0 0 0 0 0 0 0 0 0 0 0 0 0 0 0 0 0 0 0 0 0 0 0 0 0 0 0 0 0 0 0 0 0 0 0 0 0 0 0 0 0 0 0 0 0 0 0 0 0 0 0 0 0 0 0 0 0 0 0 0 0 0 0 0 0 0 0 0 0 0 0 0 0 0 0 0 0 0 0 0 0 0 0 0 0 0 0 0 0 0 0 0 0 0 0 0 0 0 0 0 0 0 0 0 0 0 0 0 0 0 0 0 0 0 0 0 0 0 0 0 0 0 0 0 0 0 0 0 0 0 0 0 0 0 0 0 0 0 0 0 0 0 0 0 0 0 0 0 0 0 0 0 0 0 0 0 0 0 0 0 0 0 0 0 0 0 0 0 0 0 0 ReportType 0 829 0 0 0 0 0 15 0 0 0 0 0 0 5 5 0 0 1 0 0 0 0 0 0 0 0 0 0 0 0 0 0 0 0 0 0 0 0 0 0 0 0 0 0 0 0 0 0 0 0 0 0 0 0 0 0 0 0 0 0 0 0 0 0 0 0 0 0 0 0 0 0 0 0 0 0 0 0 0 0 0 0 0 0 0 0 0 0 0 0 0 0 0 0 0 0 0 0 0 0 0 0 0 0 0 0 0 0 0 0 0 0 0 0 0 0 0 0 0 0 0 0 0 0 0 0 0 0 0 0 0 0 0 0 0 0 0 0 0 0 0 0 0 0 0 0 0 0 0 0 0 0 0 0 0 0 0 0 0 0 0 0 0 0 0 0 0 0 0 0 0 0 0 0 0 0 0 0 0 0 0 0 0 0 0 0 0 0 0 0 0 0 0 0 0 0 0 0 0 0 0 0 0 0 0 0 0 0 0 0 0 443 0 53 0 0 0 0 0 0 0 0 0 0 0 0 0 0}
06-28 19:00:12.677  1114  1240 D NetdConnector: RCV unsolicited event from native daemon, event = 661
06-28 19:00:12.683  1114  1240 D HwNetworkManagementService: onEvent receive Web Stat Report:661 ReportType 0 0 0 0 0 0 0 0 0 0 0 0 0 0 0 0 0 0 0 0 0 0 0 0 0 0 0 0 0 0 0 0 0 0 0 0 0 0 0 0 0 0 0 0 0 0 0 0 0 0 0 0 0 0 0 0 0 0 0 0 0 0 0 0 0 0 0 0 0 0 0 0 0 0 0 0 0 0 0 0 0 0 0 0 0 0 0 0 0 0 0 0 0 0 0 0 0 0 0 0 0 0 0 0 0 0 0 0 0 0 0 0 0 0 0 0 0 0 0 0 0 0 0 0 0 0 0 0 0 0 0 0 0 0 0 0 0 0 0 0 0 0 0 0 0 0 0 0 0 0 0 0 0 0 0 0 0 0 0 0 0 0 0 0 0 0 0 0 0 0 0 0 0 0 0 0 0 0 0 0 0 0 0 0 0 0 0 0 0 0 0 0 0 0 0 0 0 0 0 0 0 0 0 0 0 0 0 0 0 0 0 0 0 0 0 0 0 0 0 0 0 0 0 0 0 0 0 0 0 ReportType 0 829 0 0 0 0 0 15 0 0 0 0 0 0 5 5 0 0 1 0 0 0 0 0 0 0 0 0 0 0 0 0 0 0 0 0 0 0 0 0 0 0 0 0 0 0 0 0 0 0 0 0 0 0 0 0 0 0 0 0 0 0 0 0 0 0 0 0 0 0 0 0 0 0 0 0 0 0 0 0 0 0 0 0 0 0 0 0 0 0 0 0 0 0 0 0 0 0 0 0 0 0 0 0 0 0 0 0 0 0 0 0 0 0 0 0 0 0 0 0 0 0 0 0 0 0 0 0 0 0 0 0 0 0 0 0 0 0 0 0 0 0 0 0 0 0 0 0 0 0 0 0 0 0 0 0 0 0 0 0 0 0 0 0 0 0 0 0 0 0 0 0 0 0 0 0 0 0 0 0 0 0 0 0 0 0 0 0 0 0 0 0 0 0 0 0 0 0 0 0 0 0 0 0 0 0 0 0 0 0 0 0 443 0 53 0 0 0 0 0 0 0 0 0 0 0 0 0 0
06-28 19:00:12.803  1900  2108 D HwWifiStatStore: handleMessage : 200
06-28 19:00:12.820   731   731 W irqbalance: type=1400 audit(0.0:37974): avc: denied { dac_override } for capability=1 scontext=u:r:irqbalance:s0 tcontext=u:r:irqbalance:s0 tclass=capability permissive=0
06-28 19:00:12.820   731   731 W irqbalance: type=1400 audit(0.0:37975): avc: denied { dac_override } for capability=1 scontext=u:r:irqbalance:s0 tcontext=u:r:irqbalance:s0 tclass=capability permissive=0
06-28 19:00:12.820   731   731 W irqbalance: type=1400 audit(0.0:37976): avc: denied { dac_override } for capability=1 scontext=u:r:irqbalance:s0 tcontext=u:r:irqbalance:s0 tclass=capability permissive=0
06-28 19:00:12.824   731   731 W irqbalance: type=1400 audit(0.0:37977): avc: denied { dac_override } for capability=1 scontext=u:r:irqbalance:s0 tcontext=u:r:irqbalance:s0 tclass=capability permissive=0
06-28 19:00:12.824   731   731 W irqbalance: type=1400 audit(0.0:37978): avc: denied { dac_override } for capability=1 scontext=u:r:irqbalance:s0 tcontext=u:r:irqbalance:s0 tclass=capability permissive=0
06-28 19:00:12.824   731   731 W irqbalance: type=1400 audit(0.0:37979): avc: denied { dac_override } for capability=1 scontext=u:r:irqbalance:s0 tcontext=u:r:irqbalance:s0 tclass=capability permissive=0
06-28 19:00:12.824   731   731 W irqbalance: type=1400 audit(0.0:37980): avc: denied { dac_override } for capability=1 scontext=u:r:irqbalance:s0 tcontext=u:r:irqbalance:s0 tclass=capability permissive=0
06-28 19:00:12.824   731   731 W irqbalance: type=1400 audit(0.0:37981): avc: denied { dac_override } for capability=1 scontext=u:r:irqbalance:s0 tcontext=u:r:irqbalance:s0 tclass=capability permissive=0
06-28 19:00:12.824   731   731 W irqbalance: type=1400 audit(0.0:37982): avc: denied { dac_override } for capability=1 scontext=u:r:irqbalance:s0 tcontext=u:r:irqbalance:s0 tclass=capability permissive=0
06-28 19:00:12.824   731   731 W irqbalance: type=1400 audit(0.0:37983): avc: denied { dac_override } for capability=1 scontext=u:r:irqbalance:s0 tcontext=u:r:irqbalance:s0 tclass=capability permissive=0
06-28 19:00:12.824   731   731 W irqbalance: type=1400 audit(0.0:37984): avc: denied { dac_override } for capability=1 scontext=u:r:irqbalance:s0 tcontext=u:r:irqbalance:s0 tclass=capability permissive=0
06-28 19:00:12.824   731   731 W irqbalance: type=1400 audit(0.0:37985): avc: denied { dac_override } for capability=1 scontext=u:r:irqbalance:s0 tcontext=u:r:irqbalance:s0 tclass=capability permissive=0
06-28 19:00:12.825   731   731 I irqbalance: Centralize irq 101 to cpu 0
06-28 19:00:12.826   731   731 I irqbalance: Centralize irq 69 to cpu 0
06-28 19:00:12.826   731   731 I irqbalance: Centralize irq 16 to cpu 0
06-28 19:00:12.827   731   731 I irqbalance: Centralize irq 80 to cpu 0
06-28 19:00:12.827   731   731 I irqbalance: Centralize irq 70 to cpu 0
06-28 19:00:12.828   731   731 I irqbalance: Centralize irq 67 to cpu 0
06-28 19:00:12.828   731   731 I irqbalance: Centralize irq 455 to cpu 0
06-28 19:00:12.828   731   731 I irqbalance: Centralize irq 128 to cpu 0
06-28 19:00:12.829   731   731 I irqbalance: Centralize irq 79 to cpu 0
06-28 19:00:12.829   731   731 I irqbalance: Centralize irq 21 to cpu 0
06-28 19:00:12.829   731   731 I irqbalance: Centralize irq 57 to cpu 0
06-28 19:00:12.830   731   731 I irqbalance: Centralize irq 17 to cpu 0
06-28 19:00:13.754   635   635 I AISched Core: set time out 10 second
06-28 19:00:13.777  1114  1114 I chatty  : uid=1000 system_server expire 7 lines
06-28 19:00:13.778  1869  1869 D DaemonMessageAdapter: onMobileSignalStrengthChanged, subId: 0, signalStrength: SignalStrength: 99 118 -72 -142 32767 -1 32767 -1 0 0 0 -1 0 2147483647 0 120 0 0 cdma use_rsrp_and_rssnr_for_lte_level rscp [-128, -118, -108, -98] [-115, -105, -95, -85]
06-28 19:00:13.778  1869  1976 I DeepNoDisturbP: handleStateChanged reason=8
06-28 19:00:13.778  1869  1976 I HidataAppQoeP: handleStateChanged reason=8
06-28 19:00:13.778  1869  1869 D DaemonMessageAdapter: SignalStrength update result, ss: SignalStrengthInfo: 110235168 mGsmSignalStrength: 99 mWcdmaRscp: 0 mWcdmaEcio: 0 mLteRsrp: 0 mLteRsrq: 0 mCdmaDbm: -72 mCdmaEcio: -142 mEvdoDbm: 32767 mEvdoEcio: -1 mLteRssnr: 0
06-28 19:00:13.783  1869  1976 I BrowserChrP: handleStateChanged
06-28 19:00:13.870 10359 10388 I chatty  : uid=10407(com.mixgo.PropertySEO) expire 1 line
06-28 19:00:14.071  1952 26416 I DownloadState: 2000 stop download, curr: 2077294061, base: 2077284849, delta: 9212
06-28 19:00:14.071  1952 26416 I DownloadState: @@@@@@@@@@@@ uid :2000 download :false
06-28 19:00:14.071  1952 26416 I PGServer: report state:5 event type:2 pid:0 uid:2000 pkg:null to pid: 1114
06-28 19:00:14.264   646   646 E WifiHAL : enter wifi_get_link_stats
06-28 19:00:14.798   648  1284 E peq_android: volume index exceed range: 65535
06-28 19:00:14.810 10359 10546 I chatty  : uid=10407(com.mixgo.PropertySEO) expire 2 lines
06-28 19:00:14.822   648  1284 E peq_android: volume index exceed range: 65535
06-28 19:00:14.845   648  1284 E peq_android: volume index exceed range: 65535
06-28 19:00:14.859 10359 10408 I chatty  : uid=10407(com.mixgo.PropertySEO) expire 7 lines
06-28 19:00:14.869   648  1284 E peq_android: volume index exceed range: 65535
06-28 19:00:14.893   648  1284 E peq_android: volume index exceed range: 65535
06-28 19:00:14.908 10359 10546 I chatty  : uid=10407(com.mixgo.PropertySEO) expire 2 lines
06-28 19:00:14.917   648  1284 E peq_android: volume index exceed range: 65535
06-28 19:00:14.931   776   776 E Thermal-daemon: [pa_0] temp_new :41  temp_old :40
06-28 19:00:14.932  1952  1990 I ThermalService: Receive temperature change, type: 1, temp: 41 from thermald
06-28 19:00:14.932  1952  2586 D HwThermalStateManager: Thermal type: 1 cur_temperature:41
06-28 19:00:14.933   776   776 E Thermal-daemon: Report temperature: [pa_0] temp :41  report_threshold:1
06-28 19:00:14.941   648  1284 E peq_android: volume index exceed range: 65535
06-28 19:00:14.964   648  1284 E peq_android: volume index exceed range: 65535
06-28 19:00:14.976 10359 10408 I chatty  : uid=10407(com.mixgo.PropertySEO) expire 5 lines
06-28 19:00:14.988   648  1284 E peq_android: volume index exceed range: 65535
06-28 19:00:15.011   648  1284 E peq_android: volume index exceed range: 65535
06-28 19:00:15.036   648  1284 E peq_android: volume index exceed range: 65535
06-28 19:00:15.057 10359 10546 I chatty  : uid=10407(com.mixgo.PropertySEO) expire 1 line
06-28 19:00:15.058 10359 10408 I chatty  : uid=10407(com.mixgo.PropertySEO) expire 6 lines
06-28 19:00:15.059   648  1284 E peq_android: volume index exceed range: 65535
06-28 19:00:15.082   648  1284 E peq_android: volume index exceed range: 65535
06-28 19:00:15.109   648  1284 E peq_android: volume index exceed range: 65535
06-28 19:00:15.133   648  1284 E peq_android: volume index exceed range: 65535
06-28 19:00:15.143 10359 10546 I chatty  : uid=10407(com.mixgo.PropertySEO) expire 2 lines
06-28 19:00:15.156 10359 10408 I chatty  : uid=10407(com.mixgo.PropertySEO) expire 7 lines
06-28 19:00:15.157   648  1284 E peq_android: volume index exceed range: 65535
06-28 19:00:15.180   648  1284 E peq_android: volume index exceed range: 65535
06-28 19:00:15.205   648  1284 E peq_android: volume index exceed range: 65535
06-28 19:00:15.226 10359 10546 I chatty  : uid=10407(com.mixgo.PropertySEO) expire 1 line
06-28 19:00:15.228   648  1284 E peq_android: volume index exceed range: 65535
06-28 19:00:15.252   648  1284 E peq_android: volume index exceed range: 65535
06-28 19:00:15.273 10359 10408 I chatty  : uid=10407(com.mixgo.PropertySEO) expire 5 lines
06-28 19:00:15.276   648  1284 E peq_android: volume index exceed range: 65535
06-28 19:00:15.300   648  1284 E peq_android: volume index exceed range: 65535
06-28 19:00:15.309 10359 10546 I chatty  : uid=10407(com.mixgo.PropertySEO) expire 2 lines
06-28 19:00:15.323   648  1284 E peq_android: volume index exceed range: 65535
06-28 19:00:15.347   648  1284 E peq_android: volume index exceed range: 65535
06-28 19:00:15.355 10359 10408 I chatty  : uid=10407(com.mixgo.PropertySEO) expire 3 lines
06-28 19:00:15.371   648  1284 E peq_android: volume index exceed range: 65535
06-28 19:00:15.395   648  1284 E peq_android: volume index exceed range: 65535
06-28 19:00:15.403 10359 10546 D         : addLayerName, tid:10546
06-28 19:00:15.404 10359 10408 D         : addLayerName, tid:10408
06-28 19:00:15.417   648  1284 E peq_android: volume index exceed range: 65535
06-28 19:00:15.421 10359 10408 D         : addLayerName, tid:10408
06-28 19:00:15.437 10359 10408 D         : addLayerName, tid:10408
06-28 19:00:15.440   648  1284 E peq_android: volume index exceed range: 65535
06-28 19:00:15.454 10359 10408 D         : addLayerName, tid:10408
06-28 19:00:15.463   648  1284 E peq_android: volume index exceed range: 65535
06-28 19:00:15.471 10359 10408 D         : addLayerName, tid:10408
06-28 19:00:15.471 10359 10546 D         : addLayerName, tid:10546
06-28 19:00:15.486 10359 10408 D         : addLayerName, tid:10408
06-28 19:00:15.486   648  1284 E peq_android: volume index exceed range: 65535
06-28 19:00:15.504 10359 10408 D         : addLayerName, tid:10408
06-28 19:00:15.509   648  1284 E peq_android: volume index exceed range: 65535
06-28 19:00:15.520 10359 10408 D         : addLayerName, tid:10408
06-28 19:00:15.532   648  1284 E peq_android: volume index exceed range: 65535
06-28 19:00:15.537 10359 10408 D         : addLayerName, tid:10408
06-28 19:00:15.544 10359 10407 E AwareLog: eglSlice: report time too small
06-28 19:00:15.553 10359 10546 D         : addLayerName, tid:10546
06-28 19:00:15.553 10359 10408 D         : addLayerName, tid:10408
06-28 19:00:15.556   648  1284 E peq_android: volume index exceed range: 65535
06-28 19:00:15.570 10359 10408 D         : addLayerName, tid:10408
06-28 19:00:15.580   648  1284 E peq_android: volume index exceed range: 65535
06-28 19:00:15.586 10359 10408 D         : addLayerName, tid:10408
06-28 19:00:15.603   648  1284 E peq_android: volume index exceed range: 65535
06-28 19:00:15.604 10359 10408 D         : addLayerName, tid:10408
06-28 19:00:15.619 10359 10408 D         : addLayerName, tid:10408
06-28 19:00:15.626   648  1284 E peq_android: volume index exceed range: 65535
06-28 19:00:15.628   626  1582 I DlbDapDPProcess: process() called [3609500] times
06-28 19:00:15.636 10359 10408 D         : addLayerName, tid:10408
06-28 19:00:15.636 10359 10546 D         : addLayerName, tid:10546
06-28 19:00:15.650 10359 10546 D         : addLayerName, tid:10546
06-28 19:00:15.650   648  1284 E peq_android: volume index exceed range: 65535
06-28 19:00:15.650 10359 10408 D         : addLayerName, tid:10408
06-28 19:00:15.667 10359 10408 D         : addLayerName, tid:10408
06-28 19:00:15.673   648  1284 E peq_android: volume index exceed range: 65535
06-28 19:00:15.685 10359 10408 D         : addLayerName, tid:10408
06-28 19:00:15.696   648  1284 E peq_android: volume index exceed range: 65535
06-28 19:00:15.702 10359 10408 D         : addLayerName, tid:10408
06-28 19:00:15.719 10359 10408 D         : addLayerName, tid:10408
06-28 19:00:15.719   648  1284 E peq_android: volume index exceed range: 65535
06-28 19:00:15.721 10359 10546 D         : addLayerName, tid:10546
06-28 19:00:15.734 10359 10408 D         : addLayerName, tid:10408
06-28 19:00:15.742   648  1284 E peq_android: volume index exceed range: 65535
06-28 19:00:15.751 10359 10408 D         : addLayerName, tid:10408
06-28 19:00:15.768 10359 10408 D         : addLayerName, tid:10408
06-28 19:00:15.769   648  1284 E peq_android: volume index exceed range: 65535
06-28 19:00:15.785 10359 10408 D         : addLayerName, tid:10408
06-28 19:00:15.792   648  1284 E peq_android: volume index exceed range: 65535
06-28 19:00:15.801 10359 10408 D         : addLayerName, tid:10408
06-28 19:00:15.801 10359 10546 D         : addLayerName, tid:10546
06-28 19:00:15.807  1900  2108 D HwWifiStatStore: handleMessage : 200
06-28 19:00:15.814   648  1284 E peq_android: volume index exceed range: 65535
06-28 19:00:15.815 10359 10408 D         : addLayerName, tid:10408
06-28 19:00:15.834 10359 10408 D         : addLayerName, tid:10408
06-28 19:00:15.836   648  1284 E peq_android: volume index exceed range: 65535
06-28 19:00:15.850 10359 10408 D         : addLayerName, tid:10408
06-28 19:00:15.861   648  1284 E peq_android: volume index exceed range: 65535
06-28 19:00:15.866 10359 10408 D         : addLayerName, tid:10408
06-28 19:00:15.882 10359 10408 D         : addLayerName, tid:10408
06-28 19:00:15.883 10359 10546 D         : addLayerName, tid:10546
06-28 19:00:15.883   648  1284 E peq_android: volume index exceed range: 65535
06-28 19:00:15.899 10359 10408 D         : addLayerName, tid:10408
06-28 19:00:15.900 10359 10546 D         : addLayerName, tid:10546
06-28 19:00:15.907   648  1284 E peq_android: volume index exceed range: 65535
06-28 19:00:15.917 10359 10408 D         : addLayerName, tid:10408
06-28 19:00:15.930   648  1284 E peq_android: volume index exceed range: 65535
06-28 19:00:15.933 10359 10408 D         : addLayerName, tid:10408
06-28 19:00:15.949 10359 10408 D         : addLayerName, tid:10408
06-28 19:00:15.954   648  1284 E peq_android: volume index exceed range: 65535
06-28 19:00:15.965 10359 10546 D         : addLayerName, tid:10546
06-28 19:00:15.966 10359 10408 D         : addLayerName, tid:10408
06-28 19:00:15.978   648  1284 E peq_android: volume index exceed range: 65535
06-28 19:00:15.983 10359 10408 D         : addLayerName, tid:10408
06-28 19:00:15.999 10359 10408 D         : addLayerName, tid:10408
06-28 19:00:16.001   648  1284 E peq_android: volume index exceed range: 65535
06-28 19:00:16.016 10359 10408 D         : addLayerName, tid:10408
06-28 19:00:16.025   648  1284 E peq_android: volume index exceed range: 65535
06-28 19:00:16.032 10359 10408 D         : addLayerName, tid:10408
06-28 19:00:16.050 10359 10408 D         : addLayerName, tid:10408
06-28 19:00:16.050 10359 10546 D         : addLayerName, tid:10546
06-28 19:00:16.051   648  1284 E peq_android: volume index exceed range: 65535
06-28 19:00:16.065 10359 10408 D         : addLayerName, tid:10408
06-28 19:00:16.074   648  1284 E peq_android: volume index exceed range: 65535
06-28 19:00:16.082 10359 10408 D         : addLayerName, tid:10408
06-28 19:00:16.098   648  1284 E peq_android: volume index exceed range: 65535
06-28 19:00:16.098 10359 10408 D         : addLayerName, tid:10408
06-28 19:00:16.114 10359 10408 D         : addLayerName, tid:10408
06-28 19:00:16.121   648  1284 E peq_android: volume index exceed range: 65535
06-28 19:00:16.132 10359 10408 D         : addLayerName, tid:10408
06-28 19:00:16.137 10359 10546 D         : addLayerName, tid:10546
06-28 19:00:16.145   648  1284 E peq_android: volume index exceed range: 65535
06-28 19:00:16.149 10359 10546 D         : addLayerName, tid:10546
06-28 19:00:16.149 10359 10408 D         : addLayerName, tid:10408
06-28 19:00:16.163 10359 10408 D         : addLayerName, tid:10408
06-28 19:00:16.167   648  1284 E peq_android: volume index exceed range: 65535
06-28 19:00:16.180 10359 10408 D         : addLayerName, tid:10408
06-28 19:00:16.191   648  1284 E peq_android: volume index exceed range: 65535
06-28 19:00:16.198 10359 10408 D         : addLayerName, tid:10408
06-28 19:00:16.214   648  1284 E peq_android: volume index exceed range: 65535
06-28 19:00:16.218 10359 10408 D         : addLayerName, tid:10408
06-28 19:00:16.218 10359 10546 D         : addLayerName, tid:10546
06-28 19:00:16.230 10359 10408 D         : addLayerName, tid:10408
06-28 19:00:16.237   648  1284 E peq_android: volume index exceed range: 65535
06-28 19:00:16.247 10359 10408 D         : addLayerName, tid:10408
06-28 19:00:16.259   648  1284 E peq_android: volume index exceed range: 65535
06-28 19:00:16.263 10359 10408 D         : addLayerName, tid:10408
06-28 19:00:16.279 10359 10408 D         : addLayerName, tid:10408
06-28 19:00:16.282   648  1284 E peq_android: volume index exceed range: 65535
06-28 19:00:16.296 10359 10408 D         : addLayerName, tid:10408
06-28 19:00:16.305   648  1284 E peq_android: volume index exceed range: 65535
06-28 19:00:16.312 10359 10408 D         : addLayerName, tid:10408
06-28 19:00:16.313 10359 10546 D         : addLayerName, tid:10546
06-28 19:00:16.327   648  1284 E peq_android: volume index exceed range: 65535
06-28 19:00:16.329 10359 10408 D         : addLayerName, tid:10408
06-28 19:00:16.347 10359 10408 D         : addLayerName, tid:10408
06-28 19:00:16.350   648  1284 E peq_android: volume index exceed range: 65535
06-28 19:00:16.363 10359 10408 D         : addLayerName, tid:10408
06-28 19:00:16.374   648  1284 E peq_android: volume index exceed range: 65535
06-28 19:00:16.379 10359 10408 D         : addLayerName, tid:10408
06-28 19:00:16.395 10359 10546 D         : addLayerName, tid:10546
06-28 19:00:16.395 10359 10408 D         : addLayerName, tid:10408
06-28 19:00:16.398   648  1284 E peq_android: volume index exceed range: 65535
06-28 19:00:16.411 10359 10546 D         : addLayerName, tid:10546
06-28 19:00:16.411 10359 10408 D         : addLayerName, tid:10408
06-28 19:00:16.420   648  1284 E peq_android: volume index exceed range: 65535
06-28 19:00:16.429 10359 10408 D         : addLayerName, tid:10408
06-28 19:00:16.445   648  1284 E peq_android: volume index exceed range: 65535
06-28 19:00:16.446 10359 10408 D         : addLayerName, tid:10408
06-28 19:00:16.462 10359 10408 D         : addLayerName, tid:10408
06-28 19:00:16.468   648  1284 E peq_android: volume index exceed range: 65535
06-28 19:00:16.479 10359 10408 D         : addLayerName, tid:10408
06-28 19:00:16.481 10359 10546 D         : addLayerName, tid:10546
06-28 19:00:16.491   648  1284 E peq_android: volume index exceed range: 65535
06-28 19:00:16.493 10359 10408 D         : addLayerName, tid:10408
06-28 19:00:16.512 10359 10408 D         : addLayerName, tid:10408
06-28 19:00:16.514   648  1284 E peq_android: volume index exceed range: 65535
06-28 19:00:16.528 10359 10408 D         : addLayerName, tid:10408
06-28 19:00:16.537   648  1284 E peq_android: volume index exceed range: 65535
06-28 19:00:16.545 10359 10408 D         : addLayerName, tid:10408
06-28 19:00:16.556 10359 10407 E AwareLog: eglSlice: report time too small
06-28 19:00:16.560   648  1284 E peq_android: volume index exceed range: 65535
06-28 19:00:16.561 10359 10546 D         : addLayerName, tid:10546
06-28 19:00:16.561 10359 10408 D         : addLayerName, tid:10408
06-28 19:00:16.576 10359 10408 D         : addLayerName, tid:10408
06-28 19:00:16.583   648  1284 E peq_android: volume index exceed range: 65535
06-28 19:00:16.593 10359 10408 D         : addLayerName, tid:10408
06-28 19:00:16.606   648  1284 E peq_android: volume index exceed range: 65535
06-28 19:00:16.610 10359 10408 D         : addLayerName, tid:10408
06-28 19:00:16.627 10359 10408 D         : addLayerName, tid:10408
06-28 19:00:16.629   648  1284 E peq_android: volume index exceed range: 65535
06-28 19:00:16.643 10359 10546 D         : addLayerName, tid:10546
06-28 19:00:16.643 10359 10408 D         : addLayerName, tid:10408
06-28 19:00:16.651   648  1284 E peq_android: volume index exceed range: 65535
06-28 19:00:16.658 10359 10546 D         : addLayerName, tid:10546
06-28 19:00:16.658 10359 10408 D         : addLayerName, tid:10408
06-28 19:00:16.673   648  1284 E peq_android: volume index exceed range: 65535
06-28 19:00:16.675 10359 10408 D         : addLayerName, tid:10408
06-28 19:00:16.694 10359 10408 D         : addLayerName, tid:10408
06-28 19:00:16.696   648  1284 E peq_android: volume index exceed range: 65535
06-28 19:00:16.710 10359 10408 D         : addLayerName, tid:10408
06-28 19:00:16.720   648  1284 E peq_android: volume index exceed range: 65535
06-28 19:00:16.724  1114  1812 I chatty  : uid=1000(system) LocationThread expire 3 lines
06-28 19:00:16.727 10359 10408 D         : addLayerName, tid:10408
06-28 19:00:16.727 10359 10546 D         : addLayerName, tid:10546
06-28 19:00:16.743 10359 10408 D         : addLayerName, tid:10408
06-28 19:00:16.743   648  1284 E peq_android: volume index exceed range: 65535
06-28 19:00:16.760 10359 10408 D         : addLayerName, tid:10408
06-28 19:00:16.767   648  1284 E peq_android: volume index exceed range: 65535
06-28 19:00:16.776 10359 10408 D         : addLayerName, tid:10408
06-28 19:00:16.791   648  1284 E peq_android: volume index exceed range: 65535
06-28 19:00:16.792 10359 10408 D         : addLayerName, tid:10408
06-28 19:00:16.810 10359 10546 D         : addLayerName, tid:10546
06-28 19:00:16.810 10359 10408 D         : addLayerName, tid:10408
06-28 19:00:16.814   648  1284 E peq_android: volume index exceed range: 65535
06-28 19:00:16.826 10359 10408 D         : addLayerName, tid:10408
06-28 19:00:16.837   648  1284 E peq_android: volume index exceed range: 65535
06-28 19:00:16.842 10359 10408 D         : addLayerName, tid:10408
06-28 19:00:16.859 10359 10408 D         : addLayerName, tid:10408
06-28 19:00:16.861   648  1284 E peq_android: volume index exceed range: 65535
06-28 19:00:16.875 10359 10408 D         : addLayerName, tid:10408
06-28 19:00:16.885   648  1284 E peq_android: volume index exceed range: 65535
06-28 19:00:16.892 10359 10408 D         : addLayerName, tid:10408
06-28 19:00:16.892 10359 10546 D         : addLayerName, tid:10546
06-28 19:00:16.906 10359 10546 D         : addLayerName, tid:10546
06-28 19:00:16.907 10359 10408 D         : addLayerName, tid:10408
06-28 19:00:16.909   648  1284 E peq_android: volume index exceed range: 65535
06-28 19:00:16.924 10359 10408 D         : addLayerName, tid:10408
06-28 19:00:16.932   648  1284 E peq_android: volume index exceed range: 65535
06-28 19:00:16.942 10359 10408 D         : addLayerName, tid:10408
06-28 19:00:16.955   648  1284 E peq_android: volume index exceed range: 65535
06-28 19:00:16.959 10359 10408 D         : addLayerName, tid:10408
06-28 19:00:16.977 10359 10408 D         : addLayerName, tid:10408
06-28 19:00:16.979   648  1284 E peq_android: volume index exceed range: 65535
06-28 19:00:16.982 10359 10546 D         : addLayerName, tid:10546
06-28 19:00:16.990 10359 10408 D         : addLayerName, tid:10408
06-28 19:00:17.004   648  1284 E peq_android: volume index exceed range: 65535
06-28 19:00:17.007 10359 10408 D         : addLayerName, tid:10408
06-28 19:00:17.024 10359 10408 D         : addLayerName, tid:10408
06-28 19:00:17.027   648  1284 E peq_android: volume index exceed range: 65535
06-28 19:00:17.040 10359 10408 D         : addLayerName, tid:10408
06-28 19:00:17.051   648  1284 E peq_android: volume index exceed range: 65535
06-28 19:00:17.058 10359 10408 D         : addLayerName, tid:10408
06-28 19:00:17.059 10359 10546 D         : addLayerName, tid:10546
06-28 19:00:17.072 10359 10408 D         : addLayerName, tid:10408
06-28 19:00:17.077   648  1284 E peq_android: volume index exceed range: 65535
06-28 19:00:17.090 10359 10408 D         : addLayerName, tid:10408
06-28 19:00:17.100   648  1284 E peq_android: volume index exceed range: 65535
06-28 19:00:17.106 10359 10408 D         : addLayerName, tid:10408
06-28 19:00:17.126 10359 10408 D         : addLayerName, tid:10408
06-28 19:00:17.126   648  1284 E peq_android: volume index exceed range: 65535
06-28 19:00:17.140 10359 10408 D         : addLayerName, tid:10408
06-28 19:00:17.152   648  1284 E peq_android: volume index exceed range: 65535
06-28 19:00:17.156 10359 10408 D         : addLayerName, tid:10408
06-28 19:00:17.166 10359 10359 I ViewRootImpl: jank_removeInvalidNode all the node in jank list is out of time
06-28 19:00:17.170 10359 10546 D         : addLayerName, tid:10546
06-28 19:00:17.172 10359 10408 D         : addLayerName, tid:10408
06-28 19:00:17.173 10359 10546 D         : addLayerName, tid:10546
06-28 19:00:17.176   648  1284 E peq_android: volume index exceed range: 65535
06-28 19:00:17.188 10359 10408 D         : addLayerName, tid:10408
06-28 19:00:17.189 10359 10546 D         : addLayerName, tid:10546
06-28 19:00:17.199   648  1284 E peq_android: volume index exceed range: 65535
06-28 19:00:17.204 10359 10408 D         : addLayerName, tid:10408
06-28 19:00:17.221 10359 10408 D         : addLayerName, tid:10408
06-28 19:00:17.222   648  1284 E peq_android: volume index exceed range: 65535
06-28 19:00:17.238 10359 10408 D         : addLayerName, tid:10408
06-28 19:00:17.245   648  1284 E peq_android: volume index exceed range: 65535
06-28 19:00:17.254 10359 10408 D         : addLayerName, tid:10408
06-28 19:00:17.266  1114  1790 W Watchdog: hungtask: writing kick
06-28 19:00:17.267  1114  1240 I chatty  : uid=1000(system) android.fg expire 1 line
06-28 19:00:17.270   648  1284 E peq_android: volume index exceed range: 65535
06-28 19:00:17.271 10359 10408 D         : addLayerName, tid:10408
06-28 19:00:17.293 10359 10408 D         : addLayerName, tid:10408
06-28 19:00:17.293   648  1284 E peq_android: volume index exceed range: 65535
06-28 19:00:17.298   646   646 E WifiHAL : enter wifi_get_link_stats
06-28 19:00:17.305 10359 10408 D         : addLayerName, tid:10408
06-28 19:00:17.316   648  1284 E peq_android: volume index exceed range: 65535
06-28 19:00:17.321 10359 10408 D         : addLayerName, tid:10408
06-28 19:00:17.339   648  1284 E peq_android: volume index exceed range: 65535
06-28 19:00:17.342 10359 10408 D         : addLayerName, tid:10408
06-28 19:00:17.355 10359 10408 D         : addLayerName, tid:10408
06-28 19:00:17.365   648  1284 E peq_android: volume index exceed range: 65535
06-28 19:00:17.371 10359 10408 D         : addLayerName, tid:10408
06-28 19:00:17.380 10359 10546 D         : addLayerName, tid:10546
06-28 19:00:17.384 10359 10546 D         : addLayerName, tid:10546
06-28 19:00:17.386 10359 10408 D         : addLayerName, tid:10408
06-28 19:00:17.388   648  1284 E peq_android: volume index exceed range: 65535
06-28 19:00:17.406 10359 10408 D         : addLayerName, tid:10408
06-28 19:00:17.406 10359 10546 D         : addLayerName, tid:10546
06-28 19:00:17.410   648  1284 E peq_android: volume index exceed range: 65535
06-28 19:00:17.419 10359 10408 D         : addLayerName, tid:10408
06-28 19:00:17.420 10359 10546 D         : addLayerName, tid:10546
06-28 19:00:17.434 10359 10408 D         : addLayerName, tid:10408
06-28 19:00:17.435   648  1284 E peq_android: volume index exceed range: 65535
06-28 19:00:17.436 10359 10546 D         : addLayerName, tid:10546
06-28 19:00:17.440   796   897 W JankService: processEntry, not beta version or commercial log off
06-28 19:00:17.455 10359 10408 D         : addLayerName, tid:10408
06-28 19:00:17.456 10359 10546 D         : addLayerName, tid:10546
06-28 19:00:17.458   648  1284 E peq_android: volume index exceed range: 65535
06-28 19:00:17.468 10359 10408 D         : addLayerName, tid:10408
06-28 19:00:17.469 10359 10546 D         : addLayerName, tid:10546
06-28 19:00:17.484   648  1284 E peq_android: volume index exceed range: 65535
06-28 19:00:17.485 10359 10408 D         : addLayerName, tid:10408
06-28 19:00:17.486 10359 10546 D         : addLayerName, tid:10546
06-28 19:00:17.504 10359 10408 D         : addLayerName, tid:10408
06-28 19:00:17.506 10359 10546 D         : addLayerName, tid:10546
06-28 19:00:17.507   648  1284 E peq_android: volume index exceed range: 65535
06-28 19:00:17.519 10359 10408 D         : addLayerName, tid:10408
06-28 19:00:17.519 10359 10546 D         : addLayerName, tid:10546
06-28 19:00:17.530   648  1284 E peq_android: volume index exceed range: 65535
06-28 19:00:17.535 10359 10408 D         : addLayerName, tid:10408
06-28 19:00:17.535 10359 10546 D         : addLayerName, tid:10546
06-28 19:00:17.552 10359 10408 D         : addLayerName, tid:10408
06-28 19:00:17.553 10359 10546 D         : addLayerName, tid:10546
06-28 19:00:17.553   648  1284 E peq_android: volume index exceed range: 65535
06-28 19:00:17.566 10359 10407 E AwareLog: eglSlice: report time too small
06-28 19:00:17.566 10359 10408 D         : addLayerName, tid:10408
06-28 19:00:17.576   648  1284 E peq_android: volume index exceed range: 65535
06-28 19:00:17.586 10359 10408 D         : addLayerName, tid:10408
06-28 19:00:17.599   648  1284 E peq_android: volume index exceed range: 65535
06-28 19:00:17.600 10359 10408 D         : addLayerName, tid:10408
06-28 19:00:17.620 10359 10408 D         : addLayerName, tid:10408
06-28 19:00:17.622   648  1284 E peq_android: volume index exceed range: 65535
06-28 19:00:17.628   574   594 W SocketListener: sending broadcast to Pid = 1114, Uid = 1000 
06-28 19:00:17.629  1114  1555 D NetdConnector: RCV <- {601 limit alert globalAlert wlan0}
06-28 19:00:17.630  1114  1555 D NetdConnector: RCV <- {601 limit alert globalAlert wlan0}
06-28 19:00:17.635  1114  1240 D NetdConnector: RCV unsolicited event from native daemon, event = 601
06-28 19:00:17.636  1114  1240 I NetworkStats: limitReached
06-28 19:00:17.637 10359 10408 D         : addLayerName, tid:10408
06-28 19:00:17.638  1114  1558 I NetworkStats: performPollLocked, pid = 1114
06-28 19:00:17.646   648  1284 E peq_android: volume index exceed range: 65535
06-28 19:00:17.651 10359 10408 D         : addLayerName, tid:10408
06-28 19:00:17.655  1114  1558 W NetworkStatsFactory: mStatsXtProcUid: /proc/net/comm/stats does not exist!
06-28 19:00:17.655  1114  1558 D HwNetworkStatsService: hwRecordUidAndProcSnapshotLocked currentTime = 1561719617637
06-28 19:00:17.666  1114  1558 I NetworkStatsFactory: javaReadNetworkStatsUidAndProcDetail. cost time = 10
06-28 19:00:17.669   648  1284 E peq_android: volume index exceed range: 65535
06-28 19:00:17.670 10359 10408 D         : addLayerName, tid:10408
06-28 19:00:17.673  1114  1558 D NetdConnector: SND -> {2751 bandwidth setglobalalert 2097152}
06-28 19:00:17.674  1114  1555 D NetdConnector: RCV <- {200 2751 Bandwidth command succeeeded}
06-28 19:00:17.675  1114  1555 D NetdConnector: RCV <- {200 2751 Bandwidth command succeeeded}
06-28 19:00:17.679  2017  2247 E HSM_BG  : NatTrafficNotifyService:imsi is null, so return
06-28 19:00:17.686 10359 10408 D         : addLayerName, tid:10408
06-28 19:00:17.692   648  1284 E peq_android: volume index exceed range: 65535
06-28 19:00:17.701 10359 10408 D         : addLayerName, tid:10408
06-28 19:00:17.718 10359 10408 D         : addLayerName, tid:10408
06-28 19:00:17.719   648  1284 E peq_android: volume index exceed range: 65535
06-28 19:00:17.733 10359 10408 D         : addLayerName, tid:10408
06-28 19:00:17.742   648  1284 E peq_android: volume index exceed range: 65535
06-28 19:00:17.754 10359 10408 D         : addLayerName, tid:10408
06-28 19:00:17.766   648  1284 E peq_android: volume index exceed range: 65535
06-28 19:00:17.767 10359 10408 D         : addLayerName, tid:10408
06-28 19:00:17.784 10359 10408 D         : addLayerName, tid:10408
06-28 19:00:17.789   648  1284 E peq_android: volume index exceed range: 65535
06-28 19:00:17.800 10359 10408 D         : addLayerName, tid:10408
06-28 19:00:17.814   648  1284 E peq_android: volume index exceed range: 65535
06-28 19:00:17.820 10359 10408 D         : addLayerName, tid:10408
06-28 19:00:17.828   731   731 W irqbalance: type=1400 audit(0.0:37986): avc: denied { dac_override } for capability=1 scontext=u:r:irqbalance:s0 tcontext=u:r:irqbalance:s0 tclass=capability permissive=0
06-28 19:00:17.828   731   731 W irqbalance: type=1400 audit(0.0:37987): avc: denied { dac_override } for capability=1 scontext=u:r:irqbalance:s0 tcontext=u:r:irqbalance:s0 tclass=capability permissive=0
06-28 19:00:17.833   731   731 I irqbalance: Centralize irq 69 to cpu 0
06-28 19:00:17.834 10359 10408 D         : addLayerName, tid:10408
06-28 19:00:17.835   731   731 I irqbalance: Centralize irq 11 to cpu 0
06-28 19:00:17.838   648  1284 E peq_android: volume index exceed range: 65535
06-28 19:00:17.851 10359 10408 D         : addLayerName, tid:10408
06-28 19:00:17.862   648  1284 E peq_android: volume index exceed range: 65535
06-28 19:00:17.868 10359 10408 D         : addLayerName, tid:10408
06-28 19:00:17.883 10359 10408 D         : addLayerName, tid:10408
06-28 19:00:17.885   648  1284 E peq_android: volume index exceed range: 65535
06-28 19:00:17.899 10359 10408 D         : addLayerName, tid:10408
06-28 19:00:17.912   648  1284 E peq_android: volume index exceed range: 65535
06-28 19:00:17.916 10359 10408 D         : addLayerName, tid:10408
06-28 19:00:17.934 10359 10408 D         : addLayerName, tid:10408
06-28 19:00:17.936   648  1284 E peq_android: volume index exceed range: 65535
06-28 19:00:17.950 10359 10408 D         : addLayerName, tid:10408
06-28 19:00:17.959   648  1284 E peq_android: volume index exceed range: 65535
06-28 19:00:17.967 10359 10408 D         : addLayerName, tid:10408
06-28 19:00:17.982 10359 10408 D         : addLayerName, tid:10408
06-28 19:00:17.985   648  1284 E peq_android: volume index exceed range: 65535
06-28 19:00:17.998 10359 10408 D         : addLayerName, tid:10408
06-28 19:00:18.007   648  1284 E peq_android: volume index exceed range: 65535
06-28 19:00:18.014 10359 10408 D         : addLayerName, tid:10408
06-28 19:00:18.030   648  1284 E peq_android: volume index exceed range: 65535
06-28 19:00:18.034 10359 10408 D         : addLayerName, tid:10408
06-28 19:00:18.049 10359 10408 D         : addLayerName, tid:10408
06-28 19:00:18.054   648  1284 E peq_android: volume index exceed range: 65535
06-28 19:00:18.065 10359 10408 D         : addLayerName, tid:10408
06-28 19:00:18.078   648  1284 E peq_android: volume index exceed range: 65535
06-28 19:00:18.081 10359 10408 D         : addLayerName, tid:10408
06-28 19:00:18.099 10359 10408 D         : addLayerName, tid:10408
06-28 19:00:18.101   648  1284 E peq_android: volume index exceed range: 65535
06-28 19:00:18.116 10359 10408 D         : addLayerName, tid:10408
06-28 19:00:18.123   648  1284 E peq_android: volume index exceed range: 65535
06-28 19:00:18.134 10359 10408 D         : addLayerName, tid:10408
06-28 19:00:18.146   648  1284 E peq_android: volume index exceed range: 65535
06-28 19:00:18.147 10359 10408 D         : addLayerName, tid:10408
06-28 19:00:18.165 10359 10408 D         : addLayerName, tid:10408
06-28 19:00:18.170   648  1284 E peq_android: volume index exceed range: 65535
06-28 19:00:18.181 10359 10408 D         : addLayerName, tid:10408
06-28 19:00:18.195   648  1284 E peq_android: volume index exceed range: 65535
06-28 19:00:18.196   796   897 W JankService: processEntry, not beta version or commercial log off
06-28 19:00:18.198 10359 10408 D         : addLayerName, tid:10408
06-28 19:00:18.203 10359 10546 D         : addLayerName, tid:10546
06-28 19:00:18.206 10359 10546 D         : addLayerName, tid:10546
06-28 19:00:18.212 10359 10408 D         : addLayerName, tid:10408
06-28 19:00:18.218   648  1284 E peq_android: volume index exceed range: 65535
06-28 19:00:18.229 10359 10408 D         : addLayerName, tid:10408
06-28 19:00:18.241   648  1284 E peq_android: volume index exceed range: 65535
06-28 19:00:18.248 10359 10408 D         : addLayerName, tid:10408
06-28 19:00:18.263 10359 10408 D         : addLayerName, tid:10408
06-28 19:00:18.264   648  1284 E peq_android: volume index exceed range: 65535
06-28 19:00:18.279 10359 10408 D         : addLayerName, tid:10408
06-28 19:00:18.287   648  1284 E peq_android: volume index exceed range: 65535
06-28 19:00:18.295 10359 10408 D         : addLayerName, tid:10408
06-28 19:00:18.313   648  1284 E peq_android: volume index exceed range: 65535
06-28 19:00:18.315 10359 10408 D         : addLayerName, tid:10408
06-28 19:00:18.330 10359 10408 D         : addLayerName, tid:10408
06-28 19:00:18.337   648  1284 E peq_android: volume index exceed range: 65535
06-28 19:00:18.345 10359 10408 D         : addLayerName, tid:10408
06-28 19:00:18.345 10359 10546 D         : addLayerName, tid:10546
06-28 19:00:18.360   648  1284 E peq_android: volume index exceed range: 65535
06-28 19:00:18.362 10359 10408 D         : addLayerName, tid:10408
06-28 19:00:18.380 10359 10408 D         : addLayerName, tid:10408
06-28 19:00:18.383   648  1284 E peq_android: volume index exceed range: 65535
06-28 19:00:18.398 10359 10408 D         : addLayerName, tid:10408
06-28 19:00:18.407   648  1284 E peq_android: volume index exceed range: 65535
06-28 19:00:18.412 10359 10408 D         : addLayerName, tid:10408
06-28 19:00:18.431   648  1284 E peq_android: volume index exceed range: 65535
06-28 19:00:18.431 10359 10408 D         : addLayerName, tid:10408
06-28 19:00:18.445 10359 10408 D         : addLayerName, tid:10408
06-28 19:00:18.451 10359 10546 D         : addLayerName, tid:10546
06-28 19:00:18.453   648  1284 E peq_android: volume index exceed range: 65535
06-28 19:00:18.460 10359 10408 D         : addLayerName, tid:10408
06-28 19:00:18.477 10359 10408 D         : addLayerName, tid:10408
06-28 19:00:18.477   648  1284 E peq_android: volume index exceed range: 65535
06-28 19:00:18.492 10359 10408 D         : addLayerName, tid:10408
06-28 19:00:18.496 10359 10546 D         : addLayerName, tid:10546
06-28 19:00:18.501   648  1284 E peq_android: volume index exceed range: 65535
06-28 19:00:18.509 10359 10408 D         : addLayerName, tid:10408
06-28 19:00:18.526 10359 10408 D         : addLayerName, tid:10408
06-28 19:00:18.528   648  1284 E peq_android: volume index exceed range: 65535
06-28 19:00:18.544 10359 10408 D         : addLayerName, tid:10408
06-28 19:00:18.550   648  1284 E peq_android: volume index exceed range: 65535
06-28 19:00:18.561 10359 10407 E AwareLog: eglSlice: report time too small
06-28 19:00:18.562 10359 10408 D         : addLayerName, tid:10408
06-28 19:00:18.576   648  1284 E peq_android: volume index exceed range: 65535
06-28 19:00:18.578 10359 10408 D         : addLayerName, tid:10408
06-28 19:00:18.596 10359 10408 D         : addLayerName, tid:10408
06-28 19:00:18.602   648  1284 E peq_android: volume index exceed range: 65535
06-28 19:00:18.610 10359 10408 D         : addLayerName, tid:10408
06-28 19:00:18.626   648  1284 E peq_android: volume index exceed range: 65535
06-28 19:00:18.627 10359 10408 D         : addLayerName, tid:10408
06-28 19:00:18.628 10359 10546 D         : addLayerName, tid:10546
06-28 19:00:18.643 10359 10408 D         : addLayerName, tid:10408
06-28 19:00:18.649   648  1284 E peq_android: volume index exceed range: 65535
06-28 19:00:18.661 10359 10408 D         : addLayerName, tid:10408
06-28 19:00:18.673   648  1284 E peq_android: volume index exceed range: 65535
06-28 19:00:18.677 10359 10408 D         : addLayerName, tid:10408
06-28 19:00:18.692 10359 10408 D         : addLayerName, tid:10408
06-28 19:00:18.696   648  1284 E peq_android: volume index exceed range: 65535
06-28 19:00:18.712 10359 10408 D         : addLayerName, tid:10408
06-28 19:00:18.721   648  1284 E peq_android: volume index exceed range: 65535
06-28 19:00:18.726 10359 10408 D         : addLayerName, tid:10408
06-28 19:00:18.741 10359 10408 D         : addLayerName, tid:10408
06-28 19:00:18.745   648  1284 E peq_android: volume index exceed range: 65535
06-28 19:00:18.759 10359 10408 D         : addLayerName, tid:10408
06-28 19:00:18.768   648  1284 E peq_android: volume index exceed range: 65535
06-28 19:00:18.769   626  1582 I DlbDapDPProcess: process() called [3610000] times
06-28 19:00:18.777 10359 10408 D         : addLayerName, tid:10408
06-28 19:00:18.792   648  1284 E peq_android: volume index exceed range: 65535
06-28 19:00:18.792 10359 10408 D         : addLayerName, tid:10408
06-28 19:00:18.809 10359 10408 D         : addLayerName, tid:10408
06-28 19:00:18.811  1900  2108 D HwWifiStatStore: handleMessage : 200
06-28 19:00:18.815   648  1284 E peq_android: volume index exceed range: 65535
06-28 19:00:18.826 10359 10408 D         : addLayerName, tid:10408
06-28 19:00:18.827  3093  5484 W Conscrypt: Could not set socket write timeout: java.net.SocketException: Socket closed
06-28 19:00:18.828  3093  5484 W Conscrypt: 	at com.google.android.gms.org.conscrypt.Platform.setSocketWriteTimeout(:com.google.android.gms@14799037@14.7.99 (100400-223214910):2)
06-28 19:00:18.828  3093  5484 W Conscrypt: 	at com.google.android.gms.org.conscrypt.ConscryptFileDescriptorSocket.setSoWriteTimeout(:com.google.android.gms@14799037@14.7.99 (100400-223214910):2)
