06-28 19:00:04.685  2461  2482 D BluetoothLeScanner: onScannerRegistered() - status=0 scannerId=6 mScannerId=0
06-28 19:00:04.686  1667  2633 W Bth-btfreeze: BluetoothFreeze:tag: 181  uid: 1000  pid: 2461
06-28 19:00:04.686  2017  2506 I HwNetworkPolicyManager: getHwUidPolicy uid = 10042 policy = 0
06-28 19:00:04.686  1952  4046 I chatty  : uid=1000(system) CallbackHandler expire 1 line
06-28 19:00:04.686  1114 11860 I HwAudioService: now type = 9,reportForegroundAppType = 255,pkg = null,systemload = 9mVoipOptimizeInGameModetrue
06-28 19:00:04.696 31509 31509 I FLTAG_FM: loadFeature class:com.huawei.featurelayer.systemfeature.HwWidget.IHwSplineOverScrollerEx
06-28 19:00:04.696 31509 31509 I FLTAG_SFM: getRequireClassLoader() succ ! className: com.huawei.featurelayer.systemfeature.HwWidget.IHwSplineOverScrollerEx
06-28 19:00:04.696 31509 31509 D FeatureFactory: loadFeature() : com.huawei.featurelayer.systemfeature.HwWidget.IHwSplineOverScrollerEx
06-28 19:00:04.696 31509 31509 D FeatureFactory: loadFeature() new IHwSplineOverScrollerEx()
06-28 19:00:04.696 31509 31509 D HwSplineOverScrollerExImpl: initSplineOverScrollerImpl paras: android.widget.OverScroller$SplineOverScroller@3c9e03f,com.android.packageinstaller.permission.ui.GrantPermissionsActivity@923509d
06-28 19:00:04.696 31509 31509 D HwSplineOverScrollerExImpl: initSplineOverScrollerImpl: mScrollerVelocity is 0, value is 0
06-28 19:00:04.696 31509 31509 I FLTAG_FM: loadFeature class:com.huawei.featurelayer.systemfeature.HwWidget.IHwSplineOverScrollerEx
06-28 19:00:04.696 31509 31509 I FLTAG_SFM: getRequireClassLoader() succ ! className: com.huawei.featurelayer.systemfeature.HwWidget.IHwSplineOverScrollerEx
06-28 19:00:04.696 31509 31509 D FeatureFactory: loadFeature() : com.huawei.featurelayer.systemfeature.HwWidget.IHwSplineOverScrollerEx
06-28 19:00:04.696 31509 31509 D FeatureFactory: loadFeature() new IHwSplineOverScrollerEx()
06-28 19:00:04.696 31509 31509 D HwSplineOverScrollerExImpl: initSplineOverScrollerImpl paras: android.widget.OverScroller$SplineOverScroller@86415b,com.android.packageinstaller.permission.ui.GrantPermissionsActivity@923509d
06-28 19:00:04.696 31509 31509 D HwSplineOverScrollerExImpl: initSplineOverScrollerImpl: mScrollerVelocity is 0, value is 0
06-28 19:00:04.698  1114 13295 I AlarmManager: remove alarm:Alarm{b185042 type 0 when 1561719894591 PendingIntent{93bedea: PendingIntentRecord{4969dcd com.mixgo.PropertySEO broadcastIntent}}com.mixgo.PropertySEO} according to operation:a6de68d
06-28 19:00:04.702 31509 31509 D HiTouch_PressGestureDetector: HiTouch on notch display, height corret:85
06-28 19:00:04.703 10359 10469 I chatty  : uid=10407(com.mixgo.PropertySEO) expire 19 lines
06-28 19:00:04.704 10359 10470 I chatty  : uid=10407(com.mixgo.PropertySEO) expire 10 lines
06-28 19:00:04.707 31509 31509 D ActivityThread: add activity client record, r= ActivityRecord{30aa3ed token=android.os.BinderProxy@7484f47 {com.android.packageinstaller/com.android.packageinstaller.permission.ui.GrantPermissionsActivity}} token= android.os.BinderProxy@7484f47
06-28 19:00:04.707 31509 31509 D ZrHung.AppEyeUiProbe: notify runnable to start.
06-28 19:00:04.708  1114  2129 D HwGameAssistantController: pid=31509, uid=10042, component=ComponentInfo{com.android.packageinstaller/com.android.packageinstaller.permission.ui.GrantPermissionsActivity}
06-28 19:00:04.708  1900  1946 I OPCollectLog: AppChangeImpl:pid: 31509 uid: 10042 pkg: com.android.packageinstaller class: com.android.packageinstaller.permission.ui.GrantPermissionsActivity
06-28 19:00:04.708  1114  1243 D HwGameAssistantController: UPDATE: mCurFgPkg=com.android.packageinstaller, mCurFgPid=31509, mCurIsGame=false
06-28 19:00:04.708  1900  2185 I OPCollectLog: HwForegroundAppAction:handleMessage 
06-28 19:00:04.708 31509 31509 D ZrHung.AppEyeUiProbe: notify runnable to start.
06-28 19:00:04.708  1114  1219 W HwActivityManagerServiceEx: HwActivityNotifier end call android.app.IHwActivityNotifier$Stub$Proxy@88cf16b for activityLifeState under user 0 cost 0
06-28 19:00:04.708 31509 31509 D ZrHung.AppEyeUiProbe: stop checker.
06-28 19:00:04.708  1900  2185 I OPCollectLog: Action:HwForegroundAppAction executed successfully
06-28 19:00:04.709  1114 13295 W HwActivityManagerServiceEx: appSwitch from: com.android.packageinstaller to: com.mixgo.PropertySEO
06-28 19:00:04.710  1114 13295 I chatty  : uid=1000(system) Binder:1114_20 expire 2 lines
06-28 19:00:04.710  1114  1219 W HwActivityManagerServiceEx: HwActivityNotifier end call android.app.IHwActivityNotifier$Stub$Proxy@b3922e9 for appSwitch under user 0 cost 0
06-28 19:00:04.711  1114  1219 W HwActivityManagerServiceEx: HwActivityNotifier end call android.app.IHwActivityNotifier$Stub$Proxy@92d0b6e for appSwitch under user 0 cost 1
06-28 19:00:04.711  1900  2190 I OPCollectLog: OdmfHelper:insert dsCollectEncrypt success 
06-28 19:00:04.711  1869  1882 D AssistantService-901302: registerHwActivityNotifier call fromPackage:com.android.packageinstaller, toPackage:com.mixgo.PropertySEO
06-28 19:00:04.711  1869  1882 D AssistantService-901302: issystemapp:com.android.packageinstaller
06-28 19:00:04.711  1869  1882 D AssistantService-901302: getAppSDKType packageName:com.mixgo.PropertySEO, type:0
06-28 19:00:04.711  1869  1882 D AssistantService-901302: appInJoint:0
06-28 19:00:04.712  6701  6759 I [HwRecSys]OdmfCollectScheduler: handleMessage msg: 6
06-28 19:00:04.712  6701  6759 E [HwRecSys]HwRecSysService: Rec sys service not started.
06-28 19:00:04.713  1869  2319 D EmcomManagerService: forePackage name is com.mixgo.PropertySEO
06-28 19:00:04.713  1869  2319 D HicomMonitor: notifyForegroundAppChanged: begin
06-28 19:00:04.713  1869  2319 D XEngineProcessor: onForegroundAppChanged, pkgName:com.mixgo.PropertySEO
06-28 19:00:04.713  1869  2319 D XEngineProcessor: handlerAppForeground pkgName = com.mixgo.PropertySEOmDaemonVersion = 2
06-28 19:00:04.713  1869  2319 D HicomdMessageAdapter: getHicomAppInfoByName. current mHicomAppInfos : [packageName=com.ss.android.article.video, grade=1, isForeground=true, mainCardPsStatus=-1, autoGrabParams={}, viewInfos=[], hicomFeaturesInfos=multiPath=0, multiPathType=0, multiPathTcp=0, wifiMode=0, speedCtrl=1, maxGrade=5, minGrade=1, proxy=null, smartmpConfig=null}, timeInfos=[], packageName=com.sina.weibo, grade=1, isForeground=true, mainCardPsStatus=-1, autoGrabParams={}, viewInfos=[], hicomFeaturesInfos=multiPath=0, multiPathType=0, multiPathTcp=0, wifiMode=0, speedCtrl=1, maxGrade=5, minGrade=1, proxy=null, smartmpConfig=null}, timeInfos=[], packageName=com.tencent.mm, grade=1, isForeground=true, mainCardPsStatus=-1, autoGrabParams={}, viewInfos=[], hicomFeaturesInfos=multiPath=0, multiPathType=0, multiPathTcp=0, wifiMode=0, speedCtrl=1, maxGrade=5, minGrade=1, proxy=null, smartmpConfig=null}, timeInfos=[], packageName=com.sdu.didi.gui, grade=1, isForeground=true, mainCardPsStatus=-1, autoGrabParams={}, viewInfos=[], hicomFeaturesInfos=multiPath=0, multiPathType=0, multiPathTcp=0, wifiMode=0, speedCtrl=1, maxGrade=5, minGrade=1, proxy=null, smartmpConfig=null}, timeInfos=[], packageName=com.sdu.didi.gsui, grade=1, isForeground=true, mainCardPsStatus=-1, autoGrabParams={}, viewInfos=[], hicomFeaturesInfos=multiPath=0, multiPathType=0, multiPathTcp=0, wifiMode=0, speedCtrl=1, maxGrade=5, minGrade=1, proxy=null, smartmpConfig=null}, timeInfos=[], packageName=com.tencent.tmgp.sgame, grade=1, isForeground=true, mainCardPsStatus=1, autoGrabParams={}, viewInfos=[], hicomFeaturesInfos=multiPath=0, multiPathType=0, multiPathTcp=0, wifiMode=0, speedCtrl=1, maxGrade=5, minGrade=1, proxy=null, smartmpConfig=null}, timeInfos=[]]
06-28 19:00:04.713  1869  2319 D XEngineProcessor: configInfo = null
06-28 19:00:04.714  1869  2319 D XEngineProcessor: gameInfo = null inGameSpace false
06-28 19:00:04.714  1869  2319 D HicomMonitor: onForegroundAppChanged is called
06-28 19:00:04.714  1869  2319 D SmartcareProc: onForegroundAppChanged, pkgName:com.mixgo.PropertySEO
06-28 19:00:04.714  1869  2319 D HicomMonitor: onForegroundAppChanged is called
06-28 19:00:04.714  1952  2259 I PGServer: report state:10000 event type:1 pid:0 uid:0 pkg:com.mixgo.PropertySEO to pid: 1114
06-28 19:00:04.714  1952  2802 I PGServer: checkPkgType. calling pkg: android
06-28 19:00:04.715  1952  2802 I PGServer: checkPkgType. calling pkg: android
06-28 19:00:04.715  1952  2586 D HwThermalStateManager: current foreapp pkg : com.mixgo.PropertySEO
06-28 19:00:04.716  1114 13295 D HwPhoneWindowManager: sensorRotation = -1 lastRotation:0
06-28 19:00:04.717  1114 13295 V WindowManager: notifyAppResumed: wasStopped=false AppWindowToken{13a99e9 token=Token{b404270 ActivityRecord{cbeacb3 u0 com.mixgo.PropertySEO/cn.jiguang.unity.push.UnityPluginActivity t233}}}
06-28 19:00:04.718  1952  2594 E AwareLog: SPKSchedFeature: Uid has been sent, ignore.
06-28 19:00:04.718  1952  2594 V AudioManager: setParameters  keyValuePairs: updateAppSilentUid=10407
06-28 19:00:04.719  1114 13295 V WindowManager: Checking 1 opening apps (frozen=false timeout=false), Track: activitypause performsurface
06-28 19:00:04.719  1114 13295 V WindowManager: Check opening app=AppWindowToken{13a99e9 token=Token{b404270 ActivityRecord{cbeacb3 u0 com.mixgo.PropertySEO/cn.jiguang.unity.push.UnityPluginActivity t233}}}: allDrawn=true startingDisplayed=false startingMoved=false isRelaunching()=false startingWindow=null
06-28 19:00:04.719  1114 13295 I WindowManager: closing apps count = 1
06-28 19:00:04.719  1114  1150 D HwLocationManagerService: on transact ADD_LOCATION_MODE  uid is 10407 , expectedmode is 3 , packagename is com.mixgo.PropertySEO
06-28 19:00:04.720  1114  1150 D HwLocationManagerService: uid is 10407 , isWifiConn is true , isMobileConn is false
06-28 19:00:04.720  1114  1150 I HwNetworkPolicy: onTransact, code = 203
06-28 19:00:04.720  1114  1150 I HwNetworkPolicyManager: getHwUidPolicy uid = 10407 policy = 0
06-28 19:00:04.720  1114  1150 D HwLocationManagerService: policy is 0 , wifiAccess is true, mobileAccess is true
06-28 19:00:04.720  1114  1150 D HwLocationManagerService: wifiAvaiable is true , mobileAvailable is false
06-28 19:00:04.720  1114  1150 D HwLocationManagerService: addSupervisoryControlProc, mExpectedMode is network,packagename=com.mixgo.PropertySEO, mSupervisoryPkgList is {com.mixgo.PropertySEO=network}
06-28 19:00:04.720  1114  1150 D HwLocationManagerService:  package has no request send yet
06-28 19:00:04.721  1952  2110 I PGAudioState: AUDIO_REMOVE_ACTIVE_TRACK, trackId : 294
06-28 19:00:04.721  1952  2110 I PGAudioState: AUDIO_RELEASE_TRACK, 294
06-28 19:00:04.721  1952  2110 D PGAudioState: remove from mTrackMap, 294
06-28 19:00:04.723  1114  1219 W HwActivityManagerServiceEx: HwActivityNotifier end call android.app.IHwActivityNotifier$Stub$Proxy@88cf16b for activityLifeState under user 0 cost 0
06-28 19:00:04.723  1952  2110 I DeviceMonitor: last release audio mix uid:10407 pid:-2
06-28 19:00:04.724  1952  4046 D HwMultiWindowEx: isInMultiWindowMode ret: 0
06-28 19:00:04.725  2461  2661 D BluetoothAdapter: isLeEnabled(): ON
06-28 19:00:04.726  1667  2633 W Bth-btfreeze: BluetoothFreeze:tag: 182  uid: 1000  pid: 2461
06-28 19:00:04.727  1952  2110 I PGServer: report state:8 event type:2 pid:0 uid:1000 pkg:null to pid: 1114
06-28 19:00:04.727  1952  2110 I BluetoothState: inactive bluetooth uid: 1000, pid:2461, reason:BLE_SCAN
06-28 19:00:04.727  1952  2110 D BluetoothState: stop bt uid:1000 state:BLE_SCAN total(ms):90573534
06-28 19:00:04.727  1667  2633 W Bth-btfreeze: BluetoothFreeze:tag: 182  uid: 1000
06-28 19:00:04.728  1114  1150 D HwGameAssistantController: pid=10359, uid=10407, component=ComponentInfo{com.mixgo.PropertySEO/cn.jiguang.unity.push.UnityPluginActivity}
06-28 19:00:04.728  1667  2633 W Bth-btfreeze: BluetoothFreeze:tag: 182  uid: 1000  pid: 2461
06-28 19:00:04.728  1114  1150 I chatty  : uid=1000(system) Binder:1114_2 expire 3 lines
06-28 19:00:04.728  1114  1243 D HwGameAssistantController: UPDATE: mCurFgPkg=com.mixgo.PropertySEO, mCurFgPid=10359, mCurIsGame=false
06-28 19:00:04.728  1114  1219 W HwActivityManagerServiceEx: HwActivityNotifier end call android.app.IHwActivityNotifier$Stub$Proxy@88cf16b for activityLifeState under user 0 cost 0
06-28 19:00:04.728  1900  1946 I OPCollectLog: AppChangeImpl:pid: 10359 uid: 10407 pkg: com.mixgo.PropertySEO class: cn.jiguang.unity.push.UnityPluginActivity
06-28 19:00:04.728  1900  2185 I OPCollectLog: HwForegroundAppAction:handleMessage 
06-28 19:00:04.729  1952  2110 D BluetoothState: not find active bluetooth for inactive event uid: 1000, pid:2461, reason:BLE_CONNECT
06-28 19:00:04.729  1900  2185 I OPCollectLog: Action:HwForegroundAppAction executed successfully
06-28 19:00:04.729   789   909 D SensorHub: batch called handle:0 sample_ns:200000000 latency_ns:0
06-28 19:00:04.729   789   909 E SensorHub: in batch, handle = 0, flags = 0, period_ns = 200000000, timeout = 0
06-28 19:00:04.729 10359 10468 E ActivityThread: Failed to find provider info for com.ss.android.article.news.DownloadProvider
06-28 19:00:04.729   646   646 D WifiHW  : chip is bcm bcm43xx
06-28 19:00:04.729   646   646 D         : Enter bcm_game_kog_adjust_speed: freq= 2437 mode= 6
06-28 19:00:04.729  1952  2110 I SensorState: sensor:0 name:accelerometer enable:true uid:10407
06-28 19:00:04.730  1952  2110 I PGServer: report state:4 event type:1 pid:0 uid:10407 pkg:null to pid: 1114
06-28 19:00:04.730   646   646 D         : Enter wl_set_pmlock: pmlock= 0
06-28 19:00:04.730  1952  2110 I SensorState: addSensor,mHandles:{0=1}
06-28 19:00:04.730   789   909 I Sensors@1.0-impl: activate-0 enabled-1 fwkOals-1 camOals-0 fwkOcolor-1 camOcolor-0 fwkOtof-0 camOtof-0
06-28 19:00:04.730   789   909 D SensorHub: enableSensor-> handle: 0 enable : 1
06-28 19:00:04.730   646   646 D         : wl_set_pmlock: ret: 0
06-28 19:00:04.730   789   909 D SensorHub: Channel activate-> handle: 0, enabled:1, err: 0
06-28 19:00:04.730   789   909 D SensorHub: batch called handle:0 sample_ns:20000000 latency_ns:0
06-28 19:00:04.730   789   909 E SensorHub: in batch, handle = 0, flags = 0, period_ns = 20000000, timeout = 0
06-28 19:00:04.730  1900  2190 I OPCollectLog: OdmfHelper:insert dsCollectEncrypt success 
06-28 19:00:04.731  6701  6759 I [HwRecSys]OdmfCollectScheduler: handleMessage msg: 6
06-28 19:00:04.731 10359 10468 E ActivityThread: Failed to find provider info for com.ss.android.article.news.DownloadProvider
06-28 19:00:04.731  6701  6759 E [HwRecSys]HwRecSysService: Rec sys service not started.
06-28 19:00:04.733   755   815 I dubaid  : [AudioHandler.cpp] stopSession# Failed to find audio session: 2153
06-28 19:00:04.739 10359 10481 I chatty  : uid=10407(com.mixgo.PropertySEO) expire 3 lines
06-28 19:00:04.740  1114  1114 D MediaRouterService: onAudioPlayerActiveStateChanged: uid=10407, active=true, restoreUid=10407
06-28 19:00:04.740  1952  2110 I PGAudioState: AUDIO_CREATAE_TRACK, audioInfo : [trackId : 295, sessionId : 2161, type : audio_out, threadType : MIXER, streamType : MUSIC, pid : 10359, uid : 10407, createState : new, playState : stop, audioTrackVolume: 1.0, finalVolume : 0.0, loop : false, stopByZeroTime : 0]
06-28 19:00:04.740  1667  2633 V AudioManager: mPlaybackCallbackList.size:1
06-28 19:00:04.740  1667  2475 D AudioManager: dispatching onPlaybackConfigChanged()
06-28 19:00:04.743  1869  1882 E HsmCoreServiceImpl: onTransact in code is: 102
06-28 19:00:04.743  1869  1882 I MediaProcessHandler: processOp opType: 0, uid: 10407, pid: 10359
06-28 19:00:04.743  1869  1882 I MediaProcessHandler: executedCallBack opType: 0 mMediaStatusObservers.size=0
06-28 19:00:04.743  1952  2110 I PGAudioState: AUDIO_ADD_ACTIVE_TRACK, track id : 295
06-28 19:00:04.744  1952  2110 I PGAudioState: not start audio out because audio inactive pid: 10359 uid:10407
06-28 19:00:04.782 31509 31509 D ZrHung.AppEyeUiProbe: notify runnable to start.
06-28 19:00:04.783 31509 31509 D ZrHung.AppEyeUiProbe: stop checker.
06-28 19:00:04.785  1952  2594 W AwareLog: SmartIO2DMEPlugin: unknown process state: 1
06-28 19:00:04.785  1869  1882 I BoosterSwitchP: notifyUidState do nothing
06-28 19:00:04.785  1869  1882 I DeepNoDisturbP: notifyUidState
06-28 19:00:04.785  1869  1882 I HidataAppQoeP: notifyUidState
06-28 19:00:04.785  1869  1882 I BrowserChrP: notifyUidState
06-28 19:00:04.785 31509 31509 D ActivityThread: Remove activity client record, r= ActivityRecord{30aa3ed token=android.os.BinderProxy@7484f47 {com.android.packageinstaller/com.android.packageinstaller.permission.ui.GrantPermissionsActivity}} token= android.os.BinderProxy@7484f47
06-28 19:00:04.785  1952  2773 E AwareLog: GameSdkConfigReader: GameSdkLog: idNameMap: null
06-28 19:00:04.786  1114  2129 V WindowManager: removeAppToken: AppWindowToken{e9c51d5 token=Token{82f768c ActivityRecord{c2fefbf u0 com.android.packageinstaller/.permission.ui.GrantPermissionsActivity t233}}} delayed=false Callers=com.android.server.wm.DisplayContent.removeAppToken:1059 com.android.server.wm.AppWindowContainerController.removeContainer:301 com.android.server.am.ActivityRecord.removeWindowContainer:1152 com.android.server.am.ActivityStack.removeActivityFromHistoryLocked:4507 
06-28 19:00:04.818   753  1599 E DE N ABT: mergeProcessorOperating:1225: COMPONENT_RGBW already has data, can't add new data with mode(0x1000000), mode:0x16->0x1000016
06-28 19:00:04.819  1993 26137 D HwRecentsTaskUtils: refreshToCache
06-28 19:00:04.819  1993 26137 D HwRecentsTaskUtils: searchFromDate
06-28 19:00:04.822  1869  1882 E HsmCoreServiceImpl: onTransact in code is: 103
06-28 19:00:04.822  1869  1882 I MediaProcessHandler: playingUids: 10407|
06-28 19:00:04.825  1993 26137 I RecentsTaskLoadPlan: to show tasks size is 7
06-28 19:00:04.852  1114  1242 W WindowManager: Unable to start animation, surface is null or no children.
06-28 19:00:04.922   776   776 E Thermal-daemon: [charger_ic] temp_new :42  temp_old :41
06-28 19:00:04.923  1952  5532 I ThermalService: Receive temperature change, type: 2, temp: 42 from thermald
06-28 19:00:04.923  1952  2586 D HwThermalStateManager: Thermal type: 2 cur_temperature:42
06-28 19:00:04.923   776   776 E Thermal-daemon: Report temperature: [charger_ic] temp :42  report_threshold:1
06-28 19:00:04.925   776   776 E Thermal-daemon: [ap] temp_new :44  temp_old :43
06-28 19:00:04.926  1952  5532 I ThermalService: Receive temperature change, type: 0, temp: 44 from thermald
06-28 19:00:04.926   776   776 E Thermal-daemon: Report temperature: [ap] temp :44  report_threshold:1
06-28 19:00:04.926  1952  2586 D HwThermalStateManager: Thermal type: 0 cur_temperature:44
06-28 19:00:04.926  1952  2586 I HwThermalStateManager: sensorType: 0, triggerLevel = 2, triggerAction :{cpu=1690000, cpu_a15=1652000, gpu=332000000, uvoltage=5, ucurrent=1200, direct_charger=1500, camera_fps=2, lcd=12, wifi=1, app_action=3, camera_mode_disable=0, thermal_safe_mode=0}
06-28 19:00:04.926  1952  2586 I ThermalTrace: com.mixgo.PropertySEO:0-2
06-28 19:00:04.926  1952  2586 I ThermalAction: new ThermalAction
06-28 19:00:04.926  1952  2586 I HwThermalStateManager: sensor name: cpu temperature: 44 , thermal action: cpu_a15 policy:1652000
06-28 19:00:04.926  1952  2586 I ThermalUniPerf: ===success setFreq:  bcpumax:7->1652000
06-28 19:00:04.926  1952  2586 I ThermalAction: new ThermalAction
06-28 19:00:04.926  1952  2586 I HwThermalStateManager: sensor name: cpu temperature: 44 , thermal action: camera_fps policy:2
06-28 19:00:04.926  1952  2586 I HwPolicyDispatcher: writeFpsNode success value = 2
06-28 19:00:04.926  1952  2586 I ThermalAction: new ThermalAction
06-28 19:00:04.926  1952  2586 I HwThermalStateManager: sensor name: cpu temperature: 44 , thermal action: lcd policy:12
06-28 19:00:04.926  1952  2586 D HwPolicyDispatcher: lcd adjust, lcd: 12,ThermalRatio: 70
06-28 19:00:04.926  1952  2586 D HwPolicyDispatcher: current ambient light: -1, indoor amlight boundary: 1000
06-28 19:00:04.926  1952  2586 D HwPolicyDispatcher: xml config ambient light discount: 100%
06-28 19:00:04.926   638 10316 I uniperf server: setConfig clientId=2, tagLen=1, tags[0]=7, configs[0]=1652000
06-28 19:00:04.927  1114 10297 I HwNormalizedAutomaticBrightnessController: ThermalMode set auto MaxBrightness=178,mappingBrightness=178
06-28 19:00:04.927  1114  1246 I DisplayPowerController: mPowerRequest.useSmartBacklight : false
06-28 19:00:04.927  1952  2586 I ThermalAction: new ThermalAction
06-28 19:00:04.927  1952  2586 I HwThermalStateManager: sensor name: cpu temperature: 44 , thermal action: app_action policy:3
06-28 19:00:04.927  1952  2586 I LogPowerAdapter: do thermal temperature:44action:app_action value:3 sensorType:0 to PG
06-28 19:00:04.927  1952  2586 D HwThermalStateManager: camera_mode_disable not satify assistant ntc threshold, current temp: 39, assistant_sensor_temp: 48
06-28 19:00:04.928  1952  2110 I ThermalStateService: thermal app_action step = 3 temperature = 44
06-28 19:00:04.928  1952  2110 I PGServer: report state:9 event type:0 pid:44 uid:0 pkg:3 to pid: 1952
06-28 19:00:04.931  1952  2705 I ThermalTraceDBManager: HighTempDistribution count=20
06-28 19:00:04.934  1952  2705 I ThermalTraceDBManager: addHighTempDistributionToDB sucessfull!
06-28 19:00:05.013  3093  5481 W Conscrypt: Could not set socket write timeout: java.net.SocketException: Socket closed
06-28 19:00:05.013  3093  5481 W Conscrypt: 	at com.google.android.gms.org.conscrypt.Platform.setSocketWriteTimeout(:com.google.android.gms@14799037@14.7.99 (100400-223214910):2)
06-28 19:00:05.013  3093  5481 W Conscrypt: 	at com.google.android.gms.org.conscrypt.ConscryptFileDescriptorSocket.setSoWriteTimeout(:com.google.android.gms@14799037@14.7.99 (100400-223214910):2)
06-28 19:00:05.014  1114 10297 D CountryDetector: isValidCountryIso: CN
06-28 19:00:05.023  3093  5481 V NativeCrypto: SSL handshake aborted: ssl=0x729ae869c8: I/O error during system call, Connection reset by peer
06-28 19:00:05.029  3093  3732 E akgr    : Phenotype API error. Event # brpy@c0228a16, EventCode: 12 [CONTEXT service_id=51 ]
06-28 19:00:05.029  3093  3732 E akgr    : akfn: 29503
06-28 19:00:05.029  3093  3732 E akgr    : 	at akgy.a(:com.google.android.gms@14799037@14.7.99 (100400-223214910):40)
06-28 19:00:05.029  3093  3732 E akgr    : 	at akgx.b(Unknown Source:2)
06-28 19:00:05.029  3093  3732 E akgr    : 	at akgr.a(:com.google.android.gms@14799037@14.7.99 (100400-223214910):107)
06-28 19:00:05.029  3093  3732 E akgr    : 	at akgr.a(:com.google.android.gms@14799037@14.7.99 (100400-223214910):101)
06-28 19:00:05.029  3093  3732 E akgr    : 	at ybc.run(:com.google.android.gms@14799037@14.7.99 (100400-223214910):27)
06-28 19:00:05.029  3093  3732 E akgr    : 	at beyi.run(:com.google.android.gms@14799037@14.7.99 (100400-223214910):2)
06-28 19:00:05.029  3093  3732 E akgr    : 	at qwc.run(:com.google.android.gms@14799037@14.7.99 (100400-223214910):21)
06-28 19:00:05.029  3093  3732 E akgr    : 	at java.util.concurrent.ThreadPoolExecutor.runWorker(ThreadPoolExecutor.java:1167)
06-28 19:00:05.029  3093  3732 E akgr    : 	at java.util.concurrent.ThreadPoolExecutor$Worker.run(ThreadPoolExecutor.java:641)
06-28 19:00:05.029  3093  3732 E akgr    : 	at rbx.run(Unknown Source:7)
06-28 19:00:05.029  3093  3732 E akgr    : 	at java.lang.Thread.run(Thread.java:784)
06-28 19:00:05.030  3093  3732 E AsyncOperation: serviceID=51, operation=GetCommittedConfigurationOperationCall
06-28 19:00:05.030  3093  3732 E AsyncOperation: OperationException[Status{statusCode=unknown status code: 29503, resolution=null}]
06-28 19:00:05.030  3093  3732 E AsyncOperation: 	at akgr.a(:com.google.android.gms@14799037@14.7.99 (100400-223214910):115)
06-28 19:00:05.030  3093  3732 E AsyncOperation: 	at akgr.a(:com.google.android.gms@14799037@14.7.99 (100400-223214910):101)
06-28 19:00:05.030  3093  3732 E AsyncOperation: 	at ybc.run(:com.google.android.gms@14799037@14.7.99 (100400-223214910):27)
06-28 19:00:05.030  3093  3732 E AsyncOperation: 	at beyi.run(:com.google.android.gms@14799037@14.7.99 (100400-223214910):2)
06-28 19:00:05.030  3093  3732 E AsyncOperation: 	at qwc.run(:com.google.android.gms@14799037@14.7.99 (100400-223214910):21)
06-28 19:00:05.030  3093  3732 E AsyncOperation: 	at java.util.concurrent.ThreadPoolExecutor.runWorker(ThreadPoolExecutor.java:1167)
06-28 19:00:05.030  3093  3732 E AsyncOperation: 	at java.util.concurrent.ThreadPoolExecutor$Worker.run(ThreadPoolExecutor.java:641)
06-28 19:00:05.030  3093  3732 E AsyncOperation: 	at rbx.run(Unknown Source:7)
06-28 19:00:05.030  3093  3732 E AsyncOperation: 	at java.lang.Thread.run(Thread.java:784)
06-28 19:00:05.030  3093  5481 E NetRec  : [256] ahqw.a: Could not retrieve server token for package com.google.android.apps.gcs
06-28 19:00:05.030  3093  5481 E NetRec  : java.util.concurrent.ExecutionException: ppw: 29503: 
06-28 19:00:05.030  3093  5481 E NetRec  : 	at arhb.b(:com.google.android.gms@14799037@14.7.99 (100400-223214910):2)
06-28 19:00:05.030  3093  5481 E NetRec  : 	at arhb.a(:com.google.android.gms@14799037@14.7.99 (100400-223214910):28)
06-28 19:00:05.030  3093  5481 E NetRec  : 	at ahqw.a(:com.google.android.gms@14799037@14.7.99 (100400-223214910):1)
06-28 19:00:05.030  3093  5481 E NetRec  : 	at ahqw.a(:com.google.android.gms@14799037@14.7.99 (100400-223214910):4)
06-28 19:00:05.030  3093  5481 E NetRec  : 	at ahqt.getHeaders(:com.google.android.gms@14799037@14.7.99 (100400-223214910):2)
06-28 19:00:05.030  3093  5481 E NetRec  : 	at com.android.volley.toolbox.HttpClientStack.performRequest(:com.google.android.gms@14799037@14.7.99 (100400-223214910):9)
06-28 19:00:05.030  3093  5481 E NetRec  : 	at qph.performRequest(:com.google.android.gms@14799037@14.7.99 (100400-223214910):1)
06-28 19:00:05.030  3093  5481 E NetRec  : 	at bpq.executeRequest(:com.google.android.gms@14799037@14.7.99 (100400-223214910):1)
06-28 19:00:05.030  3093  5481 E NetRec  : 	at com.android.volley.toolbox.BasicNetwork.performRequest(:com.google.android.gms@14799037@14.7.99 (100400-223214910):10)
06-28 19:00:05.030  3093  5481 E NetRec  : 	at qpi.performRequest(:com.google.android.gms@14799037@14.7.99 (100400-223214910):13)
06-28 19:00:05.030  3093  5481 E NetRec  : 	at com.android.volley.NetworkDispatcher.a(:com.google.android.gms@14799037@14.7.99 (100400-223214910):6)
06-28 19:00:05.030  3093  5481 E NetRec  : 	at com.android.volley.NetworkDispatcher.run(:com.google.android.gms@14799037@14.7.99 (100400-223214910):2)
06-28 19:00:05.030  3093  5481 E NetRec  : Caused by: ppw: 29503: 
06-28 19:00:05.030  3093  5481 E NetRec  : 	at pvq.a(:com.google.android.gms@14799037@14.7.99 (100400-223214910):3)
06-28 19:00:05.030  3093  5481 E NetRec  : 	at akei.b(:com.google.android.gms@14799037@14.7.99 (100400-223214910):3)
06-28 19:00:05.030  3093  5481 E NetRec  : 	at akgx.a(:com.google.android.gms@14799037@14.7.99 (100400-223214910):7)
06-28 19:00:05.030  3093  5481 E NetRec  : 	at yax.a(:com.google.android.gms@14799037@14.7.99 (100400-223214910):5)
06-28 19:00:05.030  3093  5481 E NetRec  : 	at ybc.run(:com.google.android.gms@14799037@14.7.99 (100400-223214910):34)
06-28 19:00:05.030  3093  5481 E NetRec  : 	at beyi.run(:com.google.android.gms@14799037@14.7.99 (100400-223214910):2)
06-28 19:00:05.030  3093  5481 E NetRec  : 	at qwc.run(:com.google.android.gms@14799037@14.7.99 (100400-223214910):21)
06-28 19:00:05.030  3093  5481 E NetRec  : 	at java.util.concurrent.ThreadPoolExecutor.runWorker(ThreadPoolExecutor.java:1167)
06-28 19:00:05.030  3093  5481 E NetRec  : 	at java.util.concurrent.ThreadPoolExecutor$Worker.run(ThreadPoolExecutor.java:641)
06-28 19:00:05.030  3093  5481 E NetRec  : 	at rbx.run(Unknown Source:7)
06-28 19:00:05.030  3093  5481 E NetRec  : 	at java.lang.Thread.run(Thread.java:784)
06-28 19:00:05.030  3093  5481 W NetRec  : [256] ahqw.a: No server tokens extracted.
06-28 19:00:05.035 10359 10466 I chatty  : uid=10407(com.mixgo.PropertySEO) expire 4 lines
06-28 19:00:05.037  1114  1228 I ActivityManager: App 10407/com.mixgo.PropertySEO targets O+, restricted
06-28 19:00:05.040 10359 10367 I chatty  : uid=10407(com.mixgo.PropertySEO) expire 2 lines
06-28 19:00:05.041 10359 10489 I chatty  : uid=10407(com.mixgo.PropertySEO) expire 1 line
06-28 19:00:05.041  1114 10297 V BroadcastQueue: Finished with ordered broadcast BroadcastRecord{d94a2c0 u0 cn.jpush.android.intent.CONNECTION}
06-28 19:00:05.041  1114 10297 I ActivityManager: App 10407/com.mixgo.PropertySEO targets O+, restricted
06-28 19:00:05.043  1114 13295 I AlarmManager: remove alarm:Alarm{60399f type 0 when 1561719894698 PendingIntent{a6de68d: PendingIntentRecord{4969dcd com.mixgo.PropertySEO broadcastIntent}}com.mixgo.PropertySEO} according to operation:25ffbf9
06-28 19:00:05.043  1114 10297 V BroadcastQueue: Finished with ordered broadcast BroadcastRecord{d3a573e u0 cn.jpush.android.intent.ACTION_REPORT_HISTORY}
06-28 19:00:05.057 10359 10478 I chatty  : uid=10407(com.mixgo.PropertySEO) expire 2 lines
06-28 19:00:05.060  1952  2110 I PGAudioState: stop from audioTrack, pid:  sessionId: 2161
06-28 19:00:05.156   780  9105 I Pged-IPgedBinderService: ****action is 2, pid num is 2***
06-28 19:00:05.156   780  9105 I Pged-Freezer: thawPids
06-28 19:00:05.157  1952  2239 D PgedBinderAdapter: unfrz ok, pid: [30304]
06-28 19:00:05.192   646   646 E WifiHAL : enter wifi_get_link_stats
06-28 19:00:05.214  1114  1114 I HwNormalizedSpline: mOminLevelMode:Day getBrightnessLevel lux =470.0,mDefaultBrightness=44.726948,mOCount=11
06-28 19:00:05.306 10359 10496 I chatty  : uid=10407(com.mixgo.PropertySEO) expire 1 line
06-28 19:00:05.309  1114  8995 V ActivityManager: startProcess: name=com.google.android.webview:sandboxed_process0 app=null knownToBeDead=true thread=null pid=-1
06-28 19:00:05.316  1114  1225 I ActivityManager: Start proc 10499:com.google.android.webview:sandboxed_process0/u0i50 for webview_service com.mixgo.PropertySEO/org.chromium.content.app.SandboxedProcessService0
06-28 19:00:05.317  1114  1837 E ProcessInfoCollector: getProcessInfo: failed to find this proc 
06-28 19:00:05.320 10499 10499 I dboxed_process: Reinit property: dalvik.vm.checkjni= false
06-28 19:00:05.322 10499 10499 E dboxed_process: Not starting debugger since process cannot load the jdwp agent.
06-28 19:00:05.330 10499 10499 D ZrHung.AppEyeUiProbe: AppEyeUIP created.
06-28 19:00:05.332 10499 10499 D ActivityThread: Attach thread to application
06-28 19:00:05.344 10499 10499 W queued-work-loo: type=1400 audit(0.0:37973): avc: denied { read } for name="SharedRes" dev="sdd61" ino=2997 scontext=u:r:isolated_app:s0:c50,c256,c512,c768 tcontext=u:object_r:media_rw_data_file:s0 tclass=dir permissive=0
06-28 19:00:05.345  1114 13295 D ConnectivityService: requestNetwork for uid/pid:10407/10359 NetworkRequest [ TRACK_DEFAULT id=292, [ Capabilities: INTERNET&NOT_RESTRICTED&TRUSTED Uid: 10407] ]
06-28 19:00:05.346  1114  1568 D ConnectivityService: rematching NetworkAgentInfo [WIFI () - 104]
06-28 19:00:05.346  1114  1568 D ConnectivityService:  network has: [ Transports: WIFI Capabilities: NOT_METERED&INTERNET&NOT_RESTRICTED&TRUSTED&NOT_VPN&VALIDATED&NOT_ROAMING&FOREGROUND&NOT_CONGESTED&NOT_SUSPENDED LinkUpBandwidth>=1048576Kbps LinkDnBandwidth>=1048576Kbps SignalStrength: -50 SSID: "TP-LINK_2.4G_07A58B"]
06-28 19:00:05.346  1114  1568 D ConnectivityService: Network NetworkAgentInfo [WIFI () - 104] was already satisfying request 12. No change.
06-28 19:00:05.346  1114  1568 D ConnectivityService: Network NetworkAgentInfo [WIFI () - 104] was already satisfying request 1. No change.
06-28 19:00:05.346  1114  1568 D ConnectivityService: Network NetworkAgentInfo [WIFI () - 104] was already satisfying request 8. No change.
06-28 19:00:05.346  1114  1568 D ConnectivityService: Network NetworkAgentInfo [WIFI () - 104] was already satisfying request 5. No change.
06-28 19:00:05.346  1114  1568 D ConnectivityService: Network NetworkAgentInfo [WIFI () - 104] was already satisfying request 282. No change.
06-28 19:00:05.346  1114  1568 D ConnectivityService: currentScore = 0, newScore = 60
06-28 19:00:05.346  1114  1568 D ConnectivityService: rematch for NetworkAgentInfo [WIFI () - 104]
06-28 19:00:05.346  1114  1568 D ConnectivityService:    accepting network in place of null
06-28 19:00:05.346  1114  1568 D ConnectivityService: sending new Min Network Score(60): NetworkRequest [ TRACK_DEFAULT id=292, [ Capabilities: INTERNET&NOT_RESTRICTED&TRUSTED Uid: 10407] ]
06-28 19:00:05.346  1969  1969 D VSimPhoneSwitcherNetworkListener: got request NetworkRequest [ TRACK_DEFAULT id=292, [ Capabilities: INTERNET&NOT_RESTRICTED&TRUSTED Uid: 10407] ] with score 60
06-28 19:00:05.346  1969  1969 D PhoneSwitcherNetworkRequstListener: got request NetworkRequest [ TRACK_DEFAULT id=292, [ Capabilities: INTERNET&NOT_RESTRICTED&TRUSTED Uid: 10407] ] with score 60
06-28 19:00:05.346  1969  1969 D PhoneSwitcherNetworkRequstListener: got request NetworkRequest [ TRACK_DEFAULT id=292, [ Capabilities: INTERNET&NOT_RESTRICTED&TRUSTED Uid: 10407] ] with score 60
06-28 19:00:05.347  1114 13295 D ConnectivityService: listenForNetwork for uid/pid:10407/10359 NetworkRequest [ LISTEN id=293, [ Capabilities: INTERNET&NOT_RESTRICTED&TRUSTED Uid: 10407] ]
06-28 19:00:05.347  1114  1568 D ConnectivityService: rematching NetworkAgentInfo [WIFI () - 104]
06-28 19:00:05.347  1114  1568 D ConnectivityService:  network has: [ Transports: WIFI Capabilities: NOT_METERED&INTERNET&NOT_RESTRICTED&TRUSTED&NOT_VPN&VALIDATED&NOT_ROAMING&FOREGROUND&NOT_CONGESTED&NOT_SUSPENDED LinkUpBandwidth>=1048576Kbps LinkDnBandwidth>=1048576Kbps SignalStrength: -50 SSID: "TP-LINK_2.4G_07A58B"]
06-28 19:00:05.347  1114  1568 D ConnectivityService: Network NetworkAgentInfo [WIFI () - 104] was already satisfying request 12. No change.
06-28 19:00:05.347  1114  1568 D ConnectivityService: Network NetworkAgentInfo [WIFI () - 104] was already satisfying request 1. No change.
06-28 19:00:05.347  1114  1568 D ConnectivityService: Network NetworkAgentInfo [WIFI () - 104] was already satisfying request 8. No change.
06-28 19:00:05.347  1114  1568 D ConnectivityService: Network NetworkAgentInfo [WIFI () - 104] was already satisfying request 5. No change.
06-28 19:00:05.347  1114  1568 D ConnectivityService: Network NetworkAgentInfo [WIFI () - 104] was already satisfying request 282. No change.
06-28 19:00:05.347  1114  1568 D ConnectivityService: Network NetworkAgentInfo [WIFI () - 104] was already satisfying request 292. No change.
06-28 19:00:05.348  1969  1969 D VSimPhoneSwitcherNetworkListener: got request NetworkRequest [ TRACK_DEFAULT id=292, [ Capabilities: INTERNET&NOT_RESTRICTED&TRUSTED Uid: 10407] ] with score 60
06-28 19:00:05.356   504   504 E ServiceManager: try to find service failed, not allowed access from isolated processes.
06-28 19:00:05.356   504   504 E ServiceManager: try to find service failed, not allowed access from isolated processes.
06-28 19:00:05.356 10499 10499 I HwLogExceptionInner: Log blacklist 
06-28 19:00:05.357   504   504 E ServiceManager: try to find service failed, not allowed access from isolated processes.
06-28 19:00:05.358   504   504 E ServiceManager: try to find service failed, not allowed access from isolated processes.
06-28 19:00:05.361  1724  1724 I PhoneStatusBarView: mDelayedGetViewPositionOnScreen getLocationInWindow 0 0
06-28 19:00:05.361  1724  1724 I PhoneStatusBarView: mDelayedGetViewPositionOnScreen getLocationOnScreen 0 0
06-28 19:00:05.362 10499 10499 I LoadedApk: No resource references to update in package com.google.android.webview
06-28 19:00:05.362   504   504 E ServiceManager: try to find service failed, not allowed access from isolated processes.
06-28 19:00:05.364   504   504 E ServiceManager: try to find service failed, not allowed access from isolated processes.
06-28 19:00:05.364  1114 10297 D ConnectivityService: requestNetwork for uid/pid:10407/10359 NetworkRequest [ TRACK_DEFAULT id=294, [ Capabilities: INTERNET&NOT_RESTRICTED&TRUSTED Uid: 10407] ]
06-28 19:00:05.364 10499 10499 I AwareBitmapCacher: init processName:com.google.android.webview:sandboxed_process0 pid=10499 uid=99050
06-28 19:00:05.364  1114  1568 D ConnectivityService: rematching NetworkAgentInfo [WIFI () - 104]
06-28 19:00:05.364  1114  1568 D ConnectivityService:  network has: [ Transports: WIFI Capabilities: NOT_METERED&INTERNET&NOT_RESTRICTED&TRUSTED&NOT_VPN&VALIDATED&NOT_ROAMING&FOREGROUND&NOT_CONGESTED&NOT_SUSPENDED LinkUpBandwidth>=1048576Kbps LinkDnBandwidth>=1048576Kbps SignalStrength: -50 SSID: "TP-LINK_2.4G_07A58B"]
06-28 19:00:05.364  1114  1568 D ConnectivityService: Network NetworkAgentInfo [WIFI () - 104] was already satisfying request 12. No change.
06-28 19:00:05.364  1114  1568 D ConnectivityService: Network NetworkAgentInfo [WIFI () - 104] was already satisfying request 1. No change.
06-28 19:00:05.364  1114  1568 D ConnectivityService: Network NetworkAgentInfo [WIFI () - 104] was already satisfying request 8. No change.
06-28 19:00:05.364  1114  1568 D ConnectivityService: Network NetworkAgentInfo [WIFI () - 104] was already satisfying request 5. No change.
06-28 19:00:05.364  1114  1568 D ConnectivityService: Network NetworkAgentInfo [WIFI () - 104] was already satisfying request 282. No change.
06-28 19:00:05.364  1114  1568 D ConnectivityService: Network NetworkAgentInfo [WIFI () - 104] was already satisfying request 292. No change.
06-28 19:00:05.364  1114  1568 D ConnectivityService: currentScore = 0, newScore = 60
06-28 19:00:05.364  1114  1568 D ConnectivityService: rematch for NetworkAgentInfo [WIFI () - 104]
06-28 19:00:05.364  1114  1568 D ConnectivityService:    accepting network in place of null
06-28 19:00:05.364  1114  1568 D ConnectivityService: sending new Min Network Score(60): NetworkRequest [ TRACK_DEFAULT id=294, [ Capabilities: INTERNET&NOT_RESTRICTED&TRUSTED Uid: 10407] ]
06-28 19:00:05.364 10499 10521 E MemoryLeakMonitorManager: MemoryLeakMonitor.jar is not exist!
06-28 19:00:05.365  1114 10297 D ConnectivityService: listenForNetwork for uid/pid:10407/10359 NetworkRequest [ LISTEN id=295, [ Capabilities: INTERNET&NOT_RESTRICTED&TRUSTED Uid: 10407] ]
06-28 19:00:05.365  1969  1969 D VSimPhoneSwitcherNetworkListener: got request NetworkRequest [ TRACK_DEFAULT id=294, [ Capabilities: INTERNET&NOT_RESTRICTED&TRUSTED Uid: 10407] ] with score 60
06-28 19:00:05.365  1969  1969 D PhoneSwitcherNetworkRequstListener: got request NetworkRequest [ TRACK_DEFAULT id=294, [ Capabilities: INTERNET&NOT_RESTRICTED&TRUSTED Uid: 10407] ] with score 60
06-28 19:00:05.365  1969  1969 D PhoneSwitcherNetworkRequstListener: got request NetworkRequest [ TRACK_DEFAULT id=294, [ Capabilities: INTERNET&NOT_RESTRICTED&TRUSTED Uid: 10407] ] with score 60
06-28 19:00:05.365  1969  1969 D VSimPhoneSwitcherNetworkListener: got request NetworkRequest [ TRACK_DEFAULT id=294, [ Capabilities: INTERNET&NOT_RESTRICTED&TRUSTED Uid: 10407] ] with score 60
06-28 19:00:05.365  1114  1568 D ConnectivityService: rematching NetworkAgentInfo [WIFI () - 104]
06-28 19:00:05.365  1114  1568 D ConnectivityService:  network has: [ Transports: WIFI Capabilities: NOT_METERED&INTERNET&NOT_RESTRICTED&TRUSTED&NOT_VPN&VALIDATED&NOT_ROAMING&FOREGROUND&NOT_CONGESTED&NOT_SUSPENDED LinkUpBandwidth>=1048576Kbps LinkDnBandwidth>=1048576Kbps SignalStrength: -50 SSID: "TP-LINK_2.4G_07A58B"]
06-28 19:00:05.365  1114  1568 D ConnectivityService: Network NetworkAgentInfo [WIFI () - 104] was already satisfying request 12. No change.
06-28 19:00:05.365  1114  1568 D ConnectivityService: Network NetworkAgentInfo [WIFI () - 104] was already satisfying request 1. No change.
06-28 19:00:05.365  1114  1568 D ConnectivityService: Network NetworkAgentInfo [WIFI () - 104] was already satisfying request 8. No change.
06-28 19:00:05.365  1114  1568 D ConnectivityService: Network NetworkAgentInfo [WIFI () - 104] was already satisfying request 5. No change.
06-28 19:00:05.365  1114  1568 D ConnectivityService: Network NetworkAgentInfo [WIFI () - 104] was already satisfying request 282. No change.
06-28 19:00:05.365  1114  1568 D ConnectivityService: Network NetworkAgentInfo [WIFI () - 104] was already satisfying request 292. No change.
06-28 19:00:05.365  1114  1568 D ConnectivityService: Network NetworkAgentInfo [WIFI () - 104] was already satisfying request 294. No change.
06-28 19:00:05.366 10499 10499 I cr_ChildProcessService: Creating new ChildProcessService pid=10499
06-28 19:00:05.393 10359 10529 I chatty  : uid=10407(com.mixgo.PropertySEO) expire 1 line
06-28 19:00:05.404 10359 10518 I chatty  : uid=10407(com.mixgo.PropertySEO) expire 2 lines
06-28 19:00:05.405 10499 10519 E Parcel  : createBinderArrayList() errorinvalid N-1
06-28 19:00:05.407 10499 10527 I cr_LibraryLoader: Time to load native libraries: 0 ms (timestamps 4991-4991)
06-28 19:00:05.408 10359 10530 I chatty  : uid=10407(com.mixgo.PropertySEO) expire 17 lines
06-28 19:00:05.408 10499 10527 I chromium: [INFO:library_loader_hooks.cc(36)] Chromium logging enabled: level = 0, default verbosity = 0
06-28 19:00:05.409 10499 10527 I cr_LibraryLoader: Expected native library version number "71.0.3578.99", actual native library version number "71.0.3578.99"
06-28 19:00:05.458   635   635 I AISched common: Get_SDK_message {"gamePid":"10359","packageName":"com.mixgo.PropertySEO","threadNums":"1","keyTids":"[10408]","renderThread":"10408"}
06-28 19:00:05.458   635   635 I GameScheduler: GameSchedulerImpl::changeRenderTid - from 10359 to 10408
06-28 19:00:05.458   635   635 I GameScheduler: Tracked thread change from 10359 to 10408
06-28 19:00:05.500   635   635 I GameScheduler: GameSchedulerImpl::changeRenderTid - from 10408 to 10408
06-28 19:00:05.500   642  1038 E PF_PH   : [perfRequest:536] PerfRequest failed for pid 635
06-28 19:00:05.500   642  1038 E PF_GENIUS: [perfRequest] perfRequest failed.
06-28 19:00:05.500   635   635 E PF_CLIENT: [perfRequest] perfRequest failed
06-28 19:00:05.653  1114 10297 V WindowManager: addWindow: Window{30694aa u0 com.mixgo.PropertySEO/cn.jiguang.unity.push.UnityPluginActivity}
06-28 19:00:05.656  1114 10297 D PackageManager: resolve intent for uid:10407, matchs:3, res:ResolveInfo{95489b com.huawei.android.launcher/.unihome.UniHomeLauncher m=0x108000}
06-28 19:00:05.656 10359 10547 I chatty  : uid=10407(com.mixgo.PropertySEO) expire 1 line
06-28 19:00:05.660  1114  8995 I chatty  : uid=1000(system) Binder:1114_17 expire 65 lines
06-28 19:00:05.661  1114  1817 V WindowManager_visibility: updateAllDrawn Add AppWindowToken{13a99e9 token=Token{b404270 ActivityRecord{cbeacb3 u0 com.mixgo.PropertySEO/cn.jiguang.unity.push.UnityPluginActivity t233}}}
06-28 19:00:05.661  1114  1817 V WindowManager_visibility: updateAllDrawn allDrawn=false interesting=1 drawn=1 relaunchCount=0 for AppWindowToken{13a99e9 token=Token{b404270 ActivityRecord{cbeacb3 u0 com.mixgo.PropertySEO/cn.jiguang.unity.push.UnityPluginActivity t233}}}
06-28 19:00:05.669 10359 10546 I chatty  : uid=10407(com.mixgo.PropertySEO) expire 149 lines
06-28 19:00:05.671  1114  8995 D HwLocationManagerService: uid is 10407 , isWifiConn is true , isMobileConn is false
06-28 19:00:05.671  1114  8995 I HwNetworkPolicy: onTransact, code = 203
06-28 19:00:05.671  1114  8995 I HwNetworkPolicyManager: getHwUidPolicy uid = 10407 policy = 0
06-28 19:00:05.671  1114  8995 D HwLocationManagerService: policy is 0 , wifiAccess is true, mobileAccess is true
06-28 19:00:05.671  1114  8995 D HwLocationManagerService: wifiAvaiable is true , mobileAvailable is false
06-28 19:00:05.671   650  1522 I chatty  : uid=1000(system) Binder:650_5 expire 3 lines
06-28 19:00:05.671  1114  8995 I BackgroundPermManager: pkgName: com.mixgo.PropertySEO,pid: 10359 ,uidOf3RdApk: 10407 ,permType: 2 ,permCfg: 1
06-28 19:00:05.672   613  2641 I chatty  : uid=1000(system) HwBinder:613_3 expire 1 line
06-28 19:00:05.673 31509 31530 D ZrHung.AppEyeUiProbe: Current Activity:false
06-28 19:00:05.673  1114  1579 I chatty  : uid=1000(system) HwLbsLogger expire 5 lines
06-28 19:00:05.673 31509 31530 D ZrHung.AppEyeUiProbe: not watching, wait.
06-28 19:00:05.674   613  1029 I chatty  : uid=1000(system) HwBinder:613_1 expire 6 lines
06-28 19:00:05.676  1114  8995 D HwLocationManagerService: uid is 10407 , isWifiConn is true , isMobileConn is false
06-28 19:00:05.676  1114  8995 I HwNetworkPolicy: onTransact, code = 203
06-28 19:00:05.676  1114  8995 I HwNetworkPolicyManager: getHwUidPolicy uid = 10407 policy = 0
06-28 19:00:05.676  1114  8995 D HwLocationManagerService: policy is 0 , wifiAccess is true, mobileAccess is true
06-28 19:00:05.676  1114  8995 D HwLocationManagerService: wifiAvaiable is true , mobileAvailable is false
06-28 19:00:05.676  1900  1946 D NcDft_ServiceImpl: notifyNcDftEvent domain is : 0 ;eventID is: 31 ;List is [network, 6da1c11, com.mixgo.PropertySEO, apkstart, 1561719605676]
06-28 19:00:05.676  1900  2068 D NcDft_GnssDftManager: network pos is pending, not record apk name, just return. 
06-28 19:00:05.677  1114  8995 I BackgroundPermManager: pkgName: com.mixgo.PropertySEO,pid: 10359 ,uidOf3RdApk: 10407 ,permType: 2 ,permCfg: 1
06-28 19:00:05.677  1849  1861 I chatty  : uid=1000(system) Binder:1849_2 expire 3 lines
06-28 19:00:05.677  1900  1946 D NcDft_ServiceImpl: notifyNcDftEvent domain is : 0 ;eventID is: 0 ;List is [40000, network]
06-28 19:00:05.677  1900  2068 D NcDft_GnssDftManager:  mProvider : network , requestInterval40000
06-28 19:00:05.678  1900  2068 D NcDft_GnssDftManager: return !, mNetWorkFixPending : true
06-28 19:00:05.680  1114  1817 I NetworkStats: openSessionForUsageStats, pid = 1849, pkg = com.huawei.lbs
06-28 19:00:05.680  1114  1817 I NetworkStats: openSessionInternal,pid = 1849
06-28 19:00:05.680  1114  1817 I NetworkStats: performPollLocked, pid = 1114
06-28 19:00:05.680   650   650 I chatty  : uid=1000(system) /system/bin/surfaceflinger expire 401 lines
06-28 19:00:05.689  1114  1817 W NetworkStatsFactory: mStatsXtProcUid: /proc/net/comm/stats does not exist!
06-28 19:00:05.689  1114  1817 D HwNetworkStatsService: hwRecordUidAndProcSnapshotLocked currentTime = 1561719605680
06-28 19:00:05.693  1114  1817 I NetworkStatsFactory: javaReadNetworkStatsUidAndProcDetail. cost time = 3
06-28 19:00:05.701  1114  1817 D HwNetworkStatsService: hwMaybeUidAndProcPersistLocked currentTime = 1561719605680
06-28 19:00:05.704   589  2303 I ArHal   : (ar_data_get_state:1225):id[2]
06-28 19:00:05.705  2017  2247 E HSM_BG  : NatTrafficNotifyService:imsi is null, so return
06-28 19:00:05.706   589  2303 I ArHal   : (ar_data_get_state:1225):id[2]
06-28 19:00:05.709  1114  1812 D HwLocalLocationProvider: this loc is Better than Last Location
06-28 19:00:05.710  1900  1946 D NcDft_ServiceImpl: notifyNcDftEvent domain is : 0 ;eventID is: 29 ;List is [0]
06-28 19:00:05.713  1114 10550 D HwLocalLocationProvider: cellid is Exist, update  cellinfo to DB
06-28 19:00:05.713  1114 10550 D HwLocalLocationProvider: update loc to cell database
06-28 19:00:05.714  1114 10551 D HwLocalLocationProvider: update loc to bssid database
06-28 19:00:05.715   796  1102 I         : DPTEST  EventId is not need Hash
06-28 19:00:05.717  1114  1812 W ProcBatteryStats: timer is running , not start, name: android, uid: 1000, tag: *location*
06-28 19:00:05.721   788   788 D libgps  : proxy_gps_inject_location: called.
06-28 19:00:05.721  1900  1946 D NcDft_ServiceImpl: notifyNcDftEvent domain is : 0 ;eventID is: 24 ;List is [ref_location]
06-28 19:00:05.722 10359 10516 I chatty  : uid=10407(com.mixgo.PropertySEO) expire 1 line
06-28 19:00:05.722  1900  2068 D NcDft_GnssDftManager: handlerInjectExtraParam ref_location
06-28 19:00:05.723  1114  1812 W ProcBatteryStats: timer is not running , not stop, name: android, uid: 1000, tag: *location*
06-28 19:00:05.727  1114  1456 V WindowManager_visibility: updateAllDrawn Add AppWindowToken{13a99e9 token=Token{b404270 ActivityRecord{cbeacb3 u0 com.mixgo.PropertySEO/cn.jiguang.unity.push.UnityPluginActivity t233}}}
06-28 19:00:05.728  1114  1456 V WindowManager_visibility: updateAllDrawn allDrawn=false interesting=2 drawn=2 relaunchCount=0 for AppWindowToken{13a99e9 token=Token{b404270 ActivityRecord{cbeacb3 u0 com.mixgo.PropertySEO/cn.jiguang.unity.push.UnityPluginActivity t233}}}
06-28 19:00:05.917   642   702 W PF_SYS_WRAPPER: [sysOpenAndWriteStr:83] [CPU_B] write to /sys/devices/system/cpu/cpu4/cpufreq/scaling_max_freq failed, errno=22 (Invalid argument) 
06-28 19:00:05.918   642   703 W PF_SYS_WRAPPER: [sysOpenAndWriteStr:83] [GPU] write to /sys/class/devfreq/gpufreq/max_freq failed, errno=22 (Invalid argument) 
06-28 19:00:06.289  1114  1533 I chatty  : uid=1000(system) sManagerService expire 1 line
06-28 19:00:06.672  1900  1946 D NcDft_ServiceImpl: notifyNcDftEvent domain is : 0 ;eventID is: 31 ;List is [APKSTOPPROVIDER, 6da1c11, , apkstop, 1561719606672]
06-28 19:00:06.674  1114  2129 I BackgroundPermManager: pkgName: com.mixgo.PropertySEO,pid: 10359 ,uidOf3RdApk: 10407 ,permType: 2 ,permCfg: 0
06-28 19:00:06.676  1952  2110 D DeviceMonitor: GPS request stop:com.mixgo.PropertySEO pid:10359 interval(s): -1 reqId:6da1c11
06-28 19:00:06.687  1114  8995 I NetworkStats: openSessionForUsageStats, pid = 1849, pkg = com.huawei.lbs
06-28 19:00:06.687  1114  8995 I NetworkStats: openSessionInternal,pid = 1849
06-28 19:00:06.689  1114  8995 I NetworkStats: performPollLocked, pid = 1114
06-28 19:00:06.707  1114  8995 W NetworkStatsFactory: mStatsXtProcUid: /proc/net/comm/stats does not exist!
06-28 19:00:06.708  1114  8995 D HwNetworkStatsService: hwRecordUidAndProcSnapshotLocked currentTime = 1561719606688
06-28 19:00:06.718  1114  8995 I NetworkStatsFactory: javaReadNetworkStatsUidAndProcDetail. cost time = 9
06-28 19:00:06.721  1114  8995 D HwNetworkStatsService: hwMaybeUidAndProcPersistLocked currentTime = 1561719606688
06-28 19:00:06.729  1849  1849 D HwLBSService.HwNLPEngine: removeSDKLocation  
06-28 19:00:06.730  2017  2247 E HSM_BG  : NatTrafficNotifyService:imsi is null, so return
