06-28 15:35:24.805  1114  1114 D SecurityProfileDB:                 "digest_algorithm": "SHA-256",
06-28 15:35:24.805  1114  1114 D SecurityProfileDB:                 "digest": "8kAADpcRny0My5sa9TarBImvXnGs4epGshhmrbOt2Js=",
06-28 15:35:24.805  1114  1114 D SecurityProfileDB:                 "signature_scheme": "v2"
06-28 15:35:24.805  1114  1114 D SecurityProfileDB:             },
06-28 15:35:24.805  1114  1114 D SecurityProfileDB:             "rules": [],
06-28 15:35:24.805  1114  1114 D SecurityProfileDB:             "labels": [
06-28 15:35:24.805  1114  1114 D SecurityProfileDB:                 "NORMAL"
06-28 15:35:24.805  1114  1114 D SecurityProfileDB:             ]
06-28 15:35:24.805  1114  1114 D SecurityProfileDB:         },
06-28 15:35:24.805  1114  1114 D SecurityProfileDB:         "com.ximalaya.ting.android": {
06-28 15:35:24.805  1114  1114 D SecurityProfileDB:             "policy_version": 2,
06-28 15:35:24.805  1114  1114 D SecurityProfileDB:             "apk_digest": {
06-28 15:35:24.805  1114  1114 D SecurityProfileDB:                 "digest_algorithm": "SHA-256",
06-28 15:35:24.805  1114  1114 D SecurityProfileDB:                 "digest": "ltEwA2NUWdvMg5xpCVbO2OYvn5VUqmcGgsUQtvGID08=",
06-28 15:35:24.805  1114  1114 D SecurityProfileDB:                 "signature_scheme": "v2"
06-28 15:35:24.805  1114  1114 D SecurityProfileDB:             },
06-28 15:35:24.805  1114  1114 D SecurityProfileDB:             "rules": [],
06-28 15:35:24.805  1114  1114 D SecurityProfileDB:             "labels": [
06-28 15:35:24.805  1114  1114 D SecurityProfileDB:                 "NORMAL"
06-28 15:35:24.805  1114  1114 D SecurityProfileDB:             ]
06-28 15:35:24.805  1114  1114 D SecurityProfileDB:         },
06-28 15:35:24.805  1114  1114 D SecurityProfileDB:         "com.vmall.client": {
06-28 15:35:24.805  1114  1114 D SecurityProfileDB:             "policy_version": 3,
06-28 15:35:24.805  1114  1114 D SecurityProfileDB:             "apk_digest": {
06-28 15:35:24.805  1114  1114 D SecurityProfileDB:                 "digest_algorithm": "SHA-256",
06-28 15:35:24.805  1114  1114 D SecurityProfileDB:                 "digest": "MjshbEeBIuhNyAmxiJ8bUyQbdfOiMe4LVrdpyfyBLck=",
06-28 15:35:24.805  1114  1114 D SecurityProfileDB:                 "signature_scheme": "v2"
06-28 15:35:24.805  1114  1114 D SecurityProfileDB:             },
06-28 15:35:24.805  1114  1114 D SecurityProfileDB:             "rules": [],
06-28 15:35:24.805  1114  1114 D SecurityProfileDB:             "labels": [
06-28 15:35:24.805  1114  1114 D SecurityProfileDB:                 "NORMAL"
06-28 15:35:24.805  1114  1114 D SecurityProfileDB:             ]
06-28 15:35:24.805  1114  1114 D SecurityProfileDB:         },
06-28 15:35:24.805  1114  1114 D SecurityProfileDB:         "com.sankuai.meituan": {
06-28 15:35:24.805  1114  1114 D SecurityProfileDB:             "policy_version": 3,
06-28 15:35:24.805  1114  1114 D SecurityProfileDB:             "apk_digest": {
06-28 15:35:24.805  1114  1114 D SecurityProfileDB:                 "digest_algorithm": "SHA-256",
06-28 15:35:24.805  1114  1114 D SecurityProfileDB:                 "digest": "DKU1i0LxsGMELL1XP+nvBf2tmfscYNMyOD1Wcn81I\/g=",
06-28 15:35:24.805  1114  1114 D SecurityProfileDB:                 "signature_scheme": "v2"
06-28 15:35:24.805  1114  1114 D SecurityProfileDB:             },
06-28 15:35:24.805  1114  1114 D SecurityProfileDB:             "rules": [],
06-28 15:35:24.805  1114  1114 D SecurityProfileDB:             "labels": [
06-28 15:35:24.805  1114  1114 D SecurityProfileDB:                 "NORMAL"
06-28 15:35:24.805  1114  1114 D SecurityProfileDB:             ]
06-28 15:35:24.805  1114  1114 D SecurityProfileDB:         },
06-28 15:35:24.805  1114  1114 D SecurityProfileDB:         "com.sina.weibo": {
06-28 15:35:24.805  1114  1114 D SecurityProfileDB:             "policy_version": 2,
06-28 15:35:24.805  1114  1114 D SecurityProfileDB:             "apk_digest": {
06-28 15:35:24.805  1114  1114 D SecurityProfileDB:                 "digest_algorithm": "SHA-256",
06-28 15:35:24.805  1114  1114 D SecurityProfileDB:                 "digest": "l944bQfPHpM2fV55AYaYSJEECMdSHqTgLq9mpTzbsdM=",
06-28 15:35:24.805  1114  1114 D SecurityProfileDB:                 "signature_scheme": "v1_manifest"
06-28 15:35:24.805  1114  1114 D SecurityProfileDB:             },
06-28 15:35:24.805  1114  1114 D SecurityProfileDB:             "rules": [],
06-28 15:35:24.805  1114  1114 D SecurityProfileDB:             "labels": [
06-28 15:35:24.805  1114  1114 D SecurityProfileDB:                 "NORMAL"
06-28 15:35:24.805  1114  1114 D SecurityProfileDB:             ]
06-28 15:35:24.805  1114  1114 D SecurityProfileDB:         },
06-28 15:35:24.805  1114  1114 D SecurityProfileDB:         "com.jingdong.app.mall": {
06-28 15:35:24.805  1114  1114 D SecurityProfileDB:             "policy_version": 5,
06-28 15:35:24.805  1114  1114 D SecurityProfileDB:             "apk_digest": {
06-28 15:35:24.805  1114  1114 D SecurityProfileDB:                 "digest_algorithm": "SHA-256",
06-28 15:35:24.805  1114  1114 D SecurityProfileDB:                 "digest": "99vPRWT72SI4wpJtYTyp73R7n8DsnfCYKdJeFo\/XwQ4=",
06-28 15:35:24.805  1114  1114 D SecurityProfileDB:                 "signature_scheme": "v2"
06-28 15:35:24.805  1114  1114 D SecurityProfileDB:             },
06-28 15:35:24.805  1114  1114 D SecurityProfileDB:             "rules": [],
06-28 15:35:24.805  1114  1114 D SecurityProfileDB:             "labels": [
06-28 15:35:24.805  1114  1114 D SecurityProfileDB:                 "NORMAL"
06-28 15:35:24.805  1114  1114 D SecurityProfileDB:             ]
06-28 15:35:24.805  1114  1114 D SecurityProfileDB:         },
06-28 15:35:24.805  1114  1114 D SecurityProfileDB:         "com.huawei.skytone": {
06-28 15:35:24.805  1114  1114 D SecurityProfileDB:             "policy_version": 5,
06-28 15:35:24.805  1114  1114 D SecurityProfileDB:             "apk_digest": {
06-28 15:35:24.805  1114  1114 D SecurityProfileDB:                 "digest_algorithm": "SHA-256",
06-28 15:35:24.805  1114  1114 D SecurityProfileDB:                 "digest": "bQkvtDA621g+R22lmNBqKIBF1uTK9VrNkTR2wBkOVlo=",
06-28 15:35:24.805  1114  1114 D SecurityProfileDB:                 "signature_scheme": "v1_manifest"
06-28 15:35:24.805  1114  1114 D SecurityProfileDB:             },
06-28 15:35:24.805  1114  1114 D SecurityProfileDB:             "rules": [],
06-28 15:35:24.805  1114  1114 D SecurityProfileDB:             "labels": [
06-28 15:35:24.805  1114  1114 D SecurityProfileDB:                 "NORMAL"
06-28 15:35:24.805  1114  1114 D SecurityProfileDB:             ]
06-28 15:35:24.805  1114  1114 D SecurityProfileDB:         },
06-28 15:35:24.805  1114  1114 D SecurityProfileDB:         "com.netease.cloudmusic": {
06-28 15:35:24.805  1114  1114 D SecurityProfileDB:             "policy_version": 2,
06-28 15:35:24.805  1114  1114 D SecurityProfileDB:             "apk_digest": {
06-28 15:35:24.805  1114  1114 D SecurityProfileDB:                 "digest_algorithm": "SHA-256",
06-28 15:35:24.805  1114  1114 D SecurityProfileDB:                 "digest": "AyxPO+T8EMGK\/g8wVSPiiO2znTSj\/u2HjrUHL94IaQI=",
06-28 15:35:24.805  1114  1114 D SecurityProfileDB:                 "signature_scheme": "v2"
06-28 15:35:24.805  1114  1114 D SecurityProfileDB:             },
06-28 15:35:24.805  1114  1114 D SecurityProfileDB:             "rules": [],
06-28 15:35:24.805  1114  1114 D SecurityProfileDB:             "labels": [
06-28 15:35:24.805  1114  1114 D SecurityProfileDB:                 "NORMAL"
06-28 15:35:24.805  1114  1114 D SecurityProfileDB:             ]
06-28 15:35:24.805  1114  1114 D SecurityProfileDB:         },
06-28 15:35:24.805  1114  1114 D SecurityProfileDB:         "com.taobao.taobao": {
06-28 15:35:24.805  1114  1114 D SecurityProfileDB:             "policy_version": 3,
06-28 15:35:24.805  1114  1114 D SecurityProfileDB:             "apk_digest": {
06-28 15:35:24.805  1114  1114 D SecurityProfileDB:                 "digest_algorithm": "SHA-256",
06-28 15:35:24.805  1114  1114 D SecurityProfileDB:                 "digest": "Yc7yPxAixudfqvGFqS0oj7SvZRpuvuvMlU44navCvW8=",
06-28 15:35:24.805  1114  1114 D SecurityProfileDB:                 "signature_scheme": "v2"
06-28 15:35:24.805  1114  1114 D SecurityProfileDB:             },
06-28 15:35:24.805  1114  1114 D SecurityProfileDB:             "rules": [],
06-28 15:35:24.805  1114  1114 D SecurityProfileDB:             "labels": [
06-28 15:35:24.805  1114  1114 D SecurityProfileDB:                 "NORMAL"
06-28 15:35:24.805  1114  1114 D SecurityProfileDB:             ]
06-28 15:35:24.805  1114  1114 D SecurityProfileDB:         },
06-28 15:35:24.805  1114  1114 D SecurityProfileDB:         "com.microsoft.translator": {
06-28 15:35:24.805  1114  1114 D SecurityProfileDB:             "policy_version": 3,
06-28 15:35:24.805  1114  1114 D SecurityProfileDB:             "apk_digest": {
06-28 15:35:24.805  1114  1114 D SecurityProfileDB:                 "digest_algorithm": "SHA-256",
06-28 15:35:24.805  1114  1114 D SecurityProfileDB:                 "digest": "h7kdJ8VdY8vQT9aOfNo\/9PNwLECu4pmbofPgVoqUMM0=",
06-28 15:35:24.805  1114  1114 D SecurityProfileDB:                 "signature_scheme": "v1_manifest"
06-28 15:35:24.805  1114  1114 D SecurityProfileDB:             },
06-28 15:35:24.805  1114  1114 D SecurityProfileDB:             "rules": [],
06-28 15:35:24.805  1114  1114 D SecurityProfileDB:             "labels": [
06-28 15:35:24.805  1114  1114 D SecurityProfileDB:                 "NORMAL"
06-28 15:35:24.805  1114  1114 D SecurityProfileDB:             ]
06-28 15:35:24.805  1114  1114 D SecurityProfileDB:         },
06-28 15:35:24.805  1114  1114 D SecurityProfileDB:         "com.ss.android.article.news": {
06-28 15:35:24.805  1114  1114 D SecurityProfileDB:             "policy_version": 5,
06-28 15:35:24.805  1114  1114 D SecurityProfileDB:             "apk_digest": {
06-28 15:35:24.805  1114  1114 D SecurityProfileDB:                 "digest_algorithm": "SHA-256",
06-28 15:35:24.805  1114  1114 D SecurityProfileDB:                 "digest": "lUcykKsy6QxUGySDftJZyPcPXJR90W3wbtmKuHFjPGI=",
06-28 15:35:24.805  1114  1114 D SecurityProfileDB:                 "signature_scheme
06-28 15:35:24.805  3216  3235 E NxpApduServiceInfo: SE extension not present, Setting default offhost seID
06-28 15:35:24.806  3045  3045 D NxpAidGroup: Non Empty aid group creation
06-28 15:35:24.806  3045  3045 I chatty  : uid=1027(nfc) com.android.nfc identical 2 lines
06-28 15:35:24.807  3045  3045 D NxpAidGroup: Non Empty aid group creation
06-28 15:35:24.807  1993  1993 W System.err: java.lang.NullPointerException: null receiver
06-28 15:35:24.807  1993  1993 W System.err: 	at java.lang.reflect.Field.get(Native Method)
06-28 15:35:24.807  1993  1993 W System.err: 	at com.huawei.android.launcher.LauncherHelper.getFieldValue(LauncherHelper.java:101)
06-28 15:35:24.807  1993  1993 W System.err: 	at com.huawei.android.launcher.ShortcutInfo.isUninstallable(ShortcutInfo.java:454)
06-28 15:35:24.807  1993  1993 W System.err: 	at com.huawei.android.launcher.ShortcutInfo.isAppUninstallable(ShortcutInfo.java:490)
06-28 15:35:24.807  1993  1993 W System.err: 	at com.huawei.android.launcher.Workspace$10.run(Workspace.java:5681)
06-28 15:35:24.807  1993  1993 W System.err: 	at android.os.Handler.handleCallback(Handler.java:891)
06-28 15:35:24.808  1993  1993 W System.err: 	at android.os.Handler.dispatchMessage(Handler.java:102)
06-28 15:35:24.808  1993  1993 W System.err: 	at android.os.Looper.loop(Looper.java:207)
06-28 15:35:24.808  1993  1993 W System.err: 	at android.app.ActivityThread.main(ActivityThread.java:7470)
06-28 15:35:24.808  1993  1993 W System.err: 	at java.lang.reflect.Method.invoke(Native Method)
06-28 15:35:24.808  3045  3045 D NxpAidGroup: Non Empty aid group creation
06-28 15:35:24.808  1993  1993 W System.err: 	at com.android.internal.os.RuntimeInit$MethodAndArgsCaller.run(RuntimeInit.java:524)
06-28 15:35:24.808  1993  1993 W System.err: 	at com.android.internal.os.ZygoteInit.main(ZygoteInit.java:958)
06-28 15:35:24.819  1114  2564 I chatty  : uid=1000(system) Binder:1114_D expire 2 lines
06-28 15:35:24.825  6701  6701 E [HwRecSys]PackageRecevier: pkg is not hiboard or intelligent
06-28 15:35:24.859  1114  1114 D SecurityProfileUtils: getInstalledApkPath name not found,packageName:com.mixgo.PropertySEO,userId:0
06-28 15:35:24.859  1114  1114 I SecurityProfileService: update PackageSigned Info Action:remove, packageName:com.mixgo.PropertySEO
06-28 15:35:24.860  1114  1114 D SecurityProfileDB: writing: {
06-28 15:35:24.860  1114  1114 D SecurityProfileDB:     "overlay_labels": {},
06-28 15:35:24.860  1114  1114 D SecurityProfileDB:     "domains": {
06-28 15:35:24.860  1114  1114 D SecurityProfileDB:         "com.huawei.smarthome": {
06-28 15:35:24.860  1114  1114 D SecurityProfileDB:             "policy_version": 6,
06-28 15:35:24.860  1114  1114 D SecurityProfileDB:             "apk_digest": {
06-28 15:35:24.860  1114  1114 D SecurityProfileDB:                 "digest_algorithm": "SHA-256",
06-28 15:35:24.860  1114  1114 D SecurityProfileDB:                 "digest": "8kAADpcRny0My5sa9TarBImvXnGs4epGshhmrbOt2Js=",
06-28 15:35:24.860  1114  1114 D SecurityProfileDB:                 "signature_scheme": "v2"
06-28 15:35:24.860  1114  1114 D SecurityProfileDB:             },
06-28 15:35:24.860  1114  1114 D SecurityProfileDB:             "rules": [],
06-28 15:35:24.860  1114  1114 D SecurityProfileDB:             "labels": [
06-28 15:35:24.860  1114  1114 D SecurityProfileDB:                 "NORMAL"
06-28 15:35:24.860  1114  1114 D SecurityProfileDB:             ]
06-28 15:35:24.860  1114  1114 D SecurityProfileDB:         },
06-28 15:35:24.860  1114  1114 D SecurityProfileDB:         "com.ximalaya.ting.android": {
06-28 15:35:24.860  1114  1114 D SecurityProfileDB:             "policy_version": 2,
06-28 15:35:24.860  1114  1114 D SecurityProfileDB:             "apk_digest": {
06-28 15:35:24.860  1114  1114 D SecurityProfileDB:                 "digest_algorithm": "SHA-256",
06-28 15:35:24.860  1114  1114 D SecurityProfileDB:                 "digest": "ltEwA2NUWdvMg5xpCVbO2OYvn5VUqmcGgsUQtvGID08=",
06-28 15:35:24.860  1114  1114 D SecurityProfileDB:                 "signature_scheme": "v2"
06-28 15:35:24.860  1114  1114 D SecurityProfileDB:             },
06-28 15:35:24.860  1114  1114 D SecurityProfileDB:             "rules": [],
06-28 15:35:24.860  1114  1114 D SecurityProfileDB:             "labels": [
06-28 15:35:24.860  1114  1114 D SecurityProfileDB:                 "NORMAL"
06-28 15:35:24.860  1114  1114 D SecurityProfileDB:             ]
06-28 15:35:24.860  1114  1114 D SecurityProfileDB:         },
06-28 15:35:24.860  1114  1114 D SecurityProfileDB:         "com.vmall.client": {
06-28 15:35:24.860  1114  1114 D SecurityProfileDB:             "policy_version": 3,
06-28 15:35:24.860  1114  1114 D SecurityProfileDB:             "apk_digest": {
06-28 15:35:24.860  1114  1114 D SecurityProfileDB:                 "digest_algorithm": "SHA-256",
06-28 15:35:24.860  1114  1114 D SecurityProfileDB:                 "digest": "MjshbEeBIuhNyAmxiJ8bUyQbdfOiMe4LVrdpyfyBLck=",
06-28 15:35:24.860  1114  1114 D SecurityProfileDB:                 "signature_scheme": "v2"
06-28 15:35:24.860  1114  1114 D SecurityProfileDB:             },
06-28 15:35:24.860  1114  1114 D SecurityProfileDB:             "rules": [],
06-28 15:35:24.860  1114  1114 D SecurityProfileDB:             "labels": [
06-28 15:35:24.860  1114  1114 D SecurityProfileDB:                 "NORMAL"
06-28 15:35:24.860  1114  1114 D SecurityProfileDB:             ]
06-28 15:35:24.860  1114  1114 D SecurityProfileDB:         },
06-28 15:35:24.860  1114  1114 D SecurityProfileDB:         "com.sankuai.meituan": {
06-28 15:35:24.860  1114  1114 D SecurityProfileDB:             "policy_version": 3,
06-28 15:35:24.860  1114  1114 D SecurityProfileDB:             "apk_digest": {
06-28 15:35:24.860  1114  1114 D SecurityProfileDB:                 "digest_algorithm": "SHA-256",
06-28 15:35:24.860  1114  1114 D SecurityProfileDB:                 "digest": "DKU1i0LxsGMELL1XP+nvBf2tmfscYNMyOD1Wcn81I\/g=",
06-28 15:35:24.860  1114  1114 D SecurityProfileDB:                 "signature_scheme": "v2"
06-28 15:35:24.860  1114  1114 D SecurityProfileDB:             },
06-28 15:35:24.860  1114  1114 D SecurityProfileDB:             "rules": [],
06-28 15:35:24.860  1114  1114 D SecurityProfileDB:             "labels": [
06-28 15:35:24.860  1114  1114 D SecurityProfileDB:                 "NORMAL"
06-28 15:35:24.860  1114  1114 D SecurityProfileDB:             ]
06-28 15:35:24.860  1114  1114 D SecurityProfileDB:         },
06-28 15:35:24.860  1114  1114 D SecurityProfileDB:         "com.sina.weibo": {
06-28 15:35:24.860  1114  1114 D SecurityProfileDB:             "policy_version": 2,
06-28 15:35:24.860  1114  1114 D SecurityProfileDB:             "apk_digest": {
06-28 15:35:24.860  1114  1114 D SecurityProfileDB:                 "digest_algorithm": "SHA-256",
06-28 15:35:24.860  1114  1114 D SecurityProfileDB:                 "digest": "l944bQfPHpM2fV55AYaYSJEECMdSHqTgLq9mpTzbsdM=",
06-28 15:35:24.860  1114  1114 D SecurityProfileDB:                 "signature_scheme": "v1_manifest"
06-28 15:35:24.860  1114  1114 D SecurityProfileDB:             },
06-28 15:35:24.860  1114  1114 D SecurityProfileDB:             "rules": [],
06-28 15:35:24.860  1114  1114 D SecurityProfileDB:             "labels": [
06-28 15:35:24.860  1114  1114 D SecurityProfileDB:                 "NORMAL"
06-28 15:35:24.860  1114  1114 D SecurityProfileDB:             ]
06-28 15:35:24.860  1114  1114 D SecurityProfileDB:         },
06-28 15:35:24.860  1114  1114 D SecurityProfileDB:         "com.jingdong.app.mall": {
06-28 15:35:24.860  1114  1114 D SecurityProfileDB:             "policy_version": 5,
06-28 15:35:24.860  1114  1114 D SecurityProfileDB:             "apk_digest": {
06-28 15:35:24.860  1114  1114 D SecurityProfileDB:                 "digest_algorithm": "SHA-256",
06-28 15:35:24.860  1114  1114 D SecurityProfileDB:                 "digest": "99vPRWT72SI4wpJtYTyp73R7n8DsnfCYKdJeFo\/XwQ4=",
06-28 15:35:24.860  1114  1114 D SecurityProfileDB:                 "signature_scheme": "v2"
06-28 15:35:24.860  1114  1114 D SecurityProfileDB:             },
06-28 15:35:24.860  1114  1114 D SecurityProfileDB:             "rules": [],
06-28 15:35:24.860  1114  1114 D SecurityProfileDB:             "labels": [
06-28 15:35:24.860  1114  1114 D SecurityProfileDB:                 "NORMAL"
06-28 15:35:24.860  1114  1114 D SecurityProfileDB:             ]
06-28 15:35:24.860  1114  1114 D SecurityProfileDB:         },
06-28 15:35:24.860  1114  1114 D SecurityProfileDB:         "com.huawei.skytone": {
06-28 15:35:24.860  1114  1114 D SecurityProfileDB:             "policy_version": 5,
06-28 15:35:24.860  1114  1114 D SecurityProfileDB:             "apk_digest": {
06-28 15:35:24.860  1114  1114 D SecurityProfileDB:                 "digest_algorithm": "SHA-256",
06-28 15:35:24.860  1114  1114 D SecurityProfileDB:                 "digest": "bQkvtDA621g+R22lmNBqKIBF1uTK9VrNkTR2wBkOVlo=",
06-28 15:35:24.860  1114  1114 D SecurityProfileDB:                 "signature_scheme": "v1_manifest"
06-28 15:35:24.860  1114  1114 D SecurityProfileDB:             },
06-28 15:35:24.860  1114  1114 D SecurityProfileDB:             "rules": [],
06-28 15:35:24.860  1114  1114 D SecurityProfileDB:             "labels": [
06-28 15:35:24.860  1114  1114 D SecurityProfileDB:                 "NORMAL"
06-28 15:35:24.860  1114  1114 D SecurityProfileDB:             ]
06-28 15:35:24.860  1114  1114 D SecurityProfileDB:         },
06-28 15:35:24.860  1114  1114 D SecurityProfileDB:         "com.netease.cloudmusic": {
06-28 15:35:24.860  1114  1114 D SecurityProfileDB:             "policy_version": 2,
06-28 15:35:24.860  1114  1114 D SecurityProfileDB:             "apk_digest": {
06-28 15:35:24.860  1114  1114 D SecurityProfileDB:                 "digest_algorithm": "SHA-256",
06-28 15:35:24.860  1114  1114 D SecurityProfileDB:                 "digest": "AyxPO+T8EMGK\/g8wVSPiiO2znTSj\/u2HjrUHL94IaQI=",
06-28 15:35:24.860  1114  1114 D SecurityProfileDB:                 "signature_scheme": "v2"
06-28 15:35:24.860  1114  1114 D SecurityProfileDB:             },
06-28 15:35:24.860  1114  1114 D SecurityProfileDB:             "rules": [],
06-28 15:35:24.860  1114  1114 D SecurityProfileDB:             "labels": [
06-28 15:35:24.860  1114  1114 D SecurityProfileDB:                 "NORMAL"
06-28 15:35:24.860  1114  1114 D SecurityProfileDB:             ]
06-28 15:35:24.860  1114  1114 D SecurityProfileDB:         },
06-28 15:35:24.860  1114  1114 D SecurityProfileDB:         "com.taobao.taobao": {
06-28 15:35:24.860  1114  1114 D SecurityProfileDB:             "policy_version": 3,
06-28 15:35:24.860  1114  1114 D SecurityProfileDB:             "apk_digest": {
06-28 15:35:24.860  1114  1114 D SecurityProfileDB:                 "digest_algorithm": "SHA-256",
06-28 15:35:24.860  1114  1114 D SecurityProfileDB:                 "digest": "Yc7yPxAixudfqvGFqS0oj7SvZRpuvuvMlU44navCvW8=",
06-28 15:35:24.860  1114  1114 D SecurityProfileDB:                 "signature_scheme": "v2"
06-28 15:35:24.860  1114  1114 D SecurityProfileDB:             },
06-28 15:35:24.860  1114  1114 D SecurityProfileDB:             "rules": [],
06-28 15:35:24.860  1114  1114 D SecurityProfileDB:             "labels": [
06-28 15:35:24.860  1114  1114 D SecurityProfileDB:                 "NORMAL"
06-28 15:35:24.860  1114  1114 D SecurityProfileDB:             ]
06-28 15:35:24.860  1114  1114 D SecurityProfileDB:         },
06-28 15:35:24.860  1114  1114 D SecurityProfileDB:         "com.microsoft.translator": {
06-28 15:35:24.860  1114  1114 D SecurityProfileDB:             "policy_version": 3,
06-28 15:35:24.860  1114  1114 D SecurityProfileDB:             "apk_digest": {
06-28 15:35:24.860  1114  1114 D SecurityProfileDB:                 "digest_algorithm": "SHA-256",
06-28 15:35:24.860  1114  1114 D SecurityProfileDB:                 "digest": "h7kdJ8VdY8vQT9aOfNo\/9PNwLECu4pmbofPgVoqUMM0=",
06-28 15:35:24.860  1114  1114 D SecurityProfileDB:                 "signature_scheme": "v1_manifest"
06-28 15:35:24.860  1114  1114 D SecurityProfileDB:             },
06-28 15:35:24.860  1114  1114 D SecurityProfileDB:             "rules": [],
06-28 15:35:24.860  1114  1114 D SecurityProfileDB:             "labels": [
06-28 15:35:24.860  1114  1114 D SecurityProfileDB:                 "NORMAL"
06-28 15:35:24.860  1114  1114 D SecurityProfileDB:             ]
06-28 15:35:24.860  1114  1114 D SecurityProfileDB:         },
06-28 15:35:24.860  1114  1114 D SecurityProfileDB:         "com.ss.android.article.news": {
06-28 15:35:24.860  1114  1114 D SecurityProfileDB:             "policy_version": 5,
06-28 15:35:24.860  1114  1114 D SecurityProfileDB:             "apk_digest": {
06-28 15:35:24.860  1114  1114 D SecurityProfileDB:                 "digest_algorithm": "SHA-256",
06-28 15:35:24.860  1114  1114 D SecurityProfileDB:                 "digest": "lUcykKsy6QxUGySDftJZyPcPXJR90W3wbtmKuHFjPGI=",
06-28 15:35:24.860  1114  1114 D SecurityProfileDB:                 "signature_scheme
06-28 15:35:24.867  1114  6160 V HwNotificationManagerService: Notification db cfg changed
06-28 15:35:24.872  3662 24035 I PeopleContactsSync: triggerPendingContactsCleanup: no accounts
06-28 15:35:24.875  3662  3993 D WorkSource: i1=1 i2=0 N1=1: insert 10356 com.mixgo.PropertySEO
06-28 15:35:24.876  3662  3993 D WorkSource: Insert in WorkSource{10021 com.google.android.gms} @ 1 uid 10356 name com.mixgo.PropertySEO
06-28 15:35:24.877  1114  6160 E PowerManagerService: Exception when search wack lock :java.lang.IllegalArgumentException: Wake lock not active: android.os.BinderProxy@d1de6ed from uid 10021
06-28 15:35:24.879  3501  3501 W ContextImpl: Calling a method in the system process without a qualified user: android.app.ContextImpl.startService:1796 android.content.ContextWrapper.startService:664 android.content.ContextWrapper.startService:664 com.huawei.systemmanager.antivirus.utils.AntiVirusTools.deleteVirusApk:723 com.huawei.systemmanager.antivirus.AntiVirusReceiver.handlerPackageRemoved:55 
06-28 15:35:24.884  3501  3573 E HSM_UI  : BatteryStatisticsHelper:updateBatteryInfos function exception.
06-28 15:35:24.886  1724  1724 W NotificationViewHierarchyManager: updateNotificationShade activeNotificationSize=3;hasFaceDT: false; Detected:false
06-28 15:35:24.887  3662 24029 I LocationSettingsChecker: Removing dialog suppression flag for package com.mixgo.PropertySEO
06-28 15:35:24.891  2017  2040 W HSM_SEC_BG: PermissionDBAdapter:remove from runtim table:com.mixgo.PropertySEO, not deleted.
06-28 15:35:24.892  1724  1724 W HwKeyguardDragHelper: AnimationBlocked 
06-28 15:35:24.893  3662 11385 I RealtimeCacheCleanup: Beginning Realtime garbage collection.
06-28 15:35:24.895  3662  4500 I Icing   : IndexChimeraService.getServiceInterface callingPackage=com.google.android.gms componentName=AppsCorpus serviceId=32
06-28 15:35:24.906  3501  3586 W ContextImpl: Calling a method in the system process without a qualified user: android.app.ContextImpl.startService:1796 android.content.ContextWrapper.startService:664 com.huawei.systemmanager.spacecleanner.receiver.SpaceCleanReceiver.checkRarelyUsedApp:100 com.huawei.systemmanager.spacecleanner.receiver.SpaceCleanReceiver.doInBackground:46 java.lang.reflect.Method.invoke:-2 
06-28 15:35:24.909  3662  3768 I Icing   : IndexChimeraService.getServiceInterface callingPackage=com.google.android.gms componentName=AppsCorpus serviceId=36
06-28 15:35:24.912   780   780 W iaware  : type=1400 audit(0.0:35319): avc: denied { dac_override } for capability=1 scontext=u:r:hwpged:s0 tcontext=u:r:hwpged:s0 tclass=capability permissive=0
06-28 15:35:24.912   780   780 W iaware  : type=1400 audit(0.0:35320): avc: denied { dac_read_search } for capability=2 scontext=u:r:hwpged:s0 tcontext=u:r:hwpged:s0 tclass=capability permissive=0
06-28 15:35:24.913  1114  1114 D NetdConnector: SND -> {2020 network permission user clear 10396}
06-28 15:35:24.913  2017  2017 E HSM_BG  : AppCleanUpService:msg is 1
06-28 15:35:24.914  1114  1555 D NetdConnector: RCV <- {200 2020 success}
06-28 15:35:24.914  1114  1555 D NetdConnector: RCV <- {200 2020 success}
06-28 15:35:24.915  1114  1737 W BroadcastQueue: Background execution not allowed: receiving Intent { act=android.intent.action.PACKAGE_REMOVED dat=package:com.mixgo.PropertySEO flg=0x4000010 (has extras) } to com.ss.android.article.video/com.taobao.agoo.AgooCommondReceiver
06-28 15:35:24.919   780   805 D AwareLog: iawared: workingset_process_command subCmd = 355, uid=10396, pid=0, com.mixgo.PropertySEO
06-28 15:35:24.919   780   805 D AwareLog: iawared: workingsetSendClearMsg com.mixgo.PropertySEO
06-28 15:35:24.919   780   857 E AwareLog: iawared: workingset_path_check Failed to lstat(/data/system/iaware/workingset/): Permission denied
06-28 15:35:24.919   780   857 E AwareLog: iawared: workingset_path_check Failed to create directory(/data/system/iaware/workingset/): Permission denied
06-28 15:35:24.919  3501  3584 W HSM_UI  : HsmPackageManager:doAppRemoved, can't find apk :com.mixgo.PropertySEO, resan all apk.
06-28 15:35:24.919  1114  1222 W BroadcastQueue: Background execution not allowed: receiving Intent { act=android.intent.action.PACKAGE_REMOVED dat=package:com.mixgo.PropertySEO flg=0x4000010 (has extras) } to com.ss.android.article.video/com.aliyun.AliyunMessageReceiver
06-28 15:35:24.920  1114  1222 W BroadcastQueue: Background execution not allowed: receiving Intent { act=android.intent.action.PACKAGE_REMOVED dat=package:com.mixgo.PropertySEO flg=0x4000010 (has extras) } to com.ss.android.article.video/com.huawei.android.pushagent.PushEventReceiver
06-28 15:35:24.920  1114  1222 W BroadcastQueue: Background execution not allowed: receiving Intent { act=android.intent.action.PACKAGE_REMOVED dat=package:com.mixgo.PropertySEO flg=0x4000010 (has extras) } to com.ss.android.article.video/com.taobao.accs.EventReceiver
06-28 15:35:24.920  1114  1222 W BroadcastQueue: Background execution not allowed: receiving Intent { act=android.intent.action.PACKAGE_REMOVED dat=package:com.mixgo.PropertySEO flg=0x4000010 (has extras) } to com.ss.android.article.video/com.ss.android.message.MessageReceiver
06-28 15:35:24.920  1114  1114 D WifiService: onReceive, action:android.intent.action.PACKAGE_FULLY_REMOVED
06-28 15:35:24.920  1114  1114 D WifiService: onReceive, action:android.intent.action.PACKAGE_FULLY_REMOVED no handle
06-28 15:35:24.922  1114  1114 V AlarmManager: UninstallReceiver onReceive action:android.intent.action.UID_REMOVED
06-28 15:35:24.923  1114  6160 D HwSecurityService: find this Resident Plugin
06-28 15:35:24.924  1114  6299 I chatty  : uid=1000(system) Binder:1114_15 expire 2 lines
06-28 15:35:24.925  1114  1222 W BroadcastQueue: Background execution not allowed: receiving Intent { act=android.intent.action.PACKAGE_REMOVED dat=package:com.mixgo.PropertySEO flg=0x4000010 (has extras) } to com.ss.android.article.video/com.baidu.android.pushservice.RegistrationReceiver
06-28 15:35:24.925  1114  2200 D HwAddViewManager: handleMessage msg=1
06-28 15:35:24.926  1114  1222 V BroadcastQueue: Finished with ordered broadcast BroadcastRecord{833aae u0 android.intent.action.PACKAGE_REMOVED}
06-28 15:35:24.926  1114  1222 I ActivityManager: App 10014/com.android.documentsui targets O+, restricted
06-28 15:35:24.926  1114  2200 D HwAddViewManager: index:0 remove package:com.mixgo.PropertySEO
06-28 15:35:24.926  1114  2200 I HwAddViewManager: remove done, size 1
06-28 15:35:24.938  1114  1114 I [SPMN]  : insert GLOBAL -- name = zen_mode, package = android, user = 0, value = 0
06-28 15:35:24.948  1114 24063 V HwNotificationManagerService: HwCfgLoadingRunnable: Starts 
06-28 15:35:24.952  3662 24042 I GrowthService: Package com.mixgo.PropertySEO uninstalled. Removing from storage.
06-28 15:35:24.954  1114  1823 I chatty  : uid=1000(system) Binder:1114_7 expire 10 lines
06-28 15:35:24.962  1114  1114 W Looper  : Drained
06-28 15:35:24.965  1114  1827 V BroadcastQueue: Finished with ordered broadcast BroadcastRecord{3b1dc18 u0 android.intent.action.PACKAGE_FULLY_REMOVED}
06-28 15:35:24.968  1114 24063 D RankingHelper: RankingHelper: setSysMgrCfgMap: get default channel cfg size:113
06-28 15:35:24.968  1114 24063 V HwNotificationManagerService: HwCfgLoadingRunnable: get cfg size:180
06-28 15:35:24.968  3347  3347 I DownloadManager: enter DownloadReceiver::onReceive(action:android.intent.action.UID_REMOVED intent:Intent { act=android.intent.action.UID_REMOVED flg=0x5000010 cmp=com.android.providers.downloads/.DownloadReceiver (has extras) })
06-28 15:35:24.968  1114 24063 V HwNotificationManagerService: HwCfgLoadingRunnable: Ends. 
06-28 15:35:24.984  3093  4349 D WorkSource: Insert in WorkSource{} @ 0 uid 10021 name com.google.android.gms
06-28 15:35:24.984  1114  2564 W HwAlarmManagerService: isContainsAppUidInWorksource-->happend NameNotFoundException
06-28 15:35:24.984  1114  2564 W HwAlarmManagerService: isContainsAppUidInWorksource-->happend NameNotFoundException
06-28 15:35:24.998  1114 13262 I chatty  : uid=1000(system) Binder:1114_1F expire 3 lines
06-28 15:35:25.002  3662 11385 I RealtimeCacheCleanup: Finished Realtime garbage collection.
06-28 15:35:25.027  1114  1631 I chatty  : uid=1000(system) WifiProStateMac expire 12 lines
06-28 15:35:25.028  1114  1561 I chatty  : uid=1000(system) WifiService expire 21 lines
06-28 15:35:25.034  1114  4002 I chatty  : uid=1000(system) MobileQosDetect expire 8 lines
06-28 15:35:25.046  1114  1684 V BroadcastQueue: Finished with ordered broadcast BroadcastRecord{65a3671 u0 android.intent.action.UID_REMOVED}
06-28 15:35:25.112  3662 23476 I Icing   : doRemovePackageData com.mixgo.PropertySEO
06-28 15:35:25.113  1114  1737 E PowerManagerService: Exception when search wack lock :java.lang.IllegalArgumentException: Wake lock not active: android.os.BinderProxy@d1de6ed from uid 10021
06-28 15:35:25.187  1114  1737 D PackageManager: resolve intent for uid:10021, matchs:3, res:ResolveInfo{59b013a com.huawei.android.launcher/.unihome.UniHomeLauncher m=0x108000}
06-28 15:35:25.205  1114  1737 I chatty  : uid=1000(system) Binder:1114_5 expire 6 lines
06-28 15:35:25.274  3662 23476 I Icing   : Usage reports ok 1, Failed Usage reports 0, indexed 0, rejected 0, imm upload false
06-28 15:35:25.301  1114  1817 D PackageManager: resolve intent for uid:10021, matchs:3, res:ResolveInfo{a3b61eb com.huawei.android.launcher/.unihome.UniHomeLauncher m=0x108000}
06-28 15:35:25.303  3662 23476 I Icing   : Usage reports ok 0, Failed Usage reports 0, indexed 0, rejected 0, imm upload false
06-28 15:35:25.319  3662  3991 I Icing   : IndexChimeraService.getServiceInterface callingPackage=com.google.android.gms componentName=AppsCorpus serviceId=32
06-28 15:35:25.320  3662  4500 I Icing   : IndexChimeraService.getServiceInterface callingPackage=com.google.android.gms componentName=AppsCorpus serviceId=36
06-28 15:35:25.375  1114  6299 D PackageManager: resolve intent for uid:10021, matchs:3, res:ResolveInfo{9e07b48 com.huawei.android.launcher/.unihome.UniHomeLauncher m=0x108000}
06-28 15:35:25.375  3662 23476 I Icing   : Usage reports ok 0, Failed Usage reports 0, indexed 0, rejected 0, imm upload false
06-28 15:35:25.399  1114  6299 D PackageManager: resolve intent for uid:10021, matchs:3, res:ResolveInfo{bd49de1 com.huawei.android.launcher/.unihome.UniHomeLauncher m=0x108000}
06-28 15:35:25.400  3662 23476 I Icing   : Usage reports ok 0, Failed Usage reports 0, indexed 0, rejected 0, imm upload false
06-28 15:35:25.461  1114  5061 I chatty  : uid=1000(system) mss_handler_thr expire 9 lines
06-28 15:35:25.488  3501  3610 E HSM_SEC_UI: PermissionAppsController:notifyThePermissionAppsLoaded permissionType = 1024
06-28 15:35:25.529  3501  3610 E HSM_SEC_UI: PermissionAppsController:notifyThePermissionAppsLoaded permissionType = 128
06-28 15:35:25.534  3501  3610 E HSM_SEC_UI: PermissionAppsController:notifyThePermissionAppsLoaded permissionType = 134217728
06-28 15:35:25.590  3501  3610 E HSM_SEC_UI: PermissionAppsController:notifyThePermissionAppsLoaded permissionType = 8
06-28 15:35:25.693  3501  3610 E HSM_SEC_UI: PermissionAppsController:notifyThePermissionAppsLoaded permissionType = 256
06-28 15:35:25.693  3501  3610 E HSM_SEC_UI: SingleHwPermissionApps:loadPermissionAppList permission type is 1000000000000000000000000 size = 23
06-28 15:35:25.693  3501  3610 E HSM_SEC_UI: SingleHwPermissionApps:isApkOpAllow op is empty, or aom is null!
06-28 15:35:25.702  3501  3610 I chatty  : uid=1000(system) PermissionAppsC identical 53 lines
06-28 15:35:25.733  1952  5283 I chatty  : uid=1000(system) traffic stats expire 2 lines
06-28 15:35:25.968   731   731 W irqbalance: type=1400 audit(0.0:35321): avc: denied { dac_override } for capability=1 scontext=u:r:irqbalance:s0 tcontext=u:r:irqbalance:s0 tclass=capability permissive=0
06-28 15:35:25.974   731   731 I irqbalance: Decided to move irq 16 from cpu 0 to cpu 1
06-28 15:35:26.316  3662 18660 I Icing   : Indexing com.google.android.gms-apps from com.google.android.gms
06-28 15:35:26.334  3662 18660 I Icing   : Indexing done com.google.android.gms-apps
06-28 15:35:26.335  3662 18660 I Icing   : Indexing com.google.android.gms-internal.3p:MobileApplication from com.google.android.gms
06-28 15:35:26.348  3662 18660 I Icing   : Indexing com.google.android.gms-internal.3p:MusicGroup from com.google.android.gms
06-28 15:35:26.349  1114  1611 I chatty  : uid=1000(system) WiFiArpStateMac expire 12 lines
06-28 15:35:26.362  3662 18660 I Icing   : Indexing com.google.android.gms-internal.3p:DigitalDocument from com.google.android.gms
06-28 15:35:26.378  3662 18660 I Icing   : Indexing done com.google.android.gms-internal.3p:MobileApplication
06-28 15:35:26.382  3662 18660 I Icing   : Indexing done com.google.android.gms-internal.3p:MusicGroup
06-28 15:35:26.384  3662 18660 I Icing   : Indexing com.google.android.gms-internal.3p:Event from com.google.android.gms
06-28 15:35:26.395  3662 18660 I Icing   : Indexing done com.google.android.gms-internal.3p:DigitalDocument
06-28 15:35:26.396  3662 18660 I Icing   : Indexing com.google.android.gms-internal.3p:Photograph from com.google.android.gms
06-28 15:35:26.403  3662 18660 I Icing   : Indexing com.google.android.gms-internal.3p:MusicRecording from com.google.android.gms
06-28 15:35:26.413  3662 18660 I Icing   : Indexing done com.google.android.gms-internal.3p:Event
06-28 15:35:26.417  3662 18660 I Icing   : Indexing done com.google.android.gms-internal.3p:Photograph
06-28 15:35:26.425  3662 18660 I Icing   : Indexing done com.google.android.gms-internal.3p:MusicRecording
06-28 15:35:26.427  3662 18660 I Icing   : Indexing com.google.android.gms-internal.3p:Event from com.google.android.gms
06-28 15:35:26.430  3662 18660 I Icing   : Indexing done com.google.android.gms-internal.3p:Event
06-28 15:35:26.432  3662 18660 I Icing   : Indexing com.google.android.gms-internal.3p:Photograph from com.google.android.gms
06-28 15:35:26.436  3662 18660 I Icing   : Indexing done com.google.android.gms-internal.3p:Photograph
06-28 15:35:26.440  3662 18660 I Icing   : Indexing com.google.android.gms-apps from com.google.android.gms
06-28 15:35:26.442  3662 18660 I Icing   : Indexing done com.google.android.gms-apps
06-28 15:35:26.696   574   594 W SocketListener: sending broadcast to Pid = 1114, Uid = 1000 
06-28 15:35:26.697  1114  1555 D NetdConnector: RCV <- {601 limit alert globalAlert wlan0}
06-28 15:35:26.698  1114  1555 D NetdConnector: RCV <- {601 limit alert globalAlert wlan0}
06-28 15:35:26.698  1114  1240 D NetdConnector: RCV unsolicited event from native daemon, event = 601
06-28 15:35:26.700  1114  1240 I NetworkStats: limitReached
06-28 15:35:26.701  1114  1558 I NetworkStats: performPollLocked, pid = 1114
06-28 15:35:26.714  1114  1558 W NetworkStatsFactory: mStatsXtProcUid: /proc/net/comm/stats does not exist!
06-28 15:35:26.715  1114  1558 D HwNetworkStatsService: hwRecordUidAndProcSnapshotLocked currentTime = 1561707326699
06-28 15:35:26.724  1114  1558 I NetworkStatsFactory: javaReadNetworkStatsUidAndProcDetail. cost time = 10
06-28 15:35:26.745  1114  1558 D NetdConnector: SND -> {2021 bandwidth setglobalalert 2097152}
06-28 15:35:26.747  1114  1555 D NetdConnector: RCV <- {200 2021 Bandwidth command succeeeded}
06-28 15:35:26.747  1114  1555 D NetdConnector: RCV <- {200 2021 Bandwidth command succeeeded}
06-28 15:35:26.749  2017  2247 E HSM_BG  : NatTrafficNotifyService:imsi is null, so return
06-28 15:35:27.384  1114  1563 I chatty  : uid=1000(system) HwNcChrServiceI expire 2 lines
06-28 15:35:27.385  1900  1946 I chatty  : uid=1000(system) Binder:1900_3 expire 2 lines
06-28 15:35:27.385  1900  2082 I chatty  : uid=1000(system) HwWifiCHRStateM expire 3 lines
06-28 15:35:27.416  1993  1993 W ndroid.launche: resources.arsc in APK '/data/app/com.netease.cloudmusic-DlYHb8FDFgLCoadttR13FA==/base.apk' is compressed.
06-28 15:35:27.710   646   646 E WifiHAL : enter wifi_get_link_stats
06-28 15:35:28.035  1114  1530 I chatty  : uid=1000(system) AlarmManager expire 2 lines
06-28 15:35:28.058  1114  6299 V BroadcastQueue: Finished with ordered broadcast BroadcastRecord{f2603f4 u0 com.huawei.push.alarm.HEARTBEAT}
06-28 15:35:28.139  2461  2661 I nearby  : BleCoexistenceLimitManager:choose limits:BleScanParameter{scanWindowMillis=60, scanIntervalMillis=1200}, BleAdvParameter{interval=100}
06-28 15:35:28.140  2461  2661 I BluetoothLeScanner: updateScanParams
06-28 15:35:28.140  2461  2661 D BluetoothAdapter: isLeEnabled(): ON
06-28 15:35:28.140  2461  2661 E BluetoothLeScanner: updateLeScanParams win:60 ivl:1200
06-28 15:35:28.696   574   594 W SocketListener: sending broadcast to Pid = 1114, Uid = 1000 
06-28 15:35:28.698  1114  1555 D NetdConnector: RCV <- {601 limit alert globalAlert wlan0}
06-28 15:35:28.700  1114  1555 D NetdConnector: RCV <- {601 limit alert globalAlert wlan0}
06-28 15:35:28.701  1114  1240 D NetdConnector: RCV unsolicited event from native daemon, event = 601
06-28 15:35:28.703  1114  1240 I NetworkStats: limitReached
06-28 15:35:28.704  1114  1558 I NetworkStats: performPollLocked, pid = 1114
06-28 15:35:28.723  1114  1558 W NetworkStatsFactory: mStatsXtProcUid: /proc/net/comm/stats does not exist!
06-28 15:35:28.723  1114  1558 D HwNetworkStatsService: hwRecordUidAndProcSnapshotLocked currentTime = 1561707328703
06-28 15:35:28.733  1114  1558 I NetworkStatsFactory: javaReadNetworkStatsUidAndProcDetail. cost time = 10
06-28 15:35:28.754  1114  1558 D NetdConnector: SND -> {2022 bandwidth setglobalalert 2097152}
06-28 15:35:28.757  1114  1555 D NetdConnector: RCV <- {200 2022 Bandwidth command succeeeded}
06-28 15:35:28.757  1114  1555 D NetdConnector: RCV <- {200 2022 Bandwidth command succeeeded}
06-28 15:35:28.758  2017  2247 E HSM_BG  : NatTrafficNotifyService:imsi is null, so return
06-28 15:35:30.277   776   776 E Thermal-daemon: [ap] temp_new :44  temp_old :43
06-28 15:35:30.278  1952 19959 I chatty  : uid=1000(system) Binder:1952_A expire 3 lines
06-28 15:35:30.278  1952  2586 I chatty  : uid=1000(system) thermal-core-th expire 21 lines
06-28 15:35:30.279   776   776 E Thermal-daemon: Report temperature: [ap] temp :44  report_threshold:1
06-28 15:35:30.281  1114  1817 I HwNormalizedAutomaticBrightnessController: ThermalMode set auto MaxBrightness=178,mappingBrightness=178
06-28 15:35:30.281  1114  1246 I DisplayPowerController: mPowerRequest.useSmartBacklight : false
06-28 15:35:30.281   638 10316 I uniperf server: setConfig clientId=2, tagLen=1, tags[0]=7, configs[0]=1652000
06-28 15:35:30.561  1166  1166 I aptouch_daemon: check_afe_status, afe[95 1 X1] [ctrl:X40020 ftr:X100] dif[21 -19] raw[32904 32540] [exp:X0 aN:0 lo:0]
06-28 15:35:30.699   574   594 W SocketListener: sending broadcast to Pid = 1114, Uid = 1000 
06-28 15:35:30.701  1114  1555 D NetdConnector: RCV <- {601 limit alert globalAlert wlan0}
06-28 15:35:30.702  1114  1555 D NetdConnector: RCV <- {601 limit alert globalAlert wlan0}
06-28 15:35:30.703  1114  1240 D NetdConnector: RCV unsolicited event from native daemon, event = 601
06-28 15:35:30.707  1114  1240 I NetworkStats: limitReached
06-28 15:35:30.709  1114  1558 I NetworkStats: performPollLocked, pid = 1114
06-28 15:35:30.727  1114  1558 W NetworkStatsFactory: mStatsXtProcUid: /proc/net/comm/stats does not exist!
06-28 15:35:30.728  1114  1558 D HwNetworkStatsService: hwRecordUidAndProcSnapshotLocked currentTime = 1561707330707
06-28 15:35:30.737   646   646 E WifiHAL : enter wifi_get_link_stats
06-28 15:35:30.740  1114  1558 I NetworkStatsFactory: javaReadNetworkStatsUidAndProcDetail. cost time = 13
06-28 15:35:30.764  1114  1558 D NetdConnector: SND -> {2023 bandwidth setglobalalert 2097152}
06-28 15:35:30.766  1114  1555 D NetdConnector: RCV <- {200 2023 Bandwidth command succeeeded}
06-28 15:35:30.767  1114  1555 D NetdConnector: RCV <- {200 2023 Bandwidth command succeeeded}
06-28 15:35:30.769  2017  2247 E HSM_BG  : NatTrafficNotifyService:imsi is null, so return
06-28 15:35:30.976   731   731 W irqbalance: type=1400 audit(0.0:35322): avc: denied { dac_override } for capability=1 scontext=u:r:irqbalance:s0 tcontext=u:r:irqbalance:s0 tclass=capability permissive=0
06-28 15:35:30.976   731   731 W irqbalance: type=1400 audit(0.0:35323): avc: denied { dac_override } for capability=1 scontext=u:r:irqbalance:s0 tcontext=u:r:irqbalance:s0 tclass=capability permissive=0
06-28 15:35:30.976   731   731 W irqbalance: type=1400 audit(0.0:35324): avc: denied { dac_override } for capability=1 scontext=u:r:irqbalance:s0 tcontext=u:r:irqbalance:s0 tclass=capability permissive=0
06-28 15:35:30.976   731   731 W irqbalance: type=1400 audit(0.0:35325): avc: denied { dac_override } for capability=1 scontext=u:r:irqbalance:s0 tcontext=u:r:irqbalance:s0 tclass=capability permissive=0
06-28 15:35:30.976   731   731 W irqbalance: type=1400 audit(0.0:35326): avc: denied { dac_override } for capability=1 scontext=u:r:irqbalance:s0 tcontext=u:r:irqbalance:s0 tclass=capability permissive=0
06-28 15:35:30.978   731   731 I irqbalance: Decided to move irq 67 from cpu 0 to cpu 1
06-28 15:35:30.979   731   731 I irqbalance: Decided to move irq 70 from cpu 0 to cpu 1
06-28 15:35:30.980   731   731 I irqbalance: Decided to move irq 112 from cpu 0 to cpu 1
06-28 15:35:30.980   731   731 I irqbalance: Decided to move irq 80 from cpu 0 to cpu 1
06-28 15:35:30.980   731   731 I irqbalance: Decided to move irq 128 from cpu 0 to cpu 1
06-28 15:35:32.705   574   594 W SocketListener: sending broadcast to Pid = 1114, Uid = 1000 
06-28 15:35:32.706  1114  1555 D NetdConnector: RCV <- {601 limit alert globalAlert wlan0}
06-28 15:35:32.707  1114  1555 D NetdConnector: RCV <- {601 limit alert globalAlert wlan0}
06-28 15:35:32.708  1114  1240 D NetdConnector: RCV unsolicited event from native daemon, event = 601
06-28 15:35:32.710  1114  1240 I NetworkStats: limitReached
06-28 15:35:32.711  1114  1558 I NetworkStats: performPollLocked, pid = 1114
06-28 15:35:32.728  1114  1558 W NetworkStatsFactory: mStatsXtProcUid: /proc/net/comm/stats does not exist!
06-28 15:35:32.728  1114  1558 D HwNetworkStatsService: hwRecordUidAndProcSnapshotLocked currentTime = 1561707332710
06-28 15:35:32.738  1114  1558 I NetworkStatsFactory: javaReadNetworkStatsUidAndProcDetail. cost time = 10
06-28 15:35:32.761  1114  1558 D NetdConnector: SND -> {2024 bandwidth setglobalalert 2097152}
06-28 15:35:32.762  1114  1555 D NetdConnector: RCV <- {200 2024 Bandwidth command succeeeded}
06-28 15:35:32.763  1114  1555 D NetdConnector: RCV <- {200 2024 Bandwidth command succeeeded}
06-28 15:35:32.766  2017  2247 E HSM_BG  : NatTrafficNotifyService:imsi is null, so return
06-28 15:35:33.222 23950 24066 D UIAutomatorStub: URI: /jsonrpc/0, Method: POST, params, {NanoHttpd.QUERY_STRING=null}, files: {postData={"jsonrpc": "2.0", "id": "0239e70dbac12a91cb62404b5e072487", "method": "getWatchers", "params": {}}}
06-28 15:35:33.253 23950 24066 D UIAutomatorStub: URI: /jsonrpc/0, Method: POST, params, {NanoHttpd.QUERY_STRING=null}, files: {postData={"jsonrpc": "2.0", "id": "8e6baa40570e166e2b67e81538754a30", "method": "runWatchersOnWindowsChange", "params": [false]}}
06-28 15:35:33.279 23950 24066 D UIAutomatorStub: URI: /jsonrpc/0, Method: POST, params, {NanoHttpd.QUERY_STRING=null}, files: {postData={"jsonrpc": "2.0", "id": "28025e2139cc3b17f97f2bb2ff4585af", "method": "registerClickUiObjectWatcher", "params": ["\u5141\u8bb8", [{"mask": 1, "childOrSibling": [], "childOrSiblingSelector": [], "text": "\u5141\u8bb8"}], {"mask": 1, "childOrSibling": [], "childOrSiblingSelector": [], "text": "\u5141\u8bb8"}]}}
06-28 15:35:33.366 23950 24066 D UIAutomatorStub: URI: /jsonrpc/0, Method: POST, params, {NanoHttpd.QUERY_STRING=null}, files: {postData={"jsonrpc": "2.0", "id": "e4abe028dd2a7705b625c0b81fa1751b", "method": "registerClickUiObjectWatcher", "params": ["\u7ee7\u7eed\u5b89\u88c5", [{"mask": 1, "childOrSibling": [], "childOrSiblingSelector": [], "text": "\u7ee7\u7eed\u5b89\u88c5"}], {"mask": 1, "childOrSibling": [], "childOrSiblingSelector": [], "text": "\u7ee7\u7eed\u5b89\u88c5"}]}}
06-28 15:35:33.387 23950 24066 D UIAutomatorStub: URI: /jsonrpc/0, Method: POST, params, {NanoHttpd.QUERY_STRING=null}, files: {postData={"jsonrpc": "2.0", "id": "b113f14a5a8768bfecb6d2b39e93ec95", "method": "registerClickUiObjectWatcher", "params": ["\u5141\u8bb8\u5b89\u88c5", [{"mask": 1, "childOrSibling": [], "childOrSiblingSelector": [], "text": "\u5141\u8bb8\u5b89\u88c5"}], {"mask": 1, "childOrSibling": [], "childOrSiblingSelector": [], "text": "\u5141\u8bb8\u5b89\u88c5"}]}}
06-28 15:35:33.408 23950 24066 D UIAutomatorStub: URI: /jsonrpc/0, Method: POST, params, {NanoHttpd.QUERY_STRING=null}, files: {postData={"jsonrpc": "2.0", "id": "22922abe16ee6d8a718eba14feb50570", "method": "registerClickUiObjectWatcher", "params": ["\u59cb\u7ec8\u5141\u8bb8", [{"mask": 1, "childOrSibling": [], "childOrSiblingSelector": [], "text": "\u59cb\u7ec8\u5141\u8bb8"}], {"mask": 1, "childOrSibling": [], "childOrSiblingSelector": [], "text": "\u59cb\u7ec8\u5141\u8bb8"}]}}
06-28 15:35:33.430 23950 24066 D UIAutomatorStub: URI: /jsonrpc/0, Method: POST, params, {NanoHttpd.QUERY_STRING=null}, files: {postData={"jsonrpc": "2.0", "id": "c0c05ec8ea2813c9bae318d4b057805a", "method": "registerClickUiObjectWatcher", "params": ["\u5b89\u88c5", [{"mask": 1, "childOrSibling": [], "childOrSiblingSelector": [], "text": "\u5b89\u88c5"}], {"mask": 1, "childOrSibling": [], "childOrSiblingSelector": [], "text": "\u5b89\u88c5"}]}}
06-28 15:35:33.459 23950 24066 D UIAutomatorStub: URI: /jsonrpc/0, Method: POST, params, {NanoHttpd.QUERY_STRING=null}, files: {postData={"jsonrpc": "2.0", "id": "e8fe26c7f76c12fc13ca6fab9bd71cad", "method": "registerClickUiObjectWatcher", "params": ["\u91cd\u65b0\u5b89\u88c5", [{"mask": 1, "childOrSibling": [], "childOrSiblingSelector": [], "text": "\u91cd\u65b0\u5b89\u88c5"}], {"mask": 1, "childOrSibling": [], "childOrSiblingSelector": [], "text": "\u91cd\u65b0\u5b89\u88c5"}]}}
06-28 15:35:33.514 23950 24066 D UIAutomatorStub: URI: /jsonrpc/0, Method: POST, params, {NanoHttpd.QUERY_STRING=null}, files: {postData={"jsonrpc": "2.0", "id": "0a7258d7a929942e6591f7010220ec21", "method": "getWatchers", "params": {}}}
06-28 15:35:33.558 23950 24066 D UIAutomatorStub: URI: /jsonrpc/0, Method: POST, params, {NanoHttpd.QUERY_STRING=null}, files: {postData={"jsonrpc": "2.0", "id": "8d4e37635b9ce7c5e9368ae1d70c55ef", "method": "runWatchersOnWindowsChange", "params": [true]}}
06-28 15:35:33.756   646   646 E WifiHAL : enter wifi_get_link_stats
06-28 15:35:34.415  1114  4501 I chatty  : uid=1000(system) Binder:1114_10 expire 1 line
