06-28 15:35:47.261 24140 24212 D         : addLayerName, tid:24212
06-28 15:35:47.277 24140 24212 D         : addLayerName, tid:24212
06-28 15:35:47.284   648  1284 E peq_android: volume index exceed range: 65535
06-28 15:35:47.291 24140 24212 D         : addLayerName, tid:24212
06-28 15:35:47.308   648  1284 E peq_android: volume index exceed range: 65535
06-28 15:35:47.312 24140 24212 D         : addLayerName, tid:24212
06-28 15:35:47.328 24140 24212 D         : addLayerName, tid:24212
06-28 15:35:47.332   648  1284 E peq_android: volume index exceed range: 65535
06-28 15:35:47.342 24140 24212 D         : addLayerName, tid:24212
06-28 15:35:47.358   648  1284 E peq_android: volume index exceed range: 65535
06-28 15:35:47.359 24140 24212 D         : addLayerName, tid:24212
06-28 15:35:47.370  1952  2110 I ApplistMgr: Scene strict ctrl apps: [com.huawei.himovie, com.android.browser, com.baidu.searchbox, com.huawei.appmarket, com.huawei.gamebox, com.huawei.hidisk]
06-28 15:35:47.377 24140 24212 D         : addLayerName, tid:24212
06-28 15:35:47.382   648  1284 E peq_android: volume index exceed range: 65535
06-28 15:35:47.394 24140 24212 D         : addLayerName, tid:24212
06-28 15:35:47.406   648  1284 E peq_android: volume index exceed range: 65535
06-28 15:35:47.409   574   594 W SocketListener: sending broadcast to Pid = 1114, Uid = 1000 
06-28 15:35:47.410 24140 24212 D         : addLayerName, tid:24212
06-28 15:35:47.410  1114  1555 D NetdConnector: RCV <- {601 limit alert globalAlert wlan0}
06-28 15:35:47.411  1114  1555 D NetdConnector: RCV <- {601 limit alert globalAlert wlan0}
06-28 15:35:47.412  1114  1240 D NetdConnector: RCV unsolicited event from native daemon, event = 601
06-28 15:35:47.414  1114  1240 I NetworkStats: limitReached
06-28 15:35:47.416  1114  1558 I NetworkStats: performPollLocked, pid = 1114
06-28 15:35:47.425 24140 24212 D         : addLayerName, tid:24212
06-28 15:35:47.429   648  1284 E peq_android: volume index exceed range: 65535
06-28 15:35:47.435  1114  1611 I chatty  : uid=1000(system) WiFiArpStateMac expire 4 lines
06-28 15:35:47.440  1114  1558 W NetworkStatsFactory: mStatsXtProcUid: /proc/net/comm/stats does not exist!
06-28 15:35:47.441  1114  1558 D HwNetworkStatsService: hwRecordUidAndProcSnapshotLocked currentTime = 1561707347417
06-28 15:35:47.441 24140 24212 D         : addLayerName, tid:24212
06-28 15:35:47.451  1114  1558 I NetworkStatsFactory: javaReadNetworkStatsUidAndProcDetail. cost time = 10
06-28 15:35:47.454   648  1284 E peq_android: volume index exceed range: 65535
06-28 15:35:47.457 24140 24212 D         : addLayerName, tid:24212
06-28 15:35:47.473  1114  1558 D NetdConnector: SND -> {2032 bandwidth setglobalalert 2097152}
06-28 15:35:47.474 24140 24212 D         : addLayerName, tid:24212
06-28 15:35:47.475  1114  1555 D NetdConnector: RCV <- {200 2032 Bandwidth command succeeeded}
06-28 15:35:47.476  1114  1555 D NetdConnector: RCV <- {200 2032 Bandwidth command succeeeded}
06-28 15:35:47.477   648  1284 E peq_android: volume index exceed range: 65535
06-28 15:35:47.477  2017  2247 E HSM_BG  : NatTrafficNotifyService:imsi is null, so return
06-28 15:35:47.492 24140 24212 D         : addLayerName, tid:24212
06-28 15:35:47.501   648  1284 E peq_android: volume index exceed range: 65535
06-28 15:35:47.507 24140 24212 D         : addLayerName, tid:24212
06-28 15:35:47.523 24140 24212 D         : addLayerName, tid:24212
06-28 15:35:47.524   648  1284 E peq_android: volume index exceed range: 65535
06-28 15:35:47.540 24140 24212 D         : addLayerName, tid:24212
06-28 15:35:47.547   648  1284 E peq_android: volume index exceed range: 65535
06-28 15:35:47.557 24140 24212 D         : addLayerName, tid:24212
06-28 15:35:47.570   648  1284 E peq_android: volume index exceed range: 65535
06-28 15:35:47.575 24140 24212 D         : addLayerName, tid:24212
06-28 15:35:47.589 24140 24212 D         : addLayerName, tid:24212
06-28 15:35:47.594   648  1284 E peq_android: volume index exceed range: 65535
06-28 15:35:47.607 24140 24212 D         : addLayerName, tid:24212
06-28 15:35:47.618   648  1284 E peq_android: volume index exceed range: 65535
06-28 15:35:47.626 24140 24212 D         : addLayerName, tid:24212
06-28 15:35:47.640 24140 24212 D         : addLayerName, tid:24212
06-28 15:35:47.643   648  1284 E peq_android: volume index exceed range: 65535
06-28 15:35:47.656 24140 24212 D         : addLayerName, tid:24212
06-28 15:35:47.667   648  1284 E peq_android: volume index exceed range: 65535
06-28 15:35:47.674 24140 24212 D         : addLayerName, tid:24212
06-28 15:35:47.688 24140 24212 D         : addLayerName, tid:24212
06-28 15:35:47.691   648  1284 E peq_android: volume index exceed range: 65535
06-28 15:35:47.703  1114  1217 I chatty  : uid=1000(system) android.bg expire 1 line
06-28 15:35:47.705 24140 24212 D         : addLayerName, tid:24212
06-28 15:35:47.714   648  1284 E peq_android: volume index exceed range: 65535
06-28 15:35:47.723 24140 24212 D         : addLayerName, tid:24212
06-28 15:35:47.738   648  1284 E peq_android: volume index exceed range: 65535
06-28 15:35:47.739 24140 24212 D         : addLayerName, tid:24212
06-28 15:35:47.755 24140 24212 D         : addLayerName, tid:24212
06-28 15:35:47.762   648  1284 E peq_android: volume index exceed range: 65535
06-28 15:35:47.771 24140 24212 D         : addLayerName, tid:24212
06-28 15:35:47.773  1952  2110 I AppFASManager: set fas when standby protected app list changed : 
06-28 15:35:47.785   648  1284 E peq_android: volume index exceed range: 65535
06-28 15:35:47.786 24140 24212 D         : addLayerName, tid:24212
06-28 15:35:47.804 24140 24212 D         : addLayerName, tid:24212
06-28 15:35:47.807   648  1284 E peq_android: volume index exceed range: 65535
06-28 15:35:47.820 24140 24212 D         : addLayerName, tid:24212
06-28 15:35:47.831   648  1284 E peq_android: volume index exceed range: 65535
06-28 15:35:47.837 24140 24212 D         : addLayerName, tid:24212
06-28 15:35:47.854 24140 24212 D         : addLayerName, tid:24212
06-28 15:35:47.854   648  1284 E peq_android: volume index exceed range: 65535
06-28 15:35:47.872 24140 24212 D         : addLayerName, tid:24212
06-28 15:35:47.877   648  1284 E peq_android: volume index exceed range: 65535
06-28 15:35:47.887 24140 24212 D         : addLayerName, tid:24212
06-28 15:35:47.902   648  1284 E peq_android: volume index exceed range: 65535
06-28 15:35:47.902 24140 24212 D         : addLayerName, tid:24212
06-28 15:35:47.920 24140 24212 D         : addLayerName, tid:24212
06-28 15:35:47.925   648  1284 E peq_android: volume index exceed range: 65535
06-28 15:35:47.937 24140 24212 D         : addLayerName, tid:24212
06-28 15:35:47.951   648  1284 E peq_android: volume index exceed range: 65535
06-28 15:35:47.954 24140 24212 D         : addLayerName, tid:24212
06-28 15:35:47.971 24140 24212 D         : addLayerName, tid:24212
06-28 15:35:47.975   648  1284 E peq_android: volume index exceed range: 65535
06-28 15:35:47.987 24140 24212 D         : addLayerName, tid:24212
06-28 15:35:47.999   648  1284 E peq_android: volume index exceed range: 65535
06-28 15:35:48.004 24140 24212 D         : addLayerName, tid:24212
06-28 15:35:48.020 24140 24212 D         : addLayerName, tid:24212
06-28 15:35:48.024   648  1284 E peq_android: volume index exceed range: 65535
06-28 15:35:48.037 24140 24212 D         : addLayerName, tid:24212
06-28 15:35:48.050   648  1284 E peq_android: volume index exceed range: 65535
06-28 15:35:48.053 24140 24212 D         : addLayerName, tid:24212
06-28 15:35:48.070 24140 24212 D         : addLayerName, tid:24212
06-28 15:35:48.074   648  1284 E peq_android: volume index exceed range: 65535
06-28 15:35:48.088 24140 24212 D         : addLayerName, tid:24212
06-28 15:35:48.099   648  1284 E peq_android: volume index exceed range: 65535
06-28 15:35:48.103 24140 24212 D         : addLayerName, tid:24212
06-28 15:35:48.120 24140 24212 D         : addLayerName, tid:24212
06-28 15:35:48.125   648  1284 E peq_android: volume index exceed range: 65535
06-28 15:35:48.136 24140 24212 D         : addLayerName, tid:24212
06-28 15:35:48.138   635   635 I AISched FPS: currentfps 60,detected fps 60,flag 0,high 26,low 8,sleepPercent 0.877646,old 8,new 8
06-28 15:35:48.148   648  1284 E peq_android: volume index exceed range: 65535
06-28 15:35:48.152 24140 24212 D         : addLayerName, tid:24212
06-28 15:35:48.168 24140 24212 D         : addLayerName, tid:24212
06-28 15:35:48.172   648  1284 E peq_android: volume index exceed range: 65535
06-28 15:35:48.182  1952  2110 I APwSendOutList: no wifi sleep list
06-28 15:35:48.183  1952  2110 I ConfigUpdateManager: clear wifi_apps_whitelist
06-28 15:35:48.183  1952  2110 I ConfigUpdateManager: clear wifi_sleep_list
06-28 15:35:48.187 24140 24212 D         : addLayerName, tid:24212
06-28 15:35:48.197   648  1284 E peq_android: volume index exceed range: 65535
06-28 15:35:48.203 24140 24212 D         : addLayerName, tid:24212
06-28 15:35:48.218 24140 24212 D         : addLayerName, tid:24212
06-28 15:35:48.219   574   598 D         : Received kernel message payload: chr_event 9
06-28 15:35:48.219   574   598 I         : netd received web stat infomation,trigger chr report!
06-28 15:35:48.219   574   598 I         : netd received web stat infomation,trigger chr report!
06-28 15:35:48.219   574   598 I         : ReportType 0 0 0 0 0 0 0 0 0 0 0 0 0 0 0 0 0 0 0 0 0 0 0 0 0 0 0 0 0 0 0 0 0 0 0 0 0 0 0 0 0 0 0 0 0 0 0 0 0 0 0 0 0 0 0 0 0 0 0 0 0 0 0 0 0 0 0 0 0 0 0 0 0 0 0 0 0 0 0 0 0 0 0 0 0 0 0 0 0 0 0 0 0 0 0 0 0 0 0 0 0 0 0 0 0 0 0 0 0 0 0 0 0 0 0 0 0 0 0 0 0 0 0 0 0 0 0 0 0 0 0 0 0 0 0 0 0 0 0 0 0 0 0 0 0 0 0 0 0 0 0 0 0 0 0 0 0 0 0 0 0 0 0 0 0 0 0 0 0 0 0 0 0 0 0 0 0 0 0 0 0 0 0 0 0 0 0 0 0 0 0 0 0 0 0 0 0 0 0 0 0 0 0 0 0 0 0 0 0 0 0 0 0 0 0 0 0 0 0 0 0 0 0 0 0 0 0 0 0 ReportType 0 976 0 0 0 0 0 28 0 0 0 0 0 0 21 1 1 1 0 0 0 0 529 0 0 0 0 0 8 0 0 0 0 0 0 0 6 0 1 1 0 0 0 0 0 0 0 0 0 0 0 0 0 0 0 0 0 0 0 0 0 0 0 0 0 0 0 0 0 0 0 0 0 0 0 0 0 0 0 0 0 0 0 0 0 0 0 0 0 0 0 0 0 0 0 0 0 0 0 0 0 0 0 0 0 0 0 0 0 0 0 0 0 0 0 0 0 0 0 0 0 0 0 0 0 0 0 0 0 0 0 0 0 0 0 0 0 0 0 0 0 0 0 0 0 0 0 0 0 0 0 0 0 0 0 0 0 0 0 0 0 0 0 0 0 0 0 0 0 0 0 0 0 0 0 0 0 0 0 0 0 0 0 0 0 0 0 0 0 0 0 0 0 0 0 0 0 0 0 0 0 0 0 0 0 0 0 0 0 0 0 0 165 0 25 0 0 0 0 0 0 0 0 0 0 0 0 0 0
06-28 15:35:48.220   574   598 W SocketListener: sending broadcast to Pid = 1114, Uid = 1000 
06-28 15:35:48.222   648  1284 E peq_android: volume index exceed range: 65535
06-28 15:35:48.223  1114  1555 D NetdConnector: RCV <- {661 ReportType 0 0 0 0 0 0 0 0 0 0 0 0 0 0 0 0 0 0 0 0 0 0 0 0 0 0 0 0 0 0 0 0 0 0 0 0 0 0 0 0 0 0 0 0 0 0 0 0 0 0 0 0 0 0 0 0 0 0 0 0 0 0 0 0 0 0 0 0 0 0 0 0 0 0 0 0 0 0 0 0 0 0 0 0 0 0 0 0 0 0 0 0 0 0 0 0 0 0 0 0 0 0 0 0 0 0 0 0 0 0 0 0 0 0 0 0 0 0 0 0 0 0 0 0 0 0 0 0 0 0 0 0 0 0 0 0 0 0 0 0 0 0 0 0 0 0 0 0 0 0 0 0 0 0 0 0 0 0 0 0 0 0 0 0 0 0 0 0 0 0 0 0 0 0 0 0 0 0 0 0 0 0 0 0 0 0 0 0 0 0 0 0 0 0 0 0 0 0 0 0 0 0 0 0 0 0 0 0 0 0 0 0 0 0 0 0 0 0 0 0 0 0 0 0 0 0 0 0 0 ReportType 0 976 0 0 0 0 0 28 0 0 0 0 0 0 21 1 1 1 0 0 0 0 529 0 0 0 0 0 8 0 0 0 0 0 0 0 6 0 1 1 0 0 0 0 0 0 0 0 0 0 0 0 0 0 0 0 0 0 0 0 0 0 0 0 0 0 0 0 0 0 0 0 0 0 0 0 0 0 0 0 0 0 0 0 0 0 0 0 0 0 0 0 0 0 0 0 0 0 0 0 0 0 0 0 0 0 0 0 0 0 0 0 0 0 0 0 0 0 0 0 0 0 0 0 0 0 0 0 0 0 0 0 0 0 0 0 0 0 0 0 0 0 0 0 0 0 0 0 0 0 0 0 0 0 0 0 0 0 0 0 0 0 0 0 0 0 0 0 0 0 0 0 0 0 0 0 0 0 0 0 0 0 0 0 0 0 0 0 0 0 0 0 0 0 0 0 0 0 0 0 0 0 0 0 0 0 0 0 0 0 0 0 165 0 25 0 0 0 0 0 0 0 0 0 0 0 0 0 0}
06-28 15:35:48.225  1114  1555 D NetdConnector: RCV <- {661 ReportType 0 0 0 0 0 0 0 0 0 0 0 0 0 0 0 0 0 0 0 0 0 0 0 0 0 0 0 0 0 0 0 0 0 0 0 0 0 0 0 0 0 0 0 0 0 0 0 0 0 0 0 0 0 0 0 0 0 0 0 0 0 0 0 0 0 0 0 0 0 0 0 0 0 0 0 0 0 0 0 0 0 0 0 0 0 0 0 0 0 0 0 0 0 0 0 0 0 0 0 0 0 0 0 0 0 0 0 0 0 0 0 0 0 0 0 0 0 0 0 0 0 0 0 0 0 0 0 0 0 0 0 0 0 0 0 0 0 0 0 0 0 0 0 0 0 0 0 0 0 0 0 0 0 0 0 0 0 0 0 0 0 0 0 0 0 0 0 0 0 0 0 0 0 0 0 0 0 0 0 0 0 0 0 0 0 0 0 0 0 0 0 0 0 0 0 0 0 0 0 0 0 0 0 0 0 0 0 0 0 0 0 0 0 0 0 0 0 0 0 0 0 0 0 0 0 0 0 0 0 ReportType 0 976 0 0 0 0 0 28 0 0 0 0 0 0 21 1 1 1 0 0 0 0 529 0 0 0 0 0 8 0 0 0 0 0 0 0 6 0 1 1 0 0 0 0 0 0 0 0 0 0 0 0 0 0 0 0 0 0 0 0 0 0 0 0 0 0 0 0 0 0 0 0 0 0 0 0 0 0 0 0 0 0 0 0 0 0 0 0 0 0 0 0 0 0 0 0 0 0 0 0 0 0 0 0 0 0 0 0 0 0 0 0 0 0 0 0 0 0 0 0 0 0 0 0 0 0 0 0 0 0 0 0 0 0 0 0 0 0 0 0 0 0 0 0 0 0 0 0 0 0 0 0 0 0 0 0 0 0 0 0 0 0 0 0 0 0 0 0 0 0 0 0 0 0 0 0 0 0 0 0 0 0 0 0 0 0 0 0 0 0 0 0 0 0 0 0 0 0 0 0 0 0 0 0 0 0 0 0 0 0 0 0 165 0 25 0 0 0 0 0 0 0 0 0 0 0 0 0 0}
06-28 15:35:48.227  1114  1240 D NetdConnector: RCV unsolicited event from native daemon, event = 661
06-28 15:35:48.235 24140 24212 D         : addLayerName, tid:24212
06-28 15:35:48.235  1114  1240 D HwNetworkManagementService: onEvent receive Web Stat Report:661 ReportType 0 0 0 0 0 0 0 0 0 0 0 0 0 0 0 0 0 0 0 0 0 0 0 0 0 0 0 0 0 0 0 0 0 0 0 0 0 0 0 0 0 0 0 0 0 0 0 0 0 0 0 0 0 0 0 0 0 0 0 0 0 0 0 0 0 0 0 0 0 0 0 0 0 0 0 0 0 0 0 0 0 0 0 0 0 0 0 0 0 0 0 0 0 0 0 0 0 0 0 0 0 0 0 0 0 0 0 0 0 0 0 0 0 0 0 0 0 0 0 0 0 0 0 0 0 0 0 0 0 0 0 0 0 0 0 0 0 0 0 0 0 0 0 0 0 0 0 0 0 0 0 0 0 0 0 0 0 0 0 0 0 0 0 0 0 0 0 0 0 0 0 0 0 0 0 0 0 0 0 0 0 0 0 0 0 0 0 0 0 0 0 0 0 0 0 0 0 0 0 0 0 0 0 0 0 0 0 0 0 0 0 0 0 0 0 0 0 0 0 0 0 0 0 0 0 0 0 0 0 ReportType 0 976 0 0 0 0 0 28 0 0 0 0 0 0 21 1 1 1 0 0 0 0 529 0 0 0 0 0 8 0 0 0 0 0 0 0 6 0 1 1 0 0 0 0 0 0 0 0 0 0 0 0 0 0 0 0 0 0 0 0 0 0 0 0 0 0 0 0 0 0 0 0 0 0 0 0 0 0 0 0 0 0 0 0 0 0 0 0 0 0 0 0 0 0 0 0 0 0 0 0 0 0 0 0 0 0 0 0 0 0 0 0 0 0 0 0 0 0 0 0 0 0 0 0 0 0 0 0 0 0 0 0 0 0 0 0 0 0 0 0 0 0 0 0 0 0 0 0 0 0 0 0 0 0 0 0 0 0 0 0 0 0 0 0 0 0 0 0 0 0 0 0 0 0 0 0 0 0 0 0 0 0 0 0 0 0 0 0 0 0 0 0 0 0 0 0 0 0 0 0 0 0 0 0 0 0 0 0 0 0 0 0 165 0 25 0 0 0 0 0 0 0 0 0 0 0 0 0 0
06-28 15:35:48.238   642  8728 E PF_PH   : [perfRequest:536] PerfRequest failed for pid 635
06-28 15:35:48.238   642  8728 E PF_GENIUS: [perfRequest] perfRequest failed.
06-28 15:35:48.238   635   635 E PF_CLIENT: [perfRequest] perfRequest failed
06-28 15:35:48.245   648  1284 E peq_android: volume index exceed range: 65535
06-28 15:35:48.249   635   635 I GameScheduler: Period changed from 0 to 18181
06-28 15:35:48.251 24140 24212 D         : addLayerName, tid:24212
06-28 15:35:48.252   635   635 I AISched Core: set time out 10 second
06-28 15:35:48.267 24140 24212 D         : addLayerName, tid:24212
06-28 15:35:48.270   648  1284 E peq_android: volume index exceed range: 65535
06-28 15:35:48.282 24140 24212 D         : addLayerName, tid:24212
06-28 15:35:48.293   648  1284 E peq_android: volume index exceed range: 65535
06-28 15:35:48.301 24140 24212 D         : addLayerName, tid:24212
06-28 15:35:48.311  1900  2108 D HwWifiStatStore: handleMessage : 200
06-28 15:35:48.317 24140 24212 D         : addLayerName, tid:24212
06-28 15:35:48.317   648  1284 E peq_android: volume index exceed range: 65535
06-28 15:35:48.333 24140 24212 D         : addLayerName, tid:24212
06-28 15:35:48.340   648  1284 E peq_android: volume index exceed range: 65535
06-28 15:35:48.349 24140 24212 D         : addLayerName, tid:24212
06-28 15:35:48.363   648  1284 E peq_android: volume index exceed range: 65535
06-28 15:35:48.366 24140 24212 D         : addLayerName, tid:24212
06-28 15:35:48.382 24140 24212 D         : addLayerName, tid:24212
06-28 15:35:48.386   648  1284 E peq_android: volume index exceed range: 65535
06-28 15:35:48.401 24140 24212 D         : addLayerName, tid:24212
06-28 15:35:48.410   648  1284 E peq_android: volume index exceed range: 65535
06-28 15:35:48.417 24140 24212 D         : addLayerName, tid:24212
06-28 15:35:48.418 24140 24179 D skia    : external skia timerHandler destroy skip because of hasvisit.
06-28 15:35:48.431 24140 24212 D         : addLayerName, tid:24212
06-28 15:35:48.433   648  1284 E peq_android: volume index exceed range: 65535
06-28 15:35:48.449 24140 24212 D         : addLayerName, tid:24212
06-28 15:35:48.456   648  1284 E peq_android: volume index exceed range: 65535
06-28 15:35:48.467 24140 24212 D         : addLayerName, tid:24212
06-28 15:35:48.480   648  1284 E peq_android: volume index exceed range: 65535
06-28 15:35:48.482 24140 24212 D         : addLayerName, tid:24212
06-28 15:35:48.496   650   650 D         : LagRatio happen FPS:13
06-28 15:35:48.496   650   650 D         : Jitter happen,total Jitter:10,FPS:0
06-28 15:35:48.496   650   650 D         : LagRatio happen FPS:0
06-28 15:35:48.497   650   650 I chatty  : uid=1000(system) /system/bin/surfaceflinger identical 28 lines
06-28 15:35:48.497   650   650 D         : LagRatio happen FPS:0
06-28 15:35:48.498 24140 24212 D         : addLayerName, tid:24212
06-28 15:35:48.505   648  1284 E peq_android: volume index exceed range: 65535
06-28 15:35:48.515 24140 24212 D         : addLayerName, tid:24212
06-28 15:35:48.530   648  1284 E peq_android: volume index exceed range: 65535
06-28 15:35:48.532 24140 24212 D         : addLayerName, tid:24212
06-28 15:35:48.547 24140 24212 D         : addLayerName, tid:24212
06-28 15:35:48.554   648  1284 E peq_android: volume index exceed range: 65535
06-28 15:35:48.565 24140 24212 D         : addLayerName, tid:24212
06-28 15:35:48.577   648  1284 E peq_android: volume index exceed range: 65535
06-28 15:35:48.584 24140 24212 D         : addLayerName, tid:24212
06-28 15:35:48.598 24140 24212 D         : addLayerName, tid:24212
06-28 15:35:48.602   648  1284 E peq_android: volume index exceed range: 65535
06-28 15:35:48.615 24140 24212 D         : addLayerName, tid:24212
06-28 15:35:48.626   648  1284 E peq_android: volume index exceed range: 65535
06-28 15:35:48.631 24140 24212 D         : addLayerName, tid:24212
06-28 15:35:48.648 24140 24212 D         : addLayerName, tid:24212
06-28 15:35:48.650   648  1284 E peq_android: volume index exceed range: 65535
06-28 15:35:48.664 24140 24212 D         : addLayerName, tid:24212
06-28 15:35:48.675   648  1284 E peq_android: volume index exceed range: 65535
06-28 15:35:48.681 24140 24212 D         : addLayerName, tid:24212
06-28 15:35:48.697 24140 24212 D         : addLayerName, tid:24212
06-28 15:35:48.701   648  1284 E peq_android: volume index exceed range: 65535
06-28 15:35:48.714 24140 24212 D         : addLayerName, tid:24212
06-28 15:35:48.725   648  1284 E peq_android: volume index exceed range: 65535
06-28 15:35:48.730 24140 24212 D         : addLayerName, tid:24212
06-28 15:35:48.747 24140 24212 D         : addLayerName, tid:24212
06-28 15:35:48.748   648  1284 E peq_android: volume index exceed range: 65535
06-28 15:35:48.763 24140 24212 D         : addLayerName, tid:24212
06-28 15:35:48.772   648  1284 E peq_android: volume index exceed range: 65535
06-28 15:35:48.781 24140 24212 D         : addLayerName, tid:24212
06-28 15:35:48.797 24140 24212 D         : addLayerName, tid:24212
06-28 15:35:48.800   648  1284 E peq_android: volume index exceed range: 65535
06-28 15:35:48.812 24140 24212 D         : addLayerName, tid:24212
06-28 15:35:48.825   648  1284 E peq_android: volume index exceed range: 65535
06-28 15:35:48.830 24140 24212 D         : addLayerName, tid:24212
06-28 15:35:48.834  3093 24398 W NetRec  : [5094] ahtr.a: Timeout after 2241 ms while waiting for score updates. Returning 1.
06-28 15:35:48.846 24140 24212 D         : addLayerName, tid:24212
06-28 15:35:48.849   648  1284 E peq_android: volume index exceed range: 65535
06-28 15:35:48.853  3093 24398 I NetRec  : [5094] ahtr.a: Still entries pending update, scheduling new rapid_refresh_scores_task refresh.
06-28 15:35:48.862 24140 24212 D         : addLayerName, tid:24212
06-28 15:35:48.864  3093 24398 I NetRec  : [5094] ahtr.a: Completed rapid_refresh_scores_task score refresh task in 2293 ms, returning 1
06-28 15:35:48.868  1114  1827 V BroadcastQueue: Finished with ordered broadcast BroadcastRecord{9475df9 u0 com.google.android.gms.gcm.ACTION_SCHEDULE}
06-28 15:35:48.873   648  1284 E peq_android: volume index exceed range: 65535
06-28 15:35:48.881 24140 24212 D         : addLayerName, tid:24212
06-28 15:35:48.897   648  1284 E peq_android: volume index exceed range: 65535
06-28 15:35:48.903 24140 24212 D         : addLayerName, tid:24212
06-28 15:35:48.911 24140 24212 D         : addLayerName, tid:24212
06-28 15:35:48.920   648  1284 E peq_android: volume index exceed range: 65535
06-28 15:35:48.923  3093 11363 D WorkSource: Insert in WorkSource{} @ 0 uid 10021 name com.google.android.gms
06-28 15:35:48.924   646   646 E WifiHAL : enter wifi_get_link_stats
06-28 15:35:48.924  1114  9173 W HwAlarmManagerService: isContainsAppUidInWorksource-->happend NameNotFoundException
06-28 15:35:48.924  1114  9173 W HwAlarmManagerService: isContainsAppUidInWorksource-->happend NameNotFoundException
06-28 15:35:48.932 24140 24212 D         : addLayerName, tid:24212
06-28 15:35:48.942 24140 24212 D         : addLayerName, tid:24212
06-28 15:35:48.943   648  1284 E peq_android: volume index exceed range: 65535
06-28 15:35:48.960 24140 24212 D         : addLayerName, tid:24212
06-28 15:35:48.966   648  1284 E peq_android: volume index exceed range: 65535
06-28 15:35:48.978 24140 24212 D         : addLayerName, tid:24212
06-28 15:35:48.988   648  1284 E peq_android: volume index exceed range: 65535
06-28 15:35:48.996 24140 24212 D         : addLayerName, tid:24212
06-28 15:35:49.011 24140 24212 D         : addLayerName, tid:24212
06-28 15:35:49.012   648  1284 E peq_android: volume index exceed range: 65535
06-28 15:35:49.027 24140 24212 D         : addLayerName, tid:24212
06-28 15:35:49.035   648  1284 E peq_android: volume index exceed range: 65535
06-28 15:35:49.043 24140 24212 D         : addLayerName, tid:24212
06-28 15:35:49.058   648  1284 E peq_android: volume index exceed range: 65535
06-28 15:35:49.059 24140 24212 D         : addLayerName, tid:24212
06-28 15:35:49.075 24140 24212 D         : addLayerName, tid:24212
06-28 15:35:49.081   648  1284 E peq_android: volume index exceed range: 65535
06-28 15:35:49.094 24140 24212 D         : addLayerName, tid:24212
06-28 15:35:49.104   648  1284 E peq_android: volume index exceed range: 65535
06-28 15:35:49.110 24140 24212 D         : addLayerName, tid:24212
06-28 15:35:49.126 24140 24212 D         : addLayerName, tid:24212
06-28 15:35:49.128   648  1284 E peq_android: volume index exceed range: 65535
06-28 15:35:49.130   626  1582 I DlbDapDPProcess: process() called [1881500] times
06-28 15:35:49.143 24140 24212 D         : addLayerName, tid:24212
06-28 15:35:49.152   648  1284 E peq_android: volume index exceed range: 65535
06-28 15:35:49.160 24140 24212 D         : addLayerName, tid:24212
06-28 15:35:49.176   648  1284 E peq_android: volume index exceed range: 65535
06-28 15:35:49.176 24140 24212 D         : addLayerName, tid:24212
06-28 15:35:49.193 24140 24212 D         : addLayerName, tid:24212
06-28 15:35:49.199   648  1284 E peq_android: volume index exceed range: 65535
06-28 15:35:49.212 24140 24212 D         : addLayerName, tid:24212
06-28 15:35:49.223   648  1284 E peq_android: volume index exceed range: 65535
06-28 15:35:49.227 24140 24212 D         : addLayerName, tid:24212
06-28 15:35:49.243 24140 24212 D         : addLayerName, tid:24212
06-28 15:35:49.246   648  1284 E peq_android: volume index exceed range: 65535
06-28 15:35:49.259 24140 24212 D         : addLayerName, tid:24212
06-28 15:35:49.270   648  1284 E peq_android: volume index exceed range: 65535
06-28 15:35:49.278 24140 24212 D         : addLayerName, tid:24212
06-28 15:35:49.291 24140 24212 D         : addLayerName, tid:24212
06-28 15:35:49.296   648  1284 E peq_android: volume index exceed range: 65535
06-28 15:35:49.308 24140 24212 D         : addLayerName, tid:24212
06-28 15:35:49.319   648  1284 E peq_android: volume index exceed range: 65535
06-28 15:35:49.327 24140 24212 D         : addLayerName, tid:24212
06-28 15:35:49.341 24140 24212 D         : addLayerName, tid:24212
06-28 15:35:49.343   648  1284 E peq_android: volume index exceed range: 65535
06-28 15:35:49.359 24140 24212 D         : addLayerName, tid:24212
06-28 15:35:49.366   648  1284 E peq_android: volume index exceed range: 65535
06-28 15:35:49.376 24140 24212 D         : addLayerName, tid:24212
06-28 15:35:49.390   648  1284 E peq_android: volume index exceed range: 65535
06-28 15:35:49.391 24140 24212 D         : addLayerName, tid:24212
06-28 15:35:49.408 24140 24212 D         : addLayerName, tid:24212
06-28 15:35:49.414   648  1284 E peq_android: volume index exceed range: 65535
06-28 15:35:49.424 24140 24212 D         : addLayerName, tid:24212
06-28 15:35:49.440   648  1284 E peq_android: volume index exceed range: 65535
06-28 15:35:49.442 24140 24212 D         : addLayerName, tid:24212
06-28 15:35:49.455   574   594 W SocketListener: sending broadcast to Pid = 1114, Uid = 1000 
06-28 15:35:49.457  1114  1555 D NetdConnector: RCV <- {601 limit alert globalAlert wlan0}
06-28 15:35:49.457 24140 24212 D         : addLayerName, tid:24212
06-28 15:35:49.458  1114  1555 D NetdConnector: RCV <- {601 limit alert globalAlert wlan0}
06-28 15:35:49.459  1114  1240 D NetdConnector: RCV unsolicited event from native daemon, event = 601
06-28 15:35:49.461  1114  1240 I NetworkStats: limitReached
06-28 15:35:49.463  1114  1558 I NetworkStats: performPollLocked, pid = 1114
06-28 15:35:49.464   648  1284 E peq_android: volume index exceed range: 65535
06-28 15:35:49.474 24140 24212 D         : addLayerName, tid:24212
06-28 15:35:49.485  1114  1558 W NetworkStatsFactory: mStatsXtProcUid: /proc/net/comm/stats does not exist!
06-28 15:35:49.485  1114  1558 D HwNetworkStatsService: hwRecordUidAndProcSnapshotLocked currentTime = 1561707349461
06-28 15:35:49.489   648  1284 E peq_android: volume index exceed range: 65535
06-28 15:35:49.490 24140 24212 D         : addLayerName, tid:24212
06-28 15:35:49.499  1114  1558 I NetworkStatsFactory: javaReadNetworkStatsUidAndProcDetail. cost time = 14
06-28 15:35:49.505   650   650 D         : Jitter happen,total Jitter:20,FPS:61
06-28 15:35:49.508 24140 24212 D         : addLayerName, tid:24212
06-28 15:35:49.513   648  1284 E peq_android: volume index exceed range: 65535
06-28 15:35:49.521  1114  1558 D NetdConnector: SND -> {2033 bandwidth setglobalalert 2097152}
06-28 15:35:49.522  1114  1555 D NetdConnector: RCV <- {200 2033 Bandwidth command succeeeded}
06-28 15:35:49.523  1114  1555 D NetdConnector: RCV <- {200 2033 Bandwidth command succeeeded}
06-28 15:35:49.524 24140 24212 D         : addLayerName, tid:24212
06-28 15:35:49.527  2017  2247 E HSM_BG  : NatTrafficNotifyService:imsi is null, so return
06-28 15:35:49.538   648  1284 E peq_android: volume index exceed range: 65535
06-28 15:35:49.539 24140 24212 D         : addLayerName, tid:24212
06-28 15:35:49.557 24140 24212 D         : addLayerName, tid:24212
06-28 15:35:49.561   648  1284 E peq_android: volume index exceed range: 65535
06-28 15:35:49.573 24140 24212 D         : addLayerName, tid:24212
06-28 15:35:49.584   648  1284 E peq_android: volume index exceed range: 65535
06-28 15:35:49.589 24140 24212 D         : addLayerName, tid:24212
06-28 15:35:49.606 24140 24212 D         : addLayerName, tid:24212
06-28 15:35:49.609   648  1284 E peq_android: volume index exceed range: 65535
06-28 15:35:49.622 24140 24212 D         : addLayerName, tid:24212
06-28 15:35:49.632   648  1284 E peq_android: volume index exceed range: 65535
06-28 15:35:49.639 24140 24212 D         : addLayerName, tid:24212
06-28 15:35:49.655 24140 24212 D         : addLayerName, tid:24212
06-28 15:35:49.658   648  1284 E peq_android: volume index exceed range: 65535
06-28 15:35:49.671 24140 24212 D         : addLayerName, tid:24212
06-28 15:35:49.681   648  1284 E peq_android: volume index exceed range: 65535
06-28 15:35:49.687 24140 24212 D         : addLayerName, tid:24212
06-28 15:35:49.705   648  1284 E peq_android: volume index exceed range: 65535
06-28 15:35:49.705 24140 24212 D         : addLayerName, tid:24212
06-28 15:35:49.706   635   635 I GameScheduler: Period: 18181, Loss Average: -1654, Idle Average: 14573
06-28 15:35:49.706   635   635 I GameScheduler: Prefered margin = 3000
06-28 15:35:49.722 24140 24212 D         : addLayerName, tid:24212
06-28 15:35:49.729   648  1284 E peq_android: volume index exceed range: 65535
06-28 15:35:49.739 24140 24212 D         : addLayerName, tid:24212
06-28 15:35:49.753   648  1284 E peq_android: volume index exceed range: 65535
06-28 15:35:49.755 24140 24212 D         : addLayerName, tid:24212
06-28 15:35:49.772 24140 24212 D         : addLayerName, tid:24212
06-28 15:35:49.777   648  1284 E peq_android: volume index exceed range: 65535
06-28 15:35:49.788 24140 24212 D         : addLayerName, tid:24212
06-28 15:35:49.789   635   635 I AISched FPS: currentfps 60,detected fps 60,flag 0,high 28,low 12,sleepPercent 0.904505,old 8,new 8
06-28 15:35:49.802   648  1284 E peq_android: volume index exceed range: 65535
06-28 15:35:49.805 24140 24212 D         : addLayerName, tid:24212
06-28 15:35:49.821 24140 24212 D         : addLayerName, tid:24212
06-28 15:35:49.827   648  1284 E peq_android: volume index exceed range: 65535
06-28 15:35:49.836 24140 24212 D         : addLayerName, tid:24212
06-28 15:35:49.851   648  1284 E peq_android: volume index exceed range: 65535
06-28 15:35:49.853 24140 24212 D         : addLayerName, tid:24212
06-28 15:35:49.871 24140 24212 D         : addLayerName, tid:24212
06-28 15:35:49.874   648  1284 E peq_android: volume index exceed range: 65535
06-28 15:35:49.886 24140 24212 D         : addLayerName, tid:24212
06-28 15:35:49.898   648  1284 E peq_android: volume index exceed range: 65535
06-28 15:35:49.903 24140 24212 D         : addLayerName, tid:24212
06-28 15:35:49.920 24140 24212 D         : addLayerName, tid:24212
06-28 15:35:49.922   648  1284 E peq_android: volume index exceed range: 65535
06-28 15:35:49.938 24140 24212 D         : addLayerName, tid:24212
06-28 15:35:49.946   648  1284 E peq_android: volume index exceed range: 65535
06-28 15:35:49.954 24140 24212 D         : addLayerName, tid:24212
06-28 15:35:49.970 24140 24212 D         : addLayerName, tid:24212
06-28 15:35:49.972   648  1284 E peq_android: volume index exceed range: 65535
06-28 15:35:49.986 24140 24212 D         : addLayerName, tid:24212
06-28 15:35:49.996   648  1284 E peq_android: volume index exceed range: 65535
06-28 15:35:50.006 24140 24212 D         : addLayerName, tid:24212
06-28 15:35:50.018 24140 24212 D         : addLayerName, tid:24212
06-28 15:35:50.020   648  1284 E peq_android: volume index exceed range: 65535
06-28 15:35:50.036 24140 24212 D         : addLayerName, tid:24212
06-28 15:35:50.045   648  1284 E peq_android: volume index exceed range: 65535
06-28 15:35:50.051 24140 24212 D         : addLayerName, tid:24212
06-28 15:35:50.069   648  1284 E peq_android: volume index exceed range: 65535
06-28 15:35:50.070 24140 24212 D         : addLayerName, tid:24212
06-28 15:35:50.085 24140 24212 D         : addLayerName, tid:24212
06-28 15:35:50.092   648  1284 E peq_android: volume index exceed range: 65535
06-28 15:35:50.102 24140 24212 D         : addLayerName, tid:24212
06-28 15:35:50.116   648  1284 E peq_android: volume index exceed range: 65535
06-28 15:35:50.121 24140 24212 D         : addLayerName, tid:24212
06-28 15:35:50.135 24140 24212 D         : addLayerName, tid:24212
06-28 15:35:50.140   648  1284 E peq_android: volume index exceed range: 65535
06-28 15:35:50.151 24140 24212 D         : addLayerName, tid:24212
06-28 15:35:50.164   648  1284 E peq_android: volume index exceed range: 65535
06-28 15:35:50.171 24140 24212 D         : addLayerName, tid:24212
06-28 15:35:50.185 24140 24212 D         : addLayerName, tid:24212
06-28 15:35:50.188   648  1284 E peq_android: volume index exceed range: 65535
06-28 15:35:50.201 24140 24212 D         : addLayerName, tid:24212
06-28 15:35:50.213   648  1284 E peq_android: volume index exceed range: 65535
06-28 15:35:50.220 24140 24212 D         : addLayerName, tid:24212
06-28 15:35:50.234 24140 24212 D         : addLayerName, tid:24212
06-28 15:35:50.237   648  1284 E peq_android: volume index exceed range: 65535
06-28 15:35:50.251 24140 24212 D         : addLayerName, tid:24212
06-28 15:35:50.262   648  1284 E peq_android: volume index exceed range: 65535
06-28 15:35:50.267 24140 24212 D         : addLayerName, tid:24212
06-28 15:35:50.285 24140 24212 D         : addLayerName, tid:24212
06-28 15:35:50.286   648  1284 E peq_android: volume index exceed range: 65535
06-28 15:35:50.301 24140 24212 D         : addLayerName, tid:24212
06-28 15:35:50.302   776   776 E Thermal-daemon: [pa_0] temp_new :42  temp_old :41
06-28 15:35:50.302  1952  1966 I ThermalService: Receive temperature change, type: 1, temp: 42 from thermald
06-28 15:35:50.303  1952  2586 D HwThermalStateManager: Thermal type: 1 cur_temperature:42
06-28 15:35:50.303   776   776 E Thermal-daemon: Report temperature: [pa_0] temp :42  report_threshold:1
06-28 15:35:50.310   648  1284 E peq_android: volume index exceed range: 65535
06-28 15:35:50.317 24140 24212 D         : addLayerName, tid:24212
06-28 15:35:50.334   648  1284 E peq_android: volume index exceed range: 65535
06-28 15:35:50.334 24140 24212 D         : addLayerName, tid:24212
06-28 15:35:50.350 24140 24212 D         : addLayerName, tid:24212
06-28 15:35:50.358   648  1284 E peq_android: volume index exceed range: 65535
06-28 15:35:50.366 24140 24212 D         : addLayerName, tid:24212
06-28 15:35:50.382   648  1284 E peq_android: volume index exceed range: 65535
06-28 15:35:50.384 24140 24212 D         : addLayerName, tid:24212
06-28 15:35:50.399 24140 24212 D         : addLayerName, tid:24212
06-28 15:35:50.406   648  1284 E peq_android: volume index exceed range: 65535
06-28 15:35:50.416 24140 24212 D         : addLayerName, tid:24212
06-28 15:35:50.432   648  1284 E peq_android: volume index exceed range: 65535
06-28 15:35:50.435 24140 24212 D         : addLayerName, tid:24212
06-28 15:35:50.449 24140 24212 D         : addLayerName, tid:24212
06-28 15:35:50.456   648  1284 E peq_android: volume index exceed range: 65535
06-28 15:35:50.466 24140 24212 D         : addLayerName, tid:24212
06-28 15:35:50.480   648  1284 E peq_android: volume index exceed range: 65535
06-28 15:35:50.487 24140 24212 D         : addLayerName, tid:24212
06-28 15:35:50.498 24140 24212 D         : addLayerName, tid:24212
06-28 15:35:50.503   648  1284 E peq_android: volume index exceed range: 65535
06-28 15:35:50.514 24140 24212 D         : addLayerName, tid:24212
06-28 15:35:50.527   648  1284 E peq_android: volume index exceed range: 65535
06-28 15:35:50.532 24140 24212 D         : addLayerName, tid:24212
06-28 15:35:50.549 24140 24212 D         : addLayerName, tid:24212
06-28 15:35:50.551   648  1284 E peq_android: volume index exceed range: 65535
06-28 15:35:50.564 24140 24212 D         : addLayerName, tid:24212
06-28 15:35:50.575   648  1284 E peq_android: volume index exceed range: 65535
06-28 15:35:50.582 24140 24212 D         : addLayerName, tid:24212
06-28 15:35:50.600   648  1284 E peq_android: volume index exceed range: 65535
06-28 15:35:50.601 24140 24212 D         : addLayerName, tid:24212
06-28 15:35:50.604  1114  1646 I chatty  : uid=1000(system) wifipro_network expire 12 lines
06-28 15:35:50.615 24140 24212 D         : addLayerName, tid:24212
06-28 15:35:50.619  1114 24401 I chatty  : uid=1000 system_server expire 1 line
06-28 15:35:50.624   648  1284 E peq_android: volume index exceed range: 65535
06-28 15:35:50.627  1114 24402 I chatty  : uid=1000 system_server expire 1 line
06-28 15:35:50.633 24140 24212 D         : addLayerName, tid:24212
06-28 15:35:50.650 24140 24212 D         : addLayerName, tid:24212
06-28 15:35:50.651   648  1284 E peq_android: volume index exceed range: 65535
06-28 15:35:50.663 24140 24212 D         : addLayerName, tid:24212
06-28 15:35:50.676   648  1284 E peq_android: volume index exceed range: 65535
06-28 15:35:50.681 24140 24212 D         : addLayerName, tid:24212
06-28 15:35:50.697 24140 24212 D         : addLayerName, tid:24212
06-28 15:35:50.702   648  1284 E peq_android: volume index exceed range: 65535
06-28 15:35:50.713 24140 24212 D         : addLayerName, tid:24212
06-28 15:35:50.726   648  1284 E peq_android: volume index exceed range: 65535
06-28 15:35:50.732 24140 24212 D         : addLayerName, tid:24212
06-28 15:35:50.746 24140 24212 D         : addLayerName, tid:24212
06-28 15:35:50.749   648  1284 E peq_android: volume index exceed range: 65535
06-28 15:35:50.765 24140 24212 D         : addLayerName, tid:24212
06-28 15:35:50.768  1952  5283 I DownloadState: 2000 stop download, curr: 1183038120, base: 1106004278, delta: 77033842
06-28 15:35:50.768  1952  5283 I DownloadState: @@@@@@@@@@@@ uid :2000 download :false
06-28 15:35:50.768  1952  5283 I PGServer: report state:5 event type:2 pid:0 uid:2000 pkg:null to pid: 1114
06-28 15:35:50.774   648  1284 E peq_android: volume index exceed range: 65535
06-28 15:35:50.786 24140 24212 D         : addLayerName, tid:24212
06-28 15:35:50.795 24140 24212 D         : addLayerName, tid:24212
06-28 15:35:50.797   648  1284 E peq_android: volume index exceed range: 65535
06-28 15:35:50.811 24140 24212 D         : addLayerName, tid:24212
06-28 15:35:50.820   648  1284 E peq_android: volume index exceed range: 65535
06-28 15:35:50.829 24140 24212 D         : addLayerName, tid:24212
06-28 15:35:50.844   648  1284 E peq_android: volume index exceed range: 65535
06-28 15:35:50.845 24140 24212 D         : addLayerName, tid:24212
06-28 15:35:50.861 24140 24212 D         : addLayerName, tid:24212
06-28 15:35:50.868   648  1284 E peq_android: volume index exceed range: 65535
06-28 15:35:50.878 24140 24212 D         : addLayerName, tid:24212
06-28 15:35:50.893   648  1284 E peq_android: volume index exceed range: 65535
06-28 15:35:50.895 24140 24212 D         : addLayerName, tid:24212
06-28 15:35:50.911 24140 24212 D         : addLayerName, tid:24212
06-28 15:35:50.917   648  1284 E peq_android: volume index exceed range: 65535
06-28 15:35:50.929 24140 24212 D         : addLayerName, tid:24212
06-28 15:35:50.947 24140 24212 D         : addLayerName, tid:24212
06-28 15:35:50.948   648  1284 E peq_android: volume index exceed range: 65535
06-28 15:35:50.962 24140 24212 D         : addLayerName, tid:24212
06-28 15:35:50.972   648  1284 E peq_android: volume index exceed range: 65535
06-28 15:35:50.979 24140 24212 D         : addLayerName, tid:24212
06-28 15:35:50.996 24140 24212 D         : addLayerName, tid:24212
06-28 15:35:50.998   648  1284 E peq_android: volume index exceed range: 65535
06-28 15:35:51.000   731   731 W irqbalance: type=1400 audit(0.0:35430): avc: denied { dac_override } for capability=1 scontext=u:r:irqbalance:s0 tcontext=u:r:irqbalance:s0 tclass=capability permissive=0
06-28 15:35:51.006   731   731 I irqbalance: Decided to move irq 101 from cpu 0 to cpu 1
06-28 15:35:51.011 24140 24212 D         : addLayerName, tid:24212
06-28 15:35:51.023   648  1284 E peq_android: volume index exceed range: 65535
06-28 15:35:51.029 24140 24212 D         : addLayerName, tid:24212
06-28 15:35:51.044 24140 24212 D         : addLayerName, tid:24212
06-28 15:35:51.047   648  1284 E peq_android: volume index exceed range: 65535
06-28 15:35:51.061 24140 24212 D         : addLayerName, tid:24212
06-28 15:35:51.072   648  1284 E peq_android: volume index exceed range: 65535
06-28 15:35:51.077 24140 24212 D         : addLayerName, tid:24212
06-28 15:35:51.094 24140 24212 D         : addLayerName, tid:24212
06-28 15:35:51.096   648  1284 E peq_android: volume index exceed range: 65535
06-28 15:35:51.110 24140 24212 D         : addLayerName, tid:24212
06-28 15:35:51.120   648  1284 E peq_android: volume index exceed range: 65535
06-28 15:35:51.127 24140 24212 D         : addLayerName, tid:24212
06-28 15:35:51.144   648  1284 E peq_android: volume index exceed range: 65535
06-28 15:35:51.144 24140 24212 D         : addLayerName, tid:24212
06-28 15:35:51.159 24140 24212 D         : addLayerName, tid:24212
06-28 15:35:51.169   648  1284 E peq_android: volume index exceed range: 65535
06-28 15:35:51.176 24140 24212 D         : addLayerName, tid:24212
06-28 15:35:51.193   648  1284 E peq_android: volume index exceed range: 65535
06-28 15:35:51.195 24140 24212 D         : addLayerName, tid:24212
06-28 15:35:51.196   635   635 I GameScheduler: Period: 18181, Loss Average: -1628, Idle Average: 14661
06-28 15:35:51.196   635   635 I GameScheduler: Prefered margin = 2500
06-28 15:35:51.210 24140 24212 D         : addLayerName, tid:24212
06-28 15:35:51.218   648  1284 E peq_android: volume index exceed range: 65535
06-28 15:35:51.227 24140 24212 D         : addLayerName, tid:24212
06-28 15:35:51.243   648  1284 E peq_android: volume index exceed range: 65535
06-28 15:35:51.244 24140 24212 D         : addLayerName, tid:24212
06-28 15:35:51.259 24140 24212 D         : addLayerName, tid:24212
06-28 15:35:51.270   648  1284 E peq_android: volume index exceed range: 65535
06-28 15:35:51.276 24140 24212 D         : addLayerName, tid:24212
06-28 15:35:51.291 24140 24212 D         : addLayerName, tid:24212
06-28 15:35:51.295   648  1284 E peq_android: volume index exceed range: 65535
06-28 15:35:51.309 24140 24212 D         : addLayerName, tid:24212
06-28 15:35:51.319  1900  2108 D HwWifiStatStore: handleMessage : 200
06-28 15:35:51.323   648  1284 E peq_android: volume index exceed range: 65535
06-28 15:35:51.325 24140 24212 D         : addLayerName, tid:24212
06-28 15:35:51.341 24140 24212 D         : addLayerName, tid:24212
06-28 15:35:51.348   648  1284 E peq_android: volume index exceed range: 65535
06-28 15:35:51.358 24140 24212 D         : addLayerName, tid:24212
06-28 15:35:51.371   648  1284 E peq_android: volume index exceed range: 65535
06-28 15:35:51.375 24140 24212 D         : addLayerName, tid:24212
06-28 15:35:51.392 24140 24212 D         : addLayerName, tid:24212
06-28 15:35:51.395   648  1284 E peq_android: volume index exceed range: 65535
06-28 15:35:51.409 24140 24212 D         : addLayerName, tid:24212
06-28 15:35:51.419   648  1284 E peq_android: volume index exceed range: 65535
06-28 15:35:51.425 24140 24212 D         : addLayerName, tid:24212
06-28 15:35:51.441 24140 24212 D         : addLayerName, tid:24212
06-28 15:35:51.442   635   635 I AISched FPS: currentfps 60,detected fps 60,flag 0,high 30,low 16,sleepPercent 0.906093,old 8,new 8
06-28 15:35:51.443   648  1284 E peq_android: volume index exceed range: 65535
06-28 15:35:51.457 24140 24212 D         : addLayerName, tid:24212
06-28 15:35:51.467   648  1284 E peq_android: volume index exceed range: 65535
06-28 15:35:51.474 24140 24212 D         : addLayerName, tid:24212
06-28 15:35:51.490 24140 24212 D         : addLayerName, tid:24212
06-28 15:35:51.493   648  1284 E peq_android: volume index exceed range: 65535
06-28 15:35:51.507 24140 24212 D         : addLayerName, tid:24212
06-28 15:35:51.517   648  1284 E peq_android: volume index exceed range: 65535
06-28 15:35:51.524 24140 24212 D         : addLayerName, tid:24212
06-28 15:35:51.541   648  1284 E peq_android: volume index exceed range: 65535
06-28 15:35:51.542 24140 24212 D         : addLayerName, tid:24212
06-28 15:35:51.545   574   594 W SocketListener: sending broadcast to Pid = 1114, Uid = 1000 
06-28 15:35:51.546  1114  1555 D NetdConnector: RCV <- {601 limit alert globalAlert wlan0}
06-28 15:35:51.547  1114  1555 D NetdConnector: RCV <- {601 limit alert globalAlert wlan0}
06-28 15:35:51.548  1114  1240 D NetdConnector: RCV unsolicited event from native daemon, event = 601
06-28 15:35:51.553  1114  1240 I NetworkStats: limitReached
06-28 15:35:51.555  1114  1558 I NetworkStats: performPollLocked, pid = 1114
06-28 15:35:51.557 24140 24212 D         : addLayerName, tid:24212
06-28 15:35:51.565   648  1284 E peq_android: volume index exceed range: 65535
06-28 15:35:51.574 24140 24212 D         : addLayerName, tid:24212
06-28 15:35:51.577  1114  1558 W NetworkStatsFactory: mStatsXtProcUid: /proc/net/comm/stats does not exist!
06-28 15:35:51.577  1114  1558 D HwNetworkStatsService: hwRecordUidAndProcSnapshotLocked currentTime = 1561707351554
06-28 15:35:51.589   648  1284 E peq_android: volume index exceed range: 65535
06-28 15:35:51.589 24140 24212 D         : addLayerName, tid:24212
06-28 15:35:51.592  1114  1558 I NetworkStatsFactory: javaReadNetworkStatsUidAndProcDetail. cost time = 15
06-28 15:35:51.605 24140 24212 D         : addLayerName, tid:24212
06-28 15:35:51.614  1114  1558 D NetdConnector: SND -> {2034 bandwidth setglobalalert 2097152}
06-28 15:35:51.615   648  1284 E peq_android: volume index exceed range: 65535
06-28 15:35:51.616  1114  1555 D NetdConnector: RCV <- {200 2034 Bandwidth command succeeeded}
06-28 15:35:51.617  1114  1555 D NetdConnector: RCV <- {200 2034 Bandwidth command succeeeded}
06-28 15:35:51.622 24140 24212 D         : addLayerName, tid:24212
06-28 15:35:51.624  2017  2247 E HSM_BG  : NatTrafficNotifyService:imsi is null, so return
06-28 15:35:51.638   648  1284 E peq_android: volume index exceed range: 65535
06-28 15:35:51.639 24140 24212 D         : addLayerName, tid:24212
06-28 15:35:51.655 24140 24212 D         : addLayerName, tid:24212
06-28 15:35:51.661   648  1284 E peq_android: volume index exceed range: 65535
06-28 15:35:51.670 24140 24212 D         : addLayerName, tid:24212
06-28 15:35:51.684   648  1284 E peq_android: volume index exceed range: 65535
06-28 15:35:51.688 24140 24212 D         : addLayerName, tid:24212
06-28 15:35:51.704 24140 24212 D         : addLayerName, tid:24212
06-28 15:35:51.707   648  1284 E peq_android: volume index exceed range: 65535
06-28 15:35:51.721 24140 24212 D         : addLayerName, tid:24212
06-28 15:35:51.730   648  1284 E peq_android: volume index exceed range: 65535
06-28 15:35:51.738 24140 24212 D         : addLayerName, tid:24212
06-28 15:35:51.755 24140 24212 D         : addLayerName, tid:24212
06-28 15:35:51.756   648  1284 E peq_android: volume index exceed range: 65535
06-28 15:35:51.771 24140 24212 D         : addLayerName, tid:24212
06-28 15:35:51.779   648  1284 E peq_android: volume index exceed range: 65535
06-28 15:35:51.788 24140 24212 D         : addLayerName, tid:24212
06-28 15:35:51.803   648  1284 E peq_android: volume index exceed range: 65535
06-28 15:35:51.806 24140 24212 D         : addLayerName, tid:24212
06-28 15:35:51.821 24140 24212 D         : addLayerName, tid:24212
06-28 15:35:51.827   648  1284 E peq_android: volume index exceed range: 65535
06-28 15:35:51.838 24140 24212 D         : addLayerName, tid:24212
06-28 15:35:51.850   648  1284 E peq_android: volume index exceed range: 65535
06-28 15:35:51.856 24140 24212 D         : addLayerName, tid:24212
06-28 15:35:51.871 24140 24212 D         : addLayerName, tid:24212
06-28 15:35:51.875   648  1284 E peq_android: volume index exceed range: 65535
06-28 15:35:51.887 24140 24212 D         : addLayerName, tid:24212
06-28 15:35:51.898   648  1284 E peq_android: volume index exceed range: 65535
06-28 15:35:51.904 24140 24212 D         : addLayerName, tid:24212
06-28 15:35:51.920 24140 24212 D         : addLayerName, tid:24212
06-28 15:35:51.922   648  1284 E peq_android: volume index exceed range: 65535
06-28 15:35:51.937 24140 24212 D         : addLayerName, tid:24212
06-28 15:35:51.938   646   646 E WifiHAL : enter wifi_get_link_stats
06-28 15:35:51.946   648  1284 E peq_android: volume index exceed range: 65535
06-28 15:35:51.955 24140 24212 D         : addLayerName, tid:24212
06-28 15:35:51.969   648  1284 E peq_android: volume index exceed range: 65535
06-28 15:35:51.970 24140 24212 D         : addLayerName, tid:24212
06-28 15:35:51.986 24140 24212 D         : addLayerName, tid:24212
06-28 15:35:51.994   648  1284 E peq_android: volume index exceed range: 65535
06-28 15:35:52.003 24140 24212 D         : addLayerName, tid:24212
06-28 15:35:52.019   648  1284 E peq_android: volume index exceed range: 65535
06-28 15:35:52.020 24140 24212 D         : addLayerName, tid:24212
06-28 15:35:52.036 24140 24212 D         : addLayerName, tid:24212
06-28 15:35:52.043   648  1284 E peq_android: volume index exceed range: 65535
06-28 15:35:52.053 24140 24212 D         : addLayerName, tid:24212
06-28 15:35:52.068   648  1284 E peq_android: volume index exceed range: 65535
06-28 15:35:52.068 24140 24212 D         : addLayerName, tid:24212
06-28 15:35:52.086 24140 24212 D         : addLayerName, tid:24212
06-28 15:35:52.091   648  1284 E peq_android: volume index exceed range: 65535
06-28 15:35:52.103 24140 24212 D         : addLayerName, tid:24212
06-28 15:35:52.118   648  1284 E peq_android: volume index exceed range: 65535
06-28 15:35:52.121 24140 24212 D         : addLayerName, tid:24212
06-28 15:35:52.136 24140 24212 D         : addLayerName, tid:24212
06-28 15:35:52.142   648  1284 E peq_android: volume index exceed range: 65535
06-28 15:35:52.154 24140 24212 D         : addLayerName, tid:24212
06-28 15:35:52.168 24140 24212 D         : addLayerName, tid:24212
06-28 15:35:52.169   648  1284 E peq_android: volume index exceed range: 65535
06-28 15:35:52.184 24140 24212 D         : addLayerName, tid:24212
06-28 15:35:52.193   648  1284 E peq_android: volume index exceed range: 65535
06-28 15:35:52.202 24140 24212 D         : addLayerName, tid:24212
06-28 15:35:52.218 24140 24212 D         : addLayerName, tid:24212
06-28 15:35:52.219   648  1284 E peq_android: volume index exceed range: 65535
06-28 15:35:52.235 24140 24212 D         : addLayerName, tid:24212
06-28 15:35:52.243   648  1284 E peq_android: volume index exceed range: 65535
06-28 15:35:52.250 24140 24212 D         : addLayerName, tid:24212
06-28 15:35:52.267 24140 24212 D         : addLayerName, tid:24212
06-28 15:35:52.268   648  1284 E peq_android: volume index exceed range: 65535
06-28 15:35:52.285 24140 24212 D         : addLayerName, tid:24212
06-28 15:35:52.292   648  1284 E peq_android: volume index exceed range: 65535
