--------- beginning of main
06-28 15:35:23.428 23950 23950 D HiTouch_PressGestureDetector: HiTouch on notch display, height corret:85
06-28 15:35:23.431 23791 23791 I du.input_huawe: System.exit called, status: 0
06-28 15:35:23.431 23791 23791 I AndroidRuntime: VM exiting with result code 0, cleanup skipped.
06-28 15:35:23.447 23950 24001 I FastInputIME: /whatsinput connected
06-28 15:35:23.450  1993  1993 W InputMethodManager: startInputReason = 5
06-28 15:35:23.465 23950 24001 I FastInputIME: /whatsinput disconnected
--------- beginning of system
06-28 15:35:23.502  1114 11860 I ActivityManager: Process com.baidu.input_huawei (pid 23791) has died: fore SVC 
06-28 15:35:23.502   576   576 I Zygote  : Process 23791 exited cleanly (0)
06-28 15:35:23.502  1114 11860 D ActivityManager: cleanUpApplicationRecord app: ProcessRecord{427f8ba 23791:com.baidu.input_huawei/u0a59}, app.bad: false, restarting: false, allowRestart: true
06-28 15:35:23.503  1114  1226 I chatty  : uid=1000(system) ActivityManager expire 4 lines
06-28 15:35:23.505  1869  2315 I chatty  : uid=1000(system) Binder:1869_5 expire 4 lines
06-28 15:35:23.508  1952  2594 I chatty  : uid=1000(system) iAwareNRT expire 10 lines
06-28 15:35:23.508  1869 13669 I BoosterSwitchP: notifyUidState do nothing
06-28 15:35:23.508  1869 13669 I DeepNoDisturbP: notifyUidState
06-28 15:35:23.508  1869 13669 I HidataAppQoeP: notifyUidState
06-28 15:35:23.508  1869 13669 I BrowserChrP: notifyUidState
06-28 15:35:23.517  1114  2570 I chatty  : uid=1000(system) Binder:1114_E expire 4 lines
06-28 15:35:23.749  1114  1273 W HwPackageManagerServiceEx: isEnterpriseDisallowUninstallApk disallowUninstallPkgList : null
06-28 15:35:23.749  1114  1273 D PackageManager: mFrozenPackages add package:com.mixgo.PropertySEO
06-28 15:35:23.749  1114  1222 I ActivityManager: Force stopping com.mixgo.PropertySEO appid=10396 user=-1: deletePackageX
06-28 15:35:23.752  1114  1222 I ActivityManager: Force stopping com.mixgo.PropertySEO appid=10396 user=-1: uninstall pkg
06-28 15:35:23.759  1114  1273 I PackageManager: Removing old permission tree: com.mixgo.PropertySEO.permission.JPUSH_MESSAGE from package com.mixgo.PropertySEO
06-28 15:35:23.794  1114  1273 D PackageManager: clear pref activity com.mixgo.PropertySEO from uid 1000
06-28 15:35:23.969   761   761 I keystore: clear_uid 10396
06-28 15:35:23.971  1114  1273 D PackageManager: mFrozenPackages remove package:com.mixgo.PropertySEO
06-28 15:35:24.005   626  1281 I chatty  : uid=1041(audioserver) HwBinder:626_2 expire 13 lines
06-28 15:35:24.006   648 25335 I chatty  : uid=1041(audioserver) Binder:648_7 expire 5 lines
06-28 15:35:24.008  1114  1581 I HwAudioServiceEx: check HiRes Icon false
06-28 15:35:24.012  1114  1581 I chatty  : uid=1000(system) Thread-17 expire 2 lines
06-28 15:35:24.016  1724  1724 D StatusBarIconController: setIconVisibility icon is null or visibility not change visibility=false
06-28 15:35:24.228  1114  1217 I PackageManager: writePermissionsSync -> user:0, put true:, Build.FINGERPRINT:HUAWEI/EML-AL00/HWEML:9/HUAWEIEML-AL00/187C00R1:user/release-keys, fingerprint:HUAWEI/EML-AL00/HWEML:9/HUAWEIEML-AL00/187C00R1:user/release-keys
06-28 15:35:24.263  1900  2108 I chatty  : uid=1000(system) HwWifiStatStore expire 5 lines
06-28 15:35:24.293  1114  1273 I chatty  : uid=1000(system) PackageManager expire 4 lines
06-28 15:35:24.301  1114  1123 I chatty  : uid=1000(system) FinalizerDaemon expire 2 lines
06-28 15:35:24.310  1114  1273 I ActivityManager: Force stopping com.mixgo.PropertySEO appid=10396 user=0: pkg removed
06-28 15:35:24.319  1114  6926 I chatty  : uid=1000(system) AsyUploadThread expire 1 line
06-28 15:35:24.387  1724  1724 I EventCenter: EventCenter Get :android.intent.action.PACKAGE_REMOVED
06-28 15:35:24.387  1724  1724 W StepCounterMonitor: onReceive action:android.intent.action.PACKAGE_REMOVED
06-28 15:35:24.397  1952  2110 I chatty  : uid=1000(system) core expire 60 lines
06-28 15:35:24.400  1920  3847 D HwNaturalBase: [IntentService[ObserverHandlerThread]]: IndexService buildAysncIndex
06-28 15:35:24.400  1920  2896 D HwNaturalBase: [IndexTaskerHandler[HandlerThread]]: IndexTasker:  IndexTasker start
06-28 15:35:24.408  1920  2896 W ContextImpl: Calling a method in the system process without a qualified user: android.app.ContextImpl.bindService:1876 android.content.ContextWrapper.bindService:698 com.huawei.nb.searchmanager.service.RemoteIndexSearchManager.ensureIndexSearchServiceBound:342 com.huawei.nb.searchmanager.service.RemoteIndexSearchManager.buildIndex:287 com.huawei.nb.searchmanager.tasker.IndexTasker.doIndexTaskerAction:94 
06-28 15:35:24.411  1952  2241 I chatty  : uid=1000(system) actions handler expire 11 lines
06-28 15:35:24.415  1952  2237 I chatty  : uid=1000(system) AppInfoHandler expire 3 lines
06-28 15:35:24.420  1920  3847 D HwNaturalBase: [IntentService[ObserverHandlerThread]]: IndexService buildAysncIndex
06-28 15:35:24.423  1993  2117 W HwLauncher: SimpleLauncherModeNobody to tell about the new app.  Launcher is probably loading.
06-28 15:35:24.426  1114  1541 I chatty  : uid=1000(system) InputReader expire 2 lines
06-28 15:35:24.434  1869  1869 I HwKeystoreServiceImpl: ACTION_PACKAGE_REMOVED userId:0 appId:10396 packageName:com.mixgo.PropertySEO removeAll:true
06-28 15:35:24.435  1869  1869 I HwKeystoreServiceImpl: UserInfo uid:0
06-28 15:35:24.435  1920  3847 D HwNaturalBase: [IntentService[ObserverHandlerThread]]: IndexService buildAysncIndex
06-28 15:35:24.441  1969  1969 I SmsApplication: updatedNeeded = true for userId = 0
06-28 15:35:24.447  1724  1724 I HwPhoneStatusBar: mPackageReceiver onReceive action = android.intent.action.PACKAGE_REMOVED
06-28 15:35:24.449  1114  1217 I [SPMN]  : insert SECURE -- name = accessibility_enabled, package = android, user = 0, value = 1
06-28 15:35:24.453  1114  1217 I chatty  : uid=1000(system) android.bg expire 8 lines
06-28 15:35:24.466  3045  3045 D RegisteredNxpServicesCache: uninstall packageName:com.mixgo.PropertySEO
06-28 15:35:24.474  1969  1969 D CarrierSvcBindHelper: No carrier app for: 0
06-28 15:35:24.474  1969  1969 D CarrierSvcBindHelper: No carrier app for: 1
06-28 15:35:24.478  5533  5533 I chatty  : uid=1000(system) com.huawei.android.pushagent.PushService expire 6 lines
06-28 15:35:24.479  3189  3189 I HiBoard_MainView: onReceive intent.getAction() android.intent.action.PACKAGE_REMOVED
06-28 15:35:24.479  3189  3189 I HiBoard_MainView: ACTION_PACKAGE_REMOVED : packageName =com.mixgo.PropertySEO
06-28 15:35:24.480  3189  4513 E Utils   : getShortCutsInLaunch enter
06-28 15:35:24.483  1701  1722 E HiApp.InstalledAppDataMgr: pool-6-thread-1{1349} <<< ERROR >>> removeInstalledApp, installedAppList == null
06-28 15:35:24.489  1114  1114 W Looper  : Slow dispatch took 117ms main h=com.android.server.job.JobSchedulerService$JobHandler c=null m=4
06-28 15:35:24.493  5533  5549 I chatty  : uid=1000(system) ReceiverDispatc expire 14 lines
06-28 15:35:24.493  1701  1722 E HiApp.InstalledAppDataMgr: main{1} <<< ERROR >>> removeInstalledApp, installedAppList == null
06-28 15:35:24.500  1701  1722 W HiApp.DownloadEngine/HiAppDownload: main{1} <<< WARN >>> DownloadManager.cancel failed, no such task, package=com.mixgo.PropertySEO
06-28 15:35:24.509  1869  1869 I chatty  : uid=1000(system) com.huawei.systemserver expire 5 lines
06-28 15:35:24.509  1869  1869 I PreDnsQuery: onReceive: intent = android.intent.action.PACKAGE_REMOVED
06-28 15:35:24.509 12393 24015 W ContextImpl: Calling a method in the system process without a qualified user: android.app.ContextImpl.bindService:1876 android.content.ContextWrapper.bindService:698 com.huawei.nb.client.RemoteServiceConnection.open:90 com.huawei.nb.client.DataServiceProxy.connect:129 com.huawei.nb.searchmanager.searchengine.service.RemoteIndexSearchService.getDataServiceProxy:121 
06-28 15:35:24.509  1869  2319 I chatty  : uid=1000(system) EmcomThread expire 11 lines
06-28 15:35:24.510   755  1267 D dubaid  : [PackageProperty.cpp] removePackage# remove uid=10396 name=com.mixgo.PropertySEO
06-28 15:35:24.527  1900  2154 I chatty  : uid=1000(system) BD.BDRecorder expire 1 line
06-28 15:35:24.532  1114  1558 I NetworkStats: ACTION_UID_REMOVED onReceive
06-28 15:35:24.533   755  1267 D dubaid  : [PackageProperty.cpp] removeUid# remove uid=10396
06-28 15:35:24.533   755  1268 D dubaid  : [TrafficReader.cpp] removeUid# remove uid=10396
06-28 15:35:24.533  1114  1558 I NetworkStats: performPollLocked, pid = 1114
06-28 15:35:24.549  3189  4513 I HiBoard_Utils: getShortCutsInLaunch leave
06-28 15:35:24.549  3189  4513 I HiBoard_GetInstalledTask: getAllShortCut() size =89
06-28 15:35:24.553  1114  1684 I chatty  : uid=1000(system) Binder:1114_4 expire 3 lines
06-28 15:35:24.558 24017 24017 E         : iptables cmd:iptables-restore
06-28 15:35:24.568  1114  2452 I HwNetworkPolicy: onTransact, code = 202
06-28 15:35:24.568  2017  2017 I HwNetworkPolicyManager: removeHwUidPolicy uid = 10396 policy = -1 opPackageName = com.huawei.systemmanager
06-28 15:35:24.570  3662 23449 D WorkSource: Insert in WorkSource{} @ 0 uid 10021 name com.google.android.gms
06-28 15:35:24.571  1114  6160 I chatty  : uid=1000(system) Binder:1114_14 expire 19 lines
06-28 15:35:24.571  3189  4513 I HiBoard_GetInstalledTask: getAllPacksInfo() size =275
06-28 15:35:24.571  3189  4513 I HiBoard_ChannelInstantAccess: deleteService() packName = com.mixgo.PropertySEO
06-28 15:35:24.571  3189  4513 I HiBoard_GetInstalledTask: updateHuaweiScanServerTitle() needUpdate = false
06-28 15:35:24.577 24018 24018 E         : iptables cmd:ip6tables-restore
06-28 15:35:24.581  2017  3032 W ContextImpl: Calling a method in the system process without a qualified user: android.app.ContextImpl.startService:1796 android.content.ContextWrapper.startService:664 com.huawei.systemmanager.spacecleanner.receiver.SpaceCleanReceiver.checkRarelyUsedApp:100 com.huawei.systemmanager.spacecleanner.receiver.SpaceCleanReceiver.doInBackground:46 java.lang.reflect.Method.invoke:-2 
06-28 15:35:24.584 13352 13352 W ContextImpl: Calling a method in the system process without a qualified user: android.app.ContextImpl.startService:1796 android.content.ContextWrapper.startService:664 android.content.ContextWrapper.startService:664 com.android.settings.applications.BlackListReceiver.onReceive:41 android.app.ActivityThread.handleReceiver:3856 
06-28 15:35:24.586  1114  6160 D SecurityProfileService: removeLabel:com.mixgo.PropertySEO
06-28 15:35:24.588  1114  6160 D SecurityProfileDB: writing: {
06-28 15:35:24.588  1114  6160 D SecurityProfileDB:     "overlay_labels": {},
06-28 15:35:24.588  1114  6160 D SecurityProfileDB:     "domains": {
06-28 15:35:24.588  1114  6160 D SecurityProfileDB:         "com.huawei.smarthome": [
06-28 15:35:24.588  1114  6160 D SecurityProfileDB:             {
06-28 15:35:24.588  1114  6160 D SecurityProfileDB:                 "policy_version": 6,
06-28 15:35:24.588  1114  6160 D SecurityProfileDB:                 "apk_digest": {
06-28 15:35:24.588  1114  6160 D SecurityProfileDB:                     "digest_algorithm": "SHA-256",
06-28 15:35:24.588  1114  6160 D SecurityProfileDB:                     "digest": "8kAADpcRny0My5sa9TarBImvXnGs4epGshhmrbOt2Js=",
06-28 15:35:24.588  1114  6160 D SecurityProfileDB:                     "signature_scheme": "v2"
06-28 15:35:24.588  1114  6160 D SecurityProfileDB:                 },
06-28 15:35:24.588  1114  6160 D SecurityProfileDB:                 "rules": [],
06-28 15:35:24.588  1114  6160 D SecurityProfileDB:                 "labels": [
06-28 15:35:24.588  1114  6160 D SecurityProfileDB:                     "NORMAL"
06-28 15:35:24.588  1114  6160 D SecurityProfileDB:                 ]
06-28 15:35:24.588  1114  6160 D SecurityProfileDB:             }
06-28 15:35:24.588  1114  6160 D SecurityProfileDB:         ],
06-28 15:35:24.588  1114  6160 D SecurityProfileDB:         "com.ximalaya.ting.android": [
06-28 15:35:24.588  1114  6160 D SecurityProfileDB:             {
06-28 15:35:24.588  1114  6160 D SecurityProfileDB:                 "policy_version": 2,
06-28 15:35:24.588  1114  6160 D SecurityProfileDB:                 "apk_digest": {
06-28 15:35:24.588  1114  6160 D SecurityProfileDB:                     "digest_algorithm": "SHA-256",
06-28 15:35:24.588  1114  6160 D SecurityProfileDB:                     "digest": "ltEwA2NUWdvMg5xpCVbO2OYvn5VUqmcGgsUQtvGID08=",
06-28 15:35:24.588  1114  6160 D SecurityProfileDB:                     "signature_scheme": "v2"
06-28 15:35:24.588  1114  6160 D SecurityProfileDB:                 },
06-28 15:35:24.588  1114  6160 D SecurityProfileDB:                 "rules": [],
06-28 15:35:24.588  1114  6160 D SecurityProfileDB:                 "labels": [
06-28 15:35:24.588  1114  6160 D SecurityProfileDB:                     "NORMAL"
06-28 15:35:24.588  1114  6160 D SecurityProfileDB:                 ]
06-28 15:35:24.588  1114  6160 D SecurityProfileDB:             }
06-28 15:35:24.588  1114  6160 D SecurityProfileDB:         ],
06-28 15:35:24.588  1114  6160 D SecurityProfileDB:         "com.vmall.client": [
06-28 15:35:24.588  1114  6160 D SecurityProfileDB:             {
06-28 15:35:24.588  1114  6160 D SecurityProfileDB:                 "policy_version": 3,
06-28 15:35:24.588  1114  6160 D SecurityProfileDB:                 "apk_digest": {
06-28 15:35:24.588  1114  6160 D SecurityProfileDB:                     "digest_algorithm": "SHA-256",
06-28 15:35:24.588  1114  6160 D SecurityProfileDB:                     "digest": "MjshbEeBIuhNyAmxiJ8bUyQbdfOiMe4LVrdpyfyBLck=",
06-28 15:35:24.588  1114  6160 D SecurityProfileDB:                     "signature_scheme": "v2"
06-28 15:35:24.588  1114  6160 D SecurityProfileDB:                 },
06-28 15:35:24.588  1114  6160 D SecurityProfileDB:                 "rules": [],
06-28 15:35:24.588  1114  6160 D SecurityProfileDB:                 "labels": [
06-28 15:35:24.588  1114  6160 D SecurityProfileDB:                     "NORMAL"
06-28 15:35:24.588  1114  6160 D SecurityProfileDB:                 ]
06-28 15:35:24.588  1114  6160 D SecurityProfileDB:             }
06-28 15:35:24.588  1114  6160 D SecurityProfileDB:         ],
06-28 15:35:24.588  1114  6160 D SecurityProfileDB:         "com.sankuai.meituan": [
06-28 15:35:24.588  1114  6160 D SecurityProfileDB:             {
06-28 15:35:24.588  1114  6160 D SecurityProfileDB:                 "policy_version": 3,
06-28 15:35:24.588  1114  6160 D SecurityProfileDB:                 "apk_digest": {
06-28 15:35:24.588  1114  6160 D SecurityProfileDB:                     "digest_algorithm": "SHA-256",
06-28 15:35:24.588  1114  6160 D SecurityProfileDB:                     "digest": "DKU1i0LxsGMELL1XP+nvBf2tmfscYNMyOD1Wcn81I\/g=",
06-28 15:35:24.588  1114  6160 D SecurityProfileDB:                     "signature_scheme": "v2"
06-28 15:35:24.588  1114  6160 D SecurityProfileDB:                 },
06-28 15:35:24.588  1114  6160 D SecurityProfileDB:                 "rules": [],
06-28 15:35:24.588  1114  6160 D SecurityProfileDB:                 "labels": [
06-28 15:35:24.588  1114  6160 D SecurityProfileDB:                     "NORMAL"
06-28 15:35:24.588  1114  6160 D SecurityProfileDB:                 ]
06-28 15:35:24.588  1114  6160 D SecurityProfileDB:             }
06-28 15:35:24.588  1114  6160 D SecurityProfileDB:         ],
06-28 15:35:24.588  1114  6160 D SecurityProfileDB:         "com.sina.weibo": [
06-28 15:35:24.588  1114  6160 D SecurityProfileDB:             {
06-28 15:35:24.588  1114  6160 D SecurityProfileDB:                 "policy_version": 2,
06-28 15:35:24.588  1114  6160 D SecurityProfileDB:                 "apk_digest": {
06-28 15:35:24.588  1114  6160 D SecurityProfileDB:                     "digest_algorithm": "SHA-256",
06-28 15:35:24.588  1114  6160 D SecurityProfileDB:                     "digest": "l944bQfPHpM2fV55AYaYSJEECMdSHqTgLq9mpTzbsdM=",
06-28 15:35:24.588  1114  6160 D SecurityProfileDB:                     "signature_scheme": "v1_manifest"
06-28 15:35:24.588  1114  6160 D SecurityProfileDB:                 },
06-28 15:35:24.588  1114  6160 D SecurityProfileDB:                 "rules": [],
06-28 15:35:24.588  1114  6160 D SecurityProfileDB:                 "labels": [
06-28 15:35:24.588  1114  6160 D SecurityProfileDB:                     "NORMAL"
06-28 15:35:24.588  1114  6160 D SecurityProfileDB:                 ]
06-28 15:35:24.588  1114  6160 D SecurityProfileDB:             }
06-28 15:35:24.588  1114  6160 D SecurityProfileDB:         ],
06-28 15:35:24.588  1114  6160 D SecurityProfileDB:         "com.sina.news": [
06-28 15:35:24.588  1114  6160 D SecurityProfileDB:             {
06-28 15:35:24.588  1114  6160 D SecurityProfileDB:                 "policy_version": 8,
06-28 15:35:24.588  1114  6160 D SecurityProfileDB:                 "apk_digest": {
06-28 15:35:24.588  1114  6160 D SecurityProfileDB:                     "digest_algorithm": "SHA-256",
06-28 15:35:24.588  1114  6160 D SecurityProfileDB:                     "digest": "My0BqwfTH8wQzAIOWP3e6su6qpLBI6BtdtIK38yBBxA=",
06-28 15:35:24.588  1114  6160 D SecurityProfileDB:                     "signature_scheme": "v2"
06-28 15:35:24.588  1114  6160 D SecurityProfileDB:                 },
06-28 15:35:24.588  1114  6160 D SecurityProfileDB:                 "rules": [],
06-28 15:35:24.588  1114  6160 D SecurityProfileDB:                 "labels": [
06-28 15:35:24.588  1114  6160 D SecurityProfileDB:                     "NORMAL"
06-28 15:35:24.588  1114  6160 D SecurityProfileDB:                 ]
06-28 15:35:24.588  1114  6160 D SecurityProfileDB:             }
06-28 15:35:24.588  1114  6160 D SecurityProfileDB:         ],
06-28 15:35:24.588  1114  6160 D SecurityProfileDB:         "com.jingdong.app.mall": [
06-28 15:35:24.588  1114  6160 D SecurityProfileDB:             {
06-28 15:35:24.588  1114  6160 D SecurityProfileDB:                 "policy_version": 5,
06-28 15:35:24.588  1114  6160 D SecurityProfileDB:                 "apk_digest": {
06-28 15:35:24.588  1114  6160 D SecurityProfileDB:                     "digest_algorithm": "SHA-256",
06-28 15:35:24.588  1114  6160 D SecurityProfileDB:                     "digest": "99vPRWT72SI4wpJtYTyp73R7n8DsnfCYKdJeFo\/XwQ4=",
06-28 15:35:24.588  1114  6160 D SecurityProfileDB:                     "signature_scheme": "v2"
06-28 15:35:24.588  1114  6160 D SecurityProfileDB:                 },
06-28 15:35:24.588  1114  6160 D SecurityProfileDB:                 "rules": [],
06-28 15:35:24.588  1114  6160 D SecurityProfileDB:                 "labels": [
06-28 15:35:24.588  1114  6160 D SecurityProfileDB:                     "NORMAL"
06-28 15:35:24.588  1114  6160 D SecurityProfileDB:                 ]
06-28 15:35:24.588  1114  6160 D SecurityProfileDB:             }
06-28 15:35:24.588  1114  6160 D SecurityProfileDB:         ],
06-28 15:35:24.588  1114  6160 D SecurityProfileDB:         "com.huawei.skytone": [
06-28 15:35:24.588  1114  6160 D SecurityProfileDB:             {
06-28 15:35:24.588  1114  6160 D SecurityProfileDB:                 "policy_version": 5,
06-28 15:35:24.588  1114  6160 D SecurityProfileDB:                 "apk_digest": {
06-28 15:35:24.588  1114  6160 D SecurityProfileDB:                     "digest_algorithm": "SHA-256",
06-28 15:35:24.588  1114  6160 D SecurityProfileDB:                     "digest": "bQkvtDA621g+R22lmNBqKIBF1uTK9VrNkTR2wBkOVlo=",
06-28 15:35:24.588  1114  6160 D SecurityProfileDB:                     "signature_scheme": "v1_manifest"
06-28 15:35:24.588  1114  6160 D SecurityProfileDB:                 },
06-28 15:35:24.588  1114  6160 D SecurityProfileDB:                 "rules": [],
06-28 15:35:24.588  1114  6160 D SecurityProfileDB:                 "labels": [
06-28 15:35:24.588  1114  6160 D SecurityProfileDB:                     "NORMAL"
06-28 15:35:24.588  1114  6160 D SecurityProfileDB:                 ]
06-28 15:35:24.588  1114  6160 D SecurityProfileDB:             }
06-28 15:35:24.588  1114  6160 D SecurityProfileDB:         ],
06-28 15:35:24.588  1114  6160 D SecurityProfileDB:         "com.netease.cloudmusic": [
06-28 15:35:24.588  1114  6160 D SecurityProfileDB:             {
06-28 15:35:24.588  1114  6160 D SecurityProfileDB:                 "policy_version": 2,
06-28 15:35:24.588  1114  6160 D SecurityProfileDB:                 "apk_digest": {
06-28 15:35:24.588  1114  6160 D SecurityProfileDB:                     "digest_algorithm": "SHA-256",
06-28 15:35:24.588  1114  6160 D SecurityProfileDB:                     "digest": "AyxPO+T8EMGK\/g8wVSPiiO2znTSj\/u2HjrUHL94IaQI=",
06-28 15:35:24.588  1114  6160 D SecurityProfileDB:                     "signature_scheme": "v2"
06-28 15:35:24.588  1114  6160 D SecurityProfileDB:                 },
06-28 15:35:24.588  1114  6160 D SecurityProfileDB:                 "rules": [],
06-28 15:35:24.588  1114  6160 D SecurityProfileDB:                 "labels": [
06-28 15:35:24.588  1114  6160 D SecurityProfileDB:                     "NORMAL"
06-28 15:35:24.588  1114  6160 D SecurityProfileDB:                 ]
06-28 15:35:24.588  1114  6160 D SecurityProfileDB:             }
06-28 15:35:24.588  1114  6160 D SecurityProfileDB:         ],
06-28 15:35:24.588  1114  6160 D SecurityProfileDB:         "com.taobao.taobao": [
06-28 15:35:24.588  1114  6160 D SecurityProfileDB:   
06-28 15:35:24.589  1114  1558 W NetworkStatsFactory: mStatsXtProcUid: /proc/net/comm/stats does not exist!
06-28 15:35:24.589  1114  1558 D HwNetworkStatsService: hwRecordUidAndProcSnapshotLocked currentTime = 1561707324531
06-28 15:35:24.591   516   516 I chatty  : uid=1000(system) keymaster@3.0-s expire 64 lines
06-28 15:35:24.593  1114  1114 W Looper  : Slow dispatch took 103ms main h=android.app.ActivityThread$H c=android.app.-$$Lambda$LoadedApk$ReceiverDispatcher$Args$_BumDX2UKsnxLVrE6UJsJZkotuA@26231c2 m=0
06-28 15:35:24.597  1114  1558 I NetworkStatsFactory: javaReadNetworkStatsUidAndProcDetail. cost time = 8
06-28 15:35:24.611  1114  1114 I chatty  : uid=1000 system_server expire 27 lines
06-28 15:35:24.613  1114  1558 D HwNetworkStatsService: hwMaybeUidAndProcPersistLocked currentTime = 1561707324531
06-28 15:35:24.615  3093  3093 I GeofencerStateMachine: removeGeofences: removeRequest=RemoveGeofencingRequest[REMOVE_ALL packageName=com.mixgo.PropertySEO]
06-28 15:35:24.619  2017  2017 I chatty  : uid=1000(system) com.huawei.systemmanager:service expire 1 line
06-28 15:35:24.620  3093 24021 D WorkSource: Insert in WorkSource{} @ 0 uid 10021 name com.google.android.gms
06-28 15:35:24.625 12393 12393 I HwNaturalBase:RemoteIndexSearchService: [main]: Succeed to connect to NaturalBase Data Service.
06-28 15:35:24.629  1920  2896 D HwNaturalBase: [IndexTaskerHandler[HandlerThread]]: RemoteIndexSearchManager ensureIndexSearchServiceBound
06-28 15:35:24.629 12393 12447 D HwNaturalBase:RemoteIndexSearchService: [Binder:12393_4]: FileIndexManager deleteFileIndexWithPrefix starts
06-28 15:35:24.645  2017  2396 I chatty  : uid=1000(system) HsmExecutor #7 expire 1 line
06-28 15:35:24.645  1114  1684 D HwNetworkManagementService: code == CODE_SET_APK_DL_STRATEGY
06-28 15:35:24.645  1114  1684 D HwNetworkManagementService: CODE_SET_APK_DL_STRATEGY, pkgName=[com.baidu.searchbox, com.android.browser], needReset=false
06-28 15:35:24.646  1114  1684 D HwNetworkManagementService: convertPkgNameToUid, pkgName=[com.baidu.searchbox, com.android.browser]
06-28 15:35:24.646  1114  1684 D HwNetworkManagementService: convertPkgNameToUid, pkg=com.baidu.searchbox, uid=10125, under user.id=0
06-28 15:35:24.646  1114  1684 D HwNetworkManagementService: convertPkgNameToUid, pkg=com.android.browser, uid=10104, under user.id=0
06-28 15:35:24.646  1114  1684 D HwNetworkManagementService: CODE_SET_APK_DL_STRATEGY, appUidList=[10125;10104;]
06-28 15:35:24.646  1114  1684 D HwNetworkManagementService: setApkDlFilterRules, appUidList=[10125;10104;], needReset=false
06-28 15:35:24.647  1114  1684 D NetdConnector: SND -> {2018 hwfilter set_apkdl_strategy_rule 10125;10104; not_reset}
06-28 15:35:24.647   574   606 W CommandListener: hwad: HwFilterCommand::runCommand argc=4 
06-28 15:35:24.647   574   606 W CommandListener: hwad: HwFilterCommand::runCommand argc=0 argv=hwfilter
06-28 15:35:24.647   574   606 W CommandListener: hwad: HwFilterCommand::runCommand argc=1 argv=set_apkdl_strategy_rule
06-28 15:35:24.647   574   606 W CommandListener: hwad: HwFilterCommand::runCommand argc=2 argv=10125;10104;
06-28 15:35:24.647   574   606 W CommandListener: hwad: HwFilterCommand::runCommand argc=3 argv=not_reset
06-28 15:35:24.647   574   606 I HwFilterController: 
06-28 15:35:24.647   574   606 I HwFilterController: hwad:set_apkdl_strategy_rule bRet=0
06-28 15:35:24.647   574   606 I         : hwad:send_msg_to_kernel
06-28 15:35:24.649  2017  2247 I chatty  : uid=1000(system) NatTrafficNotif expire 2 lines
06-28 15:35:24.649  1114  1555 D NetdConnector: RCV <- {200 2018 success}
06-28 15:35:24.650  1114  1555 D NetdConnector: RCV <- {200 2018 success}
06-28 15:35:24.652  3351  3351 I Finsky  : [1] com.google.android.finsky.packagemanager.impl.PackageMonitorReceiverImpl.a(4): PackageMonitor received: android.intent.action.PACKAGE_REMOVED
06-28 15:35:24.659  3351  3351 I Finsky  : [1] sym.a(11): Do not start WearSupportService due to Wear service optimization
06-28 15:35:24.661  3351  3351 I Finsky  : [1] sym.a(11): Do not start WearSupportService due to Wear service optimization
06-28 15:35:24.664 12393 12447 D HwNaturalBase:RemoteIndexSearchService: [Binder:12393_4]: FileIndexManagerService deleteIndexWithPrefix end
06-28 15:35:24.664  3351  3351 I Finsky  : [1] lxl.j(7): Package no longer installed: com.mixgo.PropertySEO
06-28 15:35:24.666 12393 12447 D HwNaturalBase:RemoteIndexSearchService: [Binder:12393_4]: FileIndexManager deleteFileIndexWithPrefix ends, returnResult = 512
06-28 15:35:24.668  3351 24032 I Finsky  : [599] jqk.run(2): Cleaning dev-triggered-update data on package uninstall for com.mixgo.PropertySEO.
06-28 15:35:24.672   646   646 E WifiHAL : enter wifi_get_link_stats
06-28 15:35:24.673  1920  2896 D HwNaturalBase: [IndexTaskerHandler[HandlerThread]]: RemoteIndexSearchManager all buildIndex ends
06-28 15:35:24.682  1114  6160 D SecurityProfileService: updateDomainPolicies,packageList:[com.mixgo.PropertySEO]
06-28 15:35:24.682  1114  6160 D SecurityProfileService: resolveActiveDomainPolicies packageName com.mixgo.PropertySEO
06-28 15:35:24.682  1114  6160 D SecurityProfileUtils: getInstalledApkPath name not found,packageName:com.mixgo.PropertySEO,userId:0
06-28 15:35:24.682  1114  6160 E SecurityProfileService: resolveActiveDomainPolicies packagePath is null
06-28 15:35:24.683  1114  6160 D SecurityProfileDB: writing: {
06-28 15:35:24.683  1114  6160 D SecurityProfileDB:     "overlay_labels": {},
06-28 15:35:24.683  1114  6160 D SecurityProfileDB:     "domains": {
06-28 15:35:24.683  1114  6160 D SecurityProfileDB:         "com.huawei.smarthome": {
06-28 15:35:24.683  1114  6160 D SecurityProfileDB:             "policy_version": 6,
06-28 15:35:24.683  1114  6160 D SecurityProfileDB:             "apk_digest": {
06-28 15:35:24.683  1114  6160 D SecurityProfileDB:                 "digest_algorithm": "SHA-256",
06-28 15:35:24.683  1114  6160 D SecurityProfileDB:                 "digest": "8kAADpcRny0My5sa9TarBImvXnGs4epGshhmrbOt2Js=",
06-28 15:35:24.683  1114  6160 D SecurityProfileDB:                 "signature_scheme": "v2"
06-28 15:35:24.683  1114  6160 D SecurityProfileDB:             },
06-28 15:35:24.683  1114  6160 D SecurityProfileDB:             "rules": [],
06-28 15:35:24.683  1114  6160 D SecurityProfileDB:             "labels": [
06-28 15:35:24.683  1114  6160 D SecurityProfileDB:                 "NORMAL"
06-28 15:35:24.683  1114  6160 D SecurityProfileDB:             ]
06-28 15:35:24.683  1114  6160 D SecurityProfileDB:         },
06-28 15:35:24.683  1114  6160 D SecurityProfileDB:         "com.ximalaya.ting.android": {
06-28 15:35:24.683  1114  6160 D SecurityProfileDB:             "policy_version": 2,
06-28 15:35:24.683  1114  6160 D SecurityProfileDB:             "apk_digest": {
06-28 15:35:24.683  1114  6160 D SecurityProfileDB:                 "digest_algorithm": "SHA-256",
06-28 15:35:24.683  1114  6160 D SecurityProfileDB:                 "digest": "ltEwA2NUWdvMg5xpCVbO2OYvn5VUqmcGgsUQtvGID08=",
06-28 15:35:24.683  1114  6160 D SecurityProfileDB:                 "signature_scheme": "v2"
06-28 15:35:24.683  1114  6160 D SecurityProfileDB:             },
06-28 15:35:24.683  1114  6160 D SecurityProfileDB:             "rules": [],
06-28 15:35:24.683  1114  6160 D SecurityProfileDB:             "labels": [
06-28 15:35:24.683  1114  6160 D SecurityProfileDB:                 "NORMAL"
06-28 15:35:24.683  1114  6160 D SecurityProfileDB:             ]
06-28 15:35:24.683  1114  6160 D SecurityProfileDB:         },
06-28 15:35:24.683  1114  6160 D SecurityProfileDB:         "com.vmall.client": {
06-28 15:35:24.683  1114  6160 D SecurityProfileDB:             "policy_version": 3,
06-28 15:35:24.683  1114  6160 D SecurityProfileDB:             "apk_digest": {
06-28 15:35:24.683  1114  6160 D SecurityProfileDB:                 "digest_algorithm": "SHA-256",
06-28 15:35:24.683  1114  6160 D SecurityProfileDB:                 "digest": "MjshbEeBIuhNyAmxiJ8bUyQbdfOiMe4LVrdpyfyBLck=",
06-28 15:35:24.683  1114  6160 D SecurityProfileDB:                 "signature_scheme": "v2"
06-28 15:35:24.683  1114  6160 D SecurityProfileDB:             },
06-28 15:35:24.683  1114  6160 D SecurityProfileDB:             "rules": [],
06-28 15:35:24.683  1114  6160 D SecurityProfileDB:             "labels": [
06-28 15:35:24.683  1114  6160 D SecurityProfileDB:                 "NORMAL"
06-28 15:35:24.683  1114  6160 D SecurityProfileDB:             ]
06-28 15:35:24.683  1114  6160 D SecurityProfileDB:         },
06-28 15:35:24.683  1114  6160 D SecurityProfileDB:         "com.sankuai.meituan": {
06-28 15:35:24.683  1114  6160 D SecurityProfileDB:             "policy_version": 3,
06-28 15:35:24.683  1114  6160 D SecurityProfileDB:             "apk_digest": {
06-28 15:35:24.683  1114  6160 D SecurityProfileDB:                 "digest_algorithm": "SHA-256",
06-28 15:35:24.683  1114  6160 D SecurityProfileDB:                 "digest": "DKU1i0LxsGMELL1XP+nvBf2tmfscYNMyOD1Wcn81I\/g=",
06-28 15:35:24.683  1114  6160 D SecurityProfileDB:                 "signature_scheme": "v2"
06-28 15:35:24.683  1114  6160 D SecurityProfileDB:             },
06-28 15:35:24.683  1114  6160 D SecurityProfileDB:             "rules": [],
06-28 15:35:24.683  1114  6160 D SecurityProfileDB:             "labels": [
06-28 15:35:24.683  1114  6160 D SecurityProfileDB:                 "NORMAL"
06-28 15:35:24.683  1114  6160 D SecurityProfileDB:             ]
06-28 15:35:24.683  1114  6160 D SecurityProfileDB:         },
06-28 15:35:24.683  1114  6160 D SecurityProfileDB:         "com.sina.weibo": {
06-28 15:35:24.683  1114  6160 D SecurityProfileDB:             "policy_version": 2,
06-28 15:35:24.683  1114  6160 D SecurityProfileDB:             "apk_digest": {
06-28 15:35:24.683  1114  6160 D SecurityProfileDB:                 "digest_algorithm": "SHA-256",
06-28 15:35:24.683  1114  6160 D SecurityProfileDB:                 "digest": "l944bQfPHpM2fV55AYaYSJEECMdSHqTgLq9mpTzbsdM=",
06-28 15:35:24.683  1114  6160 D SecurityProfileDB:                 "signature_scheme": "v1_manifest"
06-28 15:35:24.683  1114  6160 D SecurityProfileDB:             },
06-28 15:35:24.683  1114  6160 D SecurityProfileDB:             "rules": [],
06-28 15:35:24.683  1114  6160 D SecurityProfileDB:             "labels": [
06-28 15:35:24.683  1114  6160 D SecurityProfileDB:                 "NORMAL"
06-28 15:35:24.683  1114  6160 D SecurityProfileDB:             ]
06-28 15:35:24.683  1114  6160 D SecurityProfileDB:         },
06-28 15:35:24.683  1114  6160 D SecurityProfileDB:         "com.jingdong.app.mall": {
06-28 15:35:24.683  1114  6160 D SecurityProfileDB:             "policy_version": 5,
06-28 15:35:24.683  1114  6160 D SecurityProfileDB:             "apk_digest": {
06-28 15:35:24.683  1114  6160 D SecurityProfileDB:                 "digest_algorithm": "SHA-256",
06-28 15:35:24.683  1114  6160 D SecurityProfileDB:                 "digest": "99vPRWT72SI4wpJtYTyp73R7n8DsnfCYKdJeFo\/XwQ4=",
06-28 15:35:24.683  1114  6160 D SecurityProfileDB:                 "signature_scheme": "v2"
06-28 15:35:24.683  1114  6160 D SecurityProfileDB:             },
06-28 15:35:24.683  1114  6160 D SecurityProfileDB:             "rules": [],
06-28 15:35:24.683  1114  6160 D SecurityProfileDB:             "labels": [
06-28 15:35:24.683  1114  6160 D SecurityProfileDB:                 "NORMAL"
06-28 15:35:24.683  1114  6160 D SecurityProfileDB:             ]
06-28 15:35:24.683  1114  6160 D SecurityProfileDB:         },
06-28 15:35:24.683  1114  6160 D SecurityProfileDB:         "com.huawei.skytone": {
06-28 15:35:24.683  1114  6160 D SecurityProfileDB:             "policy_version": 5,
06-28 15:35:24.683  1114  6160 D SecurityProfileDB:             "apk_digest": {
06-28 15:35:24.683  1114  6160 D SecurityProfileDB:                 "digest_algorithm": "SHA-256",
06-28 15:35:24.683  1114  6160 D SecurityProfileDB:                 "digest": "bQkvtDA621g+R22lmNBqKIBF1uTK9VrNkTR2wBkOVlo=",
06-28 15:35:24.683  1114  6160 D SecurityProfileDB:                 "signature_scheme": "v1_manifest"
06-28 15:35:24.683  1114  6160 D SecurityProfileDB:             },
06-28 15:35:24.683  1114  6160 D SecurityProfileDB:             "rules": [],
06-28 15:35:24.683  1114  6160 D SecurityProfileDB:             "labels": [
06-28 15:35:24.683  1114  6160 D SecurityProfileDB:                 "NORMAL"
06-28 15:35:24.683  1114  6160 D SecurityProfileDB:             ]
06-28 15:35:24.683  1114  6160 D SecurityProfileDB:         },
06-28 15:35:24.683  1114  6160 D SecurityProfileDB:         "com.netease.cloudmusic": {
06-28 15:35:24.683  1114  6160 D SecurityProfileDB:             "policy_version": 2,
06-28 15:35:24.683  1114  6160 D SecurityProfileDB:             "apk_digest": {
06-28 15:35:24.683  1114  6160 D SecurityProfileDB:                 "digest_algorithm": "SHA-256",
06-28 15:35:24.683  1114  6160 D SecurityProfileDB:                 "digest": "AyxPO+T8EMGK\/g8wVSPiiO2znTSj\/u2HjrUHL94IaQI=",
06-28 15:35:24.683  1114  6160 D SecurityProfileDB:                 "signature_scheme": "v2"
06-28 15:35:24.683  1114  6160 D SecurityProfileDB:             },
06-28 15:35:24.683  1114  6160 D SecurityProfileDB:             "rules": [],
06-28 15:35:24.683  1114  6160 D SecurityProfileDB:             "labels": [
06-28 15:35:24.683  1114  6160 D SecurityProfileDB:                 "NORMAL"
06-28 15:35:24.683  1114  6160 D SecurityProfileDB:             ]
06-28 15:35:24.683  1114  6160 D SecurityProfileDB:         },
06-28 15:35:24.683  1114  6160 D SecurityProfileDB:         "com.taobao.taobao": {
06-28 15:35:24.683  1114  6160 D SecurityProfileDB:             "policy_version": 3,
06-28 15:35:24.683  1114  6160 D SecurityProfileDB:             "apk_digest": {
06-28 15:35:24.683  1114  6160 D SecurityProfileDB:                 "digest_algorithm": "SHA-256",
06-28 15:35:24.683  1114  6160 D SecurityProfileDB:                 "digest": "Yc7yPxAixudfqvGFqS0oj7SvZRpuvuvMlU44navCvW8=",
06-28 15:35:24.683  1114  6160 D SecurityProfileDB:                 "signature_scheme": "v2"
06-28 15:35:24.683  1114  6160 D SecurityProfileDB:             },
06-28 15:35:24.683  1114  6160 D SecurityProfileDB:             "rules": [],
06-28 15:35:24.683  1114  6160 D SecurityProfileDB:             "labels": [
06-28 15:35:24.683  1114  6160 D SecurityProfileDB:                 "NORMAL"
06-28 15:35:24.683  1114  6160 D SecurityProfileDB:             ]
06-28 15:35:24.683  1114  6160 D SecurityProfileDB:         },
06-28 15:35:24.683  1114  6160 D SecurityProfileDB:         "com.microsoft.translator": {
06-28 15:35:24.683  1114  6160 D SecurityProfileDB:             "policy_version": 3,
06-28 15:35:24.683  1114  6160 D SecurityProfileDB:             "apk_digest": {
06-28 15:35:24.683  1114  6160 D SecurityProfileDB:                 "digest_algorithm": "SHA-256",
06-28 15:35:24.683  1114  6160 D SecurityProfileDB:                 "digest": "h7kdJ8VdY8vQT9aOfNo\/9PNwLECu4pmbofPgVoqUMM0=",
06-28 15:35:24.683  1114  6160 D SecurityProfileDB:                 "signature_scheme": "v1_manifest"
06-28 15:35:24.683  1114  6160 D SecurityProfileDB:             },
06-28 15:35:24.683  1114  6160 D SecurityProfileDB:             "rules": [],
06-28 15:35:24.683  1114  6160 D SecurityProfileDB:             "labels": [
06-28 15:35:24.683  1114  6160 D SecurityProfileDB:                 "NORMAL"
06-28 15:35:24.683  1114  6160 D SecurityProfileDB:             ]
06-28 15:35:24.683  1114  6160 D SecurityProfileDB:         },
06-28 15:35:24.683  1114  6160 D SecurityProfileDB:         "com.ss.android.article.news": {
06-28 15:35:24.683  1114  6160 D SecurityProfileDB:             "policy_version": 5,
06-28 15:35:24.683  1114  6160 D SecurityProfileDB:             "apk_digest": {
06-28 15:35:24.683  1114  6160 D SecurityProfileDB:                 "digest_algorithm": "SHA-256",
06-28 15:35:24.683  1114  6160 D SecurityProfileDB:                 "digest": "lUcykKsy6QxUGySDftJZyPcPXJR90W3wbtmKuHFjPGI=",
06-28 15:35:24.683  1114  6160 D SecurityProfileDB:                 "signature_scheme
06-28 15:35:24.688  3351 24038 I Finsky  : [603] jqn.run(2): Finished dev-triggered-update cleaning.
06-28 15:35:24.690  1114  1817 I chatty  : uid=1000(system) Binder:1114_6 expire 5 lines
06-28 15:35:24.690   574   594 W SocketListener: sending broadcast to Pid = 1114, Uid = 1000 
06-28 15:35:24.692  1114  1555 D NetdConnector: RCV <- {601 limit alert globalAlert wlan0}
06-28 15:35:24.692  1114  1555 D NetdConnector: RCV <- {601 limit alert globalAlert wlan0}
06-28 15:35:24.693  1114  1240 D NetdConnector: RCV unsolicited event from native daemon, event = 601
06-28 15:35:24.694  1114  1562 I chatty  : uid=1000(system) WifiStateMachin expire 21 lines
06-28 15:35:24.696  1920  2896 D HwNaturalBase: [IndexTaskerHandler[HandlerThread]]: RemoteIndexSearchManager ensureIndexSearchServiceUnBound
06-28 15:35:24.696  1920  2896 D HwNaturalBase: [IndexTaskerHandler[HandlerThread]]: IndexTasker:  IndexTasker ends
06-28 15:35:24.696  1920  2896 D HwNaturalBase: [IndexTaskerHandler[HandlerThread]]: IndexTasker:  IndexTasker start
06-28 15:35:24.700  1114  1240 I NetworkStats: limitReached
06-28 15:35:24.700  1114  1558 I NetworkStats: performPollLocked, pid = 1114
06-28 15:35:24.703 12393 12393 I HwNaturalBase:RemoteIndexSearchService: [main]: Connection to NaturalBase Data Service is closed.
06-28 15:35:24.709  3351 24034 I Finsky  : [601] lqq.run(16): Frosting DB delete succeeded: true
06-28 15:35:24.711  1114  1558 W NetworkStatsFactory: mStatsXtProcUid: /proc/net/comm/stats does not exist!
06-28 15:35:24.711  1114  1558 D HwNetworkStatsService: hwRecordUidAndProcSnapshotLocked currentTime = 1561707324700
06-28 15:35:24.713  1920  2896 W ContextImpl: Calling a method in the system process without a qualified user: android.app.ContextImpl.bindService:1876 android.content.ContextWrapper.bindService:698 com.huawei.nb.searchmanager.service.RemoteIndexSearchManager.ensureIndexSearchServiceBound:342 com.huawei.nb.searchmanager.service.RemoteIndexSearchManager.buildIndex:287 com.huawei.nb.searchmanager.tasker.IndexTasker.doIndexTaskerAction:94 
06-28 15:35:24.716  1114  1558 I NetworkStatsFactory: javaReadNetworkStatsUidAndProcDetail. cost time = 4
06-28 15:35:24.720  3216  3235 W ndroid.nfc:loa: resources.arsc in APK '/data/app/com.eg.android.AlipayGphone-cGAV6uY6owhSFzhdh1fjSA==/base.apk' is compressed.
06-28 15:35:24.725 12393 24047 W ContextImpl: Calling a method in the system process without a qualified user: android.app.ContextImpl.bindService:1876 android.content.ContextWrapper.bindService:698 com.huawei.nb.client.RemoteServiceConnection.open:90 com.huawei.nb.client.DataServiceProxy.connect:129 com.huawei.nb.searchmanager.searchengine.service.RemoteIndexSearchService.getDataServiceProxy:121 
06-28 15:35:24.728 12393 12393 I HwNaturalBase:RemoteIndexSearchService: [main]: Succeed to connect to NaturalBase Data Service.
06-28 15:35:24.728  3662  3662 D WorkSource: i1=0 i2=0 N1=0: insert 10021 com.google.android.gms
06-28 15:35:24.728  3662  3662 D WorkSource: Insert in WorkSource{} @ 0 uid 10021 name com.google.android.gms
06-28 15:35:24.729  1114  1827 I chatty  : uid=1000(system) Binder:1114_8 expire 11 lines
06-28 15:35:24.730  3216  3235 W ndroid.nfc:loa: resources.arsc in APK '/data/app/com.jingdong.app.mall-KH9SmInvMgklbeRPCYz7rA==/base.apk' is compressed.
06-28 15:35:24.734  1920  2896 D HwNaturalBase: [IndexTaskerHandler[HandlerThread]]: RemoteIndexSearchManager ensureIndexSearchServiceBound
06-28 15:35:24.734 12393 12404 D HwNaturalBase:RemoteIndexSearchService: [Binder:12393_1]: FileIndexManager deleteFileIndexWithPrefix starts
06-28 15:35:24.737  3351  3483 W Finsky  : [460] jne.call(6): Cannot find install request for com.mixgo.PropertySEO
06-28 15:35:24.737  3662  3991 D WorkSource: i1=1 i2=0 N1=1: insert 10356 com.mixgo.PropertySEO
06-28 15:35:24.740  3662  3991 D WorkSource: Insert in WorkSource{10021 com.google.android.gms} @ 1 uid 10356 name com.mixgo.PropertySEO
06-28 15:35:24.741  1114  1737 E PowerManagerService: Exception when search wack lock :java.lang.IllegalArgumentException: Wake lock not active: android.os.BinderProxy@d1de6ed from uid 10021
06-28 15:35:24.745  1114  2564 E PowerManagerService: Exception when search wack lock :java.lang.IllegalArgumentException: Wake lock not active: android.os.BinderProxy@d1de6ed from uid 10021
06-28 15:35:24.748  3351 24041 I Finsky  : [606] oux.run(2): Cleaned old sessions for com.mixgo.PropertySEO.
06-28 15:35:24.752  3662 23476 I Icing   : doRemovePackageData com.mixgo.PropertySEO
06-28 15:35:24.753  3662 23476 D WorkSource: i1=0 i2=0 N1=1: insert 10021 com.google.android.gms
06-28 15:35:24.753  3662 23476 D WorkSource: Insert in WorkSource{10356 com.mixgo.PropertySEO} @ 0 uid 10021 name com.google.android.gms
06-28 15:35:24.753  3662 11385 I ContentMaintenance: Internal cache bytes used: 0; limit: 100000000; download size: 0
06-28 15:35:24.754  1114  1684 E PowerManagerService: Exception when search wack lock :java.lang.IllegalArgumentException: Wake lock not active: android.os.BinderProxy@d1de6ed from uid 10021
06-28 15:35:24.756 12393 12404 D HwNaturalBase:RemoteIndexSearchService: [Binder:12393_1]: FileIndexManagerService deleteIndexWithPrefix end
06-28 15:35:24.759  3216  3235 W ndroid.nfc:loa: resources.arsc in APK '/data/app/com.sankuai.meituan-7Uv3jz4SBtkJ7IXOhJYOPg==/base.apk' is compressed.
06-28 15:35:24.759 12393 12404 D HwNaturalBase:RemoteIndexSearchService: [Binder:12393_1]: FileIndexManager deleteFileIndexWithPrefix ends, returnResult = 512
06-28 15:35:24.762  1114  1114 W Looper  : Slow delivery took 209ms main h=android.app.ActivityThread$H c=android.app.-$$Lambda$LoadedApk$ReceiverDispatcher$Args$_BumDX2UKsnxLVrE6UJsJZkotuA@32bc9c m=0
06-28 15:35:24.762  1114  1114 W Looper  : Slow dispatch took 170ms main h=android.app.ActivityThread$H c=android.app.-$$Lambda$LoadedApk$ReceiverDispatcher$Args$_BumDX2UKsnxLVrE6UJsJZkotuA@32bc9c m=0
06-28 15:35:24.762  1114  1114 V AlarmManager: UninstallReceiver onReceive action:android.intent.action.PACKAGE_REMOVED
06-28 15:35:24.762  1114  1114 I AlarmManager: remove com.android.server.-$$Lambda$AlarmManagerService$qehVSjTLWvtJYPGgKh2mkJ6ePnk@7ba06a5 according to uid:10396
06-28 15:35:24.764  1114  1114 V NotificationListeners: enabling notification listener for 0: ComponentInfo{com.baidu.searchbox/com.baidu.searchbox.lockscreen.notification.NotificationMonitorService}
06-28 15:35:24.765  3662 24019 I GrowthService: Package com.mixgo.PropertySEO uninstalled. Removing from storage.
06-28 15:35:24.766  1114  1558 D NetdConnector: SND -> {2019 bandwidth setglobalalert 2097152}
06-28 15:35:24.767  3662 24035 I LocationSettingsChecker: Removing dialog suppression flag for package com.mixgo.PropertySEO
06-28 15:35:24.767  1114  1555 D NetdConnector: RCV <- {200 2019 Bandwidth command succeeeded}
06-28 15:35:24.767  1114  1114 V NotificationListeners: binding: Intent { act=android.service.notification.NotificationListenerService cmp=com.baidu.searchbox/.lockscreen.notification.NotificationMonitorService (has extras) }
06-28 15:35:24.767  1114  1555 D NetdConnector: RCV <- {200 2019 Bandwidth command succeeeded}
06-28 15:35:24.770  1114  6299 E PowerManagerService: Exception when search wack lock :java.lang.IllegalArgumentException: Wake lock not active: android.os.BinderProxy@d1de6ed from uid 10021
06-28 15:35:24.770  1114  1114 W NotificationListeners: Unable to bind notification listener service: Intent { act=android.service.notification.NotificationListenerService cmp=com.baidu.searchbox/.lockscreen.notification.NotificationMonitorService (has extras) }
06-28 15:35:24.771  1114  1114 W NotificationListeners: Not binding notification listener service ComponentInfo{android/com.android.server.emcom.grabservice.NotificationListener}: service not found
06-28 15:35:24.771  1114  1114 W NotificationAssistants: rebindServices() ignore for NotificationAssistantService
06-28 15:35:24.772 12393 12404 D HwNaturalBase:RemoteIndexSearchService: [Binder:12393_1]: FileIndexManager deleteFileIndexWithPrefix starts
06-28 15:35:24.772  1114  1114 I [SPMN]  : insert GLOBAL -- name = zen_mode, package = android, user = 0, value = 0
06-28 15:35:24.778  1114  1222 W BroadcastQueue: Background execution not allowed: receiving Intent { act=android.intent.action.PACKAGE_REMOVED dat=package:com.mixgo.PropertySEO flg=0x4000010 (has extras) } to com.huawei.gameassistant/com.gameassistant.gamedata.receiver.RemovePackageIntentReceiver
06-28 15:35:24.779  1114  1217 W ContextImpl: Calling a method in the system process without a qualified user: android.app.ContextImpl.startService:1796 com.android.server.security.trustspace.TrustSpaceManagerService.handlePackageDisappeared:294 com.android.server.security.trustspace.TrustSpaceManagerService.access$800:57 com.android.server.security.trustspace.TrustSpaceManagerService$MyPackageMonitor.onPackageRemoved:169 com.android.internal.content.PackageMonitor.onReceive:370 
06-28 15:35:24.780 12393 12404 D HwNaturalBase:RemoteIndexSearchService: [Binder:12393_1]: FileIndexManagerService deleteIndexWithPrefix end
06-28 15:35:24.781  3662 24042 I PeopleContactsSync: triggerPendingContactsCleanup: no accounts
06-28 15:35:24.781 12393 12404 D HwNaturalBase:RemoteIndexSearchService: [Binder:12393_1]: FileIndexManager deleteFileIndexWithPrefix ends, returnResult = 512
06-28 15:35:24.785  1114  1114 I ConditionProviders: Disallowing condition provider com.mixgo.PropertySEO
06-28 15:35:24.788  1920  2896 D HwNaturalBase: [IndexTaskerHandler[HandlerThread]]: RemoteIndexSearchManager all buildIndex ends
06-28 15:35:24.791  1993  1993 I HwLauncher: Model onPackageRemoved packageName = com.mixgo.PropertySEO user = UserHandle{0}
06-28 15:35:24.792  1993  1993 I HwLauncher: PowerSaveLauncherModel onPackageRemoved packageName = com.mixgo.PropertySEO user = UserHandle{0}
06-28 15:35:24.792  1993  1993 E HwLauncher: PowerSaveLauncherModel onPackageRemoved:  not inPowerSaveLauncher 
06-28 15:35:24.792  1993  1993 I HwLauncher: StreetModeLauncherModel onPackageRemoved packageName = com.mixgo.PropertySEO user = UserHandle{0}
06-28 15:35:24.792  1993  1993 E HwLauncher: StreetModeLauncherModel onPackageRemoved:  not inStreetModeLauncher 
06-28 15:35:24.793  1993  2109 I HwLauncher: removePackage: remove package: com.mixgo.PropertySEO, remove: [{ShortcutInfo: title: EcoProp, component: ComponentInfo{com.mixgo.PropertySEO/cn.jiguang.unity.push.UnityPluginActivity}}]
06-28 15:35:24.799  1920  2896 D HwNaturalBase: [IndexTaskerHandler[HandlerThread]]: RemoteIndexSearchManager ensureIndexSearchServiceUnBound
06-28 15:35:24.799  1920  2896 D HwNaturalBase: [IndexTaskerHandler[HandlerThread]]: IndexTasker:  IndexTasker ends
06-28 15:35:24.800  6701  6701 I [HwRecSys]PackageRecevier: PackageReceiver
06-28 15:35:24.800  6701  6701 I [HwRecSys]PackageRecevier: action is: android.intent.action.PACKAGE_REMOVED, pkg：com.mixgo.PropertySEO
06-28 15:35:24.803  1114  1574 I chatty  : uid=1000(system) ranker expire 1 line
06-28 15:35:24.804 12393 12393 I HwNaturalBase:RemoteIndexSearchService: [main]: Connection to NaturalBase Data Service is closed.
06-28 15:35:24.804  1114  1114 D SecurityProfileService: updatePackageInformation,packageName:com.mixgo.PropertySEO
06-28 15:35:24.804  1114  1114 D SecurityProfileService: updateDomainPolicies,packageList:[com.mixgo.PropertySEO]
06-28 15:35:24.804  1114  1114 D SecurityProfileService: resolveActiveDomainPolicies packageName com.mixgo.PropertySEO
06-28 15:35:24.804  1114  1114 D SecurityProfileUtils: getInstalledApkPath name not found,packageName:com.mixgo.PropertySEO,userId:0
06-28 15:35:24.804  1114  1114 E SecurityProfileService: resolveActiveDomainPolicies packagePath is null
06-28 15:35:24.804 25009 25009 I HiSearch9.0.2.303: [LauncherAppsCompatVLO]: LAUNCHER_RECENT_APPS onPackageRemoved
06-28 15:35:24.805  3216  3235 D NxpApduServiceInfo: No com.nxp.nfc.extensions meta-data
06-28 15:35:24.805  3216  3235 D NxpApduServiceInfo: No com.gsma.services.nfc.extensions meta-data
06-28 15:35:24.805  1114  1114 D SecurityProfileDB: writing: {
06-28 15:35:24.805  1114  1114 D SecurityProfileDB:     "overlay_labels": {},
06-28 15:35:24.805  1114  1114 D SecurityProfileDB:     "domains": {
06-28 15:35:24.805  1114  1114 D SecurityProfileDB:         "com.huawei.smarthome": {
06-28 15:35:24.805  1114  1114 D SecurityProfileDB:             "policy_version": 6,
06-28 15:35:24.805  1114  1114 D SecurityProfileDB:             "apk_digest": {
