06-28 15:35:43.708 24140 24376 D TelephonyManager: getNeighboringCellInfo calling app is com.mixgo.PropertySEO
06-28 15:35:43.709  1969  1987 W PhoneInterfaceManager: shouldBlockLocation running ...
06-28 15:35:43.710  1969  1987 I PhoneInterfaceManager: shouldBlockLocation  ret:false
06-28 15:35:43.718  1114  1823 I chatty  : uid=1000(system) Binder:1114_7 expire 11 lines
06-28 15:35:43.720 24140 24212 D         : addLayerName, tid:24212
06-28 15:35:43.728  1114  1827 D HwLocationManagerService: uid is 10397 , isWifiConn is true , isMobileConn is false
06-28 15:35:43.728  1114  1827 I HwNetworkPolicy: onTransact, code = 203
06-28 15:35:43.728  1114  1827 I HwNetworkPolicyManager: getHwUidPolicy uid = 10397 policy = 0
06-28 15:35:43.728  1114  1827 D HwLocationManagerService: policy is 0 , wifiAccess is true, mobileAccess is true
06-28 15:35:43.728  1114  1827 D HwLocationManagerService: wifiAvaiable is true , mobileAvailable is false
06-28 15:35:43.728  1114  1812 I chatty  : uid=1000(system) LocationThread expire 34 lines
06-28 15:35:43.728  1900  1946 D NcDft_ServiceImpl: notifyNcDftEvent domain is : 0 ;eventID is: 31 ;List is [network, 7ca4089, com.mixgo.PropertySEO, apkstart, 1561707343728]
06-28 15:35:43.729  1114  1827 I BackgroundPermManager: pkgName: com.mixgo.PropertySEO,pid: 24140 ,uidOf3RdApk: 10397 ,permType: 2 ,permCfg: 1
06-28 15:35:43.729  1114  1579 I chatty  : uid=1000(system) HwLbsLogger expire 4 lines
06-28 15:35:43.729  1849  1860 I chatty  : uid=1000(system) Binder:1849_1 expire 3 lines
06-28 15:35:43.729  1849  1849 D HwLBSService.HwNLPPositionManager: setRequest  ProviderRequest[ON interval=+40s0ms lowPowerMode=false] , WorkSource{10397 com.mixgo.PropertySEO}
06-28 15:35:43.729  1900  1946 D NcDft_ServiceImpl: notifyNcDftEvent domain is : 0 ;eventID is: 0 ;List is [40000, network]
06-28 15:35:43.730  1849  1849 D HwLBSService.NLPPreferences: getUserConfirmedPreference, USER_CONFIRMED: userSwitch 1 startupSwitch 1 spResult true result true
06-28 15:35:43.730  1849  1849 D HwLBSService.HwNLPLogServices: updataRequestInfo  requestTime : 1561707343730, mMinDis : 201, interval : 40000APKName : [com.huawei.lbs.HwNLPService.LbsAppInfo@b584f80]
06-28 15:35:43.731  1849  1849 D HwLBSService.HwNLPLogServices: dataflowStatistics  uid:1000, pid :1849
06-28 15:35:43.731  1900  2068 D NcDft_GnssDftManager:  mProvider : network , requestInterval40000
06-28 15:35:43.732  1900  2068 E SensorManager: sensor or listener is null
06-28 15:35:43.732  1900  2069 D NcDft_GnssDataStatisticsManager: increaseGnssStatisticCount, counttype = 7
06-28 15:35:43.732  1900  2069 D NcDft_GnssDataBaseManager: check If statistic database exist, record Count=1
06-28 15:35:43.733  1849  1849 I NetworkStatsManager: querySummary callingPid = 1849
06-28 15:35:43.733  1114  1823 I NetworkStats: openSessionForUsageStats, pid = 1849, pkg = com.huawei.lbs
06-28 15:35:43.733  1114  1823 I NetworkStats: openSessionInternal,pid = 1849
06-28 15:35:43.733  1114  1823 I NetworkStats: performPollLocked, pid = 1114
06-28 15:35:43.735 24140 24212 D         : addLayerName, tid:24212
06-28 15:35:43.740  1114  1823 W NetworkStatsFactory: mStatsXtProcUid: /proc/net/comm/stats does not exist!
06-28 15:35:43.740  1114  1823 D HwNetworkStatsService: hwRecordUidAndProcSnapshotLocked currentTime = 1561707343731
06-28 15:35:43.742  1114  1823 I NetworkStatsFactory: javaReadNetworkStatsUidAndProcDetail. cost time = 3
06-28 15:35:43.748  1114  1823 D HwNetworkStatsService: hwMaybeUidAndProcPersistLocked currentTime = 1561707343731
06-28 15:35:43.753 24140 24212 D         : addLayerName, tid:24212
06-28 15:35:43.763  1849  1849 D HwLBSService.HwNLPLogServices: dataflowStatistics uid:1000 rx:0 tx:0, summaryTotal : 0
06-28 15:35:43.763  1849  1849 D HwLBSService.HwNLPPositionManager: updateRequirements  mEnabled :true, version :9.0.3.040
06-28 15:35:43.763  1849  1849 D ARMoudle.HwActivityRecognition: getCurrentActivityExtend
06-28 15:35:43.764   589  2302 I ArHal   : (ar_data_get_state:1225):id[2]
06-28 15:35:43.764  2017  2247 E HSM_BG  : NatTrafficNotifyService:imsi is null, so return
06-28 15:35:43.765  1849  1849 D ARMoudle.HwActivityRecognition: hwActivityEvent:[ ActivityChangedExtendEvent:
06-28 15:35:43.765  1849  1849 D ARMoudle.HwActivityRecognition:     Activity='android.activity_recognition.relative_still', EventType=1, TimestampNs=104713889309269, Confidence=0
06-28 15:35:43.765  1849  1849 D ARMoudle.HwActivityRecognition:     Activity='android.activity_recognition.still', EventType=1, TimestampNs=108030330122394, Confidence=100
06-28 15:35:43.765  1849  1849 D ARMoudle.HwActivityRecognition: ]
06-28 15:35:43.765  1849  1849 D HwLBSService.HwNLPSRManager: activity is 0, tempConfidence is 100
06-28 15:35:43.765  1849  1849 D HwLBSService.HwNLPSRManager: getCurrentActivityExtend ok, currentActivity: ******
06-28 15:35:43.765  1849  1849 D HwLBSService.HwNLPSRManager: arInterval: 513019 ms
06-28 15:35:43.765  1849  1849 D HwLBSService.HwNLPPositionManager: enable Provider  name: network, stats.requested :false, stats.minTime : 40000, minTime : 40000, isSta : true
06-28 15:35:43.765  1849  1849 D HwLBSService.HwNLPSettingsManager:  getLocaldbStatus :  0
06-28 15:35:43.765  1849  1849 D HwLBSService.HwNLPEngine: requestLocationUpdates Interval :40000,  mSDKMaskOnline :6,  mSDKMaskOffline : 16, mlocaldb : 0, mOnLineLocation : true, mCurrentSDKType : 6
06-28 15:35:43.765  1849  1849 D ARMoudle.HwActivityRecognition: getCurrentActivityExtend
06-28 15:35:43.766   589  2302 I ArHal   : (ar_data_get_state:1225):id[2]
06-28 15:35:43.767  1849  1849 D ARMoudle.HwActivityRecognition: hwActivityEvent:[ ActivityChangedExtendEvent:
06-28 15:35:43.767  1849  1849 D ARMoudle.HwActivityRecognition:     Activity='android.activity_recognition.relative_still', EventType=1, TimestampNs=104713889309269, Confidence=0
06-28 15:35:43.767  1849  1849 D ARMoudle.HwActivityRecognition:     Activity='android.activity_recognition.still', EventType=1, TimestampNs=108030330122394, Confidence=100
06-28 15:35:43.767  1849  1849 D ARMoudle.HwActivityRecognition: ]
06-28 15:35:43.767  1849  1849 D HwLBSService.HwNLPSRManager: activity is 0, tempConfidence is 100
06-28 15:35:43.767  1849  1849 D HwLBSService.HwNLPSRManager: getCurrentActivityExtend ok, currentActivity: ******
06-28 15:35:43.767  1849  1849 D HwLBSService.HwNLPSRManager: arInterval: 513021 ms
06-28 15:35:43.767  1849  1849 D HwLBSService.HwNLPCachedManager: arTimeStamp: 108030330122394, arMotionState: 0, dataSource: data_from_AR, arRelativeTime: 513020 ms
06-28 15:35:43.767  1849  1849 D HwLBSService.HwNLPCachedManager: AR is valid, activity type is 0
06-28 15:35:43.767  1849  1849 D HwLBSService.HwNLPCachedManager: nlpRelativeTime: 211523 ms
06-28 15:35:43.767  1849  1849 D HwLBSService.HwNLPCachedManager: nlp loc is valid, use nlp loc
06-28 15:35:43.767  1849  1849 D HwLBSService.HwNLPPositionManager: reportCacheLocation: Location[network 23******,114****** hAcc=50 et=+1d6h0m33s149ms vAcc=??? sAcc=??? bAcc=???]
06-28 15:35:43.767  1849  1849 D HwLBSService.HwNLPPositionManager: HwNLPReportLocation mFristFix : true , TTFF : 513151
06-28 15:35:43.767  1849  1849 D HwLBSService.HwNLPCHRRecorder: updateLocationToXml  ctx: CachedMger , Provider : network
06-28 15:35:43.767  1849  1849 D HwLBSService.HwNLPLogServices:  updateLocStatus : 1
06-28 15:35:43.767  1849  1849 D HwLBSService.HwNLPLogServices:  updateLocation  sdktype : CachedMger , Location[network 23******,114****** hAcc=50 et=+1d6h0m33s149ms vAcc=??? sAcc=??? bAcc=???]
06-28 15:35:43.767  1849  1849 D HwLBSService.HwNLPLogServices:  SessionFinish mCollectCount: 13 , errortype : 2
06-28 15:35:43.767  1849  1849 D HwLBSService.NLPPreferences: getUserConfirmedPreference, USER_CONFIRMED: userSwitch 1 startupSwitch 1 spResult true result true
06-28 15:35:43.768  1849  1849 D HwLBSService.HwNLPLogServices: updateHwNLPErrorEvent.
06-28 15:35:43.768  1849  1849 I iMonitor: create: 910009050
06-28 15:35:43.768  1849  1849 I iMonitor: create: 910009056
06-28 15:35:43.768  1849  1849 I iMonitor: create: 910009048
06-28 15:35:43.768  1849  1849 I iMonitor: create: 910009006
06-28 15:35:43.768  1849  1849 I iMonitor: create: 910009049
06-28 15:35:43.768  1849  1849 I chatty  : uid=1000(system) com.huawei.lbs identical 16 lines
06-28 15:35:43.769  1114  1812 D HwLocalLocationProvider: this loc is Better than Last Location
06-28 15:35:43.769  1900  1946 D NcDft_ServiceImpl: notifyNcDftEvent domain is : 0 ;eventID is: 29 ;List is [0]
06-28 15:35:43.770  1114 24381 D HwLocalLocationProvider: cellid is Exist, update  cellinfo to DB
06-28 15:35:43.770  1114 24381 D HwLocalLocationProvider: update loc to cell database
06-28 15:35:43.771 24140 24212 D         : addLayerName, tid:24212
06-28 15:35:43.772  1114 24382 D HwLocalLocationProvider: update loc to bssid database
06-28 15:35:43.772  1900  1946 D NcDft_ServiceImpl: notifyNcDftEvent domain is : 0 ;eventID is: 31 ;List is [APKSTOPPROVIDER, 7ca4089, , apkstop, 1561707343772]
06-28 15:35:43.773  1114  1823 I BackgroundPermManager: pkgName: com.mixgo.PropertySEO,pid: 24140 ,uidOf3RdApk: 10397 ,permType: 2 ,permCfg: 0
06-28 15:35:43.774   796  1102 I         : DPTEST  EventId is not need Hash
06-28 15:35:43.776  1114  1827 I NetworkStats: openSessionForUsageStats, pid = 1849, pkg = com.huawei.lbs
06-28 15:35:43.776  1114  1827 I NetworkStats: openSessionInternal,pid = 1849
06-28 15:35:43.776  1114  1827 I NetworkStats: performPollLocked, pid = 1114
06-28 15:35:43.782  1114  1827 W NetworkStatsFactory: mStatsXtProcUid: /proc/net/comm/stats does not exist!
06-28 15:35:43.782  1900  2069 D NcDft_GnssDataBaseManager: writeGnssDB  succ, rowChg=1
06-28 15:35:43.782  1114  1827 D HwNetworkStatsService: hwRecordUidAndProcSnapshotLocked currentTime = 1561707343774
06-28 15:35:43.782  1114  1812 W ProcBatteryStats: timer is running , not start, name: android, uid: 1000, tag: *location*
06-28 15:35:43.785  1114  1827 I NetworkStatsFactory: javaReadNetworkStatsUidAndProcDetail. cost time = 3
06-28 15:35:43.785 24140 24212 D         : addLayerName, tid:24212
06-28 15:35:43.786  1114  1827 D HwNetworkStatsService: hwMaybeUidAndProcPersistLocked currentTime = 1561707343774
06-28 15:35:43.789   788   788 D libgps  : proxy_gps_inject_location: called.
06-28 15:35:43.789  1900  1946 D NcDft_ServiceImpl: notifyNcDftEvent domain is : 0 ;eventID is: 24 ;List is [ref_location]
06-28 15:35:43.790  1900  2068 D NcDft_GnssDftManager: handlerInjectExtraParam ref_location
06-28 15:35:43.790  1114  1812 W ProcBatteryStats: timer is not running , not stop, name: android, uid: 1000, tag: *location*
06-28 15:35:43.791  2017  2247 E HSM_BG  : NatTrafficNotifyService:imsi is null, so return
06-28 15:35:43.791  1849  1849 E HwLBSService.HwNLPDBManager: closedb 
06-28 15:35:43.791  1849  1849 D HwLBSService.HwNLPEngine: removeSDKLocation  
06-28 15:35:43.794 24140 24375 W xgo.PropertySE: resources.arsc in APK '/data/app/com.sankuai.meituan-7Uv3jz4SBtkJ7IXOhJYOPg==/base.apk' is compressed.
06-28 15:35:43.802 24140 24377 D JIGUANG-JCore: [HttpHelper] status code:200 retry left:2
06-28 15:35:43.804 24140 24212 D         : addLayerName, tid:24212
06-28 15:35:43.820 24140 24212 D         : addLayerName, tid:24212
06-28 15:35:43.834 24140 24212 D         : addLayerName, tid:24212
06-28 15:35:43.843   642   703 W PF_SYS_WRAPPER: [sysOpenAndWriteStr:83] [GPU] write to /sys/class/devfreq/gpufreq/max_freq failed, errno=22 (Invalid argument) 
06-28 15:35:43.843   642   702 W PF_SYS_WRAPPER: [sysOpenAndWriteStr:83] [CPU_B] write to /sys/devices/system/cpu/cpu4/cpufreq/scaling_max_freq failed, errno=22 (Invalid argument) 
06-28 15:35:43.851   780  9105 I Pged-IPgedBinderService: ****action is 2, pid num is 2***
06-28 15:35:43.851   780  9105 I Pged-Freezer: thawPids
06-28 15:35:43.853 24140 24212 D         : addLayerName, tid:24212
06-28 15:35:43.853  1952  2239 I chatty  : uid=1000(system) fast_hibernatio expire 1 line
06-28 15:35:43.870 24140 24212 D         : addLayerName, tid:24212
06-28 15:35:43.889 24140 24212 D         : addLayerName, tid:24212
06-28 15:35:43.906 24140 24212 D         : addLayerName, tid:24212
06-28 15:35:43.915 24140 24384 D JIGUANG-JCore: [HttpHelper] status code:200 retry left:2
06-28 15:35:43.918 24140 24344 D JIGUANG-JCore: [HttpHelper] status code:200 retry left:2
06-28 15:35:43.922 24140 24212 D         : addLayerName, tid:24212
06-28 15:35:43.939 24140 24212 D         : addLayerName, tid:24212
06-28 15:35:43.955 24140 24375 W xgo.PropertySE: resources.arsc in APK '/data/hw_init/product/region_comm/china/app/Browser_uc/Browser_uc.apk' is compressed.
06-28 15:35:43.959 24140 24212 D         : addLayerName, tid:24212
06-28 15:35:43.973 24140 24212 D         : addLayerName, tid:24212
06-28 15:35:43.987  1114  1477 D HwBatteryService: onUEvent fcpStatus = 0,scpStatus =0,ovpStatus=0
06-28 15:35:43.988 24140 24212 D         : addLayerName, tid:24212
06-28 15:35:43.988  1114  1477 I HwBatteryService: quick charge status : 0
06-28 15:35:43.988  1114  1477 I HwBatteryService: handleWirelessTxStatus
06-28 15:35:43.988  1114  1477 I HwBatteryService: switch not open, return, mWirelessTxFlag : 0
06-28 15:35:43.989  1114  1477 I UsbDeviceManager: water_intrused state= 0
06-28 15:35:43.994  1114  5365 I BatteryService: normal charge status : 1
06-28 15:35:44.001  1114  1114 I chatty  : uid=1000 system_server expire 9 lines
06-28 15:35:44.002  1724  1724 D KeyguardUpdateMonitor: received broadcast android.intent.action.BATTERY_CHANGED
06-28 15:35:44.002  1724  1724 W KeyguardUpdateMonitor: ACTION_BATTERY_CHANGED AMP: 512000; Volt: 4700000
06-28 15:35:44.002  1724  1724 I KgBattery: (last-new)Status: 1 -> 1, chargeState=1 * branch=5
06-28 15:35:44.003  1724  1724 V KeyguardUpdateMonitor: RefreshBatteryInfo isBatteryLow: 96
06-28 15:35:44.003  1724  1724 W KeyguardUpdateMonitor: ChargingSpeed  Wattage: 2406400 ST: 5000000 --> 7500000
06-28 15:35:44.003  1724  1724 I KgBattery: BatteryInfo updated:  2lPc0
06-28 15:35:44.003  1724  1724 W AppHandler: sendMessage with obj100
06-28 15:35:44.003  1724  1724 D KeyguardUpdateMonitor: handleBatteryUpdate
06-28 15:35:44.003  1724  1724 W HwKgdBArea_BTY: updateBatteryInfo : false  true
06-28 15:35:44.004  1724  1724 W HwLockScreenPanel: Handle message: 100
06-28 15:35:44.004  1724  1724 W HwLockScreenPanel: refreshBatteryInfo: null
06-28 15:35:44.005 24140 24212 D         : addLayerName, tid:24212
06-28 15:35:44.006  1724  1898 I KeyguardUtils: fpPath=sys/class/hw_power/charger/charge_data/chargerType, value=0
06-28 15:35:44.006  1724  1898 I chatty  : uid=10030(com.huawei.desktop.systemui) KG_Background_H identical 1 line
06-28 15:35:44.007  1724  1898 I KeyguardUtils: fpPath=sys/class/hw_power/charger/charge_data/chargerType, value=0
06-28 15:35:44.007  1724  1898 D KgBattery: BatteryInfo2: false; true; true; false; false; true
06-28 15:35:44.007  1724  1898 W KgBattery: getCharge info with type: text
06-28 15:35:44.008  1724  1898 I KeyguardUtils: fpPath=sys/class/hw_power/charger/charge_data/chargerType, value=0
06-28 15:35:44.008  1952  1952 I chatty  : uid=1000(system) com.huawei.powergenie expire 1 line
06-28 15:35:44.012 13330 13330 D TuringScreenReceiver: onReceiver action : android.intent.action.BATTERY_CHANGED
06-28 15:35:44.012 13330 13330 D Gallery2_Common_TuringState: setBattery:96
06-28 15:35:44.012 13330 13330 D Gallery2_Common_TuringState: Condition not ok! PowerConnect:false ScreenOff:false BatteryEnough:true
06-28 15:35:44.016 23950 23950 D UIABatteryMonitor: notify battery changed. current level 96
06-28 15:35:44.017  1724  1898 W ExHandler: KG_Background_Handle_Thread running too long, use 12  { when=-13ms callback=com.android.keyguard.hwlockscreen.magazine.MagazineDetailView$3 target=com.huawei.keyguard.basetype.ExHandler }
06-28 15:35:44.020 24140 24212 D         : addLayerName, tid:24212
06-28 15:35:44.025 24140 24344 D JIGUANG-JCore: [HttpHelper] status code:200 retry left:2
06-28 15:35:44.039 24140 24212 D         : addLayerName, tid:24212
06-28 15:35:44.040 23950 23981 W System.err: java.net.ConnectException: Failed to connect to /192.168.0.189:8888
06-28 15:35:44.040 23950 23981 W System.err: 	at okhttp3.internal.connection.RealConnection.connectSocket(RealConnection.java:240)
06-28 15:35:44.040 23950 23981 W System.err: 	at okhttp3.internal.connection.RealConnection.connect(RealConnection.java:158)
06-28 15:35:44.040 23950 23981 W System.err: 	at okhttp3.internal.connection.StreamAllocation.findConnection(StreamAllocation.java:256)
06-28 15:35:44.040 23950 23981 W System.err: 	at okhttp3.internal.connection.StreamAllocation.findHealthyConnection(StreamAllocation.java:134)
06-28 15:35:44.041 23950 23981 W System.err: 	at okhttp3.internal.connection.StreamAllocation.newStream(StreamAllocation.java:113)
06-28 15:35:44.041 23950 23981 W System.err: 	at okhttp3.internal.connection.ConnectInterceptor.intercept(ConnectInterceptor.java:42)
06-28 15:35:44.041 23950 23981 W System.err: 	at okhttp3.internal.http.RealInterceptorChain.proceed(RealInterceptorChain.java:147)
06-28 15:35:44.041 23950 23981 W System.err: 	at okhttp3.internal.http.RealInterceptorChain.proceed(RealInterceptorChain.java:121)
06-28 15:35:44.041 23950 23981 W System.err: 	at okhttp3.internal.cache.CacheInterceptor.intercept(CacheInterceptor.java:93)
06-28 15:35:44.041 23950 23981 W System.err: 	at okhttp3.internal.http.RealInterceptorChain.proceed(RealInterceptorChain.java:147)
06-28 15:35:44.041 23950 23981 W System.err: 	at okhttp3.internal.http.RealInterceptorChain.proceed(RealInterceptorChain.java:121)
06-28 15:35:44.041 23950 23981 W System.err: 	at okhttp3.internal.http.BridgeInterceptor.intercept(BridgeInterceptor.java:93)
06-28 15:35:44.041 23950 23981 W System.err: 	at okhttp3.internal.http.RealInterceptorChain.proceed(RealInterceptorChain.java:147)
06-28 15:35:44.041 23950 23981 W System.err: 	at okhttp3.internal.http.RetryAndFollowUpInterceptor.intercept(RetryAndFollowUpInterceptor.java:125)
06-28 15:35:44.041 23950 23981 W System.err: 	at okhttp3.internal.http.RealInterceptorChain.proceed(RealInterceptorChain.java:147)
06-28 15:35:44.041 23950 23981 W System.err: 	at okhttp3.internal.http.RealInterceptorChain.proceed(RealInterceptorChain.java:121)
06-28 15:35:44.041 23950 23981 W System.err: 	at okhttp3.RealCall.getResponseWithInterceptorChain(RealCall.java:200)
06-28 15:35:44.041 23950 23981 W System.err: 	at okhttp3.RealCall$AsyncCall.execute(RealCall.java:147)
06-28 15:35:44.041 23950 23981 W System.err: 	at okhttp3.internal.NamedRunnable.run(NamedRunnable.java:32)
06-28 15:35:44.041 23950 23981 W System.err: 	at java.util.concurrent.ThreadPoolExecutor.runWorker(ThreadPoolExecutor.java:1167)
06-28 15:35:44.041 23950 23981 W System.err: 	at java.util.concurrent.ThreadPoolExecutor$Worker.run(ThreadPoolExecutor.java:641)
06-28 15:35:44.041 23950 23981 W System.err: 	at java.lang.Thread.run(Thread.java:784)
06-28 15:35:44.042 23950 23981 W System.err: Caused by: java.net.ConnectException: failed to connect to /192.168.0.189 (port 8888) from /192.168.0.137 (port 57552) after 10000ms: isConnected failed: ECONNREFUSED (Connection refused)
06-28 15:35:44.042 23950 23981 W System.err: 	at libcore.io.IoBridge.isConnected(IoBridge.java:278)
06-28 15:35:44.042 23950 23981 W System.err: 	at libcore.io.IoBridge.connectErrno(IoBridge.java:187)
06-28 15:35:44.042 23950 23981 W System.err: 	at libcore.io.IoBridge.connect(IoBridge.java:129)
06-28 15:35:44.042 23950 23981 W System.err: 	at java.net.PlainSocketImpl.socketConnect(PlainSocketImpl.java:137)
06-28 15:35:44.042 23950 23981 W System.err: 	at java.net.AbstractPlainSocketImpl.doConnect(AbstractPlainSocketImpl.java:391)
06-28 15:35:44.042 23950 23981 W System.err: 	at java.net.AbstractPlainSocketImpl.connectToAddress(AbstractPlainSocketImpl.java:231)
06-28 15:35:44.042 23950 23981 W System.err: 	at java.net.AbstractPlainSocketImpl.connect(AbstractPlainSocketImpl.java:213)
06-28 15:35:44.042 23950 23981 W System.err: 	at java.net.SocksSocketImpl.connect(SocksSocketImpl.java:436)
06-28 15:35:44.042 23950 23981 W System.err: 	at java.net.Socket.connect(Socket.java:621)
06-28 15:35:44.042 23950 23981 W System.err: 	at okhttp3.internal.platform.AndroidPlatform.connectSocket(AndroidPlatform.java:69)
06-28 15:35:44.042 23950 23981 W System.err: 	at okhttp3.internal.connection.RealConnection.connectSocket(RealConnection.java:238)
06-28 15:35:44.042 23950 23981 W System.err: 	... 21 more
06-28 15:35:44.042 23950 23981 W System.err: Caused by: android.system.ErrnoException: isConnected failed: ECONNREFUSED (Connection refused)
06-28 15:35:44.042 23950 23981 W System.err: 	at libcore.io.IoBridge.isConnected(IoBridge.java:267)
06-28 15:35:44.042 23950 23981 W System.err: 	... 31 more
06-28 15:35:44.053 24140 24212 D         : addLayerName, tid:24212
06-28 15:35:44.071 24140 24212 D         : addLayerName, tid:24212
06-28 15:35:44.088 24140 24212 D         : addLayerName, tid:24212
06-28 15:35:44.103 24140 24212 D         : addLayerName, tid:24212
06-28 15:35:44.120 24140 24212 D         : addLayerName, tid:24212
06-28 15:35:44.136 24140 24212 D         : addLayerName, tid:24212
06-28 15:35:44.154 24140 24212 D         : addLayerName, tid:24212
06-28 15:35:44.169 24140 24212 D         : addLayerName, tid:24212
06-28 15:35:44.189 24140 24212 D         : addLayerName, tid:24212
06-28 15:35:44.204 24140 24212 D         : addLayerName, tid:24212
06-28 15:35:44.220 24140 24212 D         : addLayerName, tid:24212
06-28 15:35:44.234 24140 24212 D         : addLayerName, tid:24212
06-28 15:35:44.252 24140 24212 D         : addLayerName, tid:24212
06-28 15:35:44.270 24140 24212 D         : addLayerName, tid:24212
06-28 15:35:44.285 24140 24212 D         : addLayerName, tid:24212
06-28 15:35:44.298 24140 24375 W xgo.PropertySE: resources.arsc in APK '/data/app/com.ss.android.article.news-FoD8IT207PxXIvW1sc-S8w==/base.apk' is compressed.
06-28 15:35:44.304 24140 24212 D         : addLayerName, tid:24212
06-28 15:35:44.319 24140 24212 D         : addLayerName, tid:24212
06-28 15:35:44.334 24140 24212 D         : addLayerName, tid:24212
06-28 15:35:44.353 24140 24212 D         : addLayerName, tid:24212
06-28 15:35:44.369 24140 24212 D         : addLayerName, tid:24212
06-28 15:35:44.387 24140 24212 D         : addLayerName, tid:24212
06-28 15:35:44.401 24140 24212 D         : addLayerName, tid:24212
06-28 15:35:44.418 24140 24212 D         : addLayerName, tid:24212
06-28 15:35:44.435 24140 24212 D         : addLayerName, tid:24212
06-28 15:35:44.454 24140 24212 D         : addLayerName, tid:24212
06-28 15:35:44.467 24140 24375 W xgo.PropertySE: resources.arsc in APK '/data/app/com.geohot.towelroot-NHecwOsOEQ5dsOvvnIF_KA==/base.apk' is compressed.
06-28 15:35:44.468 24140 24212 D         : addLayerName, tid:24212
06-28 15:35:44.483 24140 24212 D         : addLayerName, tid:24212
06-28 15:35:44.501 24140 24212 D         : addLayerName, tid:24212
06-28 15:35:44.517 24140 24212 D         : addLayerName, tid:24212
06-28 15:35:44.534 24140 24212 D         : addLayerName, tid:24212
06-28 15:35:44.542 24140 24375 W xgo.PropertySE: resources.arsc in APK '/data/app/com.jingdong.app.mall-KH9SmInvMgklbeRPCYz7rA==/base.apk' is compressed.
06-28 15:35:44.551 24140 24212 D         : addLayerName, tid:24212
06-28 15:35:44.568 24140 24212 D         : addLayerName, tid:24212
06-28 15:35:44.585 24140 24212 D         : addLayerName, tid:24212
06-28 15:35:44.594 24140 24375 W xgo.PropertySE: resources.arsc in APK '/data/app/com.sina.weibo-w6L0pcuEw63QBrEmmLjnOQ==/base.apk' is compressed.
06-28 15:35:44.599 24140 24212 D         : addLayerName, tid:24212
06-28 15:35:44.615 24140 24212 D         : addLayerName, tid:24212
06-28 15:35:44.633 24140 24212 D         : addLayerName, tid:24212
06-28 15:35:44.649 24140 24212 D         : addLayerName, tid:24212
06-28 15:35:44.666 24140 24212 D         : addLayerName, tid:24212
06-28 15:35:44.681 24140 24212 D         : addLayerName, tid:24212
06-28 15:35:44.701 24140 24212 D         : addLayerName, tid:24212
06-28 15:35:44.711 24140 24375 W xgo.PropertySE: resources.arsc in APK '/data/app/com.ss.android.article.video-GfIxBduoQ9a5Hfc-Tp8Vlg==/base.apk' is compressed.
06-28 15:35:44.717 24140 24212 D         : addLayerName, tid:24212
06-28 15:35:44.731 24140 24212 D         : addLayerName, tid:24212
06-28 15:35:44.750 24140 24212 D         : addLayerName, tid:24212
06-28 15:35:44.765 24140 24375 W xgo.PropertySE: resources.arsc in APK '/data/app/com.netease.cloudmusic-DlYHb8FDFgLCoadttR13FA==/base.apk' is compressed.
06-28 15:35:44.767 24140 24212 D         : addLayerName, tid:24212
06-28 15:35:44.782 24140 24212 D         : addLayerName, tid:24212
06-28 15:35:44.794 24140 24375 W xgo.PropertySE: resources.arsc in APK '/data/app/com.eg.android.AlipayGphone-cGAV6uY6owhSFzhdh1fjSA==/base.apk' is compressed.
06-28 15:35:44.800 24140 24212 D         : addLayerName, tid:24212
06-28 15:35:44.801 24140 24375 W xgo.PropertySE: resources.arsc in APK '/data/app/cn.wps.moffice_eng-R5tYxoO4TCQ1CDmuCqfaUQ==/base.apk' is compressed.
06-28 15:35:44.816 24140 24212 D         : addLayerName, tid:24212
06-28 15:35:44.833 24140 24212 D         : addLayerName, tid:24212
06-28 15:35:44.834   635   635 I AISched FPS: currentfps 61,detected fps 60,flag 0,high 34,low 12,sleepPercent 0.873449,old 8,new 8
06-28 15:35:44.848 24140 24212 D         : addLayerName, tid:24212
06-28 15:35:44.852 24140 24156 I xgo.PropertySE: Starting profile saver IsSaveProfileNow end.
06-28 15:35:44.866 24140 24212 D         : addLayerName, tid:24212
06-28 15:35:44.883 24140 24212 D         : addLayerName, tid:24212
06-28 15:35:44.896 24140 24212 D         : addLayerName, tid:24212
06-28 15:35:44.913 24140 24212 D         : addLayerName, tid:24212
06-28 15:35:44.929 24140 24212 D         : addLayerName, tid:24212
06-28 15:35:44.949 24140 24212 D         : addLayerName, tid:24212
06-28 15:35:44.964 24140 24212 D         : addLayerName, tid:24212
06-28 15:35:44.970 24140 24384 D JIGUANG-JCore: [HttpHelper] status code:200 retry left:2
06-28 15:35:44.979 24140 24212 D         : addLayerName, tid:24212
06-28 15:35:44.996 24140 24212 D         : addLayerName, tid:24212
06-28 15:35:45.014 24140 24212 D         : addLayerName, tid:24212
06-28 15:35:45.027 24140 24212 D         : addLayerName, tid:24212
06-28 15:35:45.030 24140 24375 D JIGUANG-JCore: [HttpHelper] status code:200 retry left:2
06-28 15:35:45.046 24140 24212 D         : addLayerName, tid:24212
06-28 15:35:45.064 24140 24212 D         : addLayerName, tid:24212
06-28 15:35:45.077 24140 24212 D         : addLayerName, tid:24212
06-28 15:35:45.089  1114  1631 I chatty  : uid=1000(system) WifiProStateMac expire 16 lines
06-28 15:35:45.097  1114  1561 I chatty  : uid=1000(system) WifiService expire 15 lines
06-28 15:35:45.099 24140 24212 D         : addLayerName, tid:24212
06-28 15:35:45.105  1114  4002 I chatty  : uid=1000(system) MobileQosDetect expire 5 lines
06-28 15:35:45.123 24140 24212 D         : addLayerName, tid:24212
06-28 15:35:45.127 24140 24384 D JIGUANG-JCore: [HttpHelper] status code:200 retry left:2
06-28 15:35:45.127 24140 24212 D         : addLayerName, tid:24212
06-28 15:35:45.146 24140 24212 D         : addLayerName, tid:24212
06-28 15:35:45.161 24140 24212 D         : addLayerName, tid:24212
06-28 15:35:45.181 24140 24212 D         : addLayerName, tid:24212
06-28 15:35:45.194 24140 24212 D         : addLayerName, tid:24212
06-28 15:35:45.212 24140 24212 D         : addLayerName, tid:24212
06-28 15:35:45.226 24140 24212 D         : addLayerName, tid:24212
06-28 15:35:45.245 24140 24212 D         : addLayerName, tid:24212
06-28 15:35:45.252 24140 24384 D JIGUANG-JCore: [HttpHelper] status code:200 retry left:2
06-28 15:35:45.260 24140 24212 D         : addLayerName, tid:24212
06-28 15:35:45.275 24140 24212 D         : addLayerName, tid:24212
06-28 15:35:45.283  1114  9173 I HwPackageManagerServiceEx: now 108544867 optNow true upgrade false BootCompleted true UserSwitching 0
06-28 15:35:45.294 24140 24212 D         : addLayerName, tid:24212
06-28 15:35:45.295   776   776 E Thermal-daemon: [charger_ic] temp_new :43  temp_old :42
06-28 15:35:45.296  1952  1966 I chatty  : uid=1000(system) Binder:1952_1 expire 2 lines
06-28 15:35:45.297   776   776 E Thermal-daemon: Report temperature: [charger_ic] temp :43  report_threshold:1
06-28 15:35:45.299   776   776 E Thermal-daemon: [ap] temp_new :45  temp_old :44
06-28 15:35:45.300   776   776 E Thermal-daemon: Report temperature: [ap] temp :45  report_threshold:1
06-28 15:35:45.301  1900  2108 D HwWifiStatStore: handleMessage : 200
06-28 15:35:45.310 24140 24212 D         : addLayerName, tid:24212
06-28 15:35:45.326 24140 24212 D         : addLayerName, tid:24212
06-28 15:35:45.336   760   760 D installed: forkNotifyToRMS parcel pid=0, ppid=760, pkg=com.mixgo.PropertySEO, status=1, num=2, time=1561705232
06-28 15:35:45.338   760   760 V installed: DexInv: --- BEGIN '/data/app/com.mixgo.PropertySEO-Gaw6OA6IvPahAYrdc1X2AQ==/base.apk' ---
06-28 15:35:45.339   760   760 D installed: forkNotifyToRMS parcel pid=24396, ppid=760, pkg=com.mixgo.PropertySEO, status=0, num=0, time=0
06-28 15:35:45.341 24140 24212 D         : addLayerName, tid:24212
06-28 15:35:45.360 24140 24212 D         : addLayerName, tid:24212
06-28 15:35:45.375 24140 24212 D         : addLayerName, tid:24212
06-28 15:35:45.386 24396 24396 I dex2oat : /system/bin/dex2oat --input-vdex-fd=31 --output-vdex-fd=32 --compiler-filter=speed-profile -j1 --profile-file-fd=35 --classpath-dir=/data/app/com.mixgo.PropertySEO-Gaw6OA6IvPahAYrdc1X2AQ== --class-loader-context=PCL[] --generate-mini-debug-info --compilation-reason=unknown
06-28 15:35:45.394 24140 24212 D         : addLayerName, tid:24212
06-28 15:35:45.396   574   594 W SocketListener: sending broadcast to Pid = 1114, Uid = 1000 
06-28 15:35:45.397  1114  1555 D NetdConnector: RCV <- {601 limit alert globalAlert wlan0}
06-28 15:35:45.397  1114  1555 D NetdConnector: RCV <- {601 limit alert globalAlert wlan0}
06-28 15:35:45.398  1114  1240 D NetdConnector: RCV unsolicited event from native daemon, event = 601
06-28 15:35:45.400  1114  1240 I NetworkStats: limitReached
06-28 15:35:45.401  1114  1558 I NetworkStats: performPollLocked, pid = 1114
06-28 15:35:45.410 24140 24212 D         : addLayerName, tid:24212
06-28 15:35:45.423  1114  1558 W NetworkStatsFactory: mStatsXtProcUid: /proc/net/comm/stats does not exist!
06-28 15:35:45.423  1114  1558 D HwNetworkStatsService: hwRecordUidAndProcSnapshotLocked currentTime = 1561707345400
06-28 15:35:45.426 24140 24212 D         : addLayerName, tid:24212
06-28 15:35:45.435  1114  1558 I NetworkStatsFactory: javaReadNetworkStatsUidAndProcDetail. cost time = 11
06-28 15:35:45.441 24140 24212 D         : addLayerName, tid:24212
06-28 15:35:45.452  1114  1558 D NetdConnector: SND -> {2031 bandwidth setglobalalert 2097152}
06-28 15:35:45.454  1114  1555 D NetdConnector: RCV <- {200 2031 Bandwidth command succeeeded}
06-28 15:35:45.455  1114  1555 D NetdConnector: RCV <- {200 2031 Bandwidth command succeeeded}
06-28 15:35:45.458  2017  2247 E HSM_BG  : NatTrafficNotifyService:imsi is null, so return
06-28 15:35:45.460 24140 24212 D         : addLayerName, tid:24212
06-28 15:35:45.477 24140 24212 D         : addLayerName, tid:24212
06-28 15:35:45.490 24140 24212 D         : addLayerName, tid:24212
06-28 15:35:45.509 24140 24212 D         : addLayerName, tid:24212
06-28 15:35:45.528 24140 24212 D         : addLayerName, tid:24212
06-28 15:35:45.540 24140 24212 D         : addLayerName, tid:24212
06-28 15:35:45.557 24140 24212 D         : addLayerName, tid:24212
06-28 15:35:45.574 24140 24212 D         : addLayerName, tid:24212
06-28 15:35:45.591 24140 24212 D         : addLayerName, tid:24212
06-28 15:35:45.599   648  1284 I chatty  : uid=1041(audioserver) AudioOut_D expire 9 lines
06-28 15:35:45.607 24140 24212 D         : addLayerName, tid:24212
06-28 15:35:45.627 24140 24212 D         : addLayerName, tid:24212
06-28 15:35:45.644 24140 24212 D         : addLayerName, tid:24212
06-28 15:35:45.656 24140 24212 D         : addLayerName, tid:24212
06-28 15:35:45.674 24140 24212 D         : addLayerName, tid:24212
06-28 15:35:45.690 24140 24212 D         : addLayerName, tid:24212
06-28 15:35:45.706 24140 24212 D         : addLayerName, tid:24212
06-28 15:35:45.720   626  1275 I chatty  : uid=1041(audioserver) HwBinder:626_1 expire 1 line
06-28 15:35:45.726 24140 24212 D         : addLayerName, tid:24212
06-28 15:35:45.731 24140 24351 D JIGUANG-JCore: [RequestCacheManager] Action - sendRequestInternal - connection:626, timeout:0,sdkType:JCORE, threadId:619
06-28 15:35:45.740 24140 24212 D         : addLayerName, tid:24212
06-28 15:35:45.757 24140 24212 D         : addLayerName, tid:24212
06-28 15:35:45.757  1952  5283 I chatty  : uid=1000(system) traffic stats expire 2 lines
06-28 15:35:45.774 24140 24212 D         : addLayerName, tid:24212
06-28 15:35:45.779   648  1284 I chatty  : uid=1041(audioserver) AudioOut_D expire 15 lines
06-28 15:35:45.790 24140 24212 D         : addLayerName, tid:24212
06-28 15:35:45.797 24140 24359 D JIGUANG-JPush: [JPushDataAction] response:[CommonResponse] - JResponse{code=0}
06-28 15:35:45.798 24140 24359 D JIGUANG-JCore: [NetworkingClient] Received bytes - len:36, connection:626, pkg:com.mixgo.PropertySEO
06-28 15:35:45.798 24140 24359 D JIGUANG-JCore: [NetworkingClient] Network listening...
06-28 15:35:45.806 24140 24212 D         : addLayerName, tid:24212
06-28 15:35:45.822 24140 24212 D         : addLayerName, tid:24212
06-28 15:35:45.839 24140 24212 D         : addLayerName, tid:24212
06-28 15:35:45.855 24140 24212 D         : addLayerName, tid:24212
06-28 15:35:45.870 24140 24212 D         : addLayerName, tid:24212
06-28 15:35:45.888 24140 24212 D         : addLayerName, tid:24212
06-28 15:35:45.902   646   646 E WifiHAL : enter wifi_get_link_stats
06-28 15:35:45.905 24140 24212 D         : addLayerName, tid:24212
06-28 15:35:45.915  1114  1562 I chatty  : uid=1000(system) WifiStateMachin expire 12 lines
06-28 15:35:45.919 24140 24212 D         : addLayerName, tid:24212
06-28 15:35:45.937 24140 24212 D         : addLayerName, tid:24212
06-28 15:35:45.954 24140 24212 D         : addLayerName, tid:24212
06-28 15:35:45.971 24140 24212 D         : addLayerName, tid:24212
06-28 15:35:45.986 24140 24212 D         : addLayerName, tid:24212
06-28 15:35:45.992   731   731 W irqbalance: type=1400 audit(0.0:35426): avc: denied { dac_override } for capability=1 scontext=u:r:irqbalance:s0 tcontext=u:r:irqbalance:s0 tclass=capability permissive=0
06-28 15:35:45.992   731   731 I chatty  : uid=0(root) /vendor/bin/irqbalance identical 2 lines
06-28 15:35:45.996   731   731 W irqbalance: type=1400 audit(0.0:35429): avc: denied { dac_override } for capability=1 scontext=u:r:irqbalance:s0 tcontext=u:r:irqbalance:s0 tclass=capability permissive=0
06-28 15:35:45.998   731   731 I irqbalance: Decided to move irq 56 from cpu 0 to cpu 1
06-28 15:35:45.998   731   731 I irqbalance: Decided to move irq 15 from cpu 0 to cpu 1
06-28 15:35:45.999   731   731 I irqbalance: Decided to move irq 72 from cpu 0 to cpu 1
06-28 15:35:45.999   731   731 I irqbalance: Decided to move irq 17 from cpu 0 to cpu 1
06-28 15:35:46.001   626  1582 I chatty  : uid=1041(audioserver) effect expire 1 line
06-28 15:35:46.004 24140 24212 D         : addLayerName, tid:24212
06-28 15:35:46.021 24140 24212 D         : addLayerName, tid:24212
06-28 15:35:46.038 24140 24212 D         : addLayerName, tid:24212
06-28 15:35:46.053 24140 24212 D         : addLayerName, tid:24212
06-28 15:35:46.070 24140 24212 D         : addLayerName, tid:24212
06-28 15:35:46.079   648  1284 I chatty  : uid=1041(audioserver) AudioOut_D expire 3 lines
06-28 15:35:46.087 24140 24212 D         : addLayerName, tid:24212
06-28 15:35:46.104 24140 24212 D         : addLayerName, tid:24212
06-28 15:35:46.118   626  1275 I chatty  : uid=1041(audioserver) HwBinder:626_1 expire 1 line
06-28 15:35:46.120 24140 24212 D         : addLayerName, tid:24212
06-28 15:35:46.137 24140 24212 D         : addLayerName, tid:24212
06-28 15:35:46.139   648  1284 I chatty  : uid=1041(audioserver) AudioOut_D expire 6 lines
06-28 15:35:46.152 24140 24212 D         : addLayerName, tid:24212
06-28 15:35:46.169 24140 24212 D         : addLayerName, tid:24212
06-28 15:35:46.187 24140 24212 D         : addLayerName, tid:24212
06-28 15:35:46.201 24140 24212 D         : addLayerName, tid:24212
06-28 15:35:46.220 24140 24212 D         : addLayerName, tid:24212
06-28 15:35:46.237 24140 24212 D         : addLayerName, tid:24212
06-28 15:35:46.247  1114  1790 W Watchdog: hungtask: writing kick
06-28 15:35:46.248  1114  1240 I chatty  : uid=1000(system) android.fg expire 1 line
06-28 15:35:46.253 24140 24212 D         : addLayerName, tid:24212
06-28 15:35:46.259   648  1284 E peq_android: volume index exceed range: 65535
06-28 15:35:46.269 24140 24212 D         : addLayerName, tid:24212
06-28 15:35:46.279   648  1284 E peq_android: volume index exceed range: 65535
06-28 15:35:46.287 24140 24212 D         : addLayerName, tid:24212
06-28 15:35:46.300   648  1284 E peq_android: volume index exceed range: 65535
06-28 15:35:46.303 24140 24212 D         : addLayerName, tid:24212
06-28 15:35:46.318 24140 24212 D         : addLayerName, tid:24212
06-28 15:35:46.319   648  1284 E peq_android: volume index exceed range: 65535
06-28 15:35:46.336 24140 24212 D         : addLayerName, tid:24212
06-28 15:35:46.339   648  1284 E peq_android: volume index exceed range: 65535
06-28 15:35:46.351 24140 24212 D         : addLayerName, tid:24212
06-28 15:35:46.359   648  1284 E peq_android: volume index exceed range: 65535
06-28 15:35:46.369 24140 24212 D         : addLayerName, tid:24212
06-28 15:35:46.379   648  1284 E peq_android: volume index exceed range: 65535
06-28 15:35:46.385 24140 24212 D         : addLayerName, tid:24212
06-28 15:35:46.399   648  1284 E peq_android: volume index exceed range: 65535
06-28 15:35:46.403 24140 24212 D         : addLayerName, tid:24212
06-28 15:35:46.419 24140 24212 D         : addLayerName, tid:24212
06-28 15:35:46.419   648  1284 E peq_android: volume index exceed range: 65535
06-28 15:35:46.437 24140 24212 D         : addLayerName, tid:24212
06-28 15:35:46.439   648  1284 E peq_android: volume index exceed range: 65535
06-28 15:35:46.452 24140 24212 D         : addLayerName, tid:24212
06-28 15:35:46.461   648  1284 E peq_android: volume index exceed range: 65535
06-28 15:35:46.467 24140 24212 D         : addLayerName, tid:24212
06-28 15:35:46.479   648  1284 E peq_android: volume index exceed range: 65535
06-28 15:35:46.483 24140 24212 D         : addLayerName, tid:24212
06-28 15:35:46.484   635   635 I AISched FPS: currentfps 60,detected fps 60,flag 0,high 32,low 10,sleepPercent 0.843337,old 8,new 8
06-28 15:35:46.485  1114  1530 I chatty  : uid=1000(system) AlarmManager expire 2 lines
06-28 15:35:46.498  1114  2452 V BroadcastQueue: Finished with ordered broadcast BroadcastRecord{20d5c45 u0 com.google.android.gms.gcm.ACTION_CHECK_QUEUE}
06-28 15:35:46.500   648  1284 E peq_android: volume index exceed range: 65535
06-28 15:35:46.502 24140 24212 D         : addLayerName, tid:24212
06-28 15:35:46.507  1114  1827 I chatty  : uid=1000(system) Binder:1114_8 expire 1 line
06-28 15:35:46.518 24140 24212 D         : addLayerName, tid:24212
06-28 15:35:46.518   626  1275 D asd_primary_out: L[0],R[0], continus 20 times!
06-28 15:35:46.519   648  1284 E peq_android: volume index exceed range: 65535
06-28 15:35:46.535 24140 24212 D         : addLayerName, tid:24212
06-28 15:35:46.539  3093  4349 D WorkSource: Insert in WorkSource{} @ 0 uid 10021 name com.google.android.gms
06-28 15:35:46.539 24396 24396 I dex2oat : Explicit concurrent copying GC freed 3189(485KB) AllocSpace objects, 0(0B) LOS objects, 96% free, 62KB/1598KB, paused 101us total 7.060ms
06-28 15:35:46.540   648  1284 E peq_android: volume index exceed range: 65535
06-28 15:35:46.540  3093  4349 D WorkSource: Insert in WorkSource{} @ 0 uid 10021 name com.google.android.gms
06-28 15:35:46.541  1114  2452 I chatty  : uid=1000(system) Binder:1114_B expire 1 line
06-28 15:35:46.549 24140 24212 D         : addLayerName, tid:24212
06-28 15:35:46.553  3093  4349 D WorkSource: Insert in WorkSource{} @ 0 uid 10021 name com.google.android.gms
06-28 15:35:46.554  1114  2452 W HwAlarmManagerService: isContainsAppUidInWorksource-->happend NameNotFoundException
06-28 15:35:46.554  1114  2452 W HwAlarmManagerService: isContainsAppUidInWorksource-->happend NameNotFoundException
06-28 15:35:46.559   648  1284 E peq_android: volume index exceed range: 65535
06-28 15:35:46.564 24140 24212 D         : addLayerName, tid:24212
06-28 15:35:46.579   648  1284 E peq_android: volume index exceed range: 65535
06-28 15:35:46.582 24140 24212 D         : addLayerName, tid:24212
06-28 15:35:46.588  3093 24398 I NetRec  : [5094] ahtr.a: Refreshing scores for 50 networks.
06-28 15:35:46.599 24140 24212 D         : addLayerName, tid:24212
06-28 15:35:46.599   648  1284 E peq_android: volume index exceed range: 65535
06-28 15:35:46.617 24140 24212 D         : addLayerName, tid:24212
06-28 15:35:46.620   648  1284 E peq_android: volume index exceed range: 65535
06-28 15:35:46.632 24140 24212 D         : addLayerName, tid:24212
06-28 15:35:46.639   648  1284 E peq_android: volume index exceed range: 65535
06-28 15:35:46.648 24140 24212 D         : addLayerName, tid:24212
06-28 15:35:46.659   648  1284 E peq_android: volume index exceed range: 65535
06-28 15:35:46.663 24140 24212 D         : addLayerName, tid:24212
06-28 15:35:46.679   648  1284 E peq_android: volume index exceed range: 65535
06-28 15:35:46.680 24140 24212 D         : addLayerName, tid:24212
06-28 15:35:46.697 24140 24212 D         : addLayerName, tid:24212
06-28 15:35:46.699   648  1284 E peq_android: volume index exceed range: 65535
06-28 15:35:46.710 24396 24396 I dex2oat : dex2oat took 1.331s (1.306s cpu) (threads: 1) arena alloc=1402KB (1436496B) java alloc=78KB (80008B) native alloc=2MB (2417472B) free=4MB (4398272B)
06-28 15:35:46.713 24140 24212 D         : addLayerName, tid:24212
06-28 15:35:46.719   648  1284 I AudioFlinger: switch off smartPA and bypass AP effect for silent scene detect
06-28 15:35:46.720   626  2174 D dsp_interface: dsp_set_device: call_m0_standby = 1, device = 0x0, device_mask = 0x00000000
06-28 15:35:46.720   626  2174 D dsp_soc : set device [0] [0] [succ]
06-28 15:35:46.720   626  2174 I audio_hw_primary: do_out_standby standby: 0, stream_type: 0,  out_device: 0
06-28 15:35:46.721   760   760 V installed: DexInv: --- END '/data/app/com.mixgo.PropertySEO-Gaw6OA6IvPahAYrdc1X2AQ==/base.apk' (success) ---
06-28 15:35:46.722   760   760 D installed: forkNotifyToRMS parcel pid=0, ppid=760, pkg=com.mixgo.PropertySEO, status=2, num=0, time=0
06-28 15:35:46.730 24140 24212 D         : addLayerName, tid:24212
06-28 15:35:46.735   626  2174 I audio_hw_primary: select_devices++ mode[0]
06-28 15:35:46.736   626  2174 I audio_hw_primary: soundtrigger_standing wakeup path no need to open, standby = 1, mode = 0
06-28 15:35:46.736   626  2174 I audio_hw_primary: input_source_id 0, output_device_id 0
06-28 15:35:46.736   626  2174 I audio_hw_primary: select_devices() devices 0 input src 0 output route none input route none in_device 0
06-28 15:35:46.736   626  2174 I spk_dev_interface: spk_dev_power_off: use new smartpakit version
06-28 15:35:46.736   626  2174 I smartpakit: pdata->device = 2, output_device = 0, pdata->mode = 0, mode = 0, same_user_defined_scene_flag = 0,on = 0
06-28 15:35:46.736   626  2174 I smartpakit: is not tty mode
06-28 15:35:46.736   626  2174 I smartpakit: is not mmi mode
06-28 15:35:46.736   626  2174 E smartpakit: current mmi_output is null!
06-28 15:35:46.736   626  2174 I smartpakit: smartpa_algo_control: enter smartpa_algo_control, cmd = 16
06-28 15:35:46.742   626  2174 I dsp_codec_ctl: codec_adsp_send_sync_cmd:ioctl ret=0
06-28 15:35:46.742   626  2174 I smartpakit: smartpakit dev_fade_out success
06-28 15:35:46.747 24140 24212 D         : addLayerName, tid:24212
06-28 15:35:46.762 24140 24212 I chatty  : uid=10397(com.mixgo.PropertySEO) identical 1 line
06-28 15:35:46.779 24140 24212 D         : addLayerName, tid:24212
06-28 15:35:46.789   626  2174 I smartpakit: pakit power off l(POWER_OFF_L) succ
06-28 15:35:46.789   626  2174 I smartpakit: smartpa_algo_control: enter smartpa_algo_control, cmd = 19
06-28 15:35:46.789   626  2174 I spk_dev_interface_V2: enable_smartpa_algo: enable 0, pa_num 1, algo_in 0
06-28 15:35:46.789   626  2174 I spk_dev_interface_V2: enable_smartpa_algo: set smartpa_algo IF_CLOSE
06-28 15:35:46.792   626  2174 I dsp_codec_ctl: codec_adsp_send_sync_cmd:ioctl ret=0
06-28 15:35:46.792   626  2174 I dsp_common: dsp_common_control_algo:set device = 0
06-28 15:35:46.792   626  2174 I audio_hw_primary: soundtrigger_standing wakeup path no need to open, standby = 1, mode = 0
06-28 15:35:46.792   626  2174 I audio_hw_primary: soundtrigger_standing wakeup path no need to open, standby = 1, mode = 0
06-28 15:35:46.795 24140 24212 D         : addLayerName, tid:24212
06-28 15:35:46.801   626  2174 I audio_pop: pop change S4 OL SWITCH SWITCH dir 0
06-28 15:35:46.802   626  2174 I audio_pop: pop change S4 OR SWITCH SWITCH dir 0
06-28 15:35:46.808   626  2174 I audio_pop: pop change PLAY48K SWITCH SWITCH dir 0
06-28 15:35:46.809   626  2174 I dsp_common: dsp_common_control_algo:set device = 0
06-28 15:35:46.810   626  2174 I spk_dev_interface: spk_dev_power_on: use new smartpakit version
06-28 15:35:46.810   626  2174 I smartpakit: pdata->device = 2, output_device = 0, pdata->mode = 0, mode = 0, same_user_defined_scene_flag = 0,on = 1
06-28 15:35:46.810   626  2174 I smartpakit: is not tty mode
06-28 15:35:46.810   626  2174 I smartpakit: is not mmi mode
06-28 15:35:46.810   626  2174 E smartpakit: current mmi_output is null!
06-28 15:35:46.810   626  2174 I audio_hw_primary: select_devices--
06-28 15:35:46.810   626  2174 I audio_hw_primary: need_mock_out_write flag: [1]
06-28 15:35:46.810   648  1284 E peq_android: volume index exceed range: 65535
06-28 15:35:46.811 24140 24212 D         : addLayerName, tid:24212
06-28 15:35:46.827 24140 24212 D         : addLayerName, tid:24212
06-28 15:35:46.833   648  1284 E peq_android: volume index exceed range: 65535
06-28 15:35:46.845 24140 24212 D         : addLayerName, tid:24212
06-28 15:35:46.857   648  1284 E peq_android: volume index exceed range: 65535
06-28 15:35:46.862 24140 24212 D         : addLayerName, tid:24212
06-28 15:35:46.878 24140 24212 D         : addLayerName, tid:24212
06-28 15:35:46.880   648  1284 E peq_android: volume index exceed range: 65535
06-28 15:35:46.894 24140 24212 D         : addLayerName, tid:24212
06-28 15:35:46.902   648  1284 E peq_android: volume index exceed range: 65535
06-28 15:35:46.910 24140 24212 D         : addLayerName, tid:24212
06-28 15:35:46.926   648  1284 E peq_android: volume index exceed range: 65535
06-28 15:35:46.926 24140 24212 D         : addLayerName, tid:24212
06-28 15:35:46.944 24140 24212 D         : addLayerName, tid:24212
06-28 15:35:46.949   648  1284 E peq_android: volume index exceed range: 65535
06-28 15:35:46.962 24140 24212 D         : addLayerName, tid:24212
06-28 15:35:46.972   648  1284 E peq_android: volume index exceed range: 65535
06-28 15:35:46.978 24140 24212 D         : addLayerName, tid:24212
06-28 15:35:46.995 24140 24212 D         : addLayerName, tid:24212
06-28 15:35:46.997   648  1284 E peq_android: volume index exceed range: 65535
06-28 15:35:47.011 24140 24212 D         : addLayerName, tid:24212
06-28 15:35:47.020   648  1284 E peq_android: volume index exceed range: 65535
06-28 15:35:47.028 24140 24212 D         : addLayerName, tid:24212
06-28 15:35:47.043 24140 24212 D         : addLayerName, tid:24212
06-28 15:35:47.043   648  1284 E peq_android: volume index exceed range: 65535
06-28 15:35:47.061 24140 24212 D         : addLayerName, tid:24212
06-28 15:35:47.067   648  1284 E peq_android: volume index exceed range: 65535
06-28 15:35:47.077 24140 24212 D         : addLayerName, tid:24212
06-28 15:35:47.090   648  1284 E peq_android: volume index exceed range: 65535
06-28 15:35:47.095 24140 24212 D         : addLayerName, tid:24212
06-28 15:35:47.112 24140 24212 D         : addLayerName, tid:24212
06-28 15:35:47.114   648  1284 E peq_android: volume index exceed range: 65535
06-28 15:35:47.127 24140 24212 D         : addLayerName, tid:24212
06-28 15:35:47.137   648  1284 E peq_android: volume index exceed range: 65535
06-28 15:35:47.144 24140 24212 D         : addLayerName, tid:24212
06-28 15:35:47.151  1952  2121 I chatty  : uid=1000(system) cloud_config expire 4 lines
06-28 15:35:47.160 24140 24212 D         : addLayerName, tid:24212
06-28 15:35:47.161   648  1284 E peq_android: volume index exceed range: 65535
06-28 15:35:47.173  1952  2241 I chatty  : uid=1000(system) actions handler expire 1 line
06-28 15:35:47.175  1952  2241 I ApplistMgr: mIgnoreAudioApps: [com.taobao.taobao, com.android.keyguard, com.huawei.HwMultiScreenShot]
06-28 15:35:47.175  1952  2241 I ApplistMgr: mForceCleanApps: null
06-28 15:35:47.177 24140 24212 D         : addLayerName, tid:24212
06-28 15:35:47.185   648  1284 E peq_android: volume index exceed range: 65535
06-28 15:35:47.193 24140 24212 D         : addLayerName, tid:24212
06-28 15:35:47.209   648  1284 E peq_android: volume index exceed range: 65535
06-28 15:35:47.210 24140 24212 D         : addLayerName, tid:24212
06-28 15:35:47.226 24140 24212 D         : addLayerName, tid:24212
06-28 15:35:47.234   648  1284 E peq_android: volume index exceed range: 65535
06-28 15:35:47.243 24140 24212 D         : addLayerName, tid:24212
06-28 15:35:47.260   648  1284 E peq_android: volume index exceed range: 65535
