06-28 18:18:14.349 31509 31509 D ActivityThread: add activity client record, r= ActivityRecord{d5886af token=android.os.BinderProxy@85a3eb6 {com.android.packageinstaller/com.android.packageinstaller.permission.ui.GrantPermissionsActivity}} token= android.os.BinderProxy@85a3eb6
06-28 18:18:14.357  1114  9173 V WindowManager: addWindow: Window{7f128cd u0 com.android.packageinstaller/com.android.packageinstaller.permission.ui.GrantPermissionsActivity}
06-28 18:18:14.358  1114  2570 D HwGameAssistantController: pid=31509, uid=10042, component=ComponentInfo{com.android.packageinstaller/com.android.packageinstaller.permission.ui.GrantPermissionsActivity}
06-28 18:18:14.358  1114  1243 D HwGameAssistantController: UPDATE: mCurFgPkg=com.android.packageinstaller, mCurFgPid=31509, mCurIsGame=false
06-28 18:18:14.358  1114  1219 W HwActivityManagerServiceEx: HwActivityNotifier end call android.app.IHwActivityNotifier$Stub$Proxy@88cf16b for activityLifeState under user 0 cost 0
06-28 18:18:14.369  1114  2570 D PackageManager: resolve intent for uid:10042, matchs:3, res:ResolveInfo{7ab0582 com.huawei.android.launcher/.unihome.UniHomeLauncher m=0x108000}
06-28 18:18:14.372  1114  1684 V WindowManager: Checking 1 opening apps (frozen=false timeout=false), Track: relayout performsurface
06-28 18:18:14.372  1114  1684 V WindowManager: Check opening app=AppWindowToken{bfe03d2 token=Token{3f2ee5d ActivityRecord{3541034 u0 com.android.packageinstaller/.permission.ui.GrantPermissionsActivity t208}}}: allDrawn=false startingDisplayed=false startingMoved=false isRelaunching()=false startingWindow=null
06-28 18:18:14.375  1114  1684 W WindowManager: force to relayout later when size is 1*1 for:Window{7f128cd u0 com.android.packageinstaller/com.android.packageinstaller.permission.ui.GrantPermissionsActivity}
06-28 18:18:14.376  1114  1684 V WindowManager: Checking 1 opening apps (frozen=false timeout=false), Track:  performsurface
06-28 18:18:14.376  1114  1684 V WindowManager: Check opening app=AppWindowToken{bfe03d2 token=Token{3f2ee5d ActivityRecord{3541034 u0 com.android.packageinstaller/.permission.ui.GrantPermissionsActivity t208}}}: allDrawn=false startingDisplayed=false startingMoved=false isRelaunching()=false startingWindow=null
06-28 18:18:14.389  1114  1456 V WindowManager_visibility: updateAllDrawn Add AppWindowToken{bfe03d2 token=Token{3f2ee5d ActivityRecord{3541034 u0 com.android.packageinstaller/.permission.ui.GrantPermissionsActivity t208}}}
06-28 18:18:14.389  1114  1456 V WindowManager_visibility: updateAllDrawn allDrawn=false interesting=1 drawn=1 relaunchCount=0 for AppWindowToken{bfe03d2 token=Token{3f2ee5d ActivityRecord{3541034 u0 com.android.packageinstaller/.permission.ui.GrantPermissionsActivity t208}}}
06-28 18:18:14.390  1114  1456 V WindowManager: Checking 1 opening apps (frozen=false timeout=false), Track:  performsurface
06-28 18:18:14.390  1114  1456 V WindowManager: Check opening app=AppWindowToken{bfe03d2 token=Token{3f2ee5d ActivityRecord{3541034 u0 com.android.packageinstaller/.permission.ui.GrantPermissionsActivity t208}}}: allDrawn=true startingDisplayed=false startingMoved=false isRelaunching()=false startingWindow=null
06-28 18:18:14.390  1114  1456 I WindowManager: closing apps count = 0
06-28 18:18:14.410  1114  1242 D ActivityManager: EVENT_APP_ACTIVITY_DISPLAYED_FINISH reportData: com.android.packageinstaller/.permission.ui.GrantPermissionsActivity 31509 74
06-28 18:18:14.413  1114  2570 I WindowManager:   SURFACE SIZE 1080x2157: com.android.packageinstaller/com.android.packageinstaller.permission.ui.GrantPermissionsActivity
06-28 18:18:14.458  1114  1456 V WindowManager_visibility: updateAllDrawn Add AppWindowToken{1b7270d token=Token{8f7fda4 ActivityRecord{fa84437 u0 com.mixgo.PropertySEO/cn.jiguang.unity.push.UnityPluginActivity t208}}}
06-28 18:18:14.459  1114  1456 V WindowManager_visibility: updateAllDrawn allDrawn=false interesting=1 drawn=1 relaunchCount=0 for AppWindowToken{1b7270d token=Token{8f7fda4 ActivityRecord{fa84437 u0 com.mixgo.PropertySEO/cn.jiguang.unity.push.UnityPluginActivity t208}}}
06-28 18:18:14.463  1114  1456 V WindowManager: removeIfPossible: Window{8e5753b u0 Splash Screen com.mixgo.PropertySEO}
06-28 18:18:14.463  1114  1242 D ActivityManager: EVENT_APP_ACTIVITY_DISPLAYED_FINISH reportData: com.mixgo.PropertySEO/cn.jiguang.unity.push.UnityPluginActivity 32457 291
06-28 18:18:14.465  1114  1456 V WindowManager: Not removing Window{8e5753b u0 Splash Screen com.mixgo.PropertySEO EXITING} due to exit animation 
06-28 18:18:14.542  1114  9173 D NotificationListeners: Removing active service ComponentInfo{com.huawei.android.launcher/com.android.launcher.notification.NotificationListener}
06-28 18:18:14.545  1114  1560 D NetdConnector: SND -> {2460 firewall set_uid_rule standby 10152 deny}
06-28 18:18:14.550  1114  1555 D NetdConnector: RCV <- {200 2460 Firewall command succeeded}
06-28 18:18:14.551  1114  1555 D NetdConnector: RCV <- {200 2460 Firewall command succeeded}
06-28 18:18:14.553  1114  2570 V WindowManager: notifyAppStopped: AppWindowToken{616761c token=Token{3fbf38f ActivityRecord{bca02ee u0 com.huawei.android.launcher/.unihome.UniHomeLauncher t1}}}
06-28 18:18:14.553  1114  2570 E WindowManager: win=Window{12f7b0d u0 com.huawei.android.launcher/com.huawei.android.launcher.unihome.UniHomeLauncher} destroySurfaces: appStopped=true win.mWindowRemovalAllowed=false win.mRemoveOnExit=false
06-28 18:18:14.555  1869  2315 I BoosterSwitchP: notifyUidState do nothing
06-28 18:18:14.555  1869  2315 I DeepNoDisturbP: notifyUidState
06-28 18:18:14.555  1869  2315 I HidataAppQoeP: notifyUidState
06-28 18:18:14.555  1869  2315 I BrowserChrP: notifyUidState
06-28 18:18:14.557  1114  1560 D NetdConnector: SND -> {2461 firewall set_uid_rule standby 10033 deny}
06-28 18:18:14.560  1114  1555 D NetdConnector: RCV <- {200 2461 Firewall command succeeded}
06-28 18:18:14.561  1114  1555 D NetdConnector: RCV <- {200 2461 Firewall command succeeded}
06-28 18:18:14.568  1114  1456 V WindowManager: Exit animation finished in Window{8e5753b u0 Splash Screen com.mixgo.PropertySEO EXITING}: remove=true
06-28 18:18:14.576  1114  1456 E WindowManager: win=Window{8e5753b u0 Splash Screen com.mixgo.PropertySEO EXITING} destroySurfaces: appStopped=false win.mWindowRemovalAllowed=true win.mRemoveOnExit=true
06-28 18:18:14.576  1114  1456 V WindowManager: postWindowRemoveCleanupLocked: Window{8e5753b u0 Splash Screen com.mixgo.PropertySEO}
06-28 18:18:14.576  1114  1456 V WindowManager: Removing Window{8e5753b u0 Splash Screen com.mixgo.PropertySEO} from AppWindowToken{1b7270d token=Token{8f7fda4 ActivityRecord{fa84437 u0 com.mixgo.PropertySEO/cn.jiguang.unity.push.UnityPluginActivity t208}}}
06-28 18:18:14.824  1114  1114 I HwNormalizedSpline: mOminLevelMode:Day getBrightnessLevel lux =454.0,mDefaultBrightness=44.20459,mOCount=11
06-28 18:18:15.008   520   529 D vold    : Remounting 10399 as mode read
06-28 18:18:15.014   520   529 D vold    : Found matching PID 32457
06-28 18:18:15.053   520   529 D vold    : Remounting 10399 as mode write
06-28 18:18:15.058   520   529 D vold    : Found matching PID 32457
06-28 18:18:15.286  1114  1217 I PackageManager: writePermissionsSync -> user:0, put true:, Build.FINGERPRINT:HUAWEI/EML-AL00/HWEML:9/HUAWEIEML-AL00/187C00R1:user/release-keys, fingerprint:HUAWEI/EML-AL00/HWEML:9/HUAWEIEML-AL00/187C00R1:user/release-keys
06-28 18:18:15.322  1114  9173 I AlarmManager: remove alarm:Alarm{6e4fc06 type 1 when 1561717117506 PendingIntent{6ed52c7: PendingIntentRecord{8ea840d com.huawei.systemmanager broadcastIntent}}com.huawei.systemmanager} according to operation:f2f10f4
06-28 18:18:15.327  1114  9173 I AlarmManager: remove alarm:Alarm{35985de type 1 when 1561717147512 PendingIntent{3d07891: PendingIntentRecord{acd2fa0 com.huawei.systemmanager broadcastIntent}}com.huawei.systemmanager} according to operation:b9bd3bf
06-28 18:18:15.493  1114  8995 W HwActivityManagerServiceEx: appSwitch from: com.android.packageinstaller to: com.mixgo.PropertySEO
06-28 18:18:15.494  1114  8995 V HwPhoneWindowManager: updateSystemUiColorLw window=Window{9148b1e u0 com.mixgo.PropertySEO/cn.jiguang.unity.push.UnityPluginActivity},EmuiStyle=0,StatusBarColor=0xff000000,NavigationBarColor=0xff000000, mLastIsEmuiLightStyle=-1, mForceNotchStatusBar=false
06-28 18:18:15.494  1724 26537 I CommandQueue: updateBarBgColor
06-28 18:18:15.494  1724 26537 D CommandQueue: CommandQueue, setBarBackgroundColor
06-28 18:18:15.497  1114  1219 W HwActivityManagerServiceEx: HwActivityNotifier end call android.app.IHwActivityNotifier$Stub$Proxy@b3922e9 for appSwitch under user 0 cost 3
06-28 18:18:15.497  1114  1219 W HwActivityManagerServiceEx: HwActivityNotifier end call android.app.IHwActivityNotifier$Stub$Proxy@92d0b6e for appSwitch under user 0 cost 0
06-28 18:18:15.499  1114  8995 D HwPhoneWindowManager: sensorRotation = -1 lastRotation:0
06-28 18:18:15.499  1114  9173 D HwLocationManagerService: on transact ADD_LOCATION_MODE  uid is 10399 , expectedmode is 3 , packagename is com.mixgo.PropertySEO
06-28 18:18:15.499  1114  8995 V WindowManager: notifyAppResumed: wasStopped=false AppWindowToken{1b7270d token=Token{8f7fda4 ActivityRecord{fa84437 u0 com.mixgo.PropertySEO/cn.jiguang.unity.push.UnityPluginActivity t208}}}
06-28 18:18:15.499  1114  9173 D HwLocationManagerService: uid is 10399 , isWifiConn is true , isMobileConn is false
06-28 18:18:15.499  1114  9173 I HwNetworkPolicy: onTransact, code = 203
06-28 18:18:15.499  1114  9173 I HwNetworkPolicyManager: getHwUidPolicy uid = 10399 policy = 0
06-28 18:18:15.500  1114  9173 D HwLocationManagerService: policy is 0 , wifiAccess is true, mobileAccess is true
06-28 18:18:15.500  1114  9173 D HwLocationManagerService: wifiAvaiable is true , mobileAvailable is false
06-28 18:18:15.500  1114  9173 D HwLocationManagerService: addSupervisoryControlProc, mExpectedMode is network,packagename=com.mixgo.PropertySEO, mSupervisoryPkgList is {com.mixgo.PropertySEO=network}
06-28 18:18:15.500  1114  9173 D HwLocationManagerService:  package has no request send yet
06-28 18:18:15.502  1114  8995 V WindowManager: Checking 1 opening apps (frozen=false timeout=false), Track: activitypause performsurface
06-28 18:18:15.502  1114  8995 V WindowManager: Check opening app=AppWindowToken{1b7270d token=Token{8f7fda4 ActivityRecord{fa84437 u0 com.mixgo.PropertySEO/cn.jiguang.unity.push.UnityPluginActivity t208}}}: allDrawn=true startingDisplayed=false startingMoved=false isRelaunching()=false startingWindow=null
06-28 18:18:15.502  1114  8995 I WindowManager: closing apps count = 1
06-28 18:18:15.515  1114  1219 W HwActivityManagerServiceEx: HwActivityNotifier end call android.app.IHwActivityNotifier$Stub$Proxy@88cf16b for activityLifeState under user 0 cost 0
06-28 18:18:15.516  1114  8995 D HwGameAssistantController: pid=32457, uid=10399, component=ComponentInfo{com.mixgo.PropertySEO/cn.jiguang.unity.push.UnityPluginActivity}
06-28 18:18:15.516  1114  1243 D HwGameAssistantController: UPDATE: mCurFgPkg=com.mixgo.PropertySEO, mCurFgPid=32457, mCurIsGame=false
06-28 18:18:15.517  1114  1219 W HwActivityManagerServiceEx: HwActivityNotifier end call android.app.IHwActivityNotifier$Stub$Proxy@88cf16b for activityLifeState under user 0 cost 0
06-28 18:18:15.537  1869  2315 I BoosterSwitchP: notifyUidState do nothing
06-28 18:18:15.537  1869  2315 I DeepNoDisturbP: notifyUidState
06-28 18:18:15.537  1869  2315 I HidataAppQoeP: notifyUidState
06-28 18:18:15.537  1869  2315 I BrowserChrP: notifyUidState
06-28 18:18:15.543 31509 31509 D ActivityThread: Remove activity client record, r= ActivityRecord{d5886af token=android.os.BinderProxy@85a3eb6 {com.android.packageinstaller/com.android.packageinstaller.permission.ui.GrantPermissionsActivity}} token= android.os.BinderProxy@85a3eb6
06-28 18:18:15.548  1114  8995 V WindowManager: removeIfPossible: Window{7f128cd u0 com.android.packageinstaller/com.android.packageinstaller.permission.ui.GrantPermissionsActivity}
06-28 18:18:15.550  1114  8995 V WindowManager: Not removing Window{7f128cd u0 com.android.packageinstaller/com.android.packageinstaller.permission.ui.GrantPermissionsActivity EXITING} due to exit animation 
06-28 18:18:15.555  1114  8995 V WindowManager: removeAppToken: AppWindowToken{bfe03d2 token=Token{3f2ee5d ActivityRecord{3541034 u0 com.android.packageinstaller/.permission.ui.GrantPermissionsActivity t208}}} delayed=true Callers=com.android.server.wm.DisplayContent.removeAppToken:1059 com.android.server.wm.AppWindowContainerController.removeContainer:301 com.android.server.am.ActivityRecord.removeWindowContainer:1152 com.android.server.am.ActivityStack.removeActivityFromHistoryLocked:4507 
06-28 18:18:15.555  1114  8995 V WindowManager: removeAppToken make exiting: AppWindowToken{bfe03d2 token=Token{3f2ee5d ActivityRecord{3541034 u0 com.android.packageinstaller/.permission.ui.GrantPermissionsActivity t208}}}
06-28 18:18:15.562  1114  1114 I WindowManager: notifyAccessibilityButtonVisibilityChanged visible:false
06-28 18:18:15.656  1114  1114 D MediaRouterService: onAudioPlayerActiveStateChanged: uid=10399, active=true, restoreUid=10399
06-28 18:18:15.723  1114  1456 V WindowManager: Exit animation finished in Window{7f128cd u0 com.android.packageinstaller/com.android.packageinstaller.permission.ui.GrantPermissionsActivity EXITING}: remove=true
06-28 18:18:15.723  1114  1456 E WindowManager: win=Window{7f128cd u0 com.android.packageinstaller/com.android.packageinstaller.permission.ui.GrantPermissionsActivity EXITING} destroySurfaces: appStopped=false win.mWindowRemovalAllowed=true win.mRemoveOnExit=true
06-28 18:18:15.724  1114  1456 V WindowManager: postWindowRemoveCleanupLocked: Window{7f128cd u0 com.android.packageinstaller/com.android.packageinstaller.permission.ui.GrantPermissionsActivity}
06-28 18:18:15.724  1114  1456 V WindowManager: Removing Window{7f128cd u0 com.android.packageinstaller/com.android.packageinstaller.permission.ui.GrantPermissionsActivity} from AppWindowToken{bfe03d2 token=Token{3f2ee5d ActivityRecord{3541034 u0 com.android.packageinstaller/.permission.ui.GrantPermissionsActivity t208}}} mIsExiting=
06-28 18:18:15.727  1114  1456 V WindowManager: removeAppToken: AppWindowToken{bfe03d2 token=Token{3f2ee5d ActivityRecord{3541034 u0 com.android.packageinstaller/.permission.ui.GrantPermissionsActivity t208}}} delayed=false Callers=com.android.server.wm.AppWindowToken.removeImmediately:656 com.android.server.wm.AppWindowToken.removeIfPossible:664 com.android.server.wm.AppWindowToken.checkCompleteDeferredRemoval:670 com.android.server.wm.WindowContainer.checkCompleteDeferredRemoval:666 
06-28 18:18:15.842  1114  1217 I PackageManager: writePermissionsSync -> user:0, put true:, Build.FINGERPRINT:HUAWEI/EML-AL00/HWEML:9/HUAWEIEML-AL00/187C00R1:user/release-keys, fingerprint:HUAWEI/EML-AL00/HWEML:9/HUAWEIEML-AL00/187C00R1:user/release-keys
06-28 18:18:16.003  1114  1114 I HwNormalizedSpline: mOminLevelMode:Day getBrightnessLevel lux =454.0,mDefaultBrightness=44.20459,mOCount=11
06-28 18:18:16.047  1114  8995 I HwAudioServiceEx: VBR Enter package length 1
06-28 18:18:16.047  1114  8995 I HwAudioServiceEx: VBR Enter packageName:com.mixgo.PropertySEO
06-28 18:18:16.048  1114  8995 I HwAudioServiceEx: VBR HwAudioService:music app exit -1
06-28 18:18:16.235  1114  2997 V BackupManagerConstants: getFullBackupRequiredNetworkType(...) returns 2
06-28 18:18:16.235  1114  2997 V BackupManagerConstants: getFullBackupRequireCharging(...) returns true
06-28 18:18:17.050  1114  1790 W Watchdog: hungtask: writing kick
06-28 18:18:17.373 30304 30327 W PackageParser: Ignoring duplicate uses-permissions/uses-permissions-sdk-m: android.permission.ACCESS_FINE_LOCATION in package: com.mixgo.PropertySEO at: Binary XML file line #42
06-28 18:18:17.374 30304 30327 W PackageParser: Ignoring duplicate uses-permissions/uses-permissions-sdk-m: android.permission.RECEIVE_USER_PRESENT in package: com.mixgo.PropertySEO at: Binary XML file line #45
06-28 18:18:17.374 30304 30327 W PackageParser: Ignoring duplicate uses-permissions/uses-permissions-sdk-m: android.permission.INTERNET in package: com.mixgo.PropertySEO at: Binary XML file line #46
06-28 18:18:17.374 30304 30327 W PackageParser: Ignoring duplicate uses-permissions/uses-permissions-sdk-m: android.permission.WAKE_LOCK in package: com.mixgo.PropertySEO at: Binary XML file line #47
06-28 18:18:17.374 30304 30327 W PackageParser: Ignoring duplicate uses-permissions/uses-permissions-sdk-m: android.permission.READ_PHONE_STATE in package: com.mixgo.PropertySEO at: Binary XML file line #48
06-28 18:18:17.374 30304 30327 W PackageParser: Ignoring duplicate uses-permissions/uses-permissions-sdk-m: android.permission.WRITE_EXTERNAL_STORAGE in package: com.mixgo.PropertySEO at: Binary XML file line #49
06-28 18:18:17.374 30304 30327 W PackageParser: Ignoring duplicate uses-permissions/uses-permissions-sdk-m: android.permission.READ_EXTERNAL_STORAGE in package: com.mixgo.PropertySEO at: Binary XML file line #50
06-28 18:18:17.374 30304 30327 W PackageParser: Ignoring duplicate uses-permissions/uses-permissions-sdk-m: android.permission.WRITE_SETTINGS in package: com.mixgo.PropertySEO at: Binary XML file line #51
06-28 18:18:17.374 30304 30327 W PackageParser: Ignoring duplicate uses-permissions/uses-permissions-sdk-m: android.permission.VIBRATE in package: com.mixgo.PropertySEO at: Binary XML file line #52
06-28 18:18:17.374 30304 30327 W PackageParser: Ignoring duplicate uses-permissions/uses-permissions-sdk-m: android.permission.MOUNT_UNMOUNT_FILESYSTEMS in package: com.mixgo.PropertySEO at: Binary XML file line #53
06-28 18:18:17.374 30304 30327 W PackageParser: Ignoring duplicate uses-permissions/uses-permissions-sdk-m: android.permission.ACCESS_NETWORK_STATE in package: com.mixgo.PropertySEO at: Binary XML file line #54
06-28 18:18:17.374 30304 30327 W PackageParser: Ignoring duplicate uses-permissions/uses-permissions-sdk-m: android.permission.SYSTEM_ALERT_WINDOW in package: com.mixgo.PropertySEO at: Binary XML file line #55
06-28 18:18:17.375 30304 30327 W PackageParser: No actions in intent filter at /data/app/com.mixgo.PropertySEO-6W8UJdCYiBIq6yegpeYJow==/base.apk Binary XML file line #173
--------- beginning of main
06-28 18:18:17.556 32246 32388 W QueryController: Could not detect idle state.
06-28 18:18:17.557 32246 32388 W AccessibilityInteractionClient: old interaction Id is: -1,current interaction Id is:105
06-28 18:18:17.563 32246 32388 W AccessibilityInteractionClient: old interaction Id is: -1,current interaction Id is:106
06-28 18:18:17.607 32246 32388 D UIAutomatorStub: URI: /jsonrpc/0, Method: POST, params, {NanoHttpd.QUERY_STRING=null}, files: {postData={"jsonrpc": "2.0", "id": "d7ad6e80924fde2d941a26e52c3429ca", "method": "deviceInfo", "params": {}}}
06-28 18:18:17.610 32246 32388 W QueryController: Could not detect idle state.
06-28 18:18:17.612 32246 32388 W AccessibilityInteractionClient: old interaction Id is: -1,current interaction Id is:107
06-28 18:18:17.621 32246 32388 W QueryController: Could not detect idle state.
06-28 18:18:17.622 32246 32388 W QueryController: Could not detect idle state.
06-28 18:18:17.622 32246 32388 W QueryController: Could not detect idle state.
06-28 18:18:17.646 32246 32388 D UIAutomatorStub: URI: /jsonrpc/0, Method: POST, params, {NanoHttpd.QUERY_STRING=null}, files: {postData={"jsonrpc": "2.0", "id": "4b5dcdccec5c8c262650523dc243387d", "method": "click", "params": [302, 1292]}}
06-28 18:18:17.651 32246 32388 D InteractionController: clickNoSync (302, 1292)
06-28 18:18:17.677   468   468 E OEMINFO_NVM_SERVER:  oeminfo_get_info:index(155), oeminfo data not find !!!!
06-28 18:18:17.678   468   468 E OEMINFO_NVM_SERVER:  oeminfo_return_info: oeminfo return info fail.
06-28 18:18:17.678   468   468 E OEMINFO_NVM_SERVER:  oinv_cmd_handler: pid 507, operation oeminfo_getinfo and ret -1 fail.
06-28 18:18:17.678   507   507 E OEMINFO_NVM_CLIENT: oinv_recv_return: RET_FAIL return.
06-28 18:18:17.678   507   507 E OEMINFO_NVM_CLIENT: rmt_oeminfo_get_info: index(155) get data from server fail.
06-28 18:18:17.678   507   507 E         : read_oeminfo_signed_data: failed to get info oeminfo_idx:155 and total_byte:0
06-28 18:18:17.678   507   507 E         : init_oeminfo_signed_data_all:fail to read oeminfo oeminfo_idx:155 and oeminfo_sub_idx:-1
06-28 18:18:17.678   507   507 E         : get_original_data_by_fun_tag_and_sign_type: fail to init signed oeminfo signed all params
06-28 18:18:17.678   507   507 E         : read_udid_number: failed to get udid
06-28 18:18:17.678   507   507 E factory_operator: hw_get_device_info: read udid from oeminfo fail
06-28 18:18:17.678  1114  1827 I chatty  : uid=1000(system) Binder:1114_8 expire 11 lines
06-28 18:18:17.783   776   776 E Thermal-daemon: [charger_ic] temp_new :41  temp_old :39
06-28 18:18:17.785   776   776 E Thermal-daemon: Report temperature: [charger_ic] temp :41  report_threshold:1
06-28 18:18:17.861   789   909 D SensorHub: batch called handle:0 sample_ns:200000000 latency_ns:0
06-28 18:18:17.861   789   909 E SensorHub: in batch, handle = 0, flags = 0, period_ns = 200000000, timeout = 0
06-28 18:18:17.863   789   909 I Sensors@1.0-impl: activate-0 enabled-1 fwkOals-1 camOals-0 fwkOcolor-1 camOcolor-0 fwkOtof-0 camOtof-0
06-28 18:18:17.863   789   909 D SensorHub: enableSensor-> handle: 0 enable : 1
06-28 18:18:17.863   789   909 D SensorHub: Channel activate-> handle: 0, enabled:1, err: 0
06-28 18:18:17.864   789   909 D SensorHub: batch called handle:0 sample_ns:20000000 latency_ns:0
06-28 18:18:17.864   789   909 E SensorHub: in batch, handle = 0, flags = 0, period_ns = 20000000, timeout = 0
06-28 18:18:17.876  1114  9129 D HwAudioService: startWatchingRoutes
06-28 18:18:17.876  1114  9129 D HwAudioService: linkVAtoDeathRe for vassistant
06-28 18:18:17.876  1114  9129 D HwAudioService: packageName:com.mixgo.PropertySEO
06-28 18:18:17.877  1114  9129 D MediaRouterService: Client com.mixgo.PropertySEO (pid 32457): Registered
06-28 18:18:17.921   650   650 D Layer   : Skip in Layer::computeScreenBounds 1
06-28 18:18:17.922   650   650 D Layer   : Skip in Layer::computeScreenBounds 1
06-28 18:18:17.987   789   909 D SensorHub: batch called handle:0 sample_ns:200000000 latency_ns:0
06-28 18:18:17.988   789   909 E SensorHub: in batch, handle = 0, flags = 0, period_ns = 200000000, timeout = 0
06-28 18:18:17.989   638   638 E uniperf server: uniPerfEvent doParse failed, cmdId=4400
06-28 18:18:17.989   638   638 D uniperf hal: do uniPerfEvent failed, cmdId=4400, ret=2
06-28 18:18:17.989   789   909 I Sensors@1.0-impl: activate-0 enabled-1 fwkOals-1 camOals-0 fwkOcolor-1 camOcolor-0 fwkOtof-0 camOtof-0
06-28 18:18:17.989   789   909 D SensorHub: enableSensor-> handle: 0 enable : 1
06-28 18:18:17.989   789   909 D SensorHub: Channel activate-> handle: 0, enabled:1, err: 0
06-28 18:18:17.990   789   909 D SensorHub: batch called handle:0 sample_ns:20000000 latency_ns:0
06-28 18:18:17.990   789   909 E SensorHub: in batch, handle = 0, flags = 0, period_ns = 20000000, timeout = 0
06-28 18:18:17.992   650  1510 D         : DynamicWindowFrameOpt registerTargetFpsObserver
06-28 18:18:18.044  1114  1114 D MediaRouterService: onAudioPlayerActiveStateChanged: uid=10399, active=false, delaying
06-28 18:18:18.045  1667 30663 V AudioManager: mPlaybackCallbackList.size:1
06-28 18:18:18.045   648 25335 I chatty  : uid=1041(audioserver) Binder:648_7 expire 27 lines
06-28 18:18:18.045  1667  2475 D AudioManager: dispatching onPlaybackConfigChanged()
06-28 18:18:18.047  1667 30663 V AudioManager: mPlaybackCallbackList.size:1
06-28 18:18:18.050  1667  2475 D AudioManager: dispatching onPlaybackConfigChanged()
06-28 18:18:18.055   648  5716 I chatty  : uid=1041(audioserver) Binder:648_5 expire 11 lines
06-28 18:18:18.062 32457 32634 I chatty  : uid=10399(com.mixgo.PropertySEO) expire 7 lines
06-28 18:18:18.064  1114  1114 D MediaRouterService: onAudioPlayerActiveStateChanged: uid=10399, active=true, restoreUid=10399
06-28 18:18:18.064  1667 30663 V AudioManager: mPlaybackCallbackList.size:1
06-28 18:18:18.064  1667  2475 D AudioManager: dispatching onPlaybackConfigChanged()
06-28 18:18:18.067 32457 32530 I chatty  : uid=10399(com.mixgo.PropertySEO) expire 1 line
06-28 18:18:18.100  1114  1827 I ActivityManager: START u0 {act=android.content.pm.action.REQUEST_PERMISSIONS pkg=com.android.packageinstaller cmp=com.android.packageinstaller/.permission.ui.GrantPermissionsActivity (has extras)} from uid 10399
06-28 18:18:18.102  1114  1827 I ActivityManager: ActivityRecord info: ActivityInfo{2f98416 com.android.packageinstaller.permission.ui.GrantPermissionsActivity}
06-28 18:18:18.107  1114  1827 V WindowManager: addAppToken: AppWindowToken{d2cb36d token=Token{7947f84 ActivityRecord{9802197 u0 com.android.packageinstaller/.permission.ui.GrantPermissionsActivity t208}}} controller={TaskWindowContainerController taskId=208} at 2147483647
06-28 18:18:18.108   780  9105 I Pged-IPgedBinderService: ****action is 1, pid num is 2***
06-28 18:18:18.108   780  9105 I Pged-Freezer: freezePids
06-28 18:18:18.108   780  9105 I Pged-Freezer: Freeze process: 30304
06-28 18:18:18.109   650   933 D         : doWinFrameOptStatusRecog begin to recog Layer result=2
06-28 18:18:18.119   650   650 D Layer   : Skip in Layer::computeScreenBounds 1
06-28 18:18:18.120   650   650 D Layer   : Skip in Layer::computeScreenBounds 1
06-28 18:18:18.122   648   998 I chatty  : uid=1041(audioserver) ApmOutput expire 22 lines
06-28 18:18:18.126   755   815 I dubaid  : [AudioHandler.cpp] stopSession# Failed to find audio session: 1729
06-28 18:18:18.288 32457 32640 I chatty  : uid=10399(com.mixgo.PropertySEO) expire 4 lines
06-28 18:18:18.383  1114  1114 D MediaRouterService: onAudioPlayerActiveStateChanged: uid=10399, active=false, delaying
06-28 18:18:18.383  1667 30663 V AudioManager: mPlaybackCallbackList.size:1
06-28 18:18:18.383  1667  2475 D AudioManager: dispatching onPlaybackConfigChanged()
06-28 18:18:18.383  1667  2633 V AudioManager: mPlaybackCallbackList.size:1
06-28 18:18:18.384  1667  2475 D AudioManager: dispatching onPlaybackConfigChanged()
06-28 18:18:18.385   789   909 I Sensors@1.0-impl: activate-0 enabled-0 fwkOals-1 camOals-0 fwkOcolor-1 camOcolor-0 fwkOtof-0 camOtof-0
06-28 18:18:18.385   789   909 D SensorHub: enableSensor-> handle: 0 enable : 0
06-28 18:18:18.385   789   909 D SensorHub: Channel activate-> handle: 0, enabled:0, err: 0
06-28 18:18:18.385   789   909 D SensorHub: lib ver is 15
06-28 18:18:18.385   789   909 E SensorHub: get_acc_convert_coff = 1000.000000
06-28 18:18:18.387  1114  9129 V ActivityManager: Making visible and scheduling visibility: ActivityRecord{9802197 u0 com.android.packageinstaller/.permission.ui.GrantPermissionsActivity t208}
06-28 18:18:18.388  1114  9129 D HwPhoneWindowManager: sensorRotation = -1 lastRotation:0
06-28 18:18:18.389 31509 31509 W ActivityThread: handleWindowVisibility: no activity for token android.os.BinderProxy@676fe2b
06-28 18:18:18.392   648  1353 I chatty  : uid=1041(audioserver) Binder:648_3 expire 13 lines
06-28 18:18:18.395  1114  9129 W HwActivityManagerServiceEx: appSwitch from: com.mixgo.PropertySEO to: com.android.packageinstaller
06-28 18:18:18.395 31509 31509 D ZrHung.AppEyeUiProbe: notify runnable to start.
06-28 18:18:18.395 31509 31530 D ZrHung.AppEyeUiProbe: restart watching
06-28 18:18:18.395  1114  1219 W HwActivityManagerServiceEx: HwActivityNotifier end call android.app.IHwActivityNotifier$Stub$Proxy@b3922e9 for appSwitch under user 0 cost 0
06-28 18:18:18.395 31509 31509 V ActivityThread: Skipping new config:{1.0 ?mcc?mnc [zh_CN_#Hans,en_US] ldltr sw360dp w360dp h719dp 480dpi nrml long hdr port finger -keyb/v/h -nav/h winConfig={ mBounds=Rect(0, 0 - 0, 0) mAppBounds=Rect(0, 85 - 1080, 2244) mWindowingMode=fullscreen mActivityType=undefined} nonFullScreen=0 suim:1 s.9}, config:{1.0 ?mcc?mnc [zh_CN_#Hans,en_US] ldltr sw360dp w360dp h719dp 480dpi nrml long hdr port finger -keyb/v/h -nav/h winConfig={ mBounds=Rect(0, 0 - 0, 0) mAppBounds=Rect(0, 85 - 1080, 2244) mWindowingMode=fullscreen mActivityType=undefined} nonFullScreen=0 suim:1 s.9} for app:com.android.packageinstaller
06-28 18:18:18.395  1114  1219 W HwActivityManagerServiceEx: HwActivityNotifier end call android.app.IHwActivityNotifier$Stub$Proxy@92d0b6e for appSwitch under user 0 cost 0
06-28 18:18:18.398  1114  9129 V WindowManager: Checking 1 opening apps (frozen=false timeout=false), Track: activitypause performsurface
06-28 18:18:18.398  1114  9129 V WindowManager: Check opening app=AppWindowToken{d2cb36d token=Token{7947f84 ActivityRecord{9802197 u0 com.android.packageinstaller/.permission.ui.GrantPermissionsActivity t208}}}: allDrawn=false startingDisplayed=false startingMoved=false isRelaunching()=false startingWindow=null
06-28 18:18:18.399  1114  1219 W HwActivityManagerServiceEx: HwActivityNotifier end call android.app.IHwActivityNotifier$Stub$Proxy@88cf16b for activityLifeState under user 0 cost 0
06-28 18:18:18.401 31509 31509 V ActivityThread: callActivityOnCreate
06-28 18:18:18.403 31509 31509 W VRSystemServiceManager: vr service is not alive
06-28 18:18:18.407  2434  4069 E nearby  : CloseRangeAdapter:no such business type
06-28 18:18:18.410  1114  8995 I AlarmManager: remove alarm:Alarm{a9482ab type 0 when 1561717388288 PendingIntent{e01cba2: PendingIntentRecord{41b4033 com.mixgo.PropertySEO broadcastIntent}}com.mixgo.PropertySEO} according to operation:4952cfa
06-28 18:18:18.411  2461  2612 D WorkSource: i1=0 i2=0 N1=0: insert 2434 com.huawei.iconnect
06-28 18:18:18.411  2461  2612 D WorkSource: Insert in WorkSource{} @ 0 uid 2434 name com.huawei.iconnect
06-28 18:18:18.412  2461  2661 D BluetoothAdapter: isLeEnabled(): ON
06-28 18:18:18.413 31509 31509 I FLTAG_FM: loadFeature class:com.huawei.featurelayer.systemfeature.HwWidget.IHwSplineOverScrollerEx
06-28 18:18:18.413 31509 31509 I FLTAG_SFM: getRequireClassLoader() succ ! className: com.huawei.featurelayer.systemfeature.HwWidget.IHwSplineOverScrollerEx
06-28 18:18:18.413 31509 31509 D FeatureFactory: loadFeature() : com.huawei.featurelayer.systemfeature.HwWidget.IHwSplineOverScrollerEx
06-28 18:18:18.413 31509 31509 D FeatureFactory: loadFeature() new IHwSplineOverScrollerEx()
06-28 18:18:18.413 31509 31509 D HwSplineOverScrollerExImpl: initSplineOverScrollerImpl paras: android.widget.OverScroller$SplineOverScroller@9fb07a3,com.android.packageinstaller.permission.ui.GrantPermissionsActivity@cc63421
06-28 18:18:18.413 31509 31509 D HwSplineOverScrollerExImpl: initSplineOverScrollerImpl: mScrollerVelocity is 0, value is 0
06-28 18:18:18.413 31509 31509 I FLTAG_FM: loadFeature class:com.huawei.featurelayer.systemfeature.HwWidget.IHwSplineOverScrollerEx
06-28 18:18:18.413 31509 31509 I FLTAG_SFM: getRequireClassLoader() succ ! className: com.huawei.featurelayer.systemfeature.HwWidget.IHwSplineOverScrollerEx
06-28 18:18:18.413 31509 31509 D FeatureFactory: loadFeature() : com.huawei.featurelayer.systemfeature.HwWidget.IHwSplineOverScrollerEx
06-28 18:18:18.413 31509 31509 D FeatureFactory: loadFeature() new IHwSplineOverScrollerEx()
06-28 18:18:18.413 31509 31509 D HwSplineOverScrollerExImpl: initSplineOverScrollerImpl paras: android.widget.OverScroller$SplineOverScroller@9904659,com.android.packageinstaller.permission.ui.GrantPermissionsActivity@cc63421
06-28 18:18:18.413 31509 31509 D HwSplineOverScrollerExImpl: initSplineOverScrollerImpl: mScrollerVelocity is 0, value is 0
06-28 18:18:18.413  1869  2315 I BoosterSwitchP: notifyUidState do nothing
06-28 18:18:18.413  1869  2315 I DeepNoDisturbP: notifyUidState
06-28 18:18:18.413  1869  2315 I HidataAppQoeP: notifyUidState
06-28 18:18:18.413  1869  2315 I BrowserChrP: notifyUidState
06-28 18:18:18.415  1114  9129 I HwNetworkPolicy: onTransact, code = 203
06-28 18:18:18.415  2017  2506 I HwNetworkPolicyManager: getHwUidPolicy uid = 10042 policy = 0
06-28 18:18:18.416  1667  2234 I bt_stack: [INFO:gatt_api.cc(950)] GATT_Register 7fcc9ae9-75ef-e605-34f8-50a28ec23ace
06-28 18:18:18.416  1667  2234 I bt_stack: [INFO:gatt_api.cc(970)] allocated gatt_if=6
06-28 18:18:18.416  2461  2482 D BluetoothLeScanner: onScannerRegistered() - status=0 scannerId=6 mScannerId=0
06-28 18:18:18.416  1667 30663 W Bth-btfreeze: BluetoothFreeze:tag: 181  uid: 1000  pid: 2461
06-28 18:18:18.417 31509 31509 D HiTouch_PressGestureDetector: HiTouch on notch display, height corret:85
06-28 18:18:18.419 32457 32658 I chatty  : uid=10399(com.mixgo.PropertySEO) expire 9 lines
06-28 18:18:18.420  1114  2570 I HwAudioService: now type = 255,reportForegroundAppType = 255,pkg = null,systemload = 255mVoipOptimizeInGameModetrue
06-28 18:18:18.421 32457 32660 I chatty  : uid=10399(com.mixgo.PropertySEO) expire 14 lines
06-28 18:18:18.422 31509 31509 D ActivityThread: add activity client record, r= ActivityRecord{ff5ef15 token=android.os.BinderProxy@676fe2b {com.android.packageinstaller/com.android.packageinstaller.permission.ui.GrantPermissionsActivity}} token= android.os.BinderProxy@676fe2b
06-28 18:18:18.422 31509 31509 D ZrHung.AppEyeUiProbe: notify runnable to start.
06-28 18:18:18.422  1114  2570 D HwGameAssistantController: pid=31509, uid=10042, component=ComponentInfo{com.android.packageinstaller/com.android.packageinstaller.permission.ui.GrantPermissionsActivity}
06-28 18:18:18.423 31509 31509 D ZrHung.AppEyeUiProbe: notify runnable to start.
06-28 18:18:18.423  1114  1219 W HwActivityManagerServiceEx: HwActivityNotifier end call android.app.IHwActivityNotifier$Stub$Proxy@88cf16b for activityLifeState under user 0 cost 0
06-28 18:18:18.423 31509 31509 D ZrHung.AppEyeUiProbe: stop checker.
06-28 18:18:18.423  1114  1243 D HwGameAssistantController: UPDATE: mCurFgPkg=com.android.packageinstaller, mCurFgPid=31509, mCurIsGame=false
06-28 18:18:18.424  1114  8995 W HwActivityManagerServiceEx: appSwitch from: com.android.packageinstaller to: com.mixgo.PropertySEO
06-28 18:18:18.425  1114  1219 W HwActivityManagerServiceEx: HwActivityNotifier end call android.app.IHwActivityNotifier$Stub$Proxy@b3922e9 for appSwitch under user 0 cost 0
06-28 18:18:18.425  1114  1219 W HwActivityManagerServiceEx: HwActivityNotifier end call android.app.IHwActivityNotifier$Stub$Proxy@92d0b6e for appSwitch under user 0 cost 0
06-28 18:18:18.426  6701  6759 I [HwRecSys]OdmfCollectScheduler: handleMessage msg: 6
06-28 18:18:18.427  6701  6759 E [HwRecSys]HwRecSysService: Rec sys service not started.
06-28 18:18:18.430  1114  6779 D HwLocationManagerService: on transact ADD_LOCATION_MODE  uid is 10399 , expectedmode is 3 , packagename is com.mixgo.PropertySEO
06-28 18:18:18.430  1114  6779 D HwLocationManagerService: uid is 10399 , isWifiConn is true , isMobileConn is false
06-28 18:18:18.430  1114  6779 I HwNetworkPolicy: onTransact, code = 203
06-28 18:18:18.430  1114  6779 I HwNetworkPolicyManager: getHwUidPolicy uid = 10399 policy = 0
06-28 18:18:18.430  1114  6779 D HwLocationManagerService: policy is 0 , wifiAccess is true, mobileAccess is true
06-28 18:18:18.430  1114  6779 D HwLocationManagerService: wifiAvaiable is true , mobileAvailable is false
06-28 18:18:18.430  1114  6779 D HwLocationManagerService: addSupervisoryControlProc, mExpectedMode is network,packagename=com.mixgo.PropertySEO, mSupervisoryPkgList is {com.mixgo.PropertySEO=network}
06-28 18:18:18.430  1114  6779 D HwLocationManagerService:  package has no request send yet
06-28 18:18:18.431  1114  8995 D HwPhoneWindowManager: sensorRotation = -1 lastRotation:0
06-28 18:18:18.431  1114  8995 V WindowManager: notifyAppResumed: wasStopped=false AppWindowToken{1b7270d token=Token{8f7fda4 ActivityRecord{fa84437 u0 com.mixgo.PropertySEO/cn.jiguang.unity.push.UnityPluginActivity t208}}}
06-28 18:18:18.432  2461  2661 D BluetoothAdapter: isLeEnabled(): ON
06-28 18:18:18.432  1667 30663 W Bth-btfreeze: BluetoothFreeze:tag: 182  uid: 1000  pid: 2461
06-28 18:18:18.433  1667 30663 W Bth-btfreeze: BluetoothFreeze:tag: 182  uid: 1000
06-28 18:18:18.433  1667 30663 W Bth-btfreeze: BluetoothFreeze:tag: 182  uid: 1000  pid: 2461
06-28 18:18:18.435  1114  8995 V WindowManager: Checking 1 opening apps (frozen=false timeout=false), Track: activitypause performsurface
06-28 18:18:18.435  1114  8995 V WindowManager: Check opening app=AppWindowToken{1b7270d token=Token{8f7fda4 ActivityRecord{fa84437 u0 com.mixgo.PropertySEO/cn.jiguang.unity.push.UnityPluginActivity t208}}}: allDrawn=true startingDisplayed=false startingMoved=false isRelaunching()=false startingWindow=null
06-28 18:18:18.435  1114  8995 I WindowManager: closing apps count = 1
06-28 18:18:18.438  1114  1219 W HwActivityManagerServiceEx: HwActivityNotifier end call android.app.IHwActivityNotifier$Stub$Proxy@88cf16b for activityLifeState under user 0 cost 0
06-28 18:18:18.441  1114  6299 D HwGameAssistantController: pid=32457, uid=10399, component=ComponentInfo{com.mixgo.PropertySEO/cn.jiguang.unity.push.UnityPluginActivity}
06-28 18:18:18.441  1114  6299 I chatty  : uid=1000(system) Binder:1114_15 expire 20 lines
06-28 18:18:18.442  1114  1219 W HwActivityManagerServiceEx: HwActivityNotifier end call android.app.IHwActivityNotifier$Stub$Proxy@88cf16b for activityLifeState under user 0 cost 0
06-28 18:18:18.442  1114  1243 D HwGameAssistantController: UPDATE: mCurFgPkg=com.mixgo.PropertySEO, mCurFgPid=32457, mCurIsGame=false
06-28 18:18:18.443   789   909 D SensorHub: batch called handle:0 sample_ns:200000000 latency_ns:0
06-28 18:18:18.443   789   909 E SensorHub: in batch, handle = 0, flags = 0, period_ns = 200000000, timeout = 0
06-28 18:18:18.443   638   638 E uniperf server: uniPerfEvent doParse failed, cmdId=4400
06-28 18:18:18.443   638   638 D uniperf hal: do uniPerfEvent failed, cmdId=4400, ret=2
06-28 18:18:18.444   646   646 D WifiHW  : chip is bcm bcm43xx
06-28 18:18:18.444   646   646 D         : Enter bcm_game_kog_adjust_speed: freq= 2437 mode= 6
06-28 18:18:18.444   646   646 D         : Enter wl_set_pmlock: pmlock= 0
06-28 18:18:18.445 32457 32656 E ActivityThread: Failed to find provider info for com.ss.android.article.news.DownloadProvider
06-28 18:18:18.445   646   646 D         : wl_set_pmlock: ret: 0
06-28 18:18:18.446   789   909 I Sensors@1.0-impl: activate-0 enabled-1 fwkOals-1 camOals-0 fwkOcolor-1 camOcolor-0 fwkOtof-0 camOtof-0
06-28 18:18:18.446   789   909 D SensorHub: enableSensor-> handle: 0 enable : 1
06-28 18:18:18.446   789   909 D SensorHub: Channel activate-> handle: 0, enabled:1, err: 0
06-28 18:18:18.446 32246 32266 W AccessibilityInteractionClient: old interaction Id is: -1,current interaction Id is:2
06-28 18:18:18.446   789   909 D SensorHub: batch called handle:0 sample_ns:20000000 latency_ns:0
06-28 18:18:18.446   789   909 E SensorHub: in batch, handle = 0, flags = 0, period_ns = 20000000, timeout = 0
06-28 18:18:18.447 32457 32656 E ActivityThread: Failed to find provider info for com.ss.android.article.news.DownloadProvider
06-28 18:18:18.448  6701  6759 I [HwRecSys]OdmfCollectScheduler: handleMessage msg: 6
06-28 18:18:18.448  6701  6759 E [HwRecSys]HwRecSysService: Rec sys service not started.
06-28 18:18:18.454 32457 32667 I chatty  : uid=10399(com.mixgo.PropertySEO) expire 3 lines
06-28 18:18:18.455   648  8584 I chatty  : uid=1041(audioserver) Binder:648_6 expire 9 lines
06-28 18:18:18.455  1667 30663 V AudioManager: mPlaybackCallbackList.size:1
06-28 18:18:18.455  1667  2475 D AudioManager: dispatching onPlaybackConfigChanged()
06-28 18:18:18.456   626   979 I chatty  : uid=1041(audioserver) HwBinder:626_1 expire 43 lines
06-28 18:18:18.458   755   815 I dubaid  : [AudioHandler.cpp] stopSession# Failed to find audio session: 1737
06-28 18:18:18.458  1114  1114 D MediaRouterService: onAudioPlayerActiveStateChanged: uid=10399, active=true, restoreUid=10399
06-28 18:18:18.459 32246 32266 W AccessibilityInteractionClient: old interaction Id is: -1,current interaction Id is:3
06-28 18:18:18.476 31509 31509 D ZrHung.AppEyeUiProbe: notify runnable to start.
06-28 18:18:18.476 31509 31509 D ZrHung.AppEyeUiProbe: stop checker.
06-28 18:18:18.477  1869  2315 I BoosterSwitchP: notifyUidState do nothing
06-28 18:18:18.477  1869  2315 I DeepNoDisturbP: notifyUidState
06-28 18:18:18.477  1869  2315 I HidataAppQoeP: notifyUidState
06-28 18:18:18.477  1869  2315 I BrowserChrP: notifyUidState
06-28 18:18:18.478 31509 31509 D ActivityThread: Remove activity client record, r= ActivityRecord{ff5ef15 token=android.os.BinderProxy@676fe2b {com.android.packageinstaller/com.android.packageinstaller.permission.ui.GrantPermissionsActivity}} token= android.os.BinderProxy@676fe2b
06-28 18:18:18.479  1114  1827 V WindowManager: removeAppToken: AppWindowToken{d2cb36d token=Token{7947f84 ActivityRecord{9802197 u0 com.android.packageinstaller/.permission.ui.GrantPermissionsActivity t208}}} delayed=false Callers=com.android.server.wm.DisplayContent.removeAppToken:1059 com.android.server.wm.AppWindowContainerController.removeContainer:301 com.android.server.am.ActivityRecord.removeWindowContainer:1152 com.android.server.am.ActivityStack.removeActivityFromHistoryLocked:4507 
06-28 18:18:18.482   650   650 D Layer   : Skip in Layer::computeScreenBounds 1
06-28 18:18:18.483   650   650 D Layer   : Skip in Layer::computeScreenBounds 1
06-28 18:18:18.484   650   650 D Layer   : Skip in Layer::computeScreenBounds 1
06-28 18:18:18.484   650   650 D Layer   : Skip in Layer::computeScreenBounds 1
06-28 18:18:18.498   650   650 D Layer   : Skip in Layer::computeScreenBounds 1
06-28 18:18:18.500   650   650 D Layer   : Skip in Layer::computeScreenBounds 1
06-28 18:18:18.535  1993 26431 D HwRecentsTaskUtils: refreshToCache
06-28 18:18:18.535  1993 26431 D HwRecentsTaskUtils: searchFromDate
06-28 18:18:18.541  1993 26431 I RecentsTaskLoadPlan: to show tasks size is 7
06-28 18:18:18.544   753  1599 E DE N ABT: mergeProcessorOperating:1225: COMPONENT_RGBW already has data, can't add new data with mode(0x1000000), mode:0x16->0x1000016
06-28 18:18:18.869   468   468 E OEMINFO_NVM_SERVER:  oeminfo_get_info:index(155), oeminfo data not find !!!!
06-28 18:18:18.869   468   468 E OEMINFO_NVM_SERVER:  oeminfo_return_info: oeminfo return info fail.
06-28 18:18:18.869   468   468 E OEMINFO_NVM_SERVER:  oinv_cmd_handler: pid 507, operation oeminfo_getinfo and ret -1 fail.
06-28 18:18:18.869   507   507 E OEMINFO_NVM_CLIENT: oinv_recv_return: RET_FAIL return.
06-28 18:18:18.869   507   507 E OEMINFO_NVM_CLIENT: rmt_oeminfo_get_info: index(155) get data from server fail.
06-28 18:18:18.869   507   507 E         : read_oeminfo_signed_data: failed to get info oeminfo_idx:155 and total_byte:0
06-28 18:18:18.869   507   507 E         : init_oeminfo_signed_data_all:fail to read oeminfo oeminfo_idx:155 and oeminfo_sub_idx:-1
06-28 18:18:18.869   507   507 E         : get_original_data_by_fun_tag_and_sign_type: fail to init signed oeminfo signed all params
06-28 18:18:18.869   507   507 E         : read_udid_number: failed to get udid
06-28 18:18:18.869   507   507 E factory_operator: hw_get_device_info: read udid from oeminfo fail
06-28 18:18:18.931   650   929 D         : report data to hwsched!
06-28 18:18:18.932  1114  1114 I HwNormalizedSpline: mOminLevelMode:Day getBrightnessLevel lux =454.0,mDefaultBrightness=44.20459,mOCount=11
06-28 18:18:18.936   642  1038 E PF_PH   : [perfRequest:536] PerfRequest failed for pid 635
06-28 18:18:18.936   642  1038 E PF_GENIUS: [perfRequest] perfRequest failed.
06-28 18:18:19.193  3662 24972 I ContentMaintenance: Internal cache bytes used: 0; limit: 100000000; download size: 0
06-28 18:18:19.197  3662 24972 I RealtimeCacheCleanup: Beginning Realtime garbage collection.
06-28 18:18:19.198  3662 24972 I RealtimeCacheCleanup: Finished Realtime garbage collection.
06-28 18:18:19.395 31509 31530 D ZrHung.AppEyeUiProbe: Current Activity:false
06-28 18:18:19.395 31509 31530 D ZrHung.AppEyeUiProbe: not watching, wait.
06-28 18:18:19.417  1114  1228 I ActivityManager: App 10399/com.mixgo.PropertySEO targets O+, restricted
06-28 18:18:19.420  1114  9129 V BroadcastQueue: Finished with ordered broadcast BroadcastRecord{8aad77f u0 cn.jpush.android.intent.REGISTRATION}
06-28 18:18:19.429 32457 32465 I chatty  : uid=10399(com.mixgo.PropertySEO) expire 2 lines
06-28 18:18:19.434  1114  9129 D CountryDetector: isValidCountryIso: CN
06-28 18:18:19.465 32457 32652 I chatty  : uid=10399(com.mixgo.PropertySEO) expire 3 lines
06-28 18:18:19.466  1114  1228 I ActivityManager: App 10399/com.mixgo.PropertySEO targets O+, restricted
06-28 18:18:19.469  1114  9129 V BroadcastQueue: Finished with ordered broadcast BroadcastRecord{9a0a34c u0 cn.jpush.android.intent.CONNECTION}
06-28 18:18:19.470  1114  1228 I ActivityManager: App 10399/com.mixgo.PropertySEO targets O+, restricted
06-28 18:18:19.470 32457 32675 I chatty  : uid=10399(com.mixgo.PropertySEO) expire 12 lines
06-28 18:18:19.472  1114  9129 I AlarmManager: remove alarm:Alarm{99f6c9b type 0 when 1561717388408 PendingIntent{4952cfa: PendingIntentRecord{41b4033 com.mixgo.PropertySEO broadcastIntent}}com.mixgo.PropertySEO} according to operation:712c8aa
06-28 18:18:19.473  1114  1827 V BroadcastQueue: Finished with ordered broadcast BroadcastRecord{3eedf95 u0 cn.jpush.android.intent.ACTION_REPORT_HISTORY}
06-28 18:18:19.481 32457 32677 I chatty  : uid=10399(com.mixgo.PropertySEO) expire 3 lines
06-28 18:18:19.482  1969  5108 W PhoneInterfaceManager: shouldBlockLocation running ...
06-28 18:18:19.484  1969  5108 I PhoneInterfaceManager: shouldBlockLocation  ret:false
06-28 18:18:19.486  1969  5108 W PhoneInterfaceManager: shouldBlockLocation running ...
06-28 18:18:19.488  1969  5108 I PhoneInterfaceManager: shouldBlockLocation  ret:false
06-28 18:18:19.491  1969  5108 W PhoneInterfaceManager: shouldBlockLocation running ...
06-28 18:18:19.493  1969  5108 I PhoneInterfaceManager: shouldBlockLocation  ret:false
06-28 18:18:19.513  1114  9129 D HwLocationManagerService: uid is 10399 , isWifiConn is true , isMobileConn is false
06-28 18:18:19.513  1114  9129 I HwNetworkPolicy: onTransact, code = 203
06-28 18:18:19.513  1114  9129 I HwNetworkPolicyManager: getHwUidPolicy uid = 10399 policy = 0
06-28 18:18:19.513  1114  9129 D HwLocationManagerService: policy is 0 , wifiAccess is true, mobileAccess is true
06-28 18:18:19.513  1114  9129 D HwLocationManagerService: wifiAvaiable is true , mobileAvailable is false
06-28 18:18:19.514  1114  1812 I chatty  : uid=1000(system) LocationThread expire 11 lines
06-28 18:18:19.514  1114  9129 I BackgroundPermManager: pkgName: com.mixgo.PropertySEO,pid: 32457 ,uidOf3RdApk: 10399 ,permType: 2 ,permCfg: 1
06-28 18:18:19.514  1114  1579 I chatty  : uid=1000(system) HwLbsLogger expire 4 lines
06-28 18:18:19.516  1849 12142 I chatty  : uid=1000(system) Binder:1849_4 expire 1 line
06-28 18:18:19.516  1900  2068 I chatty  : uid=1000(system) NcChrGnssDftMan expire 4 lines
06-28 18:18:19.516  1900  2069 I chatty  : uid=1000(system) GnssDataStatist expire 12 lines
06-28 18:18:19.520  1114  2570 I NetworkStats: openSessionForUsageStats, pid = 1849, pkg = com.huawei.lbs
06-28 18:18:19.520  1114  2570 I NetworkStats: openSessionInternal,pid = 1849
06-28 18:18:19.520  1114  2570 I NetworkStats: performPollLocked, pid = 1114
06-28 18:18:19.526  1114  2570 W NetworkStatsFactory: mStatsXtProcUid: /proc/net/comm/stats does not exist!
06-28 18:18:19.526  1114  2570 D HwNetworkStatsService: hwRecordUidAndProcSnapshotLocked currentTime = 1561717099518
06-28 18:18:19.529  1114  2570 I NetworkStatsFactory: javaReadNetworkStatsUidAndProcDetail. cost time = 3
06-28 18:18:19.531  1114  2570 D HwNetworkStatsService: hwMaybeUidAndProcPersistLocked currentTime = 1561717099518
06-28 18:18:19.534   589  2303 I ArHal   : (ar_data_get_state:1225):id[2]
06-28 18:18:19.534  2017  2247 E HSM_BG  : NatTrafficNotifyService:imsi is null, so return
06-28 18:18:19.536   589  2303 I ArHal   : (ar_data_get_state:1225):id[2]
06-28 18:18:19.537   589  2303 I ArHal   : (ar_data_get_state:1225):id[2]
06-28 18:18:19.540  1849  1906 I chatty  : uid=1000(system) HwNLPSCAN expire 10 lines
06-28 18:18:19.541  1114  9129 D WifiService: startScan, pid:1849, uid:1000, appName:com.huawei.lbs
06-28 18:18:19.541  1920  7189 D ARMoudle.HwActivityRecognition: getCurrentActivityExtend
06-28 18:18:19.541   589  2303 I ArHal   : (ar_data_get_state:1225):id[2]
06-28 18:18:19.543  1920  7189 D ARMoudle.HwActivityRecognition: hwActivityEvent:[ ActivityChangedExtendEvent:
06-28 18:18:19.543  1920  7189 D ARMoudle.HwActivityRecognition:     Activity='android.activity_recognition.relative_still', EventType=1, TimestampNs=104713889309269, Confidence=0
06-28 18:18:19.543  1920  7189 D ARMoudle.HwActivityRecognition:     Activity='android.activity_recognition.still', EventType=1, TimestampNs=117942089442914, Confidence=100
06-28 18:18:19.543  1920  7189 D ARMoudle.HwActivityRecognition: ]
06-28 18:18:19.543  1114  9129 D HwWifiService: Get wifiScanStrategy from iAware, WifiScanStrategy = [mCycle=1800000, mTimeStamp=117942089]
06-28 18:18:19.599 32457 32676 I chatty  : uid=10399(com.mixgo.PropertySEO) expire 1 line
06-28 18:18:19.601   642   702 W PF_SYS_WRAPPER: [sysOpenAndWriteStr:83] [CPU_B] write to /sys/devices/system/cpu/cpu4/cpufreq/scaling_max_freq failed, errno=22 (Invalid argument) 
06-28 18:18:19.602   642   703 W PF_SYS_WRAPPER: [sysOpenAndWriteStr:83] [GPU] write to /sys/class/devfreq/gpufreq/max_freq failed, errno=22 (Invalid argument) 
06-28 18:18:19.611   780  9105 I Pged-IPgedBinderService: ****action is 2, pid num is 2***
06-28 18:18:19.611   780  9105 I Pged-Freezer: thawPids
06-28 18:18:19.682 30304 30321 W HiApp.StoreAgent: pool-12-thread-2{1697} <<< WARN >>> doPostWithDnsParse() error, method:client.installResultRep, url:https://stores1.hispace.hicloud.com/hwmarket/api/encryptApi2, java.net.SocketTimeoutException: timeout
