06-28 18:19:00.008  1724  1724 E DateView: DateView,mCurrentTime: 1561717140008
06-28 18:19:00.027  1724  1724 W HwKeyguardDragHelper: AnimationBlocked 
06-28 18:19:00.031  1724  1724 I EventCenter: EventCenter Get :android.intent.action.TIME_TICK
06-28 18:19:00.033  1724  1724 E ndroid.systemu: No package ID ff found for ID 0xffffffff.
06-28 18:19:00.035  1724  1724 D WeatherHelper: City info empty
06-28 18:19:00.037  1724  1724 E ndroid.systemu: No package ID ff found for ID 0xffffffff.
06-28 18:19:00.038  1724  1724 D WeatherHelper: City info empty
06-28 18:19:00.039  1724  1724 D KeyguardUpdateMonitor: received broadcast android.intent.action.TIME_TICK
06-28 18:19:00.040  1724  1724 D KeyguardUpdateMonitor: handleTimeUpdate
06-28 18:19:00.040  1724  1898 I KeyguardStatusView: Runnable for refresh
06-28 18:19:00.041  1724  1724 D WeatherHelper: City info empty
06-28 18:19:00.042  1993  1993 I HwLauncher: Model  onReceive intent=Intent { act=android.intent.action.TIME_TICK flg=0x50200014 hwFlg=0x900 (has extras) }
06-28 18:19:00.042  1993  1993 I HwLauncher: Model  onReceive user=UserHandle{0}
06-28 18:19:00.070  1724  1724 W HwKeyguardDragHelper: AnimationBlocked 
06-28 18:19:00.073  3116  4559 I Step_LSC: 90003365|processHandleBroadcastAction action:android.intent.action.TIME_TICK
06-28 18:19:00.074  1114  6160 V BroadcastQueue: Finished with ordered broadcast BroadcastRecord{6afa51f u-1 android.intent.action.TIME_TICK}
06-28 18:19:00.079  3116  4559 I Step_SPUtils: 90003365|setAliveRecord  success: timestampArg=1561717140073 elapsedRealtimeArg=118339658
06-28 18:19:00.130  1724  1724 D WeatherHelper: City info empty
06-28 18:19:00.131  1724  1724 D DateTimeView: Change to single clock mode!
06-28 18:19:00.132  1724  1724 D WeatherHelper: City info empty
06-28 18:19:00.133  1724  1724 I ColorPickUitls: type = 2
06-28 18:19:00.134  1724  1724 D WeatherHelper: City info empty
06-28 18:19:00.135  1724  1724 D DateTimeView: Change to single clock mode!
06-28 18:19:00.136  1724  1724 D WeatherHelper: City info empty
06-28 18:19:00.137  1724  1724 I ColorPickUitls: type = 2
06-28 18:19:00.993 32246 32712 W QueryController: Could not detect idle state.
06-28 18:19:00.995 32246 32712 W AccessibilityInteractionClient: old interaction Id is: -1,current interaction Id is:66
06-28 18:19:01.001 32246 32712 W AccessibilityInteractionClient: old interaction Id is: -1,current interaction Id is:67
06-28 18:19:01.282  1724  1724 D StatusBarIconController: setIconVisibility icon is null or visibility not change visibility=false
06-28 18:19:01.284  1724  1724 D StatusBarIconController: setIconVisibility icon is null or visibility not change visibility=false
06-28 18:19:01.284  1724  1724 D StatusBarIconController: setIconVisibility icon is null or visibility not change visibility=false
06-28 18:19:01.614  1114  1561 I chatty  : uid=1000(system) WifiService expire 62 lines
06-28 18:19:01.755   574   598 D         : Received kernel message payload: chr_event 9
06-28 18:19:01.755   574   598 I         : netd received web stat infomation,trigger chr report!
06-28 18:19:01.755   574   598 I         : netd received web stat infomation,trigger chr report!
06-28 18:19:01.756   574   598 I         : ReportType 0 0 0 0 0 0 0 0 0 0 0 0 0 0 0 0 0 0 0 0 0 0 0 0 0 0 0 0 0 0 0 0 0 0 0 0 0 0 0 0 0 0 0 0 0 0 0 0 0 0 0 0 0 0 0 0 0 0 0 0 0 0 0 0 0 0 0 0 0 0 0 0 0 0 0 0 0 0 0 0 0 0 0 0 0 0 0 0 0 0 0 0 0 0 0 0 0 0 0 0 0 0 0 0 0 0 0 0 0 0 0 0 0 0 0 0 0 0 0 0 0 0 0 0 0 0 0 0 0 0 0 0 0 0 0 0 0 0 0 0 0 0 0 0 0 0 0 0 0 0 0 0 0 0 0 0 0 0 0 0 0 0 0 0 0 0 0 0 0 0 0 0 0 0 0 0 0 0 0 0 0 0 0 0 0 0 0 0 0 0 0 0 0 0 0 0 0 0 0 0 0 0 0 0 0 0 0 0 0 0 0 0 0 0 0 0 0 0 0 0 0 0 0 0 0 0 0 0 0 ReportType 0 465 0 0 0 0 0 6 0 0 0 0 0 0 5 0 0 0 1 0 0 0 161 0 0 0 0 0 4 0 0 0 0 0 0 0 4 0 0 0 0 0 0 0 0 0 0 0 0 0 0 0 0 0 0 0 0 0 0 0 0 0 0 0 0 0 0 0 0 0 0 0 0 0 0 0 0 0 0 0 0 0 0 0 0 0 0 0 0 0 0 0 0 0 0 0 0 0 0 0 0 0 0 0 0 0 0 0 0 0 0 0 0 0 0 0 0 0 0 0 0 0 0 0 0 0 0 0 0 0 0 0 0 0 0 0 0 0 0 0 0 0 0 0 0 0 0 0 0 0 0 0 0 0 0 0 0 0 0 0 0 0 0 0 0 0 0 0 0 0 0 0 0 0 0 0 0 0 0 0 0 0 0 0 0 0 0 0 0 0 0 0 0 0 0 0 0 0 0 0 0 0 0 0 0 0 0 0 0 0 0 0 288 16 16 0 0 0 0 0 0 0 0 0 0 0 0 0 0
06-28 18:19:01.756   574   598 W SocketListener: sending broadcast to Pid = 1114, Uid = 1000 
06-28 18:19:01.758  1114  1555 D NetdConnector: RCV <- {661 ReportType 0 0 0 0 0 0 0 0 0 0 0 0 0 0 0 0 0 0 0 0 0 0 0 0 0 0 0 0 0 0 0 0 0 0 0 0 0 0 0 0 0 0 0 0 0 0 0 0 0 0 0 0 0 0 0 0 0 0 0 0 0 0 0 0 0 0 0 0 0 0 0 0 0 0 0 0 0 0 0 0 0 0 0 0 0 0 0 0 0 0 0 0 0 0 0 0 0 0 0 0 0 0 0 0 0 0 0 0 0 0 0 0 0 0 0 0 0 0 0 0 0 0 0 0 0 0 0 0 0 0 0 0 0 0 0 0 0 0 0 0 0 0 0 0 0 0 0 0 0 0 0 0 0 0 0 0 0 0 0 0 0 0 0 0 0 0 0 0 0 0 0 0 0 0 0 0 0 0 0 0 0 0 0 0 0 0 0 0 0 0 0 0 0 0 0 0 0 0 0 0 0 0 0 0 0 0 0 0 0 0 0 0 0 0 0 0 0 0 0 0 0 0 0 0 0 0 0 0 0 ReportType 0 465 0 0 0 0 0 6 0 0 0 0 0 0 5 0 0 0 1 0 0 0 161 0 0 0 0 0 4 0 0 0 0 0 0 0 4 0 0 0 0 0 0 0 0 0 0 0 0 0 0 0 0 0 0 0 0 0 0 0 0 0 0 0 0 0 0 0 0 0 0 0 0 0 0 0 0 0 0 0 0 0 0 0 0 0 0 0 0 0 0 0 0 0 0 0 0 0 0 0 0 0 0 0 0 0 0 0 0 0 0 0 0 0 0 0 0 0 0 0 0 0 0 0 0 0 0 0 0 0 0 0 0 0 0 0 0 0 0 0 0 0 0 0 0 0 0 0 0 0 0 0 0 0 0 0 0 0 0 0 0 0 0 0 0 0 0 0 0 0 0 0 0 0 0 0 0 0 0 0 0 0 0 0 0 0 0 0 0 0 0 0 0 0 0 0 0 0 0 0 0 0 0 0 0 0 0 0 0 0 0 0 288 16 16 0 0 0 0 0 0 0 0 0 0 0 0 0 0}
06-28 18:19:01.760  1114  1555 D NetdConnector: RCV <- {661 ReportType 0 0 0 0 0 0 0 0 0 0 0 0 0 0 0 0 0 0 0 0 0 0 0 0 0 0 0 0 0 0 0 0 0 0 0 0 0 0 0 0 0 0 0 0 0 0 0 0 0 0 0 0 0 0 0 0 0 0 0 0 0 0 0 0 0 0 0 0 0 0 0 0 0 0 0 0 0 0 0 0 0 0 0 0 0 0 0 0 0 0 0 0 0 0 0 0 0 0 0 0 0 0 0 0 0 0 0 0 0 0 0 0 0 0 0 0 0 0 0 0 0 0 0 0 0 0 0 0 0 0 0 0 0 0 0 0 0 0 0 0 0 0 0 0 0 0 0 0 0 0 0 0 0 0 0 0 0 0 0 0 0 0 0 0 0 0 0 0 0 0 0 0 0 0 0 0 0 0 0 0 0 0 0 0 0 0 0 0 0 0 0 0 0 0 0 0 0 0 0 0 0 0 0 0 0 0 0 0 0 0 0 0 0 0 0 0 0 0 0 0 0 0 0 0 0 0 0 0 0 ReportType 0 465 0 0 0 0 0 6 0 0 0 0 0 0 5 0 0 0 1 0 0 0 161 0 0 0 0 0 4 0 0 0 0 0 0 0 4 0 0 0 0 0 0 0 0 0 0 0 0 0 0 0 0 0 0 0 0 0 0 0 0 0 0 0 0 0 0 0 0 0 0 0 0 0 0 0 0 0 0 0 0 0 0 0 0 0 0 0 0 0 0 0 0 0 0 0 0 0 0 0 0 0 0 0 0 0 0 0 0 0 0 0 0 0 0 0 0 0 0 0 0 0 0 0 0 0 0 0 0 0 0 0 0 0 0 0 0 0 0 0 0 0 0 0 0 0 0 0 0 0 0 0 0 0 0 0 0 0 0 0 0 0 0 0 0 0 0 0 0 0 0 0 0 0 0 0 0 0 0 0 0 0 0 0 0 0 0 0 0 0 0 0 0 0 0 0 0 0 0 0 0 0 0 0 0 0 0 0 0 0 0 0 288 16 16 0 0 0 0 0 0 0 0 0 0 0 0 0 0}
06-28 18:19:01.761  1114  1240 D NetdConnector: RCV unsolicited event from native daemon, event = 661
06-28 18:19:01.768  1114  1240 D HwNetworkManagementService: onEvent receive Web Stat Report:661 ReportType 0 0 0 0 0 0 0 0 0 0 0 0 0 0 0 0 0 0 0 0 0 0 0 0 0 0 0 0 0 0 0 0 0 0 0 0 0 0 0 0 0 0 0 0 0 0 0 0 0 0 0 0 0 0 0 0 0 0 0 0 0 0 0 0 0 0 0 0 0 0 0 0 0 0 0 0 0 0 0 0 0 0 0 0 0 0 0 0 0 0 0 0 0 0 0 0 0 0 0 0 0 0 0 0 0 0 0 0 0 0 0 0 0 0 0 0 0 0 0 0 0 0 0 0 0 0 0 0 0 0 0 0 0 0 0 0 0 0 0 0 0 0 0 0 0 0 0 0 0 0 0 0 0 0 0 0 0 0 0 0 0 0 0 0 0 0 0 0 0 0 0 0 0 0 0 0 0 0 0 0 0 0 0 0 0 0 0 0 0 0 0 0 0 0 0 0 0 0 0 0 0 0 0 0 0 0 0 0 0 0 0 0 0 0 0 0 0 0 0 0 0 0 0 0 0 0 0 0 0 ReportType 0 465 0 0 0 0 0 6 0 0 0 0 0 0 5 0 0 0 1 0 0 0 161 0 0 0 0 0 4 0 0 0 0 0 0 0 4 0 0 0 0 0 0 0 0 0 0 0 0 0 0 0 0 0 0 0 0 0 0 0 0 0 0 0 0 0 0 0 0 0 0 0 0 0 0 0 0 0 0 0 0 0 0 0 0 0 0 0 0 0 0 0 0 0 0 0 0 0 0 0 0 0 0 0 0 0 0 0 0 0 0 0 0 0 0 0 0 0 0 0 0 0 0 0 0 0 0 0 0 0 0 0 0 0 0 0 0 0 0 0 0 0 0 0 0 0 0 0 0 0 0 0 0 0 0 0 0 0 0 0 0 0 0 0 0 0 0 0 0 0 0 0 0 0 0 0 0 0 0 0 0 0 0 0 0 0 0 0 0 0 0 0 0 0 0 0 0 0 0 0 0 0 0 0 0 0 0 0 0 0 0 0 288 16 16 0 0 0 0 0 0 0 0 0 0 0 0 0 0
06-28 18:19:02.014 32246 32712 W QueryController: Could not detect idle state.
06-28 18:19:02.016 32246 32712 W AccessibilityInteractionClient: old interaction Id is: -1,current interaction Id is:68
06-28 18:19:02.023 32246 32712 W AccessibilityInteractionClient: old interaction Id is: -1,current interaction Id is:69
06-28 18:19:02.285  1724  1724 D StatusBarIconController: setIconVisibility icon is null or visibility not change visibility=false
06-28 18:19:02.287  1724  1724 I chatty  : uid=10030(com.huawei.desktop.systemui) com.android.systemui identical 6 lines
06-28 18:19:02.287  1724  1724 D StatusBarIconController: setIconVisibility icon is null or visibility not change visibility=false
06-28 18:19:02.347   646   646 E WifiHAL : enter wifi_get_link_stats
06-28 18:19:03.028 32246 32712 W QueryController: Could not detect idle state.
06-28 18:19:03.030 32246 32712 W AccessibilityInteractionClient: old interaction Id is: -1,current interaction Id is:70
06-28 18:19:03.034 32246 32712 W AccessibilityInteractionClient: old interaction Id is: -1,current interaction Id is:71
06-28 18:19:03.103 30304 30321 E HiApp.DiagnoseReport: ConcurrentGlobalQueue#4{1714} <<< ERROR >>> PingDiagnoseLogger:ping -c 5 stores1.hispace.hicloud.com
06-28 18:19:03.103 30304 30321 E HiApp.DiagnoseReport: PING stores1.hispace.hicloud.com (118.194.55.39) 56(84) bytes of data.
06-28 18:19:03.103 30304 30321 E HiApp.DiagnoseReport: 
06-28 18:19:03.103 30304 30321 E HiApp.DiagnoseReport: --- stores1.hispace.hicloud.com ping statistics ---
06-28 18:19:03.103 30304 30321 E HiApp.DiagnoseReport: 5 packets transmitted, 0 received, 100% packet loss, time 4077ms
06-28 18:19:03.103 30304 30321 E HiApp.DiagnoseReport: ==============
06-28 18:19:03.103 30304 30321 E HiApp.DiagnoseReport: TraceDiagnoseLogger:ping -c 1 -t 30 stores1.hispace.hicloud.com
06-28 18:19:03.103 30304 30321 E HiApp.DiagnoseReport: PING stores1.hispace.hicloud.com (118.194.55.39) 56(84) bytes of data.
06-28 18:19:03.103 30304 30321 E HiApp.DiagnoseReport: 
06-28 18:19:03.103 30304 30321 E HiApp.DiagnoseReport: --- stores1.hispace.hicloud.com ping statistics ---
06-28 18:19:03.103 30304 30321 E HiApp.DiagnoseReport: 1 packets transmitted, 0 received, 100% packet loss, time 0ms
06-28 18:19:03.103 30304 30321 E HiApp.DiagnoseReport: ==============
06-28 18:19:03.103 30304 30321 E HiApp.DiagnoseReport: JspDiagnoseLogger:status:200
06-28 18:19:03.103 30304 30321 E HiApp.DiagnoseReport: content:
06-28 18:19:03.103 30304 30321 E HiApp.DiagnoseReport: 0;active
06-28 18:19:03.633  1114  1617 I chatty  : uid=1000(system) wifipro_uid_tcp expire 10 lines
06-28 18:19:03.665  1114  1477 D HwBatteryService: onUEvent fcpStatus = 0,scpStatus =0,ovpStatus=0
06-28 18:19:03.666  1114  1477 I HwBatteryService: quick charge status : 0
06-28 18:19:03.667  1114  1477 I HwBatteryService: handleWirelessTxStatus
06-28 18:19:03.667  1114  1477 I HwBatteryService: switch not open, return, mWirelessTxFlag : 0
06-28 18:19:03.667  1114  1477 I UsbDeviceManager: water_intrused state= 0
06-28 18:19:03.674  1114  1798 I BatteryService: normal charge status : 1
06-28 18:19:03.680  1724  1724 D KeyguardUpdateMonitor: received broadcast android.intent.action.BATTERY_CHANGED
06-28 18:19:03.680  1724  1724 W KeyguardUpdateMonitor: ACTION_BATTERY_CHANGED AMP: 512000; Volt: 4700000
06-28 18:19:03.680  1724  1724 I KgBattery: (last-new)Status: 1 -> 1, chargeState=1 * branch=5
06-28 18:19:03.680  1724  1724 V KeyguardUpdateMonitor: RefreshBatteryInfo isBatteryLow: 100
06-28 18:19:03.680  1724  1724 W KeyguardUpdateMonitor: ChargingSpeed  Wattage: 2406400 ST: 5000000 --> 7500000
06-28 18:19:03.680  1724  1724 I KgBattery: BatteryInfo updated:  4lPC0
06-28 18:19:03.680  1724  1724 W AppHandler: sendMessage with obj100
06-28 18:19:03.680  1724  1724 D KeyguardUpdateMonitor: handleBatteryUpdate
06-28 18:19:03.680  1724  1724 I ColorPickUitls: type = 2
06-28 18:19:03.680  1724  1724 V KeyguardUpdateMonitor: RefreshBatteryInfo isBatteryLow: 100
06-28 18:19:03.681  1724  1724 W HwKgdBArea_BTY: updateBatteryInfo : false  true
06-28 18:19:03.681  1724  1724 W HwKgdBArea_BTY: updateBatteryInfo : false  true
06-28 18:19:03.681  1724  1724 W HwLockScreenPanel: Handle message: 100
06-28 18:19:03.681  1724  1724 W HwLockScreenPanel: refreshBatteryInfo: null
06-28 18:19:03.682  1724  1898 I KeyguardUtils: fpPath=sys/class/hw_power/charger/charge_data/chargerType, value=0
06-28 18:19:03.682  1724  1898 I chatty  : uid=10030(com.huawei.desktop.systemui) KG_Background_H identical 1 line
06-28 18:19:03.682  1724  1898 I KeyguardUtils: fpPath=sys/class/hw_power/charger/charge_data/chargerType, value=0
06-28 18:19:03.683  1724  1898 D KgBattery: BatteryInfo2: false; true; true; false; false; true
06-28 18:19:03.685 32457 32525 I chatty  : uid=10399(com.mixgo.PropertySEO) expire 638 lines
06-28 18:19:03.689  1952  1952 I chatty  : uid=1000(system) com.huawei.powergenie expire 1 line
06-28 18:19:03.693 32246 32246 D UIABatteryMonitor: notify battery changed. current level 100
06-28 18:19:03.772   325   325 W dumpsys : type=1400 audit(0.0:36237): avc: denied { read } for name="pipe-max-size" dev="proc" ino=862467 scontext=u:r:shell:s0 tcontext=u:object_r:proc_pipe_conf:s0 tclass=file permissive=0
06-28 18:19:04.048 32246 32712 W QueryController: Could not detect idle state.
06-28 18:19:04.050 32246 32712 W AccessibilityInteractionClient: old interaction Id is: -1,current interaction Id is:72
06-28 18:19:04.058 32246 32712 W AccessibilityInteractionClient: old interaction Id is: -1,current interaction Id is:73
06-28 18:19:05.068 32246 32712 W QueryController: Could not detect idle state.
06-28 18:19:05.071 32246 32712 W AccessibilityInteractionClient: old interaction Id is: -1,current interaction Id is:74
06-28 18:19:05.076 32246 32712 W AccessibilityInteractionClient: old interaction Id is: -1,current interaction Id is:75
06-28 18:19:05.364   646   646 E WifiHAL : enter wifi_get_link_stats
06-28 18:19:06.082 32246 32712 W QueryController: Could not detect idle state.
06-28 18:19:06.084 32246 32712 W AccessibilityInteractionClient: old interaction Id is: -1,current interaction Id is:76
06-28 18:19:06.091 32246 32712 W AccessibilityInteractionClient: old interaction Id is: -1,current interaction Id is:77
06-28 18:19:07.102 32246 32712 W QueryController: Could not detect idle state.
06-28 18:19:07.105 32246 32712 W AccessibilityInteractionClient: old interaction Id is: -1,current interaction Id is:78
06-28 18:19:07.112 32246 32712 W AccessibilityInteractionClient: old interaction Id is: -1,current interaction Id is:79
06-28 18:19:07.244  3116  3178 D LogUtil_LogConfig: getLogFile(): logFilePath = /data/data/com.huawei.health/files/com.huawei.health/com.huawei.health_DaemonService/
06-28 18:19:07.245  3116  3178 D LogUtil_LogConfig: obtainSavePath(): path = 1
06-28 18:19:07.245  3116  3178 D LogUtil_LogConfig: acquireMaxLogFileLengthContainsOffset describe: com.huawei.health:DaemonService result:5242880
06-28 18:19:07.245  3116  3178 D LogUtil_LogConfig: getLogFileRoot(): logFilePath = /data/data/com.huawei.health/files/com.huawei.health/com.huawei.health_DaemonService/
06-28 18:19:07.828   776   776 E Thermal-daemon: [shell_frame] temp_new :37  temp_old :38
06-28 18:19:07.829  1952  1990 I chatty  : uid=1000(system) Binder:1952_3 expire 46 lines
06-28 18:19:07.830   776   776 E Thermal-daemon: Report temperature: [shell_frame] temp :37  report_threshold:1
06-28 18:19:07.994   648  1284 I chatty  : uid=1041(audioserver) AudioOut_D expire 496 lines
06-28 18:19:08.118 32246 32712 W QueryController: Could not detect idle state.
06-28 18:19:08.120 32246 32712 W AccessibilityInteractionClient: old interaction Id is: -1,current interaction Id is:80
06-28 18:19:08.125 32246 32712 W AccessibilityInteractionClient: old interaction Id is: -1,current interaction Id is:81
06-28 18:19:08.394   646   646 E WifiHAL : enter wifi_get_link_stats
06-28 18:19:09.134 32246 32712 W QueryController: Could not detect idle state.
06-28 18:19:09.137 32246 32712 W AccessibilityInteractionClient: old interaction Id is: -1,current interaction Id is:82
06-28 18:19:09.147 32246 32712 W AccessibilityInteractionClient: old interaction Id is: -1,current interaction Id is:83
06-28 18:19:10.155 32246 32712 W QueryController: Could not detect idle state.
06-28 18:19:10.157 32246 32712 W AccessibilityInteractionClient: old interaction Id is: -1,current interaction Id is:84
06-28 18:19:10.164 32246 32712 W AccessibilityInteractionClient: old interaction Id is: -1,current interaction Id is:85
06-28 18:19:11.170 32246 32712 W QueryController: Could not detect idle state.
06-28 18:19:11.172 32246 32712 W AccessibilityInteractionClient: old interaction Id is: -1,current interaction Id is:86
06-28 18:19:11.177 32246 32712 W AccessibilityInteractionClient: old interaction Id is: -1,current interaction Id is:87
06-28 18:19:11.245  3093  5481 W Conscrypt: Could not set socket write timeout: java.net.SocketException: Socket closed
06-28 18:19:11.246  3093  5481 W Conscrypt: 	at com.google.android.gms.org.conscrypt.Platform.setSocketWriteTimeout(:com.google.android.gms@14799037@14.7.99 (100400-223214910):2)
06-28 18:19:11.246  3093  5481 W Conscrypt: 	at com.google.android.gms.org.conscrypt.ConscryptFileDescriptorSocket.setSoWriteTimeout(:com.google.android.gms@14799037@14.7.99 (100400-223214910):2)
06-28 18:19:11.254  3093  5481 V NativeCrypto: SSL handshake aborted: ssl=0x729ae869c8: I/O error during system call, Connection reset by peer
06-28 18:19:11.279  3093  5481 W Conscrypt: Could not set socket write timeout: java.net.SocketException: Socket closed
06-28 18:19:11.280  3093  5481 W Conscrypt: 	at com.google.android.gms.org.conscrypt.Platform.setSocketWriteTimeout(:com.google.android.gms@14799037@14.7.99 (100400-223214910):2)
06-28 18:19:11.280  3093  5481 W Conscrypt: 	at com.google.android.gms.org.conscrypt.ConscryptFileDescriptorSocket.setSoWriteTimeout(:com.google.android.gms@14799037@14.7.99 (100400-223214910):2)
06-28 18:19:11.296  3093  5481 V NativeCrypto: SSL handshake aborted: ssl=0x729ae869c8: I/O error during system call, Connection reset by peer
06-28 18:19:11.336  3093  3732 E akgr    : Phenotype API error. Event # brpy@7ae8fb7c, EventCode: 12 [CONTEXT service_id=51 ]
06-28 18:19:11.336  3093  3732 E akgr    : akfn: 29503
06-28 18:19:11.336  3093  3732 E akgr    : 	at akgy.a(:com.google.android.gms@14799037@14.7.99 (100400-223214910):40)
06-28 18:19:11.336  3093  3732 E akgr    : 	at akgx.b(Unknown Source:2)
06-28 18:19:11.336  3093  3732 E akgr    : 	at akgr.a(:com.google.android.gms@14799037@14.7.99 (100400-223214910):107)
06-28 18:19:11.336  3093  3732 E akgr    : 	at akgr.a(:com.google.android.gms@14799037@14.7.99 (100400-223214910):101)
06-28 18:19:11.336  3093  3732 E akgr    : 	at ybc.run(:com.google.android.gms@14799037@14.7.99 (100400-223214910):27)
06-28 18:19:11.336  3093  3732 E akgr    : 	at beyi.run(:com.google.android.gms@14799037@14.7.99 (100400-223214910):2)
06-28 18:19:11.336  3093  3732 E akgr    : 	at qwc.run(:com.google.android.gms@14799037@14.7.99 (100400-223214910):21)
06-28 18:19:11.336  3093  3732 E akgr    : 	at java.util.concurrent.ThreadPoolExecutor.runWorker(ThreadPoolExecutor.java:1167)
06-28 18:19:11.336  3093  3732 E akgr    : 	at java.util.concurrent.ThreadPoolExecutor$Worker.run(ThreadPoolExecutor.java:641)
06-28 18:19:11.336  3093  3732 E akgr    : 	at rbx.run(Unknown Source:7)
06-28 18:19:11.336  3093  3732 E akgr    : 	at java.lang.Thread.run(Thread.java:784)
06-28 18:19:11.339  3093  3732 E AsyncOperation: serviceID=51, operation=GetCommittedConfigurationOperationCall
06-28 18:19:11.339  3093  3732 E AsyncOperation: OperationException[Status{statusCode=unknown status code: 29503, resolution=null}]
06-28 18:19:11.339  3093  3732 E AsyncOperation: 	at akgr.a(:com.google.android.gms@14799037@14.7.99 (100400-223214910):115)
06-28 18:19:11.339  3093  3732 E AsyncOperation: 	at akgr.a(:com.google.android.gms@14799037@14.7.99 (100400-223214910):101)
06-28 18:19:11.339  3093  3732 E AsyncOperation: 	at ybc.run(:com.google.android.gms@14799037@14.7.99 (100400-223214910):27)
06-28 18:19:11.339  3093  3732 E AsyncOperation: 	at beyi.run(:com.google.android.gms@14799037@14.7.99 (100400-223214910):2)
06-28 18:19:11.339  3093  3732 E AsyncOperation: 	at qwc.run(:com.google.android.gms@14799037@14.7.99 (100400-223214910):21)
06-28 18:19:11.339  3093  3732 E AsyncOperation: 	at java.util.concurrent.ThreadPoolExecutor.runWorker(ThreadPoolExecutor.java:1167)
06-28 18:19:11.339  3093  3732 E AsyncOperation: 	at java.util.concurrent.ThreadPoolExecutor$Worker.run(ThreadPoolExecutor.java:641)
06-28 18:19:11.339  3093  3732 E AsyncOperation: 	at rbx.run(Unknown Source:7)
06-28 18:19:11.339  3093  3732 E AsyncOperation: 	at java.lang.Thread.run(Thread.java:784)
06-28 18:19:11.341  3093  5481 E NetRec  : [256] ahqw.a: Could not retrieve server token for package com.google.android.apps.gcs
06-28 18:19:11.341  3093  5481 E NetRec  : java.util.concurrent.ExecutionException: ppw: 29503: 
06-28 18:19:11.341  3093  5481 E NetRec  : 	at arhb.b(:com.google.android.gms@14799037@14.7.99 (100400-223214910):2)
06-28 18:19:11.341  3093  5481 E NetRec  : 	at arhb.a(:com.google.android.gms@14799037@14.7.99 (100400-223214910):28)
06-28 18:19:11.341  3093  5481 E NetRec  : 	at ahqw.a(:com.google.android.gms@14799037@14.7.99 (100400-223214910):1)
06-28 18:19:11.341  3093  5481 E NetRec  : 	at ahqw.a(:com.google.android.gms@14799037@14.7.99 (100400-223214910):4)
06-28 18:19:11.341  3093  5481 E NetRec  : 	at ahqt.getHeaders(:com.google.android.gms@14799037@14.7.99 (100400-223214910):2)
06-28 18:19:11.341  3093  5481 E NetRec  : 	at com.android.volley.toolbox.HttpClientStack.performRequest(:com.google.android.gms@14799037@14.7.99 (100400-223214910):9)
06-28 18:19:11.341  3093  5481 E NetRec  : 	at qph.performRequest(:com.google.android.gms@14799037@14.7.99 (100400-223214910):1)
06-28 18:19:11.341  3093  5481 E NetRec  : 	at bpq.executeRequest(:com.google.android.gms@14799037@14.7.99 (100400-223214910):1)
06-28 18:19:11.341  3093  5481 E NetRec  : 	at com.android.volley.toolbox.BasicNetwork.performRequest(:com.google.android.gms@14799037@14.7.99 (100400-223214910):10)
06-28 18:19:11.341  3093  5481 E NetRec  : 	at qpi.performRequest(:com.google.android.gms@14799037@14.7.99 (100400-223214910):13)
06-28 18:19:11.341  3093  5481 E NetRec  : 	at com.android.volley.NetworkDispatcher.a(:com.google.android.gms@14799037@14.7.99 (100400-223214910):6)
06-28 18:19:11.341  3093  5481 E NetRec  : 	at com.android.volley.NetworkDispatcher.run(:com.google.android.gms@14799037@14.7.99 (100400-223214910):2)
06-28 18:19:11.341  3093  5481 E NetRec  : Caused by: ppw: 29503: 
06-28 18:19:11.341  3093  5481 E NetRec  : 	at pvq.a(:com.google.android.gms@14799037@14.7.99 (100400-223214910):3)
06-28 18:19:11.341  3093  5481 E NetRec  : 	at akei.b(:com.google.android.gms@14799037@14.7.99 (100400-223214910):3)
06-28 18:19:11.341  3093  5481 E NetRec  : 	at akgx.a(:com.google.android.gms@14799037@14.7.99 (100400-223214910):7)
06-28 18:19:11.341  3093  5481 E NetRec  : 	at yax.a(:com.google.android.gms@14799037@14.7.99 (100400-223214910):5)
06-28 18:19:11.341  3093  5481 E NetRec  : 	at ybc.run(:com.google.android.gms@14799037@14.7.99 (100400-223214910):34)
06-28 18:19:11.341  3093  5481 E NetRec  : 	at beyi.run(:com.google.android.gms@14799037@14.7.99 (100400-223214910):2)
06-28 18:19:11.341  3093  5481 E NetRec  : 	at qwc.run(:com.google.android.gms@14799037@14.7.99 (100400-223214910):21)
06-28 18:19:11.341  3093  5481 E NetRec  : 	at java.util.concurrent.ThreadPoolExecutor.runWorker(ThreadPoolExecutor.java:1167)
06-28 18:19:11.341  3093  5481 E NetRec  : 	at java.util.concurrent.ThreadPoolExecutor$Worker.run(ThreadPoolExecutor.java:641)
06-28 18:19:11.341  3093  5481 E NetRec  : 	at rbx.run(Unknown Source:7)
06-28 18:19:11.341  3093  5481 E NetRec  : 	at java.lang.Thread.run(Thread.java:784)
06-28 18:19:11.341  3093  5481 W NetRec  : [256] ahqw.a: No server tokens extracted.
06-28 18:19:11.380  3093  5481 W Conscrypt: Could not set socket write timeout: java.net.SocketException: Socket closed
06-28 18:19:11.381  3093  5481 W Conscrypt: 	at com.google.android.gms.org.conscrypt.Platform.setSocketWriteTimeout(:com.google.android.gms@14799037@14.7.99 (100400-223214910):2)
06-28 18:19:11.381  3093  5481 W Conscrypt: 	at com.google.android.gms.org.conscrypt.ConscryptFileDescriptorSocket.setSoWriteTimeout(:com.google.android.gms@14799037@14.7.99 (100400-223214910):2)
06-28 18:19:11.401  3093  5481 V NativeCrypto: SSL handshake aborted: ssl=0x729ae884c8: I/O error during system call, Connection reset by peer
06-28 18:19:11.416   646   646 E WifiHAL : enter wifi_get_link_stats
06-28 18:19:11.426  1114  1562 I chatty  : uid=1000(system) WifiStateMachin expire 22 lines
06-28 18:19:12.184 32246 32712 W QueryController: Could not detect idle state.
06-28 18:19:12.186 32246 32712 W AccessibilityInteractionClient: old interaction Id is: -1,current interaction Id is:88
06-28 18:19:12.191 32246 32712 W AccessibilityInteractionClient: old interaction Id is: -1,current interaction Id is:89
06-28 18:19:12.833   776   776 E Thermal-daemon: [shell_frame] temp_new :38  temp_old :37
06-28 18:19:12.835   776   776 E Thermal-daemon: Report temperature: [shell_frame] temp :38  report_threshold:1
06-28 18:19:13.200 32246 32712 W QueryController: Could not detect idle state.
06-28 18:19:13.203 32246 32712 W AccessibilityInteractionClient: old interaction Id is: -1,current interaction Id is:90
06-28 18:19:13.207 32246 32712 W AccessibilityInteractionClient: old interaction Id is: -1,current interaction Id is:91
06-28 18:19:14.212 32246 32712 W QueryController: Could not detect idle state.
06-28 18:19:14.216 32246 32712 W AccessibilityInteractionClient: old interaction Id is: -1,current interaction Id is:92
06-28 18:19:14.225 32246 32712 W AccessibilityInteractionClient: old interaction Id is: -1,current interaction Id is:93
06-28 18:19:14.227 32457 32525 I chatty  : uid=10399(com.mixgo.PropertySEO) expire 484 lines
06-28 18:19:14.434   646   646 E WifiHAL : enter wifi_get_link_stats
06-28 18:19:15.235 32246 32712 W QueryController: Could not detect idle state.
06-28 18:19:15.237 32246 32712 W AccessibilityInteractionClient: old interaction Id is: -1,current interaction Id is:94
06-28 18:19:15.242 32246 32712 W AccessibilityInteractionClient: old interaction Id is: -1,current interaction Id is:95
06-28 18:19:15.619  1114  1611 I chatty  : uid=1000(system) WiFiArpStateMac expire 10 lines
06-28 18:19:15.946   635   635 I chatty  : uid=1000(system) hwsched@1.0-ser expire 53 lines
06-28 18:19:16.247 32246 32712 W QueryController: Could not detect idle state.
06-28 18:19:16.250 32246 32712 W AccessibilityInteractionClient: old interaction Id is: -1,current interaction Id is:96
06-28 18:19:16.254 32246 32712 W AccessibilityInteractionClient: old interaction Id is: -1,current interaction Id is:97
06-28 18:19:16.669   626  1582 I chatty  : uid=1041(audioserver) effect expire 10 lines
06-28 18:19:16.717  1114  6299 I chatty  : uid=1000(system) Binder:1114_15 expire 24 lines
06-28 18:19:16.718  1114  6160 V BroadcastQueue: Finished with ordered broadcast BroadcastRecord{114c922 u0 com.google.android.gms.gcm.ACTION_CHECK_QUEUE}
06-28 18:19:16.752  3093  4349 D WorkSource: Insert in WorkSource{} @ 0 uid 10021 name com.google.android.gms
06-28 18:19:16.753  3093  4349 D WorkSource: Insert in WorkSource{} @ 0 uid 10021 name com.google.android.gms
06-28 18:19:16.778  3093  4349 D WorkSource: Insert in WorkSource{} @ 0 uid 10021 name com.google.android.gms
06-28 18:19:16.779  1114  6299 W HwAlarmManagerService: isContainsAppUidInWorksource-->happend NameNotFoundException
06-28 18:19:16.779  1114  6299 W HwAlarmManagerService: isContainsAppUidInWorksource-->happend NameNotFoundException
06-28 18:19:16.819  3093   328 I NetRec  : [5569] ahtr.a: Refreshing scores for 52 networks.
06-28 18:19:17.054  1114  1790 W Watchdog: hungtask: writing kick
06-28 18:19:17.265 32246 32712 W QueryController: Could not detect idle state.
06-28 18:19:17.270 32246 32712 W AccessibilityInteractionClient: old interaction Id is: -1,current interaction Id is:98
06-28 18:19:17.274 32246 32712 W AccessibilityInteractionClient: old interaction Id is: -1,current interaction Id is:99
06-28 18:19:17.452   646   646 E WifiHAL : enter wifi_get_link_stats
06-28 18:19:18.280 32246 32712 W QueryController: Could not detect idle state.
06-28 18:19:18.282 32246 32712 W AccessibilityInteractionClient: old interaction Id is: -1,current interaction Id is:100
06-28 18:19:18.317  1724  1724 D StatusBarIconController: setIconVisibility icon is null or visibility not change visibility=false
06-28 18:19:18.318  1724  1724 D StatusBarIconController: setIconVisibility icon is null or visibility not change visibility=false
06-28 18:19:19.001   650   930 I chatty  : uid=1000(system) Binder:650_2 expire 4 lines
06-28 18:19:19.068  3093   328 W NetRec  : [5569] ahtr.a: Timeout after 2242 ms while waiting for score updates. Returning 1.
06-28 18:19:19.083  3093   328 I NetRec  : [5569] ahtr.a: Still entries pending update, scheduling new rapid_refresh_scores_task refresh.
06-28 18:19:19.090  3093   328 I NetRec  : [5569] ahtr.a: Completed rapid_refresh_scores_task score refresh task in 2294 ms, returning 1
06-28 18:19:19.096  1114  6299 V BroadcastQueue: Finished with ordered broadcast BroadcastRecord{c92140f u0 com.google.android.gms.gcm.ACTION_SCHEDULE}
06-28 18:19:19.295 32246 32712 W QueryController: Could not detect idle state.
06-28 18:19:19.299 32246 32712 W AccessibilityInteractionClient: old interaction Id is: -1,current interaction Id is:102
06-28 18:19:19.304 32246 32712 W AccessibilityInteractionClient: old interaction Id is: -1,current interaction Id is:103
06-28 18:19:19.320  1724  1724 D StatusBarIconController: setIconVisibility icon is null or visibility not change visibility=false
06-28 18:19:19.322  1724  1724 D StatusBarIconController: setIconVisibility icon is null or visibility not change visibility=false
06-28 18:19:19.605   574   583 W IptablesRestoreController: iptables-restore process 32184 terminated status=15
06-28 18:19:19.606   574   583 W IptablesRestoreController: iptables-restore process 32186 terminated status=15
06-28 18:19:19.728   650   650 I chatty  : uid=1000(system) /system/bin/surfaceflinger expire 2136 lines
06-28 18:19:19.740   400   418 D vndksupport: Loading /vendor/lib64/hw/android.hardware.graphics.mapper@2.0-impl.so from current namespace instead of sphal namespace.
06-28 18:19:19.742   400   418 D vndksupport: Loading /vendor/lib64/hw/gralloc.kirin970.so from current namespace instead of sphal namespace.
06-28 18:19:19.943   648  1284 I chatty  : uid=1041(audioserver) AudioOut_D expire 484 lines
06-28 18:19:20.316   445   447 D vndksupport: Loading /vendor/lib64/hw/android.hardware.graphics.mapper@2.0-impl.so from current namespace instead of sphal namespace.
06-28 18:19:20.318   445   447 D vndksupport: Loading /vendor/lib64/hw/gralloc.kirin970.so from current namespace instead of sphal namespace.
06-28 18:19:20.472   646   646 E WifiHAL : enter wifi_get_link_stats
06-28 18:19:20.529 32246 32712 D UIAutomatorStub: URI: /jsonrpc/0, Method: POST, params, {NanoHttpd.QUERY_STRING=null}, files: {postData={"jsonrpc": "2.0", "id": "0a596bb5623e0a1a2b362a2ade8a6e85", "method": "makeToast", "params": ["HELLO ATX", 2000]}}
06-28 18:19:20.568   632   632 I HW_DISPLAY_EFFECT: hw_get_display_panel_type: panel info is blmax:8820,blmin:15,blmax_nit_actual:798,blmax_nit_standard:750,lcdtype:LCD,
06-28 18:19:20.568   632   632 I HW_DISPLAY_EFFECT: 
06-28 18:19:20.568   632   632 I HW_DISPLAY_EFFECT: hw_get_display_panel_type: lcd type is LCD
06-28 18:19:20.569 32246 32246 D TextView: get Display Panel Type is : 0
06-28 18:19:20.576  1952  2241 I chatty  : uid=1000(system) actions handler expire 11 lines
06-28 18:19:20.588 32246 32246 D HwAppInnerBoostImpl: set config for com.github.uiautomator BOOST_FLAG=true REPORT_DURATION_CLICK=1000 REPORT_TIMES_CLICK=3 REPORT_DURATION_SLIDE=5000 REPORT_TIMES_SLIDE=16
06-28 18:19:20.591 32246 32246 D OpenGLRenderer:   HWUI Binary is  enabled
06-28 18:19:20.591 32246 32246 D OpenGLRenderer: disableOutlineDraw is true
06-28 18:19:20.639  1114  6160 V WindowManager: addWindow: Window{48c9688 u0 Toast}
06-28 18:19:20.700 32246   451 I ConfigStore: android::hardware::configstore::V1_0::ISurfaceFlingerConfigs::hasWideColorDisplay retrieved: 0
06-28 18:19:20.700 32246   451 I ConfigStore: android::hardware::configstore::V1_0::ISurfaceFlingerConfigs::hasHDRDisplay retrieved: 0
06-28 18:19:20.705 32246   451 I iGraphics: [0020080c] pn: com.github.uiautomator, p: 32246
06-28 18:19:20.706 32246   451 I iGraphics: [0030080c] no spt app: com.github.uiautomator
06-28 18:19:20.706 32246   451 I OpenGLRenderer: Initialized EGL, version 1.4
06-28 18:19:20.706 32246   451 D OpenGLRenderer: Swap behavior 2
06-28 18:19:20.725 32246   451 D mali_winsys: EGLint new_window_surface(egl_winsys_display *, void *, EGLSurface, EGLConfig, egl_winsys_surface **, EGLBoolean) returns 0x3000
06-28 18:19:20.726 32246   451 D OpenGLRenderer:   HWUI Binary is  enabled
06-28 18:19:20.726 32246   451 D OpenGLRenderer: disableOutlineDraw is true
06-28 18:19:20.786   650   933 I chatty  : uid=1000(system) unnamed expire 9 lines
06-28 18:19:21.426   477   479 D vndksupport: Loading /vendor/lib64/hw/android.hardware.graphics.mapper@2.0-impl.so from current namespace instead of sphal namespace.
06-28 18:19:21.427   477   479 D vndksupport: Loading /vendor/lib64/hw/gralloc.kirin970.so from current namespace instead of sphal namespace.
06-28 18:19:22.004   492   498 D vndksupport: Loading /vendor/lib64/hw/android.hardware.graphics.mapper@2.0-impl.so from current namespace instead of sphal namespace.
06-28 18:19:22.005   492   498 D vndksupport: Loading /vendor/lib64/hw/gralloc.kirin970.so from current namespace instead of sphal namespace.
06-28 18:19:22.147   492   498 W IPCThreadState: Calling IPCThreadState::self() during shutdown is dangerous, expect a crash.
06-28 18:19:22.284  1114  6160 I ActivityManager: Force stopping com.mixgo.PropertySEO appid=10399 user=0: from pid 509by app
06-28 18:19:22.285  1114  6160 I ActivityManager: Killing 32457:com.mixgo.PropertySEO/u0a399 (adj 0): stop com.mixgo.PropertySEOfrom pid 509by app
06-28 18:19:22.288  1114  6160 D ActivityManager: cleanUpApplicationRecord app: ProcessRecord{5b2ecd3 32457:com.mixgo.PropertySEO/u0a399}, app.bad: false, restarting: false, allowRestart: true
06-28 18:19:22.288  1114  6160 W ActivityManager: Scheduling restart of crashed service com.mixgo.PropertySEO/cn.jpush.android.service.PushService in 1000ms
06-28 18:19:22.289  1114  1226 I chatty  : uid=1000(system) ActivityManager expire 5 lines
06-28 18:19:22.291  1114  6160 W ActivityManager: Force removing ActivityRecord{fa84437 u0 com.mixgo.PropertySEO/cn.jiguang.unity.push.UnityPluginActivity t208}: app died, no saved state
06-28 18:19:22.302  1114  6160 W WindowManager: Failed to take screenshot. No visible windows for {taskId=208 appTokens=[AppWindowToken{1b7270d token=Token{8f7fda4 ActivityRecord{fa84437 u0 com.mixgo.PropertySEO/cn.jiguang.unity.push.UnityPluginActivity t208}}}] mdr=false}
06-28 18:19:22.306  1114  6160 V WindowManager: removeAppToken: AppWindowToken{1b7270d token=Token{8f7fda4 ActivityRecord{fa84437 u0 com.mixgo.PropertySEO/cn.jiguang.unity.push.UnityPluginActivity t208}}} delayed=false Callers=com.android.server.wm.DisplayContent.removeAppToken:1059 com.android.server.wm.AppWindowContainerController.removeContainer:301 com.android.server.am.ActivityRecord.removeWindowContainer:1152 com.android.server.am.ActivityStack.removeActivityFromHistoryLocked:4507 
06-28 18:19:22.306  1114  6160 V WindowManager: removeIfPossible: Window{9148b1e u0 com.mixgo.PropertySEO/cn.jiguang.unity.push.UnityPluginActivity}
06-28 18:19:22.308  1114  6160 V WindowManager: postWindowRemoveCleanupLocked: Window{9148b1e u0 com.mixgo.PropertySEO/cn.jiguang.unity.push.UnityPluginActivity}
06-28 18:19:22.309  1114  6160 V WindowManager: Removing Window{9148b1e u0 com.mixgo.PropertySEO/cn.jiguang.unity.push.UnityPluginActivity} from AppWindowToken{1b7270d token=Token{8f7fda4 ActivityRecord{fa84437 u0 com.mixgo.PropertySEO/cn.jiguang.unity.push.UnityPluginActivity t208}}}
06-28 18:19:22.331  1114  6160 W HwActivityManagerServiceEx: setResumedActivityUncheckLocked start call, from: ActivityRecord{fa84437 u0 com.mixgo.PropertySEO/cn.jiguang.unity.push.UnityPluginActivity t-1 f}, to: ActivityRecord{bca02ee u0 com.huawei.android.launcher/.unihome.UniHomeLauncher t1}
06-28 18:19:22.331  1114  6160 W HwActivityManagerServiceEx: appSwitch from: com.mixgo.PropertySEO to: com.huawei.android.launcher
06-28 18:19:22.332  1114  1219 W HwActivityManagerServiceEx: HwActivityNotifier end call android.app.IHwActivityNotifier$Stub$Proxy@b0369a4 for returnToHome under user 0 cost 0
06-28 18:19:22.332  1114  1219 W HwActivityManagerServiceEx: HwActivityNotifier end call android.app.IHwActivityNotifier$Stub$Proxy@b3922e9 for appSwitch under user 0 cost 0
06-28 18:19:22.332  1114  1219 W HwActivityManagerServiceEx: HwActivityNotifier end call android.app.IHwActivityNotifier$Stub$Proxy@92d0b6e for appSwitch under user 0 cost 0
06-28 18:19:22.335  1993 26431 D Activity: pivotX = 117.0, pivotY = 1653.0, iconWidth = 170, iconHeight = 170, iconWidth = 170, flag = 0
06-28 18:19:22.336  1952  2110 I chatty  : uid=1000(system) core expire 49 lines
06-28 18:19:22.339   648  1353 I chatty  : uid=1041(audioserver) Binder:648_3 expire 2 lines
06-28 18:19:22.339  1869  2319 I chatty  : uid=1000(system) EmcomThread expire 40 lines
06-28 18:19:22.343  1114  6160 D HwPhoneWindowManager: sensorRotation = -1 lastRotation:0
06-28 18:19:22.343  1952  2259 I chatty  : uid=1000(system) sdk thread expire 24 lines
06-28 18:19:22.344  1114  6160 V WindowManager: notifyAppResumed: wasStopped=true AppWindowToken{616761c token=Token{3fbf38f ActivityRecord{bca02ee u0 com.huawei.android.launcher/.unihome.UniHomeLauncher t1}}}
06-28 18:19:22.344  2434  4069 E nearby  : CloseRangeAdapter:no such business type
06-28 18:19:22.349   626   979 I chatty  : uid=1041(audioserver) HwBinder:626_1 expire 62 lines
06-28 18:19:22.349   755   814 D dubaid  : [QueryService.cpp] handleRequestQueryData# start=1561717098428, end=1561717162344
06-28 18:19:22.350   626  1281 I chatty  : uid=1041(audioserver) HwBinder:626_2 expire 70 lines
06-28 18:19:22.350  1952  2598 I chatty  : uid=1000(system) ThermalTraceThr expire 1 line
06-28 18:19:22.351  1114  6160 V WindowManager: Checking 1 opening apps (frozen=false timeout=false), Track: relayout performsurface
06-28 18:19:22.351  1114  6160 V WindowManager: Check opening app=AppWindowToken{616761c token=Token{3fbf38f ActivityRecord{bca02ee u0 com.huawei.android.launcher/.unihome.UniHomeLauncher t1}}}: allDrawn=false startingDisplayed=false startingMoved=false isRelaunching()=false startingWindow=null
06-28 18:19:22.355  1114  1456 V WindowManager: Checking 1 opening apps (frozen=false timeout=false), Track:  performsurface
06-28 18:19:22.355  1114  1456 V WindowManager: Check opening app=AppWindowToken{616761c token=Token{3fbf38f ActivityRecord{bca02ee u0 com.huawei.android.launcher/.unihome.UniHomeLauncher t1}}}: allDrawn=false startingDisplayed=false startingMoved=false isRelaunching()=false startingWindow=null
06-28 18:19:22.356  1993  2109 E HwLauncher: SettingsEx , no such field.
06-28 18:19:22.356  1993  2109 W HwLauncher: Clock getDataFormat the getSystemString failed.
06-28 18:19:22.357  1993  1993 D ZrHung.AppEyeUiProbe: notify runnable to start.
06-28 18:19:22.357  1993  2135 D ZrHung.AppEyeUiProbe: restart watching
06-28 18:19:22.357   626  1520 I chatty  : uid=1041(audioserver) writer expire 38 lines
06-28 18:19:22.358 25009 25022 I HiSearch9.0.2.303: [LauncherOverlayService]: LAUNCHER_INTERACTION from launcher and invoke id = -111
06-28 18:19:22.358 25009 25022 I HiSearch9.0.2.303: [LauncherOverlayService]: isOverlayClosed = true
06-28 18:19:22.358 25009 25022 I HiSearch9.0.2.303: [LauncherOverlayService]: LAUNCHER_INTERACTION from launcher and invoke, overlay closed, return. 
06-28 18:19:22.360  2461  2612 D WorkSource: i1=0 i2=0 N1=0: insert 2434 com.huawei.iconnect
06-28 18:19:22.360  2461  2612 D WorkSource: Insert in WorkSource{} @ 0 uid 2434 name com.huawei.iconnect
06-28 18:19:22.360  1114  1114 V AlarmManager: UninstallReceiver onReceive action:android.intent.action.PACKAGE_RESTARTED
06-28 18:19:22.360  1114  1114 I AlarmManager: remove com.android.server.-$$Lambda$AlarmManagerService$qehVSjTLWvtJYPGgKh2mkJ6ePnk@e3cf61e according to uid:10399
06-28 18:19:22.360  2461  2661 D BluetoothAdapter: isLeEnabled(): ON
06-28 18:19:22.361  1667  2234 I bt_stack: [INFO:gatt_api.cc(950)] GATT_Register e3a2347a-ca51-923a-8e89-07e4dbc5d028
06-28 18:19:22.362  1667  2234 I bt_stack: [INFO:gatt_api.cc(970)] allocated gatt_if=6
06-28 18:19:22.362  2461  2482 D BluetoothLeScanner: onScannerRegistered() - status=0 scannerId=6 mScannerId=0
06-28 18:19:22.362  1667  2633 W Bth-btfreeze: BluetoothFreeze:tag: 181  uid: 1000  pid: 2461
06-28 18:19:22.363  1114  8995 D HwGameAssistantController: pid=1993, uid=10070, component=ComponentInfo{com.huawei.android.launcher/com.huawei.android.launcher.unihome.UniHomeLauncher}
06-28 18:19:22.363  1114  8995 I chatty  : uid=1000(system) Binder:1114_17 expire 6 lines
06-28 18:19:22.363  1114  1243 D HwGameAssistantController: UPDATE: mCurFgPkg=com.huawei.android.launcher, mCurFgPid=1993, mCurIsGame=false
06-28 18:19:22.363  1114  1219 W HwActivityManagerServiceEx: HwActivityNotifier end call android.app.IHwActivityNotifier$Stub$Proxy@88cf16b for activityLifeState under user 0 cost 0
06-28 18:19:22.363  1993  2164 D HwRecentsTaskUtils: refreshToCache
06-28 18:19:22.363  1993  2164 D HwRecentsTaskUtils: searchFromDate
06-28 18:19:22.364  1114  1114 V NotificationListeners: enabling notification listener for 0: ComponentInfo{com.baidu.searchbox/com.baidu.searchbox.lockscreen.notification.NotificationMonitorService}
06-28 18:19:22.364  1900  2185 I chatty  : uid=1000(system) OdmfCtrlThread expire 8 lines
06-28 18:19:22.364  1969  1969 D CarrierSvcBindHelper: No carrier app for: 0
06-28 18:19:22.365  1114  4001 I chatty  : uid=1000(system) HwAPPQoEActivit expire 28 lines
06-28 18:19:22.365  1114  1114 V NotificationListeners: binding: Intent { act=android.service.notification.NotificationListenerService cmp=com.baidu.searchbox/.lockscreen.notification.NotificationMonitorService (has extras) }
06-28 18:19:22.365  3045  3045 E NfcNci  : NfcUtils error: APP do not have nfc permission
06-28 18:19:22.365  1114  1621 I chatty  : uid=1000(system) HwAPPQoEStateMa expire 46 lines
06-28 18:19:22.365  3045  3045 E NfcNci  : NfcUtils error: APP do not have nfc permission
06-28 18:19:22.365  1869  1869 I HwCoreAppHelperService: LocalReceiver receives:android.intent.action.PACKAGE_RESTARTED,pkg:com.mixgo.PropertySEO,uid:10399
06-28 18:19:22.366  1869 14011 I chatty  : uid=1000(system) Binder:1869_9 expire 5 lines
06-28 18:19:22.366  1969  1969 D CarrierSvcBindHelper: No carrier app for: 1
06-28 18:19:22.366  1114  1114 W NotificationListeners: Unable to bind notification listener service: Intent { act=android.service.notification.NotificationListenerService cmp=com.baidu.searchbox/.lockscreen.notification.NotificationMonitorService (has extras) }
06-28 18:19:22.366  1114  1114 W NotificationListeners: Not binding notification listener service ComponentInfo{android/com.android.server.emcom.grabservice.NotificationListener}: service not found
06-28 18:19:22.366  1114  1114 W NotificationAssistants: rebindServices() ignore for NotificationAssistantService
06-28 18:19:22.366  1114 11860 D HwLocationManagerService: on transact REMOVE_LOCATION_MODE uid is 10399 , packagename is com.mixgo.PropertySEO
06-28 18:19:22.366  1114 11860 D HwLocationManagerService: remove SupervisoryControlProc packagename=com.mixgo.PropertySEO
06-28 18:19:22.366  1114 11860 D HwLocationManagerService:  package has no request send yet
06-28 18:19:22.366  1114  1114 I chatty  : uid=1000 system_server expire 21 lines
06-28 18:19:22.367  1114  6299 V WindowManager: Checking 1 opening apps (frozen=false timeout=false), Track: relayout performsurface
06-28 18:19:22.367  1114  6299 V WindowManager: Check opening app=AppWindowToken{616761c token=Token{3fbf38f ActivityRecord{bca02ee u0 com.huawei.android.launcher/.unihome.UniHomeLauncher t1}}}: allDrawn=false startingDisplayed=false startingMoved=false isRelaunching()=false startingWindow=null
06-28 18:19:22.368  1114  1223 I chatty  : uid=1000(system) android.ui expire 17 lines
06-28 18:19:22.368  1869  1882 I BoosterSwitchP: notifyUidState do nothing
06-28 18:19:22.368  1869  1882 I DeepNoDisturbP: notifyUidState
06-28 18:19:22.368  1869  1882 I HidataAppQoeP: notifyUidState
06-28 18:19:22.368  1869  1882 I BrowserChrP: notifyUidState
06-28 18:19:22.370  1993  2164 I RecentsTaskLoadPlan: to show tasks size is 7
06-28 18:19:22.370  1114  6299 V HwPhoneWindowManager: updateSystemUiColorLw window=Window{12f7b0d u0 com.huawei.android.launcher/com.huawei.android.launcher.unihome.UniHomeLauncher},EmuiStyle=-1,StatusBarColor=0xfff2f2f2,NavigationBarColor=0x0, mLastIsEmuiLightStyle=-1, mForceNotchStatusBar=false
06-28 18:19:22.370  1114 11860 I HwNetworkPolicy: onTransact, code = 203
06-28 18:19:22.371  2017  2506 I HwNetworkPolicyManager: getHwUidPolicy uid = 10070 policy = 0
06-28 18:19:22.373  6701  6759 I [HwRecSys]OdmfCollectScheduler: handleMessage msg: 6
06-28 18:19:22.373  6701  6759 E [HwRecSys]HwRecSysService: Rec sys service not started.
06-28 18:19:22.375  1869  1882 I BoosterSwitchP: notifyUidState do nothing
06-28 18:19:22.375  1869  1882 I DeepNoDisturbP: notifyUidState
06-28 18:19:22.375  1869  1882 I HidataAppQoeP: notifyUidState
06-28 18:19:22.375  1869  1882 I BrowserChrP: notifyUidState
06-28 18:19:22.375  1114 11860 I HwAudioService: now type = 255,reportForegroundAppType = 255,pkg = null,systemload = 255mVoipOptimizeInGameModetrue
06-28 18:19:22.375   648   648 I chatty  : uid=1041(audioserver) /system/bin/audioserver expire 1 line
06-28 18:19:22.378   613  2641 I chatty  : uid=1000(system) HwBinder:613_3 expire 6 lines
06-28 18:19:22.384  1993  2177 D mali_winsys: EGLint new_window_surface(egl_winsys_display *, void *, EGLSurface, EGLConfig, egl_winsys_surface **, EGLBoolean) returns 0x3000
06-28 18:19:22.386  1114  1114 I WindowManager: notifyAccessibilityButtonVisibilityChanged visible:true
06-28 18:19:22.388  1114  1456 V WindowManager: Checking 1 opening apps (frozen=false timeout=false), Track:  performsurface
06-28 18:19:22.388  1114  1456 V WindowManager: Check opening app=AppWindowToken{616761c token=Token{3fbf38f ActivityRecord{bca02ee u0 com.huawei.android.launcher/.unihome.UniHomeLauncher t1}}}: allDrawn=false startingDisplayed=false startingMoved=false isRelaunching()=false startingWindow=null
06-28 18:19:22.390  1993  1993 W HwLauncher: FolderIcon drawSelectedLabel bitmap null
06-28 18:19:22.391  1993  1993 I chatty  : uid=10070(com.huawei.android.launcher) identical 4 lines
06-28 18:19:22.394  1993  1993 W HwLauncher: FolderIcon drawSelectedLabel bitmap null
06-28 18:19:22.396  1993  4986 D HwRecentsTaskUtils: refreshToCache
06-28 18:19:22.397  1993  4986 D HwRecentsTaskUtils: searchFromDate
06-28 18:19:22.403  1993  4986 I RecentsTaskLoadPlan: to show tasks size is 7
06-28 18:19:22.419   508   508 D pmomd   : dubai_send_data# new inquires arrived, timestamp=1561717162419
06-28 18:19:22.419   508   508 D pmomd   : free_list# free list, count=0
06-28 18:19:22.419   508   508 D pmomd   : add_element# add element, count=1
06-28 18:19:22.419   508   508 D pmomd   : add_driver_data# add driver data
06-28 18:19:22.420  1114  6299 D MediaRouterService: Client com.mixgo.PropertySEO (pid 32457): Died!
06-28 18:19:22.421  1667  2633 V AudioManager: mPlaybackCallbackList.size:1
06-28 18:19:22.421   508   508 D pmomd   : add_element# add element, count=2
06-28 18:19:22.421   508   508 D pmomd   : add_1x_cas_data# add 1x cas data
06-28 18:19:22.421   508   508 D pmomd   : add_element# add element, count=3
06-28 18:19:22.421   508   508 D pmomd   : add_was_data# add was data modemId:10 fach:0 urapch:0 cellpch:0 dch:0 idle:10302
06-28 18:19:22.421   508   508 D pmomd   : add_element# add element, count=4
06-28 18:19:22.421   508   508 D pmomd   : add_was_data# add was data modemId:266 fach:0 urapch:0 cellpch:0 dch:0 idle:10302
06-28 18:19:22.421   508   508 D pmomd   : add_element# add element, count=5
06-28 18:19:22.422   508   508 D pmomd   : add_1x_cproc_data# add 1x cproc data
06-28 18:19:22.422  1724  1965 I CommandQueue: updateBarBgColor
06-28 18:19:22.422   508   508 D pmomd   : send_data# send buffered log, buf_length=512, head_length=8, data_length=504
06-28 18:19:22.422  1724  1965 D CommandQueue: CommandQueue, setBarBackgroundColor
06-28 18:19:22.422  1114  1242 W ActivityManager: setHasOverlayUi called on unknown pid: 32457
06-28 18:19:22.422  1667  2475 D AudioManager: dispatching onPlaybackConfigChanged()
06-28 18:19:22.423  1114  1114 D MediaRouterService: onAudioPlayerActiveStateChanged: uid=10399, active=false, delaying
06-28 18:19:22.423  1724  1724 D TintManager: statusBarIconTint=99000000,navigationBarIconTint=99ffffff
06-28 18:19:22.424   576   576 I Zygote  : Process 32457 exited due to signal (9)
06-28 18:19:22.424   508   508 D pmomd   : free_list# free list, count=5
06-28 18:19:22.430  1993  1993 I ViewRootImpl: jank_removeInvalidNode all the node in jank list is out of time
06-28 18:19:22.431  1724  1724 D ImageWallpaper: onVisibilityChanged: mVisible, visible=false, true
06-28 18:19:22.431  1724  1724 D ImageWallpaper: Visibility changed to visible=true
06-28 18:19:22.431  1993  1993 W InputMethodManager: startInputReason = 1
06-28 18:19:22.432  1724  1724 D ImageWallpaper: Suppressed drawFrame since redraw is not needed and offsets have not changed.sf=Rect(0, 0 - 2244, 2244)
06-28 18:19:22.432  1114  1456 V WindowManager_visibility: updateAllDrawn Add AppWindowToken{616761c token=Token{3fbf38f ActivityRecord{bca02ee u0 com.huawei.android.launcher/.unihome.UniHomeLauncher t1}}}
