06-28 18:18:28.550 31253 32716 D AdBlock_AbsAdRequest: getPostRequestParam param: apps=%5B%7B%22pkgName%22%3A%22com.mixgo.PropertySEO%22%2C%22versionCode%22%3A105%2C%22version%22%3A%221.05%22%7D%5D&buildNumber=EML-AL00+9.0.0.187%28C00E82R1P21%29&clientPackage=com.huawei.systemmanager&emuiVer=EmotionUI_9.0.0&firmwareVersion=9&locale=zh_CN&method=store.getControlStrategy&phoneType=EML-AL00&resolution=1080x2244&sysBits=2&ts=1561717108525&version=9.0.0.356
06-28 18:18:28.550 31253 32716 D HsmJoinRequest: https request.
06-28 18:18:28.552 31253 32716 D HsmJoinRequest: doPostRequest openConnection already!
06-28 18:18:28.552 31253 32716 D HsmGzipRequest: setRequestProperty jsonObject already!
06-28 18:18:28.555 31253 32716 D HsmGzipRequest: Get wakeLock now
06-28 18:18:28.812 32246 32712 W QueryController: Could not detect idle state.
06-28 18:18:28.815 32246 32712 W AccessibilityInteractionClient: old interaction Id is: -1,current interaction Id is:2
06-28 18:18:28.820 32246 32712 W AccessibilityInteractionClient: old interaction Id is: -1,current interaction Id is:3
06-28 18:18:28.913 32457 32525 I chatty  : uid=10399(com.mixgo.PropertySEO) expire 703 lines
06-28 18:18:28.945   650   929 D         : report data to hwsched!
06-28 18:18:29.044 31253 32716 D HsmGzipRequest: doPostRequest finally closeOutputStream!
06-28 18:18:29.052   646   646 E WifiHAL : enter wifi_get_link_stats
06-28 18:18:29.062  1114  1562 I chatty  : uid=1000(system) WifiStateMachin expire 54 lines
06-28 18:18:29.094 31253 32716 D HsmGzipRequest: Release wakeLock now
06-28 18:18:29.134  1114  2570 I AlarmManager: remove alarm:Alarm{d915274 type 1 when 1561722140345 PendingIntent{9c704a7: PendingIntentRecord{7b7a39d com.huawei.systemmanager broadcastIntent}}com.huawei.systemmanager} according to operation:578b012
06-28 18:18:29.597 30304 30321 W HiApp.StoreAgent: pool-8-thread-1{1653} <<< WARN >>> doPostWithDnsParse() error, method:client.diffUpgrade2, url:https://stores1.hispace.hicloud.com/hwmarket/api/storeApi2, java.net.SocketTimeoutException: timeout
06-28 18:18:29.598 30304 30321 W HiApp.DNSUtil: pool-21-thread-1{1709} <<< WARN >>> getIpListByDNSBackup, DNSRequest, failReason = 3
06-28 18:18:29.602 30304 30321 E HiApp.StoreAgent: pool-8-thread-1{1653} <<< ERROR >>> invoke store error, exceptionType:SocketTimeoutException, url:https://stores1.hispace.hicloud.com/hwmarket/api/storeApi2, method:client.diffUpgrade2, retryTimes:1
06-28 18:18:29.602  1114  2570 I chatty  : uid=1000(system) Binder:1114_E expire 2 lines
06-28 18:18:29.613 30304 30321 W HiApp.StoreAgent: pool-8-thread-1{1653} <<< WARN >>> call store error! method:client.diffUpgrade2, responseCode:1, retryTimes:2
06-28 18:18:29.828 32246 32712 W QueryController: Could not detect idle state.
06-28 18:18:29.831 32246 32712 W AccessibilityInteractionClient: old interaction Id is: -1,current interaction Id is:4
06-28 18:18:29.838 32246 32712 W AccessibilityInteractionClient: old interaction Id is: -1,current interaction Id is:5
06-28 18:18:30.518  1849 25907 I chatty  : uid=1000(system) Binder:1849_8 expire 3 lines
06-28 18:18:30.519  1114 31752 I chatty  : uid=1000(system) Timer-73 expire 2 lines
06-28 18:18:30.846 32246 32712 W QueryController: Could not detect idle state.
06-28 18:18:30.848 32246 32712 W AccessibilityInteractionClient: old interaction Id is: -1,current interaction Id is:6
06-28 18:18:30.853 32246 32712 W AccessibilityInteractionClient: old interaction Id is: -1,current interaction Id is:7
06-28 18:18:31.516  1900  5205 I chatty  : uid=1000(system) Timer-0 expire 15 lines
06-28 18:18:31.527  1969  5108 D PhoneInterfaceManager: [PhoneIntfMgr] isUserDataEnabled: subId=0 phoneId=0
06-28 18:18:31.528  1969  5108 D PhoneInterfaceManager: [PhoneIntfMgr] isUserDataEnabled: subId=0 retVal=true
06-28 18:18:31.545   796  1102 I         : DPTEST  EventId is not need Hash
06-28 18:18:31.586  1114  1617 I chatty  : uid=1000(system) wifipro_uid_tcp expire 12 lines
06-28 18:18:31.594  1114  4002 I chatty  : uid=1000(system) MobileQosDetect expire 10 lines
06-28 18:18:31.861 32246 32712 W QueryController: Could not detect idle state.
06-28 18:18:31.863 32246 32712 W AccessibilityInteractionClient: old interaction Id is: -1,current interaction Id is:8
06-28 18:18:31.873 32246 32712 W AccessibilityInteractionClient: old interaction Id is: -1,current interaction Id is:9
06-28 18:18:32.067   646   646 E WifiHAL : enter wifi_get_link_stats
06-28 18:18:32.245 30304 30321 W HiApp.StoreAgent: pool-12-thread-2{1697} <<< WARN >>> doPostWithDnsParse() error, method:client.installResultRep, url:https://stores1.hispace.hicloud.com/hwmarket/api/encryptApi2, java.net.SocketTimeoutException: timeout
06-28 18:18:32.247 30304 32723 E HttpRequest: user domainname to request
06-28 18:18:32.249 30304 30321 W HiApp.DNSUtil: pool-22-thread-1{1710} <<< WARN >>> getIpListByDNSBackup, DNSRequest, failReason = 3
06-28 18:18:32.555 30304 32722 E DNSOpenPort: latch.await awaitfinishtrue
06-28 18:18:32.569 30304 30321 E HiApp.StoreAgent: pool-12-thread-2{1697} <<< ERROR >>> invoke store error, exceptionType:SocketTimeoutException, url:https://stores1.hispace.hicloud.com/hwmarket/api/encryptApi2, method:client.installResultRep, retryTimes:2
06-28 18:18:32.570 30304 30321 W HiApp.StoreAgent: pool-12-thread-2{1697} <<< WARN >>> call store error! method:client.installResultRep, responseCode:1, retryTimes:3
06-28 18:18:32.797   776   776 E Thermal-daemon: [charger_ic] temp_new :40  temp_old :41
06-28 18:18:32.799   776   776 E Thermal-daemon: Report temperature: [charger_ic] temp :40  report_threshold:1
06-28 18:18:32.880 32246 32712 W QueryController: Could not detect idle state.
06-28 18:18:32.882 32246 32712 W AccessibilityInteractionClient: old interaction Id is: -1,current interaction Id is:10
06-28 18:18:32.888 32246 32712 W AccessibilityInteractionClient: old interaction Id is: -1,current interaction Id is:11
06-28 18:18:32.950  1114  1477 D HwBatteryService: onUEvent fcpStatus = 0,scpStatus =0,ovpStatus=0
06-28 18:18:32.952  1114  1477 I HwBatteryService: quick charge status : 0
06-28 18:18:32.952  1114  1477 I HwBatteryService: handleWirelessTxStatus
06-28 18:18:32.952  1114  1477 I HwBatteryService: switch not open, return, mWirelessTxFlag : 0
06-28 18:18:32.952  1114  1477 I UsbDeviceManager: water_intrused state= 0
06-28 18:18:33.607  1114  2570 V BroadcastQueue: Finished with ordered broadcast BroadcastRecord{f6fdc99 u0 com.google.android.gms.gcm.ACTION_CHECK_QUEUE}
06-28 18:18:33.610  1114  1827 I chatty  : uid=1000(system) Binder:1114_8 expire 2 lines
06-28 18:18:33.647  3093  4349 D WorkSource: Insert in WorkSource{} @ 0 uid 10021 name com.google.android.gms
06-28 18:18:33.650  3093  4349 D WorkSource: Insert in WorkSource{} @ 0 uid 10021 name com.google.android.gms
06-28 18:18:33.668  3093  4349 D WorkSource: Insert in WorkSource{} @ 0 uid 10021 name com.google.android.gms
06-28 18:18:33.668  1114  1827 W HwAlarmManagerService: isContainsAppUidInWorksource-->happend NameNotFoundException
06-28 18:18:33.668  1114  1827 W HwAlarmManagerService: isContainsAppUidInWorksource-->happend NameNotFoundException
06-28 18:18:33.712  3093 32725 I NetRec  : [5564] ahtr.a: Refreshing scores for 52 networks.
06-28 18:18:33.897 32246 32712 W QueryController: Could not detect idle state.
06-28 18:18:33.901 32246 32712 W AccessibilityInteractionClient: old interaction Id is: -1,current interaction Id is:12
06-28 18:18:33.906 32246 32712 W AccessibilityInteractionClient: old interaction Id is: -1,current interaction Id is:13
06-28 18:18:34.093   776  2993 E Thermal-daemon: current_STD > IT_STD, result invalid. 
06-28 18:18:34.093   776  2993 E Thermal-daemon: device current too high (-59), during charging or current std is invalid. 
06-28 18:18:34.093   776  2993 E Thermal-daemon: latest temp -40000 at 2019/6/28, 10h:18m:34s.
06-28 18:18:34.093   776  2993 E Thermal-daemon: write_fd_value: /sys/class/hw_thermal/temp/ambient failed. count = -1, sizeof(data) = 4096 
06-28 18:18:34.093   776  2993 E Thermal-daemon: write amebient temp to node failed. 
06-28 18:18:34.832  1114  5061 I chatty  : uid=1000(system) mss_handler_thr expire 18 lines
06-28 18:18:34.911 32246 32712 W QueryController: Could not detect idle state.
06-28 18:18:34.913 32246 32712 W AccessibilityInteractionClient: old interaction Id is: -1,current interaction Id is:14
06-28 18:18:34.918 32246 32712 W AccessibilityInteractionClient: old interaction Id is: -1,current interaction Id is:15
06-28 18:18:35.091   646   646 E WifiHAL : enter wifi_get_link_stats
06-28 18:18:35.368  1920  2842 I HwNaturalBase: [ServiceGuarder]: 34Mb ram is used.
06-28 18:18:35.694 30304 30321 W HiApp.StoreAgent: pool-8-thread-1{1653} <<< WARN >>> doPostWithDnsParse() error, method:client.diffUpgrade2, url:https://stores1.hispace.hicloud.com/hwmarket/api/storeApi2, java.net.SocketTimeoutException: timeout
06-28 18:18:35.695 30304 30321 W HiApp.DNSUtil: pool-23-thread-1{1712} <<< WARN >>> getIpListByDNSBackup, DNSRequest, failReason = 3
06-28 18:18:35.700 30304 30321 E HiApp.StoreAgent: pool-8-thread-1{1653} <<< ERROR >>> invoke store error, exceptionType:SocketTimeoutException, url:https://stores1.hispace.hicloud.com/hwmarket/api/storeApi2, method:client.diffUpgrade2, retryTimes:2
06-28 18:18:35.720 30304 30321 W HiApp.StoreAgent: pool-8-thread-1{1653} <<< WARN >>> call store error! method:client.diffUpgrade2, responseCode:1, retryTimes:3
06-28 18:18:35.770   635   635 I chatty  : uid=1000(system) hwsched@1.0-ser expire 25 lines
06-28 18:18:35.927 32246 32712 W QueryController: Could not detect idle state.
06-28 18:18:35.931 32246 32712 W AccessibilityInteractionClient: old interaction Id is: -1,current interaction Id is:16
06-28 18:18:35.936 32246 32712 W AccessibilityInteractionClient: old interaction Id is: -1,current interaction Id is:17
06-28 18:18:35.959  3093 32725 W NetRec  : [5564] ahtr.a: Timeout after 2240 ms while waiting for score updates. Returning 1.
06-28 18:18:35.984  3093 32725 I NetRec  : [5564] ahtr.a: Still entries pending update, scheduling new rapid_refresh_scores_task refresh.
06-28 18:18:35.990  3093 32725 I NetRec  : [5564] ahtr.a: Completed rapid_refresh_scores_task score refresh task in 2308 ms, returning 1
06-28 18:18:35.997  1114  6299 V BroadcastQueue: Finished with ordered broadcast BroadcastRecord{962f6a u0 com.google.android.gms.gcm.ACTION_SCHEDULE}
06-28 18:18:36.045  3093 32368 D WorkSource: Insert in WorkSource{} @ 0 uid 10021 name com.google.android.gms
06-28 18:18:36.046  1114  9129 W HwAlarmManagerService: isContainsAppUidInWorksource-->happend NameNotFoundException
06-28 18:18:36.046  1114  9129 W HwAlarmManagerService: isContainsAppUidInWorksource-->happend NameNotFoundException
06-28 18:18:36.943 32246 32712 W QueryController: Could not detect idle state.
06-28 18:18:36.945 32246 32712 W AccessibilityInteractionClient: old interaction Id is: -1,current interaction Id is:18
06-28 18:18:36.950 32246 32712 W AccessibilityInteractionClient: old interaction Id is: -1,current interaction Id is:19
06-28 18:18:37.239  1724  1724 D StatusBarIconController: setIconVisibility icon is null or visibility not change visibility=false
06-28 18:18:37.240  1724  1724 D StatusBarIconController: setIconVisibility icon is null or visibility not change visibility=false
06-28 18:18:37.241  1724  1724 D StatusBarIconController: setIconVisibility icon is null or visibility not change visibility=false
06-28 18:18:37.958 32246 32712 W QueryController: Could not detect idle state.
06-28 18:18:37.960 32246 32712 W AccessibilityInteractionClient: old interaction Id is: -1,current interaction Id is:20
06-28 18:18:37.967 32246 32712 W AccessibilityInteractionClient: old interaction Id is: -1,current interaction Id is:21
06-28 18:18:38.120   646   646 E WifiHAL : enter wifi_get_link_stats
06-28 18:18:38.240  1724  1724 D StatusBarIconController: setIconVisibility icon is null or visibility not change visibility=false
06-28 18:18:38.242  1724  1724 D StatusBarIconController: setIconVisibility icon is null or visibility not change visibility=false
06-28 18:18:38.644 30304 30321 W HiApp.StoreAgent: pool-12-thread-2{1697} <<< WARN >>> doPostWithDnsParse() error, method:client.installResultRep, url:https://stores1.hispace.hicloud.com/hwmarket/api/encryptApi2, java.net.SocketTimeoutException: timeout
06-28 18:18:38.645 30304 30321 W HiApp.DNSUtil: pool-24-thread-1{1713} <<< WARN >>> getIpListByDNSBackup, DNSRequest, failReason = 3
06-28 18:18:38.650 30304 30321 E HiApp.StoreAgent: pool-12-thread-2{1697} <<< ERROR >>> invoke store error, exceptionType:SocketTimeoutException, url:https://stores1.hispace.hicloud.com/hwmarket/api/encryptApi2, method:client.installResultRep, retryTimes:3
06-28 18:18:38.652  1114  9129 I chatty  : uid=1000(system) Binder:1114_18 expire 13 lines
06-28 18:18:38.958   650   929 D         : report data to hwsched!
06-28 18:18:38.975 32246 32712 W QueryController: Could not detect idle state.
06-28 18:18:38.978 32246 32712 W AccessibilityInteractionClient: old interaction Id is: -1,current interaction Id is:22
06-28 18:18:38.983 32246 32712 W AccessibilityInteractionClient: old interaction Id is: -1,current interaction Id is:23
06-28 18:18:39.527  1114  1611 I chatty  : uid=1000(system) WiFiArpStateMac expire 12 lines
06-28 18:18:39.539  1114  1812 I chatty  : uid=1000(system) LocationThread expire 8 lines
06-28 18:18:39.539  1114  9129 I BackgroundPermManager: pkgName: com.mixgo.PropertySEO,pid: 32457 ,uidOf3RdApk: 10399 ,permType: 2 ,permCfg: 0
06-28 18:18:39.542  1849  1849 I chatty  : uid=1000(system) com.huawei.lbs expire 54 lines
06-28 18:18:39.547  1114  6779 I NetworkStats: openSessionForUsageStats, pid = 1849, pkg = com.huawei.lbs
06-28 18:18:39.547  1114  6779 I NetworkStats: openSessionInternal,pid = 1849
06-28 18:18:39.548  1114  6779 I NetworkStats: performPollLocked, pid = 1114
06-28 18:18:39.549  1114  6299 D HwLocationManagerService: uid is 10399 , isWifiConn is true , isMobileConn is false
06-28 18:18:39.549  1114  6299 I HwNetworkPolicy: onTransact, code = 203
06-28 18:18:39.549  1114  6299 I HwNetworkPolicyManager: getHwUidPolicy uid = 10399 policy = 0
06-28 18:18:39.549  1114  6299 D HwLocationManagerService: policy is 0 , wifiAccess is true, mobileAccess is true
06-28 18:18:39.549  1114  6299 D HwLocationManagerService: wifiAvaiable is true , mobileAvailable is false
06-28 18:18:39.551  1114  6299 I BackgroundPermManager: pkgName: com.mixgo.PropertySEO,pid: 32457 ,uidOf3RdApk: 10399 ,permType: 2 ,permCfg: 1
06-28 18:18:39.564  1114  1813 I chatty  : uid=1000(system) LocationManager expire 4 lines
06-28 18:18:39.575  1114  6779 W NetworkStatsFactory: mStatsXtProcUid: /proc/net/comm/stats does not exist!
06-28 18:18:39.575  1114  6779 D HwNetworkStatsService: hwRecordUidAndProcSnapshotLocked currentTime = 1561717119546
06-28 18:18:39.586  1114  6779 I NetworkStatsFactory: javaReadNetworkStatsUidAndProcDetail. cost time = 11
06-28 18:18:39.589  1114  1647 I chatty  : uid=1000(system) HuaweiWifiWatch expire 14 lines
06-28 18:18:39.590  1114  6779 D HwNetworkStatsService: hwMaybeUidAndProcPersistLocked currentTime = 1561717119546
06-28 18:18:39.598  2017  2247 E HSM_BG  : NatTrafficNotifyService:imsi is null, so return
06-28 18:18:39.602  1114  6299 I NetworkStats: openSessionForUsageStats, pid = 1849, pkg = com.huawei.lbs
06-28 18:18:39.602  1114  6299 I NetworkStats: openSessionInternal,pid = 1849
06-28 18:18:39.603  1114  6299 I NetworkStats: performPollLocked, pid = 1114
06-28 18:18:39.618  1114  6299 W NetworkStatsFactory: mStatsXtProcUid: /proc/net/comm/stats does not exist!
06-28 18:18:39.618  1114  6299 D HwNetworkStatsService: hwRecordUidAndProcSnapshotLocked currentTime = 1561717119601
06-28 18:18:39.629  1114  6299 I NetworkStatsFactory: javaReadNetworkStatsUidAndProcDetail. cost time = 11
06-28 18:18:39.635  1114  6299 D HwNetworkStatsService: hwMaybeUidAndProcPersistLocked currentTime = 1561717119601
06-28 18:18:39.643   589  2303 I ArHal   : (ar_data_get_state:1225):id[2]
06-28 18:18:39.643  2017  2247 E HSM_BG  : NatTrafficNotifyService:imsi is null, so return
06-28 18:18:39.649   589  2303 I ArHal   : (ar_data_get_state:1225):id[2]
06-28 18:18:39.653   589  2303 I ArHal   : (ar_data_get_state:1225):id[2]
06-28 18:18:39.659  1114  6779 D WifiService: startScan, pid:1849, uid:1000, appName:com.huawei.lbs
06-28 18:18:39.660  1920  7189 D ARMoudle.HwActivityRecognition: getCurrentActivityExtend
06-28 18:18:39.661   589  2303 I ArHal   : (ar_data_get_state:1225):id[2]
06-28 18:18:39.663  1920  7189 D ARMoudle.HwActivityRecognition: hwActivityEvent:[ ActivityChangedExtendEvent:
06-28 18:18:39.663  1920  7189 D ARMoudle.HwActivityRecognition:     Activity='android.activity_recognition.relative_still', EventType=1, TimestampNs=104713889309269, Confidence=0
06-28 18:18:39.663  1920  7189 D ARMoudle.HwActivityRecognition:     Activity='android.activity_recognition.still', EventType=1, TimestampNs=117942089442914, Confidence=100
06-28 18:18:39.663  1920  7189 D ARMoudle.HwActivityRecognition: ]
06-28 18:18:39.664  1114  6779 D HwWifiService: Get wifiScanStrategy from iAware, WifiScanStrategy = [mCycle=1800000, mTimeStamp=117942089]
06-28 18:18:39.994 32246 32712 W QueryController: Could not detect idle state.
06-28 18:18:39.996 32246 32712 W AccessibilityInteractionClient: old interaction Id is: -1,current interaction Id is:24
06-28 18:18:40.001 32246 32712 W AccessibilityInteractionClient: old interaction Id is: -1,current interaction Id is:25
06-28 18:18:40.224   731   731 W irqbalance: type=1400 audit(0.0:36223): avc: denied { dac_override } for capability=1 scontext=u:r:irqbalance:s0 tcontext=u:r:irqbalance:s0 tclass=capability permissive=0
06-28 18:18:40.227   731   731 I irqbalance: Centralize irq 80 to cpu 0
06-28 18:18:40.228   731   731 W irqbalance: type=1400 audit(0.0:36233): avc: denied { dac_override } for capability=1 scontext=u:r:irqbalance:s0 tcontext=u:r:irqbalance:s0 tclass=capability permissive=0
06-28 18:18:40.228   731   731 I irqbalance: Centralize irq 69 to cpu 0
06-28 18:18:40.229   731   731 I irqbalance: Centralize irq 16 to cpu 0
06-28 18:18:40.229   731   731 I irqbalance: Centralize irq 58 to cpu 0
06-28 18:18:40.229   731   731 I irqbalance: Centralize irq 67 to cpu 0
06-28 18:18:40.230   731   731 I irqbalance: Centralize irq 455 to cpu 0
06-28 18:18:40.230   731   731 I irqbalance: Centralize irq 56 to cpu 0
06-28 18:18:40.230   731   731 I irqbalance: Centralize irq 70 to cpu 0
06-28 18:18:40.231   731   731 I irqbalance: Centralize irq 79 to cpu 0
06-28 18:18:40.231   731   731 I irqbalance: Centralize irq 112 to cpu 0
06-28 18:18:40.231   731   731 I irqbalance: Centralize irq 128 to cpu 0
06-28 18:18:40.527 32457 32525 I chatty  : uid=10399(com.mixgo.PropertySEO) expire 777 lines
06-28 18:18:40.548  1900  2082 I chatty  : uid=1000(system) HwWifiCHRStateM expire 3 lines
06-28 18:18:41.009 32246 32712 W QueryController: Could not detect idle state.
06-28 18:18:41.011 32246 32712 W AccessibilityInteractionClient: old interaction Id is: -1,current interaction Id is:26
06-28 18:18:41.016 32246 32712 W AccessibilityInteractionClient: old interaction Id is: -1,current interaction Id is:27
06-28 18:18:41.140   646   646 E WifiHAL : enter wifi_get_link_stats
06-28 18:18:41.383   626  1582 I chatty  : uid=1041(audioserver) effect expire 11 lines
06-28 18:18:41.762   648  1284 I chatty  : uid=1041(audioserver) AudioOut_D expire 437 lines
06-28 18:18:41.800 30304 30321 W HiApp.StoreAgent: pool-8-thread-1{1653} <<< WARN >>> doPostWithDnsParse() error, method:client.diffUpgrade2, url:https://stores1.hispace.hicloud.com/hwmarket/api/storeApi2, java.net.SocketTimeoutException: timeout
06-28 18:18:41.804 30304 30321 W HiApp.DNSUtil: pool-25-thread-1{1717} <<< WARN >>> getIpListByDNSBackup, DNSRequest, failReason = 3
06-28 18:18:41.808 30304 30321 E HiApp.StoreAgent: pool-8-thread-1{1653} <<< ERROR >>> invoke store error, exceptionType:SocketTimeoutException, url:https://stores1.hispace.hicloud.com/hwmarket/api/storeApi2, method:client.diffUpgrade2, retryTimes:3
06-28 18:18:41.833 30304 30321 E HiApp.UpdateManager/UpdateCheckImpl: pool-8-thread-1{1653} <<< ERROR >>> get app update msg failed,responseCode is 1
06-28 18:18:42.026 32246 32712 W QueryController: Could not detect idle state.
06-28 18:18:42.030 32246 32712 W AccessibilityInteractionClient: old interaction Id is: -1,current interaction Id is:28
06-28 18:18:42.035 32246 32712 W AccessibilityInteractionClient: old interaction Id is: -1,current interaction Id is:29
06-28 18:18:42.805   776   776 E Thermal-daemon: [battery] temp_new :39  temp_old :38
06-28 18:18:42.806   776   776 E Thermal-daemon: Report temperature: [battery] temp :39  report_threshold:1
06-28 18:18:42.846  3093 32705 E WakeLock: GCM_HB_ALARM release without a matched acquire!
06-28 18:18:43.044 32246 32712 W QueryController: Could not detect idle state.
06-28 18:18:43.047 32246 32712 W AccessibilityInteractionClient: old interaction Id is: -1,current interaction Id is:30
06-28 18:18:43.056 32246 32712 W AccessibilityInteractionClient: old interaction Id is: -1,current interaction Id is:31
06-28 18:18:43.565  1900  2108 I chatty  : uid=1000(system) HwWifiStatStore expire 16 lines
06-28 18:18:44.063 32246 32712 W QueryController: Could not detect idle state.
06-28 18:18:44.066 32246 32712 W AccessibilityInteractionClient: old interaction Id is: -1,current interaction Id is:32
06-28 18:18:44.070 32246 32712 W AccessibilityInteractionClient: old interaction Id is: -1,current interaction Id is:33
06-28 18:18:44.179   646   646 E WifiHAL : enter wifi_get_link_stats
06-28 18:18:44.324  1114  1530 I chatty  : uid=1000(system) AlarmManager expire 7 lines
06-28 18:18:44.324  1114  1114 D JobScheduler.Time: Delay-expired alarm fired
06-28 18:18:44.324  1114  1114 I JobScheduler.Time: onControllerStateChanged
06-28 18:18:44.325  1114  1114 W HwAlarmManagerService: isContainsAppUidInWorksource-->happend NameNotFoundException
06-28 18:18:44.325  1114  1114 W HwAlarmManagerService: isContainsAppUidInWorksource-->happend NameNotFoundException
06-28 18:18:44.325  1114  1114 I HwAlarmManagerService: hwSetAlarm listenerTag: *job.delay*
06-28 18:18:44.326  1114  1114 I JobScheduler.Time: mNextDelayExpiredElapsedMillis: 121004694
06-28 18:18:44.326  1114  1114 D JobScheduler: Maybe queuing ready jobs...
06-28 18:18:44.345  3093  4349 D WorkSource: Insert in WorkSource{} @ 0 uid 10021 name com.google.android.gms
06-28 18:18:44.346  3093  4349 D WorkSource: Insert in WorkSource{} @ 0 uid 10021 name com.google.android.gms
06-28 18:18:44.361 31128 31128 I Finsky  : [1] com.google.android.finsky.scheduler.JobSchedulerEngine$PhoneskyJobSchedulerJobService.onStartJob(3): onJobSchedulerWakeup with jobId 9000
06-28 18:18:44.362  1114  6779 I JobScheduler.Time: onControllerStateChanged
06-28 18:18:44.363  1114  1114 D JobScheduler: queuing all ready jobs for execution:
06-28 18:18:44.363 31128 31128 I Finsky  : [1] nvu.a(21): Scheduling fallback job with id: 9034, and delay: 43200000 ms
06-28 18:18:44.366  1114  6779 I AlarmManager: remove alarm:Alarm{c3ac310 type 2 when 183084484 PendingIntent{1c144bf: PendingIntentRecord{ca83d5c com.android.vending broadcastIntent}}com.android.vending} according to operation:7464bd3
06-28 18:18:44.371 31128 31128 I Finsky  : [1] nvu.a(5): Scheduling fallback in 64799994 (absolute: 183123949)
06-28 18:18:44.381  3093  4349 D WorkSource: Insert in WorkSource{} @ 0 uid 10021 name com.google.android.gms
06-28 18:18:44.382  3093  4349 D WorkSource: Insert in WorkSource{} @ 0 uid 10021 name com.google.android.gms
06-28 18:18:44.400  3093  4349 D WorkSource: Insert in WorkSource{} @ 0 uid 10021 name com.google.android.gms
06-28 18:18:44.401  1114  9129 W HwAlarmManagerService: isContainsAppUidInWorksource-->happend NameNotFoundException
06-28 18:18:44.402  1114  9129 W HwAlarmManagerService: isContainsAppUidInWorksource-->happend NameNotFoundException
06-28 18:18:44.414  3093 32744 I NetRec  : [5567] ahtr.a: Refreshing scores for 52 networks.
06-28 18:18:44.433  3093 32745 I NetRec  : [5568] ahtr.a: Refreshing scores for 52 networks.
06-28 18:18:44.445 31128 31128 I Finsky  : [1] nwc.handleMessage(10): DeviceState: DeviceState{currentTime=1561717124441, isCharging=true, isIdle=false, netAny=true, netNotRoaming=true, netUnmetered=true}
06-28 18:18:44.451 31128 32746 I Finsky  : [713] nxi.b(7): Jobs in database: 1-1337 12-1 26-1414141414 
06-28 18:18:44.454 31128 31128 I Finsky  : [1] nvv.a(45): Running job: 12-1
06-28 18:18:44.459 31128 31128 I Finsky  : [1] com.google.android.finsky.contentsync.ContentSyncJob.a(23): ContentSyncJob started
06-28 18:18:44.460 31128 31128 I Finsky  : [1] nwc.handleMessage(81): RunningQueue size: 1, PendingQueue size: 0
06-28 18:18:44.460 31128 31128 I Finsky  : [1] nwc.handleMessage(90): Running queue: 12-1 
06-28 18:18:44.464 31128 31168 I Finsky  : [647] dbo.a(5): Completed 0 account content syncs with 0 successful.
06-28 18:18:44.474 31128 31128 I Finsky  : [1] com.google.android.finsky.contentsync.ContentSyncJob.a(21): Installation state replication succeeded.
06-28 18:18:44.474 31128 31128 I Finsky  : [1] nxb.a(11): jobFinished: 12-1. TimeElapsed: 19ms
06-28 18:18:44.477 31128 31128 I Finsky  : [1] nvv.a(10): Job 12-1 finished
06-28 18:18:44.478 31128 31128 I Finsky  : [1] nwc.handleMessage(81): RunningQueue size: 0, PendingQueue size: 0
06-28 18:18:44.478 31128 31128 I Finsky  : [1] nwc.handleMessage(27): Executor finished
06-28 18:18:44.488  1114  1114 D JobScheduler: queuing all ready jobs for execution:
06-28 18:18:44.489 31128 31128 I Finsky  : [1] nxi.b(7): Jobs in database: 1-1337 26-1414141414 
06-28 18:18:44.490 31128 31128 I Finsky  : [1] nva.a(66): ConstraintMapping: 1-1337,  -> L: 5513243ms, D: 48713243ms, C: false, I: false, N: NET_ANY
06-28 18:18:44.490 31128 31128 I Finsky  : [1] nva.a(66): ConstraintMapping: 26-1414141414,  -> L: 11335511ms, D: 12235511ms, C: false, I: false, N: NET_NONE
06-28 18:18:44.491 31128 31128 I Finsky  : [1] com.google.android.finsky.scheduler.JobSchedulerEngine.a(42): Cancelling existing job with id: 9003
06-28 18:18:44.492 31128 31128 I Finsky  : [1] com.google.android.finsky.scheduler.JobSchedulerEngine.a(4): Scheduling job Id: 9001, L: 5513243, D: 48713243, C: false, I: false, N: 1
06-28 18:18:44.494 31128 31128 I Finsky  : [1] com.google.android.finsky.scheduler.JobSchedulerEngine.a(4): Scheduling job Id: 9002, L: 11335511, D: 12235511, C: false, I: false, N: 0
06-28 18:18:44.673  1969  5108 W PhoneInterfaceManager: shouldBlockLocation running ...
06-28 18:18:44.674  1969  5108 I PhoneInterfaceManager: shouldBlockLocation  ret:false
06-28 18:18:44.854   789   789 I chatty  : uid=1000(system) sensors@1.0-ser expire 6 lines
06-28 18:18:45.081 32246 32712 W QueryController: Could not detect idle state.
06-28 18:18:45.088 32246 32712 W AccessibilityInteractionClient: old interaction Id is: -1,current interaction Id is:35
06-28 18:18:45.232   731   731 W irqbalance: type=1400 audit(0.0:36234): avc: denied { dac_override } for capability=1 scontext=u:r:irqbalance:s0 tcontext=u:r:irqbalance:s0 tclass=capability permissive=0
06-28 18:18:45.232   731   731 W irqbalance: type=1400 audit(0.0:36235): avc: denied { dac_override } for capability=1 scontext=u:r:irqbalance:s0 tcontext=u:r:irqbalance:s0 tclass=capability permissive=0
06-28 18:18:45.232   731   731 W irqbalance: type=1400 audit(0.0:36236): avc: denied { dac_override } for capability=1 scontext=u:r:irqbalance:s0 tcontext=u:r:irqbalance:s0 tclass=capability permissive=0
06-28 18:18:45.235   731   731 I irqbalance: Centralize irq 69 to cpu 0
06-28 18:18:45.236   731   731 I irqbalance: Centralize irq 17 to cpu 0
06-28 18:18:45.237   731   731 I irqbalance: Centralize irq 58 to cpu 0
06-28 18:18:45.779  1114  1114 D LocationManagerServiceUtil: ServiceStateChanged numeric = 46003
06-28 18:18:45.779  1114  1114 D LocationManagerServiceUtil: ServiceStateChanged use pkgName = com.huawei.lbs
06-28 18:18:45.781  1114  1619 I chatty  : uid=1000(system) HwArbitrationSt expire 12 lines
06-28 18:18:45.784  1114  1114 D HwMultiNlpPolicy: PhoneStateListener 0, mDataSub 0
06-28 18:18:45.784  1114  1114 D HwMultiNlpPolicy: setSimCardReady 1
06-28 18:18:45.784  1114  1114 D HwMultiNlpPolicy: setRegistedNetwork 46003
06-28 18:18:45.785  3189  3189 D HiBoard_a: onServiceStateChanged 
06-28 18:18:45.785  3189  3189 E HiBoard_a: onServiceStateChanged : service state is 1
06-28 18:18:45.792  1849  4959 I chatty  : uid=1000(system) higeo_device_st expire 1 line
06-28 18:18:45.795  1969  1969 D ServiceStateProvider: subId=0
06-28 18:18:45.795  1969  2634 W PhoneInterfaceManager: shouldBlockLocation running ...
06-28 18:18:45.795  1969  2634 I PhoneInterfaceManager: shouldBlockLocation  ret:false
06-28 18:18:45.797  1724  1724 D KeyguardUpdateMonitor: received broadcast android.intent.action.SERVICE_STATE
06-28 18:18:45.797  1724  1724 V KeyguardUpdateMonitor: action android.intent.action.SERVICE_STATE serviceState={mVoiceRegState=1(OUT_OF_SERVICE), mDataRegState=1(OUT_OF_SERVICE), mChannelNumber=-1, duplexMode()=0, mCellBandwidths=[], mVoiceRoamingType=home, mDataRoamingType=home, mVoiceOperatorAlphaLong=, mVoiceOperatorAlphaShort=, mDataOperatorAlphaLong=, mDataOperatorAlphaShort=, isManualNetworkSelection=false(automatic), mRilVoiceRadioTechnology=6(1xRTT), mRilDataRadioTechnology=6(1xRTT), mCssIndicator=unsupported, mNetworkId=1, mSystemId=13844, mCdmaRoamingIndicator=1, mCdmaDefaultRoamingIndicator=0, mIsEmergencyOnly=true, mIsDataRoamingFromRegistration=false, mIsUsingCarrierAggregation=false, mLteEarfcnRsrpBoost=0, mNetworkRegistrationStates=[]} subId=0
06-28 18:18:45.798  1724  1724 D KeyguardUpdateMonitor: handleServiceStateChange(subId=0, serviceState={mVoiceRegState=1(OUT_OF_SERVICE), mDataRegState=1(OUT_OF_SERVICE), mChannelNumber=-1, duplexMode()=0, mCellBandwidths=[], mVoiceRoamingType=home, mDataRoamingType=home, mVoiceOperatorAlphaLong=, mVoiceOperatorAlphaShort=, mDataOperatorAlphaLong=, mDataOperatorAlphaShort=, isManualNetworkSelection=false(automatic), mRilVoiceRadioTechnology=6(1xRTT), mRilDataRadioTechnology=6(1xRTT), mCssIndicator=unsupported, mNetworkId=1, mSystemId=13844, mCdmaRoamingIndicator=1, mCdmaDefaultRoamingIndicator=0, mIsEmergencyOnly=true, mIsDataRoamingFromRegistration=false, mIsUsingCarrierAggregation=false, mLteEarfcnRsrpBoost=0, mNetworkRegistrationStates=[]}
06-28 18:18:45.798  1724  1724 W AppHandler: sendMessage 117
06-28 18:18:45.798  1724  1724 W HwLockScreenPanel: Handle message: 117
06-28 18:18:45.800  1114  1222 W BroadcastQueue: Permission Denial: broadcasting Intent { act=android.intent.action.SERVICE_STATE flg=0x1000010 (has extras) } from android (pid=1969, uid=1001) requires com.huawei.cust.android.phone.permission.HW_LTEONLY due to registered receiver BroadcastFilter{fc42f42 u0 ReceiverList{ef1e18d 1969 com.android.phone/1001/u0 remote:d71224}}
06-28 18:18:45.801  1114  1217 D CountryDetector: isValidCountryIso: CN
06-28 18:18:45.802  2796  2796 V DownloadManager: Service state changed: Bundle[mParcelledData.dataSize=1316]
06-28 18:18:45.802  1869  1869 I chatty  : uid=1000(system) com.huawei.systemserver expire 6 lines
06-28 18:18:45.803  2796  2796 V DownloadManager: roaming ------> false
06-28 18:18:45.803  2796  2796 V DownloadManager: auto download without roaming -> true
06-28 18:18:45.803  2796  2796 V DownloadManager: auto download during roaming -> false
06-28 18:18:45.803  2796  2796 V DownloadManager: mAutoDownload ------> true
06-28 18:18:45.817  2796  2796 D Mms_TX_ServiceStateChangeReceiver: action: ACTION_SERVICE_STATE_CHANGED, serviceState = 1
06-28 18:18:45.818  1114  9129 V BroadcastQueue: Finished with ordered broadcast BroadcastRecord{cf99f72 u-1 android.intent.action.SERVICE_STATE}
06-28 18:18:45.838  1969  2813 W PhoneInterfaceManager: shouldBlockLocation running ...
06-28 18:18:45.838  1969  2813 I PhoneInterfaceManager: shouldBlockLocation  ret:false
06-28 18:18:45.839  1114  1660 I chatty  : uid=1000(system) WifiScanGenie_h expire 16 lines
06-28 18:18:45.840  1114  6160 D HwNetworkManagementService: code == CODE_SET_CHR_REPORT_APP_LIST
06-28 18:18:45.841  1969  1969 D Telephony-TelecomAccountRegistry: onServiceStateChanged0 newState : 1, mServiceState : 1
06-28 18:18:45.841  1114  6160 D NetdConnector: SND -> {2464 chr appuid set 20 7}
06-28 18:18:45.843   574   606 D CommandListener: chr: ChrCmd::runCommand argc=5
06-28 18:18:45.845  1969  2813 W PhoneInterfaceManager: shouldBlockLocation running ...
06-28 18:18:45.845  1969  2813 I PhoneInterfaceManager: shouldBlockLocation  ret:false
06-28 18:18:45.846  1114  1555 D NetdConnector: RCV <- {200 2464 set appuid succeeded}
06-28 18:18:45.847  1114  1555 D NetdConnector: RCV <- {200 2464 set appuid succeeded}
06-28 18:18:45.848  1114  6160 D HwNetworkManagementService: chr appuid set:200 2464 set appuid succeeded
06-28 18:18:45.851  1969  1969 I PhoneGlobals: onReceive,action = android.intent.action.SERVICE_STATE
06-28 18:18:45.851  1969  1969 V PhoneGlobals: handleServiceStateChanged
06-28 18:18:45.852  1969  1969 D PhoneGlobals: handleServiceStateChanged isCsInservice=false
06-28 18:18:45.854  1969  1969 D HwCustPhoneGlobalsImpl: Airplane is false checkCdmaSlaveCardMode roaming mode is false
06-28 18:18:45.854  1969  1969 D HwCustPhoneGlobalsImpl: isNeedToResetNetworkMode  isResetOrNot=4,subId=0
06-28 18:18:45.855  1969  1969 V PhoneGlobals: subId=0,mDefaultDataSubId=0,ss roaming=false
06-28 18:18:45.855  1969  1969 V PhoneGlobals: updateDataRoamingStatus
06-28 18:18:45.858  1969  1969 D HuaweiTelephonyConfigs: fddn EVENT_GET_AD_DONE FDN_PS_CHECK:false ,FDN_PRELOAD_CACHE:true
06-28 18:18:45.859  1969  1969 V PhoneGlobals: dataAllowed=false, reasons=Data disallowed, reasons: RECORD_NOT_LOADED NOT_ATTACHED
06-28 18:18:46.096 32246 32712 W QueryController: Could not detect idle state.
06-28 18:18:46.098 32246 32712 W AccessibilityInteractionClient: old interaction Id is: -1,current interaction Id is:36
06-28 18:18:46.102 32246 32712 W AccessibilityInteractionClient: old interaction Id is: -1,current interaction Id is:37
06-28 18:18:46.178   635   635 I chatty  : uid=1000(system) hwsched@1.0-ser expire 25 lines
06-28 18:18:46.652  3093 32745 W NetRec  : [5568] ahtr.a: Timeout after 2207 ms while waiting for score updates. Returning 1.
06-28 18:18:46.668  3093 32744 W NetRec  : [5567] ahtr.a: Timeout after 2240 ms while waiting for score updates. Returning 1.
06-28 18:18:46.679  3093 32745 I NetRec  : [5568] ahtr.a: Still entries pending update, scheduling new rapid_refresh_scores_task refresh.
06-28 18:18:46.679  3093 32744 I NetRec  : [5567] ahtr.a: Still entries pending update, scheduling new refresh_scores_task refresh.
06-28 18:18:46.689  3093 32744 I NetRec  : [5567] ahtr.a: Completed refresh_scores_task score refresh task in 2301 ms, returning 1
06-28 18:18:46.697  3093 32745 I NetRec  : [5568] ahtr.a: Completed rapid_refresh_scores_task score refresh task in 2291 ms, returning 1
06-28 18:18:46.701  1114  6779 V BroadcastQueue: Finished with ordered broadcast BroadcastRecord{909cfc3 u0 com.google.android.gms.gcm.ACTION_SCHEDULE}
06-28 18:18:46.707  1114  6160 V BroadcastQueue: Finished with ordered broadcast BroadcastRecord{a4d1040 u0 com.google.android.gms.gcm.ACTION_SCHEDULE}
06-28 18:18:46.715  3093 32368 D WorkSource: Insert in WorkSource{} @ 0 uid 10021 name com.google.android.gms
06-28 18:18:46.717  1114  6160 W HwAlarmManagerService: isContainsAppUidInWorksource-->happend NameNotFoundException
06-28 18:18:46.717  1114  6160 W HwAlarmManagerService: isContainsAppUidInWorksource-->happend NameNotFoundException
06-28 18:18:47.052  1114  1790 W Watchdog: hungtask: writing kick
06-28 18:18:47.053  1114  1240 I chatty  : uid=1000(system) android.fg expire 3 lines
06-28 18:18:47.111 32246 32712 W QueryController: Could not detect idle state.
06-28 18:18:47.113 32246 32712 W AccessibilityInteractionClient: old interaction Id is: -1,current interaction Id is:38
06-28 18:18:47.119 32246 32712 W AccessibilityInteractionClient: old interaction Id is: -1,current interaction Id is:39
06-28 18:18:47.208   646   646 E WifiHAL : enter wifi_get_link_stats
06-28 18:18:47.492  1166  1166 I aptouch_daemon: check_afe_status, afe[95 1 X1] [ctrl:X40020 ftr:X100] dif[21 -22] raw[32895 32515] [exp:X0 aN:0 lo:0]
06-28 18:18:47.597  1114  1561 I chatty  : uid=1000(system) WifiService expire 40 lines
06-28 18:18:47.663  1849  1890 I chatty  : uid=1000(system) HwPosionManager expire 1 line
06-28 18:18:47.663  1849  1890 D HwLBSService.HwNLPAccManager: getHwNLPAccFusionLocation, mSDKLocatinList.size: 0
06-28 18:18:47.663  1849  1890 D HwLBSService.HwNLPAccManager: clear mSDKLocationList
06-28 18:18:47.663  1849  1890 D ARMoudle.HwActivityRecognition: getCurrentActivityExtend
06-28 18:18:47.665   589  2303 I ArHal   : (ar_data_get_state:1225):id[2]
06-28 18:18:47.667  1849  1890 D ARMoudle.HwActivityRecognition: hwActivityEvent:[ ActivityChangedExtendEvent:
06-28 18:18:47.667  1849  1890 D ARMoudle.HwActivityRecognition:     Activity='android.activity_recognition.relative_still', EventType=1, TimestampNs=104713889309269, Confidence=0
06-28 18:18:47.667  1849  1890 D ARMoudle.HwActivityRecognition:     Activity='android.activity_recognition.still', EventType=1, TimestampNs=117942089442914, Confidence=100
06-28 18:18:47.667  1849  1890 D ARMoudle.HwActivityRecognition: ]
06-28 18:18:47.667  1849  1890 D HwLBSService.HwNLPSRManager: activity is 0, tempConfidence is 100
06-28 18:18:47.667  1849  1890 D HwLBSService.HwNLPSRManager: getCurrentActivityExtend ok, currentActivity: ******
06-28 18:18:47.667  1849  1890 D HwLBSService.HwNLPSRManager: arInterval: 385162 ms
06-28 18:18:47.667  1849  1890 D HwLBSService.HwNLPCachedManager: arTimeStamp: 117942089442914, arMotionState: 0, dataSource: data_from_AR, arRelativeTime: 385159 ms
06-28 18:18:47.667  1849  1890 D HwLBSService.HwNLPCachedManager: AR is valid, activity type is 0
06-28 18:18:47.667  1849  1890 D HwLBSService.HwNLPCachedManager: nlpRelativeTime: 555768 ms
06-28 18:18:47.667  1849  1890 D HwLBSService.HwNLPCachedManager: getCachedLocation no cached_loc
06-28 18:18:47.667  1849  1890 D HwLBSService.HwNLPLogServices:  updateLocStatus : 2
06-28 18:18:47.667  1849  1890 D HwLBSService.HwNLPPositionManager: reportCacheLocation failed
06-28 18:18:47.667  1849  1890 D HwLBSService.HwNLPLogServices:  SessionFinish mCollectCount: 25 , errortype : 0
06-28 18:18:47.668  1849  1890 D HwLBSService.NLPPreferences: getUserConfirmedPreference, USER_CONFIRMED: userSwitch 1 startupSwitch 1 spResult true result true
06-28 18:18:47.668  1849  1890 D HwLBSService.HwNLPLogServices: updateHwNLPErrorEvent.
06-28 18:18:47.669  1849  1890 I iMonitor: create: 910009050
06-28 18:18:47.669  1849  1890 I iMonitor: create: 910009056
06-28 18:18:47.669  1849  1890 I iMonitor: create: 910009048
06-28 18:18:47.669  1849  1890 I iMonitor: create: 910009006
06-28 18:18:47.669  1849  1890 I iMonitor: create: 910000008
06-28 18:18:47.669  1849  1890 I iMonitor: send: 910000008
06-28 18:18:47.681   796  1102 I         : DPTEST  EventId is not need Hash
06-28 18:18:48.126 32246 32712 W QueryController: Could not detect idle state.
06-28 18:18:48.128 32246 32712 W AccessibilityInteractionClient: old interaction Id is: -1,current interaction Id is:40
06-28 18:18:48.133 32246 32712 W AccessibilityInteractionClient: old interaction Id is: -1,current interaction Id is:41
06-28 18:18:48.970   650   929 I chatty  : uid=1000(system) Binder:650_1 expire 1 line
06-28 18:18:49.141 32246 32712 W QueryController: Could not detect idle state.
06-28 18:18:49.143 32246 32712 W AccessibilityInteractionClient: old interaction Id is: -1,current interaction Id is:42
06-28 18:18:49.152 32246 32712 W AccessibilityInteractionClient: old interaction Id is: -1,current interaction Id is:43
06-28 18:18:49.572  1114  6160 I chatty  : uid=1000(system) Binder:1114_14 expire 9 lines
06-28 18:18:49.573  1900  1919 I chatty  : uid=1000(system) Binder:1900_2 expire 5 lines
06-28 18:18:49.574  1114  6160 I BackgroundPermManager: pkgName: com.mixgo.PropertySEO,pid: 32457 ,uidOf3RdApk: 10399 ,permType: 2 ,permCfg: 0
06-28 18:18:49.582  1849 27479 D HwLBSService.HwNLPLocationProvider: bootTime: 118329 s, source: WorkSource{}
06-28 18:18:49.582  1849  1849 D HwLBSService.HwNLPPositionManager: setRequest  ProviderRequest[OFF] , WorkSource{}
06-28 18:18:49.582  1849  1849 D HwLBSService.NLPPreferences: getUserConfirmedPreference, USER_CONFIRMED: userSwitch 1 startupSwitch 1 spResult true result true
06-28 18:18:49.582  1849  1849 D HwLBSService.HwNLPLogServices: updataRequestInfo  requestTime : 1561717129582, mMinDis : 2147483647, interval : 9223372036854775807APKName : []
06-28 18:18:49.584  1849  1849 D HwLBSService.HwNLPLogServices: dataflowStatistics  uid:1000, pid :1849
06-28 18:18:49.587  1849  1849 I NetworkStatsManager: querySummary callingPid = 1849
06-28 18:18:49.588  1114  6299 I NetworkStats: openSessionForUsageStats, pid = 1849, pkg = com.huawei.lbs
06-28 18:18:49.588  1114  6299 I NetworkStats: openSessionInternal,pid = 1849
06-28 18:18:49.589  1114  6299 I NetworkStats: performPollLocked, pid = 1114
06-28 18:18:49.614  1114  6299 W NetworkStatsFactory: mStatsXtProcUid: /proc/net/comm/stats does not exist!
06-28 18:18:49.614  1114  6299 D HwNetworkStatsService: hwRecordUidAndProcSnapshotLocked currentTime = 1561717129587
06-28 18:18:49.624  1114  6299 I NetworkStatsFactory: javaReadNetworkStatsUidAndProcDetail. cost time = 9
06-28 18:18:49.628  1114  6299 D HwNetworkStatsService: hwMaybeUidAndProcPersistLocked currentTime = 1561717129587
06-28 18:18:49.636  1849  1849 D HwLBSService.HwNLPLogServices: dataflowStatistics uid:1000 rx:0 tx:0, summaryTotal : 0
06-28 18:18:49.636  1849  1849 D HwLBSService.HwNLPPositionManager: updateRequirements  mEnabled :false, mRequest :ProviderRequest[OFF]
06-28 18:18:49.636  1849  1849 D HwLBSService.HwNLPPositionManager: disableProvider   name: network
06-28 18:18:49.636  1849  1849 D HwLBSService.HwFusionManager: HwNLPFusionClear 
06-28 18:18:49.636  1849  1849 E HwLBSService.HwNLPDBManager: closedb 
06-28 18:18:49.636  1849  1849 D HwLBSService.HwNLPEngine: removeSDKLocation  
06-28 18:18:49.641  2017  2247 E HSM_BG  : NatTrafficNotifyService:imsi is null, so return
06-28 18:18:50.158 32246 32712 W QueryController: Could not detect idle state.
06-28 18:18:50.160 32246 32712 W AccessibilityInteractionClient: old interaction Id is: -1,current interaction Id is:44
06-28 18:18:50.166 32246 32712 W AccessibilityInteractionClient: old interaction Id is: -1,current interaction Id is:45
06-28 18:18:50.244   646   646 E WifiHAL : enter wifi_get_link_stats
06-28 18:18:50.555  1849 27479 D HwLBSService.HwNLPPositionManager: getNLPStatus mNLPErrorcode: 2
06-28 18:18:50.575  1114  1611 I chatty  : uid=1000(system) WiFiArpStateMac expire 10 lines
06-28 18:18:50.794  3083  5090 I HiBoard_IntelligentProvider: Provider.call: getIntelligentSwitch
06-28 18:18:50.794  3083  5090 I HiBoard_a: Provider.call isFirst: false
06-28 18:18:50.794  3083  5090 I HiBoard_IntelligentProvider: Provider.call: getPrefBoolean
06-28 18:18:50.794  3083  5090 I HiBoard_a: Provider.call get: true
06-28 18:18:50.804  3083  5090 I HiBoard_IntelligentProvider: Provider.call: getPrefBoolean
06-28 18:18:50.827  1920  2873 D TelephonyManager: getAllCellInfo calling app is com.huawei.msdp
06-28 18:18:50.830  1969  2813 W PhoneInterfaceManager: shouldBlockLocation running ...
06-28 18:18:50.830  1969  2813 I PhoneInterfaceManager: shouldBlockLocation  ret:false
06-28 18:18:51.172 32246 32712 W QueryController: Could not detect idle state.
06-28 18:18:51.174 32246 32712 W AccessibilityInteractionClient: old interaction Id is: -1,current interaction Id is:46
06-28 18:18:51.183 32246 32712 W AccessibilityInteractionClient: old interaction Id is: -1,current interaction Id is:47
06-28 18:18:51.266  1724  1724 D StatusBarIconController: setIconVisibility icon is null or visibility not change visibility=false
06-28 18:18:51.268  1724  1724 D StatusBarIconController: setIconVisibility icon is null or visibility not change visibility=false
06-28 18:18:51.270  1724  1724 D StatusBarIconController: setIconVisibility icon is null or visibility not change visibility=false
06-28 18:18:51.566  1969  2813 D PhoneInterfaceManager: [PhoneIntfMgr] isUserDataEnabled: subId=0 phoneId=0
06-28 18:18:51.566  1969  2813 D PhoneInterfaceManager: [PhoneIntfMgr] isUserDataEnabled: subId=0 retVal=true
06-28 18:18:51.569  1900  5205 I chatty  : uid=1000(system) Timer-0 expire 3 lines
06-28 18:18:51.582   796  1102 I         : DPTEST  EventId is not need Hash
06-28 18:18:52.190 32246 32712 W QueryController: Could not detect idle state.
06-28 18:18:52.193 32246 32712 W AccessibilityInteractionClient: old interaction Id is: -1,current interaction Id is:48
06-28 18:18:52.198 32246 32712 W AccessibilityInteractionClient: old interaction Id is: -1,current interaction Id is:49
06-28 18:18:52.233   648  1284 I chatty  : uid=1041(audioserver) AudioOut_D expire 654 lines
06-28 18:18:52.267  1724  1724 D StatusBarIconController: setIconVisibility icon is null or visibility not change visibility=false
06-28 18:18:52.269  1724  1724 D StatusBarIconController: setIconVisibility icon is null or visibility not change visibility=false
06-28 18:18:52.818   776   776 E Thermal-daemon: [ap] temp_new :41  temp_old :42
06-28 18:18:52.820   776   776 E Thermal-daemon: Report temperature: [ap] temp :41  report_threshold:1
06-28 18:18:53.208 32246 32712 W QueryController: Could not detect idle state.
06-28 18:18:53.212 32246 32712 W AccessibilityInteractionClient: old interaction Id is: -1,current interaction Id is:50
06-28 18:18:53.217 32246 32712 W AccessibilityInteractionClient: old interaction Id is: -1,current interaction Id is:51
06-28 18:18:53.287   646   646 E WifiHAL : enter wifi_get_link_stats
06-28 18:18:53.366 32457 32525 I chatty  : uid=10399(com.mixgo.PropertySEO) expire 623 lines
06-28 18:18:54.225 32246 32712 W QueryController: Could not detect idle state.
06-28 18:18:54.226 32246 32712 W AccessibilityInteractionClient: old interaction Id is: -1,current interaction Id is:52
06-28 18:18:54.231 32246 32712 W AccessibilityInteractionClient: old interaction Id is: -1,current interaction Id is:53
06-28 18:18:55.238 32246 32712 W QueryController: Could not detect idle state.
06-28 18:18:55.239 32246 32712 W AccessibilityInteractionClient: old interaction Id is: -1,current interaction Id is:54
06-28 18:18:55.248 32246 32712 W AccessibilityInteractionClient: old interaction Id is: -1,current interaction Id is:55
06-28 18:18:56.255 32246 32712 W QueryController: Could not detect idle state.
06-28 18:18:56.257 32246 32712 W AccessibilityInteractionClient: old interaction Id is: -1,current interaction Id is:56
06-28 18:18:56.263 32246 32712 W AccessibilityInteractionClient: old interaction Id is: -1,current interaction Id is:57
06-28 18:18:56.308   646   646 E WifiHAL : enter wifi_get_link_stats
06-28 18:18:56.587   635   635 I chatty  : uid=1000(system) hwsched@1.0-ser expire 49 lines
06-28 18:18:57.274 32246 32712 W QueryController: Could not detect idle state.
06-28 18:18:57.276 32246 32712 W AccessibilityInteractionClient: old interaction Id is: -1,current interaction Id is:58
06-28 18:18:57.282 32246 32712 W AccessibilityInteractionClient: old interaction Id is: -1,current interaction Id is:59
06-28 18:18:58.291 32246 32712 W QueryController: Could not detect idle state.
06-28 18:18:58.293 32246 32712 W AccessibilityInteractionClient: old interaction Id is: -1,current interaction Id is:60
06-28 18:18:58.300 32246 32712 W AccessibilityInteractionClient: old interaction Id is: -1,current interaction Id is:61
06-28 18:18:58.731   650   650 I chatty  : uid=1000(system) /system/bin/surfaceflinger expire 80 lines
06-28 18:18:58.742 32764 32766 D vndksupport: Loading /vendor/lib64/hw/android.hardware.graphics.mapper@2.0-impl.so from current namespace instead of sphal namespace.
06-28 18:18:58.743 32764 32766 D vndksupport: Loading /vendor/lib64/hw/gralloc.kirin970.so from current namespace instead of sphal namespace.
06-28 18:18:58.785   613  2641 I chatty  : uid=1000(system) HwBinder:613_3 expire 14 lines
06-28 18:18:58.901 32764 32767 W IPCThreadState: Calling IPCThreadState::self() during shutdown is dangerous, expect a crash.
06-28 18:18:58.957 32246 32712 D UIAutomatorStub: URI: /jsonrpc/0, Method: POST, params, {NanoHttpd.QUERY_STRING=null}, files: {postData={"jsonrpc": "2.0", "id": "d7c947471646eb9f9c17abe36a7bcbd9", "method": "waitForExists", "params": [{"mask": 1, "childOrSibling": [], "childOrSiblingSelector": [], "text": "ECOPROP"}, 20000]}}
06-28 18:18:58.966 32246 32712 W QueryController: Could not detect idle state.
06-28 18:18:58.968 32246 32712 W AccessibilityInteractionClient: old interaction Id is: -1,current interaction Id is:62
06-28 18:18:58.972 32246 32712 W AccessibilityInteractionClient: old interaction Id is: -1,current interaction Id is:63
06-28 18:18:58.978   650  1510 I chatty  : uid=1000(system) Binder:650_3 expire 3 lines
06-28 18:18:59.324   646   646 E WifiHAL : enter wifi_get_link_stats
06-28 18:18:59.341  1114  1562 I chatty  : uid=1000(system) WifiStateMachin expire 19 lines
06-28 18:18:59.978 32246 32712 W QueryController: Could not detect idle state.
06-28 18:18:59.980 32246 32712 W AccessibilityInteractionClient: old interaction Id is: -1,current interaction Id is:64
06-28 18:18:59.987 32246 32712 W AccessibilityInteractionClient: old interaction Id is: -1,current interaction Id is:65
06-28 18:19:00.005  1114  1114 V AlarmManager: Received TIME_TICK alarm; rescheduling
06-28 18:19:00.006  1114  1114 I HwAlarmManagerService: hwSetAlarm listenerTag: time_tick
