06-28 18:14:05.155  1114  1114 D SecurityProfileDB:                 "digest_algorithm": "SHA-256",
06-28 18:14:05.155  1114  1114 D SecurityProfileDB:                 "digest": "lUcykKsy6QxUGySDftJZyPcPXJR90W3wbtmKuHFjPGI=",
06-28 18:14:05.155  1114  1114 D SecurityProfileDB:                 "signature_scheme
06-28 18:14:05.188  1114  1114 D SecurityProfileUtils: getInstalledApkPath name success,packageName:com.mixgo.PropertySEO,userId:0,ApkPath:/data/app/com.mixgo.PropertySEO-N5MdOtQqktpd1xg-WxO0Zw==/base.apk
06-28 18:14:05.188  1114  1114 E SecurityProfileService: Not found Exception No APK Signature Scheme v2 block in APK Signing Block
06-28 18:14:05.188  1114  1114 I SecurityProfileService: update PackageSigned Info Action:put, packageName:com.mixgo.PropertySEO,hasValidPolicy:false
06-28 18:14:05.189  1114  1114 D SecurityProfileDB: writing: {
06-28 18:14:05.189  1114  1114 D SecurityProfileDB:     "overlay_labels": {},
06-28 18:14:05.189  1114  1114 D SecurityProfileDB:     "domains": {
06-28 18:14:05.189  1114  1114 D SecurityProfileDB:         "com.huawei.smarthome": {
06-28 18:14:05.189  1114  1114 D SecurityProfileDB:             "policy_version": 6,
06-28 18:14:05.189  1114  1114 D SecurityProfileDB:             "apk_digest": {
06-28 18:14:05.189  1114  1114 D SecurityProfileDB:                 "digest_algorithm": "SHA-256",
06-28 18:14:05.189  1114  1114 D SecurityProfileDB:                 "digest": "8kAADpcRny0My5sa9TarBImvXnGs4epGshhmrbOt2Js=",
06-28 18:14:05.189  1114  1114 D SecurityProfileDB:                 "signature_scheme": "v2"
06-28 18:14:05.189  1114  1114 D SecurityProfileDB:             },
06-28 18:14:05.189  1114  1114 D SecurityProfileDB:             "rules": [],
06-28 18:14:05.189  1114  1114 D SecurityProfileDB:             "labels": [
06-28 18:14:05.189  1114  1114 D SecurityProfileDB:                 "NORMAL"
06-28 18:14:05.189  1114  1114 D SecurityProfileDB:             ]
06-28 18:14:05.189  1114  1114 D SecurityProfileDB:         },
06-28 18:14:05.189  1114  1114 D SecurityProfileDB:         "com.ximalaya.ting.android": {
06-28 18:14:05.189  1114  1114 D SecurityProfileDB:             "policy_version": 2,
06-28 18:14:05.189  1114  1114 D SecurityProfileDB:             "apk_digest": {
06-28 18:14:05.189  1114  1114 D SecurityProfileDB:                 "digest_algorithm": "SHA-256",
06-28 18:14:05.189  1114  1114 D SecurityProfileDB:                 "digest": "ltEwA2NUWdvMg5xpCVbO2OYvn5VUqmcGgsUQtvGID08=",
06-28 18:14:05.189  1114  1114 D SecurityProfileDB:                 "signature_scheme": "v2"
06-28 18:14:05.189  1114  1114 D SecurityProfileDB:             },
06-28 18:14:05.189  1114  1114 D SecurityProfileDB:             "rules": [],
06-28 18:14:05.189  1114  1114 D SecurityProfileDB:             "labels": [
06-28 18:14:05.189  1114  1114 D SecurityProfileDB:                 "NORMAL"
06-28 18:14:05.189  1114  1114 D SecurityProfileDB:             ]
06-28 18:14:05.189  1114  1114 D SecurityProfileDB:         },
06-28 18:14:05.189  1114  1114 D SecurityProfileDB:         "com.vmall.client": {
06-28 18:14:05.189  1114  1114 D SecurityProfileDB:             "policy_version": 3,
06-28 18:14:05.189  1114  1114 D SecurityProfileDB:             "apk_digest": {
06-28 18:14:05.189  1114  1114 D SecurityProfileDB:                 "digest_algorithm": "SHA-256",
06-28 18:14:05.189  1114  1114 D SecurityProfileDB:                 "digest": "MjshbEeBIuhNyAmxiJ8bUyQbdfOiMe4LVrdpyfyBLck=",
06-28 18:14:05.189  1114  1114 D SecurityProfileDB:                 "signature_scheme": "v2"
06-28 18:14:05.189  1114  1114 D SecurityProfileDB:             },
06-28 18:14:05.189  1114  1114 D SecurityProfileDB:             "rules": [],
06-28 18:14:05.189  1114  1114 D SecurityProfileDB:             "labels": [
06-28 18:14:05.189  1114  1114 D SecurityProfileDB:                 "NORMAL"
06-28 18:14:05.189  1114  1114 D SecurityProfileDB:             ]
06-28 18:14:05.189  1114  1114 D SecurityProfileDB:         },
06-28 18:14:05.189  1114  1114 D SecurityProfileDB:         "com.sankuai.meituan": {
06-28 18:14:05.189  1114  1114 D SecurityProfileDB:             "policy_version": 3,
06-28 18:14:05.189  1114  1114 D SecurityProfileDB:             "apk_digest": {
06-28 18:14:05.189  1114  1114 D SecurityProfileDB:                 "digest_algorithm": "SHA-256",
06-28 18:14:05.189  1114  1114 D SecurityProfileDB:                 "digest": "DKU1i0LxsGMELL1XP+nvBf2tmfscYNMyOD1Wcn81I\/g=",
06-28 18:14:05.189  1114  1114 D SecurityProfileDB:                 "signature_scheme": "v2"
06-28 18:14:05.189  1114  1114 D SecurityProfileDB:             },
06-28 18:14:05.189  1114  1114 D SecurityProfileDB:             "rules": [],
06-28 18:14:05.189  1114  1114 D SecurityProfileDB:             "labels": [
06-28 18:14:05.189  1114  1114 D SecurityProfileDB:                 "NORMAL"
06-28 18:14:05.189  1114  1114 D SecurityProfileDB:             ]
06-28 18:14:05.189  1114  1114 D SecurityProfileDB:         },
06-28 18:14:05.189  1114  1114 D SecurityProfileDB:         "com.sina.weibo": {
06-28 18:14:05.189  1114  1114 D SecurityProfileDB:             "policy_version": 2,
06-28 18:14:05.189  1114  1114 D SecurityProfileDB:             "apk_digest": {
06-28 18:14:05.189  1114  1114 D SecurityProfileDB:                 "digest_algorithm": "SHA-256",
06-28 18:14:05.189  1114  1114 D SecurityProfileDB:                 "digest": "l944bQfPHpM2fV55AYaYSJEECMdSHqTgLq9mpTzbsdM=",
06-28 18:14:05.189  1114  1114 D SecurityProfileDB:                 "signature_scheme": "v1_manifest"
06-28 18:14:05.189  1114  1114 D SecurityProfileDB:             },
06-28 18:14:05.189  1114  1114 D SecurityProfileDB:             "rules": [],
06-28 18:14:05.189  1114  1114 D SecurityProfileDB:             "labels": [
06-28 18:14:05.189  1114  1114 D SecurityProfileDB:                 "NORMAL"
06-28 18:14:05.189  1114  1114 D SecurityProfileDB:             ]
06-28 18:14:05.189  1114  1114 D SecurityProfileDB:         },
06-28 18:14:05.189  1114  1114 D SecurityProfileDB:         "com.jingdong.app.mall": {
06-28 18:14:05.189  1114  1114 D SecurityProfileDB:             "policy_version": 5,
06-28 18:14:05.189  1114  1114 D SecurityProfileDB:             "apk_digest": {
06-28 18:14:05.189  1114  1114 D SecurityProfileDB:                 "digest_algorithm": "SHA-256",
06-28 18:14:05.189  1114  1114 D SecurityProfileDB:                 "digest": "99vPRWT72SI4wpJtYTyp73R7n8DsnfCYKdJeFo\/XwQ4=",
06-28 18:14:05.189  1114  1114 D SecurityProfileDB:                 "signature_scheme": "v2"
06-28 18:14:05.189  1114  1114 D SecurityProfileDB:             },
06-28 18:14:05.189  1114  1114 D SecurityProfileDB:             "rules": [],
06-28 18:14:05.189  1114  1114 D SecurityProfileDB:             "labels": [
06-28 18:14:05.189  1114  1114 D SecurityProfileDB:                 "NORMAL"
06-28 18:14:05.189  1114  1114 D SecurityProfileDB:             ]
06-28 18:14:05.189  1114  1114 D SecurityProfileDB:         },
06-28 18:14:05.189  1114  1114 D SecurityProfileDB:         "com.huawei.skytone": {
06-28 18:14:05.189  1114  1114 D SecurityProfileDB:             "policy_version": 5,
06-28 18:14:05.189  1114  1114 D SecurityProfileDB:             "apk_digest": {
06-28 18:14:05.189  1114  1114 D SecurityProfileDB:                 "digest_algorithm": "SHA-256",
06-28 18:14:05.189  1114  1114 D SecurityProfileDB:                 "digest": "bQkvtDA621g+R22lmNBqKIBF1uTK9VrNkTR2wBkOVlo=",
06-28 18:14:05.189  1114  1114 D SecurityProfileDB:                 "signature_scheme": "v1_manifest"
06-28 18:14:05.189  1114  1114 D SecurityProfileDB:             },
06-28 18:14:05.189  1114  1114 D SecurityProfileDB:             "rules": [],
06-28 18:14:05.189  1114  1114 D SecurityProfileDB:             "labels": [
06-28 18:14:05.189  1114  1114 D SecurityProfileDB:                 "NORMAL"
06-28 18:14:05.189  1114  1114 D SecurityProfileDB:             ]
06-28 18:14:05.189  1114  1114 D SecurityProfileDB:         },
06-28 18:14:05.189  1114  1114 D SecurityProfileDB:         "com.netease.cloudmusic": {
06-28 18:14:05.189  1114  1114 D SecurityProfileDB:             "policy_version": 2,
06-28 18:14:05.189  1114  1114 D SecurityProfileDB:             "apk_digest": {
06-28 18:14:05.189  1114  1114 D SecurityProfileDB:                 "digest_algorithm": "SHA-256",
06-28 18:14:05.189  1114  1114 D SecurityProfileDB:                 "digest": "AyxPO+T8EMGK\/g8wVSPiiO2znTSj\/u2HjrUHL94IaQI=",
06-28 18:14:05.189  1114  1114 D SecurityProfileDB:                 "signature_scheme": "v2"
06-28 18:14:05.189  1114  1114 D SecurityProfileDB:             },
06-28 18:14:05.189  1114  1114 D SecurityProfileDB:             "rules": [],
06-28 18:14:05.189  1114  1114 D SecurityProfileDB:             "labels": [
06-28 18:14:05.189  1114  1114 D SecurityProfileDB:                 "NORMAL"
06-28 18:14:05.189  1114  1114 D SecurityProfileDB:             ]
06-28 18:14:05.189  1114  1114 D SecurityProfileDB:         },
06-28 18:14:05.189  1114  1114 D SecurityProfileDB:         "com.taobao.taobao": {
06-28 18:14:05.189  1114  1114 D SecurityProfileDB:             "policy_version": 3,
06-28 18:14:05.189  1114  1114 D SecurityProfileDB:             "apk_digest": {
06-28 18:14:05.189  1114  1114 D SecurityProfileDB:                 "digest_algorithm": "SHA-256",
06-28 18:14:05.189  1114  1114 D SecurityProfileDB:                 "digest": "Yc7yPxAixudfqvGFqS0oj7SvZRpuvuvMlU44navCvW8=",
06-28 18:14:05.189  1114  1114 D SecurityProfileDB:                 "signature_scheme": "v2"
06-28 18:14:05.189  1114  1114 D SecurityProfileDB:             },
06-28 18:14:05.189  1114  1114 D SecurityProfileDB:             "rules": [],
06-28 18:14:05.189  1114  1114 D SecurityProfileDB:             "labels": [
06-28 18:14:05.189  1114  1114 D SecurityProfileDB:                 "NORMAL"
06-28 18:14:05.189  1114  1114 D SecurityProfileDB:             ]
06-28 18:14:05.189  1114  1114 D SecurityProfileDB:         },
06-28 18:14:05.189  1114  1114 D SecurityProfileDB:         "com.microsoft.translator": {
06-28 18:14:05.189  1114  1114 D SecurityProfileDB:             "policy_version": 3,
06-28 18:14:05.189  1114  1114 D SecurityProfileDB:             "apk_digest": {
06-28 18:14:05.189  1114  1114 D SecurityProfileDB:                 "digest_algorithm": "SHA-256",
06-28 18:14:05.189  1114  1114 D SecurityProfileDB:                 "digest": "h7kdJ8VdY8vQT9aOfNo\/9PNwLECu4pmbofPgVoqUMM0=",
06-28 18:14:05.189  1114  1114 D SecurityProfileDB:                 "signature_scheme": "v1_manifest"
06-28 18:14:05.189  1114  1114 D SecurityProfileDB:             },
06-28 18:14:05.189  1114  1114 D SecurityProfileDB:             "rules": [],
06-28 18:14:05.189  1114  1114 D SecurityProfileDB:             "labels": [
06-28 18:14:05.189  1114  1114 D SecurityProfileDB:                 "NORMAL"
06-28 18:14:05.189  1114  1114 D SecurityProfileDB:             ]
06-28 18:14:05.189  1114  1114 D SecurityProfileDB:         },
06-28 18:14:05.189  1114  1114 D SecurityProfileDB:         "com.ss.android.article.news": {
06-28 18:14:05.189  1114  1114 D SecurityProfileDB:             "policy_version": 5,
06-28 18:14:05.189  1114  1114 D SecurityProfileDB:             "apk_digest": {
06-28 18:14:05.189  1114  1114 D SecurityProfileDB:                 "digest_algorithm": "SHA-256",
06-28 18:14:05.189  1114  1114 D SecurityProfileDB:                 "digest": "lUcykKsy6QxUGySDftJZyPcPXJR90W3wbtmKuHFjPGI=",
06-28 18:14:05.189  1114  1114 D SecurityProfileDB:                 "signature_scheme
06-28 18:14:05.205 31253 31437 W ContextImpl: Calling a method in the system process without a qualified user: android.app.ContextImpl.startService:1796 android.content.ContextWrapper.startService:664 com.huawei.systemmanager.spacecleanner.receiver.SpaceCleanReceiver.checkRarelyUsedApp:100 com.huawei.systemmanager.spacecleanner.receiver.SpaceCleanReceiver.doInBackground:46 java.lang.reflect.Method.invoke:-2 
06-28 18:14:05.208  1114  9129 W BroadcastQueue: Background execution not allowed: receiving Intent { act=android.intent.action.PACKAGE_ADDED dat=package:com.mixgo.PropertySEO flg=0x4000010 (has extras) } to com.ss.android.article.video/com.huawei.android.pushagent.PushEventReceiver
06-28 18:14:05.210  1114  1222 W BroadcastQueue: Background execution not allowed: receiving Intent { act=android.intent.action.PACKAGE_ADDED dat=package:com.mixgo.PropertySEO flg=0x4000010 (has extras) } to com.ss.android.article.video/com.ss.android.message.MessageReceiver
06-28 18:14:05.210  1114  1222 W BroadcastQueue: Background execution not allowed: receiving Intent { act=android.intent.action.PACKAGE_ADDED dat=package:com.mixgo.PropertySEO flg=0x4000010 (has extras) } to com.ss.android.article.video/com.ss.android.downloadlib.core.download.DownloadReceiver
06-28 18:14:05.211  1114  1222 W BroadcastQueue: Background execution not allowed: receiving Intent { act=android.intent.action.PACKAGE_ADDED dat=package:com.mixgo.PropertySEO flg=0x4000010 (has extras) } to com.ss.android.article.video/com.ss.android.socialbase.appdownloader.DownloadReceiver
06-28 18:14:05.211  1114  1222 V BroadcastQueue: Finished with ordered broadcast BroadcastRecord{521ae21 u0 android.intent.action.PACKAGE_ADDED}
06-28 18:14:05.264 31253 31436 W ContextImpl: Calling a method in the system process without a qualified user: android.app.ContextImpl.startService:1796 android.content.ContextWrapper.startService:664 com.huawei.systemmanager.rainbow.client.background.broadcast.SecurityBroadcastReceiver.doInBackground:201 java.lang.reflect.Method.invoke:-2 com.huawei.library.component.HsmIntentService$Work.reflectTargetReceiver:228 
06-28 18:14:05.282  1114  1114 D NetdConnector: SND -> {2419 network permission user set NETWORK 10398}
06-28 18:14:05.283  1114  1555 D NetdConnector: RCV <- {200 2419 success}
06-28 18:14:05.283  1114  1555 D NetdConnector: RCV <- {200 2419 success}
06-28 18:14:05.291  1114  1114 I Telecom-DefaultDialerCache: Refreshing default dialer for user 0: now com.android.contacts
06-28 18:14:05.303  1114  1114 V BackupManagerConstants: getFullBackupIntervalMilliseconds(...) returns 86400000
06-28 18:14:05.307  1114 31450 V HwNotificationManagerService: HwCfgLoadingRunnable: Starts 
06-28 18:14:05.325  1114 31450 D RankingHelper: RankingHelper: setSysMgrCfgMap: get default channel cfg size:114
06-28 18:14:05.325  1114 31450 V HwNotificationManagerService: HwCfgLoadingRunnable: get cfg size:181
06-28 18:14:05.326  1114 31450 V HwNotificationManagerService: HwCfgLoadingRunnable: Ends. 
06-28 18:14:05.327  1114  1114 W Looper  : Drained
06-28 18:14:05.329  1114  1684 D HwSecurityService: find this Resident Plugin
06-28 18:14:05.330 31253 31447 W ContextImpl: Calling a method in the system process without a qualified user: android.app.ContextImpl.bindService:1876 android.content.ContextWrapper.bindService:698 com.qihoo.qvssdk.AntivirusEngineImpl.install:74 com.qihoo.qvssdk.AntivirusProviderImpl.install:43 com.huawei.systemmanager.antivirus.newengine.AntivirusScanHelper$ScanTask.call:55 
06-28 18:14:05.331  1114  2200 D HwAddViewManager: handleMessage msg=0
06-28 18:14:05.331  1114  2200 D HwAddViewManager: comvert array over
06-28 18:14:05.331  1114  2200 I HwAddViewManager: update data ok, user=0
06-28 18:14:05.346  1114  1217 W ContextImpl: Calling a method in the system process without a qualified user: android.app.ContextImpl.startService:1796 com.android.server.security.trustspace.TrustSpaceManagerService.handlePackageAppeared:251 com.android.server.security.trustspace.TrustSpaceManagerService.access$700:57 com.android.server.security.trustspace.TrustSpaceManagerService$MyPackageMonitor.onPackageAdded:165 com.android.internal.content.PackageMonitor.onReceive:342 
06-28 18:14:05.350  1114  1217 I UKeyManagerService: app is added. The packageName is : com.mixgo.PropertySEOuid = 10398
06-28 18:14:05.350  1114  1217 D UKeyManagerService: calling in false android.uid.system:1000
06-28 18:14:05.350  1114  1217 I UKeyManagerService: The app is not ukey application, packageName : com.mixgo.PropertySEO
06-28 18:14:05.540  1114  1684 I ActivityManager: Force stopping com.mixgo.PropertySEO appid=10398 user=0: from pid 31465by app
06-28 18:14:05.548  1114  1114 V AlarmManager: UninstallReceiver onReceive action:android.intent.action.PACKAGE_RESTARTED
06-28 18:14:05.548  1114  1114 I AlarmManager: remove com.android.server.-$$Lambda$AlarmManagerService$qehVSjTLWvtJYPGgKh2mkJ6ePnk@bd3d64a according to uid:10398
06-28 18:14:05.548  1114  1114 V NotificationListeners: enabling notification listener for 0: ComponentInfo{com.baidu.searchbox/com.baidu.searchbox.lockscreen.notification.NotificationMonitorService}
06-28 18:14:05.550  1869  1869 I HwCoreAppHelperService: LocalReceiver receives:android.intent.action.PACKAGE_RESTARTED,pkg:com.mixgo.PropertySEO,uid:10398
06-28 18:14:05.559  1114  1114 V NotificationListeners: binding: Intent { act=android.service.notification.NotificationListenerService cmp=com.baidu.searchbox/.lockscreen.notification.NotificationMonitorService (has extras) }
06-28 18:14:05.560  1114  1114 W NotificationListeners: Unable to bind notification listener service: Intent { act=android.service.notification.NotificationListenerService cmp=com.baidu.searchbox/.lockscreen.notification.NotificationMonitorService (has extras) }
06-28 18:14:05.560  1114  1114 W NotificationListeners: Not binding notification listener service ComponentInfo{android/com.android.server.emcom.grabservice.NotificationListener}: service not found
06-28 18:14:05.560  1114  1114 W NotificationAssistants: rebindServices() ignore for NotificationAssistantService
06-28 18:14:05.798  1114  1684 I ActivityManager: START u0 {flg=0x10000000 cmp=com.mixgo.PropertySEO/cn.jiguang.unity.push.UnityPluginActivity} from uid 2000
06-28 18:14:05.800  1114  1684 I ActivityManager: ActivityRecord info: ActivityInfo{b7b7ed8 cn.jiguang.unity.push.UnityPluginActivity}
06-28 18:14:05.823  1114  1684 V WindowManager: addAppToken: AppWindowToken{695b084 token=Token{5f37697 ActivityRecord{8810d16 u0 com.mixgo.PropertySEO/cn.jiguang.unity.push.UnityPluginActivity t205}}} controller={TaskWindowContainerController taskId=205} at 2147483647
06-28 18:14:05.825  1114  1219 W HwActivityManagerServiceEx: HwActivityNotifier end call android.app.IHwActivityNotifier$Stub$Proxy@88cf16b for activityLifeState under user 0 cost 0
06-28 18:14:05.832  1114  6153 V ActivityManager: startProcess: name=com.mixgo.PropertySEO app=null knownToBeDead=true thread=null pid=-1
06-28 18:14:05.833  1114  6153 V ActivityManager: startProcess: name=com.mixgo.PropertySEO app=ProcessRecord{7346025 0:com.mixgo.PropertySEO/u0a398} knownToBeDead=true thread=null pid=0
06-28 18:14:05.836  1114  1219 W HwActivityManagerServiceEx: HwActivityNotifier end call android.app.IHwActivityNotifier$Stub$Proxy@88cf16b for activityLifeState under user 0 cost 0
06-28 18:14:05.840  1114  1456 V WindowManager: addWindow: Window{5f441aa u0 Splash Screen com.mixgo.PropertySEO}
06-28 18:14:05.844  1114 31478 D PackageManager: resolve intent for uid:1000, matchs:3, res:ResolveInfo{cf16d11 com.huawei.android.launcher/.unihome.UniHomeLauncher m=0x108000}
06-28 18:14:05.853  1114  1225 I ActivityManager: Start proc 31479:com.mixgo.PropertySEO/u0a398 for activity com.mixgo.PropertySEO/cn.jiguang.unity.push.UnityPluginActivity
06-28 18:14:05.854  1114  1837 E ProcessInfoCollector: getProcessInfo: failed to find this proc 
06-28 18:14:05.866 31479 31479 D ActivityThread: Attach thread to application
06-28 18:14:05.868  1114  9129 D HwPhoneWindowManager: sensorRotation = -1 lastRotation:0
06-28 18:14:05.873  1114  9129 W HwActivityManagerServiceEx: appSwitch from: com.huawei.android.launcher to: com.mixgo.PropertySEO
06-28 18:14:05.873  1114  1219 W HwActivityManagerServiceEx: HwActivityNotifier end call android.app.IHwActivityNotifier$Stub$Proxy@b3922e9 for appSwitch under user 0 cost 0
06-28 18:14:05.873  1114  1219 W HwActivityManagerServiceEx: HwActivityNotifier end call android.app.IHwActivityNotifier$Stub$Proxy@92d0b6e for appSwitch under user 0 cost 0
06-28 18:14:05.873  1114  9129 W ActivityManager: Request to remove task ignored for non-existent task 159
06-28 18:14:05.874  1114  9129 W ActivityManager: Request to remove task ignored for non-existent task 162
06-28 18:14:05.878  1114  1456 V WindowManager: Checking 1 opening apps (frozen=false timeout=false), Track: updateconfig performsurface
06-28 18:14:05.878  1114  1456 V WindowManager: Check opening app=AppWindowToken{695b084 token=Token{5f37697 ActivityRecord{8810d16 u0 com.mixgo.PropertySEO/cn.jiguang.unity.push.UnityPluginActivity t205}}}: allDrawn=false startingDisplayed=true startingMoved=false isRelaunching()=false startingWindow=Window{5f441aa u0 Splash Screen com.mixgo.PropertySEO}
06-28 18:14:05.878  1114  1456 I WindowManager: closing apps count = 1
06-28 18:14:05.882  1114  2564 D HwLocationManagerService: on transact ADD_LOCATION_MODE  uid is 10398 , expectedmode is 3 , packagename is com.mixgo.PropertySEO
06-28 18:14:05.882  1114  2564 D HwLocationManagerService: uid is 10398 , isWifiConn is true , isMobileConn is false
06-28 18:14:05.883  1114  2564 I HwNetworkPolicy: onTransact, code = 203
06-28 18:14:05.883  1114  2564 I HwNetworkPolicyManager: getHwUidPolicy uid = 10398 policy = 0
06-28 18:14:05.883  1114  2564 D HwLocationManagerService: policy is 0 , wifiAccess is true, mobileAccess is true
06-28 18:14:05.883  1114  2564 D HwLocationManagerService: wifiAvaiable is true , mobileAvailable is false
06-28 18:14:05.883  1114  2564 D HwLocationManagerService: addSupervisoryControlProc, mExpectedMode is network,packagename=com.mixgo.PropertySEO, mSupervisoryPkgList is {com.mixgo.PropertySEO=network}
06-28 18:14:05.883  1114  2564 D HwLocationManagerService:  package has no request send yet
06-28 18:14:05.885  1869  2315 I BoosterSwitchP: notifyUidState do nothing
06-28 18:14:05.885  1869  2315 I DeepNoDisturbP: notifyUidState
06-28 18:14:05.885  1869  2315 I HidataAppQoeP: notifyUidState
06-28 18:14:05.885  1869  2315 I BrowserChrP: notifyUidState
06-28 18:14:05.888  1114 13262 I HwNetworkPolicy: onTransact, code = 203
06-28 18:14:05.889  1114 12415 I HwApsManagerConfig: APSLog -> getFps:[from:unkown source,pkgName:com.mixgo.PropertySEO,fps:-1]
06-28 18:14:05.892  1114  5851 I HwAudioService: now type = 255,reportForegroundAppType = 9,pkg = null,systemload = 255mVoipOptimizeInGameModetrue
06-28 18:14:05.894  2017  2506 I HwNetworkPolicyManager: getHwUidPolicy uid = 10398 policy = 0
06-28 18:14:05.894  1114  5851 D HwAudioService: support voip optinization during game mode.
06-28 18:14:05.895  1114  1217 D NetdConnector: SND -> {2420 firewall set_uid_rule standby 10398 allow}
06-28 18:14:05.898  1114  1555 D NetdConnector: RCV <- {200 2420 Firewall command succeeded}
06-28 18:14:05.898  1114  1555 D NetdConnector: RCV <- {200 2420 Firewall command succeeded}
06-28 18:14:05.900  1114  1114 D JobScheduler: Maybe queuing ready jobs...
06-28 18:14:05.926 31479 31479 V ActivityThread: Skipping new config:{1.0 ?mcc?mnc [zh_CN_#Hans,en_US] ldltr sw360dp w360dp h719dp 480dpi nrml long hdr port finger -keyb/v/h -nav/h winConfig={ mBounds=Rect(0, 0 - 0, 0) mAppBounds=Rect(0, 85 - 1080, 2244) mWindowingMode=fullscreen mActivityType=undefined} nonFullScreen=0 suim:1 s.9}, config:{1.0 ?mcc?mnc [zh_CN_#Hans,en_US] ldltr sw360dp w360dp h719dp 480dpi nrml long hdr port finger -keyb/v/h -nav/h winConfig={ mBounds=Rect(0, 0 - 0, 0) mAppBounds=Rect(0, 85 - 1080, 2244) mWindowingMode=fullscreen mActivityType=undefined} nonFullScreen=0 suim:1 s.9} for app:com.mixgo.PropertySEO
06-28 18:14:05.935 31479 31479 V ActivityThread: callActivityOnCreate
06-28 18:14:05.969  1114 10297 I ActivityManager: START u0 {act=android.content.pm.action.REQUEST_PERMISSIONS pkg=com.android.packageinstaller cmp=com.android.packageinstaller/.permission.ui.GrantPermissionsActivity (has extras)} from uid 10398
06-28 18:14:05.969  1114 10297 I ActivityManager: ActivityRecord info: ActivityInfo{6fd7ab9 com.android.packageinstaller.permission.ui.GrantPermissionsActivity}
06-28 18:14:05.971  1114 10297 V WindowManager: addAppToken: AppWindowToken{ab0c8ac token=Token{8b8b65f ActivityRecord{967cefe u0 com.android.packageinstaller/.permission.ui.GrantPermissionsActivity t205}}} controller={TaskWindowContainerController taskId=205} at 2147483647
06-28 18:14:05.976 31479 31479 D ActivityThread: add activity client record, r= ActivityRecord{cce73a6 token=android.os.BinderProxy@a2f1682 {com.mixgo.PropertySEO/cn.jiguang.unity.push.UnityPluginActivity}} token= android.os.BinderProxy@a2f1682
06-28 18:14:05.987  1114  9129 V WindowManager: addWindow: Window{bb7c398 u0 com.mixgo.PropertySEO/cn.jiguang.unity.push.UnityPluginActivity}
06-28 18:14:05.988  1114  5851 D HwGameAssistantController: pid=31479, uid=10398, component=ComponentInfo{com.mixgo.PropertySEO/cn.jiguang.unity.push.UnityPluginActivity}
06-28 18:14:05.988  1114  1243 D HwGameAssistantController: UPDATE: mCurFgPkg=com.mixgo.PropertySEO, mCurFgPid=31479, mCurIsGame=false
06-28 18:14:05.989  1114  1219 W HwActivityManagerServiceEx: HwActivityNotifier end call android.app.IHwActivityNotifier$Stub$Proxy@88cf16b for activityLifeState under user 0 cost 0
06-28 18:14:05.989  1114 10297 V ActivityManager: startProcess: name=com.android.packageinstaller app=null knownToBeDead=true thread=null pid=-1
06-28 18:14:05.990  1114 10297 V ActivityManager: startProcess: name=com.android.packageinstaller app=ProcessRecord{a66c7f1 0:com.android.packageinstaller/u0a42} knownToBeDead=true thread=null pid=0
06-28 18:14:05.993  1114  1219 W HwActivityManagerServiceEx: HwActivityNotifier end call android.app.IHwActivityNotifier$Stub$Proxy@88cf16b for activityLifeState under user 0 cost 0
06-28 18:14:05.995  1114  9129 D PackageManager: resolve intent for uid:10398, matchs:3, res:ResolveInfo{414bfd6 com.huawei.android.launcher/.unihome.UniHomeLauncher m=0x108000}
06-28 18:14:05.996  1114 10297 I WindowManager: relayoutVisibleWindow: set isFormatChanged
06-28 18:14:05.998  1114 10297 V HwPhoneWindowManager: updateSystemUiColorLw window=Window{bb7c398 u0 com.mixgo.PropertySEO/cn.jiguang.unity.push.UnityPluginActivity},EmuiStyle=0,StatusBarColor=0xff000000,NavigationBarColor=0xff000000, mLastIsEmuiLightStyle=-1, mForceNotchStatusBar=false
06-28 18:14:05.999  1724  8247 I CommandQueue: updateBarBgColor
06-28 18:14:05.999  1724  8247 D CommandQueue: CommandQueue, setBarBackgroundColor
06-28 18:14:06.005  1114  1225 I ActivityManager: Start proc 31509:com.android.packageinstaller/u0a42 for activity com.android.packageinstaller/.permission.ui.GrantPermissionsActivity
06-28 18:14:06.005  1114  1837 E ProcessInfoCollector: getProcessInfo: failed to find this proc 
06-28 18:14:06.021 31509 31509 D ActivityThread: Attach thread to application
06-28 18:14:06.023  1114  5851 D HwPhoneWindowManager: sensorRotation = -1 lastRotation:0
06-28 18:14:06.033  1114  5851 W HwActivityManagerServiceEx: appSwitch from: com.mixgo.PropertySEO to: com.android.packageinstaller
06-28 18:14:06.033  1114  1219 W HwActivityManagerServiceEx: HwActivityNotifier end call android.app.IHwActivityNotifier$Stub$Proxy@b3922e9 for appSwitch under user 0 cost 0
06-28 18:14:06.033  1114  1219 W HwActivityManagerServiceEx: HwActivityNotifier end call android.app.IHwActivityNotifier$Stub$Proxy@92d0b6e for appSwitch under user 0 cost 0
06-28 18:14:06.046 31253 31464 W PackageParser: Ignoring duplicate uses-permissions/uses-permissions-sdk-m: android.permission.ACCESS_FINE_LOCATION in package: com.mixgo.PropertySEO at: Binary XML file line #42
06-28 18:14:06.046 31253 31464 W PackageParser: Ignoring duplicate uses-permissions/uses-permissions-sdk-m: android.permission.RECEIVE_USER_PRESENT in package: com.mixgo.PropertySEO at: Binary XML file line #45
06-28 18:14:06.046 31253 31464 W PackageParser: Ignoring duplicate uses-permissions/uses-permissions-sdk-m: android.permission.INTERNET in package: com.mixgo.PropertySEO at: Binary XML file line #46
06-28 18:14:06.046 31253 31464 W PackageParser: Ignoring duplicate uses-permissions/uses-permissions-sdk-m: android.permission.WAKE_LOCK in package: com.mixgo.PropertySEO at: Binary XML file line #47
06-28 18:14:06.046 31253 31464 W PackageParser: Ignoring duplicate uses-permissions/uses-permissions-sdk-m: android.permission.READ_PHONE_STATE in package: com.mixgo.PropertySEO at: Binary XML file line #48
06-28 18:14:06.046 31253 31464 W PackageParser: Ignoring duplicate uses-permissions/uses-permissions-sdk-m: android.permission.WRITE_EXTERNAL_STORAGE in package: com.mixgo.PropertySEO at: Binary XML file line #49
06-28 18:14:06.046 31253 31464 W PackageParser: Ignoring duplicate uses-permissions/uses-permissions-sdk-m: android.permission.READ_EXTERNAL_STORAGE in package: com.mixgo.PropertySEO at: Binary XML file line #50
06-28 18:14:06.046 31253 31464 W PackageParser: Ignoring duplicate uses-permissions/uses-permissions-sdk-m: android.permission.WRITE_SETTINGS in package: com.mixgo.PropertySEO at: Binary XML file line #51
06-28 18:14:06.046 31253 31464 W PackageParser: Ignoring duplicate uses-permissions/uses-permissions-sdk-m: android.permission.VIBRATE in package: com.mixgo.PropertySEO at: Binary XML file line #52
06-28 18:14:06.046 31253 31464 W PackageParser: Ignoring duplicate uses-permissions/uses-permissions-sdk-m: android.permission.MOUNT_UNMOUNT_FILESYSTEMS in package: com.mixgo.PropertySEO at: Binary XML file line #53
06-28 18:14:06.046 31253 31464 W PackageParser: Ignoring duplicate uses-permissions/uses-permissions-sdk-m: android.permission.ACCESS_NETWORK_STATE in package: com.mixgo.PropertySEO at: Binary XML file line #54
06-28 18:14:06.046 31253 31464 W PackageParser: Ignoring duplicate uses-permissions/uses-permissions-sdk-m: android.permission.SYSTEM_ALERT_WINDOW in package: com.mixgo.PropertySEO at: Binary XML file line #55
06-28 18:14:06.048 31253 31464 W PackageParser: No actions in intent filter at /data/app/com.mixgo.PropertySEO-N5MdOtQqktpd1xg-WxO0Zw==/base.apk Binary XML file line #173
06-28 18:14:06.049  1114  1456 V WindowManager: Checking 1 opening apps (frozen=false timeout=false), Track: updateconfig performsurface
06-28 18:14:06.049  1114  1456 V WindowManager: Check opening app=AppWindowToken{ab0c8ac token=Token{8b8b65f ActivityRecord{967cefe u0 com.android.packageinstaller/.permission.ui.GrantPermissionsActivity t205}}}: allDrawn=false startingDisplayed=false startingMoved=false isRelaunching()=false startingWindow=null
06-28 18:14:06.055  1114  1823 I HwNetworkPolicy: onTransact, code = 203
06-28 18:14:06.055  2017  2506 I HwNetworkPolicyManager: getHwUidPolicy uid = 10042 policy = 0
06-28 18:14:06.056  1869  2315 I BoosterSwitchP: notifyUidState do nothing
06-28 18:14:06.056  1869  2315 I DeepNoDisturbP: notifyUidState
06-28 18:14:06.056  1869  2315 I HidataAppQoeP: notifyUidState
06-28 18:14:06.056  1869  2315 I BrowserChrP: notifyUidState
06-28 18:14:06.060  1114  1823 I HwAudioService: now type = 9,reportForegroundAppType = 255,pkg = null,systemload = 9mVoipOptimizeInGameModetrue
06-28 18:14:06.078  1114  1150 V WindowManager: Checking 1 opening apps (frozen=false timeout=false), Track: relayout performsurface
06-28 18:14:06.078  1114  1150 V WindowManager: Check opening app=AppWindowToken{ab0c8ac token=Token{8b8b65f ActivityRecord{967cefe u0 com.android.packageinstaller/.permission.ui.GrantPermissionsActivity t205}}}: allDrawn=false startingDisplayed=false startingMoved=false isRelaunching()=false startingWindow=null
06-28 18:14:06.093 31509 31509 V ActivityThread: Skipping new config:{1.0 ?mcc?mnc [zh_CN_#Hans,en_US] ldltr sw360dp w360dp h719dp 480dpi nrml long hdr port finger -keyb/v/h -nav/h winConfig={ mBounds=Rect(0, 0 - 0, 0) mAppBounds=Rect(0, 85 - 1080, 2244) mWindowingMode=fullscreen mActivityType=undefined} nonFullScreen=0 suim:1 s.9}, config:{1.0 ?mcc?mnc [zh_CN_#Hans,en_US] ldltr sw360dp w360dp h719dp 480dpi nrml long hdr port finger -keyb/v/h -nav/h winConfig={ mBounds=Rect(0, 0 - 0, 0) mAppBounds=Rect(0, 85 - 1080, 2244) mWindowingMode=fullscreen mActivityType=undefined} nonFullScreen=0 suim:1 s.9} for app:com.android.packageinstaller
06-28 18:14:06.100  1114  1456 V WindowManager_visibility: updateAllDrawn Add AppWindowToken{695b084 token=Token{5f37697 ActivityRecord{8810d16 u0 com.mixgo.PropertySEO/cn.jiguang.unity.push.UnityPluginActivity t205}}}
06-28 18:14:06.101  1114  1456 V WindowManager_visibility: updateAllDrawn allDrawn=false interesting=1 drawn=1 relaunchCount=0 for AppWindowToken{695b084 token=Token{5f37697 ActivityRecord{8810d16 u0 com.mixgo.PropertySEO/cn.jiguang.unity.push.UnityPluginActivity t205}}}
06-28 18:14:06.101  1114  1456 V WindowManager: Checking 1 opening apps (frozen=false timeout=false), Track:  performsurface
06-28 18:14:06.101  1114  1456 V WindowManager: Check opening app=AppWindowToken{ab0c8ac token=Token{8b8b65f ActivityRecord{967cefe u0 com.android.packageinstaller/.permission.ui.GrantPermissionsActivity t205}}}: allDrawn=false startingDisplayed=false startingMoved=false isRelaunching()=false startingWindow=null
06-28 18:14:06.104  1114  1456 V WindowManager: Checking 1 opening apps (frozen=false timeout=false), Track:  performsurface
06-28 18:14:06.104  1114  1456 V WindowManager: Check opening app=AppWindowToken{ab0c8ac token=Token{8b8b65f ActivityRecord{967cefe u0 com.android.packageinstaller/.permission.ui.GrantPermissionsActivity t205}}}: allDrawn=false startingDisplayed=false startingMoved=false isRelaunching()=false startingWindow=null
06-28 18:14:06.106  1114  1456 V WindowManager: Checking 1 opening apps (frozen=false timeout=false), Track:  performsurface
06-28 18:14:06.106  1114  1456 V WindowManager: Check opening app=AppWindowToken{ab0c8ac token=Token{8b8b65f ActivityRecord{967cefe u0 com.android.packageinstaller/.permission.ui.GrantPermissionsActivity t205}}}: allDrawn=false startingDisplayed=false startingMoved=false isRelaunching()=false startingWindow=null
06-28 18:14:06.106 31509 31509 V ActivityThread: callActivityOnCreate
06-28 18:14:06.108  1114  1456 V WindowManager: removeIfPossible: Window{5f441aa u0 Splash Screen com.mixgo.PropertySEO}
06-28 18:14:06.113  1114  1456 V WindowManager: Not removing Window{5f441aa u0 Splash Screen com.mixgo.PropertySEO EXITING} due to exit animation 
06-28 18:14:06.116  1114  1456 V WindowManager: Checking 1 opening apps (frozen=false timeout=false), Track:  performsurface
06-28 18:14:06.116  1114  1456 V WindowManager: Check opening app=AppWindowToken{ab0c8ac token=Token{8b8b65f ActivityRecord{967cefe u0 com.android.packageinstaller/.permission.ui.GrantPermissionsActivity t205}}}: allDrawn=false startingDisplayed=false startingMoved=false isRelaunching()=false startingWindow=null
06-28 18:14:06.117  1114  1242 D ActivityManager: EVENT_APP_ACTIVITY_DISPLAYED_FINISH reportData: com.mixgo.PropertySEO/cn.jiguang.unity.push.UnityPluginActivity 31479 271
06-28 18:14:06.160  1114  1456 V WindowManager: Checking 1 opening apps (frozen=false timeout=false), Track:  performsurface
06-28 18:14:06.160  1114  1456 V WindowManager: Check opening app=AppWindowToken{ab0c8ac token=Token{8b8b65f ActivityRecord{967cefe u0 com.android.packageinstaller/.permission.ui.GrantPermissionsActivity t205}}}: allDrawn=false startingDisplayed=false startingMoved=false isRelaunching()=false startingWindow=null
06-28 18:14:06.168 31509 31509 D ActivityThread: add activity client record, r= ActivityRecord{c09ead5 token=android.os.BinderProxy@9ee5148 {com.android.packageinstaller/com.android.packageinstaller.permission.ui.GrantPermissionsActivity}} token= android.os.BinderProxy@9ee5148
06-28 18:14:06.171  1114 12415 D PackageManager: resolve intent for uid:10021, matchs:3, res:ResolveInfo{b656655 com.huawei.android.launcher/.unihome.UniHomeLauncher m=0x108000}
06-28 18:14:06.178  1114  1456 V WindowManager: Checking 1 opening apps (frozen=false timeout=false), Track:  performsurface
06-28 18:14:06.178  1114  1456 V WindowManager: Check opening app=AppWindowToken{ab0c8ac token=Token{8b8b65f ActivityRecord{967cefe u0 com.android.packageinstaller/.permission.ui.GrantPermissionsActivity t205}}}: allDrawn=false startingDisplayed=false startingMoved=false isRelaunching()=false startingWindow=null
06-28 18:14:06.180  1114  1456 V WindowManager: Checking 1 opening apps (frozen=false timeout=false), Track:  performsurface
06-28 18:14:06.180  1114  1456 V WindowManager: Check opening app=AppWindowToken{ab0c8ac token=Token{8b8b65f ActivityRecord{967cefe u0 com.android.packageinstaller/.permission.ui.GrantPermissionsActivity t205}}}: allDrawn=false startingDisplayed=false startingMoved=false isRelaunching()=false startingWindow=null
06-28 18:14:06.182  1114  1737 V WindowManager: Checking 1 opening apps (frozen=false timeout=false), Track: relayout performsurface
06-28 18:14:06.182  1114  1737 V WindowManager: Check opening app=AppWindowToken{ab0c8ac token=Token{8b8b65f ActivityRecord{967cefe u0 com.android.packageinstaller/.permission.ui.GrantPermissionsActivity t205}}}: allDrawn=false startingDisplayed=false startingMoved=false isRelaunching()=false startingWindow=null
06-28 18:14:06.186  1114  1150 D NotificationListeners: Removing active service ComponentInfo{com.huawei.android.launcher/com.android.launcher.notification.NotificationListener}
06-28 18:14:06.191  1114  1456 V WindowManager: Checking 1 opening apps (frozen=false timeout=false), Track:  performsurface
06-28 18:14:06.191  1114  1560 D NetdConnector: SND -> {2421 firewall set_uid_rule standby 10152 deny}
06-28 18:14:06.191  1114  1456 V WindowManager: Check opening app=AppWindowToken{ab0c8ac token=Token{8b8b65f ActivityRecord{967cefe u0 com.android.packageinstaller/.permission.ui.GrantPermissionsActivity t205}}}: allDrawn=false startingDisplayed=false startingMoved=false isRelaunching()=false startingWindow=null
06-28 18:14:06.192  1114  1150 V WindowManager: notifyAppStopped: AppWindowToken{616761c token=Token{3fbf38f ActivityRecord{bca02ee u0 com.huawei.android.launcher/.unihome.UniHomeLauncher t1}}}
06-28 18:14:06.192  1114  1150 E WindowManager: win=Window{12f7b0d u0 com.huawei.android.launcher/com.huawei.android.launcher.unihome.UniHomeLauncher} destroySurfaces: appStopped=true win.mWindowRemovalAllowed=false win.mRemoveOnExit=false
06-28 18:14:06.194  1869  2315 I BoosterSwitchP: notifyUidState do nothing
06-28 18:14:06.194  1869  2315 I DeepNoDisturbP: notifyUidState
06-28 18:14:06.194  1869  2315 I HidataAppQoeP: notifyUidState
06-28 18:14:06.194  1869  2315 I BrowserChrP: notifyUidState
06-28 18:14:06.194  1114  1555 D NetdConnector: RCV <- {200 2421 Firewall command succeeded}
06-28 18:14:06.195  1114  1555 D NetdConnector: RCV <- {200 2421 Firewall command succeeded}
06-28 18:14:06.196  1114  1560 D NetdConnector: SND -> {2422 firewall set_uid_rule standby 10033 deny}
06-28 18:14:06.198  1114  1555 D NetdConnector: RCV <- {200 2422 Firewall command succeeded}
06-28 18:14:06.198  1114  1555 D NetdConnector: RCV <- {200 2422 Firewall command succeeded}
06-28 18:14:06.207  1114  1823 V WindowManager: addWindow: Window{c10e136 u0 com.android.packageinstaller/com.android.packageinstaller.permission.ui.GrantPermissionsActivity}
06-28 18:14:06.208  1114 12415 D HwGameAssistantController: pid=31509, uid=10042, component=ComponentInfo{com.android.packageinstaller/com.android.packageinstaller.permission.ui.GrantPermissionsActivity}
06-28 18:14:06.208  1114  1243 D HwGameAssistantController: UPDATE: mCurFgPkg=com.android.packageinstaller, mCurFgPid=31509, mCurIsGame=false
06-28 18:14:06.209  1114  1219 W HwActivityManagerServiceEx: HwActivityNotifier end call android.app.IHwActivityNotifier$Stub$Proxy@88cf16b for activityLifeState under user 0 cost 0
06-28 18:14:06.211  1114  1823 D PackageManager: resolve intent for uid:10042, matchs:3, res:ResolveInfo{d928837 com.huawei.android.launcher/.unihome.UniHomeLauncher m=0x108000}
06-28 18:14:06.213  1114  2129 V WindowManager: Checking 1 opening apps (frozen=false timeout=false), Track: relayout performsurface
06-28 18:14:06.213  1114  2129 V WindowManager: Check opening app=AppWindowToken{ab0c8ac token=Token{8b8b65f ActivityRecord{967cefe u0 com.android.packageinstaller/.permission.ui.GrantPermissionsActivity t205}}}: allDrawn=false startingDisplayed=false startingMoved=false isRelaunching()=false startingWindow=null
06-28 18:14:06.224  1114  2129 W WindowManager: force to relayout later when size is 1*1 for:Window{c10e136 u0 com.android.packageinstaller/com.android.packageinstaller.permission.ui.GrantPermissionsActivity}
06-28 18:14:06.226  1114  2129 V WindowManager: Checking 1 opening apps (frozen=false timeout=false), Track:  performsurface
06-28 18:14:06.226  1114  2129 V WindowManager: Check opening app=AppWindowToken{ab0c8ac token=Token{8b8b65f ActivityRecord{967cefe u0 com.android.packageinstaller/.permission.ui.GrantPermissionsActivity t205}}}: allDrawn=false startingDisplayed=false startingMoved=false isRelaunching()=false startingWindow=null
06-28 18:14:06.227  1114  1456 V WindowManager: Exit animation finished in Window{5f441aa u0 Splash Screen com.mixgo.PropertySEO EXITING}: remove=true
06-28 18:14:06.228  1114  1456 E WindowManager: win=Window{5f441aa u0 Splash Screen com.mixgo.PropertySEO EXITING} destroySurfaces: appStopped=false win.mWindowRemovalAllowed=true win.mRemoveOnExit=true
06-28 18:14:06.228  1114  1456 V WindowManager: postWindowRemoveCleanupLocked: Window{5f441aa u0 Splash Screen com.mixgo.PropertySEO}
06-28 18:14:06.229  1114  1456 V WindowManager: Removing Window{5f441aa u0 Splash Screen com.mixgo.PropertySEO} from AppWindowToken{695b084 token=Token{5f37697 ActivityRecord{8810d16 u0 com.mixgo.PropertySEO/cn.jiguang.unity.push.UnityPluginActivity t205}}}
06-28 18:14:06.242  1114  1456 V WindowManager: Checking 1 opening apps (frozen=false timeout=false), Track:  performsurface
06-28 18:14:06.242  1114  1456 V WindowManager: Check opening app=AppWindowToken{ab0c8ac token=Token{8b8b65f ActivityRecord{967cefe u0 com.android.packageinstaller/.permission.ui.GrantPermissionsActivity t205}}}: allDrawn=false startingDisplayed=false startingMoved=false isRelaunching()=false startingWindow=null
06-28 18:14:06.246  1114  1456 V WindowManager: Checking 1 opening apps (frozen=false timeout=false), Track:  performsurface
06-28 18:14:06.246  1114  1456 V WindowManager: Check opening app=AppWindowToken{ab0c8ac token=Token{8b8b65f ActivityRecord{967cefe u0 com.android.packageinstaller/.permission.ui.GrantPermissionsActivity t205}}}: allDrawn=false startingDisplayed=false startingMoved=false isRelaunching()=false startingWindow=null
06-28 18:14:06.247  1114  1456 V WindowManager_visibility: updateAllDrawn Add AppWindowToken{ab0c8ac token=Token{8b8b65f ActivityRecord{967cefe u0 com.android.packageinstaller/.permission.ui.GrantPermissionsActivity t205}}}
06-28 18:14:06.248  1114  1456 V WindowManager_visibility: updateAllDrawn allDrawn=false interesting=1 drawn=1 relaunchCount=0 for AppWindowToken{ab0c8ac token=Token{8b8b65f ActivityRecord{967cefe u0 com.android.packageinstaller/.permission.ui.GrantPermissionsActivity t205}}}
06-28 18:14:06.248  1114  1456 V WindowManager: Checking 1 opening apps (frozen=false timeout=false), Track:  performsurface
06-28 18:14:06.248  1114  1456 V WindowManager: Check opening app=AppWindowToken{ab0c8ac token=Token{8b8b65f ActivityRecord{967cefe u0 com.android.packageinstaller/.permission.ui.GrantPermissionsActivity t205}}}: allDrawn=true startingDisplayed=false startingMoved=false isRelaunching()=false startingWindow=null
06-28 18:14:06.248  1114  1456 I WindowManager: closing apps count = 0
06-28 18:14:06.306  1114  1737 I WindowManager:   SURFACE SIZE 1080x2157: com.android.packageinstaller/com.android.packageinstaller.permission.ui.GrantPermissionsActivity
06-28 18:14:06.327  1114  1242 D ActivityManager: EVENT_APP_ACTIVITY_DISPLAYED_FINISH reportData: com.android.packageinstaller/.permission.ui.GrantPermissionsActivity 31509 259
06-28 18:14:06.331  1114  2129 D SecInputMethodManagerService: unbind secime
06-28 18:14:06.336  1114  1823 V WindowManager: removeIfPossible: Window{7992283 u0 PopupWindow:6ee8f8b}
06-28 18:14:06.337  1114  1823 V WindowManager: postWindowRemoveCleanupLocked: Window{7992283 u0 PopupWindow:6ee8f8b}
06-28 18:14:06.337  1114  1823 V WindowManager: Removing Window{7992283 u0 PopupWindow:6ee8f8b} from WindowToken{c0215c0 android.os.Binder@b017b43}
06-28 18:14:06.342  1114  1737 V WindowManager: removeIfPossible: Window{cf493fa u0 InputMethod}
06-28 18:14:06.342  1114  1737 V WindowManager: postWindowRemoveCleanupLocked: Window{cf493fa u0 InputMethod}
06-28 18:14:06.342  1114  1737 V WindowManager: Removing Window{cf493fa u0 InputMethod} from WindowToken{c0215c0 android.os.Binder@b017b43}
06-28 18:14:06.416  1114 10297 I ActivityManager: Process com.huawei.secime (pid 27949) has died: fore SVC 
06-28 18:14:06.416  1114 10297 D ActivityManager: cleanUpApplicationRecord app: ProcessRecord{d9ec8f2 27949:com.huawei.secime/u0a75}, app.bad: false, restarting: false, allowRestart: true
06-28 18:14:06.417  1869  2315 I BoosterSwitchP: notifyUidState do nothing
06-28 18:14:06.417  1869  2315 I DeepNoDisturbP: notifyUidState
06-28 18:14:06.417  1869  2315 I HidataAppQoeP: notifyUidState
06-28 18:14:06.417  1869  2315 I BrowserChrP: notifyUidState
06-28 18:14:06.419  1114  1242 W ActivityManager: setHasOverlayUi called on unknown pid: 27949
06-28 18:14:06.540  1114  1114 I HwNormalizedSpline: mOminLevelMode:Day getBrightnessLevel lux =423.0,mDefaultBrightness=43.19252,mOCount=11
06-28 18:14:06.884  1114  8995 D PackageManager: resolve intent for uid:10021, matchs:3, res:ResolveInfo{426c858 com.huawei.android.launcher/.unihome.UniHomeLauncher m=0x108000}
06-28 18:14:06.917  1114  1581 I HwAudioServiceEx: check HiRes Icon false
06-28 18:14:07.074   520   529 D vold    : Remounting 10398 as mode read
06-28 18:14:07.081   520   529 D vold    : Found matching PID 31479
06-28 18:14:07.117   520   529 D vold    : Remounting 10398 as mode write
06-28 18:14:07.122   520   529 D vold    : Found matching PID 31479
06-28 18:14:07.349  1114  1217 I PackageManager: writePermissionsSync -> user:0, put true:, Build.FINGERPRINT:HUAWEI/EML-AL00/HWEML:9/HUAWEIEML-AL00/187C00R1:user/release-keys, fingerprint:HUAWEI/EML-AL00/HWEML:9/HUAWEIEML-AL00/187C00R1:user/release-keys
06-28 18:14:07.469  1114  9129 I AlarmManager: remove alarm:Alarm{488f788 type 1 when 1561717107250 PendingIntent{4ed0521: PendingIntentRecord{8ea840d com.huawei.systemmanager broadcastIntent}}com.huawei.systemmanager} according to operation:9016d46
06-28 18:14:07.477  1114  8995 I AlarmManager: remove alarm:Alarm{85717d2 type 1 when 1561717137140 PendingIntent{4c350a3: PendingIntentRecord{acd2fa0 com.huawei.systemmanager broadcastIntent}}com.huawei.systemmanager} according to operation:3a03759
06-28 18:14:07.500  1114  1684 I AlarmManager: remove alarm:Alarm{3eadf1e type 1 when 1561717117471 PendingIntent{a3053ff: PendingIntentRecord{8ea840d com.huawei.systemmanager broadcastIntent}}com.huawei.systemmanager} according to operation:665a5cc
06-28 18:14:07.514  1114  1684 I AlarmManager: remove alarm:Alarm{b2d52b8 type 1 when 1561717147477 PendingIntent{3a03759: PendingIntentRecord{acd2fa0 com.huawei.systemmanager broadcastIntent}}com.huawei.systemmanager} according to operation:3d07891
06-28 18:14:07.574  1114  5851 W HwActivityManagerServiceEx: appSwitch from: com.android.packageinstaller to: com.mixgo.PropertySEO
06-28 18:14:07.574  1114  1219 W HwActivityManagerServiceEx: HwActivityNotifier end call android.app.IHwActivityNotifier$Stub$Proxy@b3922e9 for appSwitch under user 0 cost 0
06-28 18:14:07.575  1114  1219 W HwActivityManagerServiceEx: HwActivityNotifier end call android.app.IHwActivityNotifier$Stub$Proxy@92d0b6e for appSwitch under user 0 cost 1
06-28 18:14:07.575  1114  5851 V HwPhoneWindowManager: updateSystemUiColorLw window=Window{bb7c398 u0 com.mixgo.PropertySEO/cn.jiguang.unity.push.UnityPluginActivity},EmuiStyle=0,StatusBarColor=0xff000000,NavigationBarColor=0xff000000, mLastIsEmuiLightStyle=-1, mForceNotchStatusBar=false
06-28 18:14:07.579  1724  8247 I CommandQueue: updateBarBgColor
06-28 18:14:07.579  1724  8247 D CommandQueue: CommandQueue, setBarBackgroundColor
06-28 18:14:07.582  1114  5851 D HwPhoneWindowManager: sensorRotation = -1 lastRotation:0
06-28 18:14:07.583  1114  5851 V WindowManager: notifyAppResumed: wasStopped=false AppWindowToken{695b084 token=Token{5f37697 ActivityRecord{8810d16 u0 com.mixgo.PropertySEO/cn.jiguang.unity.push.UnityPluginActivity t205}}}
06-28 18:14:07.589  1114  5851 V WindowManager: Checking 1 opening apps (frozen=false timeout=false), Track: activitypause performsurface
06-28 18:14:07.589  1114  5851 V WindowManager: Check opening app=AppWindowToken{695b084 token=Token{5f37697 ActivityRecord{8810d16 u0 com.mixgo.PropertySEO/cn.jiguang.unity.push.UnityPluginActivity t205}}}: allDrawn=true startingDisplayed=false startingMoved=false isRelaunching()=false startingWindow=null
06-28 18:14:07.589  1114  5851 I WindowManager: closing apps count = 1
06-28 18:14:07.598  1114  2564 D HwLocationManagerService: on transact ADD_LOCATION_MODE  uid is 10398 , expectedmode is 3 , packagename is com.mixgo.PropertySEO
06-28 18:14:07.598  1114  2564 D HwLocationManagerService: uid is 10398 , isWifiConn is true , isMobileConn is false
06-28 18:14:07.598  1114  2564 I HwNetworkPolicy: onTransact, code = 203
06-28 18:14:07.598  1114  2564 I HwNetworkPolicyManager: getHwUidPolicy uid = 10398 policy = 0
06-28 18:14:07.598  1114  2564 D HwLocationManagerService: policy is 0 , wifiAccess is true, mobileAccess is true
06-28 18:14:07.598  1114  2564 D HwLocationManagerService: wifiAvaiable is true , mobileAvailable is false
