06-28 18:14:57.921  1724  1724 W KeyguardUpdateMonitor: ACTION_BATTERY_CHANGED AMP: 512000; Volt: 4600000
06-28 18:14:57.921  1724  1724 I KgBattery: (last-new)Status: 1 -> 1, chargeState=1 * branch=5
06-28 18:14:57.921  1724  1724 V KeyguardUpdateMonitor: RefreshBatteryInfo isBatteryLow: 100
06-28 18:14:57.921  1724  1724 W KeyguardUpdateMonitor: ChargingSpeed  Wattage: 2355200 ST: 5000000 --> 7500000
06-28 18:14:57.921  1724  1724 I KgBattery: BatteryInfo updated:  4lPC0
06-28 18:14:57.921  1724  1724 W AppHandler: sendMessage with obj100
06-28 18:14:57.921  1724  1724 D KeyguardUpdateMonitor: handleBatteryUpdate
06-28 18:14:57.921  1724  1724 I ColorPickUitls: type = 2
06-28 18:14:57.921  1724  1724 V KeyguardUpdateMonitor: RefreshBatteryInfo isBatteryLow: 100
06-28 18:14:57.922  1724  1724 W HwKgdBArea_BTY: updateBatteryInfo : false  true
06-28 18:14:57.922  1724  1724 W HwKgdBArea_BTY: updateBatteryInfo : false  true
06-28 18:14:57.922  1724  1724 W HwLockScreenPanel: Handle message: 100
06-28 18:14:57.922  1724  1724 W HwLockScreenPanel: refreshBatteryInfo: null
06-28 18:14:57.924  1724  1898 I KeyguardUtils: fpPath=sys/class/hw_power/charger/charge_data/chargerType, value=0
06-28 18:14:57.927  1724  1898 I KeyguardUtils: fpPath=sys/class/hw_power/charger/charge_data/chargerType, value=0
06-28 18:14:57.928  1724  1898 I KeyguardUtils: fpPath=sys/class/hw_power/charger/charge_data/chargerType, value=0
06-28 18:14:57.928  1724  1898 D KgBattery: BatteryInfo2: false; true; true; false; false; true
06-28 18:14:57.928 30954 30954 D UIABatteryMonitor: notify battery changed. current level 100
06-28 18:14:57.929  1114  1114 I chatty  : uid=1000 system_server expire 15 lines
06-28 18:14:58.016 31820 31820 W dumpsys : type=1400 audit(0.0:36089): avc: denied { read } for name="pipe-max-size" dev="proc" ino=862467 scontext=u:r:shell:s0 tcontext=u:object_r:proc_pipe_conf:s0 tclass=file permissive=0
06-28 18:14:58.230 30954 31775 W QueryController: Could not detect idle state.
06-28 18:14:58.233 30954 31775 W AccessibilityInteractionClient: old interaction Id is: -1,current interaction Id is:74
06-28 18:14:58.237 30954 31775 W AccessibilityInteractionClient: old interaction Id is: -1,current interaction Id is:75
06-28 18:14:59.046  3662  3662 W MessengerIpcClient: Received response for unknown request: 1
06-28 18:14:59.242 30954 31775 W QueryController: Could not detect idle state.
06-28 18:14:59.245 30954 31775 W AccessibilityInteractionClient: old interaction Id is: -1,current interaction Id is:76
06-28 18:14:59.250 30954 31775 W AccessibilityInteractionClient: old interaction Id is: -1,current interaction Id is:77
06-28 18:15:00.004  1114  1114 V AlarmManager: Received TIME_TICK alarm; rescheduling
06-28 18:15:00.005  1114  1114 I HwAlarmManagerService: hwSetAlarm listenerTag: time_tick
06-28 18:15:00.029  1724  1724 W HwKeyguardDragHelper: AnimationBlocked 
06-28 18:15:00.030 31479 31592 I chatty  : uid=10398(com.mixgo.PropertySEO) expire 628 lines
06-28 18:15:00.034  1724  1724 E DateView: DateView,mCurrentTime: 1561716900034
06-28 18:15:00.034  1724  1724 I EventCenter: EventCenter Get :android.intent.action.TIME_TICK
06-28 18:15:00.036  1724  1724 E ndroid.systemu: No package ID ff found for ID 0xffffffff.
06-28 18:15:00.036  1724  1724 D WeatherHelper: City info empty
06-28 18:15:00.038  1724  1724 E ndroid.systemu: No package ID ff found for ID 0xffffffff.
06-28 18:15:00.039  1724  1724 D WeatherHelper: City info empty
06-28 18:15:00.040  1724  1724 D KeyguardUpdateMonitor: received broadcast android.intent.action.TIME_TICK
06-28 18:15:00.040  1724  1724 D KeyguardUpdateMonitor: handleTimeUpdate
06-28 18:15:00.040  1724  1898 I KeyguardStatusView: Runnable for refresh
06-28 18:15:00.041  1724  1724 D WeatherHelper: City info empty
06-28 18:15:00.042  1993  1993 I HwLauncher: Model  onReceive intent=Intent { act=android.intent.action.TIME_TICK flg=0x50200014 hwFlg=0x900 (has extras) }
06-28 18:15:00.042  1993  1993 I HwLauncher: Model  onReceive user=UserHandle{0}
06-28 18:15:00.075  1114 12415 V BroadcastQueue: Finished with ordered broadcast BroadcastRecord{6850157 u-1 android.intent.action.TIME_TICK}
06-28 18:15:00.075  3116  4559 I Step_LSC: 90003365|processHandleBroadcastAction action:android.intent.action.TIME_TICK
06-28 18:15:00.081  1724  1724 W HwKeyguardDragHelper: AnimationBlocked 
06-28 18:15:00.088  3116  4559 I Step_SPUtils: 90003365|setAliveRecord  success: timestampArg=1561716900077 elapsedRealtimeArg=118099662
06-28 18:15:00.110  3093  5484 W Conscrypt: Could not set socket write timeout: java.net.SocketException: Socket closed
06-28 18:15:00.112  3093  5484 W Conscrypt: 	at com.google.android.gms.org.conscrypt.Platform.setSocketWriteTimeout(:com.google.android.gms@14799037@14.7.99 (100400-223214910):2)
06-28 18:15:00.112  3093  5484 W Conscrypt: 	at com.google.android.gms.org.conscrypt.ConscryptFileDescriptorSocket.setSoWriteTimeout(:com.google.android.gms@14799037@14.7.99 (100400-223214910):2)
06-28 18:15:00.123  3093  5484 V NativeCrypto: SSL handshake aborted: ssl=0x729944ea48: I/O error during system call, Connection reset by peer
06-28 18:15:00.135  1724  1724 D WeatherHelper: City info empty
06-28 18:15:00.136  1724  1724 D DateTimeView: Change to single clock mode!
06-28 18:15:00.136  1724  1724 D WeatherHelper: City info empty
06-28 18:15:00.137  1724  1724 I ColorPickUitls: type = 2
06-28 18:15:00.137  1724  1724 D WeatherHelper: City info empty
06-28 18:15:00.138  1724  1724 D DateTimeView: Change to single clock mode!
06-28 18:15:00.138  1724  1724 D WeatherHelper: City info empty
06-28 18:15:00.139  1724  1724 I ColorPickUitls: type = 2
06-28 18:15:00.152  3093  3732 E akgr    : Phenotype API error. Event # brpy@44b4b90d, EventCode: 12 [CONTEXT service_id=51 ]
06-28 18:15:00.152  3093  3732 E akgr    : akfn: 29503
06-28 18:15:00.152  3093  3732 E akgr    : 	at akgy.a(:com.google.android.gms@14799037@14.7.99 (100400-223214910):40)
06-28 18:15:00.152  3093  3732 E akgr    : 	at akgx.b(Unknown Source:2)
06-28 18:15:00.152  3093  3732 E akgr    : 	at akgr.a(:com.google.android.gms@14799037@14.7.99 (100400-223214910):107)
06-28 18:15:00.152  3093  3732 E akgr    : 	at akgr.a(:com.google.android.gms@14799037@14.7.99 (100400-223214910):101)
06-28 18:15:00.152  3093  3732 E akgr    : 	at ybc.run(:com.google.android.gms@14799037@14.7.99 (100400-223214910):27)
06-28 18:15:00.152  3093  3732 E akgr    : 	at beyi.run(:com.google.android.gms@14799037@14.7.99 (100400-223214910):2)
06-28 18:15:00.152  3093  3732 E akgr    : 	at qwc.run(:com.google.android.gms@14799037@14.7.99 (100400-223214910):21)
06-28 18:15:00.152  3093  3732 E akgr    : 	at java.util.concurrent.ThreadPoolExecutor.runWorker(ThreadPoolExecutor.java:1167)
06-28 18:15:00.152  3093  3732 E akgr    : 	at java.util.concurrent.ThreadPoolExecutor$Worker.run(ThreadPoolExecutor.java:641)
06-28 18:15:00.152  3093  3732 E akgr    : 	at rbx.run(Unknown Source:7)
06-28 18:15:00.152  3093  3732 E akgr    : 	at java.lang.Thread.run(Thread.java:784)
06-28 18:15:00.153  3093  3732 E AsyncOperation: serviceID=51, operation=GetCommittedConfigurationOperationCall
06-28 18:15:00.153  3093  3732 E AsyncOperation: OperationException[Status{statusCode=unknown status code: 29503, resolution=null}]
06-28 18:15:00.153  3093  3732 E AsyncOperation: 	at akgr.a(:com.google.android.gms@14799037@14.7.99 (100400-223214910):115)
06-28 18:15:00.153  3093  3732 E AsyncOperation: 	at akgr.a(:com.google.android.gms@14799037@14.7.99 (100400-223214910):101)
06-28 18:15:00.153  3093  3732 E AsyncOperation: 	at ybc.run(:com.google.android.gms@14799037@14.7.99 (100400-223214910):27)
06-28 18:15:00.153  3093  3732 E AsyncOperation: 	at beyi.run(:com.google.android.gms@14799037@14.7.99 (100400-223214910):2)
06-28 18:15:00.153  3093  3732 E AsyncOperation: 	at qwc.run(:com.google.android.gms@14799037@14.7.99 (100400-223214910):21)
06-28 18:15:00.153  3093  3732 E AsyncOperation: 	at java.util.concurrent.ThreadPoolExecutor.runWorker(ThreadPoolExecutor.java:1167)
06-28 18:15:00.153  3093  3732 E AsyncOperation: 	at java.util.concurrent.ThreadPoolExecutor$Worker.run(ThreadPoolExecutor.java:641)
06-28 18:15:00.153  3093  3732 E AsyncOperation: 	at rbx.run(Unknown Source:7)
06-28 18:15:00.153  3093  3732 E AsyncOperation: 	at java.lang.Thread.run(Thread.java:784)
06-28 18:15:00.154  3093  5484 E NetRec  : [259] ahqw.a: Could not retrieve server token for package com.google.android.apps.gcs
06-28 18:15:00.154  3093  5484 E NetRec  : java.util.concurrent.ExecutionException: ppw: 29503: 
06-28 18:15:00.154  3093  5484 E NetRec  : 	at arhb.b(:com.google.android.gms@14799037@14.7.99 (100400-223214910):2)
06-28 18:15:00.154  3093  5484 E NetRec  : 	at arhb.a(:com.google.android.gms@14799037@14.7.99 (100400-223214910):28)
06-28 18:15:00.154  3093  5484 E NetRec  : 	at ahqw.a(:com.google.android.gms@14799037@14.7.99 (100400-223214910):1)
06-28 18:15:00.154  3093  5484 E NetRec  : 	at ahqw.a(:com.google.android.gms@14799037@14.7.99 (100400-223214910):4)
06-28 18:15:00.154  3093  5484 E NetRec  : 	at ahqt.getHeaders(:com.google.android.gms@14799037@14.7.99 (100400-223214910):2)
06-28 18:15:00.154  3093  5484 E NetRec  : 	at com.android.volley.toolbox.HttpClientStack.performRequest(:com.google.android.gms@14799037@14.7.99 (100400-223214910):9)
06-28 18:15:00.154  3093  5484 E NetRec  : 	at qph.performRequest(:com.google.android.gms@14799037@14.7.99 (100400-223214910):1)
06-28 18:15:00.154  3093  5484 E NetRec  : 	at bpq.executeRequest(:com.google.android.gms@14799037@14.7.99 (100400-223214910):1)
06-28 18:15:00.154  3093  5484 E NetRec  : 	at com.android.volley.toolbox.BasicNetwork.performRequest(:com.google.android.gms@14799037@14.7.99 (100400-223214910):10)
06-28 18:15:00.154  3093  5484 E NetRec  : 	at qpi.performRequest(:com.google.android.gms@14799037@14.7.99 (100400-223214910):13)
06-28 18:15:00.154  3093  5484 E NetRec  : 	at com.android.volley.NetworkDispatcher.a(:com.google.android.gms@14799037@14.7.99 (100400-223214910):6)
06-28 18:15:00.154  3093  5484 E NetRec  : 	at com.android.volley.NetworkDispatcher.run(:com.google.android.gms@14799037@14.7.99 (100400-223214910):2)
06-28 18:15:00.154  3093  5484 E NetRec  : Caused by: ppw: 29503: 
06-28 18:15:00.154  3093  5484 E NetRec  : 	at pvq.a(:com.google.android.gms@14799037@14.7.99 (100400-223214910):3)
06-28 18:15:00.154  3093  5484 E NetRec  : 	at akei.b(:com.google.android.gms@14799037@14.7.99 (100400-223214910):3)
06-28 18:15:00.154  3093  5484 E NetRec  : 	at akgx.a(:com.google.android.gms@14799037@14.7.99 (100400-223214910):7)
06-28 18:15:00.154  3093  5484 E NetRec  : 	at yax.a(:com.google.android.gms@14799037@14.7.99 (100400-223214910):5)
06-28 18:15:00.154  3093  5484 E NetRec  : 	at ybc.run(:com.google.android.gms@14799037@14.7.99 (100400-223214910):34)
06-28 18:15:00.154  3093  5484 E NetRec  : 	at beyi.run(:com.google.android.gms@14799037@14.7.99 (100400-223214910):2)
06-28 18:15:00.154  3093  5484 E NetRec  : 	at qwc.run(:com.google.android.gms@14799037@14.7.99 (100400-223214910):21)
06-28 18:15:00.154  3093  5484 E NetRec  : 	at java.util.concurrent.ThreadPoolExecutor.runWorker(ThreadPoolExecutor.java:1167)
06-28 18:15:00.154  3093  5484 E NetRec  : 	at java.util.concurrent.ThreadPoolExecutor$Worker.run(ThreadPoolExecutor.java:641)
06-28 18:15:00.154  3093  5484 E NetRec  : 	at rbx.run(Unknown Source:7)
06-28 18:15:00.154  3093  5484 E NetRec  : 	at java.lang.Thread.run(Thread.java:784)
06-28 18:15:00.154  3093  5484 W NetRec  : [259] ahqw.a: No server tokens extracted.
06-28 18:15:00.240   646   646 E WifiHAL : enter wifi_get_link_stats
06-28 18:15:00.256 30954 31775 W QueryController: Could not detect idle state.
06-28 18:15:00.260 30954 31775 W AccessibilityInteractionClient: old interaction Id is: -1,current interaction Id is:78
06-28 18:15:00.264 30954 31775 W AccessibilityInteractionClient: old interaction Id is: -1,current interaction Id is:79
06-28 18:15:01.268 30954 31775 W QueryController: Could not detect idle state.
06-28 18:15:01.271 30954 31775 W AccessibilityInteractionClient: old interaction Id is: -1,current interaction Id is:80
06-28 18:15:01.276 30954 31775 W AccessibilityInteractionClient: old interaction Id is: -1,current interaction Id is:81
06-28 18:15:01.616   635   635 I chatty  : uid=1000(system) hwsched@1.0-ser expire 26 lines
06-28 18:15:02.129   626  1582 I chatty  : uid=1041(audioserver) effect expire 10 lines
06-28 18:15:02.152   648  1284 I chatty  : uid=1041(audioserver) AudioOut_D expire 569 lines
06-28 18:15:02.281 30954 31775 W QueryController: Could not detect idle state.
06-28 18:15:02.283 30954 31775 W AccessibilityInteractionClient: old interaction Id is: -1,current interaction Id is:82
06-28 18:15:02.287 30954 31775 W AccessibilityInteractionClient: old interaction Id is: -1,current interaction Id is:83
06-28 18:15:03.258   646   646 E WifiHAL : enter wifi_get_link_stats
06-28 18:15:03.293 30954 31775 W QueryController: Could not detect idle state.
06-28 18:15:03.296 30954 31775 W AccessibilityInteractionClient: old interaction Id is: -1,current interaction Id is:84
06-28 18:15:03.303 30954 31775 W AccessibilityInteractionClient: old interaction Id is: -1,current interaction Id is:85
06-28 18:15:04.310 30954 31775 W QueryController: Could not detect idle state.
06-28 18:15:04.312 30954 31775 W AccessibilityInteractionClient: old interaction Id is: -1,current interaction Id is:86
06-28 18:15:04.317 30954 31775 W AccessibilityInteractionClient: old interaction Id is: -1,current interaction Id is:87
06-28 18:15:04.645  1114  1561 I chatty  : uid=1000(system) WifiService expire 32 lines
06-28 18:15:05.323 30954 31775 W QueryController: Could not detect idle state.
06-28 18:15:05.324 30954 31775 W AccessibilityInteractionClient: old interaction Id is: -1,current interaction Id is:88
06-28 18:15:05.328 30954 31775 W AccessibilityInteractionClient: old interaction Id is: -1,current interaction Id is:89
06-28 18:15:06.278   646   646 E WifiHAL : enter wifi_get_link_stats
06-28 18:15:06.298  1114  1562 I chatty  : uid=1000(system) WifiStateMachin expire 19 lines
06-28 18:15:06.335 30954 31775 W QueryController: Could not detect idle state.
06-28 18:15:06.337 30954 31775 W AccessibilityInteractionClient: old interaction Id is: -1,current interaction Id is:90
06-28 18:15:06.345 30954 31775 W AccessibilityInteractionClient: old interaction Id is: -1,current interaction Id is:91
06-28 18:15:07.137  3116  3178 D LogUtil_LogConfig: getLogFile(): logFilePath = /data/data/com.huawei.health/files/com.huawei.health/com.huawei.health_DaemonService/
06-28 18:15:07.137  3116  3178 D LogUtil_LogConfig: obtainSavePath(): path = 1
06-28 18:15:07.137  3116  3178 D LogUtil_LogConfig: acquireMaxLogFileLengthContainsOffset describe: com.huawei.health:DaemonService result:5242880
06-28 18:15:07.138  3116  3178 D LogUtil_LogConfig: getLogFileRoot(): logFilePath = /data/data/com.huawei.health/files/com.huawei.health/com.huawei.health_DaemonService/
06-28 18:15:07.350 30954 31775 W QueryController: Could not detect idle state.
06-28 18:15:07.353 30954 31775 W AccessibilityInteractionClient: old interaction Id is: -1,current interaction Id is:92
06-28 18:15:07.358 30954 31775 W AccessibilityInteractionClient: old interaction Id is: -1,current interaction Id is:93
06-28 18:15:07.501  1114  1530 I chatty  : uid=1000(system) AlarmManager expire 6 lines
06-28 18:15:07.513  1114  2564 V BroadcastQueue: Finished with ordered broadcast BroadcastRecord{773f7ba u0 com.google.android.gms.gcm.ACTION_CHECK_QUEUE}
06-28 18:15:07.566  3093  4349 D WorkSource: Insert in WorkSource{} @ 0 uid 10021 name com.google.android.gms
06-28 18:15:07.567  3093  4349 D WorkSource: Insert in WorkSource{} @ 0 uid 10021 name com.google.android.gms
06-28 18:15:07.594  3093  4349 D WorkSource: Insert in WorkSource{} @ 0 uid 10021 name com.google.android.gms
06-28 18:15:07.598  1114  2564 W HwAlarmManagerService: isContainsAppUidInWorksource-->happend NameNotFoundException
06-28 18:15:07.598  1114  2564 W HwAlarmManagerService: isContainsAppUidInWorksource-->happend NameNotFoundException
06-28 18:15:07.615   776   776 E Thermal-daemon: [charger_ic] temp_new :40  temp_old :41
06-28 18:15:07.616  1952  2586 I chatty  : uid=1000(system) thermal-core-th expire 4 lines
06-28 18:15:07.616   776   776 E Thermal-daemon: Report temperature: [charger_ic] temp :40  report_threshold:1
06-28 18:15:07.636  3093 31825 I NetRec  : [5534] ahtr.a: Refreshing scores for 52 networks.
06-28 18:15:08.367 30954 31775 W QueryController: Could not detect idle state.
06-28 18:15:08.369 30954 31775 W AccessibilityInteractionClient: old interaction Id is: -1,current interaction Id is:94
06-28 18:15:08.377 30954 31775 W AccessibilityInteractionClient: old interaction Id is: -1,current interaction Id is:95
06-28 18:15:09.304   646   646 E WifiHAL : enter wifi_get_link_stats
06-28 18:15:09.382 30954 31775 W QueryController: Could not detect idle state.
06-28 18:15:09.384 30954 31775 W AccessibilityInteractionClient: old interaction Id is: -1,current interaction Id is:96
06-28 18:15:09.388 30954 31775 W AccessibilityInteractionClient: old interaction Id is: -1,current interaction Id is:97
06-28 18:15:09.883  3093 31825 W NetRec  : [5534] ahtr.a: Timeout after 2240 ms while waiting for score updates. Returning 1.
06-28 18:15:09.904  3093 31825 I NetRec  : [5534] ahtr.a: Still entries pending update, scheduling new rapid_refresh_scores_task refresh.
06-28 18:15:09.911  3093 31825 I NetRec  : [5534] ahtr.a: Completed rapid_refresh_scores_task score refresh task in 2301 ms, returning 1
06-28 18:15:09.917  1114 12415 V BroadcastQueue: Finished with ordered broadcast BroadcastRecord{bf2ee47 u0 com.google.android.gms.gcm.ACTION_SCHEDULE}
06-28 18:15:09.947  3093 10242 D WorkSource: Insert in WorkSource{} @ 0 uid 10021 name com.google.android.gms
06-28 18:15:09.948  1114  4501 W HwAlarmManagerService: isContainsAppUidInWorksource-->happend NameNotFoundException
06-28 18:15:09.948  1114  4501 W HwAlarmManagerService: isContainsAppUidInWorksource-->happend NameNotFoundException
06-28 18:15:10.394 30954 31775 W QueryController: Could not detect idle state.
06-28 18:15:10.396 30954 31775 W AccessibilityInteractionClient: old interaction Id is: -1,current interaction Id is:98
06-28 18:15:10.400 30954 31775 W AccessibilityInteractionClient: old interaction Id is: -1,current interaction Id is:99
06-28 18:15:10.404 31479 31592 I chatty  : uid=10398(com.mixgo.PropertySEO) expire 305 lines
06-28 18:15:11.391  1114  1611 I chatty  : uid=1000(system) WiFiArpStateMac expire 10 lines
06-28 18:15:11.409 30954 31775 W QueryController: Could not detect idle state.
06-28 18:15:11.415 30954 31775 W AccessibilityInteractionClient: old interaction Id is: -1,current interaction Id is:100
06-28 18:15:11.420 30954 31775 W AccessibilityInteractionClient: old interaction Id is: -1,current interaction Id is:101
06-28 18:15:11.465   574   583 W IptablesRestoreController: iptables-restore process 30771 terminated status=15
06-28 18:15:11.467   574   583 W IptablesRestoreController: iptables-restore process 30773 terminated status=15
06-28 18:15:12.092  1114  5061 I chatty  : uid=1000(system) mss_handler_thr expire 12 lines
06-28 18:15:12.319   646   646 E WifiHAL : enter wifi_get_link_stats
06-28 18:15:12.424 30954 31775 W QueryController: Could not detect idle state.
06-28 18:15:12.426 30954 31775 W AccessibilityInteractionClient: old interaction Id is: -1,current interaction Id is:102
06-28 18:15:12.432 30954 31775 W AccessibilityInteractionClient: old interaction Id is: -1,current interaction Id is:103
06-28 18:15:12.649  1114  1617 I chatty  : uid=1000(system) wifipro_uid_tcp expire 10 lines
06-28 18:15:12.686   635   635 I chatty  : uid=1000(system) hwsched@1.0-ser expire 49 lines
06-28 18:15:12.829 31831 31833 D vndksupport: Loading /vendor/lib64/hw/android.hardware.graphics.mapper@2.0-impl.so from current namespace instead of sphal namespace.
06-28 18:15:12.831 31831 31833 D vndksupport: Loading /vendor/lib64/hw/gralloc.kirin970.so from current namespace instead of sphal namespace.
06-28 18:15:13.147   574   598 D         : Received kernel message payload: chr_event 9
06-28 18:15:13.147   574   598 I         : netd received web stat infomation,trigger chr report!
06-28 18:15:13.147   574   598 I         : netd received web stat infomation,trigger chr report!
06-28 18:15:13.147   574   598 I         : ReportType 0 0 0 0 0 0 0 0 0 0 0 0 0 0 0 0 0 0 0 0 0 0 0 0 0 0 0 0 0 0 0 0 0 0 0 0 0 0 0 0 0 0 0 0 0 0 0 0 0 0 0 0 0 0 0 0 0 0 0 0 0 0 0 0 0 0 0 0 0 0 0 0 0 0 0 0 0 0 0 0 0 0 0 0 0 0 0 0 0 0 0 0 0 0 0 0 0 0 0 0 0 0 0 0 0 0 0 0 0 0 0 0 0 0 0 0 0 0 0 0 0 0 0 0 0 0 0 0 0 0 0 0 0 0 0 0 0 0 0 0 0 0 0 0 0 0 0 0 0 0 0 0 0 0 0 0 0 0 0 0 0 0 0 0 0 0 0 0 0 0 0 0 0 0 0 0 0 0 0 0 0 0 0 0 0 0 0 0 0 0 0 0 0 0 0 0 0 0 0 0 0 0 0 0 0 0 0 0 0 0 0 0 0 0 0 0 0 0 0 0 0 0 0 0 0 0 0 0 0 ReportType 0 385 0 0 0 0 0 2 0 0 0 0 0 0 0 0 0 0 1 0 0 0 0 0 0 0 0 0 0 0 0 0 0 0 0 0 0 0 0 0 0 0 0 0 0 0 0 0 0 0 0 0 0 0 0 0 0 0 0 0 0 0 0 0 0 0 0 0 0 0 0 0 0 0 0 0 0 0 0 0 0 0 0 0 0 0 0 0 0 0 0 0 0 0 0 0 0 0 0 0 0 0 0 0 0 0 0 0 0 0 0 0 0 0 0 0 0 0 0 0 0 0 0 0 0 0 0 0 0 0 0 0 0 0 0 0 0 0 0 0 0 0 0 0 0 0 0 0 0 0 0 0 0 0 0 0 0 0 0 0 0 0 0 0 0 0 0 0 0 0 0 0 0 0 0 0 0 0 0 0 0 0 0 0 0 0 0 0 0 0 0 0 0 0 0 0 0 0 0 0 0 0 0 0 0 0 0 0 0 0 0 0 385 0 0 0 0 0 0 0 0 0 0 0 0 0 0 0 0
06-28 18:15:13.147   574   598 W SocketListener: sending broadcast to Pid = 1114, Uid = 1000 
06-28 18:15:13.149  1114  1555 D NetdConnector: RCV <- {661 ReportType 0 0 0 0 0 0 0 0 0 0 0 0 0 0 0 0 0 0 0 0 0 0 0 0 0 0 0 0 0 0 0 0 0 0 0 0 0 0 0 0 0 0 0 0 0 0 0 0 0 0 0 0 0 0 0 0 0 0 0 0 0 0 0 0 0 0 0 0 0 0 0 0 0 0 0 0 0 0 0 0 0 0 0 0 0 0 0 0 0 0 0 0 0 0 0 0 0 0 0 0 0 0 0 0 0 0 0 0 0 0 0 0 0 0 0 0 0 0 0 0 0 0 0 0 0 0 0 0 0 0 0 0 0 0 0 0 0 0 0 0 0 0 0 0 0 0 0 0 0 0 0 0 0 0 0 0 0 0 0 0 0 0 0 0 0 0 0 0 0 0 0 0 0 0 0 0 0 0 0 0 0 0 0 0 0 0 0 0 0 0 0 0 0 0 0 0 0 0 0 0 0 0 0 0 0 0 0 0 0 0 0 0 0 0 0 0 0 0 0 0 0 0 0 0 0 0 0 0 0 ReportType 0 385 0 0 0 0 0 2 0 0 0 0 0 0 0 0 0 0 1 0 0 0 0 0 0 0 0 0 0 0 0 0 0 0 0 0 0 0 0 0 0 0 0 0 0 0 0 0 0 0 0 0 0 0 0 0 0 0 0 0 0 0 0 0 0 0 0 0 0 0 0 0 0 0 0 0 0 0 0 0 0 0 0 0 0 0 0 0 0 0 0 0 0 0 0 0 0 0 0 0 0 0 0 0 0 0 0 0 0 0 0 0 0 0 0 0 0 0 0 0 0 0 0 0 0 0 0 0 0 0 0 0 0 0 0 0 0 0 0 0 0 0 0 0 0 0 0 0 0 0 0 0 0 0 0 0 0 0 0 0 0 0 0 0 0 0 0 0 0 0 0 0 0 0 0 0 0 0 0 0 0 0 0 0 0 0 0 0 0 0 0 0 0 0 0 0 0 0 0 0 0 0 0 0 0 0 0 0 0 0 0 0 385 0 0 0 0 0 0 0 0 0 0 0 0 0 0 0 0}
06-28 18:15:13.151  1114  1555 D NetdConnector: RCV <- {661 ReportType 0 0 0 0 0 0 0 0 0 0 0 0 0 0 0 0 0 0 0 0 0 0 0 0 0 0 0 0 0 0 0 0 0 0 0 0 0 0 0 0 0 0 0 0 0 0 0 0 0 0 0 0 0 0 0 0 0 0 0 0 0 0 0 0 0 0 0 0 0 0 0 0 0 0 0 0 0 0 0 0 0 0 0 0 0 0 0 0 0 0 0 0 0 0 0 0 0 0 0 0 0 0 0 0 0 0 0 0 0 0 0 0 0 0 0 0 0 0 0 0 0 0 0 0 0 0 0 0 0 0 0 0 0 0 0 0 0 0 0 0 0 0 0 0 0 0 0 0 0 0 0 0 0 0 0 0 0 0 0 0 0 0 0 0 0 0 0 0 0 0 0 0 0 0 0 0 0 0 0 0 0 0 0 0 0 0 0 0 0 0 0 0 0 0 0 0 0 0 0 0 0 0 0 0 0 0 0 0 0 0 0 0 0 0 0 0 0 0 0 0 0 0 0 0 0 0 0 0 0 ReportType 0 385 0 0 0 0 0 2 0 0 0 0 0 0 0 0 0 0 1 0 0 0 0 0 0 0 0 0 0 0 0 0 0 0 0 0 0 0 0 0 0 0 0 0 0 0 0 0 0 0 0 0 0 0 0 0 0 0 0 0 0 0 0 0 0 0 0 0 0 0 0 0 0 0 0 0 0 0 0 0 0 0 0 0 0 0 0 0 0 0 0 0 0 0 0 0 0 0 0 0 0 0 0 0 0 0 0 0 0 0 0 0 0 0 0 0 0 0 0 0 0 0 0 0 0 0 0 0 0 0 0 0 0 0 0 0 0 0 0 0 0 0 0 0 0 0 0 0 0 0 0 0 0 0 0 0 0 0 0 0 0 0 0 0 0 0 0 0 0 0 0 0 0 0 0 0 0 0 0 0 0 0 0 0 0 0 0 0 0 0 0 0 0 0 0 0 0 0 0 0 0 0 0 0 0 0 0 0 0 0 0 0 385 0 0 0 0 0 0 0 0 0 0 0 0 0 0 0 0}
06-28 18:15:13.152  1114  1240 D NetdConnector: RCV unsolicited event from native daemon, event = 661
06-28 18:15:13.157  1114  1240 D HwNetworkManagementService: onEvent receive Web Stat Report:661 ReportType 0 0 0 0 0 0 0 0 0 0 0 0 0 0 0 0 0 0 0 0 0 0 0 0 0 0 0 0 0 0 0 0 0 0 0 0 0 0 0 0 0 0 0 0 0 0 0 0 0 0 0 0 0 0 0 0 0 0 0 0 0 0 0 0 0 0 0 0 0 0 0 0 0 0 0 0 0 0 0 0 0 0 0 0 0 0 0 0 0 0 0 0 0 0 0 0 0 0 0 0 0 0 0 0 0 0 0 0 0 0 0 0 0 0 0 0 0 0 0 0 0 0 0 0 0 0 0 0 0 0 0 0 0 0 0 0 0 0 0 0 0 0 0 0 0 0 0 0 0 0 0 0 0 0 0 0 0 0 0 0 0 0 0 0 0 0 0 0 0 0 0 0 0 0 0 0 0 0 0 0 0 0 0 0 0 0 0 0 0 0 0 0 0 0 0 0 0 0 0 0 0 0 0 0 0 0 0 0 0 0 0 0 0 0 0 0 0 0 0 0 0 0 0 0 0 0 0 0 0 ReportType 0 385 0 0 0 0 0 2 0 0 0 0 0 0 0 0 0 0 1 0 0 0 0 0 0 0 0 0 0 0 0 0 0 0 0 0 0 0 0 0 0 0 0 0 0 0 0 0 0 0 0 0 0 0 0 0 0 0 0 0 0 0 0 0 0 0 0 0 0 0 0 0 0 0 0 0 0 0 0 0 0 0 0 0 0 0 0 0 0 0 0 0 0 0 0 0 0 0 0 0 0 0 0 0 0 0 0 0 0 0 0 0 0 0 0 0 0 0 0 0 0 0 0 0 0 0 0 0 0 0 0 0 0 0 0 0 0 0 0 0 0 0 0 0 0 0 0 0 0 0 0 0 0 0 0 0 0 0 0 0 0 0 0 0 0 0 0 0 0 0 0 0 0 0 0 0 0 0 0 0 0 0 0 0 0 0 0 0 0 0 0 0 0 0 0 0 0 0 0 0 0 0 0 0 0 0 0 0 0 0 0 0 385 0 0 0 0 0 0 0 0 0 0 0 0 0 0 0 0
06-28 18:15:13.423 31840 31842 D vndksupport: Loading /vendor/lib64/hw/android.hardware.graphics.mapper@2.0-impl.so from current namespace instead of sphal namespace.
06-28 18:15:13.424 31840 31842 D vndksupport: Loading /vendor/lib64/hw/gralloc.kirin970.so from current namespace instead of sphal namespace.
06-28 18:15:13.466   613   613 I chatty  : uid=1000(system) allocator@2.0-s expire 3 lines
06-28 18:15:13.628 30954 31775 D UIAutomatorStub: URI: /jsonrpc/0, Method: POST, params, {NanoHttpd.QUERY_STRING=null}, files: {postData={"jsonrpc": "2.0", "id": "60defd0f769f6125ffb349d0c3b971bf", "method": "makeToast", "params": ["HELLO ATX", 2000]}}
06-28 18:15:13.673   632   632 I HW_DISPLAY_EFFECT: hw_get_display_panel_type: panel info is blmax:8820,blmin:15,blmax_nit_actual:798,blmax_nit_standard:750,lcdtype:LCD,
06-28 18:15:13.673   632   632 I HW_DISPLAY_EFFECT: 
06-28 18:15:13.673   632   632 I HW_DISPLAY_EFFECT: hw_get_display_panel_type: lcd type is LCD
06-28 18:15:13.674 30954 30954 D TextView: get Display Panel Type is : 0
06-28 18:15:13.681  1952  2241 I chatty  : uid=1000(system) actions handler expire 11 lines
06-28 18:15:13.694 30954 30954 D HwAppInnerBoostImpl: set config for com.github.uiautomator BOOST_FLAG=true REPORT_DURATION_CLICK=1000 REPORT_TIMES_CLICK=3 REPORT_DURATION_SLIDE=5000 REPORT_TIMES_SLIDE=16
06-28 18:15:13.697 30954 30954 D OpenGLRenderer:   HWUI Binary is  enabled
06-28 18:15:13.697 30954 30954 D OpenGLRenderer: disableOutlineDraw is true
06-28 18:15:13.744  1114  4501 V WindowManager: addWindow: Window{a670099 u0 Toast}
06-28 18:15:13.792   613  2641 I chatty  : uid=1000(system) HwBinder:613_3 expire 23 lines
06-28 18:15:13.800 30954 31845 I ConfigStore: android::hardware::configstore::V1_0::ISurfaceFlingerConfigs::hasWideColorDisplay retrieved: 0
06-28 18:15:13.800 30954 31845 I ConfigStore: android::hardware::configstore::V1_0::ISurfaceFlingerConfigs::hasHDRDisplay retrieved: 0
06-28 18:15:13.805 30954 31845 I iGraphics: [0020080c] pn: com.github.uiautomator, p: 30954
06-28 18:15:13.807 30954 31845 I iGraphics: [0030080c] no spt app: com.github.uiautomator
06-28 18:15:13.807 30954 31845 I OpenGLRenderer: Initialized EGL, version 1.4
06-28 18:15:13.807 30954 31845 D OpenGLRenderer: Swap behavior 2
06-28 18:15:13.828 30954 31845 D mali_winsys: EGLint new_window_surface(egl_winsys_display *, void *, EGLSurface, EGLConfig, egl_winsys_surface **, EGLBoolean) returns 0x3000
06-28 18:15:13.828 30954 31845 D OpenGLRenderer:   HWUI Binary is  enabled
06-28 18:15:13.828 30954 31845 D OpenGLRenderer: disableOutlineDraw is true
06-28 18:15:13.891   650   933 I chatty  : uid=1000(system) unnamed expire 10 lines
06-28 18:15:14.669 31863 31865 D vndksupport: Loading /vendor/lib64/hw/android.hardware.graphics.mapper@2.0-impl.so from current namespace instead of sphal namespace.
06-28 18:15:14.670 31863 31865 D vndksupport: Loading /vendor/lib64/hw/gralloc.kirin970.so from current namespace instead of sphal namespace.
06-28 18:15:15.233   650   650 I chatty  : uid=1000(system) /system/bin/surfaceflinger expire 1574 lines
06-28 18:15:15.241 31872 31874 D vndksupport: Loading /vendor/lib64/hw/android.hardware.graphics.mapper@2.0-impl.so from current namespace instead of sphal namespace.
06-28 18:15:15.242 31872 31874 D vndksupport: Loading /vendor/lib64/hw/gralloc.kirin970.so from current namespace instead of sphal namespace.
06-28 18:15:15.349   646   646 E WifiHAL : enter wifi_get_link_stats
06-28 18:15:15.522  1114  9129 I ActivityManager: Force stopping com.mixgo.PropertySEO appid=10398 user=0: from pid 31877by app
06-28 18:15:15.524  1114  9129 I ActivityManager: Killing 31479:com.mixgo.PropertySEO/u0a398 (adj 0): stop com.mixgo.PropertySEOfrom pid 31877by app
06-28 18:15:15.526  1114  9129 D ActivityManager: cleanUpApplicationRecord app: ProcessRecord{7346025 31479:com.mixgo.PropertySEO/u0a398}, app.bad: false, restarting: false, allowRestart: true
06-28 18:15:15.528  1114  9129 W ActivityManager: Scheduling restart of crashed service com.mixgo.PropertySEO/cn.jpush.android.service.PushService in 1000ms
06-28 18:15:15.531  1114  9129 W ActivityManager: Force removing ActivityRecord{8810d16 u0 com.mixgo.PropertySEO/cn.jiguang.unity.push.UnityPluginActivity t205}: app died, no saved state
06-28 18:15:15.533  1114  9129 I chatty  : uid=1000(system) Binder:1114_18 expire 1 line
06-28 18:15:15.546  1114  9129 W WindowManager: Failed to take screenshot. No visible windows for {taskId=205 appTokens=[AppWindowToken{695b084 token=Token{5f37697 ActivityRecord{8810d16 u0 com.mixgo.PropertySEO/cn.jiguang.unity.push.UnityPluginActivity t205}}}] mdr=false}
06-28 18:15:15.547  1114  9129 V WindowManager: removeAppToken: AppWindowToken{695b084 token=Token{5f37697 ActivityRecord{8810d16 u0 com.mixgo.PropertySEO/cn.jiguang.unity.push.UnityPluginActivity t205}}} delayed=false Callers=com.android.server.wm.DisplayContent.removeAppToken:1059 com.android.server.wm.AppWindowContainerController.removeContainer:301 com.android.server.am.ActivityRecord.removeWindowContainer:1152 com.android.server.am.ActivityStack.removeActivityFromHistoryLocked:4507 
06-28 18:15:15.547  1114  9129 V WindowManager: removeIfPossible: Window{bb7c398 u0 com.mixgo.PropertySEO/cn.jiguang.unity.push.UnityPluginActivity}
06-28 18:15:15.548  1114  9129 V WindowManager: postWindowRemoveCleanupLocked: Window{bb7c398 u0 com.mixgo.PropertySEO/cn.jiguang.unity.push.UnityPluginActivity}
06-28 18:15:15.548  1114  9129 V WindowManager: Removing Window{bb7c398 u0 com.mixgo.PropertySEO/cn.jiguang.unity.push.UnityPluginActivity} from AppWindowToken{695b084 token=Token{5f37697 ActivityRecord{8810d16 u0 com.mixgo.PropertySEO/cn.jiguang.unity.push.UnityPluginActivity t205}}}
06-28 18:15:15.568  1114  9129 W HwActivityManagerServiceEx: setResumedActivityUncheckLocked start call, from: ActivityRecord{8810d16 u0 com.mixgo.PropertySEO/cn.jiguang.unity.push.UnityPluginActivity t-1 f}, to: ActivityRecord{bca02ee u0 com.huawei.android.launcher/.unihome.UniHomeLauncher t1}
06-28 18:15:15.568  1114  9129 W HwActivityManagerServiceEx: appSwitch from: com.mixgo.PropertySEO to: com.huawei.android.launcher
06-28 18:15:15.569  1114  1219 W HwActivityManagerServiceEx: HwActivityNotifier end call android.app.IHwActivityNotifier$Stub$Proxy@b0369a4 for returnToHome under user 0 cost 1
06-28 18:15:15.569  1114  1219 W HwActivityManagerServiceEx: HwActivityNotifier end call android.app.IHwActivityNotifier$Stub$Proxy@b3922e9 for appSwitch under user 0 cost 0
06-28 18:15:15.569  1114  1219 W HwActivityManagerServiceEx: HwActivityNotifier end call android.app.IHwActivityNotifier$Stub$Proxy@92d0b6e for appSwitch under user 0 cost 0
06-28 18:15:15.569  1869  1881 I chatty  : uid=1000(system) Binder:1869_1 expire 4 lines
06-28 18:15:15.572  1869  2319 I chatty  : uid=1000(system) EmcomThread expire 39 lines
06-28 18:15:15.575   648 25887 I chatty  : uid=1041(audioserver) Binder:648_8 expire 2 lines
06-28 18:15:15.575  1993 26431 D Activity: pivotX = 117.0, pivotY = 1653.0, iconWidth = 170, iconHeight = 170, iconWidth = 170, flag = 0
06-28 18:15:15.576  1114  9129 D HwPhoneWindowManager: sensorRotation = -1 lastRotation:0
06-28 18:15:15.577  1114  9129 V WindowManager: notifyAppResumed: wasStopped=true AppWindowToken{616761c token=Token{3fbf38f ActivityRecord{bca02ee u0 com.huawei.android.launcher/.unihome.UniHomeLauncher t1}}}
06-28 18:15:15.577  1952  2259 I chatty  : uid=1000(system) sdk thread expire 18 lines
06-28 18:15:15.579  2434  4069 E nearby  : CloseRangeAdapter:no such business type
06-28 18:15:15.580   626   979 I chatty  : uid=1041(audioserver) HwBinder:626_1 expire 78 lines
06-28 18:15:15.581   626  1281 I chatty  : uid=1041(audioserver) HwBinder:626_2 expire 45 lines
06-28 18:15:15.583   626  1520 I chatty  : uid=1041(audioserver) writer expire 38 lines
06-28 18:15:15.584  1114  9129 V WindowManager: Checking 1 opening apps (frozen=false timeout=false), Track: relayout performsurface
06-28 18:15:15.584  1114  9129 V WindowManager: Check opening app=AppWindowToken{616761c token=Token{3fbf38f ActivityRecord{bca02ee u0 com.huawei.android.launcher/.unihome.UniHomeLauncher t1}}}: allDrawn=false startingDisplayed=false startingMoved=false isRelaunching()=false startingWindow=null
06-28 18:15:15.586  1114  1456 V WindowManager: Checking 1 opening apps (frozen=false timeout=false), Track:  performsurface
06-28 18:15:15.586  1114  1456 V WindowManager: Check opening app=AppWindowToken{616761c token=Token{3fbf38f ActivityRecord{bca02ee u0 com.huawei.android.launcher/.unihome.UniHomeLauncher t1}}}: allDrawn=false startingDisplayed=false startingMoved=false isRelaunching()=false startingWindow=null
06-28 18:15:15.589  1869  7124 I chatty  : uid=1000(system) Binder:1869_6 expire 3 lines
06-28 18:15:15.589  1869  1885 I BoosterSwitchP: notifyUidState do nothing
06-28 18:15:15.589  1869  1885 I DeepNoDisturbP: notifyUidState
06-28 18:15:15.589  1869  1885 I HidataAppQoeP: notifyUidState
06-28 18:15:15.589  1869  1885 I BrowserChrP: notifyUidState
06-28 18:15:15.590  1114  9129 D HwLocationManagerService: on transact REMOVE_LOCATION_MODE uid is 10398 , packagename is com.mixgo.PropertySEO
06-28 18:15:15.590  1114  9129 D HwLocationManagerService: remove SupervisoryControlProc packagename=com.mixgo.PropertySEO
06-28 18:15:15.590  1993  2109 E HwLauncher: SettingsEx , no such field.
06-28 18:15:15.590  1114  9129 D HwLocationManagerService:  package has no request send yet
06-28 18:15:15.590  1993  2109 W HwLauncher: Clock getDataFormat the getSystemString failed.
06-28 18:15:15.593  2461  2612 D WorkSource: i1=0 i2=0 N1=0: insert 2434 com.huawei.iconnect
06-28 18:15:15.593  2461  2612 D WorkSource: Insert in WorkSource{} @ 0 uid 2434 name com.huawei.iconnect
06-28 18:15:15.593  1993  1993 D ZrHung.AppEyeUiProbe: notify runnable to start.
06-28 18:15:15.594  1993  2135 D ZrHung.AppEyeUiProbe: restart watching
06-28 18:15:15.594 25009 25022 I HiSearch9.0.2.303: [LauncherOverlayService]: LAUNCHER_INTERACTION from launcher and invoke id = -111
06-28 18:15:15.594 25009 25022 I HiSearch9.0.2.303: [LauncherOverlayService]: isOverlayClosed = true
06-28 18:15:15.594 25009 25022 I HiSearch9.0.2.303: [LauncherOverlayService]: LAUNCHER_INTERACTION from launcher and invoke, overlay closed, return. 
06-28 18:15:15.595  1952  2598 I chatty  : uid=1000(system) ThermalTraceThr expire 1 line
06-28 18:15:15.595   755   814 D dubaid  : [QueryService.cpp] handleRequestQueryData# start=1561716850612, end=1561716915577
06-28 18:15:15.597  1114  2570 D HwGameAssistantController: pid=1993, uid=10070, component=ComponentInfo{com.huawei.android.launcher/com.huawei.android.launcher.unihome.UniHomeLauncher}
06-28 18:15:15.597  1114  2570 I chatty  : uid=1000(system) Binder:1114_E expire 3 lines
06-28 18:15:15.597  1900  2185 I chatty  : uid=1000(system) OdmfCtrlThread expire 8 lines
06-28 18:15:15.597  1114  1243 D HwGameAssistantController: UPDATE: mCurFgPkg=com.huawei.android.launcher, mCurFgPid=1993, mCurIsGame=false
06-28 18:15:15.597  1114  4001 I chatty  : uid=1000(system) HwAPPQoEActivit expire 28 lines
06-28 18:15:15.597  1114  1219 W HwActivityManagerServiceEx: HwActivityNotifier end call android.app.IHwActivityNotifier$Stub$Proxy@88cf16b for activityLifeState under user 0 cost 0
06-28 18:15:15.597  1993 13270 D HwRecentsTaskUtils: refreshToCache
06-28 18:15:15.597  1993 13270 D HwRecentsTaskUtils: searchFromDate
06-28 18:15:15.597  1114  1621 I chatty  : uid=1000(system) HwAPPQoEStateMa expire 46 lines
06-28 18:15:15.598  2461  2661 D BluetoothAdapter: isLeEnabled(): ON
06-28 18:15:15.600  1667  2234 I bt_stack: [INFO:gatt_api.cc(950)] GATT_Register b0eea196-9159-bcdf-b768-c4a652d2c094
06-28 18:15:15.600  1667  2234 I bt_stack: [INFO:gatt_api.cc(970)] allocated gatt_if=6
06-28 18:15:15.600  1114  1817 V WindowManager: Checking 1 opening apps (frozen=false timeout=false), Track: relayout performsurface
06-28 18:15:15.600  1114  1817 V WindowManager: Check opening app=AppWindowToken{616761c token=Token{3fbf38f ActivityRecord{bca02ee u0 com.huawei.android.launcher/.unihome.UniHomeLauncher t1}}}: allDrawn=false startingDisplayed=false startingMoved=false isRelaunching()=false startingWindow=null
06-28 18:15:15.601  1869  1869 I HwCoreAppHelperService: LocalReceiver receives:android.intent.action.PACKAGE_RESTARTED,pkg:com.mixgo.PropertySEO,uid:10398
06-28 18:15:15.601  2461  2482 D BluetoothLeScanner: onScannerRegistered() - status=0 scannerId=6 mScannerId=0
06-28 18:15:15.602  1667  2633 W Bth-btfreeze: BluetoothFreeze:tag: 181  uid: 1000  pid: 2461
06-28 18:15:15.602  3045  3045 E NfcNci  : NfcUtils error: APP do not have nfc permission
06-28 18:15:15.602  3045  3045 E NfcNci  : NfcUtils error: APP do not have nfc permission
06-28 18:15:15.602  1114  1114 V AlarmManager: UninstallReceiver onReceive action:android.intent.action.PACKAGE_RESTARTED
06-28 18:15:15.602  1114  1114 I AlarmManager: remove com.android.server.-$$Lambda$AlarmManagerService$qehVSjTLWvtJYPGgKh2mkJ6ePnk@bedf737 according to uid:10398
06-28 18:15:15.603  1114  1223 I chatty  : uid=1000(system) android.ui expire 17 lines
06-28 18:15:15.604  1952  2773 I chatty  : uid=1000(system) GameSdkManagerT expire 5 lines
06-28 18:15:15.604  1114  1114 V NotificationListeners: enabling notification listener for 0: ComponentInfo{com.baidu.searchbox/com.baidu.searchbox.lockscreen.notification.NotificationMonitorService}
06-28 18:15:15.604  1869  1885 I BoosterSwitchP: notifyUidState do nothing
06-28 18:15:15.604  1869  1885 I DeepNoDisturbP: notifyUidState
06-28 18:15:15.604  1869  1885 I HidataAppQoeP: notifyUidState
06-28 18:15:15.604  1869  1885 I BrowserChrP: notifyUidState
06-28 18:15:15.605  1114  1114 V NotificationListeners: binding: Intent { act=android.service.notification.NotificationListenerService cmp=com.baidu.searchbox/.lockscreen.notification.NotificationMonitorService (has extras) }
06-28 18:15:15.605  1114  1114 W NotificationListeners: Unable to bind notification listener service: Intent { act=android.service.notification.NotificationListenerService cmp=com.baidu.searchbox/.lockscreen.notification.NotificationMonitorService (has extras) }
06-28 18:15:15.605  1114  1114 W NotificationListeners: Not binding notification listener service ComponentInfo{android/com.android.server.emcom.grabservice.NotificationListener}: service not found
06-28 18:15:15.605  1114  1114 W NotificationAssistants: rebindServices() ignore for NotificationAssistantService
06-28 18:15:15.605  1969  1969 D CarrierSvcBindHelper: No carrier app for: 0
06-28 18:15:15.607  1993 13270 I RecentsTaskLoadPlan: to show tasks size is 7
06-28 18:15:15.607  1114  1817 V HwPhoneWindowManager: updateSystemUiColorLw window=Window{12f7b0d u0 com.huawei.android.launcher/com.huawei.android.launcher.unihome.UniHomeLauncher},EmuiStyle=-1,StatusBarColor=0xfff2f2f2,NavigationBarColor=0x0, mLastIsEmuiLightStyle=-1, mForceNotchStatusBar=false
06-28 18:15:15.608  1114  1817 I chatty  : uid=1000(system) Binder:1114_6 expire 2 lines
06-28 18:15:15.608  1969  1969 D CarrierSvcBindHelper: No carrier app for: 1
06-28 18:15:15.609  1993  2177 D mali_winsys: EGLint new_window_surface(egl_winsys_display *, void *, EGLSurface, EGLConfig, egl_winsys_surface **, EGLBoolean) returns 0x3000
06-28 18:15:15.611  6701  6759 I [HwRecSys]OdmfCollectScheduler: handleMessage msg: 6
06-28 18:15:15.611  6701  6759 E [HwRecSys]HwRecSysService: Rec sys service not started.
06-28 18:15:15.611  1114  9129 I HwAudioService: now type = 255,reportForegroundAppType = 255,pkg = null,systemload = 255mVoipOptimizeInGameModetrue
06-28 18:15:15.611  1114  2469 I HwNetworkPolicy: onTransact, code = 203
06-28 18:15:15.613  2017  2506 I HwNetworkPolicyManager: getHwUidPolicy uid = 10070 policy = 0
06-28 18:15:15.624  1114  1114 I WindowManager: notifyAccessibilityButtonVisibilityChanged visible:true
06-28 18:15:15.625  1114  1456 V WindowManager: Checking 1 opening apps (frozen=false timeout=false), Track:  performsurface
06-28 18:15:15.625  1114  1456 V WindowManager: Check opening app=AppWindowToken{616761c token=Token{3fbf38f ActivityRecord{bca02ee u0 com.huawei.android.launcher/.unihome.UniHomeLauncher t1}}}: allDrawn=false startingDisplayed=false startingMoved=false isRelaunching()=false startingWindow=null
06-28 18:15:15.626   648  8584 I chatty  : uid=1041(audioserver) Binder:648_6 expire 59 lines
06-28 18:15:15.627  1993  1993 W HwLauncher: FolderIcon drawSelectedLabel bitmap null
06-28 18:15:15.628  1993  1993 I chatty  : uid=10070(com.huawei.android.launcher) identical 2 lines
06-28 18:15:15.631  1993  1993 W HwLauncher: FolderIcon drawSelectedLabel bitmap null
06-28 18:15:15.633  1993 26431 D HwRecentsTaskUtils: refreshToCache
06-28 18:15:15.633  1993 26431 D HwRecentsTaskUtils: searchFromDate
06-28 18:15:15.641  1993 26431 I RecentsTaskLoadPlan: to show tasks size is 7
06-28 18:15:15.649   755  1474 I dubaid  : [AbnormalityRoutine.cpp] sendPowerpush# 1000:android.hardware.graphics.composer@2.2-service:0.023:57280:1765#1000:vendor.huawei.hardware.hwdisplay.displayengine@:0.016:39588:1234
06-28 18:15:15.657  1114  2564 I chatty  : uid=1000(system) Binder:1114_D expire 4 lines
06-28 18:15:15.662  1114  8995 I chatty  : uid=1000(system) Binder:1114_17 expire 24 lines
06-28 18:15:15.663  1114  9173 D MediaRouterService: Client com.mixgo.PropertySEO (pid 31479): Died!
06-28 18:15:15.664  1114  1114 D MediaRouterService: onAudioPlayerActiveStateChanged: uid=10398, active=false, delaying
06-28 18:15:15.664  1667  2633 V AudioManager: mPlaybackCallbackList.size:1
06-28 18:15:15.664  1667  2475 D AudioManager: dispatching onPlaybackConfigChanged()
06-28 18:15:15.665   576   576 I Zygote  : Process 31479 exited due to signal (9)
06-28 18:15:15.665   789   789 D SensorHub: enableSensor-> handle: 0 enable : 0
06-28 18:15:15.665  1724  8247 I CommandQueue: updateBarBgColor
06-28 18:15:15.665  1724  8247 D CommandQueue: CommandQueue, setBarBackgroundColor
06-28 18:15:15.665   789   789 D SensorHub: Channel activate-> handle: 0, enabled:0, err: 0
06-28 18:15:15.665  1114  1242 W ActivityManager: setHasOverlayUi called on unknown pid: 31479
06-28 18:15:15.665   789   789 D SensorHub: lib ver is 15
06-28 18:15:15.665   789   789 E SensorHub: get_acc_convert_coff = 1000.000000
06-28 18:15:15.666  1724  1724 D TintManager: statusBarIconTint=99000000,navigationBarIconTint=99ffffff
06-28 18:15:15.672  1952  2110 I chatty  : uid=1000(system) core expire 45 lines
06-28 18:15:15.673  1993  1993 I ViewRootImpl: jank_removeInvalidNode all the node in jank list is out of time
06-28 18:15:15.674  1993  1993 W InputMethodManager: startInputReason = 1
06-28 18:15:15.675  1724  1724 D StatusBarIconController: setIconVisibility icon is null or visibility not change visibility=true
06-28 18:15:15.679  1114  1456 V WindowManager_visibility: updateAllDrawn Add AppWindowToken{616761c token=Token{3fbf38f ActivityRecord{bca02ee u0 com.huawei.android.launcher/.unihome.UniHomeLauncher t1}}}
06-28 18:15:15.680  1114  1456 V WindowManager_visibility: updateAllDrawn allDrawn=false interesting=1 drawn=1 relaunchCount=0 for AppWindowToken{616761c token=Token{3fbf38f ActivityRecord{bca02ee u0 com.huawei.android.launcher/.unihome.UniHomeLauncher t1}}}
06-28 18:15:15.680  1114  1456 V WindowManager: Checking 1 opening apps (frozen=false timeout=false), Track:  performsurface
06-28 18:15:15.680  1114  1456 V WindowManager: Check opening app=AppWindowToken{616761c token=Token{3fbf38f ActivityRecord{bca02ee u0 com.huawei.android.launcher/.unihome.UniHomeLauncher t1}}}: allDrawn=true startingDisplayed=false startingMoved=false isRelaunching()=false startingWindow=null
06-28 18:15:15.680  1114  1456 I WindowManager: closing apps count = 0
06-28 18:15:15.681  1724  1724 D ImageWallpaper: onVisibilityChanged: mVisible, visible=false, true
06-28 18:15:15.681  1724  1724 D ImageWallpaper: Visibility changed to visible=true
06-28 18:15:15.682  1724  1724 D ImageWallpaper: Suppressed drawFrame since redraw is not needed and offsets have not changed.sf=Rect(0, 0 - 2244, 2244)
06-28 18:15:15.683   508   508 D pmomd   : dubai_send_data# new inquires arrived, timestamp=1561716915683
06-28 18:15:15.683   508   508 D pmomd   : free_list# free list, count=0
06-28 18:15:15.683   508   508 D pmomd   : add_element# add element, count=1
06-28 18:15:15.683   508   508 D pmomd   : add_driver_data# add driver data
06-28 18:15:15.683   508   508 D pmomd   : add_element# add element, count=2
06-28 18:15:15.683   508   508 D pmomd   : add_1x_cas_data# add 1x cas data
06-28 18:15:15.683   508   508 D pmomd   : add_element# add element, count=3
06-28 18:15:15.683   508   508 D pmomd   : add_was_data# add was data modemId:10 fach:0 urapch:0 cellpch:0 dch:0 idle:9790
06-28 18:15:15.683   508   508 D pmomd   : add_element# add element, count=4
06-28 18:15:15.683   508   508 D pmomd   : add_was_data# add was data modemId:266 fach:0 urapch:0 cellpch:0 dch:0 idle:9790
06-28 18:15:15.683   508   508 D pmomd   : add_element# add element, count=5
06-28 18:15:15.683   508   508 D pmomd   : add_1x_cproc_data# add 1x cproc data
06-28 18:15:15.683   508   508 D pmomd   : send_data# send buffered log, buf_length=512, head_length=8, data_length=504
06-28 18:15:15.685   508   508 D pmomd   : free_list# free list, count=5
06-28 18:15:15.688  1114  1114 D LocationManagerServiceUtil: ServiceStateChanged numeric = 46003
06-28 18:15:15.688  1114  1114 D LocationManagerServiceUtil: ServiceStateChanged use pkgName = com.huawei.lbs
06-28 18:15:15.689  1114  1561 I chatty  : uid=1000(system) WifiService expire 31 lines
06-28 18:15:15.689  1114  1812 I chatty  : uid=1000(system) LocationThread expire 2 lines
06-28 18:15:15.689  3189  3189 D HiBoard_a: onServiceStateChanged 
06-28 18:15:15.689  3189  3189 E HiBoard_a: onServiceStateChanged : service state is 1
06-28 18:15:15.690  1114  1619 I chatty  : uid=1000(system) HwArbitrationSt expire 34 lines
06-28 18:15:15.691  1900  2108 I chatty  : uid=1000(system) HwWifiStatStore expire 10 lines
06-28 18:15:15.692  1114  1114 D HwMultiNlpPolicy: PhoneStateListener 0, mDataSub 0
06-28 18:15:15.692  1114  1456 I WindowManager: exit info has been reset.
06-28 18:15:15.692  1114  1114 D HwMultiNlpPolicy: setSimCardReady 1
06-28 18:15:15.692  1114  1114 D HwMultiNlpPolicy: setRegistedNetwork 46003
06-28 18:15:15.696  1849  1849 D HwLBSService DeviceStatusMonitor: DEVICE_NETWORK_ROAMING_OFF
06-28 18:15:15.696  1849  4959 D HwLBSService HigeoLocationManager: receive message: 2
06-28 18:15:15.697  1849  1849 D TelephonyManager: getAllCellInfo calling app is com.huawei.lbs
06-28 18:15:15.699  1114  1217 D CountryDetector: isValidCountryIso: CN
06-28 18:15:15.699  1969  2634 W PhoneInterfaceManager: shouldBlockLocation running ...
06-28 18:15:15.699  1969  2634 I PhoneInterfaceManager: shouldBlockLocation  ret:false
06-28 18:15:15.702  1969  1969 D ServiceStateProvider: subId=0
06-28 18:15:15.708  1114  1645 I chatty  : uid=1000(system) HwIntelligenceS expire 12 lines
06-28 18:15:15.708  1114  8995 D HwNetworkManagementService: code == CODE_SET_CHR_REPORT_APP_LIST
06-28 18:15:15.708  1114  8995 D NetdConnector: SND -> {2427 chr appuid set 20 7}
06-28 18:15:15.712   574   606 D CommandListener: chr: ChrCmd::runCommand argc=5
06-28 18:15:15.713  1114  1555 D NetdConnector: RCV <- {200 2427 set appuid succeeded}
06-28 18:15:15.713  1114  1555 D NetdConnector: RCV <- {200 2427 set appuid succeeded}
06-28 18:15:15.713  1969  1969 D Telephony-TelecomAccountRegistry: onServiceStateChanged0 newState : 1, mServiceState : 1
06-28 18:15:15.715  1114  8995 D HwNetworkManagementService: chr appuid set:200 2427 set appuid succeeded
06-28 18:15:15.721  1724  1724 D ImageWallpaper: onOffsetsChanged: xOffset=0.0, yOffset=0.0, xOffsetStep=0.0, yOffsetStep=0.0, xPixels=0, yPixels=0
06-28 18:15:15.721  1724  1724 D ImageWallpaper: Suppressed drawFrame since redraw is not needed and offsets have not changed.sf=Rect(0, 0 - 2244, 2244)
06-28 18:15:15.721  1724  1724 D BarTransitions.HwPhoneStatusBarView: MODE_TRANSPARENT -> MODE_TRANSLUCENT animate=false
06-28 18:15:15.721  1724  1724 D BarTransitions.HwPhoneStatusBarView: applyModeBackground oldMode=MODE_TRANSPARENT newMode=MODE_TRANSLUCENT animate=false
06-28 18:15:15.721  1724  1724 D BarTransitions.HwNavigationBarView: MODE_TRANSPARENT -> MODE_TRANSLUCENT animate=false
06-28 18:15:15.721  1724  1724 D BarTransitions.HwNavigationBarView: applyModeBackground oldMode=MODE_TRANSPARENT newMode=MODE_TRANSLUCENT animate=false
06-28 18:15:15.722  1114  1222 W BroadcastQueue: Permission Denial: broadcasting Intent { act=android.intent.action.SERVICE_STATE flg=0x1000010 (has extras) } from android (pid=1969, uid=1001) requires com.huawei.cust.android.phone.permission.HW_LTEONLY due to registered receiver BroadcastFilter{fc42f42 u0 ReceiverList{ef1e18d 1969 com.android.phone/1001/u0 remote:d71224}}
06-28 18:15:15.725  2796  2796 V DownloadManager: Service state changed: Bundle[mParcelledData.dataSize=1316]
06-28 18:15:15.725  2796  2796 V DownloadManager: roaming ------> false
06-28 18:15:15.725  2796  2796 V DownloadManager: auto download without roaming -> true
06-28 18:15:15.726  2796  2796 V DownloadManager: auto download during roaming -> false
