06-28 18:14:28.270  3093  5483 E NetRec  : 	at com.android.volley.NetworkDispatcher.a(:com.google.android.gms@14799037@14.7.99 (100400-223214910):6)
06-28 18:14:28.270  3093  5483 E NetRec  : 	at com.android.volley.NetworkDispatcher.run(:com.google.android.gms@14799037@14.7.99 (100400-223214910):2)
06-28 18:14:28.270  3093  5483 E NetRec  : Caused by: ppw: 29503: 
06-28 18:14:28.270  3093  5483 E NetRec  : 	at pvq.a(:com.google.android.gms@14799037@14.7.99 (100400-223214910):3)
06-28 18:14:28.270  3093  5483 E NetRec  : 	at akei.b(:com.google.android.gms@14799037@14.7.99 (100400-223214910):3)
06-28 18:14:28.270  3093  5483 E NetRec  : 	at akgx.a(:com.google.android.gms@14799037@14.7.99 (100400-223214910):7)
06-28 18:14:28.270  3093  5483 E NetRec  : 	at yax.a(:com.google.android.gms@14799037@14.7.99 (100400-223214910):5)
06-28 18:14:28.270  3093  5483 E NetRec  : 	at ybc.run(:com.google.android.gms@14799037@14.7.99 (100400-223214910):34)
06-28 18:14:28.270  3093  5483 E NetRec  : 	at beyi.run(:com.google.android.gms@14799037@14.7.99 (100400-223214910):2)
06-28 18:14:28.270  3093  5483 E NetRec  : 	at qwc.run(:com.google.android.gms@14799037@14.7.99 (100400-223214910):21)
06-28 18:14:28.270  3093  5483 E NetRec  : 	at java.util.concurrent.ThreadPoolExecutor.runWorker(ThreadPoolExecutor.java:1167)
06-28 18:14:28.270  3093  5483 E NetRec  : 	at java.util.concurrent.ThreadPoolExecutor$Worker.run(ThreadPoolExecutor.java:641)
06-28 18:14:28.270  3093  5483 E NetRec  : 	at rbx.run(Unknown Source:7)
06-28 18:14:28.270  3093  5483 E NetRec  : 	at java.lang.Thread.run(Thread.java:784)
06-28 18:14:28.270  3093  5483 W NetRec  : [258] ahqw.a: No server tokens extracted.
06-28 18:14:28.599 31479 31592 I chatty  : uid=10398(com.mixgo.PropertySEO) expire 634 lines
06-28 18:14:28.648  1114  1561 I chatty  : uid=1000(system) WifiService expire 30 lines
06-28 18:14:28.684   776  2993 E Thermal-daemon: current_STD > IT_STD, result invalid. 
06-28 18:14:28.684   776  2993 E Thermal-daemon: device current too high (-71), during charging or current std is invalid. 
06-28 18:14:28.684   776  2993 E Thermal-daemon: latest temp -40000 at 2019/6/28, 10h:14m:28s.
06-28 18:14:28.684   776  2993 E Thermal-daemon: write_fd_value: /sys/class/hw_thermal/temp/ambient failed. count = -1, sizeof(data) = 4096 
06-28 18:14:28.684   776  2993 E Thermal-daemon: write amebient temp to node failed. 
06-28 18:14:29.063 30954 31775 W QueryController: Could not detect idle state.
06-28 18:14:29.065 30954 31775 W AccessibilityInteractionClient: old interaction Id is: -1,current interaction Id is:16
06-28 18:14:29.070 30954 31775 W AccessibilityInteractionClient: old interaction Id is: -1,current interaction Id is:17
06-28 18:14:30.007   646   646 E WifiHAL : enter wifi_get_link_stats
06-28 18:14:30.024  1114  1562 I chatty  : uid=1000(system) WifiStateMachin expire 22 lines
06-28 18:14:30.026   626  1582 I chatty  : uid=1041(audioserver) effect expire 10 lines
06-28 18:14:30.078 30954 31775 W QueryController: Could not detect idle state.
06-28 18:14:30.081 30954 31775 W AccessibilityInteractionClient: old interaction Id is: -1,current interaction Id is:18
06-28 18:14:30.087 30954 31775 W AccessibilityInteractionClient: old interaction Id is: -1,current interaction Id is:19
06-28 18:14:31.095 30954 31775 W QueryController: Could not detect idle state.
06-28 18:14:31.097 30954 31775 W AccessibilityInteractionClient: old interaction Id is: -1,current interaction Id is:20
06-28 18:14:31.102 30954 31775 W AccessibilityInteractionClient: old interaction Id is: -1,current interaction Id is:21
06-28 18:14:31.405  1900  6633 I chatty  : uid=1000(system) Binder:1900_7 expire 9 lines
06-28 18:14:31.405  1114  9129 I BackgroundPermManager: pkgName: com.mixgo.PropertySEO,pid: 31479 ,uidOf3RdApk: 10398 ,permType: 2 ,permCfg: 0
06-28 18:14:31.407  1849  1849 I chatty  : uid=1000(system) com.huawei.lbs expire 47 lines
06-28 18:14:31.408  1952  2110 I chatty  : uid=1000(system) core expire 15 lines
06-28 18:14:31.414  1114  2564 I NetworkStats: openSessionForUsageStats, pid = 1849, pkg = com.huawei.lbs
06-28 18:14:31.414  1114  2564 I NetworkStats: openSessionInternal,pid = 1849
06-28 18:14:31.416  1114  2564 I NetworkStats: performPollLocked, pid = 1114
06-28 18:14:31.417  1114  4501 D HwLocationManagerService: uid is 10398 , isWifiConn is true , isMobileConn is false
06-28 18:14:31.417  1114  4501 I HwNetworkPolicy: onTransact, code = 203
06-28 18:14:31.417  1114  4501 I HwNetworkPolicyManager: getHwUidPolicy uid = 10398 policy = 0
06-28 18:14:31.417  1114  4501 D HwLocationManagerService: policy is 0 , wifiAccess is true, mobileAccess is true
06-28 18:14:31.417  1114  4501 D HwLocationManagerService: wifiAvaiable is true , mobileAvailable is false
06-28 18:14:31.424  1114  4501 I BackgroundPermManager: pkgName: com.mixgo.PropertySEO,pid: 31479 ,uidOf3RdApk: 10398 ,permType: 2 ,permCfg: 1
06-28 18:14:31.430  1114  1813 I chatty  : uid=1000(system) LocationManager expire 4 lines
06-28 18:14:31.443  1114  2564 W NetworkStatsFactory: mStatsXtProcUid: /proc/net/comm/stats does not exist!
06-28 18:14:31.443  1114  2564 D HwNetworkStatsService: hwRecordUidAndProcSnapshotLocked currentTime = 1561716871416
06-28 18:14:31.456  1114  2564 I NetworkStatsFactory: javaReadNetworkStatsUidAndProcDetail. cost time = 13
06-28 18:14:31.461  1114  2564 D HwNetworkStatsService: hwMaybeUidAndProcPersistLocked currentTime = 1561716871416
06-28 18:14:31.473  2017  2247 E HSM_BG  : NatTrafficNotifyService:imsi is null, so return
06-28 18:14:31.476  1114  2564 I NetworkStats: openSessionForUsageStats, pid = 1849, pkg = com.huawei.lbs
06-28 18:14:31.476  1114  2564 I NetworkStats: openSessionInternal,pid = 1849
06-28 18:14:31.477  1114  2564 I NetworkStats: performPollLocked, pid = 1114
06-28 18:14:31.497  1114  2564 W NetworkStatsFactory: mStatsXtProcUid: /proc/net/comm/stats does not exist!
06-28 18:14:31.497  1114  2564 D HwNetworkStatsService: hwRecordUidAndProcSnapshotLocked currentTime = 1561716871476
06-28 18:14:31.510  1114  2564 I NetworkStatsFactory: javaReadNetworkStatsUidAndProcDetail. cost time = 13
06-28 18:14:31.514  1114  2564 D HwNetworkStatsService: hwMaybeUidAndProcPersistLocked currentTime = 1561716871476
06-28 18:14:31.523   589  2303 I ArHal   : (ar_data_get_state:1225):id[2]
06-28 18:14:31.525  2017  2247 E HSM_BG  : NatTrafficNotifyService:imsi is null, so return
06-28 18:14:31.528   589  2303 I ArHal   : (ar_data_get_state:1225):id[2]
06-28 18:14:31.534   589  2303 I ArHal   : (ar_data_get_state:1225):id[2]
06-28 18:14:31.543  1114  2564 D WifiService: startScan, pid:1849, uid:1000, appName:com.huawei.lbs
06-28 18:14:31.544  1920  7189 D ARMoudle.HwActivityRecognition: getCurrentActivityExtend
06-28 18:14:31.545   589  2303 I ArHal   : (ar_data_get_state:1225):id[2]
06-28 18:14:31.547  1920  7189 D ARMoudle.HwActivityRecognition: hwActivityEvent:[ ActivityChangedExtendEvent:
06-28 18:14:31.547  1920  7189 D ARMoudle.HwActivityRecognition:     Activity='android.activity_recognition.relative_still', EventType=1, TimestampNs=104713889309269, Confidence=0
06-28 18:14:31.547  1920  7189 D ARMoudle.HwActivityRecognition:     Activity='android.activity_recognition.still', EventType=1, TimestampNs=117942089442914, Confidence=100
06-28 18:14:31.547  1920  7189 D ARMoudle.HwActivityRecognition: ]
06-28 18:14:31.548  1114  2564 D HwWifiService: Get wifiScanStrategy from iAware, WifiScanStrategy = [mCycle=1800000, mTimeStamp=117942089]
06-28 18:14:32.109 30954 31775 W QueryController: Could not detect idle state.
06-28 18:14:32.112 30954 31775 W AccessibilityInteractionClient: old interaction Id is: -1,current interaction Id is:22
06-28 18:14:32.117 30954 31775 W AccessibilityInteractionClient: old interaction Id is: -1,current interaction Id is:23
06-28 18:14:32.514   635   635 I chatty  : uid=1000(system) hwsched@1.0-ser expire 25 lines
06-28 18:14:32.594   776   776 E Thermal-daemon: [ap] temp_new :42  temp_old :43
06-28 18:14:32.595  1952  1966 I chatty  : uid=1000(system) Binder:1952_1 expire 6 lines
06-28 18:14:32.595   776   776 E Thermal-daemon: Report temperature: [ap] temp :42  report_threshold:1
06-28 18:14:32.595  1952  2586 I chatty  : uid=1000(system) thermal-core-th expire 15 lines
06-28 18:14:32.596   638   638 I uniperf server: setConfig clientId=2, tagLen=1, tags[0]=7, configs[0]=1863000
06-28 18:14:32.598  1114  2564 I HwNormalizedAutomaticBrightnessController: ThermalMode set auto MaxBrightness=216,mappingBrightness=216
06-28 18:14:32.598  1114  1246 I DisplayPowerController: mPowerRequest.useSmartBacklight : false
06-28 18:14:33.029   646   646 E WifiHAL : enter wifi_get_link_stats
06-28 18:14:33.123 30954 31775 W QueryController: Could not detect idle state.
06-28 18:14:33.125 30954 31775 W AccessibilityInteractionClient: old interaction Id is: -1,current interaction Id is:24
06-28 18:14:33.129 30954 31775 W AccessibilityInteractionClient: old interaction Id is: -1,current interaction Id is:25
06-28 18:14:33.282   648  1284 I chatty  : uid=1041(audioserver) AudioOut_D expire 492 lines
06-28 18:14:33.864  1900  2108 I chatty  : uid=1000(system) HwWifiStatStore expire 17 lines
06-28 18:14:34.134 30954 31775 W QueryController: Could not detect idle state.
06-28 18:14:34.137 30954 31775 W AccessibilityInteractionClient: old interaction Id is: -1,current interaction Id is:26
06-28 18:14:34.141 30954 31775 W AccessibilityInteractionClient: old interaction Id is: -1,current interaction Id is:27
06-28 18:14:34.881  1920  2842 I HwNaturalBase: [ServiceGuarder]: 34Mb ram is used.
06-28 18:14:34.948   731   731 W irqbalance: type=1400 audit(0.0:36072): avc: denied { dac_override } for capability=1 scontext=u:r:irqbalance:s0 tcontext=u:r:irqbalance:s0 tclass=capability permissive=0
06-28 18:14:34.948   731   731 W irqbalance: type=1400 audit(0.0:36073): avc: denied { dac_override } for capability=1 scontext=u:r:irqbalance:s0 tcontext=u:r:irqbalance:s0 tclass=capability permissive=0
06-28 18:14:34.952   731   731 W irqbalance: type=1400 audit(0.0:36083): avc: denied { dac_override } for capability=1 scontext=u:r:irqbalance:s0 tcontext=u:r:irqbalance:s0 tclass=capability permissive=0
06-28 18:14:34.953   731   731 I irqbalance: Centralize irq 15 to cpu 0
06-28 18:14:34.954   731   731 I irqbalance: Centralize irq 80 to cpu 0
06-28 18:14:34.954   731   731 I irqbalance: Centralize irq 69 to cpu 0
06-28 18:14:34.954   731   731 I irqbalance: Centralize irq 16 to cpu 0
06-28 18:14:34.955   731   731 I irqbalance: Centralize irq 58 to cpu 0
06-28 18:14:34.955   731   731 I irqbalance: Centralize irq 67 to cpu 0
06-28 18:14:34.955   731   731 I irqbalance: Centralize irq 455 to cpu 0
06-28 18:14:34.955   731   731 I irqbalance: Centralize irq 56 to cpu 0
06-28 18:14:34.956   731   731 I irqbalance: Centralize irq 70 to cpu 0
06-28 18:14:34.956   731   731 I irqbalance: Centralize irq 79 to cpu 0
06-28 18:14:34.956   731   731 I irqbalance: Centralize irq 112 to cpu 0
06-28 18:14:34.956   731   731 I irqbalance: Centralize irq 128 to cpu 0
06-28 18:14:35.084  1114  1114 D JobScheduler.Time: Delay-expired alarm fired
06-28 18:14:35.085  1114  1114 I JobScheduler.Time: onControllerStateChanged
06-28 18:14:35.089  1114  1114 W HwAlarmManagerService: isContainsAppUidInWorksource-->happend NameNotFoundException
06-28 18:14:35.090  1114  1114 W HwAlarmManagerService: isContainsAppUidInWorksource-->happend NameNotFoundException
06-28 18:14:35.090  1114  2564 I chatty  : uid=1000(system) Binder:1114_D expire 10 lines
06-28 18:14:35.090  1114  1114 I HwAlarmManagerService: hwSetAlarm listenerTag: *job.delay*
06-28 18:14:35.091  1114  1114 I JobScheduler.Time: mNextDelayExpiredElapsedMillis: 118074683
06-28 18:14:35.091  1114  1114 D JobScheduler: Maybe queuing ready jobs...
06-28 18:14:35.092  1114  4501 V BroadcastQueue: Finished with ordered broadcast BroadcastRecord{21c7a50 u0 com.google.android.gms.gcm.ACTION_CHECK_QUEUE}
06-28 18:14:35.133  3093  4349 D WorkSource: Insert in WorkSource{} @ 0 uid 10021 name com.google.android.gms
06-28 18:14:35.134  3093  4349 D WorkSource: Insert in WorkSource{} @ 0 uid 10021 name com.google.android.gms
06-28 18:14:35.136  1114  4501 I chatty  : uid=1000(system) Binder:1114_10 expire 1 line
06-28 18:14:35.146 31128 31128 I Finsky  : [1] com.google.android.finsky.scheduler.JobSchedulerEngine$PhoneskyJobSchedulerJobService.onStartJob(3): onJobSchedulerWakeup with jobId 9000
06-28 18:14:35.146  1114  4501 I JobScheduler.Time: onControllerStateChanged
06-28 18:14:35.147  1114  4501 W HwAlarmManagerService: isContainsAppUidInWorksource-->happend NameNotFoundException
06-28 18:14:35.147  1114  4501 W HwAlarmManagerService: isContainsAppUidInWorksource-->happend NameNotFoundException
06-28 18:14:35.151  1114  4501 I HwAlarmManagerService: hwSetAlarm listenerTag: *job.delay*
06-28 18:14:35.151  1114  4501 I JobScheduler.Time: mNextDelayExpiredElapsedMillis: 118197151
06-28 18:14:35.152 30954 31775 W QueryController: Could not detect idle state.
06-28 18:14:35.152 31128 31128 I Finsky  : [1] nvu.a(21): Scheduling fallback job with id: 9034, and delay: 43200000 ms
06-28 18:14:35.156 30954 31775 W AccessibilityInteractionClient: old interaction Id is: -1,current interaction Id is:28
06-28 18:14:35.156  1114  1114 D JobScheduler: queuing all ready jobs for execution:
06-28 18:14:35.157  3093  4349 D WorkSource: Insert in WorkSource{} @ 0 uid 10021 name com.google.android.gms
06-28 18:14:35.158  1114 12415 W HwAlarmManagerService: isContainsAppUidInWorksource-->happend NameNotFoundException
06-28 18:14:35.158  1114 12415 W HwAlarmManagerService: isContainsAppUidInWorksource-->happend NameNotFoundException
06-28 18:14:35.161 30954 31775 W AccessibilityInteractionClient: old interaction Id is: -1,current interaction Id is:29
06-28 18:14:35.161  1114  1114 W ProcBatteryStats: timer is running , not start, name: , uid: 10025, tag: *job*/com.android.vending/com.google.android.finsky.scheduler.JobSchedulerEngine$PhoneskyJobSchedulerJobService
06-28 18:14:35.161  1114  2564 I AlarmManager: remove alarm:Alarm{8179381 type 2 when 182842252 PendingIntent{25908d4: PendingIntentRecord{ca83d5c com.android.vending broadcastIntent}}com.android.vending} according to operation:8654368
06-28 18:14:35.165 31128 31128 I Finsky  : [1] nvu.a(5): Scheduling fallback in 64799989 (absolute: 182874738)
06-28 18:14:35.175 31128 31128 I Finsky  : [1] com.google.android.finsky.scheduler.JobSchedulerEngine$PhoneskyJobSchedulerJobService.onStartJob(3): onJobSchedulerWakeup with jobId 9003
06-28 18:14:35.176  1114 12415 I JobScheduler.Time: onControllerStateChanged
06-28 18:14:35.176  1114  1114 D JobScheduler: queuing all ready jobs for execution:
06-28 18:14:35.176 31128 31128 I Finsky  : [1] nvu.a(21): Scheduling fallback job with id: 9034, and delay: 43200000 ms
06-28 18:14:35.178  1114 12415 I AlarmManager: remove alarm:Alarm{a0a6c03 type 2 when 182874738 PendingIntent{8654368: PendingIntentRecord{ca83d5c com.android.vending broadcastIntent}}com.android.vending} according to operation:be604b2
06-28 18:14:35.182 31128 31128 I Finsky  : [1] nvu.a(5): Scheduling fallback in 64799996 (absolute: 182874762)
06-28 18:14:35.187 31128 31128 W Finsky  : [1] com.google.android.finsky.scheduler.JobSchedulerEngine$PhoneskyJobSchedulerJobService.onStartJob(6): onJobSchedulerWakeup while already running
06-28 18:14:35.190  1114 12415 I JobScheduler.Time: onControllerStateChanged
06-28 18:14:35.191  1114 12415 W HwAlarmManagerService: isContainsAppUidInWorksource-->happend NameNotFoundException
06-28 18:14:35.191  1114 12415 W HwAlarmManagerService: isContainsAppUidInWorksource-->happend NameNotFoundException
06-28 18:14:35.194  1114 12415 I HwAlarmManagerService: hwSetAlarm listenerTag: *job.deadline*
06-28 18:14:35.195  1114 12415 I JobScheduler.Time: mNextJobExpiredElapsedMillis: 121004694
06-28 18:14:35.195  1114  1114 D JobScheduler: queuing all ready jobs for execution:
06-28 18:14:35.195  1114  1114 D JobScheduler: queuing all ready jobs for execution:
06-28 18:14:35.201  3093 31789 I NetRec  : [5532] ahtr.a: Refreshing scores for 52 networks.
06-28 18:14:35.267 31128 31128 I Finsky  : [1] nwc.handleMessage(10): DeviceState: DeviceState{currentTime=1561716875263, isCharging=true, isIdle=false, netAny=true, netNotRoaming=true, netUnmetered=true}
06-28 18:14:35.275 31128 31790 I Finsky  : [696] nxi.b(7): Jobs in database: 1-1337 12-1 26-1414141414 29-29 
06-28 18:14:35.277 31128 31128 I Finsky  : [1] nvv.a(45): Running job: 12-1
06-28 18:14:35.280 31128 31128 I Finsky  : [1] com.google.android.finsky.contentsync.ContentSyncJob.a(23): ContentSyncJob started
06-28 18:14:35.281 31128 31128 I Finsky  : [1] nvv.a(45): Running job: 29-29
06-28 18:14:35.285 31128 31128 I Finsky  : [1] nwc.handleMessage(81): RunningQueue size: 2, PendingQueue size: 0
06-28 18:14:35.286 31128 31128 I Finsky  : [1] nwc.handleMessage(90): Running queue: 12-1 29-29 
06-28 18:14:35.288 31128 31792 I Finsky  : [698] rvj.a(14): ProcessRecoveryLogsUtil: No files in recovery directory
06-28 18:14:35.288 31128 31168 I Finsky  : [647] dbo.a(5): Completed 0 account content syncs with 0 successful.
06-28 18:14:35.288 31128 31792 I Finsky  : [698] nxb.a(11): jobFinished: 29-29. TimeElapsed: 8ms
06-28 18:14:35.288 31128 31128 I Finsky  : [1] com.google.android.finsky.contentsync.ContentSyncJob.a(21): Installation state replication succeeded.
06-28 18:14:35.288 31128 31128 I Finsky  : [1] nxb.a(11): jobFinished: 12-1. TimeElapsed: 11ms
06-28 18:14:35.291  1114  1611 I chatty  : uid=1000(system) WiFiArpStateMac expire 12 lines
06-28 18:14:35.291 31128 31128 I Finsky  : [1] nvv.a(10): Job 12-1 finished
06-28 18:14:35.292 31128 31128 I Finsky  : [1] nvv.a(10): Job 29-29 finished
06-28 18:14:35.292 31128 31128 I Finsky  : [1] nwc.handleMessage(81): RunningQueue size: 0, PendingQueue size: 0
06-28 18:14:35.293 31128 31128 I Finsky  : [1] nwc.handleMessage(81): RunningQueue size: 0, PendingQueue size: 0
06-28 18:14:35.293 31128 31128 I Finsky  : [1] nwc.handleMessage(27): Executor finished
06-28 18:14:35.301  1114 12415 W ProcBatteryStats: timer is not running , not stop, name: , uid: 10025, tag: *job*/com.android.vending/com.google.android.finsky.scheduler.JobSchedulerEngine$PhoneskyJobSchedulerJobService
06-28 18:14:35.306  1114  1114 D JobScheduler: queuing all ready jobs for execution:
06-28 18:14:35.307 31128 31128 I Finsky  : [1] nxi.b(7): Jobs in database: 1-1337 26-1414141414 
06-28 18:14:35.308 31128 31128 I Finsky  : [1] nva.a(66): ConstraintMapping: 1-1337,  -> L: 5762425ms, D: 48962425ms, C: false, I: false, N: NET_ANY
06-28 18:14:35.308 31128 31128 I Finsky  : [1] nva.a(66): ConstraintMapping: 26-1414141414,  -> L: 11584693ms, D: 12484693ms, C: false, I: false, N: NET_NONE
06-28 18:14:35.309 31128 31128 I Finsky  : [1] com.google.android.finsky.scheduler.JobSchedulerEngine.a(4): Scheduling job Id: 9001, L: 5762425, D: 48962425, C: false, I: false, N: 1
06-28 18:14:35.311 31128 31128 I Finsky  : [1] com.google.android.finsky.scheduler.JobSchedulerEngine.a(4): Scheduling job Id: 9002, L: 11584693, D: 12484693, C: false, I: false, N: 0
06-28 18:14:36.044  1114  5061 I chatty  : uid=1000(system) mss_handler_thr expire 12 lines
06-28 18:14:36.048   646   646 E WifiHAL : enter wifi_get_link_stats
06-28 18:14:36.173 30954 31775 W QueryController: Could not detect idle state.
06-28 18:14:36.175 30954 31775 W AccessibilityInteractionClient: old interaction Id is: -1,current interaction Id is:30
06-28 18:14:36.182 30954 31775 W AccessibilityInteractionClient: old interaction Id is: -1,current interaction Id is:31
06-28 18:14:36.318  1114  1563 I chatty  : uid=1000(system) HwNcChrServiceI expire 4 lines
06-28 18:14:36.319  1900  2082 I chatty  : uid=1000(system) HwWifiCHRStateM expire 3 lines
06-28 18:14:36.556  1849  1906 I chatty  : uid=1000(system) HwNLPSCAN expire 2 lines
06-28 18:14:36.559  1969  2634 W PhoneInterfaceManager: shouldBlockLocation running ...
06-28 18:14:36.559  1969  2634 I PhoneInterfaceManager: shouldBlockLocation  ret:false
06-28 18:14:37.189 30954 31775 W QueryController: Could not detect idle state.
06-28 18:14:37.191 30954 31775 W AccessibilityInteractionClient: old interaction Id is: -1,current interaction Id is:32
06-28 18:14:37.197 30954 31775 W AccessibilityInteractionClient: old interaction Id is: -1,current interaction Id is:33
06-28 18:14:37.449  3093 31789 W NetRec  : [5532] ahtr.a: Timeout after 2241 ms while waiting for score updates. Returning 1.
06-28 18:14:37.474  3093 31789 I NetRec  : [5532] ahtr.a: Still entries pending update, scheduling new rapid_refresh_scores_task refresh.
06-28 18:14:37.488  3093 31789 I NetRec  : [5532] ahtr.a: Completed rapid_refresh_scores_task score refresh task in 2311 ms, returning 1
06-28 18:14:37.499  1114 12415 V BroadcastQueue: Finished with ordered broadcast BroadcastRecord{c8b3075 u0 com.google.android.gms.gcm.ACTION_SCHEDULE}
06-28 18:14:37.541  3093 10242 D WorkSource: Insert in WorkSource{} @ 0 uid 10021 name com.google.android.gms
06-28 18:14:37.542  1114 12415 W HwAlarmManagerService: isContainsAppUidInWorksource-->happend NameNotFoundException
06-28 18:14:37.543  1114 12415 W HwAlarmManagerService: isContainsAppUidInWorksource-->happend NameNotFoundException
06-28 18:14:38.204 30954 31775 W QueryController: Could not detect idle state.
06-28 18:14:38.207 30954 31775 W AccessibilityInteractionClient: old interaction Id is: -1,current interaction Id is:34
06-28 18:14:38.212 30954 31775 W AccessibilityInteractionClient: old interaction Id is: -1,current interaction Id is:35
06-28 18:14:39.072   646   646 E WifiHAL : enter wifi_get_link_stats
06-28 18:14:39.073 31479 31592 I chatty  : uid=10398(com.mixgo.PropertySEO) expire 624 lines
06-28 18:14:39.219 30954 31775 W QueryController: Could not detect idle state.
06-28 18:14:39.224 30954 31775 W AccessibilityInteractionClient: old interaction Id is: -1,current interaction Id is:36
06-28 18:14:39.228 30954 31775 W AccessibilityInteractionClient: old interaction Id is: -1,current interaction Id is:37
06-28 18:14:39.543  1849  1890 I chatty  : uid=1000(system) HwPosionManager expire 16 lines
06-28 18:14:39.545   589  2303 I ArHal   : (ar_data_get_state:1225):id[2]
06-28 18:14:39.549  1849  1890 D HwLBSService.HwNLPLogServices: updateHwNLPErrorEvent.
06-28 18:14:39.549  1849  1890 I iMonitor: create: 910009050
06-28 18:14:39.549  1849  1890 I iMonitor: create: 910009056
06-28 18:14:39.549  1849  1890 I iMonitor: create: 910009048
06-28 18:14:39.549  1849  1890 I iMonitor: create: 910009006
06-28 18:14:39.549  1849  1890 I iMonitor: create: 910000008
06-28 18:14:39.550  1849  1890 I iMonitor: send: 910000008
06-28 18:14:39.558   796  1102 I         : DPTEST  EventId is not need Hash
06-28 18:14:39.956   731   731 W irqbalance: type=1400 audit(0.0:36084): avc: denied { dac_override } for capability=1 scontext=u:r:irqbalance:s0 tcontext=u:r:irqbalance:s0 tclass=capability permissive=0
06-28 18:14:39.956   731   731 W irqbalance: type=1400 audit(0.0:36086): avc: denied { dac_override } for capability=1 scontext=u:r:irqbalance:s0 tcontext=u:r:irqbalance:s0 tclass=capability permissive=0
06-28 18:14:39.956   731   731 W irqbalance: type=1400 audit(0.0:36087): avc: denied { dac_override } for capability=1 scontext=u:r:irqbalance:s0 tcontext=u:r:irqbalance:s0 tclass=capability permissive=0
06-28 18:14:39.961   731   731 I irqbalance: Centralize irq 80 to cpu 0
06-28 18:14:39.961   731   731 I irqbalance: Centralize irq 17 to cpu 0
06-28 18:14:39.962   731   731 I irqbalance: Centralize irq 58 to cpu 0
06-28 18:14:39.962   731   731 I irqbalance: Centralize irq 56 to cpu 0
06-28 18:14:40.237 30954 31775 W QueryController: Could not detect idle state.
06-28 18:14:40.239 30954 31775 W AccessibilityInteractionClient: old interaction Id is: -1,current interaction Id is:38
06-28 18:14:40.247 30954 31775 W AccessibilityInteractionClient: old interaction Id is: -1,current interaction Id is:39
06-28 18:14:40.627  1114  1561 I chatty  : uid=1000(system) WifiService expire 38 lines
06-28 18:14:40.628  1114  1617 I chatty  : uid=1000(system) wifipro_uid_tcp expire 11 lines
06-28 18:14:40.631  1114  4002 I chatty  : uid=1000(system) MobileQosDetect expire 10 lines
06-28 18:14:41.252 30954 31775 W QueryController: Could not detect idle state.
06-28 18:14:41.255 30954 31775 W AccessibilityInteractionClient: old interaction Id is: -1,current interaction Id is:40
06-28 18:14:41.261 30954 31775 W AccessibilityInteractionClient: old interaction Id is: -1,current interaction Id is:41
06-28 18:14:41.442  1114  2564 I BackgroundPermManager: pkgName: com.mixgo.PropertySEO,pid: 31479 ,uidOf3RdApk: 10398 ,permType: 2 ,permCfg: 0
06-28 18:14:41.450  1849 12142 D HwLBSService.HwNLPLocationProvider: bootTime: 118081 s, source: WorkSource{}
06-28 18:14:41.450  1849  1849 D HwLBSService.HwNLPPositionManager: setRequest  ProviderRequest[OFF] , WorkSource{}
06-28 18:14:41.450  1849  1849 D HwLBSService.NLPPreferences: getUserConfirmedPreference, USER_CONFIRMED: userSwitch 1 startupSwitch 1 spResult true result true
06-28 18:14:41.450  1849  1849 D HwLBSService.HwNLPLogServices: updataRequestInfo  requestTime : 1561716881450, mMinDis : 2147483647, interval : 9223372036854775807APKName : []
06-28 18:14:41.451  1849  1849 D HwLBSService.HwNLPLogServices: dataflowStatistics  uid:1000, pid :1849
06-28 18:14:41.454  1849  1849 I NetworkStatsManager: querySummary callingPid = 1849
06-28 18:14:41.454  1114 12415 I NetworkStats: openSessionForUsageStats, pid = 1849, pkg = com.huawei.lbs
06-28 18:14:41.454  1114 12415 I NetworkStats: openSessionInternal,pid = 1849
06-28 18:14:41.455  1114 12415 I NetworkStats: performPollLocked, pid = 1114
06-28 18:14:41.473  1114 12415 W NetworkStatsFactory: mStatsXtProcUid: /proc/net/comm/stats does not exist!
06-28 18:14:41.473  1114 12415 D HwNetworkStatsService: hwRecordUidAndProcSnapshotLocked currentTime = 1561716881454
06-28 18:14:41.485  1114 12415 I NetworkStatsFactory: javaReadNetworkStatsUidAndProcDetail. cost time = 12
06-28 18:14:41.489  1114 12415 D HwNetworkStatsService: hwMaybeUidAndProcPersistLocked currentTime = 1561716881454
06-28 18:14:41.496  1849  1849 D HwLBSService.HwNLPLogServices: dataflowStatistics uid:1000 rx:0 tx:0, summaryTotal : 0
06-28 18:14:41.496  1849  1849 D HwLBSService.HwNLPPositionManager: updateRequirements  mEnabled :false, mRequest :ProviderRequest[OFF]
06-28 18:14:41.496  1849  1849 D HwLBSService.HwNLPPositionManager: disableProvider   name: network
06-28 18:14:41.496  1849  1849 D HwLBSService.HwFusionManager: HwNLPFusionClear 
06-28 18:14:41.496  1849  1849 E HwLBSService.HwNLPDBManager: closedb 
06-28 18:14:41.496  1849  1849 D HwLBSService.HwNLPEngine: removeSDKLocation  
06-28 18:14:41.501  2017  2247 E HSM_BG  : NatTrafficNotifyService:imsi is null, so return
06-28 18:14:41.780  3093 31778 E WakeLock: GCM_HB_ALARM release without a matched acquire!
06-28 18:14:41.786   574 31800 D libc    : GetAddrInfoHandler addr: 168.0.1
06-28 18:14:42.090   646   646 E WifiHAL : enter wifi_get_link_stats
06-28 18:14:42.100  1114  1562 I chatty  : uid=1000(system) WifiStateMachin expire 19 lines
06-28 18:14:42.267 30954 31775 W QueryController: Could not detect idle state.
06-28 18:14:42.271 30954 31775 W AccessibilityInteractionClient: old interaction Id is: -1,current interaction Id is:42
06-28 18:14:42.276 30954 31775 W AccessibilityInteractionClient: old interaction Id is: -1,current interaction Id is:43
06-28 18:14:42.430  1849 12142 D HwLBSService.HwNLPPositionManager: getNLPStatus mNLPErrorcode: 2
06-28 18:14:42.431   574   598 D         : Received kernel message payload: chr_event 9
06-28 18:14:42.431   574   598 I         : netd received web stat infomation,trigger chr report!
06-28 18:14:42.431   574   598 I         : netd received web stat infomation,trigger chr report!
06-28 18:14:42.431   574   598 I         : ReportType 0 0 0 0 0 0 0 0 0 0 0 0 0 0 0 0 0 0 0 0 0 0 0 0 0 0 0 0 0 0 0 0 0 0 0 0 0 0 0 0 0 0 0 0 0 0 0 0 0 0 0 0 0 0 0 0 0 0 0 0 0 0 0 0 0 0 0 0 0 0 0 0 0 0 0 0 0 0 0 0 0 0 0 0 0 0 0 0 0 0 0 0 0 0 0 0 0 0 0 0 0 0 0 0 0 0 0 0 0 0 0 0 0 0 0 0 0 0 0 0 0 0 0 0 0 0 0 0 0 0 0 0 0 0 0 0 0 0 0 0 0 0 0 0 0 0 0 0 0 0 0 0 0 0 0 0 0 0 0 0 0 0 0 0 0 0 0 0 0 0 0 0 0 0 0 0 0 0 0 0 0 0 0 0 0 0 0 0 0 0 0 0 0 0 0 0 0 0 0 0 0 0 0 0 0 0 0 0 0 0 0 0 0 0 0 0 0 0 0 0 0 0 0 0 0 0 0 0 0 ReportType 0 464 0 0 0 0 0 16 0 0 0 0 0 0 11 3 0 0 0 0 0 0 0 0 0 0 0 0 0 0 0 0 0 0 0 0 0 0 0 0 0 0 0 0 0 0 0 0 0 0 0 0 0 0 0 0 0 0 0 0 0 0 0 0 0 0 0 0 0 0 0 0 0 0 0 0 0 0 0 0 0 0 0 0 0 0 0 0 0 0 0 0 0 0 0 0 0 0 0 0 0 0 0 0 0 0 0 0 0 0 0 0 0 0 0 0 0 0 0 0 0 0 0 0 0 0 0 0 0 0 0 0 0 0 0 0 0 0 0 0 0 0 0 0 0 0 0 0 0 0 0 0 0 0 0 0 0 0 0 0 0 0 0 0 0 0 0 0 0 0 0 0 0 0 0 0 0 0 0 0 0 0 0 0 0 0 0 0 0 0 0 0 0 0 0 0 0 0 0 0 0 0 0 0 0 0 0 0 0 0 0 0 88 0 10 0 0 0 0 0 0 0 0 0 0 0 0 0 0
06-28 18:14:42.431   574   598 W SocketListener: sending broadcast to Pid = 1114, Uid = 1000 
06-28 18:14:42.433  1114  1555 D NetdConnector: RCV <- {661 ReportType 0 0 0 0 0 0 0 0 0 0 0 0 0 0 0 0 0 0 0 0 0 0 0 0 0 0 0 0 0 0 0 0 0 0 0 0 0 0 0 0 0 0 0 0 0 0 0 0 0 0 0 0 0 0 0 0 0 0 0 0 0 0 0 0 0 0 0 0 0 0 0 0 0 0 0 0 0 0 0 0 0 0 0 0 0 0 0 0 0 0 0 0 0 0 0 0 0 0 0 0 0 0 0 0 0 0 0 0 0 0 0 0 0 0 0 0 0 0 0 0 0 0 0 0 0 0 0 0 0 0 0 0 0 0 0 0 0 0 0 0 0 0 0 0 0 0 0 0 0 0 0 0 0 0 0 0 0 0 0 0 0 0 0 0 0 0 0 0 0 0 0 0 0 0 0 0 0 0 0 0 0 0 0 0 0 0 0 0 0 0 0 0 0 0 0 0 0 0 0 0 0 0 0 0 0 0 0 0 0 0 0 0 0 0 0 0 0 0 0 0 0 0 0 0 0 0 0 0 0 ReportType 0 464 0 0 0 0 0 16 0 0 0 0 0 0 11 3 0 0 0 0 0 0 0 0 0 0 0 0 0 0 0 0 0 0 0 0 0 0 0 0 0 0 0 0 0 0 0 0 0 0 0 0 0 0 0 0 0 0 0 0 0 0 0 0 0 0 0 0 0 0 0 0 0 0 0 0 0 0 0 0 0 0 0 0 0 0 0 0 0 0 0 0 0 0 0 0 0 0 0 0 0 0 0 0 0 0 0 0 0 0 0 0 0 0 0 0 0 0 0 0 0 0 0 0 0 0 0 0 0 0 0 0 0 0 0 0 0 0 0 0 0 0 0 0 0 0 0 0 0 0 0 0 0 0 0 0 0 0 0 0 0 0 0 0 0 0 0 0 0 0 0 0 0 0 0 0 0 0 0 0 0 0 0 0 0 0 0 0 0 0 0 0 0 0 0 0 0 0 0 0 0 0 0 0 0 0 0 0 0 0 0 0 88 0 10 0 0 0 0 0 0 0 0 0 0 0 0 0 0}
06-28 18:14:42.435  1114  1555 D NetdConnector: RCV <- {661 ReportType 0 0 0 0 0 0 0 0 0 0 0 0 0 0 0 0 0 0 0 0 0 0 0 0 0 0 0 0 0 0 0 0 0 0 0 0 0 0 0 0 0 0 0 0 0 0 0 0 0 0 0 0 0 0 0 0 0 0 0 0 0 0 0 0 0 0 0 0 0 0 0 0 0 0 0 0 0 0 0 0 0 0 0 0 0 0 0 0 0 0 0 0 0 0 0 0 0 0 0 0 0 0 0 0 0 0 0 0 0 0 0 0 0 0 0 0 0 0 0 0 0 0 0 0 0 0 0 0 0 0 0 0 0 0 0 0 0 0 0 0 0 0 0 0 0 0 0 0 0 0 0 0 0 0 0 0 0 0 0 0 0 0 0 0 0 0 0 0 0 0 0 0 0 0 0 0 0 0 0 0 0 0 0 0 0 0 0 0 0 0 0 0 0 0 0 0 0 0 0 0 0 0 0 0 0 0 0 0 0 0 0 0 0 0 0 0 0 0 0 0 0 0 0 0 0 0 0 0 0 ReportType 0 464 0 0 0 0 0 16 0 0 0 0 0 0 11 3 0 0 0 0 0 0 0 0 0 0 0 0 0 0 0 0 0 0 0 0 0 0 0 0 0 0 0 0 0 0 0 0 0 0 0 0 0 0 0 0 0 0 0 0 0 0 0 0 0 0 0 0 0 0 0 0 0 0 0 0 0 0 0 0 0 0 0 0 0 0 0 0 0 0 0 0 0 0 0 0 0 0 0 0 0 0 0 0 0 0 0 0 0 0 0 0 0 0 0 0 0 0 0 0 0 0 0 0 0 0 0 0 0 0 0 0 0 0 0 0 0 0 0 0 0 0 0 0 0 0 0 0 0 0 0 0 0 0 0 0 0 0 0 0 0 0 0 0 0 0 0 0 0 0 0 0 0 0 0 0 0 0 0 0 0 0 0 0 0 0 0 0 0 0 0 0 0 0 0 0 0 0 0 0 0 0 0 0 0 0 0 0 0 0 0 0 88 0 10 0 0 0 0 0 0 0 0 0 0 0 0 0 0}
06-28 18:14:42.438  1114  1240 D NetdConnector: RCV unsolicited event from native daemon, event = 661
06-28 18:14:42.444  1114  1240 D HwNetworkManagementService: onEvent receive Web Stat Report:661 ReportType 0 0 0 0 0 0 0 0 0 0 0 0 0 0 0 0 0 0 0 0 0 0 0 0 0 0 0 0 0 0 0 0 0 0 0 0 0 0 0 0 0 0 0 0 0 0 0 0 0 0 0 0 0 0 0 0 0 0 0 0 0 0 0 0 0 0 0 0 0 0 0 0 0 0 0 0 0 0 0 0 0 0 0 0 0 0 0 0 0 0 0 0 0 0 0 0 0 0 0 0 0 0 0 0 0 0 0 0 0 0 0 0 0 0 0 0 0 0 0 0 0 0 0 0 0 0 0 0 0 0 0 0 0 0 0 0 0 0 0 0 0 0 0 0 0 0 0 0 0 0 0 0 0 0 0 0 0 0 0 0 0 0 0 0 0 0 0 0 0 0 0 0 0 0 0 0 0 0 0 0 0 0 0 0 0 0 0 0 0 0 0 0 0 0 0 0 0 0 0 0 0 0 0 0 0 0 0 0 0 0 0 0 0 0 0 0 0 0 0 0 0 0 0 0 0 0 0 0 0 ReportType 0 464 0 0 0 0 0 16 0 0 0 0 0 0 11 3 0 0 0 0 0 0 0 0 0 0 0 0 0 0 0 0 0 0 0 0 0 0 0 0 0 0 0 0 0 0 0 0 0 0 0 0 0 0 0 0 0 0 0 0 0 0 0 0 0 0 0 0 0 0 0 0 0 0 0 0 0 0 0 0 0 0 0 0 0 0 0 0 0 0 0 0 0 0 0 0 0 0 0 0 0 0 0 0 0 0 0 0 0 0 0 0 0 0 0 0 0 0 0 0 0 0 0 0 0 0 0 0 0 0 0 0 0 0 0 0 0 0 0 0 0 0 0 0 0 0 0 0 0 0 0 0 0 0 0 0 0 0 0 0 0 0 0 0 0 0 0 0 0 0 0 0 0 0 0 0 0 0 0 0 0 0 0 0 0 0 0 0 0 0 0 0 0 0 0 0 0 0 0 0 0 0 0 0 0 0 0 0 0 0 0 0 88 0 10 0 0 0 0 0 0 0 0 0 0 0 0 0 0
06-28 18:14:42.453  1114  1114 D LocationManagerServiceUtil: ServiceStateChanged numeric = 46003
06-28 18:14:42.454  1114  1114 D LocationManagerServiceUtil: ServiceStateChanged use pkgName = com.huawei.lbs
06-28 18:14:42.456  1114  1619 I chatty  : uid=1000(system) HwArbitrationSt expire 12 lines
06-28 18:14:42.456  3189  3189 D HiBoard_a: onServiceStateChanged 
06-28 18:14:42.456  3189  3189 E HiBoard_a: onServiceStateChanged : service state is 1
06-28 18:14:42.458  1114  1114 D HwMultiNlpPolicy: PhoneStateListener 0, mDataSub 0
06-28 18:14:42.458  1114  1114 D HwMultiNlpPolicy: setSimCardReady 1
06-28 18:14:42.458  1114  1114 D HwMultiNlpPolicy: setRegistedNetwork 46003
06-28 18:14:42.462  1849  1849 D HwLBSService DeviceStatusMonitor: DEVICE_NETWORK_ROAMING_OFF
06-28 18:14:42.462  1849  4959 D HwLBSService HigeoLocationManager: receive message: 2
06-28 18:14:42.465  1849  1849 D TelephonyManager: getAllCellInfo calling app is com.huawei.lbs
06-28 18:14:42.467  1969  2466 W PhoneInterfaceManager: shouldBlockLocation running ...
06-28 18:14:42.467  1969  2466 I PhoneInterfaceManager: shouldBlockLocation  ret:false
06-28 18:14:42.476  1114 12415 D HwNetworkManagementService: code == CODE_SET_CHR_REPORT_APP_LIST
06-28 18:14:42.477  1114 12415 D NetdConnector: SND -> {2426 chr appuid set 20 7}
06-28 18:14:42.478   574   606 D CommandListener: chr: ChrCmd::runCommand argc=5
06-28 18:14:42.478  1114  1555 D NetdConnector: RCV <- {200 2426 set appuid succeeded}
06-28 18:14:42.479  1114  1555 D NetdConnector: RCV <- {200 2426 set appuid succeeded}
06-28 18:14:42.479  1114 12415 D HwNetworkManagementService: chr appuid set:200 2426 set appuid succeeded
06-28 18:14:42.480  1969  1969 D ServiceStateProvider: subId=0
06-28 18:14:42.482  1114  1222 W BroadcastQueue: Permission Denial: broadcasting Intent { act=android.intent.action.SERVICE_STATE flg=0x1000010 (has extras) } from android (pid=1969, uid=1001) requires com.huawei.cust.android.phone.permission.HW_LTEONLY due to registered receiver BroadcastFilter{fc42f42 u0 ReceiverList{ef1e18d 1969 com.android.phone/1001/u0 remote:d71224}}
06-28 18:14:42.484  1114  1645 I chatty  : uid=1000(system) HwIntelligenceS expire 12 lines
06-28 18:14:42.484  1114  1217 D CountryDetector: isValidCountryIso: CN
06-28 18:14:42.486  2796  2796 V DownloadManager: Service state changed: Bundle[mParcelledData.dataSize=1316]
06-28 18:14:42.486  2796  2796 V DownloadManager: roaming ------> false
06-28 18:14:42.486  2796  2796 V DownloadManager: auto download without roaming -> true
06-28 18:14:42.486  2796  2796 V DownloadManager: auto download during roaming -> false
06-28 18:14:42.486  2796  2796 V DownloadManager: mAutoDownload ------> true
06-28 18:14:42.489  1724  1724 D KeyguardUpdateMonitor: received broadcast android.intent.action.SERVICE_STATE
06-28 18:14:42.489  1724  1724 V KeyguardUpdateMonitor: action android.intent.action.SERVICE_STATE serviceState={mVoiceRegState=1(OUT_OF_SERVICE), mDataRegState=1(OUT_OF_SERVICE), mChannelNumber=-1, duplexMode()=0, mCellBandwidths=[], mVoiceRoamingType=home, mDataRoamingType=home, mVoiceOperatorAlphaLong=, mVoiceOperatorAlphaShort=, mDataOperatorAlphaLong=, mDataOperatorAlphaShort=, isManualNetworkSelection=false(automatic), mRilVoiceRadioTechnology=6(1xRTT), mRilDataRadioTechnology=6(1xRTT), mCssIndicator=unsupported, mNetworkId=1, mSystemId=13844, mCdmaRoamingIndicator=1, mCdmaDefaultRoamingIndicator=0, mIsEmergencyOnly=true, mIsDataRoamingFromRegistration=false, mIsUsingCarrierAggregation=false, mLteEarfcnRsrpBoost=0, mNetworkRegistrationStates=[]} subId=0
06-28 18:14:42.489  1724  1724 D KeyguardUpdateMonitor: handleServiceStateChange(subId=0, serviceState={mVoiceRegState=1(OUT_OF_SERVICE), mDataRegState=1(OUT_OF_SERVICE), mChannelNumber=-1, duplexMode()=0, mCellBandwidths=[], mVoiceRoamingType=home, mDataRoamingType=home, mVoiceOperatorAlphaLong=, mVoiceOperatorAlphaShort=, mDataOperatorAlphaLong=, mDataOperatorAlphaShort=, isManualNetworkSelection=false(automatic), mRilVoiceRadioTechnology=6(1xRTT), mRilDataRadioTechnology=6(1xRTT), mCssIndicator=unsupported, mNetworkId=1, mSystemId=13844, mCdmaRoamingIndicator=1, mCdmaDefaultRoamingIndicator=0, mIsEmergencyOnly=true, mIsDataRoamingFromRegistration=false, mIsUsingCarrierAggregation=false, mLteEarfcnRsrpBoost=0, mNetworkRegistrationStates=[]}
06-28 18:14:42.489  1724  1724 W AppHandler: sendMessage 117
06-28 18:14:42.489  1724  1724 W HwLockScreenPanel: Handle message: 117
06-28 18:14:42.497  1969  1969 D Telephony-TelecomAccountRegistry: onServiceStateChanged0 newState : 1, mServiceState : 1
06-28 18:14:42.499  2796  2796 D Mms_TX_ServiceStateChangeReceiver: action: ACTION_SERVICE_STATE_CHANGED, serviceState = 1
06-28 18:14:42.502  1114  2564 V BroadcastQueue: Finished with ordered broadcast BroadcastRecord{16b5ef1 u-1 android.intent.action.SERVICE_STATE}
06-28 18:14:42.509  1849  1849 D HwLBSService.HwNLPWifiScanManager:    onCellLocationChanged  mCurrentCellId : 16129 , cellId : 27505, mCurrentAreaCode : 1
06-28 18:14:42.516  1849  1849 D TelephonyManager: getAllCellInfo calling app is com.huawei.lbs
06-28 18:14:42.517  1114  1660 I chatty  : uid=1000(system) WifiScanGenie_h expire 16 lines
06-28 18:14:42.523  1969  2010 W PhoneInterfaceManager: shouldBlockLocation running ...
06-28 18:14:42.523  1969  2010 I PhoneInterfaceManager: shouldBlockLocation  ret:false
06-28 18:14:42.525  1849  1849 E HwLBSService.HwNLPWifiScanManager: updateCurrentcellMcc  cellInfoList is null   
06-28 18:14:42.525  1849  1849 D HwLBSService.HwNLPWifiScanManager: recordingCellChanged nowRTC: 26028614, size :  16
06-28 18:14:42.526  1849  1906 D HwLBSService.HwNLPWifiScanManager: handlerScanCellChanged 
06-28 18:14:42.526  1849  1906 D HwLBSService.HwNLPSettingsManager:  mSDKMaskOffline :  16
06-28 18:14:42.526  1849  1849 D TelephonyManager: getAllCellInfo calling app is com.huawei.lbs
06-28 18:14:42.528  1969  2010 W PhoneInterfaceManager: shouldBlockLocation running ...
06-28 18:14:42.528  1969  2010 I PhoneInterfaceManager: shouldBlockLocation  ret:false
06-28 18:14:42.530  1969  1969 I PhoneGlobals: onReceive,action = android.intent.action.SERVICE_STATE
06-28 18:14:42.530  1969  1969 V PhoneGlobals: handleServiceStateChanged
06-28 18:14:42.531  1969  1969 D PhoneGlobals: handleServiceStateChanged isCsInservice=false
06-28 18:14:42.532  1969  1969 D HwCustPhoneGlobalsImpl: Airplane is false checkCdmaSlaveCardMode roaming mode is false
06-28 18:14:42.532  1969  1969 D HwCustPhoneGlobalsImpl: isNeedToResetNetworkMode  isResetOrNot=4,subId=0
06-28 18:14:42.533  1969  1969 V PhoneGlobals: subId=0,mDefaultDataSubId=0,ss roaming=false
06-28 18:14:42.533  1969  1969 V PhoneGlobals: updateDataRoamingStatus
06-28 18:14:42.537  1969  1969 D HuaweiTelephonyConfigs: fddn EVENT_GET_AD_DONE FDN_PS_CHECK:false ,FDN_PRELOAD_CACHE:true
06-28 18:14:42.537  1969  1969 V PhoneGlobals: dataAllowed=false, reasons=Data disallowed, reasons: RECORD_NOT_LOADED NOT_ATTACHED
06-28 18:14:42.921   635   635 I chatty  : uid=1000(system) hwsched@1.0-ser expire 51 lines
06-28 18:14:43.217  3093  5482 W Conscrypt: Could not set socket write timeout: java.net.SocketException: Socket closed
06-28 18:14:43.218  3093  5482 W Conscrypt: 	at com.google.android.gms.org.conscrypt.Platform.setSocketWriteTimeout(:com.google.android.gms@14799037@14.7.99 (100400-223214910):2)
06-28 18:14:43.218  3093  5482 W Conscrypt: 	at com.google.android.gms.org.conscrypt.ConscryptFileDescriptorSocket.setSoWriteTimeout(:com.google.android.gms@14799037@14.7.99 (100400-223214910):2)
06-28 18:14:43.227  3093  5482 V NativeCrypto: SSL handshake aborted: ssl=0x729944f408: I/O error during system call, Connection reset by peer
06-28 18:14:43.282 30954 31775 W QueryController: Could not detect idle state.
06-28 18:14:43.284 30954 31775 W AccessibilityInteractionClient: old interaction Id is: -1,current interaction Id is:44
06-28 18:14:43.289 30954 31775 W AccessibilityInteractionClient: old interaction Id is: -1,current interaction Id is:45
06-28 18:14:43.435  1969  2010 D PhoneInterfaceManager: [PhoneIntfMgr] isUserDataEnabled: subId=0 phoneId=0
06-28 18:14:43.435  1969  2010 D PhoneInterfaceManager: [PhoneIntfMgr] isUserDataEnabled: subId=0 retVal=true
06-28 18:14:43.449   796  1102 I         : DPTEST  EventId is not need Hash
06-28 18:14:44.295 30954 31775 W QueryController: Could not detect idle state.
06-28 18:14:44.297 30954 31775 W AccessibilityInteractionClient: old interaction Id is: -1,current interaction Id is:46
06-28 18:14:44.302 30954 31775 W AccessibilityInteractionClient: old interaction Id is: -1,current interaction Id is:47
06-28 18:14:44.960   731   731 W irqbalance: type=1400 audit(0.0:36088): avc: denied { dac_override } for capability=1 scontext=u:r:irqbalance:s0 tcontext=u:r:irqbalance:s0 tclass=capability permissive=0
06-28 18:14:44.966   731   731 I irqbalance: Centralize irq 11 to cpu 0
06-28 18:14:45.069   648  1284 I chatty  : uid=1041(audioserver) AudioOut_D expire 707 lines
06-28 18:14:45.109   646   646 E WifiHAL : enter wifi_get_link_stats
06-28 18:14:45.310 30954 31775 W QueryController: Could not detect idle state.
06-28 18:14:45.312 30954 31775 W AccessibilityInteractionClient: old interaction Id is: -1,current interaction Id is:48
06-28 18:14:45.318 30954 31775 W AccessibilityInteractionClient: old interaction Id is: -1,current interaction Id is:49
06-28 18:14:45.763  1166  1166 I aptouch_daemon: check_afe_status, afe[95 1 X1] [ctrl:X40020 ftr:X100] dif[28 -23] raw[32899 32521] [exp:X0 aN:0 lo:0]
06-28 18:14:46.323 30954 31775 W QueryController: Could not detect idle state.
06-28 18:14:46.325 31128 31153 I Finsky  : [632] hgo.run(3): Stats for Executor: BlockingExecutor hhy@5ad8001[Running, pool size = 2, active threads = 0, queued tasks = 0, completed tasks = 13]
06-28 18:14:46.326 31128 31153 I Finsky  : [632] hgo.run(3): Stats for Executor: LightweightExecutor hhy@9a5fea6[Running, pool size = 4, active threads = 0, queued tasks = 0, completed tasks = 57]
06-28 18:14:46.327 30954 31775 W AccessibilityInteractionClient: old interaction Id is: -1,current interaction Id is:50
06-28 18:14:46.331 30954 31775 W AccessibilityInteractionClient: old interaction Id is: -1,current interaction Id is:51
06-28 18:14:46.348  1114  1611 I chatty  : uid=1000(system) WiFiArpStateMac expire 10 lines
06-28 18:14:46.429 31128 31153 I Finsky  : [632] hgo.run(3): Stats for Executor: bgExecutor hhy@9a830e7[Running, pool size = 4, active threads = 0, queued tasks = 0, completed tasks = 23]
06-28 18:14:47.030  1114  1790 W Watchdog: hungtask: writing kick
06-28 18:14:47.032  1114  1240 I chatty  : uid=1000(system) android.fg expire 2 lines
06-28 18:14:47.340 30954 31775 W QueryController: Could not detect idle state.
06-28 18:14:47.343 30954 31775 W AccessibilityInteractionClient: old interaction Id is: -1,current interaction Id is:52
06-28 18:14:47.347 30954 31775 W AccessibilityInteractionClient: old interaction Id is: -1,current interaction Id is:53
06-28 18:14:47.466  3083  5090 I HiBoard_IntelligentProvider: Provider.call: getIntelligentSwitch
06-28 18:14:47.466  3083  5090 I HiBoard_a: Provider.call isFirst: false
06-28 18:14:47.466  3083  5090 I HiBoard_IntelligentProvider: Provider.call: getPrefBoolean
06-28 18:14:47.466  3083  5090 I HiBoard_a: Provider.call get: true
06-28 18:14:47.481  3083  5090 I HiBoard_IntelligentProvider: Provider.call: getPrefBoolean
06-28 18:14:47.496  1920  2873 D TelephonyManager: getAllCellInfo calling app is com.huawei.msdp
06-28 18:14:47.500  1969  2010 W PhoneInterfaceManager: shouldBlockLocation running ...
06-28 18:14:47.500  1969  2010 I PhoneInterfaceManager: shouldBlockLocation  ret:false
06-28 18:14:47.504  1114  1123 I chatty  : uid=1000(system) FinalizerDaemon expire 2 lines
06-28 18:14:47.823  3093  5483 W Conscrypt: Could not set socket write timeout: java.net.SocketException: Socket closed
06-28 18:14:47.823  3093  5483 W Conscrypt: 	at com.google.android.gms.org.conscrypt.Platform.setSocketWriteTimeout(:com.google.android.gms@14799037@14.7.99 (100400-223214910):2)
06-28 18:14:47.824  3093  5483 W Conscrypt: 	at com.google.android.gms.org.conscrypt.ConscryptFileDescriptorSocket.setSoWriteTimeout(:com.google.android.gms@14799037@14.7.99 (100400-223214910):2)
06-28 18:14:47.853  3093  5483 V NativeCrypto: SSL handshake aborted: ssl=0x729ae866c8: I/O error during system call, Connection reset by peer
06-28 18:14:48.146   646   646 E WifiHAL : enter wifi_get_link_stats
06-28 18:14:48.353 30954 31775 W QueryController: Could not detect idle state.
06-28 18:14:48.356 30954 31775 W AccessibilityInteractionClient: old interaction Id is: -1,current interaction Id is:54
06-28 18:14:48.363 30954 31775 W AccessibilityInteractionClient: old interaction Id is: -1,current interaction Id is:55
06-28 18:14:48.638  1114  1647 I chatty  : uid=1000(system) HuaweiWifiWatch expire 10 lines
06-28 18:14:49.371 30954 31775 W QueryController: Could not detect idle state.
06-28 18:14:49.374 30954 31775 W AccessibilityInteractionClient: old interaction Id is: -1,current interaction Id is:56
06-28 18:14:49.380 31479 31592 I chatty  : uid=10398(com.mixgo.PropertySEO) expire 643 lines
06-28 18:14:49.381 30954 31775 W AccessibilityInteractionClient: old interaction Id is: -1,current interaction Id is:57
06-28 18:14:49.810  1952 26416 I chatty  : uid=1000(system) traffic stats expire 3 lines
06-28 18:14:50.386 30954 31775 W QueryController: Could not detect idle state.
06-28 18:14:50.388 30954 31775 W AccessibilityInteractionClient: old interaction Id is: -1,current interaction Id is:58
06-28 18:14:50.394 30954 31775 W AccessibilityInteractionClient: old interaction Id is: -1,current interaction Id is:59
06-28 18:14:51.167   646   646 E WifiHAL : enter wifi_get_link_stats
06-28 18:14:51.263   650   929 I chatty  : uid=1000(system) Binder:650_1 expire 2 lines
06-28 18:14:51.400 30954 31775 W QueryController: Could not detect idle state.
06-28 18:14:51.402 30954 31775 W AccessibilityInteractionClient: old interaction Id is: -1,current interaction Id is:60
06-28 18:14:51.409 30954 31775 W AccessibilityInteractionClient: old interaction Id is: -1,current interaction Id is:61
06-28 18:14:51.835   650   650 I chatty  : uid=1000(system) /system/bin/surfaceflinger expire 536 lines
06-28 18:14:51.846 31815 31817 D vndksupport: Loading /vendor/lib64/hw/android.hardware.graphics.mapper@2.0-impl.so from current namespace instead of sphal namespace.
06-28 18:14:51.847 31815 31817 D vndksupport: Loading /vendor/lib64/hw/gralloc.kirin970.so from current namespace instead of sphal namespace.
06-28 18:14:52.128 30954 31775 D UIAutomatorStub: URI: /jsonrpc/0, Method: POST, params, {NanoHttpd.QUERY_STRING=null}, files: {postData={"jsonrpc": "2.0", "id": "d41eba4827f6ec2b0698a8456fea3962", "method": "waitForExists", "params": [{"mask": 1, "childOrSibling": [], "childOrSiblingSelector": [], "text": "ECOPROP"}, 20000]}}
06-28 18:14:52.136 30954 31775 W QueryController: Could not detect idle state.
06-28 18:14:52.138 30954 31775 W AccessibilityInteractionClient: old interaction Id is: -1,current interaction Id is:62
06-28 18:14:52.142 30954 31775 W AccessibilityInteractionClient: old interaction Id is: -1,current interaction Id is:63
06-28 18:14:52.682  1114  1561 I chatty  : uid=1000(system) WifiService expire 31 lines
06-28 18:14:53.147 30954 31775 W QueryController: Could not detect idle state.
06-28 18:14:53.150 30954 31775 W AccessibilityInteractionClient: old interaction Id is: -1,current interaction Id is:64
06-28 18:14:53.165 30954 31775 W AccessibilityInteractionClient: old interaction Id is: -1,current interaction Id is:65
06-28 18:14:54.171 30954 31775 W QueryController: Could not detect idle state.
06-28 18:14:54.173 30954 31775 W AccessibilityInteractionClient: old interaction Id is: -1,current interaction Id is:66
06-28 18:14:54.178 30954 31775 W AccessibilityInteractionClient: old interaction Id is: -1,current interaction Id is:67
06-28 18:14:54.187   646   646 E WifiHAL : enter wifi_get_link_stats
06-28 18:14:54.208  1114  1562 I chatty  : uid=1000(system) WifiStateMachin expire 22 lines
06-28 18:14:55.187 30954 31775 W QueryController: Could not detect idle state.
06-28 18:14:55.190 30954 31775 W AccessibilityInteractionClient: old interaction Id is: -1,current interaction Id is:68
06-28 18:14:55.196 30954 31775 W AccessibilityInteractionClient: old interaction Id is: -1,current interaction Id is:69
06-28 18:14:56.201 30954 31775 W QueryController: Could not detect idle state.
06-28 18:14:56.203 30954 31775 W AccessibilityInteractionClient: old interaction Id is: -1,current interaction Id is:70
06-28 18:14:56.207 30954 31775 W AccessibilityInteractionClient: old interaction Id is: -1,current interaction Id is:71
06-28 18:14:57.212 30954 31775 W QueryController: Could not detect idle state.
06-28 18:14:57.214 30954 31775 W AccessibilityInteractionClient: old interaction Id is: -1,current interaction Id is:72
06-28 18:14:57.214   646   646 E WifiHAL : enter wifi_get_link_stats
06-28 18:14:57.223 30954 31775 W AccessibilityInteractionClient: old interaction Id is: -1,current interaction Id is:73
06-28 18:14:57.906  1114  1477 D HwBatteryService: onUEvent fcpStatus = 0,scpStatus =0,ovpStatus=0
06-28 18:14:57.907  1114  1477 I HwBatteryService: quick charge status : 0
06-28 18:14:57.907  1114  1477 I HwBatteryService: handleWirelessTxStatus
06-28 18:14:57.907  1114  1477 I HwBatteryService: switch not open, return, mWirelessTxFlag : 0
06-28 18:14:57.908  1114  1477 I UsbDeviceManager: water_intrused state= 0
06-28 18:14:57.911  1114  1798 I BatteryService: normal charge status : 1
06-28 18:14:57.920  1724  1724 D KeyguardUpdateMonitor: received broadcast android.intent.action.BATTERY_CHANGED
