06-28 18:14:02.383  1114  1240 I NetworkStats: limitReached
06-28 18:14:02.385  1114  1558 I NetworkStats: performPollLocked, pid = 1114
06-28 18:14:02.407  1114  1558 W NetworkStatsFactory: mStatsXtProcUid: /proc/net/comm/stats does not exist!
06-28 18:14:02.407  1114  1558 D HwNetworkStatsService: hwRecordUidAndProcSnapshotLocked currentTime = 1561716842384
06-28 18:14:02.420  1114  1558 I NetworkStatsFactory: javaReadNetworkStatsUidAndProcDetail. cost time = 12
06-28 18:14:02.440  1114  1558 D NetdConnector: SND -> {2416 bandwidth setglobalalert 2097152}
06-28 18:14:02.442  1114  1555 D NetdConnector: RCV <- {200 2416 Bandwidth command succeeeded}
06-28 18:14:02.442  1114  1555 D NetdConnector: RCV <- {200 2416 Bandwidth command succeeeded}
06-28 18:14:02.604  1114  1114 D JobScheduler.Time: Delay-expired alarm fired
06-28 18:14:02.604  1114  1114 I JobScheduler.Time: onControllerStateChanged
06-28 18:14:02.606  1114  1114 W HwAlarmManagerService: isContainsAppUidInWorksource-->happend NameNotFoundException
06-28 18:14:02.606  1114  1114 W HwAlarmManagerService: isContainsAppUidInWorksource-->happend NameNotFoundException
06-28 18:14:02.609  1114  1222 I ActivityManager: App 10007/com.android.providers.contacts targets O+, restricted
06-28 18:14:02.619  1114  1114 I HwAlarmManagerService: hwSetAlarm listenerTag: *job.delay*
06-28 18:14:02.620  1114  1114 I JobScheduler.Time: mNextDelayExpiredElapsedMillis: 118056037
06-28 18:14:02.622  1114  1114 D JobScheduler: Maybe queuing ready jobs...
06-28 18:14:02.641  1114  4501 V BroadcastQueue: Finished with ordered broadcast BroadcastRecord{743e84b u0 com.huawei.intent.action.REPORT_DELETE_CONTACTS_ACTION}
06-28 18:14:02.664  1114 13262 I JobScheduler.Time: onControllerStateChanged
06-28 18:14:02.667  1114  1114 D JobScheduler: queuing all ready jobs for execution:
06-28 18:14:02.669  1114 12415 I AlarmManager: remove alarm:Alarm{8918a7d type 2 when 175354529 PendingIntent{b214220: PendingIntentRecord{ca83d5c com.android.vending broadcastIntent}}com.android.vending} according to operation:25908d4
06-28 18:14:02.943  1114  1114 D JobScheduler: queuing all ready jobs for execution:
06-28 18:14:02.956  1114 13262 W HwAlarmManagerService: isContainsAppUidInWorksource-->happend NameNotFoundException
06-28 18:14:02.956  1114 13262 W HwAlarmManagerService: isContainsAppUidInWorksource-->happend NameNotFoundException
06-28 18:14:02.960  1114 13262 I HwAlarmManagerService: hwSetAlarm listenerTag: *job.delay*
06-28 18:14:02.960  1114 13262 I JobScheduler.Time: mNextDelayExpiredElapsedMillis: 118197151
06-28 18:14:02.961  1114 13262 W HwAlarmManagerService: isContainsAppUidInWorksource-->happend NameNotFoundException
06-28 18:14:02.961  1114 13262 W HwAlarmManagerService: isContainsAppUidInWorksource-->happend NameNotFoundException
06-28 18:14:02.965  1114 13262 I HwAlarmManagerService: hwSetAlarm listenerTag: *job.deadline*
06-28 18:14:02.965  1114 13262 I JobScheduler.Time: mNextJobExpiredElapsedMillis: 121004694
06-28 18:14:02.971  1114 13262 W HwAlarmManagerService: isContainsAppUidInWorksource-->happend NameNotFoundException
06-28 18:14:02.971  1114 13262 W HwAlarmManagerService: isContainsAppUidInWorksource-->happend NameNotFoundException
06-28 18:14:02.975  1114 13262 I HwAlarmManagerService: hwSetAlarm listenerTag: *job.delay*
06-28 18:14:02.976  1114 13262 I JobScheduler.Time: mNextDelayExpiredElapsedMillis: 118072555
06-28 18:14:02.976  1114 13262 W HwAlarmManagerService: isContainsAppUidInWorksource-->happend NameNotFoundException
06-28 18:14:02.977  1114 13262 W HwAlarmManagerService: isContainsAppUidInWorksource-->happend NameNotFoundException
06-28 18:14:02.980  1114 13262 I HwAlarmManagerService: hwSetAlarm listenerTag: *job.deadline*
06-28 18:14:02.981  1114 13262 I JobScheduler.Time: mNextJobExpiredElapsedMillis: 118086030
06-28 18:14:04.240  1114  1114 D JobScheduler: Maybe queuing ready jobs...
06-28 18:14:04.255  1114  1273 D SecurityProfileService: [SEAPP_TimeUsage]verifyPackage begin:1561716844255
06-28 18:14:04.255  1114  1273 D SecurityProfileService: verifyPackage apkPath:/data/app/vmdl582439389.tmp/base.apk
06-28 18:14:04.256  1114  1273 E SecurityProfileService: Not found Exception No APK Signature Scheme v2 block in APK Signing Block
06-28 18:14:04.256  1114  1273 D SecurityProfileService: [SEAPP_TimeUsage]verifyPackage end:1561716844256, Total usage:1ms
06-28 18:14:04.264  1114  1273 W PackageParser: Ignoring duplicate uses-permissions/uses-permissions-sdk-m: android.permission.ACCESS_FINE_LOCATION in package: com.mixgo.PropertySEO at: Binary XML file line #42
06-28 18:14:04.264  1114  1273 W PackageParser: Ignoring duplicate uses-permissions/uses-permissions-sdk-m: android.permission.RECEIVE_USER_PRESENT in package: com.mixgo.PropertySEO at: Binary XML file line #45
06-28 18:14:04.264  1114  1273 W PackageParser: Ignoring duplicate uses-permissions/uses-permissions-sdk-m: android.permission.INTERNET in package: com.mixgo.PropertySEO at: Binary XML file line #46
06-28 18:14:04.264  1114  1273 W PackageParser: Ignoring duplicate uses-permissions/uses-permissions-sdk-m: android.permission.WAKE_LOCK in package: com.mixgo.PropertySEO at: Binary XML file line #47
06-28 18:14:04.264  1114  1273 W PackageParser: Ignoring duplicate uses-permissions/uses-permissions-sdk-m: android.permission.READ_PHONE_STATE in package: com.mixgo.PropertySEO at: Binary XML file line #48
06-28 18:14:04.264  1114  1273 W PackageParser: Ignoring duplicate uses-permissions/uses-permissions-sdk-m: android.permission.WRITE_EXTERNAL_STORAGE in package: com.mixgo.PropertySEO at: Binary XML file line #49
06-28 18:14:04.264  1114  1273 W PackageParser: Ignoring duplicate uses-permissions/uses-permissions-sdk-m: android.permission.READ_EXTERNAL_STORAGE in package: com.mixgo.PropertySEO at: Binary XML file line #50
06-28 18:14:04.264  1114  1273 W PackageParser: Ignoring duplicate uses-permissions/uses-permissions-sdk-m: android.permission.WRITE_SETTINGS in package: com.mixgo.PropertySEO at: Binary XML file line #51
06-28 18:14:04.264  1114  1273 W PackageParser: Ignoring duplicate uses-permissions/uses-permissions-sdk-m: android.permission.VIBRATE in package: com.mixgo.PropertySEO at: Binary XML file line #52
06-28 18:14:04.264  1114  1273 W PackageParser: Ignoring duplicate uses-permissions/uses-permissions-sdk-m: android.permission.MOUNT_UNMOUNT_FILESYSTEMS in package: com.mixgo.PropertySEO at: Binary XML file line #53
06-28 18:14:04.264  1114  1273 W PackageParser: Ignoring duplicate uses-permissions/uses-permissions-sdk-m: android.permission.ACCESS_NETWORK_STATE in package: com.mixgo.PropertySEO at: Binary XML file line #54
06-28 18:14:04.264  1114  1273 W PackageParser: Ignoring duplicate uses-permissions/uses-permissions-sdk-m: android.permission.SYSTEM_ALERT_WINDOW in package: com.mixgo.PropertySEO at: Binary XML file line #55
06-28 18:14:04.265  1114  1273 W PackageParser: No actions in intent filter at /data/app/vmdl582439389.tmp/base.apk Binary XML file line #173
06-28 18:14:04.330  1114  1273 D PackageManager: installPackageLI-> install derivePackageAbi case, pkg=Package{be57f17 com.mixgo.PropertySEO}, primaryCpuAbi=armeabi-v7a
06-28 18:14:04.333  1114  1273 D PackageManager: mFrozenPackages add package:com.mixgo.PropertySEO
06-28 18:14:04.516  1114  1273 D PackageManager: mFrozenPackages remove package:com.mixgo.PropertySEO
06-28 18:14:04.718  1114  1273 I HwPackageManagerService: AntiMalware is closed
06-28 18:14:04.720  1114  1273 V BackupManagerService: restoreAtInstall pkg=com.mixgo.PropertySEO token=15 restoreSet=0
06-28 18:14:04.723  1114  1273 V BackupManagerService: Finishing install immediately
06-28 18:14:04.739  1114  1273 W ContextImpl: Calling a method in the system process without a qualified user: android.app.ContextImpl.sendBroadcast:1208 com.android.server.pm.HwPackageManagerService.parseInstalledPkgInfo:2926 com.android.server.pm.PackageManagerService.parseInstalledPkgInfo:26786 com.android.server.pm.PackageManagerService.access$1000:504 com.android.server.pm.PackageManagerService$PackageHandler.doHandleMessage:1921 
06-28 18:14:04.742  1114  1273 V HwPackageManagerService: POST_INSTALL:  pkgName = com.mixgo.PropertySEO, pkgUri = /data/app/vmdl582439389.tmp;, pkgInstalledPath = /data/app/vmdl582439389.tmp, pkgInstallerPackageName = , pkgVerName = 1.05, pkgVerCode = 105, resultCode = 1, pkgUpdate = false, pkgMetaHash = f9a0cf8c266a0cd465c479e29e48ab460267ba132d22d340317738a47fff0888
06-28 18:14:04.772  1114  1217 I PackageManager: writePermissionsSync -> user:0, put true:, Build.FINGERPRINT:HUAWEI/EML-AL00/HWEML:9/HUAWEIEML-AL00/187C00R1:user/release-keys, fingerprint:HUAWEI/EML-AL00/HWEML:9/HUAWEIEML-AL00/187C00R1:user/release-keys
06-28 18:14:04.788  1114  1559 D NetdConnector: SND -> {2417 firewall set_uid_rule standby 10398 deny}
06-28 18:14:04.795  1114  1555 D NetdConnector: RCV <- {200 2417 Firewall command succeeded}
06-28 18:14:04.796  1114  1555 D NetdConnector: RCV <- {200 2417 Firewall command succeeded}
06-28 18:14:04.833  1869  1869 I PreDnsQuery: onReceive: intent = android.intent.action.PACKAGE_ADDED
06-28 18:14:04.924 13352 13352 W ContextImpl: Calling a method in the system process without a qualified user: android.app.ContextImpl.startService:1796 android.content.ContextWrapper.startService:664 android.content.ContextWrapper.startService:664 com.android.settings.applications.BlackListReceiver.onReceive:41 android.app.ActivityThread.handleReceiver:3856 
06-28 18:14:04.925  1114  2564 I HwNetworkPolicy: onTransact, code = 202
06-28 18:14:04.925  2017  2017 I HwNetworkPolicyManager: removeHwUidPolicy uid = 10398 policy = -1 opPackageName = com.huawei.systemmanager
06-28 18:14:04.932  2017  3622 W ContextImpl: Calling a method in the system process without a qualified user: android.app.ContextImpl.startService:1796 android.content.ContextWrapper.startService:664 com.huawei.systemmanager.spacecleanner.receiver.SpaceCleanReceiver.checkRarelyUsedApp:100 com.huawei.systemmanager.spacecleanner.receiver.SpaceCleanReceiver.doInBackground:46 java.lang.reflect.Method.invoke:-2 
06-28 18:14:04.935  1114  9129 D SecurityProfileService: removeLabel:com.mixgo.PropertySEO
06-28 18:14:04.936  1114  9129 D SecurityProfileDB: writing: {
06-28 18:14:04.936  1114  9129 D SecurityProfileDB:     "overlay_labels": {},
06-28 18:14:04.936  1114  9129 D SecurityProfileDB:     "domains": {
06-28 18:14:04.936  1114  9129 D SecurityProfileDB:         "com.huawei.smarthome": [
06-28 18:14:04.936  1114  9129 D SecurityProfileDB:             {
06-28 18:14:04.936  1114  9129 D SecurityProfileDB:                 "policy_version": 6,
06-28 18:14:04.936  1114  9129 D SecurityProfileDB:                 "apk_digest": {
06-28 18:14:04.936  1114  9129 D SecurityProfileDB:                     "digest_algorithm": "SHA-256",
06-28 18:14:04.936  1114  9129 D SecurityProfileDB:                     "digest": "8kAADpcRny0My5sa9TarBImvXnGs4epGshhmrbOt2Js=",
06-28 18:14:04.936  1114  9129 D SecurityProfileDB:                     "signature_scheme": "v2"
06-28 18:14:04.936  1114  9129 D SecurityProfileDB:                 },
06-28 18:14:04.936  1114  9129 D SecurityProfileDB:                 "rules": [],
06-28 18:14:04.936  1114  9129 D SecurityProfileDB:                 "labels": [
06-28 18:14:04.936  1114  9129 D SecurityProfileDB:                     "NORMAL"
06-28 18:14:04.936  1114  9129 D SecurityProfileDB:                 ]
06-28 18:14:04.936  1114  9129 D SecurityProfileDB:             }
06-28 18:14:04.936  1114  9129 D SecurityProfileDB:         ],
06-28 18:14:04.936  1114  9129 D SecurityProfileDB:         "com.ximalaya.ting.android": [
06-28 18:14:04.936  1114  9129 D SecurityProfileDB:             {
06-28 18:14:04.936  1114  9129 D SecurityProfileDB:                 "policy_version": 2,
06-28 18:14:04.936  1114  9129 D SecurityProfileDB:                 "apk_digest": {
06-28 18:14:04.936  1114  9129 D SecurityProfileDB:                     "digest_algorithm": "SHA-256",
06-28 18:14:04.936  1114  9129 D SecurityProfileDB:                     "digest": "ltEwA2NUWdvMg5xpCVbO2OYvn5VUqmcGgsUQtvGID08=",
06-28 18:14:04.936  1114  9129 D SecurityProfileDB:                     "signature_scheme": "v2"
06-28 18:14:04.936  1114  9129 D SecurityProfileDB:                 },
06-28 18:14:04.936  1114  9129 D SecurityProfileDB:                 "rules": [],
06-28 18:14:04.936  1114  9129 D SecurityProfileDB:                 "labels": [
06-28 18:14:04.936  1114  9129 D SecurityProfileDB:                     "NORMAL"
06-28 18:14:04.936  1114  9129 D SecurityProfileDB:                 ]
06-28 18:14:04.936  1114  9129 D SecurityProfileDB:             }
06-28 18:14:04.936  1114  9129 D SecurityProfileDB:         ],
06-28 18:14:04.936  1114  9129 D SecurityProfileDB:         "com.vmall.client": [
06-28 18:14:04.936  1114  9129 D SecurityProfileDB:             {
06-28 18:14:04.936  1114  9129 D SecurityProfileDB:                 "policy_version": 3,
06-28 18:14:04.936  1114  9129 D SecurityProfileDB:                 "apk_digest": {
06-28 18:14:04.936  1114  9129 D SecurityProfileDB:                     "digest_algorithm": "SHA-256",
06-28 18:14:04.936  1114  9129 D SecurityProfileDB:                     "digest": "MjshbEeBIuhNyAmxiJ8bUyQbdfOiMe4LVrdpyfyBLck=",
06-28 18:14:04.936  1114  9129 D SecurityProfileDB:                     "signature_scheme": "v2"
06-28 18:14:04.936  1114  9129 D SecurityProfileDB:                 },
06-28 18:14:04.936  1114  9129 D SecurityProfileDB:                 "rules": [],
06-28 18:14:04.936  1114  9129 D SecurityProfileDB:                 "labels": [
06-28 18:14:04.936  1114  9129 D SecurityProfileDB:                     "NORMAL"
06-28 18:14:04.936  1114  9129 D SecurityProfileDB:                 ]
06-28 18:14:04.936  1114  9129 D SecurityProfileDB:             }
06-28 18:14:04.936  1114  9129 D SecurityProfileDB:         ],
06-28 18:14:04.936  1114  9129 D SecurityProfileDB:         "com.sankuai.meituan": [
06-28 18:14:04.936  1114  9129 D SecurityProfileDB:             {
06-28 18:14:04.936  1114  9129 D SecurityProfileDB:                 "policy_version": 3,
06-28 18:14:04.936  1114  9129 D SecurityProfileDB:                 "apk_digest": {
06-28 18:14:04.936  1114  9129 D SecurityProfileDB:                     "digest_algorithm": "SHA-256",
06-28 18:14:04.936  1114  9129 D SecurityProfileDB:                     "digest": "DKU1i0LxsGMELL1XP+nvBf2tmfscYNMyOD1Wcn81I\/g=",
06-28 18:14:04.936  1114  9129 D SecurityProfileDB:                     "signature_scheme": "v2"
06-28 18:14:04.936  1114  9129 D SecurityProfileDB:                 },
06-28 18:14:04.936  1114  9129 D SecurityProfileDB:                 "rules": [],
06-28 18:14:04.936  1114  9129 D SecurityProfileDB:                 "labels": [
06-28 18:14:04.936  1114  9129 D SecurityProfileDB:                     "NORMAL"
06-28 18:14:04.936  1114  9129 D SecurityProfileDB:                 ]
06-28 18:14:04.936  1114  9129 D SecurityProfileDB:             }
06-28 18:14:04.936  1114  9129 D SecurityProfileDB:         ],
06-28 18:14:04.936  1114  9129 D SecurityProfileDB:         "com.sina.weibo": [
06-28 18:14:04.936  1114  9129 D SecurityProfileDB:             {
06-28 18:14:04.936  1114  9129 D SecurityProfileDB:                 "policy_version": 2,
06-28 18:14:04.936  1114  9129 D SecurityProfileDB:                 "apk_digest": {
06-28 18:14:04.936  1114  9129 D SecurityProfileDB:                     "digest_algorithm": "SHA-256",
06-28 18:14:04.936  1114  9129 D SecurityProfileDB:                     "digest": "l944bQfPHpM2fV55AYaYSJEECMdSHqTgLq9mpTzbsdM=",
06-28 18:14:04.936  1114  9129 D SecurityProfileDB:                     "signature_scheme": "v1_manifest"
06-28 18:14:04.936  1114  9129 D SecurityProfileDB:                 },
06-28 18:14:04.936  1114  9129 D SecurityProfileDB:                 "rules": [],
06-28 18:14:04.936  1114  9129 D SecurityProfileDB:                 "labels": [
06-28 18:14:04.936  1114  9129 D SecurityProfileDB:                     "NORMAL"
06-28 18:14:04.936  1114  9129 D SecurityProfileDB:                 ]
06-28 18:14:04.936  1114  9129 D SecurityProfileDB:             }
06-28 18:14:04.936  1114  9129 D SecurityProfileDB:         ],
06-28 18:14:04.936  1114  9129 D SecurityProfileDB:         "com.sina.news": [
06-28 18:14:04.936  1114  9129 D SecurityProfileDB:             {
06-28 18:14:04.936  1114  9129 D SecurityProfileDB:                 "policy_version": 8,
06-28 18:14:04.936  1114  9129 D SecurityProfileDB:                 "apk_digest": {
06-28 18:14:04.936  1114  9129 D SecurityProfileDB:                     "digest_algorithm": "SHA-256",
06-28 18:14:04.936  1114  9129 D SecurityProfileDB:                     "digest": "My0BqwfTH8wQzAIOWP3e6su6qpLBI6BtdtIK38yBBxA=",
06-28 18:14:04.936  1114  9129 D SecurityProfileDB:                     "signature_scheme": "v2"
06-28 18:14:04.936  1114  9129 D SecurityProfileDB:                 },
06-28 18:14:04.936  1114  9129 D SecurityProfileDB:                 "rules": [],
06-28 18:14:04.936  1114  9129 D SecurityProfileDB:                 "labels": [
06-28 18:14:04.936  1114  9129 D SecurityProfileDB:                     "NORMAL"
06-28 18:14:04.936  1114  9129 D SecurityProfileDB:                 ]
06-28 18:14:04.936  1114  9129 D SecurityProfileDB:             }
06-28 18:14:04.936  1114  9129 D SecurityProfileDB:         ],
06-28 18:14:04.936  1114  9129 D SecurityProfileDB:         "com.jingdong.app.mall": [
06-28 18:14:04.936  1114  9129 D SecurityProfileDB:             {
06-28 18:14:04.936  1114  9129 D SecurityProfileDB:                 "policy_version": 5,
06-28 18:14:04.936  1114  9129 D SecurityProfileDB:                 "apk_digest": {
06-28 18:14:04.936  1114  9129 D SecurityProfileDB:                     "digest_algorithm": "SHA-256",
06-28 18:14:04.936  1114  9129 D SecurityProfileDB:                     "digest": "99vPRWT72SI4wpJtYTyp73R7n8DsnfCYKdJeFo\/XwQ4=",
06-28 18:14:04.936  1114  9129 D SecurityProfileDB:                     "signature_scheme": "v2"
06-28 18:14:04.936  1114  9129 D SecurityProfileDB:                 },
06-28 18:14:04.936  1114  9129 D SecurityProfileDB:                 "rules": [],
06-28 18:14:04.936  1114  9129 D SecurityProfileDB:                 "labels": [
06-28 18:14:04.936  1114  9129 D SecurityProfileDB:                     "NORMAL"
06-28 18:14:04.936  1114  9129 D SecurityProfileDB:                 ]
06-28 18:14:04.936  1114  9129 D SecurityProfileDB:             }
06-28 18:14:04.936  1114  9129 D SecurityProfileDB:         ],
06-28 18:14:04.936  1114  9129 D SecurityProfileDB:         "com.huawei.skytone": [
06-28 18:14:04.936  1114  9129 D SecurityProfileDB:             {
06-28 18:14:04.936  1114  9129 D SecurityProfileDB:                 "policy_version": 5,
06-28 18:14:04.936  1114  9129 D SecurityProfileDB:                 "apk_digest": {
06-28 18:14:04.936  1114  9129 D SecurityProfileDB:                     "digest_algorithm": "SHA-256",
06-28 18:14:04.936  1114  9129 D SecurityProfileDB:                     "digest": "bQkvtDA621g+R22lmNBqKIBF1uTK9VrNkTR2wBkOVlo=",
06-28 18:14:04.936  1114  9129 D SecurityProfileDB:                     "signature_scheme": "v1_manifest"
06-28 18:14:04.936  1114  9129 D SecurityProfileDB:                 },
06-28 18:14:04.936  1114  9129 D SecurityProfileDB:                 "rules": [],
06-28 18:14:04.936  1114  9129 D SecurityProfileDB:                 "labels": [
06-28 18:14:04.936  1114  9129 D SecurityProfileDB:                     "NORMAL"
06-28 18:14:04.936  1114  9129 D SecurityProfileDB:                 ]
06-28 18:14:04.936  1114  9129 D SecurityProfileDB:             }
06-28 18:14:04.936  1114  9129 D SecurityProfileDB:         ],
06-28 18:14:04.936  1114  9129 D SecurityProfileDB:         "com.netease.cloudmusic": [
06-28 18:14:04.936  1114  9129 D SecurityProfileDB:             {
06-28 18:14:04.936  1114  9129 D SecurityProfileDB:                 "policy_version": 2,
06-28 18:14:04.936  1114  9129 D SecurityProfileDB:                 "apk_digest": {
06-28 18:14:04.936  1114  9129 D SecurityProfileDB:                     "digest_algorithm": "SHA-256",
06-28 18:14:04.936  1114  9129 D SecurityProfileDB:                     "digest": "AyxPO+T8EMGK\/g8wVSPiiO2znTSj\/u2HjrUHL94IaQI=",
06-28 18:14:04.936  1114  9129 D SecurityProfileDB:                     "signature_scheme": "v2"
06-28 18:14:04.936  1114  9129 D SecurityProfileDB:                 },
06-28 18:14:04.936  1114  9129 D SecurityProfileDB:                 "rules": [],
06-28 18:14:04.936  1114  9129 D SecurityProfileDB:                 "labels": [
06-28 18:14:04.936  1114  9129 D SecurityProfileDB:                     "NORMAL"
06-28 18:14:04.936  1114  9129 D SecurityProfileDB:                 ]
06-28 18:14:04.936  1114  9129 D SecurityProfileDB:             }
06-28 18:14:04.936  1114  9129 D SecurityProfileDB:         ],
06-28 18:14:04.936  1114  9129 D SecurityProfileDB:         "com.taobao.taobao": [
06-28 18:14:04.936  1114  9129 D SecurityProfileDB:   
06-28 18:14:05.012  1114  1684 D HwNetworkManagementService: code == CODE_SET_APK_DL_STRATEGY
06-28 18:14:05.012  1114  1684 D HwNetworkManagementService: CODE_SET_APK_DL_STRATEGY, pkgName=[com.baidu.searchbox, com.android.browser], needReset=false
06-28 18:14:05.012  1114  1684 D HwNetworkManagementService: convertPkgNameToUid, pkgName=[com.baidu.searchbox, com.android.browser]
06-28 18:14:05.012  1114  1684 D HwNetworkManagementService: convertPkgNameToUid, pkg=com.baidu.searchbox, uid=10125, under user.id=0
06-28 18:14:05.012  1114  1684 D HwNetworkManagementService: convertPkgNameToUid, pkg=com.android.browser, uid=10104, under user.id=0
06-28 18:14:05.012  1114  1684 D HwNetworkManagementService: CODE_SET_APK_DL_STRATEGY, appUidList=[10125;10104;]
06-28 18:14:05.012  1114  1684 D HwNetworkManagementService: setApkDlFilterRules, appUidList=[10125;10104;], needReset=false
06-28 18:14:05.013  1114  1684 D NetdConnector: SND -> {2418 hwfilter set_apkdl_strategy_rule 10125;10104; not_reset}
06-28 18:14:05.014  1114  1555 D NetdConnector: RCV <- {200 2418 success}
06-28 18:14:05.015  1114  1555 D NetdConnector: RCV <- {200 2418 success}
06-28 18:14:05.036  1114  1817 W HwAlarmManagerService: isContainsAppUidInWorksource-->happend NameNotFoundException
06-28 18:14:05.036  1114  1817 W HwAlarmManagerService: isContainsAppUidInWorksource-->happend NameNotFoundException
06-28 18:14:05.039  1114  1150 E PowerManagerService: Exception when search wack lock :java.lang.IllegalArgumentException: Wake lock not active: android.os.BinderProxy@e5b4dd0 from uid 10021
06-28 18:14:05.048  1114  1817 I HwAlarmManagerService: hwSetAlarm listenerTag: *job.delay*
06-28 18:14:05.049  1114  1817 I JobScheduler.Time: mNextDelayExpiredElapsedMillis: 118197151
06-28 18:14:05.050  1114  1817 W HwAlarmManagerService: isContainsAppUidInWorksource-->happend NameNotFoundException
06-28 18:14:05.050  1114  1817 W HwAlarmManagerService: isContainsAppUidInWorksource-->happend NameNotFoundException
06-28 18:14:05.061  1114  9129 D SecurityProfileService: updateDomainPolicies,packageList:[com.mixgo.PropertySEO]
06-28 18:14:05.061  1114  9129 D SecurityProfileService: resolveActiveDomainPolicies packageName com.mixgo.PropertySEO
06-28 18:14:05.061  1114  9129 D SecurityProfileUtils: getInstalledApkPath name success,packageName:com.mixgo.PropertySEO,userId:0,ApkPath:/data/app/com.mixgo.PropertySEO-N5MdOtQqktpd1xg-WxO0Zw==/base.apk
06-28 18:14:05.061  1114  9129 D SecurityProfileService: selected1 policy:{"labels":[]}
06-28 18:14:05.061  1114  9129 D SecurityProfileService: selected2 policy:{"labels":[]}
06-28 18:14:05.062  1114  9129 D SecurityProfileDB: writing: {
06-28 18:14:05.062  1114  9129 D SecurityProfileDB:     "overlay_labels": {},
06-28 18:14:05.062  1114  9129 D SecurityProfileDB:     "domains": {
06-28 18:14:05.062  1114  9129 D SecurityProfileDB:         "com.huawei.smarthome": {
06-28 18:14:05.062  1114  9129 D SecurityProfileDB:             "policy_version": 6,
06-28 18:14:05.062  1114  9129 D SecurityProfileDB:             "apk_digest": {
06-28 18:14:05.062  1114  9129 D SecurityProfileDB:                 "digest_algorithm": "SHA-256",
06-28 18:14:05.062  1114  9129 D SecurityProfileDB:                 "digest": "8kAADpcRny0My5sa9TarBImvXnGs4epGshhmrbOt2Js=",
06-28 18:14:05.062  1114  9129 D SecurityProfileDB:                 "signature_scheme": "v2"
06-28 18:14:05.062  1114  9129 D SecurityProfileDB:             },
06-28 18:14:05.062  1114  9129 D SecurityProfileDB:             "rules": [],
06-28 18:14:05.062  1114  9129 D SecurityProfileDB:             "labels": [
06-28 18:14:05.062  1114  9129 D SecurityProfileDB:                 "NORMAL"
06-28 18:14:05.062  1114  9129 D SecurityProfileDB:             ]
06-28 18:14:05.062  1114  9129 D SecurityProfileDB:         },
06-28 18:14:05.062  1114  9129 D SecurityProfileDB:         "com.ximalaya.ting.android": {
06-28 18:14:05.062  1114  9129 D SecurityProfileDB:             "policy_version": 2,
06-28 18:14:05.062  1114  9129 D SecurityProfileDB:             "apk_digest": {
06-28 18:14:05.062  1114  9129 D SecurityProfileDB:                 "digest_algorithm": "SHA-256",
06-28 18:14:05.062  1114  9129 D SecurityProfileDB:                 "digest": "ltEwA2NUWdvMg5xpCVbO2OYvn5VUqmcGgsUQtvGID08=",
06-28 18:14:05.062  1114  9129 D SecurityProfileDB:                 "signature_scheme": "v2"
06-28 18:14:05.062  1114  9129 D SecurityProfileDB:             },
06-28 18:14:05.062  1114  9129 D SecurityProfileDB:             "rules": [],
06-28 18:14:05.062  1114  9129 D SecurityProfileDB:             "labels": [
06-28 18:14:05.062  1114  9129 D SecurityProfileDB:                 "NORMAL"
06-28 18:14:05.062  1114  9129 D SecurityProfileDB:             ]
06-28 18:14:05.062  1114  9129 D SecurityProfileDB:         },
06-28 18:14:05.062  1114  9129 D SecurityProfileDB:         "com.vmall.client": {
06-28 18:14:05.062  1114  9129 D SecurityProfileDB:             "policy_version": 3,
06-28 18:14:05.062  1114  9129 D SecurityProfileDB:             "apk_digest": {
06-28 18:14:05.062  1114  9129 D SecurityProfileDB:                 "digest_algorithm": "SHA-256",
06-28 18:14:05.062  1114  9129 D SecurityProfileDB:                 "digest": "MjshbEeBIuhNyAmxiJ8bUyQbdfOiMe4LVrdpyfyBLck=",
06-28 18:14:05.062  1114  9129 D SecurityProfileDB:                 "signature_scheme": "v2"
06-28 18:14:05.062  1114  9129 D SecurityProfileDB:             },
06-28 18:14:05.062  1114  9129 D SecurityProfileDB:             "rules": [],
06-28 18:14:05.062  1114  9129 D SecurityProfileDB:             "labels": [
06-28 18:14:05.062  1114  9129 D SecurityProfileDB:                 "NORMAL"
06-28 18:14:05.062  1114  9129 D SecurityProfileDB:             ]
06-28 18:14:05.062  1114  9129 D SecurityProfileDB:         },
06-28 18:14:05.062  1114  9129 D SecurityProfileDB:         "com.sankuai.meituan": {
06-28 18:14:05.062  1114  9129 D SecurityProfileDB:             "policy_version": 3,
06-28 18:14:05.062  1114  9129 D SecurityProfileDB:             "apk_digest": {
06-28 18:14:05.062  1114  9129 D SecurityProfileDB:                 "digest_algorithm": "SHA-256",
06-28 18:14:05.062  1114  9129 D SecurityProfileDB:                 "digest": "DKU1i0LxsGMELL1XP+nvBf2tmfscYNMyOD1Wcn81I\/g=",
06-28 18:14:05.062  1114  9129 D SecurityProfileDB:                 "signature_scheme": "v2"
06-28 18:14:05.062  1114  9129 D SecurityProfileDB:             },
06-28 18:14:05.062  1114  9129 D SecurityProfileDB:             "rules": [],
06-28 18:14:05.062  1114  9129 D SecurityProfileDB:             "labels": [
06-28 18:14:05.062  1114  9129 D SecurityProfileDB:                 "NORMAL"
06-28 18:14:05.062  1114  9129 D SecurityProfileDB:             ]
06-28 18:14:05.062  1114  9129 D SecurityProfileDB:         },
06-28 18:14:05.062  1114  9129 D SecurityProfileDB:         "com.sina.weibo": {
06-28 18:14:05.062  1114  9129 D SecurityProfileDB:             "policy_version": 2,
06-28 18:14:05.062  1114  9129 D SecurityProfileDB:             "apk_digest": {
06-28 18:14:05.062  1114  9129 D SecurityProfileDB:                 "digest_algorithm": "SHA-256",
06-28 18:14:05.062  1114  9129 D SecurityProfileDB:                 "digest": "l944bQfPHpM2fV55AYaYSJEECMdSHqTgLq9mpTzbsdM=",
06-28 18:14:05.062  1114  9129 D SecurityProfileDB:                 "signature_scheme": "v1_manifest"
06-28 18:14:05.062  1114  9129 D SecurityProfileDB:             },
06-28 18:14:05.062  1114  9129 D SecurityProfileDB:             "rules": [],
06-28 18:14:05.062  1114  9129 D SecurityProfileDB:             "labels": [
06-28 18:14:05.062  1114  9129 D SecurityProfileDB:                 "NORMAL"
06-28 18:14:05.062  1114  9129 D SecurityProfileDB:             ]
06-28 18:14:05.062  1114  9129 D SecurityProfileDB:         },
06-28 18:14:05.062  1114  9129 D SecurityProfileDB:         "com.jingdong.app.mall": {
06-28 18:14:05.062  1114  9129 D SecurityProfileDB:             "policy_version": 5,
06-28 18:14:05.062  1114  9129 D SecurityProfileDB:             "apk_digest": {
06-28 18:14:05.062  1114  9129 D SecurityProfileDB:                 "digest_algorithm": "SHA-256",
06-28 18:14:05.062  1114  9129 D SecurityProfileDB:                 "digest": "99vPRWT72SI4wpJtYTyp73R7n8DsnfCYKdJeFo\/XwQ4=",
06-28 18:14:05.062  1114  9129 D SecurityProfileDB:                 "signature_scheme": "v2"
06-28 18:14:05.062  1114  9129 D SecurityProfileDB:             },
06-28 18:14:05.062  1114  9129 D SecurityProfileDB:             "rules": [],
06-28 18:14:05.062  1114  9129 D SecurityProfileDB:             "labels": [
06-28 18:14:05.062  1114  9129 D SecurityProfileDB:                 "NORMAL"
06-28 18:14:05.062  1114  9129 D SecurityProfileDB:             ]
06-28 18:14:05.062  1114  9129 D SecurityProfileDB:         },
06-28 18:14:05.062  1114  9129 D SecurityProfileDB:         "com.huawei.skytone": {
06-28 18:14:05.062  1114  9129 D SecurityProfileDB:             "policy_version": 5,
06-28 18:14:05.062  1114  9129 D SecurityProfileDB:             "apk_digest": {
06-28 18:14:05.062  1114  9129 D SecurityProfileDB:                 "digest_algorithm": "SHA-256",
06-28 18:14:05.062  1114  9129 D SecurityProfileDB:                 "digest": "bQkvtDA621g+R22lmNBqKIBF1uTK9VrNkTR2wBkOVlo=",
06-28 18:14:05.062  1114  9129 D SecurityProfileDB:                 "signature_scheme": "v1_manifest"
06-28 18:14:05.062  1114  9129 D SecurityProfileDB:             },
06-28 18:14:05.062  1114  9129 D SecurityProfileDB:             "rules": [],
06-28 18:14:05.062  1114  9129 D SecurityProfileDB:             "labels": [
06-28 18:14:05.062  1114  9129 D SecurityProfileDB:                 "NORMAL"
06-28 18:14:05.062  1114  9129 D SecurityProfileDB:             ]
06-28 18:14:05.062  1114  9129 D SecurityProfileDB:         },
06-28 18:14:05.062  1114  9129 D SecurityProfileDB:         "com.netease.cloudmusic": {
06-28 18:14:05.062  1114  9129 D SecurityProfileDB:             "policy_version": 2,
06-28 18:14:05.062  1114  9129 D SecurityProfileDB:             "apk_digest": {
06-28 18:14:05.062  1114  9129 D SecurityProfileDB:                 "digest_algorithm": "SHA-256",
06-28 18:14:05.062  1114  9129 D SecurityProfileDB:                 "digest": "AyxPO+T8EMGK\/g8wVSPiiO2znTSj\/u2HjrUHL94IaQI=",
06-28 18:14:05.062  1114  9129 D SecurityProfileDB:                 "signature_scheme": "v2"
06-28 18:14:05.062  1114  9129 D SecurityProfileDB:             },
06-28 18:14:05.062  1114  9129 D SecurityProfileDB:             "rules": [],
06-28 18:14:05.062  1114  9129 D SecurityProfileDB:             "labels": [
06-28 18:14:05.062  1114  9129 D SecurityProfileDB:                 "NORMAL"
06-28 18:14:05.062  1114  9129 D SecurityProfileDB:             ]
06-28 18:14:05.062  1114  9129 D SecurityProfileDB:         },
06-28 18:14:05.062  1114  9129 D SecurityProfileDB:         "com.taobao.taobao": {
06-28 18:14:05.062  1114  9129 D SecurityProfileDB:             "policy_version": 3,
06-28 18:14:05.062  1114  9129 D SecurityProfileDB:             "apk_digest": {
06-28 18:14:05.062  1114  9129 D SecurityProfileDB:                 "digest_algorithm": "SHA-256",
06-28 18:14:05.062  1114  9129 D SecurityProfileDB:                 "digest": "Yc7yPxAixudfqvGFqS0oj7SvZRpuvuvMlU44navCvW8=",
06-28 18:14:05.062  1114  9129 D SecurityProfileDB:                 "signature_scheme": "v2"
06-28 18:14:05.062  1114  9129 D SecurityProfileDB:             },
06-28 18:14:05.062  1114  9129 D SecurityProfileDB:             "rules": [],
06-28 18:14:05.062  1114  9129 D SecurityProfileDB:             "labels": [
06-28 18:14:05.062  1114  9129 D SecurityProfileDB:                 "NORMAL"
06-28 18:14:05.062  1114  9129 D SecurityProfileDB:             ]
06-28 18:14:05.062  1114  9129 D SecurityProfileDB:         },
06-28 18:14:05.062  1114  9129 D SecurityProfileDB:         "com.microsoft.translator": {
06-28 18:14:05.062  1114  9129 D SecurityProfileDB:             "policy_version": 3,
06-28 18:14:05.062  1114  9129 D SecurityProfileDB:             "apk_digest": {
06-28 18:14:05.062  1114  9129 D SecurityProfileDB:                 "digest_algorithm": "SHA-256",
06-28 18:14:05.062  1114  9129 D SecurityProfileDB:                 "digest": "h7kdJ8VdY8vQT9aOfNo\/9PNwLECu4pmbofPgVoqUMM0=",
06-28 18:14:05.062  1114  9129 D SecurityProfileDB:                 "signature_scheme": "v1_manifest"
06-28 18:14:05.062  1114  9129 D SecurityProfileDB:             },
06-28 18:14:05.062  1114  9129 D SecurityProfileDB:             "rules": [],
06-28 18:14:05.062  1114  9129 D SecurityProfileDB:             "labels": [
06-28 18:14:05.062  1114  9129 D SecurityProfileDB:                 "NORMAL"
06-28 18:14:05.062  1114  9129 D SecurityProfileDB:             ]
06-28 18:14:05.062  1114  9129 D SecurityProfileDB:         },
06-28 18:14:05.062  1114  9129 D SecurityProfileDB:         "com.ss.android.article.news": {
06-28 18:14:05.062  1114  9129 D SecurityProfileDB:             "policy_version": 5,
06-28 18:14:05.062  1114  9129 D SecurityProfileDB:             "apk_digest": {
06-28 18:14:05.062  1114  9129 D SecurityProfileDB:                 "digest_algorithm": "SHA-256",
06-28 18:14:05.062  1114  9129 D SecurityProfileDB:                 "digest": "lUcykKsy6QxUGySDftJZyPcPXJR90W3wbtmKuHFjPGI=",
06-28 18:14:05.062  1114  9129 D SecurityProfileDB:                 "signature_scheme
06-28 18:14:05.064  1114  1817 I HwAlarmManagerService: hwSetAlarm listenerTag: *job.deadline*
06-28 18:14:05.065  1114  1817 I JobScheduler.Time: mNextJobExpiredElapsedMillis: 121004694
06-28 18:14:05.075  1114  1817 E PowerManagerService: Exception when search wack lock :java.lang.IllegalArgumentException: Wake lock not active: android.os.BinderProxy@e5b4dd0 from uid 10021
06-28 18:14:05.078  1114 12415 W HwAlarmManagerService: isContainsAppUidInWorksource-->happend NameNotFoundException
06-28 18:14:05.079  1114 12415 W HwAlarmManagerService: isContainsAppUidInWorksource-->happend NameNotFoundException
06-28 18:14:05.084  1114  2564 E PowerManagerService: Exception when search wack lock :java.lang.IllegalArgumentException: Wake lock not active: android.os.BinderProxy@e5b4dd0 from uid 10021
06-28 18:14:05.084  1114  1222 W BroadcastQueue: Background execution not allowed: receiving Intent { act=android.intent.action.PACKAGE_ADDED dat=package:com.mixgo.PropertySEO flg=0x4000010 (has extras) } to com.huawei.gameassistant/com.gameassistant.gamedata.receiver.InstallPackageIntentReceiver
06-28 18:14:05.084  1114 12415 I HwAlarmManagerService: hwSetAlarm listenerTag: *job.delay*
06-28 18:14:05.085  1114 12415 I JobScheduler.Time: mNextDelayExpiredElapsedMillis: 118074662
06-28 18:14:05.090  1114  1684 E PowerManagerService: Exception when search wack lock :java.lang.IllegalArgumentException: Wake lock not active: android.os.BinderProxy@e5b4dd0 from uid 10021
06-28 18:14:05.099  1114  1817 W HwAlarmManagerService: isContainsAppUidInWorksource-->happend NameNotFoundException
06-28 18:14:05.099  1114  1817 W HwAlarmManagerService: isContainsAppUidInWorksource-->happend NameNotFoundException
06-28 18:14:05.101  1114  1817 I HwAlarmManagerService: hwSetAlarm listenerTag: *job.deadline*
06-28 18:14:05.102  1114  1817 I JobScheduler.Time: mNextJobExpiredElapsedMillis: 118086076
06-28 18:14:05.108  1114  1217 I [SPMN]  : insert SECURE -- name = accessibility_enabled, package = android, user = 0, value = 1
06-28 18:14:05.120  1114  1684 V HwNotificationManagerService: Notification db cfg changed
06-28 18:14:05.126 31253 31253 W ContextImpl: Calling a method in the system process without a qualified user: android.app.ContextImpl.startService:1796 android.content.ContextWrapper.startService:664 android.content.ContextWrapper.startService:664 com.huawei.systemmanager.antivirus.utils.AntiVirusTools.checkVirusForNewInstalledApk:711 com.huawei.systemmanager.antivirus.AntiVirusReceiver.onReceive:39 
06-28 18:14:05.128  2017  2017 W ContextImpl: Calling a method in the system process without a qualified user: android.app.ContextImpl.startService:1796 android.content.ContextWrapper.startService:664 com.huawei.systemmanager.antivirus.AntiVirusService.handleInstalledApkCheck:355 com.huawei.systemmanager.antivirus.AntiVirusService.onStartCommand:279 android.app.ActivityThread.handleServiceArgs:4158 
06-28 18:14:05.151  1114  1114 W Looper  : Slow dispatch took 375ms main h=android.app.ActivityThread$H c=android.app.-$$Lambda$LoadedApk$ReceiverDispatcher$Args$_BumDX2UKsnxLVrE6UJsJZkotuA@e41ac32 m=0
06-28 18:14:05.151  1114  1114 W Looper  : Slow delivery took 379ms main h=android.app.ActivityThread$H c=android.app.-$$Lambda$LoadedApk$ReceiverDispatcher$Args$_BumDX2UKsnxLVrE6UJsJZkotuA@519bd83 m=0
06-28 18:14:05.152  1114  1114 V NotificationListeners: enabling notification listener for 0: ComponentInfo{com.baidu.searchbox/com.baidu.searchbox.lockscreen.notification.NotificationMonitorService}
06-28 18:14:05.152  1114  1114 V NotificationListeners: binding: Intent { act=android.service.notification.NotificationListenerService cmp=com.baidu.searchbox/.lockscreen.notification.NotificationMonitorService (has extras) }
06-28 18:14:05.153  1114  1114 W NotificationListeners: Unable to bind notification listener service: Intent { act=android.service.notification.NotificationListenerService cmp=com.baidu.searchbox/.lockscreen.notification.NotificationMonitorService (has extras) }
06-28 18:14:05.153  1114  1114 W NotificationListeners: Not binding notification listener service ComponentInfo{android/com.android.server.emcom.grabservice.NotificationListener}: service not found
06-28 18:14:05.153  1114  1114 W NotificationAssistants: rebindServices() ignore for NotificationAssistantService
06-28 18:14:05.153  1114  1114 D SecurityProfileService: updatePackageInformation,packageName:com.mixgo.PropertySEO
06-28 18:14:05.154  1114  1114 D SecurityProfileService: updateDomainPolicies,packageList:[com.mixgo.PropertySEO]
06-28 18:14:05.154  1114  1114 D SecurityProfileService: resolveActiveDomainPolicies packageName com.mixgo.PropertySEO
06-28 18:14:05.154  1114  1114 D SecurityProfileUtils: getInstalledApkPath name success,packageName:com.mixgo.PropertySEO,userId:0,ApkPath:/data/app/com.mixgo.PropertySEO-N5MdOtQqktpd1xg-WxO0Zw==/base.apk
06-28 18:14:05.154  1114  1114 D SecurityProfileService: selected1 policy:{"labels":[]}
06-28 18:14:05.154  1114  1114 D SecurityProfileService: selected2 policy:{"labels":[]}
06-28 18:14:05.155  1114  1114 D SecurityProfileDB: writing: {
06-28 18:14:05.155  1114  1114 D SecurityProfileDB:     "overlay_labels": {},
06-28 18:14:05.155  1114  1114 D SecurityProfileDB:     "domains": {
06-28 18:14:05.155  1114  1114 D SecurityProfileDB:         "com.huawei.smarthome": {
06-28 18:14:05.155  1114  1114 D SecurityProfileDB:             "policy_version": 6,
06-28 18:14:05.155  1114  1114 D SecurityProfileDB:             "apk_digest": {
06-28 18:14:05.155  1114  1114 D SecurityProfileDB:                 "digest_algorithm": "SHA-256",
06-28 18:14:05.155  1114  1114 D SecurityProfileDB:                 "digest": "8kAADpcRny0My5sa9TarBImvXnGs4epGshhmrbOt2Js=",
06-28 18:14:05.155  1114  1114 D SecurityProfileDB:                 "signature_scheme": "v2"
06-28 18:14:05.155  1114  1114 D SecurityProfileDB:             },
06-28 18:14:05.155  1114  1114 D SecurityProfileDB:             "rules": [],
06-28 18:14:05.155  1114  1114 D SecurityProfileDB:             "labels": [
06-28 18:14:05.155  1114  1114 D SecurityProfileDB:                 "NORMAL"
06-28 18:14:05.155  1114  1114 D SecurityProfileDB:             ]
06-28 18:14:05.155  1114  1114 D SecurityProfileDB:         },
06-28 18:14:05.155  1114  1114 D SecurityProfileDB:         "com.ximalaya.ting.android": {
06-28 18:14:05.155  1114  1114 D SecurityProfileDB:             "policy_version": 2,
06-28 18:14:05.155  1114  1114 D SecurityProfileDB:             "apk_digest": {
06-28 18:14:05.155  1114  1114 D SecurityProfileDB:                 "digest_algorithm": "SHA-256",
06-28 18:14:05.155  1114  1114 D SecurityProfileDB:                 "digest": "ltEwA2NUWdvMg5xpCVbO2OYvn5VUqmcGgsUQtvGID08=",
06-28 18:14:05.155  1114  1114 D SecurityProfileDB:                 "signature_scheme": "v2"
06-28 18:14:05.155  1114  1114 D SecurityProfileDB:             },
06-28 18:14:05.155  1114  1114 D SecurityProfileDB:             "rules": [],
06-28 18:14:05.155  1114  1114 D SecurityProfileDB:             "labels": [
06-28 18:14:05.155  1114  1114 D SecurityProfileDB:                 "NORMAL"
06-28 18:14:05.155  1114  1114 D SecurityProfileDB:             ]
06-28 18:14:05.155  1114  1114 D SecurityProfileDB:         },
06-28 18:14:05.155  1114  1114 D SecurityProfileDB:         "com.vmall.client": {
06-28 18:14:05.155  1114  1114 D SecurityProfileDB:             "policy_version": 3,
06-28 18:14:05.155  1114  1114 D SecurityProfileDB:             "apk_digest": {
06-28 18:14:05.155  1114  1114 D SecurityProfileDB:                 "digest_algorithm": "SHA-256",
06-28 18:14:05.155  1114  1114 D SecurityProfileDB:                 "digest": "MjshbEeBIuhNyAmxiJ8bUyQbdfOiMe4LVrdpyfyBLck=",
06-28 18:14:05.155  1114  1114 D SecurityProfileDB:                 "signature_scheme": "v2"
06-28 18:14:05.155  1114  1114 D SecurityProfileDB:             },
06-28 18:14:05.155  1114  1114 D SecurityProfileDB:             "rules": [],
06-28 18:14:05.155  1114  1114 D SecurityProfileDB:             "labels": [
06-28 18:14:05.155  1114  1114 D SecurityProfileDB:                 "NORMAL"
06-28 18:14:05.155  1114  1114 D SecurityProfileDB:             ]
06-28 18:14:05.155  1114  1114 D SecurityProfileDB:         },
06-28 18:14:05.155  1114  1114 D SecurityProfileDB:         "com.sankuai.meituan": {
06-28 18:14:05.155  1114  1114 D SecurityProfileDB:             "policy_version": 3,
06-28 18:14:05.155  1114  1114 D SecurityProfileDB:             "apk_digest": {
06-28 18:14:05.155  1114  1114 D SecurityProfileDB:                 "digest_algorithm": "SHA-256",
06-28 18:14:05.155  1114  1114 D SecurityProfileDB:                 "digest": "DKU1i0LxsGMELL1XP+nvBf2tmfscYNMyOD1Wcn81I\/g=",
06-28 18:14:05.155  1114  1114 D SecurityProfileDB:                 "signature_scheme": "v2"
06-28 18:14:05.155  1114  1114 D SecurityProfileDB:             },
06-28 18:14:05.155  1114  1114 D SecurityProfileDB:             "rules": [],
06-28 18:14:05.155  1114  1114 D SecurityProfileDB:             "labels": [
06-28 18:14:05.155  1114  1114 D SecurityProfileDB:                 "NORMAL"
06-28 18:14:05.155  1114  1114 D SecurityProfileDB:             ]
06-28 18:14:05.155  1114  1114 D SecurityProfileDB:         },
06-28 18:14:05.155  1114  1114 D SecurityProfileDB:         "com.sina.weibo": {
06-28 18:14:05.155  1114  1114 D SecurityProfileDB:             "policy_version": 2,
06-28 18:14:05.155  1114  1114 D SecurityProfileDB:             "apk_digest": {
06-28 18:14:05.155  1114  1114 D SecurityProfileDB:                 "digest_algorithm": "SHA-256",
06-28 18:14:05.155  1114  1114 D SecurityProfileDB:                 "digest": "l944bQfPHpM2fV55AYaYSJEECMdSHqTgLq9mpTzbsdM=",
06-28 18:14:05.155  1114  1114 D SecurityProfileDB:                 "signature_scheme": "v1_manifest"
06-28 18:14:05.155  1114  1114 D SecurityProfileDB:             },
06-28 18:14:05.155  1114  1114 D SecurityProfileDB:             "rules": [],
06-28 18:14:05.155  1114  1114 D SecurityProfileDB:             "labels": [
06-28 18:14:05.155  1114  1114 D SecurityProfileDB:                 "NORMAL"
06-28 18:14:05.155  1114  1114 D SecurityProfileDB:             ]
06-28 18:14:05.155  1114  1114 D SecurityProfileDB:         },
06-28 18:14:05.155  1114  1114 D SecurityProfileDB:         "com.jingdong.app.mall": {
06-28 18:14:05.155  1114  1114 D SecurityProfileDB:             "policy_version": 5,
06-28 18:14:05.155  1114  1114 D SecurityProfileDB:             "apk_digest": {
06-28 18:14:05.155  1114  1114 D SecurityProfileDB:                 "digest_algorithm": "SHA-256",
06-28 18:14:05.155  1114  1114 D SecurityProfileDB:                 "digest": "99vPRWT72SI4wpJtYTyp73R7n8DsnfCYKdJeFo\/XwQ4=",
06-28 18:14:05.155  1114  1114 D SecurityProfileDB:                 "signature_scheme": "v2"
06-28 18:14:05.155  1114  1114 D SecurityProfileDB:             },
06-28 18:14:05.155  1114  1114 D SecurityProfileDB:             "rules": [],
06-28 18:14:05.155  1114  1114 D SecurityProfileDB:             "labels": [
06-28 18:14:05.155  1114  1114 D SecurityProfileDB:                 "NORMAL"
06-28 18:14:05.155  1114  1114 D SecurityProfileDB:             ]
06-28 18:14:05.155  1114  1114 D SecurityProfileDB:         },
06-28 18:14:05.155  1114  1114 D SecurityProfileDB:         "com.huawei.skytone": {
06-28 18:14:05.155  1114  1114 D SecurityProfileDB:             "policy_version": 5,
06-28 18:14:05.155  1114  1114 D SecurityProfileDB:             "apk_digest": {
06-28 18:14:05.155  1114  1114 D SecurityProfileDB:                 "digest_algorithm": "SHA-256",
06-28 18:14:05.155  1114  1114 D SecurityProfileDB:                 "digest": "bQkvtDA621g+R22lmNBqKIBF1uTK9VrNkTR2wBkOVlo=",
06-28 18:14:05.155  1114  1114 D SecurityProfileDB:                 "signature_scheme": "v1_manifest"
06-28 18:14:05.155  1114  1114 D SecurityProfileDB:             },
06-28 18:14:05.155  1114  1114 D SecurityProfileDB:             "rules": [],
06-28 18:14:05.155  1114  1114 D SecurityProfileDB:             "labels": [
06-28 18:14:05.155  1114  1114 D SecurityProfileDB:                 "NORMAL"
06-28 18:14:05.155  1114  1114 D SecurityProfileDB:             ]
06-28 18:14:05.155  1114  1114 D SecurityProfileDB:         },
06-28 18:14:05.155  1114  1114 D SecurityProfileDB:         "com.netease.cloudmusic": {
06-28 18:14:05.155  1114  1114 D SecurityProfileDB:             "policy_version": 2,
06-28 18:14:05.155  1114  1114 D SecurityProfileDB:             "apk_digest": {
06-28 18:14:05.155  1114  1114 D SecurityProfileDB:                 "digest_algorithm": "SHA-256",
06-28 18:14:05.155  1114  1114 D SecurityProfileDB:                 "digest": "AyxPO+T8EMGK\/g8wVSPiiO2znTSj\/u2HjrUHL94IaQI=",
06-28 18:14:05.155  1114  1114 D SecurityProfileDB:                 "signature_scheme": "v2"
06-28 18:14:05.155  1114  1114 D SecurityProfileDB:             },
06-28 18:14:05.155  1114  1114 D SecurityProfileDB:             "rules": [],
06-28 18:14:05.155  1114  1114 D SecurityProfileDB:             "labels": [
06-28 18:14:05.155  1114  1114 D SecurityProfileDB:                 "NORMAL"
06-28 18:14:05.155  1114  1114 D SecurityProfileDB:             ]
06-28 18:14:05.155  1114  1114 D SecurityProfileDB:         },
06-28 18:14:05.155  1114  1114 D SecurityProfileDB:         "com.taobao.taobao": {
06-28 18:14:05.155  1114  1114 D SecurityProfileDB:             "policy_version": 3,
06-28 18:14:05.155  1114  1114 D SecurityProfileDB:             "apk_digest": {
06-28 18:14:05.155  1114  1114 D SecurityProfileDB:                 "digest_algorithm": "SHA-256",
06-28 18:14:05.155  1114  1114 D SecurityProfileDB:                 "digest": "Yc7yPxAixudfqvGFqS0oj7SvZRpuvuvMlU44navCvW8=",
06-28 18:14:05.155  1114  1114 D SecurityProfileDB:                 "signature_scheme": "v2"
06-28 18:14:05.155  1114  1114 D SecurityProfileDB:             },
06-28 18:14:05.155  1114  1114 D SecurityProfileDB:             "rules": [],
06-28 18:14:05.155  1114  1114 D SecurityProfileDB:             "labels": [
06-28 18:14:05.155  1114  1114 D SecurityProfileDB:                 "NORMAL"
06-28 18:14:05.155  1114  1114 D SecurityProfileDB:             ]
06-28 18:14:05.155  1114  1114 D SecurityProfileDB:         },
06-28 18:14:05.155  1114  1114 D SecurityProfileDB:         "com.microsoft.translator": {
06-28 18:14:05.155  1114  1114 D SecurityProfileDB:             "policy_version": 3,
06-28 18:14:05.155  1114  1114 D SecurityProfileDB:             "apk_digest": {
06-28 18:14:05.155  1114  1114 D SecurityProfileDB:                 "digest_algorithm": "SHA-256",
06-28 18:14:05.155  1114  1114 D SecurityProfileDB:                 "digest": "h7kdJ8VdY8vQT9aOfNo\/9PNwLECu4pmbofPgVoqUMM0=",
06-28 18:14:05.155  1114  1114 D SecurityProfileDB:                 "signature_scheme": "v1_manifest"
06-28 18:14:05.155  1114  1114 D SecurityProfileDB:             },
06-28 18:14:05.155  1114  1114 D SecurityProfileDB:             "rules": [],
06-28 18:14:05.155  1114  1114 D SecurityProfileDB:             "labels": [
06-28 18:14:05.155  1114  1114 D SecurityProfileDB:                 "NORMAL"
06-28 18:14:05.155  1114  1114 D SecurityProfileDB:             ]
06-28 18:14:05.155  1114  1114 D SecurityProfileDB:         },
06-28 18:14:05.155  1114  1114 D SecurityProfileDB:         "com.ss.android.article.news": {
06-28 18:14:05.155  1114  1114 D SecurityProfileDB:             "policy_version": 5,
06-28 18:14:05.155  1114  1114 D SecurityProfileDB:             "apk_digest": {
